--------------+------------------------------------------------
 Host IP      | 10.244.54.23
 PyTorch      | 2.4.0a0+git4451b0e
 Torch-SDAA   | 20250616.14.30.dev0+git35328dc
--------------+------------------------------------------------
 SDAA Driver  | 2.1.0 (N/A)
 SDAA Runtime | 2.1.0 (/opt/tecoai/lib64/libsdaart.so)
 SDPTI        | 1.4.0b0 (/opt/tecoai/lib64/libsdpti.so)
 TecoDNN      | 2.2.0b0 (/opt/tecoai/lib64/libtecodnn.so)
 TecoBLAS     | 2.2.0b0 (/opt/tecoai/lib64/libtecoblas.so)
 CustomDNN    | 1.20.0a0 (/opt/tecoai/lib64/libtecodnn_ext.so)
 TecoRAND     | 2.0.1 (/opt/tecoai/lib64/libtecorand.so)
 TCCL         | 1.23.0 (/opt/tecoai/lib64/libtccl.so)
--------------+------------------------------------------------
/data/bigc-data/wyc/wyc_mmlab4/lib/python3.10/site-packages/mmengine/optim/optimizer/zero_optimizer.py:11: DeprecationWarning: `TorchScript` support for functional optimizers is deprecated and will be removed in a future PyTorch release. Consider using the `torch.compile` optimizer instead.
  from torch.distributed.optim import \
07/17 02:20:46 - mmengine - INFO - 
------------------------------------------------------------
System environment:
    sys.platform: linux
    Python: 3.10.16 (main, Dec 11 2024, 16:24:50) [GCC 11.2.0]
    CUDA available: False
    MUSA available: False
    numpy_random_seed: 244769773
    GCC: gcc (Ubuntu 11.4.0-1ubuntu1~22.04) 11.4.0
    PyTorch: 2.4.0a0+git4451b0e
    PyTorch compiling details: PyTorch built with:
  - GCC 11.5
  - C++ Version: 201703
  - Intel(R) oneAPI Math Kernel Library Version 2025.0-Product Build 20241009 for Intel(R) 64 architecture applications
  - Intel(R) MKL-DNN v3.4.2 (Git Hash 1137e04ec0b5251ca2b4400a4fd3c667ce843d67)
  - OpenMP 201511 (a.k.a. OpenMP 4.5)
  - LAPACK is enabled (usually provided by MKL)
  - NNPACK is enabled
  - CPU capability usage: AVX512
  - Build settings: BLAS_INFO=mkl, BUILD_TYPE=Release, CXX_COMPILER=/usr/bin/g++, CXX_FLAGS= -D_GLIBCXX_USE_CXX11_ABI=1 -fvisibility-inlines-hidden -DUSE_PTHREADPOOL -DNDEBUG -DUSE_KINETO -DLIBKINETO_NOCUPTI -DLIBKINETO_NOROCTRACER -DUSE_FBGEMM -DUSE_PYTORCH_QNNPACK -DUSE_XNNPACK -DSYMBOLICATE_MOBILE_DEBUG_HANDLE -O2 -fPIC -Wall -Wextra -Werror=return-type -Werror=non-virtual-dtor -Werror=range-loop-construct -Werror=bool-operation -Wnarrowing -Wno-missing-field-initializers -Wno-type-limits -Wno-array-bounds -Wno-unknown-pragmas -Wno-unused-parameter -Wno-unused-function -Wno-unused-result -Wno-strict-overflow -Wno-strict-aliasing -Wno-stringop-overflow -Wsuggest-override -Wno-psabi -Wno-error=pedantic -Wno-error=old-style-cast -Wno-missing-braces -fdiagnostics-color=always -faligned-new -Wno-unused-but-set-variable -Wno-maybe-uninitialized -fno-math-errno -fno-trapping-math -Werror=format -Wno-stringop-overflow, FORCE_FALLBACK_CUDA_MPI=1, LAPACK_INFO=mkl, PERF_WITH_AVX=1, PERF_WITH_AVX2=1, PERF_WITH_AVX512=1, TORCH_VERSION=2.4.0, USE_CUDA=OFF, USE_CUDNN=OFF, USE_CUSPARSELT=OFF, USE_EXCEPTION_PTR=1, USE_GFLAGS=OFF, USE_GLOG=OFF, USE_GLOO=ON, USE_MKL=ON, USE_MKLDNN=1, USE_MPI=ON, USE_NCCL=OFF, USE_NNPACK=ON, USE_OPENMP=ON, USE_ROCM=OFF, USE_ROCM_KERNEL_ASSERT=OFF, 

    TorchVision: 0.15.1a0+42759b1
    OpenCV: 4.11.0
    MMEngine: 0.10.4

Runtime environment:
    cudnn_benchmark: False
    mp_cfg: {'mp_start_method': 'fork', 'opencv_num_threads': 0}
    dist_cfg: {'backend': 'nccl'}
    seed: 244769773
    Distributed launcher: none
    Distributed training: False
    GPU number: 1
------------------------------------------------------------

07/17 02:20:47 - mmengine - INFO - Config:
auto_scale_lr = dict(base_batch_size=16, enable=False)
backend_args = None
data_root = '/data/teco-data/coco/'
dataset_type = 'CocoDataset'
default_hooks = dict(
    checkpoint=dict(interval=1, type='CheckpointHook'),
    logger=dict(interval=50, type='LoggerHook'),
    param_scheduler=dict(type='ParamSchedulerHook'),
    sampler_seed=dict(type='DistSamplerSeedHook'),
    timer=dict(type='IterTimerHook'),
    visualization=dict(type='DetVisualizationHook'))
default_scope = 'mmdet'
env_cfg = dict(
    cudnn_benchmark=False,
    dist_cfg=dict(backend='nccl'),
    mp_cfg=dict(mp_start_method='fork', opencv_num_threads=0))
lang_model_name = '/data/teco-data/bert-base-uncased'
launcher = 'none'
load_from = 'https://download.openmmlab.com/mmdetection/v3.0/glip/glip_tiny_a_mmdet-b3654169.pth'
log_level = 'INFO'
log_processor = dict(by_epoch=True, type='LogProcessor', window_size=50)
model = dict(
    backbone=dict(
        attn_drop_rate=0.0,
        convert_weights=False,
        depths=[
            2,
            2,
            6,
            2,
        ],
        drop_path_rate=0.2,
        drop_rate=0.0,
        embed_dims=96,
        mlp_ratio=4,
        num_heads=[
            3,
            6,
            12,
            24,
        ],
        out_indices=(
            1,
            2,
            3,
        ),
        patch_norm=True,
        qk_scale=None,
        qkv_bias=True,
        type='SwinTransformer',
        window_size=7,
        with_cp=False),
    bbox_head=dict(
        anchor_generator=dict(
            center_offset=0.5,
            octave_base_scale=8,
            ratios=[
                1.0,
            ],
            scales_per_octave=1,
            strides=[
                8,
                16,
                32,
                64,
                128,
            ],
            type='AnchorGenerator'),
        bbox_coder=dict(
            target_means=[
                0.0,
                0.0,
                0.0,
                0.0,
            ],
            target_stds=[
                0.1,
                0.1,
                0.2,
                0.2,
            ],
            type='DeltaXYWHBBoxCoderForGLIP'),
        feat_channels=256,
        in_channels=256,
        lang_model_name='/data/teco-data/bert-base-uncased',
        loss_bbox=dict(loss_weight=2.0, type='GIoULoss'),
        loss_centerness=dict(
            loss_weight=1.0, type='CrossEntropyLoss', use_sigmoid=True),
        loss_cls=dict(
            alpha=0.25,
            gamma=2.0,
            loss_weight=1.0,
            type='FocalLoss',
            use_sigmoid=True),
        num_classes=80,
        type='ATSSVLFusionHead'),
    data_preprocessor=dict(
        bgr_to_rgb=False,
        mean=[
            103.53,
            116.28,
            123.675,
        ],
        pad_size_divisor=32,
        std=[
            57.375,
            57.12,
            58.395,
        ],
        type='DetDataPreprocessor'),
    language_model=dict(
        name='/data/teco-data/bert-base-uncased', type='BertModel'),
    neck=dict(
        add_extra_convs='on_output',
        in_channels=[
            192,
            384,
            768,
        ],
        num_outs=5,
        out_channels=256,
        relu_before_extra_convs=True,
        start_level=0,
        type='FPN_DropBlock'),
    test_cfg=dict(
        max_per_img=100,
        min_bbox_size=0,
        nms=dict(iou_threshold=0.6, type='nms'),
        nms_pre=1000,
        score_thr=0.05),
    train_cfg=dict(
        allowed_border=-1,
        assigner=dict(
            iou_calculator=dict(type='BboxOverlaps2D_GLIP'),
            topk=9,
            type='ATSSAssigner'),
        debug=False,
        pos_weight=-1),
    type='GLIP')
optim_wrapper = dict(
    clip_grad=None,
    optimizer=dict(
        betas=(
            0.9,
            0.999,
        ), lr=2e-05, type='AdamW', weight_decay=0.05),
    paramwise_cfg=dict(
        custom_keys=dict(
            absolute_pos_embed=dict(decay_mult=0.0),
            norm=dict(decay_mult=0.0),
            relative_position_bias_table=dict(decay_mult=0.0))),
    type='OptimWrapper')
param_scheduler = [
    dict(
        begin=0, by_epoch=False, end=500, start_factor=0.001, type='LinearLR'),
    dict(
        begin=0,
        by_epoch=True,
        end=12,
        gamma=0.1,
        milestones=[
            8,
            11,
        ],
        type='MultiStepLR'),
]
resume = False
test_cfg = dict(type='TestLoop')
test_dataloader = dict(
    batch_size=1,
    dataset=dict(
        ann_file='annotations/instances_val2017.json',
        backend_args=None,
        data_prefix=dict(img='val2017/'),
        data_root='/data/teco-data/coco/',
        pipeline=[
            dict(
                backend_args=None,
                imdecode_backend='pillow',
                type='LoadImageFromFile'),
            dict(
                backend='pillow',
                keep_ratio=True,
                scale=(
                    800,
                    1333,
                ),
                type='FixScaleResize'),
            dict(type='LoadAnnotations', with_bbox=True),
            dict(
                meta_keys=(
                    'img_id',
                    'img_path',
                    'ori_shape',
                    'img_shape',
                    'scale_factor',
                    'text',
                    'custom_entities',
                ),
                type='PackDetInputs'),
        ],
        return_classes=True,
        test_mode=True,
        type='CocoDataset'),
    drop_last=False,
    num_workers=2,
    persistent_workers=True,
    sampler=dict(shuffle=False, type='DefaultSampler'))
test_evaluator = dict(
    ann_file='/data/teco-data/coco/annotations/instances_val2017.json',
    backend_args=None,
    format_only=False,
    metric='bbox',
    type='CocoMetric')
test_pipeline = [
    dict(
        backend_args=None, imdecode_backend='pillow',
        type='LoadImageFromFile'),
    dict(
        backend='pillow',
        keep_ratio=True,
        scale=(
            800,
            1333,
        ),
        type='FixScaleResize'),
    dict(type='LoadAnnotations', with_bbox=True),
    dict(
        meta_keys=(
            'img_id',
            'img_path',
            'ori_shape',
            'img_shape',
            'scale_factor',
            'text',
            'custom_entities',
        ),
        type='PackDetInputs'),
]
train_cfg = dict(max_epochs=12, type='EpochBasedTrainLoop', val_interval=1)
train_dataloader = dict(
    batch_sampler=dict(type='AspectRatioBatchSampler'),
    batch_size=2,
    dataset=dict(
        dataset=dict(
            ann_file='annotations/instances_train2017.json',
            backend_args=None,
            data_prefix=dict(img='train2017/'),
            data_root='/data/teco-data/coco/',
            filter_cfg=dict(filter_empty_gt=True, min_size=32),
            pipeline=[
                dict(
                    backend_args=None,
                    imdecode_backend='pillow',
                    type='LoadImageFromFile'),
                dict(type='LoadAnnotations', with_bbox=True),
                dict(type='GTBoxSubOne_GLIP'),
                dict(
                    backend='pillow',
                    keep_ratio=True,
                    resize_type='FixScaleResize',
                    scales=[
                        (
                            1333,
                            480,
                        ),
                        (
                            1333,
                            560,
                        ),
                        (
                            1333,
                            640,
                        ),
                        (
                            1333,
                            720,
                        ),
                        (
                            1333,
                            800,
                        ),
                    ],
                    type='RandomChoiceResize'),
                dict(prob=0.5, type='RandomFlip_GLIP'),
                dict(min_gt_bbox_wh=(
                    1,
                    1,
                ), type='FilterAnnotations'),
                dict(
                    meta_keys=(
                        'img_id',
                        'img_path',
                        'ori_shape',
                        'img_shape',
                        'scale_factor',
                        'flip',
                        'flip_direction',
                        'text',
                        'custom_entities',
                    ),
                    type='PackDetInputs'),
            ],
            return_classes=True,
            type='CocoDataset'),
        times=2,
        type='RepeatDataset'),
    num_workers=2,
    persistent_workers=True,
    sampler=dict(shuffle=True, type='DefaultSampler'))
train_pipeline = [
    dict(
        backend_args=None, imdecode_backend='pillow',
        type='LoadImageFromFile'),
    dict(type='LoadAnnotations', with_bbox=True),
    dict(type='GTBoxSubOne_GLIP'),
    dict(
        backend='pillow',
        keep_ratio=True,
        resize_type='FixScaleResize',
        scales=[
            (
                1333,
                480,
            ),
            (
                1333,
                560,
            ),
            (
                1333,
                640,
            ),
            (
                1333,
                720,
            ),
            (
                1333,
                800,
            ),
        ],
        type='RandomChoiceResize'),
    dict(prob=0.5, type='RandomFlip_GLIP'),
    dict(min_gt_bbox_wh=(
        1,
        1,
    ), type='FilterAnnotations'),
    dict(
        meta_keys=(
            'img_id',
            'img_path',
            'ori_shape',
            'img_shape',
            'scale_factor',
            'flip',
            'flip_direction',
            'text',
            'custom_entities',
        ),
        type='PackDetInputs'),
]
val_cfg = dict(type='ValLoop')
val_dataloader = dict(
    batch_size=1,
    dataset=dict(
        ann_file='annotations/instances_val2017.json',
        backend_args=None,
        data_prefix=dict(img='val2017/'),
        data_root='/data/teco-data/coco/',
        pipeline=[
            dict(
                backend_args=None,
                imdecode_backend='pillow',
                type='LoadImageFromFile'),
            dict(
                backend='pillow',
                keep_ratio=True,
                scale=(
                    800,
                    1333,
                ),
                type='FixScaleResize'),
            dict(type='LoadAnnotations', with_bbox=True),
            dict(
                meta_keys=(
                    'img_id',
                    'img_path',
                    'ori_shape',
                    'img_shape',
                    'scale_factor',
                    'text',
                    'custom_entities',
                ),
                type='PackDetInputs'),
        ],
        return_classes=True,
        test_mode=True,
        type='CocoDataset'),
    drop_last=False,
    num_workers=2,
    persistent_workers=True,
    sampler=dict(shuffle=False, type='DefaultSampler'))
val_evaluator = dict(
    ann_file='/data/teco-data/coco/annotations/instances_val2017.json',
    backend_args=None,
    format_only=False,
    metric='bbox',
    type='CocoMetric')
vis_backends = [
    dict(type='LocalVisBackend'),
]
visualizer = dict(
    name='visualizer',
    type='DetLocalVisualizer',
    vis_backends=[
        dict(type='LocalVisBackend'),
    ])
work_dir = './work_dirs/glip_atss_swin-t_a_fpn_dyhead_16xb2_ms-2x_funtune_coco'

07/17 02:20:54 - mmengine - INFO - Distributed training is not used, all SyncBatchNorm (SyncBN) layers in the model will be automatically reverted to BatchNormXd layers if they are used.
07/17 02:20:54 - mmengine - INFO - Hooks will be executed in the following order:
before_run:
(VERY_HIGH   ) RuntimeInfoHook                    
(BELOW_NORMAL) LoggerHook                         
 -------------------- 
before_train:
(VERY_HIGH   ) RuntimeInfoHook                    
(NORMAL      ) IterTimerHook                      
(VERY_LOW    ) CheckpointHook                     
 -------------------- 
before_train_epoch:
(VERY_HIGH   ) RuntimeInfoHook                    
(NORMAL      ) IterTimerHook                      
(NORMAL      ) DistSamplerSeedHook                
 -------------------- 
before_train_iter:
(VERY_HIGH   ) RuntimeInfoHook                    
(NORMAL      ) IterTimerHook                      
 -------------------- 
after_train_iter:
(VERY_HIGH   ) RuntimeInfoHook                    
(NORMAL      ) IterTimerHook                      
(BELOW_NORMAL) LoggerHook                         
(LOW         ) ParamSchedulerHook                 
(VERY_LOW    ) CheckpointHook                     
 -------------------- 
after_train_epoch:
(NORMAL      ) IterTimerHook                      
(LOW         ) ParamSchedulerHook                 
(VERY_LOW    ) CheckpointHook                     
 -------------------- 
before_val:
(VERY_HIGH   ) RuntimeInfoHook                    
 -------------------- 
before_val_epoch:
(NORMAL      ) IterTimerHook                      
 -------------------- 
before_val_iter:
(NORMAL      ) IterTimerHook                      
 -------------------- 
after_val_iter:
(NORMAL      ) IterTimerHook                      
(NORMAL      ) DetVisualizationHook               
(BELOW_NORMAL) LoggerHook                         
 -------------------- 
after_val_epoch:
(VERY_HIGH   ) RuntimeInfoHook                    
(NORMAL      ) IterTimerHook                      
(BELOW_NORMAL) LoggerHook                         
(LOW         ) ParamSchedulerHook                 
(VERY_LOW    ) CheckpointHook                     
 -------------------- 
after_val:
(VERY_HIGH   ) RuntimeInfoHook                    
 -------------------- 
after_train:
(VERY_HIGH   ) RuntimeInfoHook                    
(VERY_LOW    ) CheckpointHook                     
 -------------------- 
before_test:
(VERY_HIGH   ) RuntimeInfoHook                    
 -------------------- 
before_test_epoch:
(NORMAL      ) IterTimerHook                      
 -------------------- 
before_test_iter:
(NORMAL      ) IterTimerHook                      
 -------------------- 
after_test_iter:
(NORMAL      ) IterTimerHook                      
(NORMAL      ) DetVisualizationHook               
(BELOW_NORMAL) LoggerHook                         
 -------------------- 
after_test_epoch:
(VERY_HIGH   ) RuntimeInfoHook                    
(NORMAL      ) IterTimerHook                      
(BELOW_NORMAL) LoggerHook                         
 -------------------- 
after_test:
(VERY_HIGH   ) RuntimeInfoHook                    
 -------------------- 
after_run:
(BELOW_NORMAL) LoggerHook                         
 -------------------- 
loading annotations into memory...
Done (t=23.55s)
creating index...
index created!
07/17 02:21:53 - mmengine - INFO - paramwise_options -- backbone.patch_embed.norm.weight:lr=2e-05
07/17 02:21:53 - mmengine - INFO - paramwise_options -- backbone.patch_embed.norm.weight:weight_decay=0.0
07/17 02:21:53 - mmengine - INFO - paramwise_options -- backbone.patch_embed.norm.weight:decay_mult=0.0
07/17 02:21:53 - mmengine - INFO - paramwise_options -- backbone.patch_embed.norm.bias:lr=2e-05
07/17 02:21:53 - mmengine - INFO - paramwise_options -- backbone.patch_embed.norm.bias:weight_decay=0.0
07/17 02:21:53 - mmengine - INFO - paramwise_options -- backbone.patch_embed.norm.bias:decay_mult=0.0
07/17 02:21:53 - mmengine - INFO - paramwise_options -- backbone.stages.0.blocks.0.norm1.weight:lr=2e-05
07/17 02:21:53 - mmengine - INFO - paramwise_options -- backbone.stages.0.blocks.0.norm1.weight:weight_decay=0.0
07/17 02:21:53 - mmengine - INFO - paramwise_options -- backbone.stages.0.blocks.0.norm1.weight:decay_mult=0.0
07/17 02:21:53 - mmengine - INFO - paramwise_options -- backbone.stages.0.blocks.0.norm1.bias:lr=2e-05
07/17 02:21:53 - mmengine - INFO - paramwise_options -- backbone.stages.0.blocks.0.norm1.bias:weight_decay=0.0
07/17 02:21:53 - mmengine - INFO - paramwise_options -- backbone.stages.0.blocks.0.norm1.bias:decay_mult=0.0
07/17 02:21:53 - mmengine - INFO - paramwise_options -- backbone.stages.0.blocks.0.attn.w_msa.relative_position_bias_table:lr=2e-05
07/17 02:21:53 - mmengine - INFO - paramwise_options -- backbone.stages.0.blocks.0.attn.w_msa.relative_position_bias_table:weight_decay=0.0
07/17 02:21:53 - mmengine - INFO - paramwise_options -- backbone.stages.0.blocks.0.attn.w_msa.relative_position_bias_table:decay_mult=0.0
07/17 02:21:53 - mmengine - INFO - paramwise_options -- backbone.stages.0.blocks.0.norm2.weight:lr=2e-05
07/17 02:21:53 - mmengine - INFO - paramwise_options -- backbone.stages.0.blocks.0.norm2.weight:weight_decay=0.0
07/17 02:21:53 - mmengine - INFO - paramwise_options -- backbone.stages.0.blocks.0.norm2.weight:decay_mult=0.0
07/17 02:21:53 - mmengine - INFO - paramwise_options -- backbone.stages.0.blocks.0.norm2.bias:lr=2e-05
07/17 02:21:53 - mmengine - INFO - paramwise_options -- backbone.stages.0.blocks.0.norm2.bias:weight_decay=0.0
07/17 02:21:53 - mmengine - INFO - paramwise_options -- backbone.stages.0.blocks.0.norm2.bias:decay_mult=0.0
07/17 02:21:53 - mmengine - INFO - paramwise_options -- backbone.stages.0.blocks.1.norm1.weight:lr=2e-05
07/17 02:21:53 - mmengine - INFO - paramwise_options -- backbone.stages.0.blocks.1.norm1.weight:weight_decay=0.0
07/17 02:21:53 - mmengine - INFO - paramwise_options -- backbone.stages.0.blocks.1.norm1.weight:decay_mult=0.0
07/17 02:21:53 - mmengine - INFO - paramwise_options -- backbone.stages.0.blocks.1.norm1.bias:lr=2e-05
07/17 02:21:53 - mmengine - INFO - paramwise_options -- backbone.stages.0.blocks.1.norm1.bias:weight_decay=0.0
07/17 02:21:53 - mmengine - INFO - paramwise_options -- backbone.stages.0.blocks.1.norm1.bias:decay_mult=0.0
07/17 02:21:53 - mmengine - INFO - paramwise_options -- backbone.stages.0.blocks.1.attn.w_msa.relative_position_bias_table:lr=2e-05
07/17 02:21:53 - mmengine - INFO - paramwise_options -- backbone.stages.0.blocks.1.attn.w_msa.relative_position_bias_table:weight_decay=0.0
07/17 02:21:53 - mmengine - INFO - paramwise_options -- backbone.stages.0.blocks.1.attn.w_msa.relative_position_bias_table:decay_mult=0.0
07/17 02:21:53 - mmengine - INFO - paramwise_options -- backbone.stages.0.blocks.1.norm2.weight:lr=2e-05
07/17 02:21:53 - mmengine - INFO - paramwise_options -- backbone.stages.0.blocks.1.norm2.weight:weight_decay=0.0
07/17 02:21:53 - mmengine - INFO - paramwise_options -- backbone.stages.0.blocks.1.norm2.weight:decay_mult=0.0
07/17 02:21:53 - mmengine - INFO - paramwise_options -- backbone.stages.0.blocks.1.norm2.bias:lr=2e-05
07/17 02:21:53 - mmengine - INFO - paramwise_options -- backbone.stages.0.blocks.1.norm2.bias:weight_decay=0.0
07/17 02:21:53 - mmengine - INFO - paramwise_options -- backbone.stages.0.blocks.1.norm2.bias:decay_mult=0.0
07/17 02:21:53 - mmengine - INFO - paramwise_options -- backbone.stages.0.downsample.norm.weight:lr=2e-05
07/17 02:21:53 - mmengine - INFO - paramwise_options -- backbone.stages.0.downsample.norm.weight:weight_decay=0.0
07/17 02:21:53 - mmengine - INFO - paramwise_options -- backbone.stages.0.downsample.norm.weight:decay_mult=0.0
07/17 02:21:53 - mmengine - INFO - paramwise_options -- backbone.stages.0.downsample.norm.bias:lr=2e-05
07/17 02:21:53 - mmengine - INFO - paramwise_options -- backbone.stages.0.downsample.norm.bias:weight_decay=0.0
07/17 02:21:53 - mmengine - INFO - paramwise_options -- backbone.stages.0.downsample.norm.bias:decay_mult=0.0
07/17 02:21:53 - mmengine - INFO - paramwise_options -- backbone.stages.1.blocks.0.norm1.weight:lr=2e-05
07/17 02:21:53 - mmengine - INFO - paramwise_options -- backbone.stages.1.blocks.0.norm1.weight:weight_decay=0.0
07/17 02:21:53 - mmengine - INFO - paramwise_options -- backbone.stages.1.blocks.0.norm1.weight:decay_mult=0.0
07/17 02:21:53 - mmengine - INFO - paramwise_options -- backbone.stages.1.blocks.0.norm1.bias:lr=2e-05
07/17 02:21:53 - mmengine - INFO - paramwise_options -- backbone.stages.1.blocks.0.norm1.bias:weight_decay=0.0
07/17 02:21:53 - mmengine - INFO - paramwise_options -- backbone.stages.1.blocks.0.norm1.bias:decay_mult=0.0
07/17 02:21:53 - mmengine - INFO - paramwise_options -- backbone.stages.1.blocks.0.attn.w_msa.relative_position_bias_table:lr=2e-05
07/17 02:21:53 - mmengine - INFO - paramwise_options -- backbone.stages.1.blocks.0.attn.w_msa.relative_position_bias_table:weight_decay=0.0
07/17 02:21:53 - mmengine - INFO - paramwise_options -- backbone.stages.1.blocks.0.attn.w_msa.relative_position_bias_table:decay_mult=0.0
07/17 02:21:53 - mmengine - INFO - paramwise_options -- backbone.stages.1.blocks.0.norm2.weight:lr=2e-05
07/17 02:21:53 - mmengine - INFO - paramwise_options -- backbone.stages.1.blocks.0.norm2.weight:weight_decay=0.0
07/17 02:21:53 - mmengine - INFO - paramwise_options -- backbone.stages.1.blocks.0.norm2.weight:decay_mult=0.0
07/17 02:21:53 - mmengine - INFO - paramwise_options -- backbone.stages.1.blocks.0.norm2.bias:lr=2e-05
07/17 02:21:53 - mmengine - INFO - paramwise_options -- backbone.stages.1.blocks.0.norm2.bias:weight_decay=0.0
07/17 02:21:53 - mmengine - INFO - paramwise_options -- backbone.stages.1.blocks.0.norm2.bias:decay_mult=0.0
07/17 02:21:53 - mmengine - INFO - paramwise_options -- backbone.stages.1.blocks.1.norm1.weight:lr=2e-05
07/17 02:21:53 - mmengine - INFO - paramwise_options -- backbone.stages.1.blocks.1.norm1.weight:weight_decay=0.0
07/17 02:21:53 - mmengine - INFO - paramwise_options -- backbone.stages.1.blocks.1.norm1.weight:decay_mult=0.0
07/17 02:21:53 - mmengine - INFO - paramwise_options -- backbone.stages.1.blocks.1.norm1.bias:lr=2e-05
07/17 02:21:53 - mmengine - INFO - paramwise_options -- backbone.stages.1.blocks.1.norm1.bias:weight_decay=0.0
07/17 02:21:53 - mmengine - INFO - paramwise_options -- backbone.stages.1.blocks.1.norm1.bias:decay_mult=0.0
07/17 02:21:53 - mmengine - INFO - paramwise_options -- backbone.stages.1.blocks.1.attn.w_msa.relative_position_bias_table:lr=2e-05
07/17 02:21:53 - mmengine - INFO - paramwise_options -- backbone.stages.1.blocks.1.attn.w_msa.relative_position_bias_table:weight_decay=0.0
07/17 02:21:53 - mmengine - INFO - paramwise_options -- backbone.stages.1.blocks.1.attn.w_msa.relative_position_bias_table:decay_mult=0.0
07/17 02:21:53 - mmengine - INFO - paramwise_options -- backbone.stages.1.blocks.1.norm2.weight:lr=2e-05
07/17 02:21:53 - mmengine - INFO - paramwise_options -- backbone.stages.1.blocks.1.norm2.weight:weight_decay=0.0
07/17 02:21:53 - mmengine - INFO - paramwise_options -- backbone.stages.1.blocks.1.norm2.weight:decay_mult=0.0
07/17 02:21:53 - mmengine - INFO - paramwise_options -- backbone.stages.1.blocks.1.norm2.bias:lr=2e-05
07/17 02:21:53 - mmengine - INFO - paramwise_options -- backbone.stages.1.blocks.1.norm2.bias:weight_decay=0.0
07/17 02:21:53 - mmengine - INFO - paramwise_options -- backbone.stages.1.blocks.1.norm2.bias:decay_mult=0.0
07/17 02:21:53 - mmengine - INFO - paramwise_options -- backbone.stages.1.downsample.norm.weight:lr=2e-05
07/17 02:21:53 - mmengine - INFO - paramwise_options -- backbone.stages.1.downsample.norm.weight:weight_decay=0.0
07/17 02:21:53 - mmengine - INFO - paramwise_options -- backbone.stages.1.downsample.norm.weight:decay_mult=0.0
07/17 02:21:53 - mmengine - INFO - paramwise_options -- backbone.stages.1.downsample.norm.bias:lr=2e-05
07/17 02:21:53 - mmengine - INFO - paramwise_options -- backbone.stages.1.downsample.norm.bias:weight_decay=0.0
07/17 02:21:53 - mmengine - INFO - paramwise_options -- backbone.stages.1.downsample.norm.bias:decay_mult=0.0
07/17 02:21:53 - mmengine - INFO - paramwise_options -- backbone.stages.2.blocks.0.norm1.weight:lr=2e-05
07/17 02:21:53 - mmengine - INFO - paramwise_options -- backbone.stages.2.blocks.0.norm1.weight:weight_decay=0.0
07/17 02:21:53 - mmengine - INFO - paramwise_options -- backbone.stages.2.blocks.0.norm1.weight:decay_mult=0.0
07/17 02:21:53 - mmengine - INFO - paramwise_options -- backbone.stages.2.blocks.0.norm1.bias:lr=2e-05
07/17 02:21:53 - mmengine - INFO - paramwise_options -- backbone.stages.2.blocks.0.norm1.bias:weight_decay=0.0
07/17 02:21:53 - mmengine - INFO - paramwise_options -- backbone.stages.2.blocks.0.norm1.bias:decay_mult=0.0
07/17 02:21:53 - mmengine - INFO - paramwise_options -- backbone.stages.2.blocks.0.attn.w_msa.relative_position_bias_table:lr=2e-05
07/17 02:21:53 - mmengine - INFO - paramwise_options -- backbone.stages.2.blocks.0.attn.w_msa.relative_position_bias_table:weight_decay=0.0
07/17 02:21:53 - mmengine - INFO - paramwise_options -- backbone.stages.2.blocks.0.attn.w_msa.relative_position_bias_table:decay_mult=0.0
07/17 02:21:53 - mmengine - INFO - paramwise_options -- backbone.stages.2.blocks.0.norm2.weight:lr=2e-05
07/17 02:21:53 - mmengine - INFO - paramwise_options -- backbone.stages.2.blocks.0.norm2.weight:weight_decay=0.0
07/17 02:21:53 - mmengine - INFO - paramwise_options -- backbone.stages.2.blocks.0.norm2.weight:decay_mult=0.0
07/17 02:21:53 - mmengine - INFO - paramwise_options -- backbone.stages.2.blocks.0.norm2.bias:lr=2e-05
07/17 02:21:53 - mmengine - INFO - paramwise_options -- backbone.stages.2.blocks.0.norm2.bias:weight_decay=0.0
07/17 02:21:53 - mmengine - INFO - paramwise_options -- backbone.stages.2.blocks.0.norm2.bias:decay_mult=0.0
07/17 02:21:53 - mmengine - INFO - paramwise_options -- backbone.stages.2.blocks.1.norm1.weight:lr=2e-05
07/17 02:21:53 - mmengine - INFO - paramwise_options -- backbone.stages.2.blocks.1.norm1.weight:weight_decay=0.0
07/17 02:21:53 - mmengine - INFO - paramwise_options -- backbone.stages.2.blocks.1.norm1.weight:decay_mult=0.0
07/17 02:21:53 - mmengine - INFO - paramwise_options -- backbone.stages.2.blocks.1.norm1.bias:lr=2e-05
07/17 02:21:53 - mmengine - INFO - paramwise_options -- backbone.stages.2.blocks.1.norm1.bias:weight_decay=0.0
07/17 02:21:53 - mmengine - INFO - paramwise_options -- backbone.stages.2.blocks.1.norm1.bias:decay_mult=0.0
07/17 02:21:53 - mmengine - INFO - paramwise_options -- backbone.stages.2.blocks.1.attn.w_msa.relative_position_bias_table:lr=2e-05
07/17 02:21:53 - mmengine - INFO - paramwise_options -- backbone.stages.2.blocks.1.attn.w_msa.relative_position_bias_table:weight_decay=0.0
07/17 02:21:53 - mmengine - INFO - paramwise_options -- backbone.stages.2.blocks.1.attn.w_msa.relative_position_bias_table:decay_mult=0.0
07/17 02:21:53 - mmengine - INFO - paramwise_options -- backbone.stages.2.blocks.1.norm2.weight:lr=2e-05
07/17 02:21:53 - mmengine - INFO - paramwise_options -- backbone.stages.2.blocks.1.norm2.weight:weight_decay=0.0
07/17 02:21:53 - mmengine - INFO - paramwise_options -- backbone.stages.2.blocks.1.norm2.weight:decay_mult=0.0
07/17 02:21:53 - mmengine - INFO - paramwise_options -- backbone.stages.2.blocks.1.norm2.bias:lr=2e-05
07/17 02:21:53 - mmengine - INFO - paramwise_options -- backbone.stages.2.blocks.1.norm2.bias:weight_decay=0.0
07/17 02:21:53 - mmengine - INFO - paramwise_options -- backbone.stages.2.blocks.1.norm2.bias:decay_mult=0.0
07/17 02:21:53 - mmengine - INFO - paramwise_options -- backbone.stages.2.blocks.2.norm1.weight:lr=2e-05
07/17 02:21:53 - mmengine - INFO - paramwise_options -- backbone.stages.2.blocks.2.norm1.weight:weight_decay=0.0
07/17 02:21:53 - mmengine - INFO - paramwise_options -- backbone.stages.2.blocks.2.norm1.weight:decay_mult=0.0
07/17 02:21:53 - mmengine - INFO - paramwise_options -- backbone.stages.2.blocks.2.norm1.bias:lr=2e-05
07/17 02:21:53 - mmengine - INFO - paramwise_options -- backbone.stages.2.blocks.2.norm1.bias:weight_decay=0.0
07/17 02:21:53 - mmengine - INFO - paramwise_options -- backbone.stages.2.blocks.2.norm1.bias:decay_mult=0.0
07/17 02:21:53 - mmengine - INFO - paramwise_options -- backbone.stages.2.blocks.2.attn.w_msa.relative_position_bias_table:lr=2e-05
07/17 02:21:53 - mmengine - INFO - paramwise_options -- backbone.stages.2.blocks.2.attn.w_msa.relative_position_bias_table:weight_decay=0.0
07/17 02:21:53 - mmengine - INFO - paramwise_options -- backbone.stages.2.blocks.2.attn.w_msa.relative_position_bias_table:decay_mult=0.0
07/17 02:21:53 - mmengine - INFO - paramwise_options -- backbone.stages.2.blocks.2.norm2.weight:lr=2e-05
07/17 02:21:53 - mmengine - INFO - paramwise_options -- backbone.stages.2.blocks.2.norm2.weight:weight_decay=0.0
07/17 02:21:53 - mmengine - INFO - paramwise_options -- backbone.stages.2.blocks.2.norm2.weight:decay_mult=0.0
07/17 02:21:53 - mmengine - INFO - paramwise_options -- backbone.stages.2.blocks.2.norm2.bias:lr=2e-05
07/17 02:21:53 - mmengine - INFO - paramwise_options -- backbone.stages.2.blocks.2.norm2.bias:weight_decay=0.0
07/17 02:21:53 - mmengine - INFO - paramwise_options -- backbone.stages.2.blocks.2.norm2.bias:decay_mult=0.0
07/17 02:21:53 - mmengine - INFO - paramwise_options -- backbone.stages.2.blocks.3.norm1.weight:lr=2e-05
07/17 02:21:53 - mmengine - INFO - paramwise_options -- backbone.stages.2.blocks.3.norm1.weight:weight_decay=0.0
07/17 02:21:53 - mmengine - INFO - paramwise_options -- backbone.stages.2.blocks.3.norm1.weight:decay_mult=0.0
07/17 02:21:53 - mmengine - INFO - paramwise_options -- backbone.stages.2.blocks.3.norm1.bias:lr=2e-05
07/17 02:21:53 - mmengine - INFO - paramwise_options -- backbone.stages.2.blocks.3.norm1.bias:weight_decay=0.0
07/17 02:21:53 - mmengine - INFO - paramwise_options -- backbone.stages.2.blocks.3.norm1.bias:decay_mult=0.0
07/17 02:21:53 - mmengine - INFO - paramwise_options -- backbone.stages.2.blocks.3.attn.w_msa.relative_position_bias_table:lr=2e-05
07/17 02:21:53 - mmengine - INFO - paramwise_options -- backbone.stages.2.blocks.3.attn.w_msa.relative_position_bias_table:weight_decay=0.0
07/17 02:21:53 - mmengine - INFO - paramwise_options -- backbone.stages.2.blocks.3.attn.w_msa.relative_position_bias_table:decay_mult=0.0
07/17 02:21:53 - mmengine - INFO - paramwise_options -- backbone.stages.2.blocks.3.norm2.weight:lr=2e-05
07/17 02:21:53 - mmengine - INFO - paramwise_options -- backbone.stages.2.blocks.3.norm2.weight:weight_decay=0.0
07/17 02:21:53 - mmengine - INFO - paramwise_options -- backbone.stages.2.blocks.3.norm2.weight:decay_mult=0.0
07/17 02:21:53 - mmengine - INFO - paramwise_options -- backbone.stages.2.blocks.3.norm2.bias:lr=2e-05
07/17 02:21:53 - mmengine - INFO - paramwise_options -- backbone.stages.2.blocks.3.norm2.bias:weight_decay=0.0
07/17 02:21:53 - mmengine - INFO - paramwise_options -- backbone.stages.2.blocks.3.norm2.bias:decay_mult=0.0
07/17 02:21:53 - mmengine - INFO - paramwise_options -- backbone.stages.2.blocks.4.norm1.weight:lr=2e-05
07/17 02:21:53 - mmengine - INFO - paramwise_options -- backbone.stages.2.blocks.4.norm1.weight:weight_decay=0.0
07/17 02:21:53 - mmengine - INFO - paramwise_options -- backbone.stages.2.blocks.4.norm1.weight:decay_mult=0.0
07/17 02:21:53 - mmengine - INFO - paramwise_options -- backbone.stages.2.blocks.4.norm1.bias:lr=2e-05
07/17 02:21:53 - mmengine - INFO - paramwise_options -- backbone.stages.2.blocks.4.norm1.bias:weight_decay=0.0
07/17 02:21:53 - mmengine - INFO - paramwise_options -- backbone.stages.2.blocks.4.norm1.bias:decay_mult=0.0
07/17 02:21:53 - mmengine - INFO - paramwise_options -- backbone.stages.2.blocks.4.attn.w_msa.relative_position_bias_table:lr=2e-05
07/17 02:21:53 - mmengine - INFO - paramwise_options -- backbone.stages.2.blocks.4.attn.w_msa.relative_position_bias_table:weight_decay=0.0
07/17 02:21:53 - mmengine - INFO - paramwise_options -- backbone.stages.2.blocks.4.attn.w_msa.relative_position_bias_table:decay_mult=0.0
07/17 02:21:53 - mmengine - INFO - paramwise_options -- backbone.stages.2.blocks.4.norm2.weight:lr=2e-05
07/17 02:21:53 - mmengine - INFO - paramwise_options -- backbone.stages.2.blocks.4.norm2.weight:weight_decay=0.0
07/17 02:21:53 - mmengine - INFO - paramwise_options -- backbone.stages.2.blocks.4.norm2.weight:decay_mult=0.0
07/17 02:21:53 - mmengine - INFO - paramwise_options -- backbone.stages.2.blocks.4.norm2.bias:lr=2e-05
07/17 02:21:53 - mmengine - INFO - paramwise_options -- backbone.stages.2.blocks.4.norm2.bias:weight_decay=0.0
07/17 02:21:53 - mmengine - INFO - paramwise_options -- backbone.stages.2.blocks.4.norm2.bias:decay_mult=0.0
07/17 02:21:53 - mmengine - INFO - paramwise_options -- backbone.stages.2.blocks.5.norm1.weight:lr=2e-05
07/17 02:21:53 - mmengine - INFO - paramwise_options -- backbone.stages.2.blocks.5.norm1.weight:weight_decay=0.0
07/17 02:21:53 - mmengine - INFO - paramwise_options -- backbone.stages.2.blocks.5.norm1.weight:decay_mult=0.0
07/17 02:21:53 - mmengine - INFO - paramwise_options -- backbone.stages.2.blocks.5.norm1.bias:lr=2e-05
07/17 02:21:53 - mmengine - INFO - paramwise_options -- backbone.stages.2.blocks.5.norm1.bias:weight_decay=0.0
07/17 02:21:53 - mmengine - INFO - paramwise_options -- backbone.stages.2.blocks.5.norm1.bias:decay_mult=0.0
07/17 02:21:53 - mmengine - INFO - paramwise_options -- backbone.stages.2.blocks.5.attn.w_msa.relative_position_bias_table:lr=2e-05
07/17 02:21:53 - mmengine - INFO - paramwise_options -- backbone.stages.2.blocks.5.attn.w_msa.relative_position_bias_table:weight_decay=0.0
07/17 02:21:53 - mmengine - INFO - paramwise_options -- backbone.stages.2.blocks.5.attn.w_msa.relative_position_bias_table:decay_mult=0.0
07/17 02:21:53 - mmengine - INFO - paramwise_options -- backbone.stages.2.blocks.5.norm2.weight:lr=2e-05
07/17 02:21:53 - mmengine - INFO - paramwise_options -- backbone.stages.2.blocks.5.norm2.weight:weight_decay=0.0
07/17 02:21:53 - mmengine - INFO - paramwise_options -- backbone.stages.2.blocks.5.norm2.weight:decay_mult=0.0
07/17 02:21:53 - mmengine - INFO - paramwise_options -- backbone.stages.2.blocks.5.norm2.bias:lr=2e-05
07/17 02:21:53 - mmengine - INFO - paramwise_options -- backbone.stages.2.blocks.5.norm2.bias:weight_decay=0.0
07/17 02:21:53 - mmengine - INFO - paramwise_options -- backbone.stages.2.blocks.5.norm2.bias:decay_mult=0.0
07/17 02:21:53 - mmengine - INFO - paramwise_options -- backbone.stages.2.downsample.norm.weight:lr=2e-05
07/17 02:21:53 - mmengine - INFO - paramwise_options -- backbone.stages.2.downsample.norm.weight:weight_decay=0.0
07/17 02:21:53 - mmengine - INFO - paramwise_options -- backbone.stages.2.downsample.norm.weight:decay_mult=0.0
07/17 02:21:53 - mmengine - INFO - paramwise_options -- backbone.stages.2.downsample.norm.bias:lr=2e-05
07/17 02:21:53 - mmengine - INFO - paramwise_options -- backbone.stages.2.downsample.norm.bias:weight_decay=0.0
07/17 02:21:53 - mmengine - INFO - paramwise_options -- backbone.stages.2.downsample.norm.bias:decay_mult=0.0
07/17 02:21:53 - mmengine - INFO - paramwise_options -- backbone.stages.3.blocks.0.norm1.weight:lr=2e-05
07/17 02:21:53 - mmengine - INFO - paramwise_options -- backbone.stages.3.blocks.0.norm1.weight:weight_decay=0.0
07/17 02:21:53 - mmengine - INFO - paramwise_options -- backbone.stages.3.blocks.0.norm1.weight:decay_mult=0.0
07/17 02:21:53 - mmengine - INFO - paramwise_options -- backbone.stages.3.blocks.0.norm1.bias:lr=2e-05
07/17 02:21:53 - mmengine - INFO - paramwise_options -- backbone.stages.3.blocks.0.norm1.bias:weight_decay=0.0
07/17 02:21:53 - mmengine - INFO - paramwise_options -- backbone.stages.3.blocks.0.norm1.bias:decay_mult=0.0
07/17 02:21:53 - mmengine - INFO - paramwise_options -- backbone.stages.3.blocks.0.attn.w_msa.relative_position_bias_table:lr=2e-05
07/17 02:21:53 - mmengine - INFO - paramwise_options -- backbone.stages.3.blocks.0.attn.w_msa.relative_position_bias_table:weight_decay=0.0
07/17 02:21:53 - mmengine - INFO - paramwise_options -- backbone.stages.3.blocks.0.attn.w_msa.relative_position_bias_table:decay_mult=0.0
07/17 02:21:53 - mmengine - INFO - paramwise_options -- backbone.stages.3.blocks.0.norm2.weight:lr=2e-05
07/17 02:21:53 - mmengine - INFO - paramwise_options -- backbone.stages.3.blocks.0.norm2.weight:weight_decay=0.0
07/17 02:21:53 - mmengine - INFO - paramwise_options -- backbone.stages.3.blocks.0.norm2.weight:decay_mult=0.0
07/17 02:21:53 - mmengine - INFO - paramwise_options -- backbone.stages.3.blocks.0.norm2.bias:lr=2e-05
07/17 02:21:53 - mmengine - INFO - paramwise_options -- backbone.stages.3.blocks.0.norm2.bias:weight_decay=0.0
07/17 02:21:53 - mmengine - INFO - paramwise_options -- backbone.stages.3.blocks.0.norm2.bias:decay_mult=0.0
07/17 02:21:53 - mmengine - INFO - paramwise_options -- backbone.stages.3.blocks.1.norm1.weight:lr=2e-05
07/17 02:21:53 - mmengine - INFO - paramwise_options -- backbone.stages.3.blocks.1.norm1.weight:weight_decay=0.0
07/17 02:21:53 - mmengine - INFO - paramwise_options -- backbone.stages.3.blocks.1.norm1.weight:decay_mult=0.0
07/17 02:21:53 - mmengine - INFO - paramwise_options -- backbone.stages.3.blocks.1.norm1.bias:lr=2e-05
07/17 02:21:53 - mmengine - INFO - paramwise_options -- backbone.stages.3.blocks.1.norm1.bias:weight_decay=0.0
07/17 02:21:53 - mmengine - INFO - paramwise_options -- backbone.stages.3.blocks.1.norm1.bias:decay_mult=0.0
07/17 02:21:53 - mmengine - INFO - paramwise_options -- backbone.stages.3.blocks.1.attn.w_msa.relative_position_bias_table:lr=2e-05
07/17 02:21:53 - mmengine - INFO - paramwise_options -- backbone.stages.3.blocks.1.attn.w_msa.relative_position_bias_table:weight_decay=0.0
07/17 02:21:53 - mmengine - INFO - paramwise_options -- backbone.stages.3.blocks.1.attn.w_msa.relative_position_bias_table:decay_mult=0.0
07/17 02:21:53 - mmengine - INFO - paramwise_options -- backbone.stages.3.blocks.1.norm2.weight:lr=2e-05
07/17 02:21:53 - mmengine - INFO - paramwise_options -- backbone.stages.3.blocks.1.norm2.weight:weight_decay=0.0
07/17 02:21:53 - mmengine - INFO - paramwise_options -- backbone.stages.3.blocks.1.norm2.weight:decay_mult=0.0
07/17 02:21:53 - mmengine - INFO - paramwise_options -- backbone.stages.3.blocks.1.norm2.bias:lr=2e-05
07/17 02:21:53 - mmengine - INFO - paramwise_options -- backbone.stages.3.blocks.1.norm2.bias:weight_decay=0.0
07/17 02:21:53 - mmengine - INFO - paramwise_options -- backbone.stages.3.blocks.1.norm2.bias:decay_mult=0.0
07/17 02:21:53 - mmengine - INFO - paramwise_options -- backbone.norm1.weight:lr=2e-05
07/17 02:21:53 - mmengine - INFO - paramwise_options -- backbone.norm1.weight:weight_decay=0.0
07/17 02:21:53 - mmengine - INFO - paramwise_options -- backbone.norm1.weight:decay_mult=0.0
07/17 02:21:53 - mmengine - INFO - paramwise_options -- backbone.norm1.bias:lr=2e-05
07/17 02:21:53 - mmengine - INFO - paramwise_options -- backbone.norm1.bias:weight_decay=0.0
07/17 02:21:53 - mmengine - INFO - paramwise_options -- backbone.norm1.bias:decay_mult=0.0
07/17 02:21:53 - mmengine - INFO - paramwise_options -- backbone.norm2.weight:lr=2e-05
07/17 02:21:53 - mmengine - INFO - paramwise_options -- backbone.norm2.weight:weight_decay=0.0
07/17 02:21:53 - mmengine - INFO - paramwise_options -- backbone.norm2.weight:decay_mult=0.0
07/17 02:21:53 - mmengine - INFO - paramwise_options -- backbone.norm2.bias:lr=2e-05
07/17 02:21:53 - mmengine - INFO - paramwise_options -- backbone.norm2.bias:weight_decay=0.0
07/17 02:21:53 - mmengine - INFO - paramwise_options -- backbone.norm2.bias:decay_mult=0.0
07/17 02:21:53 - mmengine - INFO - paramwise_options -- backbone.norm3.weight:lr=2e-05
07/17 02:21:53 - mmengine - INFO - paramwise_options -- backbone.norm3.weight:weight_decay=0.0
07/17 02:21:53 - mmengine - INFO - paramwise_options -- backbone.norm3.weight:decay_mult=0.0
07/17 02:21:53 - mmengine - INFO - paramwise_options -- backbone.norm3.bias:lr=2e-05
07/17 02:21:53 - mmengine - INFO - paramwise_options -- backbone.norm3.bias:weight_decay=0.0
07/17 02:21:53 - mmengine - INFO - paramwise_options -- backbone.norm3.bias:decay_mult=0.0
loading annotations into memory...
Done (t=0.45s)
creating index...
index created!
loading annotations into memory...
Done (t=0.45s)
creating index...
index created!
07/17 02:21:55 - mmengine - WARNING - No pre-trained weights for SwinTransformer, training start from scratch
Loads checkpoint by http backend from path: https://download.openmmlab.com/mmdetection/v3.0/glip/glip_tiny_a_mmdet-b3654169.pth
The model and loaded state dict do not match exactly

unexpected key in source state_dict: backbone.norm0.weight, backbone.norm0.bias, language_model.language_backbone.body.model.embeddings.position_ids

07/17 02:22:10 - mmengine - INFO - Load checkpoint from https://download.openmmlab.com/mmdetection/v3.0/glip/glip_tiny_a_mmdet-b3654169.pth
07/17 02:22:10 - mmengine - WARNING - "FileClient" will be deprecated in future. Please use io functions in https://mmengine.readthedocs.io/en/latest/api/fileio.html#file-io
07/17 02:22:10 - mmengine - WARNING - "HardDiskBackend" is the alias of "LocalBackend" and the former will be deprecated in future.
07/17 02:22:10 - mmengine - INFO - Checkpoints will be saved to /data/bigc-data/wyc/mmdetection/work_dirs/glip_atss_swin-t_a_fpn_dyhead_16xb2_ms-2x_funtune_coco.
/data/bigc-data/wyc/CO-DETR/mmdet/models/dense_heads/atss_vlfusion_head.py:213: UserWarning: `nn.functional.upsample_bilinear` is deprecated. Use `nn.functional.interpolate` instead.
  F.upsample_bilinear(
TCAPPDLL 2025-07-17 02:27:35.705257 - Epoch: 0 Iteration: 0  rank : 0  train.loss : 5.2076497077941895  train.ips : 0.006141228073646451 imgs/s train.total_time : 325.66776156425476 
TCAPPDLL 2025-07-17 02:32:29.986184 - Epoch: 0 Iteration: 1  rank : 0  train.loss : 4.633413314819336  train.ips : 0.006796236633287743 imgs/s train.total_time : 294.28051257133484 
TCAPPDLL 2025-07-17 02:37:30.562645 - Epoch: 0 Iteration: 2  rank : 0  train.loss : 5.038000106811523  train.ips : 0.006653886815462603 imgs/s train.total_time : 300.5761978626251 
TCAPPDLL 2025-07-17 02:39:27.146169 - Epoch: 0 Iteration: 3  rank : 0  train.loss : 3.1829652786254883  train.ips : 0.017155124031432552 imgs/s train.total_time : 116.58324337005615 
TCAPPDLL 2025-07-17 02:43:03.798160 - Epoch: 0 Iteration: 4  rank : 0  train.loss : 3.6965789794921875  train.ips : 0.009231404783903167 imgs/s train.total_time : 216.65174984931946 
TCAPPDLL 2025-07-17 02:47:11.769107 - Epoch: 0 Iteration: 5  rank : 0  train.loss : 3.351642608642578  train.ips : 0.00806546891577292 imgs/s train.total_time : 247.97070336341858 
TCAPPDLL 2025-07-17 02:51:04.749497 - Epoch: 0 Iteration: 6  rank : 0  train.loss : 3.2578978538513184  train.ips : 0.008584422558723478 imgs/s train.total_time : 232.9801435470581 
TCAPPDLL 2025-07-17 02:55:20.888777 - Epoch: 0 Iteration: 7  rank : 0  train.loss : 3.4628891944885254  train.ips : 0.007808259270284753 imgs/s train.total_time : 256.1390357017517 
TCAPPDLL 2025-07-17 02:58:27.394068 - Epoch: 0 Iteration: 8  rank : 0  train.loss : 3.5737738609313965  train.ips : 0.010723574390280283 imgs/s train.total_time : 186.5049774646759 
TCAPPDLL 2025-07-17 03:02:29.991089 - Epoch: 0 Iteration: 9  rank : 0  train.loss : 4.542924404144287  train.ips : 0.00824414474688494 imgs/s train.total_time : 242.59641981124878 
TCAPPDLL 2025-07-17 03:06:23.812127 - Epoch: 0 Iteration: 10  rank : 0  train.loss : 3.12868070602417  train.ips : 0.008553569820996752 imgs/s train.total_time : 233.82050323486328 
TCAPPDLL 2025-07-17 03:10:42.605916 - Epoch: 0 Iteration: 11  rank : 0  train.loss : 3.3844656944274902  train.ips : 0.007728217138700802 imgs/s train.total_time : 258.79190039634705 
TCAPPDLL 2025-07-17 03:15:47.166321 - Epoch: 0 Iteration: 12  rank : 0  train.loss : 3.078320264816284  train.ips : 0.006566850200427693 imgs/s train.total_time : 304.56001567840576 
TCAPPDLL 2025-07-17 03:19:02.436228 - Epoch: 0 Iteration: 13  rank : 0  train.loss : 3.390599489212036  train.ips : 0.010242252570406006 imgs/s train.total_time : 195.2695450782776 
TCAPPDLL 2025-07-17 03:21:23.047067 - Epoch: 0 Iteration: 14  rank : 0  train.loss : 3.9016642570495605  train.ips : 0.014223690159212531 imgs/s train.total_time : 140.61048698425293 
TCAPPDLL 2025-07-17 03:25:50.371908 - Epoch: 0 Iteration: 15  rank : 0  train.loss : 4.179132461547852  train.ips : 0.00748154402393262 imgs/s train.total_time : 267.3244979381561 
TCAPPDLL 2025-07-17 03:29:40.923226 - Epoch: 0 Iteration: 16  rank : 0  train.loss : 4.922863483428955  train.ips : 0.00867486921100602 imgs/s train.total_time : 230.55102634429932 
TCAPPDLL 2025-07-17 03:34:07.374247 - Epoch: 0 Iteration: 17  rank : 0  train.loss : 3.467820167541504  train.ips : 0.007506076862080393 imgs/s train.total_time : 266.45077538490295 
TCAPPDLL 2025-07-17 03:38:09.820807 - Epoch: 0 Iteration: 18  rank : 0  train.loss : 3.9367189407348633  train.ips : 0.008249248511838895 imgs/s train.total_time : 242.4463267326355 
TCAPPDLL 2025-07-17 03:41:41.828721 - Epoch: 0 Iteration: 19  rank : 0  train.loss : 3.346665143966675  train.ips : 0.00943362209070548 imgs/s train.total_time : 212.0076446533203 
TCAPPDLL 2025-07-17 03:46:02.977334 - Epoch: 0 Iteration: 20  rank : 0  train.loss : 3.197007656097412  train.ips : 0.007658482035384374 imgs/s train.total_time : 261.14835691452026 
TCAPPDLL 2025-07-17 03:48:39.305497 - Epoch: 0 Iteration: 21  rank : 0  train.loss : 3.3234469890594482  train.ips : 0.012793622280904516 imgs/s train.total_time : 156.32789182662964 
TCAPPDLL 2025-07-17 03:52:03.741464 - Epoch: 0 Iteration: 22  rank : 0  train.loss : 3.3778886795043945  train.ips : 0.009783027603399611 imgs/s train.total_time : 204.43569016456604 
TCAPPDLL 2025-07-17 03:54:32.468943 - Epoch: 0 Iteration: 23  rank : 0  train.loss : 3.087123155593872  train.ips : 0.013447436835155764 imgs/s train.total_time : 148.7272276878357 
TCAPPDLL 2025-07-17 03:58:59.087247 - Epoch: 0 Iteration: 24  rank : 0  train.loss : 4.263057708740234  train.ips : 0.0075013672817437396 imgs/s train.total_time : 266.6180610656738 
TCAPPDLL 2025-07-17 04:01:33.809690 - Epoch: 0 Iteration: 25  rank : 0  train.loss : 3.746309757232666  train.ips : 0.012926404719209729 imgs/s train.total_time : 154.72206258773804 
TCAPPDLL 2025-07-17 04:04:55.527752 - Epoch: 0 Iteration: 26  rank : 0  train.loss : 4.209751129150391  train.ips : 0.009914845263838266 imgs/s train.total_time : 201.7177219390869 
TCAPPDLL 2025-07-17 04:08:23.990320 - Epoch: 0 Iteration: 27  rank : 0  train.loss : 4.362784385681152  train.ips : 0.009594067045393796 imgs/s train.total_time : 208.4621663093567 
TCAPPDLL 2025-07-17 04:12:21.725173 - Epoch: 0 Iteration: 28  rank : 0  train.loss : 3.272980213165283  train.ips : 0.008412746896576272 imgs/s train.total_time : 237.7344789505005 
TCAPPDLL 2025-07-17 04:16:48.234292 - Epoch: 0 Iteration: 29  rank : 0  train.loss : 4.24179744720459  train.ips : 0.007504441440915328 imgs/s train.total_time : 266.50884222984314 
TCAPPDLL 2025-07-17 04:20:01.292409 - Epoch: 0 Iteration: 30  rank : 0  train.loss : 3.1933839321136475  train.ips : 0.010359588422981906 imgs/s train.total_time : 193.05786275863647 
TCAPPDLL 2025-07-17 04:23:46.115825 - Epoch: 0 Iteration: 31  rank : 0  train.loss : 3.550355911254883  train.ips : 0.008895881488536336 imgs/s train.total_time : 224.82313895225525 
TCAPPDLL 2025-07-17 04:25:55.500242 - Epoch: 0 Iteration: 32  rank : 0  train.loss : 3.2791519165039062  train.ips : 0.015457837278922604 imgs/s train.total_time : 129.38420581817627 
TCAPPDLL 2025-07-17 04:27:49.294910 - Epoch: 0 Iteration: 33  rank : 0  train.loss : 3.4017608165740967  train.ips : 0.01757555618297969 imgs/s train.total_time : 113.7944073677063 
TCAPPDLL 2025-07-17 04:32:16.183605 - Epoch: 0 Iteration: 34  rank : 0  train.loss : 3.5700016021728516  train.ips : 0.007493767851152862 imgs/s train.total_time : 266.88843846321106 
TCAPPDLL 2025-07-17 04:35:55.457956 - Epoch: 0 Iteration: 35  rank : 0  train.loss : 4.185977935791016  train.ips : 0.009121005099313946 imgs/s train.total_time : 219.2740797996521 
TCAPPDLL 2025-07-17 04:39:01.917296 - Epoch: 0 Iteration: 36  rank : 0  train.loss : 3.5240609645843506  train.ips : 0.010726216184838478 imgs/s train.total_time : 186.4590425491333 
TCAPPDLL 2025-07-17 04:41:08.680072 - Epoch: 0 Iteration: 37  rank : 0  train.loss : 3.96999454498291  train.ips : 0.015777536043621268 imgs/s train.total_time : 126.76250553131104 
TCAPPDLL 2025-07-17 04:45:18.009521 - Epoch: 0 Iteration: 38  rank : 0  train.loss : 3.210315465927124  train.ips : 0.008021523396534636 imgs/s train.total_time : 249.3291985988617 
TCAPPDLL 2025-07-17 04:48:29.187641 - Epoch: 0 Iteration: 39  rank : 0  train.loss : 3.1605498790740967  train.ips : 0.010461458776640802 imgs/s train.total_time : 191.17792677879333 
TCAPPDLL 2025-07-17 04:52:22.820494 - Epoch: 0 Iteration: 40  rank : 0  train.loss : 3.8577873706817627  train.ips : 0.008560449574471178 imgs/s train.total_time : 233.63258934020996 
TCAPPDLL 2025-07-17 04:56:42.750641 - Epoch: 0 Iteration: 41  rank : 0  train.loss : 4.620077133178711  train.ips : 0.007694382507534147 imgs/s train.total_time : 259.92989015579224 
TCAPPDLL 2025-07-17 05:00:32.329552 - Epoch: 0 Iteration: 42  rank : 0  train.loss : 3.124613046646118  train.ips : 0.008711610499407899 imgs/s train.total_time : 229.57867550849915 
TCAPPDLL 2025-07-17 05:02:27.119932 - Epoch: 0 Iteration: 43  rank : 0  train.loss : 3.9923949241638184  train.ips : 0.017423095915198042 imgs/s train.total_time : 114.79016184806824 
TCAPPDLL 2025-07-17 05:05:03.866081 - Epoch: 0 Iteration: 44  rank : 0  train.loss : 4.202733516693115  train.ips : 0.012759502267328353 imgs/s train.total_time : 156.7459261417389 
TCAPPDLL 2025-07-17 05:08:28.274621 - Epoch: 0 Iteration: 45  rank : 0  train.loss : 3.094297409057617  train.ips : 0.009784349656403223 imgs/s train.total_time : 204.40806698799133 
TCAPPDLL 2025-07-17 05:12:07.942138 - Epoch: 0 Iteration: 46  rank : 0  train.loss : 3.500446081161499  train.ips : 0.009104678964144363 imgs/s train.total_time : 219.66727304458618 
TCAPPDLL 2025-07-17 05:15:52.877886 - Epoch: 0 Iteration: 47  rank : 0  train.loss : 3.262115001678467  train.ips : 0.008891436320051384 imgs/s train.total_time : 224.9355366230011 
TCAPPDLL 2025-07-17 05:19:06.597257 - Epoch: 0 Iteration: 48  rank : 0  train.loss : 3.1458754539489746  train.ips : 0.010324226481397336 imgs/s train.total_time : 193.71911334991455 
TCAPPDLL 2025-07-17 05:23:02.881189 - Epoch: 0 Iteration: 49  rank : 0  train.loss : 3.7161507606506348  train.ips : 0.00846440294478241 imgs/s train.total_time : 236.28364729881287 
07/17 05:23:02 - mmengine - INFO - Epoch(train)  [1][    50/117266]  base_lr: 1.9820e-06 lr: 1.9820e-06  eta: 3535 days, 1:29:26  time: 217.0565  data_time: 0.0435  memory: 9476  loss: 3.7066  loss_cls: 1.7861  loss_bbox: 1.2333  loss_centerness: 0.6872
TCAPPDLL 2025-07-17 05:24:56.736921 - Epoch: 0 Iteration: 50  rank : 0  train.loss : 3.3220770359039307  train.ips : 0.017566119674354196 imgs/s train.total_time : 113.85553765296936 
TCAPPDLL 2025-07-17 05:28:51.642896 - Epoch: 0 Iteration: 51  rank : 0  train.loss : 3.6827645301818848  train.ips : 0.008514057598390181 imgs/s train.total_time : 234.9056224822998 
TCAPPDLL 2025-07-17 05:33:23.520464 - Epoch: 0 Iteration: 52  rank : 0  train.loss : 3.2633984088897705  train.ips : 0.007356258341777532 imgs/s train.total_time : 271.8773467540741 
TCAPPDLL 2025-07-17 05:37:15.909365 - Epoch: 0 Iteration: 53  rank : 0  train.loss : 5.3769049644470215  train.ips : 0.008606270627692158 imgs/s train.total_time : 232.38869500160217 
TCAPPDLL 2025-07-17 05:41:19.740356 - Epoch: 0 Iteration: 54  rank : 0  train.loss : 4.855611324310303  train.ips : 0.008202410894006884 imgs/s train.total_time : 243.8307499885559 
TCAPPDLL 2025-07-17 05:44:23.393007 - Epoch: 0 Iteration: 55  rank : 0  train.loss : 2.871701955795288  train.ips : 0.010890142759021282 imgs/s train.total_time : 183.65232157707214 
TCAPPDLL 2025-07-17 05:47:48.107263 - Epoch: 0 Iteration: 56  rank : 0  train.loss : 3.185889720916748  train.ips : 0.009769729923745332 imgs/s train.total_time : 204.71394968032837 
TCAPPDLL 2025-07-17 05:52:03.521858 - Epoch: 0 Iteration: 57  rank : 0  train.loss : 3.247488498687744  train.ips : 0.007830415616867589 imgs/s train.total_time : 255.41428422927856 
TCAPPDLL 2025-07-17 05:56:56.260085 - Epoch: 0 Iteration: 58  rank : 0  train.loss : 3.2984209060668945  train.ips : 0.006832050325659248 imgs/s train.total_time : 292.73789048194885 
TCAPPDLL 2025-07-17 05:59:49.982678 - Epoch: 0 Iteration: 59  rank : 0  train.loss : 3.113433599472046  train.ips : 0.011512626694527107 imgs/s train.total_time : 173.72230100631714 
TCAPPDLL 2025-07-17 06:03:49.775039 - Epoch: 0 Iteration: 60  rank : 0  train.loss : 2.8099136352539062  train.ips : 0.008340558675353747 imgs/s train.total_time : 239.7920904159546 
TCAPPDLL 2025-07-17 06:08:36.833525 - Epoch: 0 Iteration: 61  rank : 0  train.loss : 3.8925302028656006  train.ips : 0.006967227713177191 imgs/s train.total_time : 287.0582220554352 
TCAPPDLL 2025-07-17 06:12:15.278665 - Epoch: 0 Iteration: 62  rank : 0  train.loss : 3.70277738571167  train.ips : 0.009155628285548256 imgs/s train.total_time : 218.44486665725708 
TCAPPDLL 2025-07-17 06:17:22.517783 - Epoch: 0 Iteration: 63  rank : 0  train.loss : 3.1576976776123047  train.ips : 0.006509593535558103 imgs/s train.total_time : 307.2388451099396 
TCAPPDLL 2025-07-17 06:22:18.582719 - Epoch: 0 Iteration: 64  rank : 0  train.loss : 3.1620023250579834  train.ips : 0.0067552801339024315 imgs/s train.total_time : 296.0647020339966 
TCAPPDLL 2025-07-17 06:25:15.555870 - Epoch: 0 Iteration: 65  rank : 0  train.loss : 3.2607741355895996  train.ips : 0.011301164228969275 imgs/s train.total_time : 176.97291707992554 
TCAPPDLL 2025-07-17 06:29:24.422913 - Epoch: 0 Iteration: 66  rank : 0  train.loss : 2.9870476722717285  train.ips : 0.008036427131450674 imgs/s train.total_time : 248.86681199073792 
TCAPPDLL 2025-07-17 06:33:12.471688 - Epoch: 0 Iteration: 67  rank : 0  train.loss : 3.087167501449585  train.ips : 0.008770063022501847 imgs/s train.total_time : 228.04853224754333 
TCAPPDLL 2025-07-17 06:36:10.409228 - Epoch: 0 Iteration: 68  rank : 0  train.loss : 3.1844899654388428  train.ips : 0.011239914135906217 imgs/s train.total_time : 177.93730235099792 
TCAPPDLL 2025-07-17 06:40:06.419676 - Epoch: 0 Iteration: 69  rank : 0  train.loss : 3.7348475456237793  train.ips : 0.008474208924900922 imgs/s train.total_time : 236.01023030281067 
TCAPPDLL 2025-07-17 06:43:29.671978 - Epoch: 0 Iteration: 70  rank : 0  train.loss : 3.8132944107055664  train.ips : 0.009839998326430033 imgs/s train.total_time : 203.2520670890808 
TCAPPDLL 2025-07-17 06:46:43.121664 - Epoch: 0 Iteration: 71  rank : 0  train.loss : 3.341475248336792  train.ips : 0.010338616111431772 imgs/s train.total_time : 193.44948863983154 
TCAPPDLL 2025-07-17 06:50:06.019510 - Epoch: 0 Iteration: 72  rank : 0  train.loss : 3.79713773727417  train.ips : 0.009857187472975999 imgs/s train.total_time : 202.89763236045837 
TCAPPDLL 2025-07-17 06:54:52.376366 - Epoch: 0 Iteration: 73  rank : 0  train.loss : 2.9867823123931885  train.ips : 0.006984298760017559 imgs/s train.total_time : 286.3565933704376 
TCAPPDLL 2025-07-17 06:58:04.128647 - Epoch: 0 Iteration: 74  rank : 0  train.loss : 2.851395606994629  train.ips : 0.010430138652028052 imgs/s train.total_time : 191.75200510025024 
TCAPPDLL 2025-07-17 07:02:43.940504 - Epoch: 0 Iteration: 75  rank : 0  train.loss : 3.293919801712036  train.ips : 0.007147670052733593 imgs/s train.total_time : 279.8114609718323 
TCAPPDLL 2025-07-17 07:05:29.092120 - Epoch: 0 Iteration: 76  rank : 0  train.loss : 3.44478440284729  train.ips : 0.012110107155867562 imgs/s train.total_time : 165.15130496025085 
TCAPPDLL 2025-07-17 07:09:04.229287 - Epoch: 0 Iteration: 77  rank : 0  train.loss : 3.447870969772339  train.ips : 0.009296406151070767 imgs/s train.total_time : 215.13689994812012 
TCAPPDLL 2025-07-17 07:11:10.653109 - Epoch: 0 Iteration: 78  rank : 0  train.loss : 2.8910269737243652  train.ips : 0.015819834573449258 imgs/s train.total_time : 126.42357230186462 
TCAPPDLL 2025-07-17 07:15:49.569697 - Epoch: 0 Iteration: 79  rank : 0  train.loss : 3.165849447250366  train.ips : 0.007170614327029849 imgs/s train.total_time : 278.91613030433655 
TCAPPDLL 2025-07-17 07:19:47.926792 - Epoch: 0 Iteration: 80  rank : 0  train.loss : 3.176767587661743  train.ips : 0.008390782068415491 imgs/s train.total_time : 238.35680437088013 
TCAPPDLL 2025-07-17 07:24:18.706727 - Epoch: 0 Iteration: 81  rank : 0  train.loss : 2.9615445137023926  train.ips : 0.007386078268831836 imgs/s train.total_time : 270.77969217300415 
TCAPPDLL 2025-07-17 07:28:46.612418 - Epoch: 0 Iteration: 82  rank : 0  train.loss : 3.301304817199707  train.ips : 0.0074653203380176635 imgs/s train.total_time : 267.9054493904114 
TCAPPDLL 2025-07-17 07:34:27.607193 - Epoch: 0 Iteration: 83  rank : 0  train.loss : 4.350582122802734  train.ips : 0.0058652000619923775 imgs/s train.total_time : 340.9943358898163 
TCAPPDLL 2025-07-17 07:37:28.237789 - Epoch: 0 Iteration: 84  rank : 0  train.loss : 3.7161927223205566  train.ips : 0.011072340328576341 imgs/s train.total_time : 180.63028597831726 
TCAPPDLL 2025-07-17 07:40:53.388702 - Epoch: 0 Iteration: 85  rank : 0  train.loss : 3.1220202445983887  train.ips : 0.00974893254630564 imgs/s train.total_time : 205.1506655216217 
TCAPPDLL 2025-07-17 07:45:04.607330 - Epoch: 0 Iteration: 86  rank : 0  train.loss : 3.379641056060791  train.ips : 0.007961201140421472 imgs/s train.total_time : 251.21837329864502 
TCAPPDLL 2025-07-17 07:48:47.900851 - Epoch: 0 Iteration: 87  rank : 0  train.loss : 3.6698877811431885  train.ips : 0.008956829104005684 imgs/s train.total_time : 223.29330801963806 
TCAPPDLL 2025-07-17 07:52:51.136368 - Epoch: 0 Iteration: 88  rank : 0  train.loss : 3.906104564666748  train.ips : 0.008222490593044427 imgs/s train.total_time : 243.23530411720276 
TCAPPDLL 2025-07-17 07:55:52.039176 - Epoch: 0 Iteration: 89  rank : 0  train.loss : 4.299956321716309  train.ips : 0.01105567453594972 imgs/s train.total_time : 180.90257573127747 
TCAPPDLL 2025-07-17 08:00:16.920281 - Epoch: 0 Iteration: 90  rank : 0  train.loss : 2.990854024887085  train.ips : 0.0075505650537998755 imgs/s train.total_time : 264.88083815574646 
TCAPPDLL 2025-07-17 08:04:51.834288 - Epoch: 0 Iteration: 91  rank : 0  train.loss : 3.5958619117736816  train.ips : 0.007275009991334615 imgs/s train.total_time : 274.91371178627014 
TCAPPDLL 2025-07-17 08:07:53.180771 - Epoch: 0 Iteration: 92  rank : 0  train.loss : 3.3764514923095703  train.ips : 0.011028629016245047 imgs/s train.total_time : 181.34620332717896 
TCAPPDLL 2025-07-17 08:09:51.785126 - Epoch: 0 Iteration: 93  rank : 0  train.loss : 3.323517322540283  train.ips : 0.016862821224894377 imgs/s train.total_time : 118.6041157245636 
TCAPPDLL 2025-07-17 08:14:47.129129 - Epoch: 0 Iteration: 94  rank : 0  train.loss : 3.144416570663452  train.ips : 0.006771769401330699 imgs/s train.total_time : 295.3437840938568 
TCAPPDLL 2025-07-17 08:20:16.689129 - Epoch: 0 Iteration: 95  rank : 0  train.loss : 3.5841732025146484  train.ips : 0.006068712111668213 imgs/s train.total_time : 329.55921506881714 
TCAPPDLL 2025-07-17 08:22:10.252126 - Epoch: 0 Iteration: 96  rank : 0  train.loss : 3.7464520931243896  train.ips : 0.017611416900100752 imgs/s train.total_time : 113.56269693374634 
TCAPPDLL 2025-07-17 08:26:29.507190 - Epoch: 0 Iteration: 97  rank : 0  train.loss : 3.3050527572631836  train.ips : 0.007714417690423203 imgs/s train.total_time : 259.25482392311096 
TCAPPDLL 2025-07-17 08:30:21.243502 - Epoch: 0 Iteration: 98  rank : 0  train.loss : 3.1048951148986816  train.ips : 0.008630510623129794 imgs/s train.total_time : 231.73599886894226 
TCAPPDLL 2025-07-17 08:34:52.216273 - Epoch: 0 Iteration: 99  rank : 0  train.loss : 2.996426820755005  train.ips : 0.007380822404716948 imgs/s train.total_time : 270.9725136756897 
07/17 08:34:52 - mmengine - INFO - Epoch(train)  [1][   100/117266]  base_lr: 3.9840e-06 lr: 3.9840e-06  eta: 3641 days, 20:24:49  time: 230.1863  data_time: 0.0236  memory: 9481  loss: 3.4257  loss_cls: 1.5665  loss_bbox: 1.1782  loss_centerness: 0.6809
