/root/miniconda3/envs/wyc_mmlab2/lib/python3.9/site-packages/torch/utils/cpp_extension.py:28: UserWarning: pkg_resources is deprecated as an API. See https://setuptools.pypa.io/en/latest/pkg_resources.html. The pkg_resources package is slated for removal as early as 2025-11-30. Refrain from using this package or pin to Setuptools<81.
  from pkg_resources import packaging  # type: ignore[attr-defined]
06/27 00:55:15 - mmengine - INFO - 
------------------------------------------------------------
System environment:
    sys.platform: linux
    Python: 3.9.23 (main, Jun  5 2025, 13:40:20) [GCC 11.2.0]
    CUDA available: True
    MUSA available: False
    numpy_random_seed: 1529064615
    GPU 0: NVIDIA GeForce RTX 4090
    CUDA_HOME: /usr/local/cuda
    NVCC: Cuda compilation tools, release 12.9, V12.9.86
    GCC: gcc (Ubuntu 11.4.0-1ubuntu1~22.04) 11.4.0
    PyTorch: 2.1.0+cu121
    PyTorch compiling details: PyTorch built with:
  - GCC 9.3
  - C++ Version: 201703
  - Intel(R) oneAPI Math Kernel Library Version 2023.1-Product Build 20230303 for Intel(R) 64 architecture applications
  - Intel(R) MKL-DNN v3.1.1 (Git Hash 64f6bcbcbab628e96f33a62c3e975f8535a7bde4)
  - OpenMP 201511 (a.k.a. OpenMP 4.5)
  - LAPACK is enabled (usually provided by MKL)
  - NNPACK is enabled
  - CPU capability usage: AVX512
  - CUDA Runtime 12.1
  - NVCC architecture flags: -gencode;arch=compute_50,code=sm_50;-gencode;arch=compute_60,code=sm_60;-gencode;arch=compute_70,code=sm_70;-gencode;arch=compute_75,code=sm_75;-gencode;arch=compute_80,code=sm_80;-gencode;arch=compute_86,code=sm_86;-gencode;arch=compute_90,code=sm_90
  - CuDNN 8.9.2
  - Magma 2.6.1
  - Build settings: BLAS_INFO=mkl, BUILD_TYPE=Release, CUDA_VERSION=12.1, CUDNN_VERSION=8.9.2, CXX_COMPILER=/opt/rh/devtoolset-9/root/usr/bin/c++, CXX_FLAGS= -D_GLIBCXX_USE_CXX11_ABI=0 -fabi-version=11 -fvisibility-inlines-hidden -DUSE_PTHREADPOOL -DNDEBUG -DUSE_KINETO -DLIBKINETO_NOROCTRACER -DUSE_FBGEMM -DUSE_QNNPACK -DUSE_PYTORCH_QNNPACK -DUSE_XNNPACK -DSYMBOLICATE_MOBILE_DEBUG_HANDLE -O2 -fPIC -Wall -Wextra -Werror=return-type -Werror=non-virtual-dtor -Werror=bool-operation -Wnarrowing -Wno-missing-field-initializers -Wno-type-limits -Wno-array-bounds -Wno-unknown-pragmas -Wno-unused-parameter -Wno-unused-function -Wno-unused-result -Wno-strict-overflow -Wno-strict-aliasing -Wno-stringop-overflow -Wno-psabi -Wno-error=pedantic -Wno-error=old-style-cast -Wno-invalid-partial-specialization -Wno-unused-private-field -Wno-aligned-allocation-unavailable -Wno-missing-braces -fdiagnostics-color=always -faligned-new -Wno-unused-but-set-variable -Wno-maybe-uninitialized -fno-math-errno -fno-trapping-math -Werror=format -Werror=cast-function-type -Wno-stringop-overflow, LAPACK_INFO=mkl, PERF_WITH_AVX=1, PERF_WITH_AVX2=1, PERF_WITH_AVX512=1, TORCH_DISABLE_GPU_ASSERTS=ON, TORCH_VERSION=2.1.0, USE_CUDA=ON, USE_CUDNN=ON, USE_EXCEPTION_PTR=1, USE_GFLAGS=OFF, USE_GLOG=OFF, USE_MKL=ON, USE_MKLDNN=ON, USE_MPI=OFF, USE_NCCL=1, USE_NNPACK=ON, USE_OPENMP=ON, USE_ROCM=OFF, 

    TorchVision: 0.16.0+cu121
    OpenCV: 4.11.0
    MMEngine: 0.10.4

Runtime environment:
    cudnn_benchmark: False
    mp_cfg: {'mp_start_method': 'fork', 'opencv_num_threads': 0}
    dist_cfg: {'backend': 'nccl'}
    seed: 1529064615
    Distributed launcher: none
    Distributed training: False
    GPU number: 1
------------------------------------------------------------

06/27 00:55:15 - mmengine - INFO - Config:
auto_scale_lr = dict(base_batch_size=16, enable=False)
backend_args = None
data_root = '/home/01/wyc/datasets/coco/'
dataset_type = 'CocoDataset'
default_hooks = dict(
    checkpoint=dict(interval=1, type='CheckpointHook'),
    logger=dict(interval=50, type='LoggerHook'),
    param_scheduler=dict(type='ParamSchedulerHook'),
    sampler_seed=dict(type='DistSamplerSeedHook'),
    timer=dict(type='IterTimerHook'),
    visualization=dict(type='DetVisualizationHook'))
default_scope = 'mmdet'
env_cfg = dict(
    cudnn_benchmark=False,
    dist_cfg=dict(backend='nccl'),
    mp_cfg=dict(mp_start_method='fork', opencv_num_threads=0))
launcher = 'none'
load_from = None
log_level = 'INFO'
log_processor = dict(by_epoch=True, type='LogProcessor', window_size=50)
model = dict(
    backbone=dict(
        depth=50,
        frozen_stages=1,
        init_cfg=dict(checkpoint='torchvision://resnet50', type='Pretrained'),
        norm_cfg=dict(requires_grad=True, type='BN'),
        norm_eval=True,
        num_stages=4,
        out_indices=(
            0,
            1,
            2,
            3,
        ),
        style='pytorch',
        type='ResNet'),
    data_preprocessor=dict(
        bgr_to_rgb=True,
        mean=[
            123.675,
            116.28,
            103.53,
        ],
        pad_size_divisor=32,
        std=[
            58.395,
            57.12,
            57.375,
        ],
        type='DetDataPreprocessor'),
    neck=dict(
        in_channels=[
            256,
            512,
            1024,
            2048,
        ],
        num_outs=5,
        out_channels=256,
        type='FPN'),
    roi_head=dict(
        bbox_head=[
            dict(
                bbox_coder=dict(
                    target_means=[
                        0.0,
                        0.0,
                        0.0,
                        0.0,
                    ],
                    target_stds=[
                        0.1,
                        0.1,
                        0.2,
                        0.2,
                    ],
                    type='DeltaXYWHBBoxCoder'),
                fc_out_channels=1024,
                in_channels=256,
                loss_bbox=dict(beta=1.0, loss_weight=1.0, type='SmoothL1Loss'),
                loss_cls=dict(
                    loss_weight=1.0,
                    type='CrossEntropyLoss',
                    use_sigmoid=False),
                num_classes=80,
                reg_class_agnostic=True,
                roi_feat_size=7,
                type='Shared2FCBBoxHead'),
            dict(
                bbox_coder=dict(
                    target_means=[
                        0.0,
                        0.0,
                        0.0,
                        0.0,
                    ],
                    target_stds=[
                        0.05,
                        0.05,
                        0.1,
                        0.1,
                    ],
                    type='DeltaXYWHBBoxCoder'),
                fc_out_channels=1024,
                in_channels=256,
                loss_bbox=dict(beta=1.0, loss_weight=1.0, type='SmoothL1Loss'),
                loss_cls=dict(
                    loss_weight=1.0,
                    type='CrossEntropyLoss',
                    use_sigmoid=False),
                num_classes=80,
                reg_class_agnostic=True,
                roi_feat_size=7,
                type='Shared2FCBBoxHead'),
            dict(
                bbox_coder=dict(
                    target_means=[
                        0.0,
                        0.0,
                        0.0,
                        0.0,
                    ],
                    target_stds=[
                        0.033,
                        0.033,
                        0.067,
                        0.067,
                    ],
                    type='DeltaXYWHBBoxCoder'),
                fc_out_channels=1024,
                in_channels=256,
                loss_bbox=dict(beta=1.0, loss_weight=1.0, type='SmoothL1Loss'),
                loss_cls=dict(
                    loss_weight=1.0,
                    type='CrossEntropyLoss',
                    use_sigmoid=False),
                num_classes=80,
                reg_class_agnostic=True,
                roi_feat_size=7,
                type='Shared2FCBBoxHead'),
        ],
        bbox_roi_extractor=dict(
            featmap_strides=[
                4,
                8,
                16,
                32,
            ],
            out_channels=256,
            roi_layer=dict(output_size=7, sampling_ratio=0, type='RoIAlign'),
            type='SingleRoIExtractor'),
        num_stages=3,
        stage_loss_weights=[
            1,
            0.5,
            0.25,
        ],
        type='CascadeRoIHead'),
    rpn_head=dict(
        anchor_generator=dict(
            ratios=[
                0.5,
                1.0,
                2.0,
            ],
            scales=[
                8,
            ],
            strides=[
                4,
                8,
                16,
                32,
                64,
            ],
            type='AnchorGenerator'),
        bbox_coder=dict(
            target_means=[
                0.0,
                0.0,
                0.0,
                0.0,
            ],
            target_stds=[
                1.0,
                1.0,
                1.0,
                1.0,
            ],
            type='DeltaXYWHBBoxCoder'),
        feat_channels=256,
        in_channels=256,
        loss_bbox=dict(
            beta=0.1111111111111111, loss_weight=1.0, type='SmoothL1Loss'),
        loss_cls=dict(
            loss_weight=1.0, type='CrossEntropyLoss', use_sigmoid=True),
        type='RPNHead'),
    test_cfg=dict(
        rcnn=dict(
            max_per_img=100,
            nms=dict(iou_threshold=0.5, type='nms'),
            score_thr=0.05),
        rpn=dict(
            max_per_img=1000,
            min_bbox_size=0,
            nms=dict(iou_threshold=0.7, type='nms'),
            nms_pre=1000)),
    train_cfg=dict(
        rcnn=[
            dict(
                assigner=dict(
                    ignore_iof_thr=-1,
                    match_low_quality=False,
                    min_pos_iou=0.5,
                    neg_iou_thr=0.5,
                    pos_iou_thr=0.5,
                    type='MaxIoUAssigner'),
                debug=False,
                pos_weight=-1,
                sampler=dict(
                    add_gt_as_proposals=True,
                    neg_pos_ub=-1,
                    num=512,
                    pos_fraction=0.25,
                    type='RandomSampler')),
            dict(
                assigner=dict(
                    ignore_iof_thr=-1,
                    match_low_quality=False,
                    min_pos_iou=0.6,
                    neg_iou_thr=0.6,
                    pos_iou_thr=0.6,
                    type='MaxIoUAssigner'),
                debug=False,
                pos_weight=-1,
                sampler=dict(
                    add_gt_as_proposals=True,
                    neg_pos_ub=-1,
                    num=512,
                    pos_fraction=0.25,
                    type='RandomSampler')),
            dict(
                assigner=dict(
                    ignore_iof_thr=-1,
                    match_low_quality=False,
                    min_pos_iou=0.7,
                    neg_iou_thr=0.7,
                    pos_iou_thr=0.7,
                    type='MaxIoUAssigner'),
                debug=False,
                pos_weight=-1,
                sampler=dict(
                    add_gt_as_proposals=True,
                    neg_pos_ub=-1,
                    num=512,
                    pos_fraction=0.25,
                    type='RandomSampler')),
        ],
        rpn=dict(
            allowed_border=0,
            assigner=dict(
                ignore_iof_thr=-1,
                match_low_quality=True,
                min_pos_iou=0.3,
                neg_iou_thr=0.3,
                pos_iou_thr=0.7,
                type='MaxIoUAssigner'),
            debug=False,
            pos_weight=-1,
            sampler=dict(
                add_gt_as_proposals=False,
                neg_pos_ub=-1,
                num=256,
                pos_fraction=0.5,
                type='RandomSampler')),
        rpn_proposal=dict(
            max_per_img=2000,
            min_bbox_size=0,
            nms=dict(iou_threshold=0.7, type='nms'),
            nms_pre=2000)),
    type='CascadeRCNN')
optim_wrapper = dict(
    optimizer=dict(lr=0.0001, momentum=0.9, type='SGD', weight_decay=0.0001),
    type='OptimWrapper')
param_scheduler = [
    dict(
        begin=0, by_epoch=False, end=500, start_factor=0.001, type='LinearLR'),
    dict(
        begin=0,
        by_epoch=True,
        end=12,
        gamma=0.1,
        milestones=[
            8,
            11,
        ],
        type='MultiStepLR'),
]
resume = False
test_cfg = dict(type='TestLoop')
test_dataloader = dict(
    batch_size=1,
    dataset=dict(
        ann_file='annotations/instances_val2017.json',
        backend_args=None,
        data_prefix=dict(img='images/val2017/'),
        data_root='/home/01/wyc/datasets/coco/',
        pipeline=[
            dict(backend_args=None, type='LoadImageFromFile'),
            dict(keep_ratio=True, scale=(
                1333,
                800,
            ), type='Resize'),
            dict(type='LoadAnnotations', with_bbox=True),
            dict(
                meta_keys=(
                    'img_id',
                    'img_path',
                    'ori_shape',
                    'img_shape',
                    'scale_factor',
                ),
                type='PackDetInputs'),
        ],
        test_mode=True,
        type='CocoDataset'),
    drop_last=False,
    num_workers=2,
    persistent_workers=True,
    sampler=dict(shuffle=False, type='DefaultSampler'))
test_evaluator = dict(
    ann_file='/home/01/wyc/datasets/coco/annotations/instances_val2017.json',
    backend_args=None,
    format_only=False,
    metric='bbox',
    type='CocoMetric')
test_pipeline = [
    dict(backend_args=None, type='LoadImageFromFile'),
    dict(keep_ratio=True, scale=(
        1333,
        800,
    ), type='Resize'),
    dict(type='LoadAnnotations', with_bbox=True),
    dict(
        meta_keys=(
            'img_id',
            'img_path',
            'ori_shape',
            'img_shape',
            'scale_factor',
        ),
        type='PackDetInputs'),
]
train_cfg = dict(max_epochs=12, type='EpochBasedTrainLoop', val_interval=1)
train_dataloader = dict(
    batch_sampler=dict(type='AspectRatioBatchSampler'),
    batch_size=1,
    dataset=dict(
        ann_file='annotations/instances_train2017.json',
        backend_args=None,
        data_prefix=dict(img='images/train2017/'),
        data_root='/home/01/wyc/datasets/coco/',
        filter_cfg=dict(filter_empty_gt=True, min_size=32),
        pipeline=[
            dict(backend_args=None, type='LoadImageFromFile'),
            dict(type='LoadAnnotations', with_bbox=True),
            dict(keep_ratio=True, scale=(
                1333,
                800,
            ), type='Resize'),
            dict(prob=0.5, type='RandomFlip'),
            dict(type='PackDetInputs'),
        ],
        type='CocoDataset'),
    num_workers=2,
    persistent_workers=True,
    sampler=dict(shuffle=True, type='DefaultSampler'))
train_pipeline = [
    dict(backend_args=None, type='LoadImageFromFile'),
    dict(type='LoadAnnotations', with_bbox=True),
    dict(keep_ratio=True, scale=(
        1333,
        800,
    ), type='Resize'),
    dict(prob=0.5, type='RandomFlip'),
    dict(type='PackDetInputs'),
]
val_cfg = dict(type='ValLoop')
val_dataloader = dict(
    batch_size=1,
    dataset=dict(
        ann_file='annotations/instances_val2017.json',
        backend_args=None,
        data_prefix=dict(img='images/val2017/'),
        data_root='/home/01/wyc/datasets/coco/',
        pipeline=[
            dict(backend_args=None, type='LoadImageFromFile'),
            dict(keep_ratio=True, scale=(
                1333,
                800,
            ), type='Resize'),
            dict(type='LoadAnnotations', with_bbox=True),
            dict(
                meta_keys=(
                    'img_id',
                    'img_path',
                    'ori_shape',
                    'img_shape',
                    'scale_factor',
                ),
                type='PackDetInputs'),
        ],
        test_mode=True,
        type='CocoDataset'),
    drop_last=False,
    num_workers=2,
    persistent_workers=True,
    sampler=dict(shuffle=False, type='DefaultSampler'))
val_evaluator = dict(
    ann_file='/home/01/wyc/datasets/coco/annotations/instances_val2017.json',
    backend_args=None,
    format_only=False,
    metric='bbox',
    type='CocoMetric')
vis_backends = [
    dict(type='LocalVisBackend'),
]
visualizer = dict(
    name='visualizer',
    type='DetLocalVisualizer',
    vis_backends=[
        dict(type='LocalVisBackend'),
    ])
work_dir = './work_dirs/cascade-rcnn_r50_fpn_1x_coco'

06/27 00:55:17 - mmengine - INFO - Distributed training is not used, all SyncBatchNorm (SyncBN) layers in the model will be automatically reverted to BatchNormXd layers if they are used.
06/27 00:55:17 - mmengine - INFO - Hooks will be executed in the following order:
before_run:
(VERY_HIGH   ) RuntimeInfoHook                    
(BELOW_NORMAL) LoggerHook                         
 -------------------- 
before_train:
(VERY_HIGH   ) RuntimeInfoHook                    
(NORMAL      ) IterTimerHook                      
(VERY_LOW    ) CheckpointHook                     
 -------------------- 
before_train_epoch:
(VERY_HIGH   ) RuntimeInfoHook                    
(NORMAL      ) IterTimerHook                      
(NORMAL      ) DistSamplerSeedHook                
 -------------------- 
before_train_iter:
(VERY_HIGH   ) RuntimeInfoHook                    
(NORMAL      ) IterTimerHook                      
 -------------------- 
after_train_iter:
(VERY_HIGH   ) RuntimeInfoHook                    
(NORMAL      ) IterTimerHook                      
(BELOW_NORMAL) LoggerHook                         
(LOW         ) ParamSchedulerHook                 
(VERY_LOW    ) CheckpointHook                     
 -------------------- 
after_train_epoch:
(NORMAL      ) IterTimerHook                      
(LOW         ) ParamSchedulerHook                 
(VERY_LOW    ) CheckpointHook                     
 -------------------- 
before_val:
(VERY_HIGH   ) RuntimeInfoHook                    
 -------------------- 
before_val_epoch:
(NORMAL      ) IterTimerHook                      
 -------------------- 
before_val_iter:
(NORMAL      ) IterTimerHook                      
 -------------------- 
after_val_iter:
(NORMAL      ) IterTimerHook                      
(NORMAL      ) DetVisualizationHook               
(BELOW_NORMAL) LoggerHook                         
 -------------------- 
after_val_epoch:
(VERY_HIGH   ) RuntimeInfoHook                    
(NORMAL      ) IterTimerHook                      
(BELOW_NORMAL) LoggerHook                         
(LOW         ) ParamSchedulerHook                 
(VERY_LOW    ) CheckpointHook                     
 -------------------- 
after_val:
(VERY_HIGH   ) RuntimeInfoHook                    
 -------------------- 
after_train:
(VERY_HIGH   ) RuntimeInfoHook                    
(VERY_LOW    ) CheckpointHook                     
 -------------------- 
before_test:
(VERY_HIGH   ) RuntimeInfoHook                    
 -------------------- 
before_test_epoch:
(NORMAL      ) IterTimerHook                      
 -------------------- 
before_test_iter:
(NORMAL      ) IterTimerHook                      
 -------------------- 
after_test_iter:
(NORMAL      ) IterTimerHook                      
(NORMAL      ) DetVisualizationHook               
(BELOW_NORMAL) LoggerHook                         
 -------------------- 
after_test_epoch:
(VERY_HIGH   ) RuntimeInfoHook                    
(NORMAL      ) IterTimerHook                      
(BELOW_NORMAL) LoggerHook                         
 -------------------- 
after_test:
(VERY_HIGH   ) RuntimeInfoHook                    
 -------------------- 
after_run:
(BELOW_NORMAL) LoggerHook                         
 -------------------- 
loading annotations into memory...
Done (t=14.56s)
creating index...
index created!
loading annotations into memory...
Done (t=0.57s)
creating index...
index created!
loading annotations into memory...
Done (t=0.56s)
creating index...
index created!
06/27 00:55:50 - mmengine - INFO - load model from: torchvision://resnet50
06/27 00:55:50 - mmengine - INFO - Loads checkpoint by torchvision backend from path: torchvision://resnet50
06/27 00:55:50 - mmengine - WARNING - The model and loaded state dict do not match exactly

unexpected key in source state_dict: fc.weight, fc.bias

06/27 00:55:50 - mmengine - WARNING - "FileClient" will be deprecated in future. Please use io functions in https://mmengine.readthedocs.io/en/latest/api/fileio.html#file-io
06/27 00:55:50 - mmengine - WARNING - "HardDiskBackend" is the alias of "LocalBackend" and the former will be deprecated in future.
06/27 00:55:50 - mmengine - INFO - Checkpoints will be saved to /home/01/wyc/mmdetection/work_dirs/cascade-rcnn_r50_fpn_1x_coco.
TCAPPDLL 2025-06-27 00:55:52.288389 - Epoch: 0 Iteration: 0  rank : 0  train.loss : 8.07618522644043  train.ips : 0.608204833877425 imgs/s train.total_time : 1.6441829204559326 
TCAPPDLL 2025-06-27 00:55:52.375498 - Epoch: 0 Iteration: 1  rank : 0  train.loss : 8.04003620147705  train.ips : 11.4989623171718 imgs/s train.total_time : 0.08696436882019043 
TCAPPDLL 2025-06-27 00:55:52.457577 - Epoch: 0 Iteration: 2  rank : 0  train.loss : 8.14153003692627  train.ips : 12.198630734598673 imgs/s train.total_time : 0.08197641372680664 
TCAPPDLL 2025-06-27 00:55:52.817255 - Epoch: 0 Iteration: 3  rank : 0  train.loss : 8.361379623413086  train.ips : 2.7810975985762663 imgs/s train.total_time : 0.3595702648162842 
TCAPPDLL 2025-06-27 00:55:53.152833 - Epoch: 0 Iteration: 4  rank : 0  train.loss : 8.003260612487793  train.ips : 2.981096216187018 imgs/s train.total_time : 0.3354470729827881 
TCAPPDLL 2025-06-27 00:55:53.448580 - Epoch: 0 Iteration: 5  rank : 0  train.loss : 8.054125785827637  train.ips : 3.3826669032372534 imgs/s train.total_time : 0.2956247329711914 
TCAPPDLL 2025-06-27 00:55:53.809700 - Epoch: 0 Iteration: 6  rank : 0  train.loss : 8.01687240600586  train.ips : 2.7699673822667576 imgs/s train.total_time : 0.36101508140563965 
TCAPPDLL 2025-06-27 00:55:53.900646 - Epoch: 0 Iteration: 7  rank : 0  train.loss : 8.060123443603516  train.ips : 11.010868309689071 imgs/s train.total_time : 0.0908193588256836 
TCAPPDLL 2025-06-27 00:55:53.989952 - Epoch: 0 Iteration: 8  rank : 0  train.loss : 8.070391654968262  train.ips : 11.213157528899725 imgs/s train.total_time : 0.08918094635009766 
TCAPPDLL 2025-06-27 00:55:54.073193 - Epoch: 0 Iteration: 9  rank : 0  train.loss : 8.181126594543457  train.ips : 12.030645230685387 imgs/s train.total_time : 0.08312106132507324 
TCAPPDLL 2025-06-27 00:55:54.155319 - Epoch: 0 Iteration: 10  rank : 0  train.loss : 7.9622273445129395  train.ips : 12.192956853898615 imgs/s train.total_time : 0.08201456069946289 
TCAPPDLL 2025-06-27 00:55:54.245760 - Epoch: 0 Iteration: 11  rank : 0  train.loss : 8.34521198272705  train.ips : 11.070650122602391 imgs/s train.total_time : 0.09032893180847168 
TCAPPDLL 2025-06-27 00:55:54.625885 - Epoch: 0 Iteration: 12  rank : 0  train.loss : 8.104043006896973  train.ips : 2.63145763026622 imgs/s train.total_time : 0.3800175189971924 
TCAPPDLL 2025-06-27 00:55:54.703978 - Epoch: 0 Iteration: 13  rank : 0  train.loss : 8.156105041503906  train.ips : 12.823519700133607 imgs/s train.total_time : 0.07798171043395996 
TCAPPDLL 2025-06-27 00:55:54.789575 - Epoch: 0 Iteration: 14  rank : 0  train.loss : 8.04231071472168  train.ips : 11.70102885709822 imgs/s train.total_time : 0.08546257019042969 
TCAPPDLL 2025-06-27 00:55:55.166605 - Epoch: 0 Iteration: 15  rank : 0  train.loss : 7.976517677307129  train.ips : 2.6532306783339625 imgs/s train.total_time : 0.37689900398254395 
TCAPPDLL 2025-06-27 00:55:55.255564 - Epoch: 0 Iteration: 16  rank : 0  train.loss : 8.208390235900879  train.ips : 11.25643158872184 imgs/s train.total_time : 0.08883810043334961 
TCAPPDLL 2025-06-27 00:55:55.646260 - Epoch: 0 Iteration: 17  rank : 0  train.loss : 8.068100929260254  train.ips : 2.56020626661816 imgs/s train.total_time : 0.3905935287475586 
TCAPPDLL 2025-06-27 00:55:55.987928 - Epoch: 0 Iteration: 18  rank : 0  train.loss : 8.035987854003906  train.ips : 2.9277074794223745 imgs/s train.total_time : 0.3415641784667969 
TCAPPDLL 2025-06-27 00:55:56.073169 - Epoch: 0 Iteration: 19  rank : 0  train.loss : 8.023841857910156  train.ips : 11.747006746897519 imgs/s train.total_time : 0.0851280689239502 
TCAPPDLL 2025-06-27 00:55:56.163101 - Epoch: 0 Iteration: 20  rank : 0  train.loss : 7.8905205726623535  train.ips : 11.133980335110111 imgs/s train.total_time : 0.08981513977050781 
TCAPPDLL 2025-06-27 00:55:56.544795 - Epoch: 0 Iteration: 21  rank : 0  train.loss : 8.199850082397461  train.ips : 2.6206619909714304 imgs/s train.total_time : 0.38158297538757324 
TCAPPDLL 2025-06-27 00:55:56.929195 - Epoch: 0 Iteration: 22  rank : 0  train.loss : 7.920194625854492  train.ips : 2.6021757675210706 imgs/s train.total_time : 0.384293794631958 
TCAPPDLL 2025-06-27 00:55:57.008407 - Epoch: 0 Iteration: 23  rank : 0  train.loss : 7.793702125549316  train.ips : 12.640908488143603 imgs/s train.total_time : 0.07910823822021484 
TCAPPDLL 2025-06-27 00:55:57.365431 - Epoch: 0 Iteration: 24  rank : 0  train.loss : 7.840612411499023  train.ips : 2.80186055708494 imgs/s train.total_time : 0.3569056987762451 
TCAPPDLL 2025-06-27 00:55:57.445388 - Epoch: 0 Iteration: 25  rank : 0  train.loss : 7.920019626617432  train.ips : 12.523263695020617 imgs/s train.total_time : 0.07985138893127441 
TCAPPDLL 2025-06-27 00:55:57.534915 - Epoch: 0 Iteration: 26  rank : 0  train.loss : 7.951208591461182  train.ips : 11.184393115990336 imgs/s train.total_time : 0.08941030502319336 
TCAPPDLL 2025-06-27 00:55:57.618573 - Epoch: 0 Iteration: 27  rank : 0  train.loss : 7.771866798400879  train.ips : 11.971378092881343 imgs/s train.total_time : 0.08353257179260254 
TCAPPDLL 2025-06-27 00:55:57.695492 - Epoch: 0 Iteration: 28  rank : 0  train.loss : 7.699367523193359  train.ips : 13.016410536507857 imgs/s train.total_time : 0.07682609558105469 
TCAPPDLL 2025-06-27 00:55:57.776556 - Epoch: 0 Iteration: 29  rank : 0  train.loss : 7.668964385986328  train.ips : 12.353010128498514 imgs/s train.total_time : 0.08095192909240723 
TCAPPDLL 2025-06-27 00:55:57.854690 - Epoch: 0 Iteration: 30  rank : 0  train.loss : 7.754558563232422  train.ips : 12.814547765407506 imgs/s train.total_time : 0.07803630828857422 
TCAPPDLL 2025-06-27 00:55:57.934557 - Epoch: 0 Iteration: 31  rank : 0  train.loss : 7.71882963180542  train.ips : 12.535802454376453 imgs/s train.total_time : 0.07977151870727539 
TCAPPDLL 2025-06-27 00:55:58.017224 - Epoch: 0 Iteration: 32  rank : 0  train.loss : 7.6474199295043945  train.ips : 12.111029940430987 imgs/s train.total_time : 0.08256936073303223 
TCAPPDLL 2025-06-27 00:55:58.108461 - Epoch: 0 Iteration: 33  rank : 0  train.loss : 7.846444606781006  train.ips : 10.973820674498313 imgs/s train.total_time : 0.0911259651184082 
TCAPPDLL 2025-06-27 00:55:58.471999 - Epoch: 0 Iteration: 34  rank : 0  train.loss : 7.580996513366699  train.ips : 2.7516822818019655 imgs/s train.total_time : 0.36341404914855957 
TCAPPDLL 2025-06-27 00:55:58.556854 - Epoch: 0 Iteration: 35  rank : 0  train.loss : 7.407098770141602  train.ips : 11.799286017706086 imgs/s train.total_time : 0.08475089073181152 
TCAPPDLL 2025-06-27 00:55:58.642297 - Epoch: 0 Iteration: 36  rank : 0  train.loss : 7.443665504455566  train.ips : 11.719533935007963 imgs/s train.total_time : 0.0853276252746582 
TCAPPDLL 2025-06-27 00:55:58.731492 - Epoch: 0 Iteration: 37  rank : 0  train.loss : 7.685902118682861  train.ips : 11.226453324197223 imgs/s train.total_time : 0.08907532691955566 
TCAPPDLL 2025-06-27 00:55:58.822245 - Epoch: 0 Iteration: 38  rank : 0  train.loss : 7.384871482849121  train.ips : 11.032155059720298 imgs/s train.total_time : 0.09064412117004395 
TCAPPDLL 2025-06-27 00:55:58.904750 - Epoch: 0 Iteration: 39  rank : 0  train.loss : 7.5807085037231445  train.ips : 12.1363665298989 imgs/s train.total_time : 0.0823969841003418 
TCAPPDLL 2025-06-27 00:55:58.986779 - Epoch: 0 Iteration: 40  rank : 0  train.loss : 7.456216335296631  train.ips : 12.205766035276007 imgs/s train.total_time : 0.08192849159240723 
TCAPPDLL 2025-06-27 00:55:59.305298 - Epoch: 0 Iteration: 41  rank : 0  train.loss : 7.021622657775879  train.ips : 3.140542179725728 imgs/s train.total_time : 0.3184163570404053 
TCAPPDLL 2025-06-27 00:55:59.392881 - Epoch: 0 Iteration: 42  rank : 0  train.loss : 7.29982328414917  train.ips : 11.431954275497215 imgs/s train.total_time : 0.08747410774230957 
TCAPPDLL 2025-06-27 00:55:59.477850 - Epoch: 0 Iteration: 43  rank : 0  train.loss : 7.407705783843994  train.ips : 11.783937471553715 imgs/s train.total_time : 0.08486127853393555 
TCAPPDLL 2025-06-27 00:55:59.566667 - Epoch: 0 Iteration: 44  rank : 0  train.loss : 7.2077531814575195  train.ips : 11.27310159838522 imgs/s train.total_time : 0.08870673179626465 
TCAPPDLL 2025-06-27 00:55:59.870595 - Epoch: 0 Iteration: 45  rank : 0  train.loss : 6.91757345199585  train.ips : 3.291452104760096 imgs/s train.total_time : 0.3038172721862793 
TCAPPDLL 2025-06-27 00:55:59.956165 - Epoch: 0 Iteration: 46  rank : 0  train.loss : 7.17565393447876  train.ips : 11.709195267527624 imgs/s train.total_time : 0.0854029655456543 
TCAPPDLL 2025-06-27 00:56:00.046318 - Epoch: 0 Iteration: 47  rank : 0  train.loss : 7.193243026733398  train.ips : 11.105355549495211 imgs/s train.total_time : 0.09004664421081543 
TCAPPDLL 2025-06-27 00:56:00.135313 - Epoch: 0 Iteration: 48  rank : 0  train.loss : 7.084960460662842  train.ips : 11.25009119584576 imgs/s train.total_time : 0.08888816833496094 
TCAPPDLL 2025-06-27 00:56:00.422445 - Epoch: 0 Iteration: 49  rank : 0  train.loss : 6.942381381988525  train.ips : 3.4839566040447183 imgs/s train.total_time : 0.2870299816131592 
06/27 00:56:00 - mmengine - INFO - Epoch(train)  [1][    50/117266]  lr: 9.9098e-06  eta: 3 days, 4:23:32  time: 0.1954  data_time: 0.0128  memory: 2349  loss: 7.7668  loss_rpn_cls: 0.6996  loss_rpn_bbox: 0.0721  s0.loss_cls: 3.7984  s0.acc: 96.4844  s0.loss_bbox: 0.0173  s1.loss_cls: 2.1065  s1.acc: 29.2969  s1.loss_bbox: 0.0054  s2.loss_cls: 1.0667  s2.acc: 28.3203  s2.loss_bbox: 0.0007
TCAPPDLL 2025-06-27 00:56:00.526759 - Epoch: 0 Iteration: 50  rank : 0  train.loss : 7.1157307624816895  train.ips : 9.59665399865922 imgs/s train.total_time : 0.1042029857635498 
TCAPPDLL 2025-06-27 00:56:00.619534 - Epoch: 0 Iteration: 51  rank : 0  train.loss : 6.714016437530518  train.ips : 10.792871148531463 imgs/s train.total_time : 0.09265375137329102 
TCAPPDLL 2025-06-27 00:56:00.709649 - Epoch: 0 Iteration: 52  rank : 0  train.loss : 6.590270042419434  train.ips : 11.11203425034971 imgs/s train.total_time : 0.08999252319335938 
TCAPPDLL 2025-06-27 00:56:00.794906 - Epoch: 0 Iteration: 53  rank : 0  train.loss : 6.3881516456604  train.ips : 11.745197531279052 imgs/s train.total_time : 0.08514118194580078 
TCAPPDLL 2025-06-27 00:56:00.883520 - Epoch: 0 Iteration: 54  rank : 0  train.loss : 6.801815509796143  train.ips : 11.299553869695467 imgs/s train.total_time : 0.08849906921386719 
TCAPPDLL 2025-06-27 00:56:01.279628 - Epoch: 0 Iteration: 55  rank : 0  train.loss : 6.572080612182617  train.ips : 2.5253473756714806 imgs/s train.total_time : 0.39598512649536133 
TCAPPDLL 2025-06-27 00:56:01.376359 - Epoch: 0 Iteration: 56  rank : 0  train.loss : 6.618677616119385  train.ips : 10.350019494331837 imgs/s train.total_time : 0.0966181755065918 
TCAPPDLL 2025-06-27 00:56:01.787744 - Epoch: 0 Iteration: 57  rank : 0  train.loss : 6.526157855987549  train.ips : 2.4316666550715764 imgs/s train.total_time : 0.4112405776977539 
TCAPPDLL 2025-06-27 00:56:01.880075 - Epoch: 0 Iteration: 58  rank : 0  train.loss : 6.305351257324219  train.ips : 10.846010229782216 imgs/s train.total_time : 0.09219980239868164 
TCAPPDLL 2025-06-27 00:56:01.975164 - Epoch: 0 Iteration: 59  rank : 0  train.loss : 5.50631046295166  train.ips : 10.5310963698723 imgs/s train.total_time : 0.09495687484741211 
TCAPPDLL 2025-06-27 00:56:02.075273 - Epoch: 0 Iteration: 60  rank : 0  train.loss : 5.75623893737793  train.ips : 10.001845700400379 imgs/s train.total_time : 0.09998154640197754 
TCAPPDLL 2025-06-27 00:56:02.170043 - Epoch: 0 Iteration: 61  rank : 0  train.loss : 6.272956371307373  train.ips : 10.56521038207319 imgs/s train.total_time : 0.0946502685546875 
TCAPPDLL 2025-06-27 00:56:02.564038 - Epoch: 0 Iteration: 62  rank : 0  train.loss : 5.7349419593811035  train.ips : 2.538868076199262 imgs/s train.total_time : 0.393876314163208 
TCAPPDLL 2025-06-27 00:56:02.651829 - Epoch: 0 Iteration: 63  rank : 0  train.loss : 4.928421497344971  train.ips : 11.405747601540236 imgs/s train.total_time : 0.08767509460449219 
TCAPPDLL 2025-06-27 00:56:02.738241 - Epoch: 0 Iteration: 64  rank : 0  train.loss : 5.672683238983154  train.ips : 11.587947639755328 imgs/s train.total_time : 0.08629655838012695 
TCAPPDLL 2025-06-27 00:56:02.830710 - Epoch: 0 Iteration: 65  rank : 0  train.loss : 6.026309967041016  train.ips : 10.826944075168756 imgs/s train.total_time : 0.0923621654510498 
TCAPPDLL 2025-06-27 00:56:02.910500 - Epoch: 0 Iteration: 66  rank : 0  train.loss : 5.561892032623291  train.ips : 12.548891953912943 imgs/s train.total_time : 0.07968831062316895 
TCAPPDLL 2025-06-27 00:56:02.994461 - Epoch: 0 Iteration: 67  rank : 0  train.loss : 5.795077323913574  train.ips : 11.924986637249662 imgs/s train.total_time : 0.08385753631591797 
TCAPPDLL 2025-06-27 00:56:03.078949 - Epoch: 0 Iteration: 68  rank : 0  train.loss : 5.29425048828125  train.ips : 11.850592769232508 imgs/s train.total_time : 0.08438396453857422 
TCAPPDLL 2025-06-27 00:56:03.166453 - Epoch: 0 Iteration: 69  rank : 0  train.loss : 4.966869831085205  train.ips : 11.441184734190406 imgs/s train.total_time : 0.08740353584289551 
TCAPPDLL 2025-06-27 00:56:03.246599 - Epoch: 0 Iteration: 70  rank : 0  train.loss : 5.115670680999756  train.ips : 12.49223089592647 imgs/s train.total_time : 0.08004975318908691 
TCAPPDLL 2025-06-27 00:56:03.331141 - Epoch: 0 Iteration: 71  rank : 0  train.loss : 5.26099157333374  train.ips : 11.842495496563837 imgs/s train.total_time : 0.0844416618347168 
TCAPPDLL 2025-06-27 00:56:03.417934 - Epoch: 0 Iteration: 72  rank : 0  train.loss : 4.746626853942871  train.ips : 11.535775087942222 imgs/s train.total_time : 0.08668684959411621 
TCAPPDLL 2025-06-27 00:56:03.508428 - Epoch: 0 Iteration: 73  rank : 0  train.loss : 4.683834075927734  train.ips : 11.063612479821053 imgs/s train.total_time : 0.09038639068603516 
TCAPPDLL 2025-06-27 00:56:03.605671 - Epoch: 0 Iteration: 74  rank : 0  train.loss : 4.739922046661377  train.ips : 10.296333209773197 imgs/s train.total_time : 0.0971219539642334 
TCAPPDLL 2025-06-27 00:56:03.685077 - Epoch: 0 Iteration: 75  rank : 0  train.loss : 5.041331768035889  train.ips : 12.611793005983703 imgs/s train.total_time : 0.07929086685180664 
TCAPPDLL 2025-06-27 00:56:03.771297 - Epoch: 0 Iteration: 76  rank : 0  train.loss : 3.8658640384674072  train.ips : 11.613423413445565 imgs/s train.total_time : 0.08610725402832031 
TCAPPDLL 2025-06-27 00:56:03.860383 - Epoch: 0 Iteration: 77  rank : 0  train.loss : 3.7006144523620605  train.ips : 11.238606127999358 imgs/s train.total_time : 0.08897900581359863 
TCAPPDLL 2025-06-27 00:56:03.959564 - Epoch: 0 Iteration: 78  rank : 0  train.loss : 3.78123140335083  train.ips : 10.09481312471269 imgs/s train.total_time : 0.0990607738494873 
TCAPPDLL 2025-06-27 00:56:04.049563 - Epoch: 0 Iteration: 79  rank : 0  train.loss : 3.9056906700134277  train.ips : 11.12562235573416 imgs/s train.total_time : 0.08988261222839355 
TCAPPDLL 2025-06-27 00:56:04.142626 - Epoch: 0 Iteration: 80  rank : 0  train.loss : 3.7080321311950684  train.ips : 10.758653239417834 imgs/s train.total_time : 0.09294843673706055 
TCAPPDLL 2025-06-27 00:56:04.238246 - Epoch: 0 Iteration: 81  rank : 0  train.loss : 3.3547494411468506  train.ips : 10.470394695783938 imgs/s train.total_time : 0.09550738334655762 
TCAPPDLL 2025-06-27 00:56:04.324162 - Epoch: 0 Iteration: 82  rank : 0  train.loss : 3.5515592098236084  train.ips : 11.654923667728148 imgs/s train.total_time : 0.0858006477355957 
TCAPPDLL 2025-06-27 00:56:04.410821 - Epoch: 0 Iteration: 83  rank : 0  train.loss : 3.213480234146118  train.ips : 11.554651966820662 imgs/s train.total_time : 0.08654522895812988 
TCAPPDLL 2025-06-27 00:56:04.498987 - Epoch: 0 Iteration: 84  rank : 0  train.loss : 3.978600263595581  train.ips : 11.355752595741224 imgs/s train.total_time : 0.08806109428405762 
TCAPPDLL 2025-06-27 00:56:04.896674 - Epoch: 0 Iteration: 85  rank : 0  train.loss : 3.100074052810669  train.ips : 2.5151904935808522 imgs/s train.total_time : 0.3975841999053955 
TCAPPDLL 2025-06-27 00:56:04.992523 - Epoch: 0 Iteration: 86  rank : 0  train.loss : 3.572665214538574  train.ips : 10.44622105331321 imgs/s train.total_time : 0.09572839736938477 
TCAPPDLL 2025-06-27 00:56:05.082951 - Epoch: 0 Iteration: 87  rank : 0  train.loss : 3.133953809738159  train.ips : 11.073543699573353 imgs/s train.total_time : 0.09030532836914062 
TCAPPDLL 2025-06-27 00:56:05.171042 - Epoch: 0 Iteration: 88  rank : 0  train.loss : 2.6209325790405273  train.ips : 11.367201198971227 imgs/s train.total_time : 0.08797240257263184 
TCAPPDLL 2025-06-27 00:56:05.264752 - Epoch: 0 Iteration: 89  rank : 0  train.loss : 2.757901668548584  train.ips : 10.684899820402757 imgs/s train.total_time : 0.09359002113342285 
TCAPPDLL 2025-06-27 00:56:05.353030 - Epoch: 0 Iteration: 90  rank : 0  train.loss : 2.181591510772705  train.ips : 11.343652045035958 imgs/s train.total_time : 0.08815503120422363 
TCAPPDLL 2025-06-27 00:56:05.447774 - Epoch: 0 Iteration: 91  rank : 0  train.loss : 2.5957283973693848  train.ips : 10.567819115431325 imgs/s train.total_time : 0.09462690353393555 
TCAPPDLL 2025-06-27 00:56:05.536750 - Epoch: 0 Iteration: 92  rank : 0  train.loss : 2.4610931873321533  train.ips : 11.253924769987416 imgs/s train.total_time : 0.08885788917541504 
TCAPPDLL 2025-06-27 00:56:05.626064 - Epoch: 0 Iteration: 93  rank : 0  train.loss : 2.5226361751556396  train.ips : 11.211748761691425 imgs/s train.total_time : 0.08919215202331543 
TCAPPDLL 2025-06-27 00:56:05.721656 - Epoch: 0 Iteration: 94  rank : 0  train.loss : 1.7645825147628784  train.ips : 10.475677160732795 imgs/s train.total_time : 0.0954592227935791 
TCAPPDLL 2025-06-27 00:56:05.882500 - Epoch: 0 Iteration: 95  rank : 0  train.loss : 1.9157265424728394  train.ips : 6.222292112028745 imgs/s train.total_time : 0.16071248054504395 
TCAPPDLL 2025-06-27 00:56:05.974829 - Epoch: 0 Iteration: 96  rank : 0  train.loss : 1.5640020370483398  train.ips : 10.951986045977252 imgs/s train.total_time : 0.0913076400756836 
TCAPPDLL 2025-06-27 00:56:06.065608 - Epoch: 0 Iteration: 97  rank : 0  train.loss : 1.5512257814407349  train.ips : 11.030965468269205 imgs/s train.total_time : 0.09065389633178711 
TCAPPDLL 2025-06-27 00:56:06.186311 - Epoch: 0 Iteration: 98  rank : 0  train.loss : 1.838102102279663  train.ips : 8.293301380534894 imgs/s train.total_time : 0.12057924270629883 
TCAPPDLL 2025-06-27 00:56:06.277680 - Epoch: 0 Iteration: 99  rank : 0  train.loss : 1.462188720703125  train.ips : 10.96014236177346 imgs/s train.total_time : 0.09123969078063965 
06/27 00:56:06 - mmengine - INFO - Epoch(train)  [1][   100/117266]  lr: 1.9920e-05  eta: 2 days, 13:03:05  time: 0.1170  data_time: 0.0047  memory: 2320  loss: 4.3768  loss_rpn_cls: 0.6983  loss_rpn_bbox: 0.0849  s0.loss_cls: 1.4594  s0.acc: 99.6094  s0.loss_bbox: 0.0247  s1.loss_cls: 1.2857  s1.acc: 99.6094  s1.loss_bbox: 0.0066  s2.loss_cls: 0.8163  s2.acc: 99.4141  s2.loss_bbox: 0.0009
