/root/miniconda3/envs/wyc_mmlab2/lib/python3.9/site-packages/torch/utils/cpp_extension.py:28: UserWarning: pkg_resources is deprecated as an API. See https://setuptools.pypa.io/en/latest/pkg_resources.html. The pkg_resources package is slated for removal as early as 2025-11-30. Refrain from using this package or pin to Setuptools<81.
  from pkg_resources import packaging  # type: ignore[attr-defined]
06/30 04:41:47 - mmengine - INFO - 
------------------------------------------------------------
System environment:
    sys.platform: linux
    Python: 3.9.23 (main, Jun  5 2025, 13:40:20) [GCC 11.2.0]
    CUDA available: True
    MUSA available: False
    numpy_random_seed: 1178899220
    GPU 0: NVIDIA GeForce RTX 4090
    CUDA_HOME: /usr/local/cuda
    NVCC: Cuda compilation tools, release 12.9, V12.9.86
    GCC: gcc (Ubuntu 11.4.0-1ubuntu1~22.04) 11.4.0
    PyTorch: 2.1.0+cu121
    PyTorch compiling details: PyTorch built with:
  - GCC 9.3
  - C++ Version: 201703
  - Intel(R) oneAPI Math Kernel Library Version 2023.1-Product Build 20230303 for Intel(R) 64 architecture applications
  - Intel(R) MKL-DNN v3.1.1 (Git Hash 64f6bcbcbab628e96f33a62c3e975f8535a7bde4)
  - OpenMP 201511 (a.k.a. OpenMP 4.5)
  - LAPACK is enabled (usually provided by MKL)
  - NNPACK is enabled
  - CPU capability usage: AVX512
  - CUDA Runtime 12.1
  - NVCC architecture flags: -gencode;arch=compute_50,code=sm_50;-gencode;arch=compute_60,code=sm_60;-gencode;arch=compute_70,code=sm_70;-gencode;arch=compute_75,code=sm_75;-gencode;arch=compute_80,code=sm_80;-gencode;arch=compute_86,code=sm_86;-gencode;arch=compute_90,code=sm_90
  - CuDNN 8.9.2
  - Magma 2.6.1
  - Build settings: BLAS_INFO=mkl, BUILD_TYPE=Release, CUDA_VERSION=12.1, CUDNN_VERSION=8.9.2, CXX_COMPILER=/opt/rh/devtoolset-9/root/usr/bin/c++, CXX_FLAGS= -D_GLIBCXX_USE_CXX11_ABI=0 -fabi-version=11 -fvisibility-inlines-hidden -DUSE_PTHREADPOOL -DNDEBUG -DUSE_KINETO -DLIBKINETO_NOROCTRACER -DUSE_FBGEMM -DUSE_QNNPACK -DUSE_PYTORCH_QNNPACK -DUSE_XNNPACK -DSYMBOLICATE_MOBILE_DEBUG_HANDLE -O2 -fPIC -Wall -Wextra -Werror=return-type -Werror=non-virtual-dtor -Werror=bool-operation -Wnarrowing -Wno-missing-field-initializers -Wno-type-limits -Wno-array-bounds -Wno-unknown-pragmas -Wno-unused-parameter -Wno-unused-function -Wno-unused-result -Wno-strict-overflow -Wno-strict-aliasing -Wno-stringop-overflow -Wno-psabi -Wno-error=pedantic -Wno-error=old-style-cast -Wno-invalid-partial-specialization -Wno-unused-private-field -Wno-aligned-allocation-unavailable -Wno-missing-braces -fdiagnostics-color=always -faligned-new -Wno-unused-but-set-variable -Wno-maybe-uninitialized -fno-math-errno -fno-trapping-math -Werror=format -Werror=cast-function-type -Wno-stringop-overflow, LAPACK_INFO=mkl, PERF_WITH_AVX=1, PERF_WITH_AVX2=1, PERF_WITH_AVX512=1, TORCH_DISABLE_GPU_ASSERTS=ON, TORCH_VERSION=2.1.0, USE_CUDA=ON, USE_CUDNN=ON, USE_EXCEPTION_PTR=1, USE_GFLAGS=OFF, USE_GLOG=OFF, USE_MKL=ON, USE_MKLDNN=ON, USE_MPI=OFF, USE_NCCL=1, USE_NNPACK=ON, USE_OPENMP=ON, USE_ROCM=OFF, 

    TorchVision: 0.16.0+cu121
    OpenCV: 4.11.0
    MMEngine: 0.10.4

Runtime environment:
    cudnn_benchmark: False
    mp_cfg: {'mp_start_method': 'fork', 'opencv_num_threads': 0}
    dist_cfg: {'backend': 'nccl'}
    seed: 1178899220
    Distributed launcher: none
    Distributed training: False
    GPU number: 1
------------------------------------------------------------

06/30 04:41:48 - mmengine - INFO - Config:
auto_scale_lr = dict(base_batch_size=16, enable=False)
backend_args = None
data_root = '/home/01/wyc/datasets/coco/'
dataset_type = 'CocoDataset'
default_hooks = dict(
    checkpoint=dict(interval=1, type='CheckpointHook'),
    logger=dict(interval=50, type='LoggerHook'),
    param_scheduler=dict(type='ParamSchedulerHook'),
    sampler_seed=dict(type='DistSamplerSeedHook'),
    timer=dict(type='IterTimerHook'),
    visualization=dict(type='DetVisualizationHook'))
default_scope = 'mmdet'
env_cfg = dict(
    cudnn_benchmark=False,
    dist_cfg=dict(backend='nccl'),
    mp_cfg=dict(mp_start_method='fork', opencv_num_threads=0))
launcher = 'none'
load_from = None
log_level = 'INFO'
log_processor = dict(by_epoch=True, type='LogProcessor', window_size=50)
model = dict(
    backbone=dict(
        depth=50,
        frozen_stages=1,
        init_cfg=dict(checkpoint='torchvision://resnet50', type='Pretrained'),
        norm_cfg=dict(requires_grad=True, type='BN'),
        norm_eval=True,
        num_stages=4,
        out_indices=(
            0,
            1,
            2,
            3,
        ),
        style='pytorch',
        type='ResNet'),
    data_preprocessor=dict(
        bgr_to_rgb=True,
        mean=[
            123.675,
            116.28,
            103.53,
        ],
        pad_seg=True,
        pad_size_divisor=32,
        std=[
            58.395,
            57.12,
            57.375,
        ],
        type='DetDataPreprocessor'),
    neck=dict(
        in_channels=[
            256,
            512,
            1024,
            2048,
        ],
        num_outs=5,
        out_channels=256,
        type='FPN'),
    roi_head=dict(
        bbox_head=[
            dict(
                bbox_coder=dict(
                    target_means=[
                        0.0,
                        0.0,
                        0.0,
                        0.0,
                    ],
                    target_stds=[
                        0.1,
                        0.1,
                        0.2,
                        0.2,
                    ],
                    type='DeltaXYWHBBoxCoder'),
                fc_out_channels=1024,
                in_channels=256,
                loss_bbox=dict(beta=1.0, loss_weight=1.0, type='SmoothL1Loss'),
                loss_cls=dict(
                    loss_weight=1.0,
                    type='CrossEntropyLoss',
                    use_sigmoid=False),
                num_classes=80,
                num_shared_fcs=2,
                reg_class_agnostic=True,
                roi_feat_size=7,
                type='SCNetBBoxHead'),
            dict(
                bbox_coder=dict(
                    target_means=[
                        0.0,
                        0.0,
                        0.0,
                        0.0,
                    ],
                    target_stds=[
                        0.05,
                        0.05,
                        0.1,
                        0.1,
                    ],
                    type='DeltaXYWHBBoxCoder'),
                fc_out_channels=1024,
                in_channels=256,
                loss_bbox=dict(beta=1.0, loss_weight=1.0, type='SmoothL1Loss'),
                loss_cls=dict(
                    loss_weight=1.0,
                    type='CrossEntropyLoss',
                    use_sigmoid=False),
                num_classes=80,
                num_shared_fcs=2,
                reg_class_agnostic=True,
                roi_feat_size=7,
                type='SCNetBBoxHead'),
            dict(
                bbox_coder=dict(
                    target_means=[
                        0.0,
                        0.0,
                        0.0,
                        0.0,
                    ],
                    target_stds=[
                        0.033,
                        0.033,
                        0.067,
                        0.067,
                    ],
                    type='DeltaXYWHBBoxCoder'),
                fc_out_channels=1024,
                in_channels=256,
                loss_bbox=dict(beta=1.0, loss_weight=1.0, type='SmoothL1Loss'),
                loss_cls=dict(
                    loss_weight=1.0,
                    type='CrossEntropyLoss',
                    use_sigmoid=False),
                num_classes=80,
                num_shared_fcs=2,
                reg_class_agnostic=True,
                roi_feat_size=7,
                type='SCNetBBoxHead'),
        ],
        bbox_roi_extractor=dict(
            featmap_strides=[
                4,
                8,
                16,
                32,
            ],
            out_channels=256,
            roi_layer=dict(output_size=7, sampling_ratio=0, type='RoIAlign'),
            type='SingleRoIExtractor'),
        feat_relay_head=dict(
            in_channels=1024,
            out_conv_channels=256,
            roi_feat_size=7,
            scale_factor=2,
            type='FeatureRelayHead'),
        glbctx_head=dict(
            conv_out_channels=256,
            conv_to_res=True,
            in_channels=256,
            loss_weight=3.0,
            num_classes=80,
            num_convs=4,
            type='GlobalContextHead'),
        mask_head=dict(
            conv_out_channels=256,
            conv_to_res=True,
            in_channels=256,
            loss_mask=dict(
                loss_weight=1.0, type='CrossEntropyLoss', use_mask=True),
            num_classes=80,
            num_convs=12,
            type='SCNetMaskHead'),
        mask_roi_extractor=dict(
            featmap_strides=[
                4,
                8,
                16,
                32,
            ],
            out_channels=256,
            roi_layer=dict(output_size=14, sampling_ratio=0, type='RoIAlign'),
            type='SingleRoIExtractor'),
        num_stages=3,
        semantic_head=dict(
            conv_out_channels=256,
            conv_to_res=True,
            fusion_level=1,
            in_channels=256,
            loss_seg=dict(
                ignore_index=255, loss_weight=0.2, type='CrossEntropyLoss'),
            num_classes=183,
            num_convs=4,
            num_ins=5,
            seg_scale_factor=0.125,
            type='SCNetSemanticHead'),
        semantic_roi_extractor=dict(
            featmap_strides=[
                8,
            ],
            out_channels=256,
            roi_layer=dict(output_size=14, sampling_ratio=0, type='RoIAlign'),
            type='SingleRoIExtractor'),
        stage_loss_weights=[
            1,
            0.5,
            0.25,
        ],
        type='SCNetRoIHead'),
    rpn_head=dict(
        anchor_generator=dict(
            ratios=[
                0.5,
                1.0,
                2.0,
            ],
            scales=[
                8,
            ],
            strides=[
                4,
                8,
                16,
                32,
                64,
            ],
            type='AnchorGenerator'),
        bbox_coder=dict(
            target_means=[
                0.0,
                0.0,
                0.0,
                0.0,
            ],
            target_stds=[
                1.0,
                1.0,
                1.0,
                1.0,
            ],
            type='DeltaXYWHBBoxCoder'),
        feat_channels=256,
        in_channels=256,
        loss_bbox=dict(
            beta=0.1111111111111111, loss_weight=1.0, type='SmoothL1Loss'),
        loss_cls=dict(
            loss_weight=1.0, type='CrossEntropyLoss', use_sigmoid=True),
        type='RPNHead'),
    test_cfg=dict(
        rcnn=dict(
            mask_thr_binary=0.5,
            max_per_img=100,
            nms=dict(iou_threshold=0.5, type='nms'),
            score_thr=0.001),
        rpn=dict(
            max_per_img=1000,
            min_bbox_size=0,
            nms=dict(iou_threshold=0.7, type='nms'),
            nms_pre=1000)),
    train_cfg=dict(
        rcnn=[
            dict(
                assigner=dict(
                    ignore_iof_thr=-1,
                    min_pos_iou=0.5,
                    neg_iou_thr=0.5,
                    pos_iou_thr=0.5,
                    type='MaxIoUAssigner'),
                debug=False,
                mask_size=28,
                pos_weight=-1,
                sampler=dict(
                    add_gt_as_proposals=True,
                    neg_pos_ub=-1,
                    num=512,
                    pos_fraction=0.25,
                    type='RandomSampler')),
            dict(
                assigner=dict(
                    ignore_iof_thr=-1,
                    min_pos_iou=0.6,
                    neg_iou_thr=0.6,
                    pos_iou_thr=0.6,
                    type='MaxIoUAssigner'),
                debug=False,
                mask_size=28,
                pos_weight=-1,
                sampler=dict(
                    add_gt_as_proposals=True,
                    neg_pos_ub=-1,
                    num=512,
                    pos_fraction=0.25,
                    type='RandomSampler')),
            dict(
                assigner=dict(
                    ignore_iof_thr=-1,
                    min_pos_iou=0.7,
                    neg_iou_thr=0.7,
                    pos_iou_thr=0.7,
                    type='MaxIoUAssigner'),
                debug=False,
                mask_size=28,
                pos_weight=-1,
                sampler=dict(
                    add_gt_as_proposals=True,
                    neg_pos_ub=-1,
                    num=512,
                    pos_fraction=0.25,
                    type='RandomSampler')),
        ],
        rpn=dict(
            allowed_border=0,
            assigner=dict(
                ignore_iof_thr=-1,
                min_pos_iou=0.3,
                neg_iou_thr=0.3,
                pos_iou_thr=0.7,
                type='MaxIoUAssigner'),
            debug=False,
            pos_weight=-1,
            sampler=dict(
                add_gt_as_proposals=False,
                neg_pos_ub=-1,
                num=256,
                pos_fraction=0.5,
                type='RandomSampler')),
        rpn_proposal=dict(
            max_per_img=2000,
            min_bbox_size=0,
            nms=dict(iou_threshold=0.7, type='nms'),
            nms_pre=2000)),
    type='SCNet')
optim_wrapper = dict(
    optimizer=dict(lr=0.0001, momentum=0.9, type='SGD', weight_decay=0.0001),
    type='OptimWrapper')
param_scheduler = [
    dict(
        begin=0, by_epoch=False, end=500, start_factor=0.001, type='LinearLR'),
    dict(
        begin=0,
        by_epoch=True,
        end=12,
        gamma=0.1,
        milestones=[
            8,
            11,
        ],
        type='MultiStepLR'),
]
resume = False
test_cfg = dict(type='TestLoop')
test_dataloader = dict(
    batch_size=1,
    dataset=dict(
        ann_file='annotations/instances_val2017.json',
        backend_args=None,
        data_prefix=dict(img='images/val2017/'),
        data_root='/home/01/wyc/datasets/coco/',
        pipeline=[
            dict(backend_args=None, type='LoadImageFromFile'),
            dict(keep_ratio=True, scale=(
                1333,
                800,
            ), type='Resize'),
            dict(type='LoadAnnotations', with_bbox=True, with_mask=True),
            dict(
                meta_keys=(
                    'img_id',
                    'img_path',
                    'ori_shape',
                    'img_shape',
                    'scale_factor',
                ),
                type='PackDetInputs'),
        ],
        test_mode=True,
        type='CocoDataset'),
    drop_last=False,
    num_workers=2,
    persistent_workers=True,
    sampler=dict(shuffle=False, type='DefaultSampler'))
test_evaluator = dict(
    ann_file='/home/01/wyc/datasets/coco/annotations/instances_val2017.json',
    backend_args=None,
    format_only=False,
    metric=[
        'bbox',
        'segm',
    ],
    type='CocoMetric')
test_pipeline = [
    dict(backend_args=None, type='LoadImageFromFile'),
    dict(keep_ratio=True, scale=(
        1333,
        800,
    ), type='Resize'),
    dict(type='LoadAnnotations', with_bbox=True, with_mask=True),
    dict(
        meta_keys=(
            'img_id',
            'img_path',
            'ori_shape',
            'img_shape',
            'scale_factor',
        ),
        type='PackDetInputs'),
]
train_cfg = dict(max_epochs=12, type='EpochBasedTrainLoop', val_interval=1)
train_dataloader = dict(
    batch_sampler=dict(type='AspectRatioBatchSampler'),
    batch_size=2,
    dataset=dict(
        ann_file='annotations/instances_train2017.json',
        backend_args=None,
        data_prefix=dict(
            img='images/train2017/', seg='images/stuffthingmaps/train2017/'),
        data_root='/home/01/wyc/datasets/coco/',
        filter_cfg=dict(filter_empty_gt=True, min_size=32),
        pipeline=[
            dict(backend_args=None, type='LoadImageFromFile'),
            dict(
                type='LoadAnnotations',
                with_bbox=True,
                with_mask=True,
                with_seg=True),
            dict(keep_ratio=True, scale=(
                1333,
                800,
            ), type='Resize'),
            dict(prob=0.5, type='RandomFlip'),
            dict(type='PackDetInputs'),
        ],
        type='CocoDataset'),
    num_workers=2,
    persistent_workers=True,
    sampler=dict(shuffle=True, type='DefaultSampler'))
train_pipeline = [
    dict(backend_args=None, type='LoadImageFromFile'),
    dict(
        type='LoadAnnotations', with_bbox=True, with_mask=True, with_seg=True),
    dict(keep_ratio=True, scale=(
        1333,
        800,
    ), type='Resize'),
    dict(prob=0.5, type='RandomFlip'),
    dict(type='PackDetInputs'),
]
val_cfg = dict(type='ValLoop')
val_dataloader = dict(
    batch_size=1,
    dataset=dict(
        ann_file='annotations/instances_val2017.json',
        backend_args=None,
        data_prefix=dict(img='images/val2017/'),
        data_root='/home/01/wyc/datasets/coco/',
        pipeline=[
            dict(backend_args=None, type='LoadImageFromFile'),
            dict(keep_ratio=True, scale=(
                1333,
                800,
            ), type='Resize'),
            dict(type='LoadAnnotations', with_bbox=True, with_mask=True),
            dict(
                meta_keys=(
                    'img_id',
                    'img_path',
                    'ori_shape',
                    'img_shape',
                    'scale_factor',
                ),
                type='PackDetInputs'),
        ],
        test_mode=True,
        type='CocoDataset'),
    drop_last=False,
    num_workers=2,
    persistent_workers=True,
    sampler=dict(shuffle=False, type='DefaultSampler'))
val_evaluator = dict(
    ann_file='/home/01/wyc/datasets/coco/annotations/instances_val2017.json',
    backend_args=None,
    format_only=False,
    metric=[
        'bbox',
        'segm',
    ],
    type='CocoMetric')
vis_backends = [
    dict(type='LocalVisBackend'),
]
visualizer = dict(
    name='visualizer',
    type='DetLocalVisualizer',
    vis_backends=[
        dict(type='LocalVisBackend'),
    ])
work_dir = './work_dirs/scnet_r50_fpn_1x_coco'

/root/miniconda3/envs/wyc_mmlab2/lib/python3.9/site-packages/mmdet/models/losses/cross_entropy_loss.py:240: UserWarning: Default ``avg_non_ignore`` is False, if you would like to ignore the certain label and average loss over non-ignore labels, which is the same with PyTorch official cross_entropy, set ``avg_non_ignore=True``.
  warnings.warn(
06/30 04:41:50 - mmengine - INFO - Distributed training is not used, all SyncBatchNorm (SyncBN) layers in the model will be automatically reverted to BatchNormXd layers if they are used.
06/30 04:41:50 - mmengine - INFO - Hooks will be executed in the following order:
before_run:
(VERY_HIGH   ) RuntimeInfoHook                    
(BELOW_NORMAL) LoggerHook                         
 -------------------- 
before_train:
(VERY_HIGH   ) RuntimeInfoHook                    
(NORMAL      ) IterTimerHook                      
(VERY_LOW    ) CheckpointHook                     
 -------------------- 
before_train_epoch:
(VERY_HIGH   ) RuntimeInfoHook                    
(NORMAL      ) IterTimerHook                      
(NORMAL      ) DistSamplerSeedHook                
 -------------------- 
before_train_iter:
(VERY_HIGH   ) RuntimeInfoHook                    
(NORMAL      ) IterTimerHook                      
 -------------------- 
after_train_iter:
(VERY_HIGH   ) RuntimeInfoHook                    
(NORMAL      ) IterTimerHook                      
(BELOW_NORMAL) LoggerHook                         
(LOW         ) ParamSchedulerHook                 
(VERY_LOW    ) CheckpointHook                     
 -------------------- 
after_train_epoch:
(NORMAL      ) IterTimerHook                      
(LOW         ) ParamSchedulerHook                 
(VERY_LOW    ) CheckpointHook                     
 -------------------- 
before_val:
(VERY_HIGH   ) RuntimeInfoHook                    
 -------------------- 
before_val_epoch:
(NORMAL      ) IterTimerHook                      
 -------------------- 
before_val_iter:
(NORMAL      ) IterTimerHook                      
 -------------------- 
after_val_iter:
(NORMAL      ) IterTimerHook                      
(NORMAL      ) DetVisualizationHook               
(BELOW_NORMAL) LoggerHook                         
 -------------------- 
after_val_epoch:
(VERY_HIGH   ) RuntimeInfoHook                    
(NORMAL      ) IterTimerHook                      
(BELOW_NORMAL) LoggerHook                         
(LOW         ) ParamSchedulerHook                 
(VERY_LOW    ) CheckpointHook                     
 -------------------- 
after_val:
(VERY_HIGH   ) RuntimeInfoHook                    
 -------------------- 
after_train:
(VERY_HIGH   ) RuntimeInfoHook                    
(VERY_LOW    ) CheckpointHook                     
 -------------------- 
before_test:
(VERY_HIGH   ) RuntimeInfoHook                    
 -------------------- 
before_test_epoch:
(NORMAL      ) IterTimerHook                      
 -------------------- 
before_test_iter:
(NORMAL      ) IterTimerHook                      
 -------------------- 
after_test_iter:
(NORMAL      ) IterTimerHook                      
(NORMAL      ) DetVisualizationHook               
(BELOW_NORMAL) LoggerHook                         
 -------------------- 
after_test_epoch:
(VERY_HIGH   ) RuntimeInfoHook                    
(NORMAL      ) IterTimerHook                      
(BELOW_NORMAL) LoggerHook                         
 -------------------- 
after_test:
(VERY_HIGH   ) RuntimeInfoHook                    
 -------------------- 
after_run:
(BELOW_NORMAL) LoggerHook                         
 -------------------- 
loading annotations into memory...
Done (t=15.03s)
creating index...
index created!
loading annotations into memory...
Done (t=0.63s)
creating index...
index created!
loading annotations into memory...
Done (t=0.65s)
creating index...
index created!
06/30 04:42:29 - mmengine - INFO - load model from: torchvision://resnet50
06/30 04:42:29 - mmengine - INFO - Loads checkpoint by torchvision backend from path: torchvision://resnet50
06/30 04:42:29 - mmengine - WARNING - The model and loaded state dict do not match exactly

unexpected key in source state_dict: fc.weight, fc.bias

06/30 04:42:29 - mmengine - WARNING - "FileClient" will be deprecated in future. Please use io functions in https://mmengine.readthedocs.io/en/latest/api/fileio.html#file-io
06/30 04:42:29 - mmengine - WARNING - "HardDiskBackend" is the alias of "LocalBackend" and the former will be deprecated in future.
06/30 04:42:29 - mmengine - INFO - Checkpoints will be saved to /home/01/wyc/mmdetection/work_dirs/scnet_r50_fpn_1x_coco.
TCAPPDLL 2025-06-30 04:42:31.555298 - Epoch: 0 Iteration: 0  rank : 0  train.loss : 15.16285514831543  train.ips : 0.8520827382662247 imgs/s train.total_time : 2.3471899032592773 
TCAPPDLL 2025-06-30 04:42:32.007008 - Epoch: 0 Iteration: 1  rank : 0  train.loss : 14.940258026123047  train.ips : 4.429859567576074 imgs/s train.total_time : 0.45148158073425293 
TCAPPDLL 2025-06-30 04:42:32.283783 - Epoch: 0 Iteration: 2  rank : 0  train.loss : 15.813021659851074  train.ips : 7.2300814402574645 imgs/s train.total_time : 0.27662205696105957 
TCAPPDLL 2025-06-30 04:42:32.517713 - Epoch: 0 Iteration: 3  rank : 0  train.loss : 14.19480037689209  train.ips : 8.554470631065733 imgs/s train.total_time : 0.2337958812713623 
TCAPPDLL 2025-06-30 04:42:32.844702 - Epoch: 0 Iteration: 4  rank : 0  train.loss : 16.077638626098633  train.ips : 6.119078499139977 imgs/s train.total_time : 0.3268465995788574 
TCAPPDLL 2025-06-30 04:42:33.268285 - Epoch: 0 Iteration: 5  rank : 0  train.loss : 16.97671127319336  train.ips : 4.722913761273675 imgs/s train.total_time : 0.42346739768981934 
TCAPPDLL 2025-06-30 04:42:33.784077 - Epoch: 0 Iteration: 6  rank : 0  train.loss : 15.416454315185547  train.ips : 3.878353899571415 imgs/s train.total_time : 0.5156826972961426 
TCAPPDLL 2025-06-30 04:42:34.003265 - Epoch: 0 Iteration: 7  rank : 0  train.loss : 16.222543716430664  train.ips : 9.129772022563747 imgs/s train.total_time : 0.21906352043151855 
TCAPPDLL 2025-06-30 04:42:34.255296 - Epoch: 0 Iteration: 8  rank : 0  train.loss : 16.033714294433594  train.ips : 7.94000562234323 imgs/s train.total_time : 0.2518889904022217 
TCAPPDLL 2025-06-30 04:42:34.682311 - Epoch: 0 Iteration: 9  rank : 0  train.loss : 16.085512161254883  train.ips : 4.685124690236178 imgs/s train.total_time : 0.4268829822540283 
TCAPPDLL 2025-06-30 04:42:34.937099 - Epoch: 0 Iteration: 10  rank : 0  train.loss : 15.800872802734375  train.ips : 7.853501801268752 imgs/s train.total_time : 0.25466346740722656 
TCAPPDLL 2025-06-30 04:42:35.370002 - Epoch: 0 Iteration: 11  rank : 0  train.loss : 15.481600761413574  train.ips : 4.621511942447945 imgs/s train.total_time : 0.43275880813598633 
TCAPPDLL 2025-06-30 04:42:35.622860 - Epoch: 0 Iteration: 12  rank : 0  train.loss : 14.026534080505371  train.ips : 7.9136318182675796 imgs/s train.total_time : 0.2527284622192383 
TCAPPDLL 2025-06-30 04:42:35.868282 - Epoch: 0 Iteration: 13  rank : 0  train.loss : 16.047407150268555  train.ips : 8.153699905716312 imgs/s train.total_time : 0.24528741836547852 
TCAPPDLL 2025-06-30 04:42:36.162843 - Epoch: 0 Iteration: 14  rank : 0  train.loss : 14.600808143615723  train.ips : 6.792631646284041 imgs/s train.total_time : 0.2944366931915283 
TCAPPDLL 2025-06-30 04:42:36.398604 - Epoch: 0 Iteration: 15  rank : 0  train.loss : 16.111948013305664  train.ips : 8.487976743738951 imgs/s train.total_time : 0.2356274127960205 
TCAPPDLL 2025-06-30 04:42:36.846986 - Epoch: 0 Iteration: 16  rank : 0  train.loss : 13.539774894714355  train.ips : 4.461854652375015 imgs/s train.total_time : 0.4482440948486328 
TCAPPDLL 2025-06-30 04:42:37.127670 - Epoch: 0 Iteration: 17  rank : 0  train.loss : 14.966121673583984  train.ips : 7.128478365429555 imgs/s train.total_time : 0.2805647850036621 
TCAPPDLL 2025-06-30 04:42:37.350482 - Epoch: 0 Iteration: 18  rank : 0  train.loss : 14.022780418395996  train.ips : 8.981330935059233 imgs/s train.total_time : 0.22268414497375488 
TCAPPDLL 2025-06-30 04:42:37.792151 - Epoch: 0 Iteration: 19  rank : 0  train.loss : 12.944060325622559  train.ips : 4.529574008998015 imgs/s train.total_time : 0.4415426254272461 
TCAPPDLL 2025-06-30 04:42:37.991943 - Epoch: 0 Iteration: 20  rank : 0  train.loss : 13.252067565917969  train.ips : 10.017109530610393 imgs/s train.total_time : 0.19965839385986328 
TCAPPDLL 2025-06-30 04:42:38.256065 - Epoch: 0 Iteration: 21  rank : 0  train.loss : 13.101548194885254  train.ips : 7.576689909317533 imgs/s train.total_time : 0.26396751403808594 
TCAPPDLL 2025-06-30 04:42:38.498959 - Epoch: 0 Iteration: 22  rank : 0  train.loss : 12.463871002197266  train.ips : 8.238389211124359 imgs/s train.total_time : 0.2427659034729004 
TCAPPDLL 2025-06-30 04:42:38.862443 - Epoch: 0 Iteration: 23  rank : 0  train.loss : 12.035224914550781  train.ips : 5.504650199847367 imgs/s train.total_time : 0.3633291721343994 
TCAPPDLL 2025-06-30 04:42:39.304924 - Epoch: 0 Iteration: 24  rank : 0  train.loss : 11.86635971069336  train.ips : 4.521327065306558 imgs/s train.total_time : 0.44234800338745117 
TCAPPDLL 2025-06-30 04:42:39.504303 - Epoch: 0 Iteration: 25  rank : 0  train.loss : 12.202028274536133  train.ips : 10.037209647371046 imgs/s train.total_time : 0.19925856590270996 
TCAPPDLL 2025-06-30 04:42:39.715227 - Epoch: 0 Iteration: 26  rank : 0  train.loss : 11.93565559387207  train.ips : 9.48772272703624 imgs/s train.total_time : 0.2107987403869629 
TCAPPDLL 2025-06-30 04:42:39.979777 - Epoch: 0 Iteration: 27  rank : 0  train.loss : 11.829230308532715  train.ips : 7.564057640650346 imgs/s train.total_time : 0.2644083499908447 
TCAPPDLL 2025-06-30 04:42:40.195940 - Epoch: 0 Iteration: 28  rank : 0  train.loss : 11.075601577758789  train.ips : 9.259654432843119 imgs/s train.total_time : 0.21599078178405762 
TCAPPDLL 2025-06-30 04:42:40.718826 - Epoch: 0 Iteration: 29  rank : 0  train.loss : 10.945480346679688  train.ips : 3.8262860666778264 imgs/s train.total_time : 0.5227000713348389 
TCAPPDLL 2025-06-30 04:42:40.917365 - Epoch: 0 Iteration: 30  rank : 0  train.loss : 10.092514038085938  train.ips : 10.081152927264249 imgs/s train.total_time : 0.19839000701904297 
TCAPPDLL 2025-06-30 04:42:41.164952 - Epoch: 0 Iteration: 31  rank : 0  train.loss : 9.605734825134277  train.ips : 8.082881105081402 imgs/s train.total_time : 0.2474365234375 
TCAPPDLL 2025-06-30 04:42:41.369867 - Epoch: 0 Iteration: 32  rank : 0  train.loss : 9.895575523376465  train.ips : 9.766210058420707 imgs/s train.total_time : 0.2047877311706543 
TCAPPDLL 2025-06-30 04:42:41.683892 - Epoch: 0 Iteration: 33  rank : 0  train.loss : 9.640933990478516  train.ips : 6.371456001555531 imgs/s train.total_time : 0.3138999938964844 
TCAPPDLL 2025-06-30 04:42:41.903413 - Epoch: 0 Iteration: 34  rank : 0  train.loss : 9.836856842041016  train.ips : 9.115892103827571 imgs/s train.total_time : 0.21939706802368164 
TCAPPDLL 2025-06-30 04:42:42.157837 - Epoch: 0 Iteration: 35  rank : 0  train.loss : 10.69874382019043  train.ips : 7.865143382197824 imgs/s train.total_time : 0.254286527633667 
TCAPPDLL 2025-06-30 04:42:42.367466 - Epoch: 0 Iteration: 36  rank : 0  train.loss : 9.650577545166016  train.ips : 9.547220489754668 imgs/s train.total_time : 0.20948505401611328 
TCAPPDLL 2025-06-30 04:42:42.620562 - Epoch: 0 Iteration: 37  rank : 0  train.loss : 9.153921127319336  train.ips : 7.908267726556674 imgs/s train.total_time : 0.2528998851776123 
TCAPPDLL 2025-06-30 04:42:42.854944 - Epoch: 0 Iteration: 38  rank : 0  train.loss : 9.189947128295898  train.ips : 8.538275430012693 imgs/s train.total_time : 0.2342393398284912 
TCAPPDLL 2025-06-30 04:42:43.091160 - Epoch: 0 Iteration: 39  rank : 0  train.loss : 8.76228141784668  train.ips : 8.47235725143039 imgs/s train.total_time : 0.23606181144714355 
TCAPPDLL 2025-06-30 04:42:43.326559 - Epoch: 0 Iteration: 40  rank : 0  train.loss : 9.610936164855957  train.ips : 8.50107725204455 imgs/s train.total_time : 0.23526430130004883 
TCAPPDLL 2025-06-30 04:42:43.618197 - Epoch: 0 Iteration: 41  rank : 0  train.loss : 8.664430618286133  train.ips : 6.861190380961495 imgs/s train.total_time : 0.29149460792541504 
TCAPPDLL 2025-06-30 04:42:44.053222 - Epoch: 0 Iteration: 42  rank : 0  train.loss : 8.95960807800293  train.ips : 4.598939382060941 imgs/s train.total_time : 0.43488287925720215 
TCAPPDLL 2025-06-30 04:42:44.305499 - Epoch: 0 Iteration: 43  rank : 0  train.loss : 8.601882934570312  train.ips : 7.932144795592816 imgs/s train.total_time : 0.252138614654541 
TCAPPDLL 2025-06-30 04:42:44.526039 - Epoch: 0 Iteration: 44  rank : 0  train.loss : 9.473163604736328  train.ips : 9.074200115528651 imgs/s train.total_time : 0.22040510177612305 
TCAPPDLL 2025-06-30 04:42:44.820882 - Epoch: 0 Iteration: 45  rank : 0  train.loss : 8.681816101074219  train.ips : 6.786537288461943 imgs/s train.total_time : 0.29470109939575195 
TCAPPDLL 2025-06-30 04:42:45.047953 - Epoch: 0 Iteration: 46  rank : 0  train.loss : 9.104671478271484  train.ips : 8.817537091832175 imgs/s train.total_time : 0.226820707321167 
TCAPPDLL 2025-06-30 04:42:45.294404 - Epoch: 0 Iteration: 47  rank : 0  train.loss : 8.429055213928223  train.ips : 8.119416853634599 imgs/s train.total_time : 0.2463231086730957 
TCAPPDLL 2025-06-30 04:42:45.495367 - Epoch: 0 Iteration: 48  rank : 0  train.loss : 7.901478290557861  train.ips : 9.95916894218212 imgs/s train.total_time : 0.2008199691772461 
TCAPPDLL 2025-06-30 04:42:45.981728 - Epoch: 0 Iteration: 49  rank : 0  train.loss : 7.072571754455566  train.ips : 4.113494402463602 imgs/s train.total_time : 0.4862046241760254 
06/30 04:42:45 - mmengine - INFO - Epoch(train)  [1][   50/58633]  lr: 9.9098e-06  eta: 2 days, 17:31:49  time: 0.3353  data_time: 0.0435  memory: 5098  loss: 12.1640  loss_rpn_cls: 0.6928  loss_rpn_bbox: 0.0886  loss_semantic_seg: 2.0113  loss_glbctx: 2.0793  s0.loss_cls: 1.7839  s0.acc: 99.4141  s0.loss_bbox: 0.0300  s1.loss_cls: 1.8483  s1.acc: 99.6094  s1.loss_bbox: 0.0074  s2.loss_cls: 1.0010  s2.acc: 99.6094  s2.loss_bbox: 0.0012  loss_mask: 2.6201
TCAPPDLL 2025-06-30 04:42:46.532898 - Epoch: 0 Iteration: 50  rank : 0  train.loss : 9.24107837677002  train.ips : 3.629670623043969 imgs/s train.total_time : 0.5510141849517822 
TCAPPDLL 2025-06-30 04:42:46.814755 - Epoch: 0 Iteration: 51  rank : 0  train.loss : 8.286286354064941  train.ips : 7.099670009453692 imgs/s train.total_time : 0.28170323371887207 
TCAPPDLL 2025-06-30 04:42:47.051250 - Epoch: 0 Iteration: 52  rank : 0  train.loss : 7.995763778686523  train.ips : 8.462434276629315 imgs/s train.total_time : 0.23633861541748047 
TCAPPDLL 2025-06-30 04:42:47.655701 - Epoch: 0 Iteration: 53  rank : 0  train.loss : 7.7774128913879395  train.ips : 3.309563384710436 imgs/s train.total_time : 0.6043093204498291 
TCAPPDLL 2025-06-30 04:42:47.861508 - Epoch: 0 Iteration: 54  rank : 0  train.loss : 7.989894866943359  train.ips : 9.723791540172646 imgs/s train.total_time : 0.20568108558654785 
TCAPPDLL 2025-06-30 04:42:48.162673 - Epoch: 0 Iteration: 55  rank : 0  train.loss : 8.712955474853516  train.ips : 6.6438894190978175 imgs/s train.total_time : 0.3010284900665283 
TCAPPDLL 2025-06-30 04:42:48.413235 - Epoch: 0 Iteration: 56  rank : 0  train.loss : 8.514095306396484  train.ips : 7.986199385369978 imgs/s train.total_time : 0.25043201446533203 
TCAPPDLL 2025-06-30 04:42:48.618448 - Epoch: 0 Iteration: 57  rank : 0  train.loss : 7.157278537750244  train.ips : 9.752074839540704 imgs/s train.total_time : 0.20508456230163574 
TCAPPDLL 2025-06-30 04:42:48.807509 - Epoch: 0 Iteration: 58  rank : 0  train.loss : 7.959682941436768  train.ips : 10.586517177234327 imgs/s train.total_time : 0.1889195442199707 
TCAPPDLL 2025-06-30 04:42:49.086387 - Epoch: 0 Iteration: 59  rank : 0  train.loss : 9.620512962341309  train.ips : 7.175877522773718 imgs/s train.total_time : 0.27871155738830566 
TCAPPDLL 2025-06-30 04:42:49.274019 - Epoch: 0 Iteration: 60  rank : 0  train.loss : 7.7424726486206055  train.ips : 10.66761618694698 imgs/s train.total_time : 0.1874833106994629 
TCAPPDLL 2025-06-30 04:42:49.509565 - Epoch: 0 Iteration: 61  rank : 0  train.loss : 7.452234268188477  train.ips : 8.495833919903097 imgs/s train.total_time : 0.23540949821472168 
TCAPPDLL 2025-06-30 04:42:49.702946 - Epoch: 0 Iteration: 62  rank : 0  train.loss : 7.575850963592529  train.ips : 10.35049200757599 imgs/s train.total_time : 0.19322752952575684 
TCAPPDLL 2025-06-30 04:42:49.904312 - Epoch: 0 Iteration: 63  rank : 0  train.loss : 7.219277858734131  train.ips : 9.938649754335996 imgs/s train.total_time : 0.2012345790863037 
TCAPPDLL 2025-06-30 04:42:50.140745 - Epoch: 0 Iteration: 64  rank : 0  train.loss : 7.843024253845215  train.ips : 8.463638152219426 imgs/s train.total_time : 0.23630499839782715 
TCAPPDLL 2025-06-30 04:42:50.362428 - Epoch: 0 Iteration: 65  rank : 0  train.loss : 6.511570453643799  train.ips : 9.02813392268095 imgs/s train.total_time : 0.22152972221374512 
TCAPPDLL 2025-06-30 04:42:50.609804 - Epoch: 0 Iteration: 66  rank : 0  train.loss : 8.584845542907715  train.ips : 8.090107310562187 imgs/s train.total_time : 0.24721550941467285 
TCAPPDLL 2025-06-30 04:42:50.838933 - Epoch: 0 Iteration: 67  rank : 0  train.loss : 7.127656936645508  train.ips : 8.736604427558511 imgs/s train.total_time : 0.22892189025878906 
TCAPPDLL 2025-06-30 04:42:51.105531 - Epoch: 0 Iteration: 68  rank : 0  train.loss : 6.880250930786133  train.ips : 7.506631361449244 imgs/s train.total_time : 0.2664310932159424 
TCAPPDLL 2025-06-30 04:42:51.312141 - Epoch: 0 Iteration: 69  rank : 0  train.loss : 6.236150741577148  train.ips : 9.687128877515434 imgs/s train.total_time : 0.20645952224731445 
TCAPPDLL 2025-06-30 04:42:51.583785 - Epoch: 0 Iteration: 70  rank : 0  train.loss : 5.976990222930908  train.ips : 7.36645362754861 imgs/s train.total_time : 0.2715010643005371 
TCAPPDLL 2025-06-30 04:42:51.822562 - Epoch: 0 Iteration: 71  rank : 0  train.loss : 7.525424957275391  train.ips : 8.38074685944584 imgs/s train.total_time : 0.23864221572875977 
TCAPPDLL 2025-06-30 04:42:52.054404 - Epoch: 0 Iteration: 72  rank : 0  train.loss : 7.0521087646484375  train.ips : 8.631285215107976 imgs/s train.total_time : 0.23171520233154297 
TCAPPDLL 2025-06-30 04:42:52.270767 - Epoch: 0 Iteration: 73  rank : 0  train.loss : 6.758650779724121  train.ips : 9.249760723343257 imgs/s train.total_time : 0.21622180938720703 
TCAPPDLL 2025-06-30 04:42:52.557107 - Epoch: 0 Iteration: 74  rank : 0  train.loss : 6.801638603210449  train.ips : 6.988218025263393 imgs/s train.total_time : 0.2861959934234619 
TCAPPDLL 2025-06-30 04:42:52.780768 - Epoch: 0 Iteration: 75  rank : 0  train.loss : 10.38846492767334  train.ips : 8.947619474274791 imgs/s train.total_time : 0.22352313995361328 
TCAPPDLL 2025-06-30 04:42:53.066416 - Epoch: 0 Iteration: 76  rank : 0  train.loss : 7.452442646026611  train.ips : 7.004685317196225 imgs/s train.total_time : 0.2855231761932373 
TCAPPDLL 2025-06-30 04:42:53.284763 - Epoch: 0 Iteration: 77  rank : 0  train.loss : 6.992334842681885  train.ips : 9.16497285013493 imgs/s train.total_time : 0.21822214126586914 
TCAPPDLL 2025-06-30 04:42:53.548958 - Epoch: 0 Iteration: 78  rank : 0  train.loss : 6.945806503295898  train.ips : 7.5738099515972195 imgs/s train.total_time : 0.2640678882598877 
TCAPPDLL 2025-06-30 04:42:53.753833 - Epoch: 0 Iteration: 79  rank : 0  train.loss : 6.897810935974121  train.ips : 9.768666606111845 imgs/s train.total_time : 0.20473623275756836 
TCAPPDLL 2025-06-30 04:42:54.003261 - Epoch: 0 Iteration: 80  rank : 0  train.loss : 7.00107479095459  train.ips : 8.02253952162811 imgs/s train.total_time : 0.2492976188659668 
TCAPPDLL 2025-06-30 04:42:54.195927 - Epoch: 0 Iteration: 81  rank : 0  train.loss : 6.915428161621094  train.ips : 10.387031267799566 imgs/s train.total_time : 0.19254779815673828 
TCAPPDLL 2025-06-30 04:42:54.423410 - Epoch: 0 Iteration: 82  rank : 0  train.loss : 6.936354637145996  train.ips : 8.79642799468981 imgs/s train.total_time : 0.22736501693725586 
TCAPPDLL 2025-06-30 04:42:54.634293 - Epoch: 0 Iteration: 83  rank : 0  train.loss : 7.499711036682129  train.ips : 9.48978349748066 imgs/s train.total_time : 0.2107529640197754 
TCAPPDLL 2025-06-30 04:42:54.829363 - Epoch: 0 Iteration: 84  rank : 0  train.loss : 6.401963233947754  train.ips : 10.259135692551537 imgs/s train.total_time : 0.1949481964111328 
TCAPPDLL 2025-06-30 04:42:55.098171 - Epoch: 0 Iteration: 85  rank : 0  train.loss : 6.559234619140625  train.ips : 7.443988226075675 imgs/s train.total_time : 0.2686731815338135 
TCAPPDLL 2025-06-30 04:42:55.344343 - Epoch: 0 Iteration: 86  rank : 0  train.loss : 6.581603050231934  train.ips : 8.129126288859602 imgs/s train.total_time : 0.24602890014648438 
TCAPPDLL 2025-06-30 04:42:55.544205 - Epoch: 0 Iteration: 87  rank : 0  train.loss : 7.224879264831543  train.ips : 10.013199563118095 imgs/s train.total_time : 0.1997363567352295 
TCAPPDLL 2025-06-30 04:42:55.796221 - Epoch: 0 Iteration: 88  rank : 0  train.loss : 6.711435317993164  train.ips : 7.940020653158504 imgs/s train.total_time : 0.2518885135650635 
TCAPPDLL 2025-06-30 04:42:56.193227 - Epoch: 0 Iteration: 89  rank : 0  train.loss : 6.402459144592285  train.ips : 5.039395508606842 imgs/s train.total_time : 0.39687299728393555 
TCAPPDLL 2025-06-30 04:42:56.377494 - Epoch: 0 Iteration: 90  rank : 0  train.loss : 5.996179580688477  train.ips : 10.86151407958318 imgs/s train.total_time : 0.18413639068603516 
TCAPPDLL 2025-06-30 04:42:56.664804 - Epoch: 0 Iteration: 91  rank : 0  train.loss : 7.135191917419434  train.ips : 6.9645000626826 imgs/s train.total_time : 0.2871706485748291 
TCAPPDLL 2025-06-30 04:42:56.924606 - Epoch: 0 Iteration: 92  rank : 0  train.loss : 6.806159973144531  train.ips : 7.701700990369899 imgs/s train.total_time : 0.25968289375305176 
TCAPPDLL 2025-06-30 04:42:57.146639 - Epoch: 0 Iteration: 93  rank : 0  train.loss : 6.425389766693115  train.ips : 9.012595015927758 imgs/s train.total_time : 0.22191166877746582 
TCAPPDLL 2025-06-30 04:42:57.377557 - Epoch: 0 Iteration: 94  rank : 0  train.loss : 6.030250549316406  train.ips : 8.666230700490203 imgs/s train.total_time : 0.23078083992004395 
TCAPPDLL 2025-06-30 04:42:57.619324 - Epoch: 0 Iteration: 95  rank : 0  train.loss : 6.591084957122803  train.ips : 8.277090756241163 imgs/s train.total_time : 0.24163079261779785 
TCAPPDLL 2025-06-30 04:42:58.056235 - Epoch: 0 Iteration: 96  rank : 0  train.loss : 6.352143287658691  train.ips : 4.580424635962355 imgs/s train.total_time : 0.43664073944091797 
TCAPPDLL 2025-06-30 04:42:58.559036 - Epoch: 0 Iteration: 97  rank : 0  train.loss : 6.372215747833252  train.ips : 3.978977645724 imgs/s train.total_time : 0.5026416778564453 
TCAPPDLL 2025-06-30 04:42:58.768949 - Epoch: 0 Iteration: 98  rank : 0  train.loss : 6.152891159057617  train.ips : 9.533191580760896 imgs/s train.total_time : 0.2097933292388916 
TCAPPDLL 2025-06-30 04:42:59.029291 - Epoch: 0 Iteration: 99  rank : 0  train.loss : 6.897835731506348  train.ips : 7.686577503454494 imgs/s train.total_time : 0.2601938247680664 
06/30 04:42:59 - mmengine - INFO - Epoch(train)  [1][  100/58633]  lr: 1.9920e-05  eta: 2 days, 10:14:40  time: 0.2608  data_time: 0.0285  memory: 5100  loss: 7.2443  loss_rpn_cls: 0.6914  loss_rpn_bbox: 0.0705  loss_semantic_seg: 1.4902  loss_glbctx: 2.0720  s0.loss_cls: 0.2754  s0.acc: 98.4375  s0.loss_bbox: 0.0264  s1.loss_cls: 0.1992  s1.acc: 99.0234  s1.loss_bbox: 0.0081  s2.loss_cls: 0.2576  s2.acc: 99.4141  s2.loss_bbox: 0.0012  loss_mask: 2.1523
