--------------+------------------------------------------------
 Host IP      | 10.244.54.9
 PyTorch      | 2.4.0a0+git4451b0e
 Torch-SDAA   | 20250616.14.30.dev0+git35328dc
--------------+------------------------------------------------
 SDAA Driver  | 2.1.0 (N/A)
 SDAA Runtime | 2.1.0 (/opt/tecoai/lib64/libsdaart.so)
 SDPTI        | 1.4.0b0 (/opt/tecoai/lib64/libsdpti.so)
 TecoDNN      | 2.2.0b0 (/opt/tecoai/lib64/libtecodnn.so)
 TecoBLAS     | 2.2.0b0 (/opt/tecoai/lib64/libtecoblas.so)
 CustomDNN    | 1.20.0a0 (/opt/tecoai/lib64/libtecodnn_ext.so)
 TecoRAND     | 2.0.1 (/opt/tecoai/lib64/libtecorand.so)
 TCCL         | 1.23.0 (/opt/tecoai/lib64/libtccl.so)
--------------+------------------------------------------------
/data/bigc-data/wyc/wyc_mmlab3/lib/python3.10/site-packages/torch/distributed/launch.py:208: FutureWarning: The module torch.distributed.launch is deprecated
and will be removed in future. Use torchrun.
Note that --use-env is set by default in torchrun.
If your script expects `--local-rank` argument to be set, please
change it to read from `os.environ['LOCAL_RANK']` instead. See 
https://pytorch.org/docs/stable/distributed.html#launch-utility for 
further instructions

  main()
--------------+------------------------------------------------
 Host IP      | 10.244.54.9
 PyTorch      | 2.4.0a0+git4451b0e
 Torch-SDAA   | 20250616.14.30.dev0+git35328dc
--------------+------------------------------------------------
 SDAA Driver  | 2.1.0 (N/A)
 SDAA Runtime | 2.1.0 (/opt/tecoai/lib64/libsdaart.so)
 SDPTI        | 1.4.0b0 (/opt/tecoai/lib64/libsdpti.so)
 TecoDNN      | 2.2.0b0 (/opt/tecoai/lib64/libtecodnn.so)
 TecoBLAS     | 2.2.0b0 (/opt/tecoai/lib64/libtecoblas.so)
 CustomDNN    | 1.20.0a0 (/opt/tecoai/lib64/libtecodnn_ext.so)
 TecoRAND     | 2.0.1 (/opt/tecoai/lib64/libtecorand.so)
 TCCL         | 1.23.0 (/opt/tecoai/lib64/libtccl.so)
--------------+------------------------------------------------
/data/bigc-data/wyc/wyc_mmlab3/lib/python3.10/site-packages/mmengine/optim/optimizer/zero_optimizer.py:11: DeprecationWarning: `TorchScript` support for functional optimizers is deprecated and will be removed in a future PyTorch release. Consider using the `torch.compile` optimizer instead.
  from torch.distributed.optim import \
/data/bigc-data/wyc/wyc_mmlab3/lib/python3.10/site-packages/mmengine/utils/dl_utils/setup_env.py:46: UserWarning: Setting OMP_NUM_THREADS environment variable for each process to be 1 in default, to avoid your system being overloaded, please further tune the variable for optimal performance in your application as needed.
  warnings.warn(
/data/bigc-data/wyc/wyc_mmlab3/lib/python3.10/site-packages/mmengine/utils/dl_utils/setup_env.py:56: UserWarning: Setting MKL_NUM_THREADS environment variable for each process to be 1 in default, to avoid your system being overloaded, please further tune the variable for optimal performance in your application as needed.
  warnings.warn(
06/30 04:46:44 - mmengine - INFO - 
------------------------------------------------------------
System environment:
    sys.platform: linux
    Python: 3.10.16 (main, Dec 11 2024, 16:24:50) [GCC 11.2.0]
    CUDA available: False
    MUSA available: False
    numpy_random_seed: 216628208
    GCC: gcc (Ubuntu 11.4.0-1ubuntu1~22.04) 11.4.0
    PyTorch: 2.4.0a0+git4451b0e
    PyTorch compiling details: PyTorch built with:
  - GCC 11.5
  - C++ Version: 201703
  - Intel(R) oneAPI Math Kernel Library Version 2025.0-Product Build 20241009 for Intel(R) 64 architecture applications
  - Intel(R) MKL-DNN v3.4.2 (Git Hash 1137e04ec0b5251ca2b4400a4fd3c667ce843d67)
  - OpenMP 201511 (a.k.a. OpenMP 4.5)
  - LAPACK is enabled (usually provided by MKL)
  - NNPACK is enabled
  - CPU capability usage: AVX512
  - Build settings: BLAS_INFO=mkl, BUILD_TYPE=Release, CXX_COMPILER=/usr/bin/g++, CXX_FLAGS= -D_GLIBCXX_USE_CXX11_ABI=1 -fvisibility-inlines-hidden -DUSE_PTHREADPOOL -DNDEBUG -DUSE_KINETO -DLIBKINETO_NOCUPTI -DLIBKINETO_NOROCTRACER -DUSE_FBGEMM -DUSE_PYTORCH_QNNPACK -DUSE_XNNPACK -DSYMBOLICATE_MOBILE_DEBUG_HANDLE -O2 -fPIC -Wall -Wextra -Werror=return-type -Werror=non-virtual-dtor -Werror=range-loop-construct -Werror=bool-operation -Wnarrowing -Wno-missing-field-initializers -Wno-type-limits -Wno-array-bounds -Wno-unknown-pragmas -Wno-unused-parameter -Wno-unused-function -Wno-unused-result -Wno-strict-overflow -Wno-strict-aliasing -Wno-stringop-overflow -Wsuggest-override -Wno-psabi -Wno-error=pedantic -Wno-error=old-style-cast -Wno-missing-braces -fdiagnostics-color=always -faligned-new -Wno-unused-but-set-variable -Wno-maybe-uninitialized -fno-math-errno -fno-trapping-math -Werror=format -Wno-stringop-overflow, FORCE_FALLBACK_CUDA_MPI=1, LAPACK_INFO=mkl, PERF_WITH_AVX=1, PERF_WITH_AVX2=1, PERF_WITH_AVX512=1, TORCH_VERSION=2.4.0, USE_CUDA=OFF, USE_CUDNN=OFF, USE_CUSPARSELT=OFF, USE_EXCEPTION_PTR=1, USE_GFLAGS=OFF, USE_GLOG=OFF, USE_GLOO=ON, USE_MKL=ON, USE_MKLDNN=1, USE_MPI=ON, USE_NCCL=OFF, USE_NNPACK=ON, USE_OPENMP=ON, USE_ROCM=OFF, USE_ROCM_KERNEL_ASSERT=OFF, 

    TorchVision: 0.15.1a0+42759b1
    OpenCV: 4.11.0
    MMEngine: 0.10.4

Runtime environment:
    cudnn_benchmark: False
    mp_cfg: {'mp_start_method': 'fork', 'opencv_num_threads': 0}
    dist_cfg: {'backend': 'tccl'}
    seed: 216628208
    Distributed launcher: pytorch
    Distributed training: True
    GPU number: 1
------------------------------------------------------------

06/30 04:46:45 - mmengine - INFO - Config:
auto_scale_lr = dict(base_batch_size=16, enable=False)
backend_args = None
data_root = '/data/teco-data/coco/'
dataset_type = 'CocoDataset'
default_hooks = dict(
    checkpoint=dict(interval=1, type='CheckpointHook'),
    logger=dict(interval=50, type='LoggerHook'),
    param_scheduler=dict(type='ParamSchedulerHook'),
    sampler_seed=dict(type='DistSamplerSeedHook'),
    timer=dict(type='IterTimerHook'),
    visualization=dict(type='DetVisualizationHook'))
default_scope = 'mmdet'
env_cfg = dict(
    cudnn_benchmark=False,
    dist_cfg=dict(backend='nccl'),
    mp_cfg=dict(mp_start_method='fork', opencv_num_threads=0))
launcher = 'pytorch'
load_from = None
log_level = 'INFO'
log_processor = dict(by_epoch=True, type='LogProcessor', window_size=50)
model = dict(
    backbone=dict(
        depth=50,
        frozen_stages=1,
        init_cfg=dict(checkpoint='torchvision://resnet50', type='Pretrained'),
        norm_cfg=dict(requires_grad=True, type='BN'),
        norm_eval=True,
        num_stages=4,
        out_indices=(
            0,
            1,
            2,
            3,
        ),
        style='pytorch',
        type='ResNet'),
    data_preprocessor=dict(
        bgr_to_rgb=True,
        mean=[
            123.675,
            116.28,
            103.53,
        ],
        pad_seg=True,
        pad_size_divisor=32,
        std=[
            58.395,
            57.12,
            57.375,
        ],
        type='DetDataPreprocessor'),
    neck=dict(
        in_channels=[
            256,
            512,
            1024,
            2048,
        ],
        num_outs=5,
        out_channels=256,
        type='FPN'),
    roi_head=dict(
        bbox_head=[
            dict(
                bbox_coder=dict(
                    target_means=[
                        0.0,
                        0.0,
                        0.0,
                        0.0,
                    ],
                    target_stds=[
                        0.1,
                        0.1,
                        0.2,
                        0.2,
                    ],
                    type='DeltaXYWHBBoxCoder'),
                fc_out_channels=1024,
                in_channels=256,
                loss_bbox=dict(beta=1.0, loss_weight=1.0, type='SmoothL1Loss'),
                loss_cls=dict(
                    loss_weight=1.0,
                    type='CrossEntropyLoss',
                    use_sigmoid=False),
                num_classes=80,
                num_shared_fcs=2,
                reg_class_agnostic=True,
                roi_feat_size=7,
                type='SCNetBBoxHead'),
            dict(
                bbox_coder=dict(
                    target_means=[
                        0.0,
                        0.0,
                        0.0,
                        0.0,
                    ],
                    target_stds=[
                        0.05,
                        0.05,
                        0.1,
                        0.1,
                    ],
                    type='DeltaXYWHBBoxCoder'),
                fc_out_channels=1024,
                in_channels=256,
                loss_bbox=dict(beta=1.0, loss_weight=1.0, type='SmoothL1Loss'),
                loss_cls=dict(
                    loss_weight=1.0,
                    type='CrossEntropyLoss',
                    use_sigmoid=False),
                num_classes=80,
                num_shared_fcs=2,
                reg_class_agnostic=True,
                roi_feat_size=7,
                type='SCNetBBoxHead'),
            dict(
                bbox_coder=dict(
                    target_means=[
                        0.0,
                        0.0,
                        0.0,
                        0.0,
                    ],
                    target_stds=[
                        0.033,
                        0.033,
                        0.067,
                        0.067,
                    ],
                    type='DeltaXYWHBBoxCoder'),
                fc_out_channels=1024,
                in_channels=256,
                loss_bbox=dict(beta=1.0, loss_weight=1.0, type='SmoothL1Loss'),
                loss_cls=dict(
                    loss_weight=1.0,
                    type='CrossEntropyLoss',
                    use_sigmoid=False),
                num_classes=80,
                num_shared_fcs=2,
                reg_class_agnostic=True,
                roi_feat_size=7,
                type='SCNetBBoxHead'),
        ],
        bbox_roi_extractor=dict(
            featmap_strides=[
                4,
                8,
                16,
                32,
            ],
            out_channels=256,
            roi_layer=dict(output_size=7, sampling_ratio=0, type='RoIAlign'),
            type='SingleRoIExtractor'),
        feat_relay_head=dict(
            in_channels=1024,
            out_conv_channels=256,
            roi_feat_size=7,
            scale_factor=2,
            type='FeatureRelayHead'),
        glbctx_head=dict(
            conv_out_channels=256,
            conv_to_res=True,
            in_channels=256,
            loss_weight=3.0,
            num_classes=80,
            num_convs=4,
            type='GlobalContextHead'),
        mask_head=dict(
            conv_out_channels=256,
            conv_to_res=True,
            in_channels=256,
            loss_mask=dict(
                loss_weight=1.0, type='CrossEntropyLoss', use_mask=True),
            num_classes=80,
            num_convs=12,
            type='SCNetMaskHead'),
        mask_roi_extractor=dict(
            featmap_strides=[
                4,
                8,
                16,
                32,
            ],
            out_channels=256,
            roi_layer=dict(output_size=14, sampling_ratio=0, type='RoIAlign'),
            type='SingleRoIExtractor'),
        num_stages=3,
        semantic_head=dict(
            conv_out_channels=256,
            conv_to_res=True,
            fusion_level=1,
            in_channels=256,
            loss_seg=dict(
                ignore_index=255, loss_weight=0.2, type='CrossEntropyLoss'),
            num_classes=183,
            num_convs=4,
            num_ins=5,
            seg_scale_factor=0.125,
            type='SCNetSemanticHead'),
        semantic_roi_extractor=dict(
            featmap_strides=[
                8,
            ],
            out_channels=256,
            roi_layer=dict(output_size=14, sampling_ratio=0, type='RoIAlign'),
            type='SingleRoIExtractor'),
        stage_loss_weights=[
            1,
            0.5,
            0.25,
        ],
        type='SCNetRoIHead'),
    rpn_head=dict(
        anchor_generator=dict(
            ratios=[
                0.5,
                1.0,
                2.0,
            ],
            scales=[
                8,
            ],
            strides=[
                4,
                8,
                16,
                32,
                64,
            ],
            type='AnchorGenerator'),
        bbox_coder=dict(
            target_means=[
                0.0,
                0.0,
                0.0,
                0.0,
            ],
            target_stds=[
                1.0,
                1.0,
                1.0,
                1.0,
            ],
            type='DeltaXYWHBBoxCoder'),
        feat_channels=256,
        in_channels=256,
        loss_bbox=dict(
            beta=0.1111111111111111, loss_weight=1.0, type='SmoothL1Loss'),
        loss_cls=dict(
            loss_weight=1.0, type='CrossEntropyLoss', use_sigmoid=True),
        type='RPNHead'),
    test_cfg=dict(
        rcnn=dict(
            mask_thr_binary=0.5,
            max_per_img=100,
            nms=dict(iou_threshold=0.5, type='nms'),
            score_thr=0.001),
        rpn=dict(
            max_per_img=1000,
            min_bbox_size=0,
            nms=dict(iou_threshold=0.7, type='nms'),
            nms_pre=1000)),
    train_cfg=dict(
        rcnn=[
            dict(
                assigner=dict(
                    ignore_iof_thr=-1,
                    min_pos_iou=0.5,
                    neg_iou_thr=0.5,
                    pos_iou_thr=0.5,
                    type='MaxIoUAssigner'),
                debug=False,
                mask_size=28,
                pos_weight=-1,
                sampler=dict(
                    add_gt_as_proposals=True,
                    neg_pos_ub=-1,
                    num=512,
                    pos_fraction=0.25,
                    type='RandomSampler')),
            dict(
                assigner=dict(
                    ignore_iof_thr=-1,
                    min_pos_iou=0.6,
                    neg_iou_thr=0.6,
                    pos_iou_thr=0.6,
                    type='MaxIoUAssigner'),
                debug=False,
                mask_size=28,
                pos_weight=-1,
                sampler=dict(
                    add_gt_as_proposals=True,
                    neg_pos_ub=-1,
                    num=512,
                    pos_fraction=0.25,
                    type='RandomSampler')),
            dict(
                assigner=dict(
                    ignore_iof_thr=-1,
                    min_pos_iou=0.7,
                    neg_iou_thr=0.7,
                    pos_iou_thr=0.7,
                    type='MaxIoUAssigner'),
                debug=False,
                mask_size=28,
                pos_weight=-1,
                sampler=dict(
                    add_gt_as_proposals=True,
                    neg_pos_ub=-1,
                    num=512,
                    pos_fraction=0.25,
                    type='RandomSampler')),
        ],
        rpn=dict(
            allowed_border=0,
            assigner=dict(
                ignore_iof_thr=-1,
                min_pos_iou=0.3,
                neg_iou_thr=0.3,
                pos_iou_thr=0.7,
                type='MaxIoUAssigner'),
            debug=False,
            pos_weight=-1,
            sampler=dict(
                add_gt_as_proposals=False,
                neg_pos_ub=-1,
                num=256,
                pos_fraction=0.5,
                type='RandomSampler')),
        rpn_proposal=dict(
            max_per_img=2000,
            min_bbox_size=0,
            nms=dict(iou_threshold=0.7, type='nms'),
            nms_pre=2000)),
    type='SCNet')
optim_wrapper = dict(
    optimizer=dict(lr=0.001, momentum=0.9, type='SGD', weight_decay=0.0001),
    type='OptimWrapper')
param_scheduler = [
    dict(
        begin=0, by_epoch=False, end=500, start_factor=0.001, type='LinearLR'),
    dict(
        begin=0,
        by_epoch=True,
        end=12,
        gamma=0.1,
        milestones=[
            8,
            11,
        ],
        type='MultiStepLR'),
]
resume = False
test_cfg = dict(type='TestLoop')
test_dataloader = dict(
    batch_size=1,
    dataset=dict(
        ann_file='annotations/instances_val2017.json',
        backend_args=None,
        data_prefix=dict(img='val2017/'),
        data_root='/data/teco-data/coco/',
        pipeline=[
            dict(backend_args=None, type='LoadImageFromFile'),
            dict(keep_ratio=True, scale=(
                1333,
                800,
            ), type='Resize'),
            dict(type='LoadAnnotations', with_bbox=True, with_mask=True),
            dict(
                meta_keys=(
                    'img_id',
                    'img_path',
                    'ori_shape',
                    'img_shape',
                    'scale_factor',
                ),
                type='PackDetInputs'),
        ],
        test_mode=True,
        type='CocoDataset'),
    drop_last=False,
    num_workers=2,
    persistent_workers=True,
    sampler=dict(shuffle=False, type='DefaultSampler'))
test_evaluator = dict(
    ann_file='/data/teco-data/coco/annotations/instances_val2017.json',
    backend_args=None,
    format_only=False,
    metric=[
        'bbox',
        'segm',
    ],
    type='CocoMetric')
test_pipeline = [
    dict(backend_args=None, type='LoadImageFromFile'),
    dict(keep_ratio=True, scale=(
        1333,
        800,
    ), type='Resize'),
    dict(type='LoadAnnotations', with_bbox=True, with_mask=True),
    dict(
        meta_keys=(
            'img_id',
            'img_path',
            'ori_shape',
            'img_shape',
            'scale_factor',
        ),
        type='PackDetInputs'),
]
train_cfg = dict(max_epochs=12, type='EpochBasedTrainLoop', val_interval=1)
train_dataloader = dict(
    batch_sampler=dict(type='AspectRatioBatchSampler'),
    batch_size=2,
    dataset=dict(
        ann_file='annotations/instances_train2017.json',
        backend_args=None,
        data_prefix=dict(img='train2017/', seg='stuffthingmaps/train2017/'),
        data_root='/data/teco-data/coco/',
        filter_cfg=dict(filter_empty_gt=True, min_size=32),
        pipeline=[
            dict(backend_args=None, type='LoadImageFromFile'),
            dict(
                type='LoadAnnotations',
                with_bbox=True,
                with_mask=True,
                with_seg=True),
            dict(keep_ratio=True, scale=(
                1333,
                800,
            ), type='Resize'),
            dict(prob=0.5, type='RandomFlip'),
            dict(type='PackDetInputs'),
        ],
        type='CocoDataset'),
    num_workers=2,
    persistent_workers=True,
    sampler=dict(shuffle=True, type='DefaultSampler'))
train_pipeline = [
    dict(backend_args=None, type='LoadImageFromFile'),
    dict(
        type='LoadAnnotations', with_bbox=True, with_mask=True, with_seg=True),
    dict(keep_ratio=True, scale=(
        1333,
        800,
    ), type='Resize'),
    dict(prob=0.5, type='RandomFlip'),
    dict(type='PackDetInputs'),
]
val_cfg = dict(type='ValLoop')
val_dataloader = dict(
    batch_size=1,
    dataset=dict(
        ann_file='annotations/instances_val2017.json',
        backend_args=None,
        data_prefix=dict(img='val2017/'),
        data_root='/data/teco-data/coco/',
        pipeline=[
            dict(backend_args=None, type='LoadImageFromFile'),
            dict(keep_ratio=True, scale=(
                1333,
                800,
            ), type='Resize'),
            dict(type='LoadAnnotations', with_bbox=True, with_mask=True),
            dict(
                meta_keys=(
                    'img_id',
                    'img_path',
                    'ori_shape',
                    'img_shape',
                    'scale_factor',
                ),
                type='PackDetInputs'),
        ],
        test_mode=True,
        type='CocoDataset'),
    drop_last=False,
    num_workers=2,
    persistent_workers=True,
    sampler=dict(shuffle=False, type='DefaultSampler'))
val_evaluator = dict(
    ann_file='/data/teco-data/coco/annotations/instances_val2017.json',
    backend_args=None,
    format_only=False,
    metric=[
        'bbox',
        'segm',
    ],
    type='CocoMetric')
vis_backends = [
    dict(type='LocalVisBackend'),
]
visualizer = dict(
    name='visualizer',
    type='DetLocalVisualizer',
    vis_backends=[
        dict(type='LocalVisBackend'),
    ])
work_dir = './work_dirs/scnet_r50_fpn_1x_coco'

/data/bigc-data/wyc/mmdetection/mmdet/models/losses/cross_entropy_loss.py:240: UserWarning: Default ``avg_non_ignore`` is False, if you would like to ignore the certain label and average loss over non-ignore labels, which is the same with PyTorch official cross_entropy, set ``avg_non_ignore=True``.
  warnings.warn(
06/30 04:47:03 - mmengine - INFO - Hooks will be executed in the following order:
before_run:
(VERY_HIGH   ) RuntimeInfoHook                    
(BELOW_NORMAL) LoggerHook                         
 -------------------- 
before_train:
(VERY_HIGH   ) RuntimeInfoHook                    
(NORMAL      ) IterTimerHook                      
(VERY_LOW    ) CheckpointHook                     
 -------------------- 
before_train_epoch:
(VERY_HIGH   ) RuntimeInfoHook                    
(NORMAL      ) IterTimerHook                      
(NORMAL      ) DistSamplerSeedHook                
 -------------------- 
before_train_iter:
(VERY_HIGH   ) RuntimeInfoHook                    
(NORMAL      ) IterTimerHook                      
 -------------------- 
after_train_iter:
(VERY_HIGH   ) RuntimeInfoHook                    
(NORMAL      ) IterTimerHook                      
(BELOW_NORMAL) LoggerHook                         
(LOW         ) ParamSchedulerHook                 
(VERY_LOW    ) CheckpointHook                     
 -------------------- 
after_train_epoch:
(NORMAL      ) IterTimerHook                      
(LOW         ) ParamSchedulerHook                 
(VERY_LOW    ) CheckpointHook                     
 -------------------- 
before_val:
(VERY_HIGH   ) RuntimeInfoHook                    
 -------------------- 
before_val_epoch:
(NORMAL      ) IterTimerHook                      
 -------------------- 
before_val_iter:
(NORMAL      ) IterTimerHook                      
 -------------------- 
after_val_iter:
(NORMAL      ) IterTimerHook                      
(NORMAL      ) DetVisualizationHook               
(BELOW_NORMAL) LoggerHook                         
 -------------------- 
after_val_epoch:
(VERY_HIGH   ) RuntimeInfoHook                    
(NORMAL      ) IterTimerHook                      
(BELOW_NORMAL) LoggerHook                         
(LOW         ) ParamSchedulerHook                 
(VERY_LOW    ) CheckpointHook                     
 -------------------- 
after_val:
(VERY_HIGH   ) RuntimeInfoHook                    
 -------------------- 
after_train:
(VERY_HIGH   ) RuntimeInfoHook                    
(VERY_LOW    ) CheckpointHook                     
 -------------------- 
before_test:
(VERY_HIGH   ) RuntimeInfoHook                    
 -------------------- 
before_test_epoch:
(NORMAL      ) IterTimerHook                      
 -------------------- 
before_test_iter:
(NORMAL      ) IterTimerHook                      
 -------------------- 
after_test_iter:
(NORMAL      ) IterTimerHook                      
(NORMAL      ) DetVisualizationHook               
(BELOW_NORMAL) LoggerHook                         
 -------------------- 
after_test_epoch:
(VERY_HIGH   ) RuntimeInfoHook                    
(NORMAL      ) IterTimerHook                      
(BELOW_NORMAL) LoggerHook                         
 -------------------- 
after_test:
(VERY_HIGH   ) RuntimeInfoHook                    
 -------------------- 
after_run:
(BELOW_NORMAL) LoggerHook                         
 -------------------- 
loading annotations into memory...
Done (t=13.71s)
creating index...
index created!
loading annotations into memory...
Done (t=0.41s)
creating index...
index created!
loading annotations into memory...
Done (t=0.41s)
creating index...
index created!
06/30 04:47:30 - mmengine - INFO - load model from: torchvision://resnet50
06/30 04:47:30 - mmengine - INFO - Loads checkpoint by torchvision backend from path: torchvision://resnet50
06/30 04:47:31 - mmengine - WARNING - The model and loaded state dict do not match exactly

unexpected key in source state_dict: fc.weight, fc.bias

06/30 04:47:32 - mmengine - WARNING - "FileClient" will be deprecated in future. Please use io functions in https://mmengine.readthedocs.io/en/latest/api/fileio.html#file-io
06/30 04:47:32 - mmengine - WARNING - "HardDiskBackend" is the alias of "LocalBackend" and the former will be deprecated in future.
06/30 04:47:32 - mmengine - INFO - Checkpoints will be saved to /data/bigc-data/wyc/SCNet/run_scripts/work_dirs/scnet_r50_fpn_1x_coco.
TCAPPDLL 2025-06-30 04:48:00.126074 - Epoch: 0 Iteration: 0  rank : 0  train.loss : 15.254725456237793  train.ips : 0.0716270514159739 imgs/s train.total_time : 27.92241144180298 
TCAPPDLL 2025-06-30 04:48:26.703887 - Epoch: 0 Iteration: 1  rank : 0  train.loss : 16.186914443969727  train.ips : 0.0752521056615489 imgs/s train.total_time : 26.577329397201538 
TCAPPDLL 2025-06-30 04:48:51.351373 - Epoch: 0 Iteration: 2  rank : 0  train.loss : 15.016578674316406  train.ips : 0.08114565255417949 imgs/s train.total_time : 24.647038221359253 
TCAPPDLL 2025-06-30 04:49:18.003498 - Epoch: 0 Iteration: 3  rank : 0  train.loss : 15.095294952392578  train.ips : 0.07504219453275293 imgs/s train.total_time : 26.65167260169983 
TCAPPDLL 2025-06-30 04:49:47.720639 - Epoch: 0 Iteration: 4  rank : 0  train.loss : 13.459526062011719  train.ips : 0.06730260126801009 imgs/s train.total_time : 29.716533422470093 
TCAPPDLL 2025-06-30 04:50:15.013969 - Epoch: 0 Iteration: 5  rank : 0  train.loss : 15.653498649597168  train.ips : 0.07327961875835551 imgs/s train.total_time : 27.292718410491943 
TCAPPDLL 2025-06-30 04:50:43.167749 - Epoch: 0 Iteration: 6  rank : 0  train.loss : 15.132022857666016  train.ips : 0.07103966483361257 imgs/s train.total_time : 28.15328598022461 
TCAPPDLL 2025-06-30 04:51:11.818771 - Epoch: 0 Iteration: 7  rank : 0  train.loss : 14.755648612976074  train.ips : 0.06980699772418886 imgs/s train.total_time : 28.65042281150818 
TCAPPDLL 2025-06-30 04:51:39.308458 - Epoch: 0 Iteration: 8  rank : 0  train.loss : 15.134897232055664  train.ips : 0.07275603051781514 imgs/s train.total_time : 27.48913025856018 
TCAPPDLL 2025-06-30 04:52:05.198666 - Epoch: 0 Iteration: 9  rank : 0  train.loss : 14.442706108093262  train.ips : 0.07725030363762517 imgs/s train.total_time : 25.88986587524414 
TCAPPDLL 2025-06-30 04:52:31.313246 - Epoch: 0 Iteration: 10  rank : 0  train.loss : 13.449216842651367  train.ips : 0.0765868598068944 imgs/s train.total_time : 26.114140272140503 
TCAPPDLL 2025-06-30 04:52:58.128175 - Epoch: 0 Iteration: 11  rank : 0  train.loss : 12.760284423828125  train.ips : 0.07458671370280108 imgs/s train.total_time : 26.814427137374878 
TCAPPDLL 2025-06-30 04:53:19.114707 - Epoch: 0 Iteration: 12  rank : 0  train.loss : 13.293155670166016  train.ips : 0.0953007718848472 imgs/s train.total_time : 20.986188888549805 
TCAPPDLL 2025-06-30 04:53:40.705366 - Epoch: 0 Iteration: 13  rank : 0  train.loss : 13.233076095581055  train.ips : 0.09263386143948307 imgs/s train.total_time : 21.59037709236145 
TCAPPDLL 2025-06-30 04:54:02.505614 - Epoch: 0 Iteration: 14  rank : 0  train.loss : 11.7413330078125  train.ips : 0.09174368436230468 imgs/s train.total_time : 21.79986572265625 
TCAPPDLL 2025-06-30 04:54:30.924400 - Epoch: 0 Iteration: 15  rank : 0  train.loss : 12.606742858886719  train.ips : 0.07037700075835203 imgs/s train.total_time : 28.41837501525879 
TCAPPDLL 2025-06-30 04:54:58.934450 - Epoch: 0 Iteration: 16  rank : 0  train.loss : 11.454378128051758  train.ips : 0.07140430598725633 imgs/s train.total_time : 28.009515285491943 
TCAPPDLL 2025-06-30 04:55:26.410972 - Epoch: 0 Iteration: 17  rank : 0  train.loss : 10.888278007507324  train.ips : 0.07279040302586204 imgs/s train.total_time : 27.476149559020996 
TCAPPDLL 2025-06-30 04:55:53.413479 - Epoch: 0 Iteration: 18  rank : 0  train.loss : 10.01257610321045  train.ips : 0.07406833808223423 imgs/s train.total_time : 27.00209093093872 
TCAPPDLL 2025-06-30 04:56:20.395259 - Epoch: 0 Iteration: 19  rank : 0  train.loss : 10.463163375854492  train.ips : 0.07412504828758144 imgs/s train.total_time : 26.981432676315308 
TCAPPDLL 2025-06-30 04:56:48.643312 - Epoch: 0 Iteration: 20  rank : 0  train.loss : 10.10595703125  train.ips : 0.07080255095221812 imgs/s train.total_time : 28.247569799423218 
TCAPPDLL 2025-06-30 04:57:16.819219 - Epoch: 0 Iteration: 21  rank : 0  train.loss : 10.062583923339844  train.ips : 0.07098369226409652 imgs/s train.total_time : 28.175485610961914 
TCAPPDLL 2025-06-30 04:57:38.603034 - Epoch: 0 Iteration: 22  rank : 0  train.loss : 9.665260314941406  train.ips : 0.09181279353570954 imgs/s train.total_time : 21.783456563949585 
TCAPPDLL 2025-06-30 04:58:00.219749 - Epoch: 0 Iteration: 23  rank : 0  train.loss : 8.993513107299805  train.ips : 0.09252246760933625 imgs/s train.total_time : 21.616371154785156 
TCAPPDLL 2025-06-30 04:58:26.925824 - Epoch: 0 Iteration: 24  rank : 0  train.loss : 8.95021915435791  train.ips : 0.07489052652080583 imgs/s train.total_time : 26.705647468566895 
TCAPPDLL 2025-06-30 04:58:56.330345 - Epoch: 0 Iteration: 25  rank : 0  train.loss : 8.599822044372559  train.ips : 0.06801798697243461 imgs/s train.total_time : 29.403986930847168 
TCAPPDLL 2025-06-30 04:59:24.719323 - Epoch: 0 Iteration: 26  rank : 0  train.loss : 8.741987228393555  train.ips : 0.07045088726410825 imgs/s train.total_time : 28.38857078552246 
TCAPPDLL 2025-06-30 04:59:50.820648 - Epoch: 0 Iteration: 27  rank : 0  train.loss : 8.449141502380371  train.ips : 0.07662606178618207 imgs/s train.total_time : 26.100780248641968 
TCAPPDLL 2025-06-30 05:00:20.314073 - Epoch: 0 Iteration: 28  rank : 0  train.loss : 9.11219596862793  train.ips : 0.06781311020201135 imgs/s train.total_time : 29.49282217025757 
TCAPPDLL 2025-06-30 05:00:44.946484 - Epoch: 0 Iteration: 29  rank : 0  train.loss : 7.449092864990234  train.ips : 0.08119564681559245 imgs/s train.total_time : 24.63186240196228 
TCAPPDLL 2025-06-30 05:01:11.319339 - Epoch: 0 Iteration: 30  rank : 0  train.loss : 7.321977138519287  train.ips : 0.07583715031226902 imgs/s train.total_time : 26.37229895591736 
TCAPPDLL 2025-06-30 05:01:40.316971 - Epoch: 0 Iteration: 31  rank : 0  train.loss : 7.290393352508545  train.ips : 0.06897245390685379 imgs/s train.total_time : 28.99708342552185 
TCAPPDLL 2025-06-30 05:02:07.523697 - Epoch: 0 Iteration: 32  rank : 0  train.loss : 7.505687713623047  train.ips : 0.07351282494620799 imgs/s train.total_time : 27.20613718032837 
TCAPPDLL 2025-06-30 05:02:38.123099 - Epoch: 0 Iteration: 33  rank : 0  train.loss : 7.357456207275391  train.ips : 0.06536208222267209 imgs/s train.total_time : 30.598780393600464 
TCAPPDLL 2025-06-30 05:03:06.739989 - Epoch: 0 Iteration: 34  rank : 0  train.loss : 7.856964588165283  train.ips : 0.06989012241124208 imgs/s train.total_time : 28.616347074508667 
TCAPPDLL 2025-06-30 05:03:31.089679 - Epoch: 0 Iteration: 35  rank : 0  train.loss : 7.527925491333008  train.ips : 0.0821382318167894 imgs/s train.total_time : 24.349197149276733 
TCAPPDLL 2025-06-30 05:04:02.744075 - Epoch: 0 Iteration: 36  rank : 0  train.loss : 8.289630889892578  train.ips : 0.06318354007006191 imgs/s train.total_time : 31.65381360054016 
TCAPPDLL 2025-06-30 05:04:31.117120 - Epoch: 0 Iteration: 37  rank : 0  train.loss : 7.53065299987793  train.ips : 0.07049078872836842 imgs/s train.total_time : 28.372501373291016 
TCAPPDLL 2025-06-30 05:05:00.718903 - Epoch: 0 Iteration: 38  rank : 0  train.loss : 6.838071823120117  train.ips : 0.06756465135441642 imgs/s train.total_time : 29.601277589797974 
TCAPPDLL 2025-06-30 05:05:26.547249 - Epoch: 0 Iteration: 39  rank : 0  train.loss : 7.687434196472168  train.ips : 0.07743568582228956 imgs/s train.total_time : 25.827885150909424 
TCAPPDLL 2025-06-30 05:05:56.842422 - Epoch: 0 Iteration: 40  rank : 0  train.loss : 8.046804428100586  train.ips : 0.06601794024758018 imgs/s train.total_time : 30.294795513153076 
TCAPPDLL 2025-06-30 05:06:25.838524 - Epoch: 0 Iteration: 41  rank : 0  train.loss : 8.311532974243164  train.ips : 0.06897612722446482 imgs/s train.total_time : 28.99553918838501 
TCAPPDLL 2025-06-30 05:06:55.946793 - Epoch: 0 Iteration: 42  rank : 0  train.loss : 7.621140956878662  train.ips : 0.06642792357813844 imgs/s train.total_time : 30.107820510864258 
TCAPPDLL 2025-06-30 05:07:25.924786 - Epoch: 0 Iteration: 43  rank : 0  train.loss : 6.877524375915527  train.ips : 0.0667165360752786 imgs/s train.total_time : 29.977575540542603 
TCAPPDLL 2025-06-30 05:07:58.725878 - Epoch: 0 Iteration: 44  rank : 0  train.loss : 8.231630325317383  train.ips : 0.06097428064758599 imgs/s train.total_time : 32.80071496963501 
TCAPPDLL 2025-06-30 05:08:29.005733 - Epoch: 0 Iteration: 45  rank : 0  train.loss : 7.728255271911621  train.ips : 0.06605164662820075 imgs/s train.total_time : 30.279335975646973 
TCAPPDLL 2025-06-30 05:08:58.106158 - Epoch: 0 Iteration: 46  rank : 0  train.loss : 6.9039835929870605  train.ips : 0.06872860702683833 imgs/s train.total_time : 29.099964141845703 
TCAPPDLL 2025-06-30 05:09:26.217418 - Epoch: 0 Iteration: 47  rank : 0  train.loss : 7.359037399291992  train.ips : 0.0711469086847778 imgs/s train.total_time : 28.110848903656006 
TCAPPDLL 2025-06-30 05:09:46.709743 - Epoch: 0 Iteration: 48  rank : 0  train.loss : 7.560337066650391  train.ips : 0.09759907391381663 imgs/s train.total_time : 20.491997718811035 
TCAPPDLL 2025-06-30 05:10:16.429909 - Epoch: 0 Iteration: 49  rank : 0  train.loss : 6.938625335693359  train.ips : 0.06729520873989413 imgs/s train.total_time : 29.71979784965515 
06/30 05:10:16 - mmengine - INFO - Epoch(train)  [1][   50/58633]  lr: 9.9098e-05  eta: 222 days, 4:06:11  time: 27.2840  data_time: 0.1367  memory: 5692  loss: 10.2190  loss_rpn_cls: 0.6868  loss_rpn_bbox: 0.0708  loss_semantic_seg: 2.2074  loss_glbctx: 2.0552  s0.loss_cls: 1.4338  s0.acc: 98.4375  s0.loss_bbox: 0.0269  s1.loss_cls: 1.0254  s1.acc: 98.6328  s1.loss_bbox: 0.0086  s2.loss_cls: 0.5466  s2.acc: 98.7305  s2.loss_bbox: 0.0013  loss_mask: 2.1561
TCAPPDLL 2025-06-30 05:10:44.303784 - Epoch: 0 Iteration: 50  rank : 0  train.loss : 7.13963508605957  train.ips : 0.07175284472822722 imgs/s train.total_time : 27.873459339141846 
TCAPPDLL 2025-06-30 05:11:11.206257 - Epoch: 0 Iteration: 51  rank : 0  train.loss : 6.531754970550537  train.ips : 0.07434372862733944 imgs/s train.total_time : 26.90206742286682 
TCAPPDLL 2025-06-30 05:11:39.421596 - Epoch: 0 Iteration: 52  rank : 0  train.loss : 7.266241073608398  train.ips : 0.07088463981615135 imgs/s train.total_time : 28.21485733985901 
TCAPPDLL 2025-06-30 05:12:09.836222 - Epoch: 0 Iteration: 53  rank : 0  train.loss : 6.468634128570557  train.ips : 0.06575877325661927 imgs/s train.total_time : 30.41419267654419 
TCAPPDLL 2025-06-30 05:12:34.203889 - Epoch: 0 Iteration: 54  rank : 0  train.loss : 6.7650041580200195  train.ips : 0.08207715530944543 imgs/s train.total_time : 24.367316246032715 
TCAPPDLL 2025-06-30 05:12:56.939398 - Epoch: 0 Iteration: 55  rank : 0  train.loss : 6.469842910766602  train.ips : 0.0879698110497595 imgs/s train.total_time : 22.735072135925293 
TCAPPDLL 2025-06-30 05:13:26.026558 - Epoch: 0 Iteration: 56  rank : 0  train.loss : 8.752359390258789  train.ips : 0.0687597661832471 imgs/s train.total_time : 29.086777210235596 
TCAPPDLL 2025-06-30 05:13:52.819151 - Epoch: 0 Iteration: 57  rank : 0  train.loss : 7.174880027770996  train.ips : 0.07464882400761412 imgs/s train.total_time : 26.79211664199829 
TCAPPDLL 2025-06-30 05:14:21.529145 - Epoch: 0 Iteration: 58  rank : 0  train.loss : 7.157623767852783  train.ips : 0.06966314861153586 imgs/s train.total_time : 28.70958375930786 
TCAPPDLL 2025-06-30 05:14:47.787147 - Epoch: 0 Iteration: 59  rank : 0  train.loss : 6.850647926330566  train.ips : 0.0761687712984474 imgs/s train.total_time : 26.257480144500732 
TCAPPDLL 2025-06-30 05:15:17.327651 - Epoch: 0 Iteration: 60  rank : 0  train.loss : 7.279661178588867  train.ips : 0.06770491805792624 imgs/s train.total_time : 29.53995156288147 
TCAPPDLL 2025-06-30 05:15:46.015647 - Epoch: 0 Iteration: 61  rank : 0  train.loss : 8.010348320007324  train.ips : 0.06971671997597956 imgs/s train.total_time : 28.687522888183594 
TCAPPDLL 2025-06-30 05:16:15.844806 - Epoch: 0 Iteration: 62  rank : 0  train.loss : 7.643481254577637  train.ips : 0.06704954178380769 imgs/s train.total_time : 29.82869005203247 
TCAPPDLL 2025-06-30 05:16:44.449328 - Epoch: 0 Iteration: 63  rank : 0  train.loss : 7.506319522857666  train.ips : 0.06992028773063656 imgs/s train.total_time : 28.60400128364563 
TCAPPDLL 2025-06-30 05:17:11.315335 - Epoch: 0 Iteration: 64  rank : 0  train.loss : 7.494558811187744  train.ips : 0.07444481905740113 imgs/s train.total_time : 26.86553645133972 
TCAPPDLL 2025-06-30 05:17:38.526945 - Epoch: 0 Iteration: 65  rank : 0  train.loss : 7.723947525024414  train.ips : 0.0734992774978671 imgs/s train.total_time : 27.211151838302612 
TCAPPDLL 2025-06-30 05:18:08.111781 - Epoch: 0 Iteration: 66  rank : 0  train.loss : 8.106037139892578  train.ips : 0.06760342905386074 imgs/s train.total_time : 29.584298133850098 
TCAPPDLL 2025-06-30 05:18:34.835403 - Epoch: 0 Iteration: 67  rank : 0  train.loss : 6.874195098876953  train.ips : 0.07484162191951867 imgs/s train.total_time : 26.723098039627075 
TCAPPDLL 2025-06-30 05:19:01.549419 - Epoch: 0 Iteration: 68  rank : 0  train.loss : 7.137331008911133  train.ips : 0.07486814794241087 imgs/s train.total_time : 26.713629961013794 
TCAPPDLL 2025-06-30 05:19:30.421862 - Epoch: 0 Iteration: 69  rank : 0  train.loss : 7.348500728607178  train.ips : 0.06927144537392771 imgs/s train.total_time : 28.871925354003906 
TCAPPDLL 2025-06-30 05:19:58.617536 - Epoch: 0 Iteration: 70  rank : 0  train.loss : 7.069335460662842  train.ips : 0.07093387743825563 imgs/s train.total_time : 28.19527244567871 
TCAPPDLL 2025-06-30 05:20:25.925364 - Epoch: 0 Iteration: 71  rank : 0  train.loss : 7.23730993270874  train.ips : 0.07324016435934234 imgs/s train.total_time : 27.3074209690094 
TCAPPDLL 2025-06-30 05:20:55.210670 - Epoch: 0 Iteration: 72  rank : 0  train.loss : 6.545983791351318  train.ips : 0.06829464423906535 imgs/s train.total_time : 29.284873247146606 
TCAPPDLL 2025-06-30 05:21:23.302447 - Epoch: 0 Iteration: 73  rank : 0  train.loss : 6.785353660583496  train.ips : 0.0711961198991896 imgs/s train.total_time : 28.091418504714966 
TCAPPDLL 2025-06-30 05:21:45.510819 - Epoch: 0 Iteration: 74  rank : 0  train.loss : 6.868494510650635  train.ips : 0.09005742730977123 imgs/s train.total_time : 22.208051681518555 
TCAPPDLL 2025-06-30 05:22:07.931390 - Epoch: 0 Iteration: 75  rank : 0  train.loss : 7.646714210510254  train.ips : 0.08920531724266018 imgs/s train.total_time : 22.420188188552856 
TCAPPDLL 2025-06-30 05:22:32.818961 - Epoch: 0 Iteration: 76  rank : 0  train.loss : 6.972448348999023  train.ips : 0.08036244014148244 imgs/s train.total_time : 24.887248277664185 
TCAPPDLL 2025-06-30 05:22:54.618483 - Epoch: 0 Iteration: 77  rank : 0  train.loss : 8.318378448486328  train.ips : 0.09174634438151735 imgs/s train.total_time : 21.79923367500305 
TCAPPDLL 2025-06-30 05:23:23.924922 - Epoch: 0 Iteration: 78  rank : 0  train.loss : 7.008037567138672  train.ips : 0.06824544049080307 imgs/s train.total_time : 29.305987119674683 
TCAPPDLL 2025-06-30 05:23:49.722515 - Epoch: 0 Iteration: 79  rank : 0  train.loss : 6.790732383728027  train.ips : 0.07752782176473731 imgs/s train.total_time : 25.79719066619873 
TCAPPDLL 2025-06-30 05:24:17.289322 - Epoch: 0 Iteration: 80  rank : 0  train.loss : 8.137029647827148  train.ips : 0.07255200128120938 imgs/s train.total_time : 27.566434621810913 
TCAPPDLL 2025-06-30 05:24:48.308366 - Epoch: 0 Iteration: 81  rank : 0  train.loss : 7.649297714233398  train.ips : 0.06447745894827192 imgs/s train.total_time : 31.01859211921692 
TCAPPDLL 2025-06-30 05:25:17.723005 - Epoch: 0 Iteration: 82  rank : 0  train.loss : 7.597330093383789  train.ips : 0.06799429385388049 imgs/s train.total_time : 29.414232969284058 
TCAPPDLL 2025-06-30 05:25:49.113290 - Epoch: 0 Iteration: 83  rank : 0  train.loss : 6.637539863586426  train.ips : 0.06371495974878134 imgs/s train.total_time : 31.3898024559021 
TCAPPDLL 2025-06-30 05:26:15.735692 - Epoch: 0 Iteration: 84  rank : 0  train.loss : 6.598026275634766  train.ips : 0.07512590984267144 imgs/s train.total_time : 26.621973752975464 
TCAPPDLL 2025-06-30 05:26:45.820782 - Epoch: 0 Iteration: 85  rank : 0  train.loss : 6.696592330932617  train.ips : 0.06647884346861717 imgs/s train.total_time : 30.08475923538208 
TCAPPDLL 2025-06-30 05:27:15.159765 - Epoch: 0 Iteration: 86  rank : 0  train.loss : 6.245851516723633  train.ips : 0.0681697062439112 imgs/s train.total_time : 29.338545083999634 
TCAPPDLL 2025-06-30 05:27:44.243422 - Epoch: 0 Iteration: 87  rank : 0  train.loss : 7.054600715637207  train.ips : 0.06876814752554634 imgs/s train.total_time : 29.083232164382935 
TCAPPDLL 2025-06-30 05:28:16.621849 - Epoch: 0 Iteration: 88  rank : 0  train.loss : 6.68167781829834  train.ips : 0.06177031555598415 imgs/s train.total_time : 32.37801170349121 
TCAPPDLL 2025-06-30 05:28:44.299734 - Epoch: 0 Iteration: 89  rank : 0  train.loss : 7.09134578704834  train.ips : 0.07226110320390244 imgs/s train.total_time : 27.67740750312805 
TCAPPDLL 2025-06-30 05:29:08.043206 - Epoch: 0 Iteration: 90  rank : 0  train.loss : 6.902340888977051  train.ips : 0.08423511493755295 imgs/s train.total_time : 23.743067264556885 
TCAPPDLL 2025-06-30 05:29:30.714277 - Epoch: 0 Iteration: 91  rank : 0  train.loss : 6.651393413543701  train.ips : 0.08821933987017763 imgs/s train.total_time : 22.67076587677002 
TCAPPDLL 2025-06-30 05:29:58.421510 - Epoch: 0 Iteration: 92  rank : 0  train.loss : 7.425168991088867  train.ips : 0.07218447617380613 imgs/s train.total_time : 27.706788301467896 
TCAPPDLL 2025-06-30 05:30:29.106993 - Epoch: 0 Iteration: 93  rank : 0  train.loss : 7.713683605194092  train.ips : 0.06517821690840182 imgs/s train.total_time : 30.68509840965271 
TCAPPDLL 2025-06-30 05:30:59.707064 - Epoch: 0 Iteration: 94  rank : 0  train.loss : 6.883602142333984  train.ips : 0.06536002782695505 imgs/s train.total_time : 30.59974217414856 
TCAPPDLL 2025-06-30 05:31:29.517771 - Epoch: 0 Iteration: 95  rank : 0  train.loss : 6.22001314163208  train.ips : 0.06709101135024374 imgs/s train.total_time : 29.81025266647339 
TCAPPDLL 2025-06-30 05:32:02.108587 - Epoch: 0 Iteration: 96  rank : 0  train.loss : 8.250718116760254  train.ips : 0.06136794390574672 imgs/s train.total_time : 32.59030485153198 
TCAPPDLL 2025-06-30 05:32:32.218024 - Epoch: 0 Iteration: 97  rank : 0  train.loss : 8.726205825805664  train.ips : 0.06642548235733475 imgs/s train.total_time : 30.108927011489868 
TCAPPDLL 2025-06-30 05:33:01.399023 - Epoch: 0 Iteration: 98  rank : 0  train.loss : 7.153054714202881  train.ips : 0.06853896962804747 imgs/s train.total_time : 29.180479526519775 
TCAPPDLL 2025-06-30 05:33:30.613606 - Epoch: 0 Iteration: 99  rank : 0  train.loss : 6.1288299560546875  train.ips : 0.06846015127780734 imgs/s train.total_time : 29.214075088500977 
06/30 05:33:30 - mmengine - INFO - Epoch(train)  [1][  100/58633]  lr: 1.9920e-04  eta: 224 days, 14:16:06  time: 27.8832  data_time: 0.1382  memory: 5693  loss: 7.1878  loss_rpn_cls: 0.6680  loss_rpn_bbox: 0.0831  loss_semantic_seg: 2.1470  loss_glbctx: 2.0139  s0.loss_cls: 0.2398  s0.acc: 99.4141  s0.loss_bbox: 0.0199  s1.loss_cls: 0.0924  s1.acc: 99.6094  s1.loss_bbox: 0.0063  s2.loss_cls: 0.0393  s2.acc: 99.7070  s2.loss_bbox: 0.0008  loss_mask: 1.8773
