--------------+------------------------------------------------
 Host IP      | 100.10.19.16
 PyTorch      | 2.4.0a0+git4451b0e
 Torch-SDAA   | 20250616.14.30.dev0+git35328dc
--------------+------------------------------------------------
 SDAA Driver  | 2.1.0 (N/A)
 SDAA Runtime | 2.1.0 (/opt/tecoai/lib64/libsdaart.so)
 SDPTI        | 1.4.0b0 (/opt/tecoai/lib64/libsdpti.so)
 TecoDNN      | 2.2.0b0 (/opt/tecoai/lib64/libtecodnn.so)
 TecoBLAS     | 2.2.0b0 (/opt/tecoai/lib64/libtecoblas.so)
 CustomDNN    | 1.20.0a0 (/opt/tecoai/lib64/libtecodnn_ext.so)
 TecoRAND     | 2.0.1 (/opt/tecoai/lib64/libtecorand.so)
 TCCL         | 1.23.0 (/opt/tecoai/lib64/libtccl.so)
--------------+------------------------------------------------
--------------+------------------------------------------------
 Host IP      | 100.10.19.16
 PyTorch      | 2.4.0a0+git4451b0e
 Torch-SDAA   | 20250616.14.30.dev0+git35328dc
--------------+------------------------------------------------
 SDAA Driver  | 2.1.0 (N/A)
 SDAA Runtime | 2.1.0 (/opt/tecoai/lib64/libsdaart.so)
 SDPTI        | 1.4.0b0 (/opt/tecoai/lib64/libsdpti.so)
 TecoDNN      | 2.2.0b0 (/opt/tecoai/lib64/libtecodnn.so)
 TecoBLAS     | 2.2.0b0 (/opt/tecoai/lib64/libtecoblas.so)
 CustomDNN    | 1.20.0a0 (/opt/tecoai/lib64/libtecodnn_ext.so)
 TecoRAND     | 2.0.1 (/opt/tecoai/lib64/libtecorand.so)
 TCCL         | 1.23.0 (/opt/tecoai/lib64/libtccl.so)
--------------+------------------------------------------------
--------------+------------------------------------------------
 Host IP      | 100.10.19.16
 PyTorch      | 2.4.0a0+git4451b0e
 Torch-SDAA   | 20250616.14.30.dev0+git35328dc
--------------+------------------------------------------------
 SDAA Driver  | 2.1.0 (N/A)
 SDAA Runtime | 2.1.0 (/opt/tecoai/lib64/libsdaart.so)
 SDPTI        | 1.4.0b0 (/opt/tecoai/lib64/libsdpti.so)
 TecoDNN      | 2.2.0b0 (/opt/tecoai/lib64/libtecodnn.so)
 TecoBLAS     | 2.2.0b0 (/opt/tecoai/lib64/libtecoblas.so)
 CustomDNN    | 1.20.0a0 (/opt/tecoai/lib64/libtecodnn_ext.so)
 TecoRAND     | 2.0.1 (/opt/tecoai/lib64/libtecorand.so)
 TCCL         | 1.23.0 (/opt/tecoai/lib64/libtccl.so)
--------------+------------------------------------------------
--------------+------------------------------------------------
 Host IP      | 100.10.19.16
 PyTorch      | 2.4.0a0+git4451b0e
 Torch-SDAA   | 20250616.14.30.dev0+git35328dc
--------------+------------------------------------------------
 SDAA Driver  | 2.1.0 (N/A)
 SDAA Runtime | 2.1.0 (/opt/tecoai/lib64/libsdaart.so)
 SDPTI        | 1.4.0b0 (/opt/tecoai/lib64/libsdpti.so)
 TecoDNN      | 2.2.0b0 (/opt/tecoai/lib64/libtecodnn.so)
 TecoBLAS     | 2.2.0b0 (/opt/tecoai/lib64/libtecoblas.so)
 CustomDNN    | 1.20.0a0 (/opt/tecoai/lib64/libtecodnn_ext.so)
 TecoRAND     | 2.0.1 (/opt/tecoai/lib64/libtecorand.so)
 TCCL         | 1.23.0 (/opt/tecoai/lib64/libtccl.so)
--------------+------------------------------------------------
--------------+------------------------------------------------
 Host IP      | 100.10.19.16
 PyTorch      | 2.4.0a0+git4451b0e
 Torch-SDAA   | 20250616.14.30.dev0+git35328dc
--------------+------------------------------------------------
 SDAA Driver  | 2.1.0 (N/A)
 SDAA Runtime | 2.1.0 (/opt/tecoai/lib64/libsdaart.so)
 SDPTI        | 1.4.0b0 (/opt/tecoai/lib64/libsdpti.so)
 TecoDNN      | 2.2.0b0 (/opt/tecoai/lib64/libtecodnn.so)
 TecoBLAS     | 2.2.0b0 (/opt/tecoai/lib64/libtecoblas.so)
 CustomDNN    | 1.20.0a0 (/opt/tecoai/lib64/libtecodnn_ext.so)
 TecoRAND     | 2.0.1 (/opt/tecoai/lib64/libtecorand.so)
 TCCL         | 1.23.0 (/opt/tecoai/lib64/libtccl.so)
--------------+------------------------------------------------
INFO:__mp_main__:Process 0, default device set to sdaa:0
INFO:__mp_main__:Rank 0, model created on device sdaa:0.
INFO:__mp_main__:Rank 0, DDP wrapper applied successfully.
INFO:__mp_main__:********************************************************************************
INFO:__mp_main__:PyTorch version: 2.4.0a0+git4451b0e
INFO:__mp_main__:CUDA version: None
INFO:__mp_main__:CUDNN version: None
INFO:__mp_main__:CUDNN enabled: True
INFO:__mp_main__:CUDNN deterministic: False
INFO:__mp_main__:CUDNN benchmark: False
INFO:__mp_main__:# of GPUS: 4
INFO:__mp_main__:batch size: 1
INFO:__mp_main__:iterations per epoch: 7167
INFO:__mp_main__:# of epochs: 1
INFO:__mp_main__:started at epoch: 1
INFO:__mp_main__:********************************************************************************

--------------+------------------------------------------------
 Host IP      | 100.10.19.16
 PyTorch      | 2.4.0a0+git4451b0e
 Torch-SDAA   | 20250616.14.30.dev0+git35328dc
--------------+------------------------------------------------
 SDAA Driver  | 2.1.0 (N/A)
 SDAA Runtime | 2.1.0 (/opt/tecoai/lib64/libsdaart.so)
 SDPTI        | 1.4.0b0 (/opt/tecoai/lib64/libsdpti.so)
 TecoDNN      | 2.2.0b0 (/opt/tecoai/lib64/libtecodnn.so)
 TecoBLAS     | 2.2.0b0 (/opt/tecoai/lib64/libtecoblas.so)
 CustomDNN    | 1.20.0a0 (/opt/tecoai/lib64/libtecodnn_ext.so)
 TecoRAND     | 2.0.1 (/opt/tecoai/lib64/libtecorand.so)
 TCCL         | 1.23.0 (/opt/tecoai/lib64/libtccl.so)
--------------+------------------------------------------------
--------------+------------------------------------------------
 Host IP      | 100.10.19.16
 PyTorch      | 2.4.0a0+git4451b0e
 Torch-SDAA   | 20250616.14.30.dev0+git35328dc
--------------+------------------------------------------------
 SDAA Driver  | 2.1.0 (N/A)
 SDAA Runtime | 2.1.0 (/opt/tecoai/lib64/libsdaart.so)
 SDPTI        | 1.4.0b0 (/opt/tecoai/lib64/libsdpti.so)
 TecoDNN      | 2.2.0b0 (/opt/tecoai/lib64/libtecodnn.so)
 TecoBLAS     | 2.2.0b0 (/opt/tecoai/lib64/libtecoblas.so)
 CustomDNN    | 1.20.0a0 (/opt/tecoai/lib64/libtecodnn_ext.so)
 TecoRAND     | 2.0.1 (/opt/tecoai/lib64/libtecorand.so)
 TCCL         | 1.23.0 (/opt/tecoai/lib64/libtccl.so)
--------------+------------------------------------------------
--------------+------------------------------------------------
 Host IP      | 100.10.19.16
 PyTorch      | 2.4.0a0+git4451b0e
 Torch-SDAA   | 20250616.14.30.dev0+git35328dc
--------------+------------------------------------------------
 SDAA Driver  | 2.1.0 (N/A)
 SDAA Runtime | 2.1.0 (/opt/tecoai/lib64/libsdaart.so)
 SDPTI        | 1.4.0b0 (/opt/tecoai/lib64/libsdpti.so)
 TecoDNN      | 2.2.0b0 (/opt/tecoai/lib64/libtecodnn.so)
 TecoBLAS     | 2.2.0b0 (/opt/tecoai/lib64/libtecoblas.so)
 CustomDNN    | 1.20.0a0 (/opt/tecoai/lib64/libtecodnn_ext.so)
 TecoRAND     | 2.0.1 (/opt/tecoai/lib64/libtecorand.so)
 TCCL         | 1.23.0 (/opt/tecoai/lib64/libtccl.so)
--------------+------------------------------------------------
--------------+------------------------------------------------
 Host IP      | 100.10.19.16
 PyTorch      | 2.4.0a0+git4451b0e
 Torch-SDAA   | 20250616.14.30.dev0+git35328dc
--------------+------------------------------------------------
 SDAA Driver  | 2.1.0 (N/A)
 SDAA Runtime | 2.1.0 (/opt/tecoai/lib64/libsdaart.so)
 SDPTI        | 1.4.0b0 (/opt/tecoai/lib64/libsdpti.so)
 TecoDNN      | 2.2.0b0 (/opt/tecoai/lib64/libtecodnn.so)
 TecoBLAS     | 2.2.0b0 (/opt/tecoai/lib64/libtecoblas.so)
 CustomDNN    | 1.20.0a0 (/opt/tecoai/lib64/libtecodnn_ext.so)
 TecoRAND     | 2.0.1 (/opt/tecoai/lib64/libtecorand.so)
 TCCL         | 1.23.0 (/opt/tecoai/lib64/libtccl.so)
--------------+------------------------------------------------
--------------+------------------------------------------------
 Host IP      | 100.10.19.16
 PyTorch      | 2.4.0a0+git4451b0e
 Torch-SDAA   | 20250616.14.30.dev0+git35328dc
--------------+------------------------------------------------
 SDAA Driver  | 2.1.0 (N/A)
 SDAA Runtime | 2.1.0 (/opt/tecoai/lib64/libsdaart.so)
 SDPTI        | 1.4.0b0 (/opt/tecoai/lib64/libsdpti.so)
 TecoDNN      | 2.2.0b0 (/opt/tecoai/lib64/libtecodnn.so)
 TecoBLAS     | 2.2.0b0 (/opt/tecoai/lib64/libtecoblas.so)
 CustomDNN    | 1.20.0a0 (/opt/tecoai/lib64/libtecodnn_ext.so)
 TecoRAND     | 2.0.1 (/opt/tecoai/lib64/libtecorand.so)
 TCCL         | 1.23.0 (/opt/tecoai/lib64/libtccl.so)
--------------+------------------------------------------------
--------------+------------------------------------------------
 Host IP      | 100.10.19.16
 PyTorch      | 2.4.0a0+git4451b0e
 Torch-SDAA   | 20250616.14.30.dev0+git35328dc
--------------+------------------------------------------------
 SDAA Driver  | 2.1.0 (N/A)
 SDAA Runtime | 2.1.0 (/opt/tecoai/lib64/libsdaart.so)
 SDPTI        | 1.4.0b0 (/opt/tecoai/lib64/libsdpti.so)
 TecoDNN      | 2.2.0b0 (/opt/tecoai/lib64/libtecodnn.so)
 TecoBLAS     | 2.2.0b0 (/opt/tecoai/lib64/libtecoblas.so)
 CustomDNN    | 1.20.0a0 (/opt/tecoai/lib64/libtecodnn_ext.so)
 TecoRAND     | 2.0.1 (/opt/tecoai/lib64/libtecorand.so)
 TCCL         | 1.23.0 (/opt/tecoai/lib64/libtccl.so)
--------------+------------------------------------------------
--------------+------------------------------------------------
 Host IP      | 100.10.19.16
 PyTorch      | 2.4.0a0+git4451b0e
 Torch-SDAA   | 20250616.14.30.dev0+git35328dc
--------------+------------------------------------------------
 SDAA Driver  | 2.1.0 (N/A)
 SDAA Runtime | 2.1.0 (/opt/tecoai/lib64/libsdaart.so)
 SDPTI        | 1.4.0b0 (/opt/tecoai/lib64/libsdpti.so)
 TecoDNN      | 2.2.0b0 (/opt/tecoai/lib64/libtecodnn.so)
 TecoBLAS     | 2.2.0b0 (/opt/tecoai/lib64/libtecoblas.so)
 CustomDNN    | 1.20.0a0 (/opt/tecoai/lib64/libtecodnn_ext.so)
 TecoRAND     | 2.0.1 (/opt/tecoai/lib64/libtecorand.so)
 TCCL         | 1.23.0 (/opt/tecoai/lib64/libtccl.so)
--------------+------------------------------------------------
--------------+------------------------------------------------
 Host IP      | 100.10.19.16
 PyTorch      | 2.4.0a0+git4451b0e
 Torch-SDAA   | 20250616.14.30.dev0+git35328dc
--------------+------------------------------------------------
 SDAA Driver  | 2.1.0 (N/A)
 SDAA Runtime | 2.1.0 (/opt/tecoai/lib64/libsdaart.so)
 SDPTI        | 1.4.0b0 (/opt/tecoai/lib64/libsdpti.so)
 TecoDNN      | 2.2.0b0 (/opt/tecoai/lib64/libtecodnn.so)
 TecoBLAS     | 2.2.0b0 (/opt/tecoai/lib64/libtecoblas.so)
 CustomDNN    | 1.20.0a0 (/opt/tecoai/lib64/libtecodnn_ext.so)
 TecoRAND     | 2.0.1 (/opt/tecoai/lib64/libtecorand.so)
 TCCL         | 1.23.0 (/opt/tecoai/lib64/libtccl.so)
--------------+------------------------------------------------
--------------+------------------------------------------------
 Host IP      | 100.10.19.16
 PyTorch      | 2.4.0a0+git4451b0e
 Torch-SDAA   | 20250616.14.30.dev0+git35328dc
--------------+------------------------------------------------
 SDAA Driver  | 2.1.0 (N/A)
 SDAA Runtime | 2.1.0 (/opt/tecoai/lib64/libsdaart.so)
 SDPTI        | 1.4.0b0 (/opt/tecoai/lib64/libsdpti.so)
 TecoDNN      | 2.2.0b0 (/opt/tecoai/lib64/libtecodnn.so)
 TecoBLAS     | 2.2.0b0 (/opt/tecoai/lib64/libtecoblas.so)
 CustomDNN    | 1.20.0a0 (/opt/tecoai/lib64/libtecodnn_ext.so)
 TecoRAND     | 2.0.1 (/opt/tecoai/lib64/libtecorand.so)
 TCCL         | 1.23.0 (/opt/tecoai/lib64/libtccl.so)
--------------+------------------------------------------------
--------------+------------------------------------------------
 Host IP      | 100.10.19.16
 PyTorch      | 2.4.0a0+git4451b0e
 Torch-SDAA   | 20250616.14.30.dev0+git35328dc
--------------+------------------------------------------------
 SDAA Driver  | 2.1.0 (N/A)
 SDAA Runtime | 2.1.0 (/opt/tecoai/lib64/libsdaart.so)
 SDPTI        | 1.4.0b0 (/opt/tecoai/lib64/libsdpti.so)
 TecoDNN      | 2.2.0b0 (/opt/tecoai/lib64/libtecodnn.so)
 TecoBLAS     | 2.2.0b0 (/opt/tecoai/lib64/libtecoblas.so)
 CustomDNN    | 1.20.0a0 (/opt/tecoai/lib64/libtecodnn_ext.so)
 TecoRAND     | 2.0.1 (/opt/tecoai/lib64/libtecorand.so)
 TCCL         | 1.23.0 (/opt/tecoai/lib64/libtccl.so)
--------------+------------------------------------------------
--------------+------------------------------------------------
 Host IP      | 100.10.19.16
 PyTorch      | 2.4.0a0+git4451b0e
 Torch-SDAA   | 20250616.14.30.dev0+git35328dc
--------------+------------------------------------------------
 SDAA Driver  | 2.1.0 (N/A)
 SDAA Runtime | 2.1.0 (/opt/tecoai/lib64/libsdaart.so)
 SDPTI        | 1.4.0b0 (/opt/tecoai/lib64/libsdpti.so)
 TecoDNN      | 2.2.0b0 (/opt/tecoai/lib64/libtecodnn.so)
 TecoBLAS     | 2.2.0b0 (/opt/tecoai/lib64/libtecoblas.so)
 CustomDNN    | 1.20.0a0 (/opt/tecoai/lib64/libtecodnn_ext.so)
 TecoRAND     | 2.0.1 (/opt/tecoai/lib64/libtecorand.so)
 TCCL         | 1.23.0 (/opt/tecoai/lib64/libtccl.so)
--------------+------------------------------------------------
--------------+------------------------------------------------
 Host IP      | 100.10.19.16
 PyTorch      | 2.4.0a0+git4451b0e
 Torch-SDAA   | 20250616.14.30.dev0+git35328dc
--------------+------------------------------------------------
 SDAA Driver  | 2.1.0 (N/A)
 SDAA Runtime | 2.1.0 (/opt/tecoai/lib64/libsdaart.so)
 SDPTI        | 1.4.0b0 (/opt/tecoai/lib64/libsdpti.so)
 TecoDNN      | 2.2.0b0 (/opt/tecoai/lib64/libtecodnn.so)
 TecoBLAS     | 2.2.0b0 (/opt/tecoai/lib64/libtecoblas.so)
 CustomDNN    | 1.20.0a0 (/opt/tecoai/lib64/libtecodnn_ext.so)
 TecoRAND     | 2.0.1 (/opt/tecoai/lib64/libtecorand.so)
 TCCL         | 1.23.0 (/opt/tecoai/lib64/libtccl.so)
--------------+------------------------------------------------
--------------+------------------------------------------------
 Host IP      | 100.10.19.16
 PyTorch      | 2.4.0a0+git4451b0e
 Torch-SDAA   | 20250616.14.30.dev0+git35328dc
--------------+------------------------------------------------
 SDAA Driver  | 2.1.0 (N/A)
 SDAA Runtime | 2.1.0 (/opt/tecoai/lib64/libsdaart.so)
 SDPTI        | 1.4.0b0 (/opt/tecoai/lib64/libsdpti.so)
 TecoDNN      | 2.2.0b0 (/opt/tecoai/lib64/libtecodnn.so)
 TecoBLAS     | 2.2.0b0 (/opt/tecoai/lib64/libtecoblas.so)
 CustomDNN    | 1.20.0a0 (/opt/tecoai/lib64/libtecodnn_ext.so)
 TecoRAND     | 2.0.1 (/opt/tecoai/lib64/libtecorand.so)
 TCCL         | 1.23.0 (/opt/tecoai/lib64/libtccl.so)
--------------+------------------------------------------------
--------------+------------------------------------------------
 Host IP      | 100.10.19.16
 PyTorch      | 2.4.0a0+git4451b0e
 Torch-SDAA   | 20250616.14.30.dev0+git35328dc
--------------+------------------------------------------------
 SDAA Driver  | 2.1.0 (N/A)
 SDAA Runtime | 2.1.0 (/opt/tecoai/lib64/libsdaart.so)
 SDPTI        | 1.4.0b0 (/opt/tecoai/lib64/libsdpti.so)
 TecoDNN      | 2.2.0b0 (/opt/tecoai/lib64/libtecodnn.so)
 TecoBLAS     | 2.2.0b0 (/opt/tecoai/lib64/libtecoblas.so)
 CustomDNN    | 1.20.0a0 (/opt/tecoai/lib64/libtecodnn_ext.so)
 TecoRAND     | 2.0.1 (/opt/tecoai/lib64/libtecorand.so)
 TCCL         | 1.23.0 (/opt/tecoai/lib64/libtccl.so)
--------------+------------------------------------------------
--------------+------------------------------------------------
 Host IP      | 100.10.19.16
 PyTorch      | 2.4.0a0+git4451b0e
 Torch-SDAA   | 20250616.14.30.dev0+git35328dc
--------------+------------------------------------------------
 SDAA Driver  | 2.1.0 (N/A)
 SDAA Runtime | 2.1.0 (/opt/tecoai/lib64/libsdaart.so)
 SDPTI        | 1.4.0b0 (/opt/tecoai/lib64/libsdpti.so)
 TecoDNN      | 2.2.0b0 (/opt/tecoai/lib64/libtecodnn.so)
 TecoBLAS     | 2.2.0b0 (/opt/tecoai/lib64/libtecoblas.so)
 CustomDNN    | 1.20.0a0 (/opt/tecoai/lib64/libtecodnn_ext.so)
 TecoRAND     | 2.0.1 (/opt/tecoai/lib64/libtecorand.so)
 TCCL         | 1.23.0 (/opt/tecoai/lib64/libtccl.so)
--------------+------------------------------------------------
--------------+------------------------------------------------
 Host IP      | 100.10.19.16
 PyTorch      | 2.4.0a0+git4451b0e
 Torch-SDAA   | 20250616.14.30.dev0+git35328dc
--------------+------------------------------------------------
 SDAA Driver  | 2.1.0 (N/A)
 SDAA Runtime | 2.1.0 (/opt/tecoai/lib64/libsdaart.so)
 SDPTI        | 1.4.0b0 (/opt/tecoai/lib64/libsdpti.so)
 TecoDNN      | 2.2.0b0 (/opt/tecoai/lib64/libtecodnn.so)
 TecoBLAS     | 2.2.0b0 (/opt/tecoai/lib64/libtecoblas.so)
 CustomDNN    | 1.20.0a0 (/opt/tecoai/lib64/libtecodnn_ext.so)
 TecoRAND     | 2.0.1 (/opt/tecoai/lib64/libtecorand.so)
 TCCL         | 1.23.0 (/opt/tecoai/lib64/libtccl.so)
--------------+------------------------------------------------
--------------+------------------------------------------------
 Host IP      | 100.10.19.16
 PyTorch      | 2.4.0a0+git4451b0e
 Torch-SDAA   | 20250616.14.30.dev0+git35328dc
--------------+------------------------------------------------
 SDAA Driver  | 2.1.0 (N/A)
 SDAA Runtime | 2.1.0 (/opt/tecoai/lib64/libsdaart.so)
 SDPTI        | 1.4.0b0 (/opt/tecoai/lib64/libsdpti.so)
 TecoDNN      | 2.2.0b0 (/opt/tecoai/lib64/libtecodnn.so)
 TecoBLAS     | 2.2.0b0 (/opt/tecoai/lib64/libtecoblas.so)
 CustomDNN    | 1.20.0a0 (/opt/tecoai/lib64/libtecodnn_ext.so)
 TecoRAND     | 2.0.1 (/opt/tecoai/lib64/libtecorand.so)
 TCCL         | 1.23.0 (/opt/tecoai/lib64/libtccl.so)
--------------+------------------------------------------------
--------------+------------------------------------------------
 Host IP      | 100.10.19.16
 PyTorch      | 2.4.0a0+git4451b0e
 Torch-SDAA   | 20250616.14.30.dev0+git35328dc
--------------+------------------------------------------------
 SDAA Driver  | 2.1.0 (N/A)
 SDAA Runtime | 2.1.0 (/opt/tecoai/lib64/libsdaart.so)
 SDPTI        | 1.4.0b0 (/opt/tecoai/lib64/libsdpti.so)
 TecoDNN      | 2.2.0b0 (/opt/tecoai/lib64/libtecodnn.so)
 TecoBLAS     | 2.2.0b0 (/opt/tecoai/lib64/libtecoblas.so)
 CustomDNN    | 1.20.0a0 (/opt/tecoai/lib64/libtecodnn_ext.so)
 TecoRAND     | 2.0.1 (/opt/tecoai/lib64/libtecorand.so)
 TCCL         | 1.23.0 (/opt/tecoai/lib64/libtccl.so)
--------------+------------------------------------------------
--------------+------------------------------------------------
 Host IP      | 100.10.19.16
 PyTorch      | 2.4.0a0+git4451b0e
 Torch-SDAA   | 20250616.14.30.dev0+git35328dc
--------------+------------------------------------------------
 SDAA Driver  | 2.1.0 (N/A)
 SDAA Runtime | 2.1.0 (/opt/tecoai/lib64/libsdaart.so)
 SDPTI        | 1.4.0b0 (/opt/tecoai/lib64/libsdpti.so)
 TecoDNN      | 2.2.0b0 (/opt/tecoai/lib64/libtecodnn.so)
 TecoBLAS     | 2.2.0b0 (/opt/tecoai/lib64/libtecoblas.so)
 CustomDNN    | 1.20.0a0 (/opt/tecoai/lib64/libtecodnn_ext.so)
 TecoRAND     | 2.0.1 (/opt/tecoai/lib64/libtecorand.so)
 TCCL         | 1.23.0 (/opt/tecoai/lib64/libtccl.so)
--------------+------------------------------------------------
--------------+------------------------------------------------
 Host IP      | 100.10.19.16
 PyTorch      | 2.4.0a0+git4451b0e
 Torch-SDAA   | 20250616.14.30.dev0+git35328dc
--------------+------------------------------------------------
 SDAA Driver  | 2.1.0 (N/A)
 SDAA Runtime | 2.1.0 (/opt/tecoai/lib64/libsdaart.so)
 SDPTI        | 1.4.0b0 (/opt/tecoai/lib64/libsdpti.so)
 TecoDNN      | 2.2.0b0 (/opt/tecoai/lib64/libtecodnn.so)
 TecoBLAS     | 2.2.0b0 (/opt/tecoai/lib64/libtecoblas.so)
 CustomDNN    | 1.20.0a0 (/opt/tecoai/lib64/libtecodnn_ext.so)
 TecoRAND     | 2.0.1 (/opt/tecoai/lib64/libtecorand.so)
 TCCL         | 1.23.0 (/opt/tecoai/lib64/libtccl.so)
--------------+------------------------------------------------
--------------+------------------------------------------------
 Host IP      | 100.10.19.16
 PyTorch      | 2.4.0a0+git4451b0e
 Torch-SDAA   | 20250616.14.30.dev0+git35328dc
--------------+------------------------------------------------
 SDAA Driver  | 2.1.0 (N/A)
 SDAA Runtime | 2.1.0 (/opt/tecoai/lib64/libsdaart.so)
 SDPTI        | 1.4.0b0 (/opt/tecoai/lib64/libsdpti.so)
 TecoDNN      | 2.2.0b0 (/opt/tecoai/lib64/libtecodnn.so)
 TecoBLAS     | 2.2.0b0 (/opt/tecoai/lib64/libtecoblas.so)
 CustomDNN    | 1.20.0a0 (/opt/tecoai/lib64/libtecodnn_ext.so)
 TecoRAND     | 2.0.1 (/opt/tecoai/lib64/libtecorand.so)
 TCCL         | 1.23.0 (/opt/tecoai/lib64/libtccl.so)
--------------+------------------------------------------------
--------------+------------------------------------------------
 Host IP      | 100.10.19.16
 PyTorch      | 2.4.0a0+git4451b0e
 Torch-SDAA   | 20250616.14.30.dev0+git35328dc
--------------+------------------------------------------------
 SDAA Driver  | 2.1.0 (N/A)
 SDAA Runtime | 2.1.0 (/opt/tecoai/lib64/libsdaart.so)
 SDPTI        | 1.4.0b0 (/opt/tecoai/lib64/libsdpti.so)
 TecoDNN      | 2.2.0b0 (/opt/tecoai/lib64/libtecodnn.so)
 TecoBLAS     | 2.2.0b0 (/opt/tecoai/lib64/libtecoblas.so)
 CustomDNN    | 1.20.0a0 (/opt/tecoai/lib64/libtecodnn_ext.so)
 TecoRAND     | 2.0.1 (/opt/tecoai/lib64/libtecorand.so)
 TCCL         | 1.23.0 (/opt/tecoai/lib64/libtccl.so)
--------------+------------------------------------------------
--------------+------------------------------------------------
 Host IP      | 100.10.19.16
 PyTorch      | 2.4.0a0+git4451b0e
 Torch-SDAA   | 20250616.14.30.dev0+git35328dc
--------------+------------------------------------------------
 SDAA Driver  | 2.1.0 (N/A)
 SDAA Runtime | 2.1.0 (/opt/tecoai/lib64/libsdaart.so)
 SDPTI        | 1.4.0b0 (/opt/tecoai/lib64/libsdpti.so)
 TecoDNN      | 2.2.0b0 (/opt/tecoai/lib64/libtecodnn.so)
 TecoBLAS     | 2.2.0b0 (/opt/tecoai/lib64/libtecoblas.so)
 CustomDNN    | 1.20.0a0 (/opt/tecoai/lib64/libtecodnn_ext.so)
 TecoRAND     | 2.0.1 (/opt/tecoai/lib64/libtecorand.so)
 TCCL         | 1.23.0 (/opt/tecoai/lib64/libtccl.so)
--------------+------------------------------------------------
--------------+------------------------------------------------
 Host IP      | 100.10.19.16
 PyTorch      | 2.4.0a0+git4451b0e
 Torch-SDAA   | 20250616.14.30.dev0+git35328dc
--------------+------------------------------------------------
 SDAA Driver  | 2.1.0 (N/A)
 SDAA Runtime | 2.1.0 (/opt/tecoai/lib64/libsdaart.so)
 SDPTI        | 1.4.0b0 (/opt/tecoai/lib64/libsdpti.so)
 TecoDNN      | 2.2.0b0 (/opt/tecoai/lib64/libtecodnn.so)
 TecoBLAS     | 2.2.0b0 (/opt/tecoai/lib64/libtecoblas.so)
 CustomDNN    | 1.20.0a0 (/opt/tecoai/lib64/libtecodnn_ext.so)
 TecoRAND     | 2.0.1 (/opt/tecoai/lib64/libtecorand.so)
 TCCL         | 1.23.0 (/opt/tecoai/lib64/libtccl.so)
--------------+------------------------------------------------
--------------+------------------------------------------------
 Host IP      | 100.10.19.16
 PyTorch      | 2.4.0a0+git4451b0e
 Torch-SDAA   | 20250616.14.30.dev0+git35328dc
--------------+------------------------------------------------
 SDAA Driver  | 2.1.0 (N/A)
 SDAA Runtime | 2.1.0 (/opt/tecoai/lib64/libsdaart.so)
 SDPTI        | 1.4.0b0 (/opt/tecoai/lib64/libsdpti.so)
 TecoDNN      | 2.2.0b0 (/opt/tecoai/lib64/libtecodnn.so)
 TecoBLAS     | 2.2.0b0 (/opt/tecoai/lib64/libtecoblas.so)
 CustomDNN    | 1.20.0a0 (/opt/tecoai/lib64/libtecodnn_ext.so)
 TecoRAND     | 2.0.1 (/opt/tecoai/lib64/libtecorand.so)
 TCCL         | 1.23.0 (/opt/tecoai/lib64/libtccl.so)
--------------+------------------------------------------------
--------------+------------------------------------------------
 Host IP      | 100.10.19.16
 PyTorch      | 2.4.0a0+git4451b0e
 Torch-SDAA   | 20250616.14.30.dev0+git35328dc
--------------+------------------------------------------------
 SDAA Driver  | 2.1.0 (N/A)
 SDAA Runtime | 2.1.0 (/opt/tecoai/lib64/libsdaart.so)
 SDPTI        | 1.4.0b0 (/opt/tecoai/lib64/libsdpti.so)
 TecoDNN      | 2.2.0b0 (/opt/tecoai/lib64/libtecodnn.so)
 TecoBLAS     | 2.2.0b0 (/opt/tecoai/lib64/libtecoblas.so)
 CustomDNN    | 1.20.0a0 (/opt/tecoai/lib64/libtecodnn_ext.so)
 TecoRAND     | 2.0.1 (/opt/tecoai/lib64/libtecorand.so)
 TCCL         | 1.23.0 (/opt/tecoai/lib64/libtccl.so)
--------------+------------------------------------------------
--------------+------------------------------------------------
 Host IP      | 100.10.19.16
 PyTorch      | 2.4.0a0+git4451b0e
 Torch-SDAA   | 20250616.14.30.dev0+git35328dc
--------------+------------------------------------------------
 SDAA Driver  | 2.1.0 (N/A)
 SDAA Runtime | 2.1.0 (/opt/tecoai/lib64/libsdaart.so)
 SDPTI        | 1.4.0b0 (/opt/tecoai/lib64/libsdpti.so)
 TecoDNN      | 2.2.0b0 (/opt/tecoai/lib64/libtecodnn.so)
 TecoBLAS     | 2.2.0b0 (/opt/tecoai/lib64/libtecoblas.so)
 CustomDNN    | 1.20.0a0 (/opt/tecoai/lib64/libtecodnn_ext.so)
 TecoRAND     | 2.0.1 (/opt/tecoai/lib64/libtecorand.so)
 TCCL         | 1.23.0 (/opt/tecoai/lib64/libtccl.so)
--------------+------------------------------------------------
--------------+------------------------------------------------
 Host IP      | 100.10.19.16
 PyTorch      | 2.4.0a0+git4451b0e
 Torch-SDAA   | 20250616.14.30.dev0+git35328dc
--------------+------------------------------------------------
 SDAA Driver  | 2.1.0 (N/A)
 SDAA Runtime | 2.1.0 (/opt/tecoai/lib64/libsdaart.so)
 SDPTI        | 1.4.0b0 (/opt/tecoai/lib64/libsdpti.so)
 TecoDNN      | 2.2.0b0 (/opt/tecoai/lib64/libtecodnn.so)
 TecoBLAS     | 2.2.0b0 (/opt/tecoai/lib64/libtecoblas.so)
 CustomDNN    | 1.20.0a0 (/opt/tecoai/lib64/libtecodnn_ext.so)
 TecoRAND     | 2.0.1 (/opt/tecoai/lib64/libtecorand.so)
 TCCL         | 1.23.0 (/opt/tecoai/lib64/libtccl.so)
--------------+------------------------------------------------
--------------+------------------------------------------------
 Host IP      | 100.10.19.16
 PyTorch      | 2.4.0a0+git4451b0e
 Torch-SDAA   | 20250616.14.30.dev0+git35328dc
--------------+------------------------------------------------
 SDAA Driver  | 2.1.0 (N/A)
 SDAA Runtime | 2.1.0 (/opt/tecoai/lib64/libsdaart.so)
 SDPTI        | 1.4.0b0 (/opt/tecoai/lib64/libsdpti.so)
 TecoDNN      | 2.2.0b0 (/opt/tecoai/lib64/libtecodnn.so)
 TecoBLAS     | 2.2.0b0 (/opt/tecoai/lib64/libtecoblas.so)
 CustomDNN    | 1.20.0a0 (/opt/tecoai/lib64/libtecodnn_ext.so)
 TecoRAND     | 2.0.1 (/opt/tecoai/lib64/libtecorand.so)
 TCCL         | 1.23.0 (/opt/tecoai/lib64/libtccl.so)
--------------+------------------------------------------------
--------------+------------------------------------------------
 Host IP      | 100.10.19.16
 PyTorch      | 2.4.0a0+git4451b0e
 Torch-SDAA   | 20250616.14.30.dev0+git35328dc
--------------+------------------------------------------------
 SDAA Driver  | 2.1.0 (N/A)
 SDAA Runtime | 2.1.0 (/opt/tecoai/lib64/libsdaart.so)
 SDPTI        | 1.4.0b0 (/opt/tecoai/lib64/libsdpti.so)
 TecoDNN      | 2.2.0b0 (/opt/tecoai/lib64/libtecodnn.so)
 TecoBLAS     | 2.2.0b0 (/opt/tecoai/lib64/libtecoblas.so)
 CustomDNN    | 1.20.0a0 (/opt/tecoai/lib64/libtecodnn_ext.so)
 TecoRAND     | 2.0.1 (/opt/tecoai/lib64/libtecorand.so)
 TCCL         | 1.23.0 (/opt/tecoai/lib64/libtccl.so)
--------------+------------------------------------------------
--------------+------------------------------------------------
 Host IP      | 100.10.19.16
 PyTorch      | 2.4.0a0+git4451b0e
 Torch-SDAA   | 20250616.14.30.dev0+git35328dc
--------------+------------------------------------------------
 SDAA Driver  | 2.1.0 (N/A)
 SDAA Runtime | 2.1.0 (/opt/tecoai/lib64/libsdaart.so)
 SDPTI        | 1.4.0b0 (/opt/tecoai/lib64/libsdpti.so)
 TecoDNN      | 2.2.0b0 (/opt/tecoai/lib64/libtecodnn.so)
 TecoBLAS     | 2.2.0b0 (/opt/tecoai/lib64/libtecoblas.so)
 CustomDNN    | 1.20.0a0 (/opt/tecoai/lib64/libtecodnn_ext.so)
 TecoRAND     | 2.0.1 (/opt/tecoai/lib64/libtecorand.so)
 TCCL         | 1.23.0 (/opt/tecoai/lib64/libtccl.so)
--------------+------------------------------------------------
--------------+------------------------------------------------
 Host IP      | 100.10.19.16
 PyTorch      | 2.4.0a0+git4451b0e
 Torch-SDAA   | 20250616.14.30.dev0+git35328dc
--------------+------------------------------------------------
 SDAA Driver  | 2.1.0 (N/A)
 SDAA Runtime | 2.1.0 (/opt/tecoai/lib64/libsdaart.so)
 SDPTI        | 1.4.0b0 (/opt/tecoai/lib64/libsdpti.so)
 TecoDNN      | 2.2.0b0 (/opt/tecoai/lib64/libtecodnn.so)
 TecoBLAS     | 2.2.0b0 (/opt/tecoai/lib64/libtecoblas.so)
 CustomDNN    | 1.20.0a0 (/opt/tecoai/lib64/libtecodnn_ext.so)
 TecoRAND     | 2.0.1 (/opt/tecoai/lib64/libtecorand.so)
 TCCL         | 1.23.0 (/opt/tecoai/lib64/libtccl.so)
--------------+------------------------------------------------
TCAPPDLL 2025-11-20 07:24:17.833422 - Epoch: 1 Iteration: 1  rank : 0  train.loss : 4.842159748077393  train.ips : 0.017661534452108132 imgs/s
TCAPPDLL 2025-11-20 07:24:18.179009 - Epoch: 1 Iteration: 2  rank : 0  train.loss : 4.730790138244629  train.ips : 11.583475274013981 imgs/s
TCAPPDLL 2025-11-20 07:24:18.469437 - Epoch: 1 Iteration: 3  rank : 0  train.loss : 4.524593353271484  train.ips : 13.786814561226326 imgs/s
TCAPPDLL 2025-11-20 07:24:18.813998 - Epoch: 1 Iteration: 4  rank : 0  train.loss : 4.690454006195068  train.ips : 11.614492695431728 imgs/s
TCAPPDLL 2025-11-20 07:24:19.166615 - Epoch: 1 Iteration: 5  rank : 0  train.loss : 4.684112548828125  train.ips : 11.349223078328045 imgs/s
TCAPPDLL 2025-11-20 07:24:19.509528 - Epoch: 1 Iteration: 6  rank : 0  train.loss : 4.613662242889404  train.ips : 11.670733319142483 imgs/s
TCAPPDLL 2025-11-20 07:24:19.833894 - Epoch: 1 Iteration: 7  rank : 0  train.loss : 4.6028666496276855  train.ips : 12.33785747483483 imgs/s
TCAPPDLL 2025-11-20 07:24:20.191340 - Epoch: 1 Iteration: 8  rank : 0  train.loss : 4.641114234924316  train.ips : 11.195423928550934 imgs/s
TCAPPDLL 2025-11-20 07:24:20.526312 - Epoch: 1 Iteration: 9  rank : 0  train.loss : 4.612480640411377  train.ips : 11.946852607060636 imgs/s
TCAPPDLL 2025-11-20 07:24:20.865729 - Epoch: 1 Iteration: 10  rank : 0  train.loss : 4.639153480529785  train.ips : 11.790604041938787 imgs/s
TCAPPDLL 2025-11-20 07:24:21.184104 - Epoch: 1 Iteration: 11  rank : 0  train.loss : 4.617894172668457  train.ips : 12.570809453198933 imgs/s
TCAPPDLL 2025-11-20 07:24:21.523127 - Epoch: 1 Iteration: 12  rank : 0  train.loss : 4.620988368988037  train.ips : 11.804217295555446 imgs/s
TCAPPDLL 2025-11-20 07:24:21.878211 - Epoch: 1 Iteration: 13  rank : 0  train.loss : 4.614006042480469  train.ips : 11.270186082973888 imgs/s
TCAPPDLL 2025-11-20 07:24:22.235549 - Epoch: 1 Iteration: 14  rank : 0  train.loss : 4.575763702392578  train.ips : 11.199033439134368 imgs/s
TCAPPDLL 2025-11-20 07:24:22.559521 - Epoch: 1 Iteration: 15  rank : 0  train.loss : 4.566902160644531  train.ips : 12.353610459456792 imgs/s
TCAPPDLL 2025-11-20 07:24:22.890414 - Epoch: 1 Iteration: 16  rank : 0  train.loss : 4.587732315063477  train.ips : 12.094293472971833 imgs/s
TCAPPDLL 2025-11-20 07:24:23.213863 - Epoch: 1 Iteration: 17  rank : 0  train.loss : 4.5611066818237305  train.ips : 12.372632917254796 imgs/s
TCAPPDLL 2025-11-20 07:24:23.566507 - Epoch: 1 Iteration: 18  rank : 0  train.loss : 4.554869174957275  train.ips : 11.34777991664288 imgs/s
TCAPPDLL 2025-11-20 07:24:23.923816 - Epoch: 1 Iteration: 19  rank : 0  train.loss : 4.588677406311035  train.ips : 11.199975433403495 imgs/s
TCAPPDLL 2025-11-20 07:24:24.277072 - Epoch: 1 Iteration: 20  rank : 0  train.loss : 4.601700782775879  train.ips : 11.328226007927023 imgs/s
TCAPPDLL 2025-11-20 07:24:24.635246 - Epoch: 1 Iteration: 21  rank : 0  train.loss : 4.589980125427246  train.ips : 11.172952439810548 imgs/s
TCAPPDLL 2025-11-20 07:24:24.991225 - Epoch: 1 Iteration: 22  rank : 0  train.loss : 4.604273319244385  train.ips : 11.241821691739375 imgs/s
TCAPPDLL 2025-11-20 07:24:25.306535 - Epoch: 1 Iteration: 23  rank : 0  train.loss : 4.550531387329102  train.ips : 12.692559851416423 imgs/s
TCAPPDLL 2025-11-20 07:24:25.632448 - Epoch: 1 Iteration: 24  rank : 0  train.loss : 4.563782215118408  train.ips : 12.27993529639958 imgs/s
TCAPPDLL 2025-11-20 07:24:25.992484 - Epoch: 1 Iteration: 25  rank : 0  train.loss : 4.56436014175415  train.ips : 11.116009975591075 imgs/s
TCAPPDLL 2025-11-20 07:24:26.349936 - Epoch: 1 Iteration: 26  rank : 0  train.loss : 4.554337978363037  train.ips : 11.195349222067707 imgs/s
TCAPPDLL 2025-11-20 07:24:26.682847 - Epoch: 1 Iteration: 27  rank : 0  train.loss : 4.58765983581543  train.ips : 12.021300866135865 imgs/s
TCAPPDLL 2025-11-20 07:24:27.040869 - Epoch: 1 Iteration: 28  rank : 0  train.loss : 4.534929275512695  train.ips : 11.17767930726863 imgs/s
TCAPPDLL 2025-11-20 07:24:27.366803 - Epoch: 1 Iteration: 29  rank : 0  train.loss : 4.629203796386719  train.ips : 12.281094882442806 imgs/s
TCAPPDLL 2025-11-20 07:24:27.721333 - Epoch: 1 Iteration: 30  rank : 0  train.loss : 4.580851078033447  train.ips : 11.287633482604203 imgs/s
TCAPPDLL 2025-11-20 07:24:28.076737 - Epoch: 1 Iteration: 31  rank : 0  train.loss : 4.583775043487549  train.ips : 11.260465984125343 imgs/s
TCAPPDLL 2025-11-20 07:24:28.402920 - Epoch: 1 Iteration: 32  rank : 0  train.loss : 4.587697982788086  train.ips : 12.268943598834037 imgs/s
TCAPPDLL 2025-11-20 07:24:28.756639 - Epoch: 1 Iteration: 33  rank : 0  train.loss : 4.560339450836182  train.ips : 11.313948069936927 imgs/s
TCAPPDLL 2025-11-20 07:24:29.087382 - Epoch: 1 Iteration: 34  rank : 0  train.loss : 4.592438220977783  train.ips : 12.103018249157229 imgs/s
TCAPPDLL 2025-11-20 07:24:29.444752 - Epoch: 1 Iteration: 35  rank : 0  train.loss : 4.539890289306641  train.ips : 11.197785167080257 imgs/s
TCAPPDLL 2025-11-20 07:24:29.785185 - Epoch: 1 Iteration: 36  rank : 0  train.loss : 4.563232898712158  train.ips : 11.755015102586182 imgs/s
TCAPPDLL 2025-11-20 07:24:30.116794 - Epoch: 1 Iteration: 37  rank : 0  train.loss : 4.606083869934082  train.ips : 12.068072923972192 imgs/s
TCAPPDLL 2025-11-20 07:24:30.473574 - Epoch: 1 Iteration: 38  rank : 0  train.loss : 4.552670001983643  train.ips : 11.216493522035242 imgs/s
TCAPPDLL 2025-11-20 07:24:30.828427 - Epoch: 1 Iteration: 39  rank : 0  train.loss : 4.539797306060791  train.ips : 11.277276818392943 imgs/s
TCAPPDLL 2025-11-20 07:24:31.164800 - Epoch: 1 Iteration: 40  rank : 0  train.loss : 4.552316188812256  train.ips : 11.897021918121007 imgs/s
TCAPPDLL 2025-11-20 07:24:31.518495 - Epoch: 1 Iteration: 41  rank : 0  train.loss : 4.5752854347229  train.ips : 11.313711553634407 imgs/s
TCAPPDLL 2025-11-20 07:24:31.873718 - Epoch: 1 Iteration: 42  rank : 0  train.loss : 4.577373504638672  train.ips : 11.265501700177808 imgs/s
TCAPPDLL 2025-11-20 07:24:32.213862 - Epoch: 1 Iteration: 43  rank : 0  train.loss : 4.596724510192871  train.ips : 11.765962952807012 imgs/s
TCAPPDLL 2025-11-20 07:24:32.540742 - Epoch: 1 Iteration: 44  rank : 0  train.loss : 4.571647644042969  train.ips : 12.24448067634613 imgs/s
TCAPPDLL 2025-11-20 07:24:32.867749 - Epoch: 1 Iteration: 45  rank : 0  train.loss : 4.5384650230407715  train.ips : 12.23846052842741 imgs/s
TCAPPDLL 2025-11-20 07:24:33.159537 - Epoch: 1 Iteration: 46  rank : 0  train.loss : 4.563780784606934  train.ips : 13.715604947920285 imgs/s
TCAPPDLL 2025-11-20 07:24:33.489975 - Epoch: 1 Iteration: 47  rank : 0  train.loss : 4.539793968200684  train.ips : 12.110636534714859 imgs/s
TCAPPDLL 2025-11-20 07:24:33.842758 - Epoch: 1 Iteration: 48  rank : 0  train.loss : 4.5697431564331055  train.ips : 11.343207212177514 imgs/s
TCAPPDLL 2025-11-20 07:24:34.198874 - Epoch: 1 Iteration: 49  rank : 0  train.loss : 4.526922702789307  train.ips : 11.237002799000424 imgs/s
TCAPPDLL 2025-11-20 07:24:34.542948 - Epoch: 1 Iteration: 50  rank : 0  train.loss : 4.553182125091553  train.ips : 11.630563649081358 imgs/s
TCAPPDLL 2025-11-20 07:24:34.867851 - Epoch: 1 Iteration: 51  rank : 0  train.loss : 4.583868026733398  train.ips : 12.31821812884733 imgs/s
TCAPPDLL 2025-11-20 07:24:35.194644 - Epoch: 1 Iteration: 52  rank : 0  train.loss : 4.547216892242432  train.ips : 12.246160943300648 imgs/s
TCAPPDLL 2025-11-20 07:24:35.548777 - Epoch: 1 Iteration: 53  rank : 0  train.loss : 4.581355094909668  train.ips : 11.300185561246998 imgs/s
TCAPPDLL 2025-11-20 07:24:35.903069 - Epoch: 1 Iteration: 54  rank : 0  train.loss : 4.592650413513184  train.ips : 11.296373652862336 imgs/s
TCAPPDLL 2025-11-20 07:24:36.258998 - Epoch: 1 Iteration: 55  rank : 0  train.loss : 4.572123050689697  train.ips : 11.245589328457202 imgs/s
TCAPPDLL 2025-11-20 07:24:36.617068 - Epoch: 1 Iteration: 56  rank : 0  train.loss : 4.619926929473877  train.ips : 11.177723989657224 imgs/s
TCAPPDLL 2025-11-20 07:24:36.972568 - Epoch: 1 Iteration: 57  rank : 0  train.loss : 4.607077121734619  train.ips : 11.25909819656762 imgs/s
TCAPPDLL 2025-11-20 07:24:37.295806 - Epoch: 1 Iteration: 58  rank : 0  train.loss : 4.626748085021973  train.ips : 12.380905151547353 imgs/s
TCAPPDLL 2025-11-20 07:24:37.621503 - Epoch: 1 Iteration: 59  rank : 0  train.loss : 4.499363422393799  train.ips : 12.29070359471163 imgs/s
TCAPPDLL 2025-11-20 07:24:37.947698 - Epoch: 1 Iteration: 60  rank : 0  train.loss : 4.553865909576416  train.ips : 12.268539867305204 imgs/s
TCAPPDLL 2025-11-20 07:24:38.304948 - Epoch: 1 Iteration: 61  rank : 0  train.loss : 4.560830116271973  train.ips : 11.201987046805101 imgs/s
TCAPPDLL 2025-11-20 07:24:38.660706 - Epoch: 1 Iteration: 62  rank : 0  train.loss : 4.532613754272461  train.ips : 11.248484588426889 imgs/s
TCAPPDLL 2025-11-20 07:24:38.982387 - Epoch: 1 Iteration: 63  rank : 0  train.loss : 4.465959548950195  train.ips : 12.44068080650938 imgs/s
TCAPPDLL 2025-11-20 07:24:39.298752 - Epoch: 1 Iteration: 64  rank : 0  train.loss : 4.516717433929443  train.ips : 12.6499535915468 imgs/s
TCAPPDLL 2025-11-20 07:24:39.624169 - Epoch: 1 Iteration: 65  rank : 0  train.loss : 4.528591156005859  train.ips : 12.298262563828898 imgs/s
TCAPPDLL 2025-11-20 07:24:39.979905 - Epoch: 1 Iteration: 66  rank : 0  train.loss : 4.434706687927246  train.ips : 11.249676300213698 imgs/s
TCAPPDLL 2025-11-20 07:24:40.333220 - Epoch: 1 Iteration: 67  rank : 0  train.loss : 4.490849018096924  train.ips : 11.32928166647759 imgs/s
TCAPPDLL 2025-11-20 07:24:40.687620 - Epoch: 1 Iteration: 68  rank : 0  train.loss : 4.432003974914551  train.ips : 11.291675079620193 imgs/s
TCAPPDLL 2025-11-20 07:24:41.025358 - Epoch: 1 Iteration: 69  rank : 0  train.loss : 4.443305015563965  train.ips : 11.849571635413357 imgs/s
TCAPPDLL 2025-11-20 07:24:41.344710 - Epoch: 1 Iteration: 70  rank : 0  train.loss : 4.403019905090332  train.ips : 12.532871377806265 imgs/s
TCAPPDLL 2025-11-20 07:24:41.703418 - Epoch: 1 Iteration: 71  rank : 0  train.loss : 4.2953877449035645  train.ips : 11.15623582796597 imgs/s
TCAPPDLL 2025-11-20 07:24:42.053090 - Epoch: 1 Iteration: 72  rank : 0  train.loss : 4.252896785736084  train.ips : 11.44603981808829 imgs/s
TCAPPDLL 2025-11-20 07:24:42.412095 - Epoch: 1 Iteration: 73  rank : 0  train.loss : 4.336253643035889  train.ips : 11.147622199010767 imgs/s
TCAPPDLL 2025-11-20 07:24:42.749408 - Epoch: 1 Iteration: 74  rank : 0  train.loss : 4.309782028198242  train.ips : 11.864303029788726 imgs/s
TCAPPDLL 2025-11-20 07:24:43.087068 - Epoch: 1 Iteration: 75  rank : 0  train.loss : 4.377131938934326  train.ips : 11.851630823309344 imgs/s
TCAPPDLL 2025-11-20 07:24:43.410393 - Epoch: 1 Iteration: 76  rank : 0  train.loss : 4.262761116027832  train.ips : 12.377717297078359 imgs/s
TCAPPDLL 2025-11-20 07:24:43.769878 - Epoch: 1 Iteration: 77  rank : 0  train.loss : 4.301620960235596  train.ips : 11.132133411364093 imgs/s
TCAPPDLL 2025-11-20 07:24:44.111250 - Epoch: 1 Iteration: 78  rank : 0  train.loss : 4.293311595916748  train.ips : 11.722809469241733 imgs/s
TCAPPDLL 2025-11-20 07:24:44.437945 - Epoch: 1 Iteration: 79  rank : 0  train.loss : 4.2892889976501465  train.ips : 12.249630186695482 imgs/s
TCAPPDLL 2025-11-20 07:24:44.793328 - Epoch: 1 Iteration: 80  rank : 0  train.loss : 4.386297225952148  train.ips : 11.260443310904911 imgs/s
TCAPPDLL 2025-11-20 07:24:45.076604 - Epoch: 1 Iteration: 81  rank : 0  train.loss : 4.27853536605835  train.ips : 14.12846743849981 imgs/s
TCAPPDLL 2025-11-20 07:24:45.431984 - Epoch: 1 Iteration: 82  rank : 0  train.loss : 4.122830867767334  train.ips : 11.261236927951028 imgs/s
TCAPPDLL 2025-11-20 07:24:45.789576 - Epoch: 1 Iteration: 83  rank : 0  train.loss : 4.205399036407471  train.ips : 11.192115387309451 imgs/s
TCAPPDLL 2025-11-20 07:24:46.130857 - Epoch: 1 Iteration: 84  rank : 0  train.loss : 4.241748809814453  train.ips : 11.727357306873666 imgs/s
TCAPPDLL 2025-11-20 07:24:46.428931 - Epoch: 1 Iteration: 85  rank : 0  train.loss : 4.199309825897217  train.ips : 13.427541271730336 imgs/s
TCAPPDLL 2025-11-20 07:24:46.765028 - Epoch: 1 Iteration: 86  rank : 0  train.loss : 4.217250347137451  train.ips : 11.907424638264379 imgs/s
TCAPPDLL 2025-11-20 07:24:47.086191 - Epoch: 1 Iteration: 87  rank : 0  train.loss : 4.186064720153809  train.ips : 12.461647706171247 imgs/s
TCAPPDLL 2025-11-20 07:24:47.409162 - Epoch: 1 Iteration: 88  rank : 0  train.loss : 4.073484897613525  train.ips : 12.391649980464033 imgs/s
TCAPPDLL 2025-11-20 07:24:47.766815 - Epoch: 1 Iteration: 89  rank : 0  train.loss : 4.078702926635742  train.ips : 11.189659519124953 imgs/s
TCAPPDLL 2025-11-20 07:24:48.119062 - Epoch: 1 Iteration: 90  rank : 0  train.loss : 4.170293807983398  train.ips : 11.362089562751084 imgs/s
TCAPPDLL 2025-11-20 07:24:48.475777 - Epoch: 1 Iteration: 91  rank : 0  train.loss : 4.1712327003479  train.ips : 11.21898369098942 imgs/s
TCAPPDLL 2025-11-20 07:24:48.809400 - Epoch: 1 Iteration: 92  rank : 0  train.loss : 4.266540050506592  train.ips : 11.996948064902961 imgs/s
TCAPPDLL 2025-11-20 07:24:49.164891 - Epoch: 1 Iteration: 93  rank : 0  train.loss : 4.156556606292725  train.ips : 11.25716421345461 imgs/s
TCAPPDLL 2025-11-20 07:24:49.492812 - Epoch: 1 Iteration: 94  rank : 0  train.loss : 4.174503803253174  train.ips : 12.205082317953687 imgs/s
TCAPPDLL 2025-11-20 07:24:49.848141 - Epoch: 1 Iteration: 95  rank : 0  train.loss : 4.12175989151001  train.ips : 11.2626279171556 imgs/s
TCAPPDLL 2025-11-20 07:24:50.201842 - Epoch: 1 Iteration: 96  rank : 0  train.loss : 4.085873126983643  train.ips : 11.31417696609702 imgs/s
TCAPPDLL 2025-11-20 07:24:50.557449 - Epoch: 1 Iteration: 97  rank : 0  train.loss : 4.154909133911133  train.ips : 11.253532236859757 imgs/s
TCAPPDLL 2025-11-20 07:24:50.897718 - Epoch: 1 Iteration: 98  rank : 0  train.loss : 4.197847366333008  train.ips : 11.76126145388547 imgs/s

INFO: Reached global_step >= 100. Stopping training.
W1120 07:24:58.456000 139706791311168 torch/multiprocessing/spawn.py:146] Terminating process 761203 via signal SIGTERM
W1120 07:24:58.457000 139706791311168 torch/multiprocessing/spawn.py:146] Terminating process 761204 via signal SIGTERM
W1120 07:24:58.457000 139706791311168 torch/multiprocessing/spawn.py:146] Terminating process 761205 via signal SIGTERM
Traceback (most recent call last):
  File "/data/bigc-data/lcs/hubert/train.py", line 516, in <module>
    mp.spawn(
  File "/data/bigc-data/lcs/envs/basic/lib/python3.10/site-packages/torch/multiprocessing/spawn.py", line 282, in spawn
    return start_processes(fn, args, nprocs, join, daemon, start_method="spawn")
  File "/data/bigc-data/lcs/envs/basic/lib/python3.10/site-packages/torch/multiprocessing/spawn.py", line 238, in start_processes
    while not context.join():
  File "/data/bigc-data/lcs/envs/basic/lib/python3.10/site-packages/torch/multiprocessing/spawn.py", line 189, in join
    raise ProcessRaisedException(msg, error_index, failed_process.pid)
torch.multiprocessing.spawn.ProcessRaisedException: 

-- Process 0 terminated with the following error:
Traceback (most recent call last):
  File "/data/bigc-data/lcs/envs/basic/lib/python3.10/site-packages/torch/multiprocessing/spawn.py", line 76, in _wrap
    fn(i, *args)
  File "/data/bigc-data/lcs/hubert/train.py", line 456, in train
    train -- epoch: {epoch}, masked loss: {epoch_masked_loss.value:.4f}, unmasked loss: {epoch_unmasked_loss.value:.4f},
UnboundLocalError: local variable 'epoch_masked_loss' referenced before assignment

Executing command: python train.py /data/teco-data/hubert/LibriSpeech checkpoint --alpha 1 
Command failed with exit code: 1
