/root/miniconda3/envs/wyc_mmlab2/lib/python3.9/site-packages/torch/distributed/launch.py:181: FutureWarning: The module torch.distributed.launch is deprecated
and will be removed in future. Use torchrun.
Note that --use-env is set by default in torchrun.
If your script expects `--local-rank` argument to be set, please
change it to read from `os.environ['LOCAL_RANK']` instead. See 
https://pytorch.org/docs/stable/distributed.html#launch-utility for 
further instructions

  warnings.warn(
/root/miniconda3/envs/wyc_mmlab2/lib/python3.9/site-packages/torch/utils/cpp_extension.py:28: UserWarning: pkg_resources is deprecated as an API. See https://setuptools.pypa.io/en/latest/pkg_resources.html. The pkg_resources package is slated for removal as early as 2025-11-30. Refrain from using this package or pin to Setuptools<81.
  from pkg_resources import packaging  # type: ignore[attr-defined]
06/24 03:02:19 - mmengine - INFO - 
------------------------------------------------------------
System environment:
    sys.platform: linux
    Python: 3.9.23 (main, Jun  5 2025, 13:40:20) [GCC 11.2.0]
    CUDA available: True
    MUSA available: False
    numpy_random_seed: 950723543
    GPU 0: NVIDIA GeForce RTX 4090
    CUDA_HOME: /usr/local/cuda
    NVCC: Cuda compilation tools, release 12.9, V12.9.86
    GCC: gcc (Ubuntu 11.4.0-1ubuntu1~22.04) 11.4.0
    PyTorch: 2.1.0+cu121
    PyTorch compiling details: PyTorch built with:
  - GCC 9.3
  - C++ Version: 201703
  - Intel(R) oneAPI Math Kernel Library Version 2023.1-Product Build 20230303 for Intel(R) 64 architecture applications
  - Intel(R) MKL-DNN v3.1.1 (Git Hash 64f6bcbcbab628e96f33a62c3e975f8535a7bde4)
  - OpenMP 201511 (a.k.a. OpenMP 4.5)
  - LAPACK is enabled (usually provided by MKL)
  - NNPACK is enabled
  - CPU capability usage: AVX512
  - CUDA Runtime 12.1
  - NVCC architecture flags: -gencode;arch=compute_50,code=sm_50;-gencode;arch=compute_60,code=sm_60;-gencode;arch=compute_70,code=sm_70;-gencode;arch=compute_75,code=sm_75;-gencode;arch=compute_80,code=sm_80;-gencode;arch=compute_86,code=sm_86;-gencode;arch=compute_90,code=sm_90
  - CuDNN 8.9.2
  - Magma 2.6.1
  - Build settings: BLAS_INFO=mkl, BUILD_TYPE=Release, CUDA_VERSION=12.1, CUDNN_VERSION=8.9.2, CXX_COMPILER=/opt/rh/devtoolset-9/root/usr/bin/c++, CXX_FLAGS= -D_GLIBCXX_USE_CXX11_ABI=0 -fabi-version=11 -fvisibility-inlines-hidden -DUSE_PTHREADPOOL -DNDEBUG -DUSE_KINETO -DLIBKINETO_NOROCTRACER -DUSE_FBGEMM -DUSE_QNNPACK -DUSE_PYTORCH_QNNPACK -DUSE_XNNPACK -DSYMBOLICATE_MOBILE_DEBUG_HANDLE -O2 -fPIC -Wall -Wextra -Werror=return-type -Werror=non-virtual-dtor -Werror=bool-operation -Wnarrowing -Wno-missing-field-initializers -Wno-type-limits -Wno-array-bounds -Wno-unknown-pragmas -Wno-unused-parameter -Wno-unused-function -Wno-unused-result -Wno-strict-overflow -Wno-strict-aliasing -Wno-stringop-overflow -Wno-psabi -Wno-error=pedantic -Wno-error=old-style-cast -Wno-invalid-partial-specialization -Wno-unused-private-field -Wno-aligned-allocation-unavailable -Wno-missing-braces -fdiagnostics-color=always -faligned-new -Wno-unused-but-set-variable -Wno-maybe-uninitialized -fno-math-errno -fno-trapping-math -Werror=format -Werror=cast-function-type -Wno-stringop-overflow, LAPACK_INFO=mkl, PERF_WITH_AVX=1, PERF_WITH_AVX2=1, PERF_WITH_AVX512=1, TORCH_DISABLE_GPU_ASSERTS=ON, TORCH_VERSION=2.1.0, USE_CUDA=ON, USE_CUDNN=ON, USE_EXCEPTION_PTR=1, USE_GFLAGS=OFF, USE_GLOG=OFF, USE_MKL=ON, USE_MKLDNN=ON, USE_MPI=OFF, USE_NCCL=1, USE_NNPACK=ON, USE_OPENMP=ON, USE_ROCM=OFF, 

    TorchVision: 0.16.0+cu121
    OpenCV: 4.11.0
    MMEngine: 0.10.4

Runtime environment:
    cudnn_benchmark: False
    mp_cfg: {'mp_start_method': 'fork', 'opencv_num_threads': 0}
    dist_cfg: {'backend': 'nccl'}
    seed: 950723543
    Distributed launcher: none
    Distributed training: False
    GPU number: 1
------------------------------------------------------------

06/24 03:02:20 - mmengine - INFO - Config:
auto_scale_lr = dict(base_batch_size=32)
backbone_norm_cfg = dict(requires_grad=True, type='LN')
backend_args = None
batch_augments = [
    dict(pad_mask=True, size=(
        1024,
        1024,
    ), type='BatchFixedSizePad'),
]
custom_hooks = [
    dict(type='Fp16CompresssionHook'),
]
custom_imports = dict(imports=[
    'projects.ViTDet.vitdet',
])
data_root = '/home/01/wyc/datasets/coco/images/'
dataset_type = 'CocoDataset'
default_hooks = dict(
    checkpoint=dict(
        by_epoch=False,
        interval=5000,
        max_keep_ckpts=5,
        save_last=True,
        type='CheckpointHook'),
    logger=dict(interval=50, type='LoggerHook'),
    param_scheduler=dict(type='ParamSchedulerHook'),
    sampler_seed=dict(type='DistSamplerSeedHook'),
    timer=dict(type='IterTimerHook'),
    visualization=dict(type='DetVisualizationHook'))
default_scope = 'mmdet'
dynamic_intervals = [
    (
        180001,
        184375,
    ),
]
env_cfg = dict(
    cudnn_benchmark=False,
    dist_cfg=dict(backend='nccl'),
    mp_cfg=dict(mp_start_method='fork', opencv_num_threads=0))
image_size = (
    1024,
    1024,
)
interval = 5000
launcher = 'none'
load_from = None
log_level = 'INFO'
log_processor = dict(by_epoch=False, type='LogProcessor', window_size=50)
max_iters = 184375
model = dict(
    backbone=dict(
        depth=12,
        drop_path_rate=0.1,
        embed_dim=768,
        img_size=1024,
        init_cfg=dict(
            checkpoint='mae_pretrain_vit_base.pth', type='Pretrained'),
        mlp_ratio=4,
        norm_cfg=dict(requires_grad=True, type='LN'),
        num_heads=12,
        patch_size=16,
        qkv_bias=True,
        type='ViT',
        use_rel_pos=True,
        window_block_indexes=[
            0,
            1,
            3,
            4,
            6,
            7,
            9,
            10,
        ],
        window_size=14),
    data_preprocessor=dict(
        batch_augments=[
            dict(pad_mask=True, size=(
                1024,
                1024,
            ), type='BatchFixedSizePad'),
        ],
        bgr_to_rgb=True,
        mean=[
            123.675,
            116.28,
            103.53,
        ],
        pad_mask=True,
        pad_size_divisor=32,
        std=[
            58.395,
            57.12,
            57.375,
        ],
        type='DetDataPreprocessor'),
    neck=dict(
        backbone_channel=768,
        in_channels=[
            192,
            384,
            768,
            768,
        ],
        norm_cfg=dict(requires_grad=True, type='LN2d'),
        num_outs=5,
        out_channels=256,
        type='SimpleFPN'),
    roi_head=dict(
        bbox_head=dict(
            bbox_coder=dict(
                target_means=[
                    0.0,
                    0.0,
                    0.0,
                    0.0,
                ],
                target_stds=[
                    0.1,
                    0.1,
                    0.2,
                    0.2,
                ],
                type='DeltaXYWHBBoxCoder'),
            conv_out_channels=256,
            fc_out_channels=1024,
            in_channels=256,
            loss_bbox=dict(loss_weight=1.0, type='L1Loss'),
            loss_cls=dict(
                loss_weight=1.0, type='CrossEntropyLoss', use_sigmoid=False),
            norm_cfg=dict(requires_grad=True, type='LN2d'),
            num_classes=80,
            reg_class_agnostic=False,
            roi_feat_size=7,
            type='Shared4Conv1FCBBoxHead'),
        bbox_roi_extractor=dict(
            featmap_strides=[
                4,
                8,
                16,
                32,
            ],
            out_channels=256,
            roi_layer=dict(output_size=7, sampling_ratio=0, type='RoIAlign'),
            type='SingleRoIExtractor'),
        mask_head=dict(
            conv_out_channels=256,
            in_channels=256,
            loss_mask=dict(
                loss_weight=1.0, type='CrossEntropyLoss', use_mask=True),
            norm_cfg=dict(requires_grad=True, type='LN2d'),
            num_classes=80,
            num_convs=4,
            type='FCNMaskHead'),
        mask_roi_extractor=dict(
            featmap_strides=[
                4,
                8,
                16,
                32,
            ],
            out_channels=256,
            roi_layer=dict(output_size=14, sampling_ratio=0, type='RoIAlign'),
            type='SingleRoIExtractor'),
        type='StandardRoIHead'),
    rpn_head=dict(
        anchor_generator=dict(
            ratios=[
                0.5,
                1.0,
                2.0,
            ],
            scales=[
                8,
            ],
            strides=[
                4,
                8,
                16,
                32,
                64,
            ],
            type='AnchorGenerator'),
        bbox_coder=dict(
            target_means=[
                0.0,
                0.0,
                0.0,
                0.0,
            ],
            target_stds=[
                1.0,
                1.0,
                1.0,
                1.0,
            ],
            type='DeltaXYWHBBoxCoder'),
        feat_channels=256,
        in_channels=256,
        loss_bbox=dict(loss_weight=1.0, type='L1Loss'),
        loss_cls=dict(
            loss_weight=1.0, type='CrossEntropyLoss', use_sigmoid=True),
        num_convs=2,
        type='RPNHead'),
    test_cfg=dict(
        rcnn=dict(
            mask_thr_binary=0.5,
            max_per_img=100,
            nms=dict(iou_threshold=0.5, type='nms'),
            score_thr=0.05),
        rpn=dict(
            max_per_img=1000,
            min_bbox_size=0,
            nms=dict(iou_threshold=0.7, type='nms'),
            nms_pre=1000)),
    train_cfg=dict(
        rcnn=dict(
            assigner=dict(
                ignore_iof_thr=-1,
                match_low_quality=True,
                min_pos_iou=0.5,
                neg_iou_thr=0.5,
                pos_iou_thr=0.5,
                type='MaxIoUAssigner'),
            debug=False,
            mask_size=28,
            pos_weight=-1,
            sampler=dict(
                add_gt_as_proposals=True,
                neg_pos_ub=-1,
                num=512,
                pos_fraction=0.25,
                type='RandomSampler')),
        rpn=dict(
            allowed_border=-1,
            assigner=dict(
                ignore_iof_thr=-1,
                match_low_quality=True,
                min_pos_iou=0.3,
                neg_iou_thr=0.3,
                pos_iou_thr=0.7,
                type='MaxIoUAssigner'),
            debug=False,
            pos_weight=-1,
            sampler=dict(
                add_gt_as_proposals=False,
                neg_pos_ub=-1,
                num=256,
                pos_fraction=0.5,
                type='RandomSampler')),
        rpn_proposal=dict(
            max_per_img=1000,
            min_bbox_size=0,
            nms=dict(iou_threshold=0.7, type='nms'),
            nms_pre=2000)),
    type='MaskRCNN')
norm_cfg = dict(requires_grad=True, type='LN2d')
optim_wrapper = dict(
    constructor='LayerDecayOptimizerConstructor',
    optimizer=dict(
        betas=(
            0.9,
            0.999,
        ), lr=0.0001, type='AdamW', weight_decay=0.1),
    paramwise_cfg=dict(decay_rate=0.7, decay_type='layer_wise', num_layers=12),
    type='AmpOptimWrapper')
param_scheduler = [
    dict(
        begin=0, by_epoch=False, end=250, start_factor=0.001, type='LinearLR'),
    dict(
        begin=0,
        by_epoch=False,
        end=184375,
        gamma=0.1,
        milestones=[
            163889,
            177546,
        ],
        type='MultiStepLR'),
]
resume = False
test_cfg = dict(type='TestLoop')
test_dataloader = dict(
    batch_size=1,
    dataset=dict(
        ann_file='annotations/instances_val2017.json',
        data_prefix=dict(img='val2017/'),
        data_root='/home/01/wyc/datasets/coco/images/',
        pipeline=[
            dict(backend_args=None, type='LoadImageFromFile'),
            dict(keep_ratio=True, scale=(
                1024,
                1024,
            ), type='Resize'),
            dict(
                pad_val=dict(img=(
                    114,
                    114,
                    114,
                )),
                size=(
                    1024,
                    1024,
                ),
                type='Pad'),
            dict(type='LoadAnnotations', with_bbox=True, with_mask=True),
            dict(
                meta_keys=(
                    'img_id',
                    'img_path',
                    'ori_shape',
                    'img_shape',
                    'scale_factor',
                ),
                type='PackDetInputs'),
        ],
        test_mode=True,
        type='CocoDataset'),
    drop_last=False,
    num_workers=2,
    persistent_workers=True,
    sampler=dict(shuffle=False, type='DefaultSampler'))
test_evaluator = dict(
    ann_file=
    '/home/01/wyc/datasets/coco/images/annotations/instances_val2017.json',
    format_only=False,
    metric=[
        'bbox',
        'segm',
    ],
    type='CocoMetric')
test_pipeline = [
    dict(backend_args=None, type='LoadImageFromFile'),
    dict(keep_ratio=True, scale=(
        1024,
        1024,
    ), type='Resize'),
    dict(pad_val=dict(img=(
        114,
        114,
        114,
    )), size=(
        1024,
        1024,
    ), type='Pad'),
    dict(type='LoadAnnotations', with_bbox=True, with_mask=True),
    dict(
        meta_keys=(
            'img_id',
            'img_path',
            'ori_shape',
            'img_shape',
            'scale_factor',
        ),
        type='PackDetInputs'),
]
train_cfg = dict(
    dynamic_intervals=[
        (
            180001,
            184375,
        ),
    ],
    max_iters=184375,
    type='IterBasedTrainLoop',
    val_interval=5000)
train_dataloader = dict(
    batch_size=1,
    dataset=dict(
        ann_file='annotations/instances_train2017.json',
        data_prefix=dict(img='train2017/'),
        data_root='/home/01/wyc/datasets/coco/images/',
        filter_cfg=dict(filter_empty_gt=True, min_size=32),
        pipeline=[
            dict(backend_args=None, type='LoadImageFromFile'),
            dict(type='LoadAnnotations', with_bbox=True, with_mask=True),
            dict(prob=0.5, type='RandomFlip'),
            dict(
                keep_ratio=True,
                ratio_range=(
                    0.1,
                    2.0,
                ),
                scale=(
                    1024,
                    1024,
                ),
                type='RandomResize'),
            dict(
                allow_negative_crop=True,
                crop_size=(
                    1024,
                    1024,
                ),
                crop_type='absolute_range',
                recompute_bbox=True,
                type='RandomCrop'),
            dict(min_gt_bbox_wh=(
                0.01,
                0.01,
            ), type='FilterAnnotations'),
            dict(
                pad_val=dict(img=(
                    114,
                    114,
                    114,
                )),
                size=(
                    1024,
                    1024,
                ),
                type='Pad'),
            dict(type='PackDetInputs'),
        ],
        type='CocoDataset'),
    num_workers=2,
    persistent_workers=True,
    sampler=dict(shuffle=True, type='DefaultSampler'))
train_pipeline = [
    dict(backend_args=None, type='LoadImageFromFile'),
    dict(type='LoadAnnotations', with_bbox=True, with_mask=True),
    dict(prob=0.5, type='RandomFlip'),
    dict(
        keep_ratio=True,
        ratio_range=(
            0.1,
            2.0,
        ),
        scale=(
            1024,
            1024,
        ),
        type='RandomResize'),
    dict(
        allow_negative_crop=True,
        crop_size=(
            1024,
            1024,
        ),
        crop_type='absolute_range',
        recompute_bbox=True,
        type='RandomCrop'),
    dict(min_gt_bbox_wh=(
        0.01,
        0.01,
    ), type='FilterAnnotations'),
    dict(pad_val=dict(img=(
        114,
        114,
        114,
    )), size=(
        1024,
        1024,
    ), type='Pad'),
    dict(type='PackDetInputs'),
]
val_cfg = dict(type='ValLoop')
val_dataloader = dict(
    batch_size=1,
    dataset=dict(
        ann_file='annotations/instances_val2017.json',
        data_prefix=dict(img='val2017/'),
        data_root='/home/01/wyc/datasets/coco/images/',
        pipeline=[
            dict(backend_args=None, type='LoadImageFromFile'),
            dict(keep_ratio=True, scale=(
                1024,
                1024,
            ), type='Resize'),
            dict(
                pad_val=dict(img=(
                    114,
                    114,
                    114,
                )),
                size=(
                    1024,
                    1024,
                ),
                type='Pad'),
            dict(type='LoadAnnotations', with_bbox=True, with_mask=True),
            dict(
                meta_keys=(
                    'img_id',
                    'img_path',
                    'ori_shape',
                    'img_shape',
                    'scale_factor',
                ),
                type='PackDetInputs'),
        ],
        test_mode=True,
        type='CocoDataset'),
    drop_last=False,
    num_workers=2,
    persistent_workers=True,
    sampler=dict(shuffle=False, type='DefaultSampler'))
val_evaluator = dict(
    ann_file=
    '/home/01/wyc/datasets/coco/images/annotations/instances_val2017.json',
    format_only=False,
    metric=[
        'bbox',
        'segm',
    ],
    type='CocoMetric')
vis_backends = [
    dict(type='LocalVisBackend'),
    dict(type='TensorboardVisBackend'),
]
visualizer = dict(
    name='visualizer',
    type='DetLocalVisualizer',
    vis_backends=[
        dict(type='LocalVisBackend'),
        dict(type='TensorboardVisBackend'),
    ])
work_dir = './work_dirs/vitdet_mask-rcnn_vit-b-mae_lsj-100e'

06/24 03:02:25 - mmengine - INFO - Distributed training is not used, all SyncBatchNorm (SyncBN) layers in the model will be automatically reverted to BatchNormXd layers if they are used.
06/24 03:02:25 - mmengine - INFO - Hooks will be executed in the following order:
before_run:
(VERY_HIGH   ) RuntimeInfoHook                    
(BELOW_NORMAL) LoggerHook                         
 -------------------- 
before_train:
(VERY_HIGH   ) RuntimeInfoHook                    
(NORMAL      ) IterTimerHook                      
(NORMAL      ) Fp16CompresssionHook               
(VERY_LOW    ) CheckpointHook                     
 -------------------- 
before_train_epoch:
(VERY_HIGH   ) RuntimeInfoHook                    
(NORMAL      ) IterTimerHook                      
(NORMAL      ) DistSamplerSeedHook                
 -------------------- 
before_train_iter:
(VERY_HIGH   ) RuntimeInfoHook                    
(NORMAL      ) IterTimerHook                      
 -------------------- 
after_train_iter:
(VERY_HIGH   ) RuntimeInfoHook                    
(NORMAL      ) IterTimerHook                      
(BELOW_NORMAL) LoggerHook                         
(LOW         ) ParamSchedulerHook                 
(VERY_LOW    ) CheckpointHook                     
 -------------------- 
after_train_epoch:
(NORMAL      ) IterTimerHook                      
(LOW         ) ParamSchedulerHook                 
(VERY_LOW    ) CheckpointHook                     
 -------------------- 
before_val:
(VERY_HIGH   ) RuntimeInfoHook                    
 -------------------- 
before_val_epoch:
(NORMAL      ) IterTimerHook                      
 -------------------- 
before_val_iter:
(NORMAL      ) IterTimerHook                      
 -------------------- 
after_val_iter:
(NORMAL      ) IterTimerHook                      
(NORMAL      ) DetVisualizationHook               
(BELOW_NORMAL) LoggerHook                         
 -------------------- 
after_val_epoch:
(VERY_HIGH   ) RuntimeInfoHook                    
(NORMAL      ) IterTimerHook                      
(BELOW_NORMAL) LoggerHook                         
(LOW         ) ParamSchedulerHook                 
(VERY_LOW    ) CheckpointHook                     
 -------------------- 
after_val:
(VERY_HIGH   ) RuntimeInfoHook                    
 -------------------- 
after_train:
(VERY_HIGH   ) RuntimeInfoHook                    
(VERY_LOW    ) CheckpointHook                     
 -------------------- 
before_test:
(VERY_HIGH   ) RuntimeInfoHook                    
 -------------------- 
before_test_epoch:
(NORMAL      ) IterTimerHook                      
 -------------------- 
before_test_iter:
(NORMAL      ) IterTimerHook                      
 -------------------- 
after_test_iter:
(NORMAL      ) IterTimerHook                      
(NORMAL      ) DetVisualizationHook               
(BELOW_NORMAL) LoggerHook                         
 -------------------- 
after_test_epoch:
(VERY_HIGH   ) RuntimeInfoHook                    
(NORMAL      ) IterTimerHook                      
(BELOW_NORMAL) LoggerHook                         
 -------------------- 
after_test:
(VERY_HIGH   ) RuntimeInfoHook                    
 -------------------- 
after_run:
(BELOW_NORMAL) LoggerHook                         
 -------------------- 
loading annotations into memory...
Done (t=14.50s)
creating index...
index created!
06/24 03:02:56 - mmengine - INFO - self.paramwise_cfg is {'decay_rate': 0.7, 'decay_type': 'layer_wise', 'num_layers': 12}
06/24 03:02:56 - mmengine - INFO - Build LayerDecayOptimizerConstructor  layer_wise 0.7 - 14
06/24 03:02:56 - mmengine - INFO - set param backbone.pos_embed as id 0
06/24 03:02:56 - mmengine - INFO - set param backbone.patch_embed.proj.weight as id 0
06/24 03:02:56 - mmengine - INFO - set param backbone.patch_embed.proj.bias as id 0
06/24 03:02:56 - mmengine - INFO - set param backbone.blocks.0.norm1.weight as id 1
06/24 03:02:56 - mmengine - INFO - set param backbone.blocks.0.norm1.bias as id 1
06/24 03:02:56 - mmengine - INFO - set param backbone.blocks.0.attn.rel_pos_h as id 1
06/24 03:02:56 - mmengine - INFO - set param backbone.blocks.0.attn.rel_pos_w as id 1
06/24 03:02:56 - mmengine - INFO - set param backbone.blocks.0.attn.qkv.weight as id 1
06/24 03:02:56 - mmengine - INFO - set param backbone.blocks.0.attn.qkv.bias as id 1
06/24 03:02:56 - mmengine - INFO - set param backbone.blocks.0.attn.proj.weight as id 1
06/24 03:02:56 - mmengine - INFO - set param backbone.blocks.0.attn.proj.bias as id 1
06/24 03:02:56 - mmengine - INFO - set param backbone.blocks.0.norm2.weight as id 1
06/24 03:02:56 - mmengine - INFO - set param backbone.blocks.0.norm2.bias as id 1
06/24 03:02:56 - mmengine - INFO - set param backbone.blocks.0.mlp.fc1.weight as id 1
06/24 03:02:56 - mmengine - INFO - set param backbone.blocks.0.mlp.fc1.bias as id 1
06/24 03:02:56 - mmengine - INFO - set param backbone.blocks.0.mlp.fc2.weight as id 1
06/24 03:02:56 - mmengine - INFO - set param backbone.blocks.0.mlp.fc2.bias as id 1
06/24 03:02:56 - mmengine - INFO - set param backbone.blocks.1.norm1.weight as id 2
06/24 03:02:56 - mmengine - INFO - set param backbone.blocks.1.norm1.bias as id 2
06/24 03:02:56 - mmengine - INFO - set param backbone.blocks.1.attn.rel_pos_h as id 2
06/24 03:02:56 - mmengine - INFO - set param backbone.blocks.1.attn.rel_pos_w as id 2
06/24 03:02:56 - mmengine - INFO - set param backbone.blocks.1.attn.qkv.weight as id 2
06/24 03:02:56 - mmengine - INFO - set param backbone.blocks.1.attn.qkv.bias as id 2
06/24 03:02:56 - mmengine - INFO - set param backbone.blocks.1.attn.proj.weight as id 2
06/24 03:02:56 - mmengine - INFO - set param backbone.blocks.1.attn.proj.bias as id 2
06/24 03:02:56 - mmengine - INFO - set param backbone.blocks.1.norm2.weight as id 2
06/24 03:02:56 - mmengine - INFO - set param backbone.blocks.1.norm2.bias as id 2
06/24 03:02:56 - mmengine - INFO - set param backbone.blocks.1.mlp.fc1.weight as id 2
06/24 03:02:56 - mmengine - INFO - set param backbone.blocks.1.mlp.fc1.bias as id 2
06/24 03:02:56 - mmengine - INFO - set param backbone.blocks.1.mlp.fc2.weight as id 2
06/24 03:02:56 - mmengine - INFO - set param backbone.blocks.1.mlp.fc2.bias as id 2
06/24 03:02:56 - mmengine - INFO - set param backbone.blocks.2.norm1.weight as id 3
06/24 03:02:56 - mmengine - INFO - set param backbone.blocks.2.norm1.bias as id 3
06/24 03:02:56 - mmengine - INFO - set param backbone.blocks.2.attn.rel_pos_h as id 3
06/24 03:02:56 - mmengine - INFO - set param backbone.blocks.2.attn.rel_pos_w as id 3
06/24 03:02:56 - mmengine - INFO - set param backbone.blocks.2.attn.qkv.weight as id 3
06/24 03:02:56 - mmengine - INFO - set param backbone.blocks.2.attn.qkv.bias as id 3
06/24 03:02:56 - mmengine - INFO - set param backbone.blocks.2.attn.proj.weight as id 3
06/24 03:02:56 - mmengine - INFO - set param backbone.blocks.2.attn.proj.bias as id 3
06/24 03:02:56 - mmengine - INFO - set param backbone.blocks.2.norm2.weight as id 3
06/24 03:02:56 - mmengine - INFO - set param backbone.blocks.2.norm2.bias as id 3
06/24 03:02:56 - mmengine - INFO - set param backbone.blocks.2.mlp.fc1.weight as id 3
06/24 03:02:56 - mmengine - INFO - set param backbone.blocks.2.mlp.fc1.bias as id 3
06/24 03:02:56 - mmengine - INFO - set param backbone.blocks.2.mlp.fc2.weight as id 3
06/24 03:02:56 - mmengine - INFO - set param backbone.blocks.2.mlp.fc2.bias as id 3
06/24 03:02:56 - mmengine - INFO - set param backbone.blocks.3.norm1.weight as id 4
06/24 03:02:56 - mmengine - INFO - set param backbone.blocks.3.norm1.bias as id 4
06/24 03:02:56 - mmengine - INFO - set param backbone.blocks.3.attn.rel_pos_h as id 4
06/24 03:02:56 - mmengine - INFO - set param backbone.blocks.3.attn.rel_pos_w as id 4
06/24 03:02:56 - mmengine - INFO - set param backbone.blocks.3.attn.qkv.weight as id 4
06/24 03:02:56 - mmengine - INFO - set param backbone.blocks.3.attn.qkv.bias as id 4
06/24 03:02:56 - mmengine - INFO - set param backbone.blocks.3.attn.proj.weight as id 4
06/24 03:02:56 - mmengine - INFO - set param backbone.blocks.3.attn.proj.bias as id 4
06/24 03:02:56 - mmengine - INFO - set param backbone.blocks.3.norm2.weight as id 4
06/24 03:02:56 - mmengine - INFO - set param backbone.blocks.3.norm2.bias as id 4
06/24 03:02:56 - mmengine - INFO - set param backbone.blocks.3.mlp.fc1.weight as id 4
06/24 03:02:56 - mmengine - INFO - set param backbone.blocks.3.mlp.fc1.bias as id 4
06/24 03:02:56 - mmengine - INFO - set param backbone.blocks.3.mlp.fc2.weight as id 4
06/24 03:02:56 - mmengine - INFO - set param backbone.blocks.3.mlp.fc2.bias as id 4
06/24 03:02:56 - mmengine - INFO - set param backbone.blocks.4.norm1.weight as id 5
06/24 03:02:56 - mmengine - INFO - set param backbone.blocks.4.norm1.bias as id 5
06/24 03:02:56 - mmengine - INFO - set param backbone.blocks.4.attn.rel_pos_h as id 5
06/24 03:02:56 - mmengine - INFO - set param backbone.blocks.4.attn.rel_pos_w as id 5
06/24 03:02:56 - mmengine - INFO - set param backbone.blocks.4.attn.qkv.weight as id 5
06/24 03:02:56 - mmengine - INFO - set param backbone.blocks.4.attn.qkv.bias as id 5
06/24 03:02:56 - mmengine - INFO - set param backbone.blocks.4.attn.proj.weight as id 5
06/24 03:02:56 - mmengine - INFO - set param backbone.blocks.4.attn.proj.bias as id 5
06/24 03:02:56 - mmengine - INFO - set param backbone.blocks.4.norm2.weight as id 5
06/24 03:02:56 - mmengine - INFO - set param backbone.blocks.4.norm2.bias as id 5
06/24 03:02:56 - mmengine - INFO - set param backbone.blocks.4.mlp.fc1.weight as id 5
06/24 03:02:56 - mmengine - INFO - set param backbone.blocks.4.mlp.fc1.bias as id 5
06/24 03:02:56 - mmengine - INFO - set param backbone.blocks.4.mlp.fc2.weight as id 5
06/24 03:02:56 - mmengine - INFO - set param backbone.blocks.4.mlp.fc2.bias as id 5
06/24 03:02:56 - mmengine - INFO - set param backbone.blocks.5.norm1.weight as id 6
06/24 03:02:56 - mmengine - INFO - set param backbone.blocks.5.norm1.bias as id 6
06/24 03:02:56 - mmengine - INFO - set param backbone.blocks.5.attn.rel_pos_h as id 6
06/24 03:02:56 - mmengine - INFO - set param backbone.blocks.5.attn.rel_pos_w as id 6
06/24 03:02:56 - mmengine - INFO - set param backbone.blocks.5.attn.qkv.weight as id 6
06/24 03:02:56 - mmengine - INFO - set param backbone.blocks.5.attn.qkv.bias as id 6
06/24 03:02:56 - mmengine - INFO - set param backbone.blocks.5.attn.proj.weight as id 6
06/24 03:02:56 - mmengine - INFO - set param backbone.blocks.5.attn.proj.bias as id 6
06/24 03:02:56 - mmengine - INFO - set param backbone.blocks.5.norm2.weight as id 6
06/24 03:02:56 - mmengine - INFO - set param backbone.blocks.5.norm2.bias as id 6
06/24 03:02:56 - mmengine - INFO - set param backbone.blocks.5.mlp.fc1.weight as id 6
06/24 03:02:56 - mmengine - INFO - set param backbone.blocks.5.mlp.fc1.bias as id 6
06/24 03:02:56 - mmengine - INFO - set param backbone.blocks.5.mlp.fc2.weight as id 6
06/24 03:02:56 - mmengine - INFO - set param backbone.blocks.5.mlp.fc2.bias as id 6
06/24 03:02:56 - mmengine - INFO - set param backbone.blocks.6.norm1.weight as id 7
06/24 03:02:56 - mmengine - INFO - set param backbone.blocks.6.norm1.bias as id 7
06/24 03:02:56 - mmengine - INFO - set param backbone.blocks.6.attn.rel_pos_h as id 7
06/24 03:02:56 - mmengine - INFO - set param backbone.blocks.6.attn.rel_pos_w as id 7
06/24 03:02:56 - mmengine - INFO - set param backbone.blocks.6.attn.qkv.weight as id 7
06/24 03:02:56 - mmengine - INFO - set param backbone.blocks.6.attn.qkv.bias as id 7
06/24 03:02:56 - mmengine - INFO - set param backbone.blocks.6.attn.proj.weight as id 7
06/24 03:02:56 - mmengine - INFO - set param backbone.blocks.6.attn.proj.bias as id 7
06/24 03:02:56 - mmengine - INFO - set param backbone.blocks.6.norm2.weight as id 7
06/24 03:02:56 - mmengine - INFO - set param backbone.blocks.6.norm2.bias as id 7
06/24 03:02:56 - mmengine - INFO - set param backbone.blocks.6.mlp.fc1.weight as id 7
06/24 03:02:56 - mmengine - INFO - set param backbone.blocks.6.mlp.fc1.bias as id 7
06/24 03:02:56 - mmengine - INFO - set param backbone.blocks.6.mlp.fc2.weight as id 7
06/24 03:02:56 - mmengine - INFO - set param backbone.blocks.6.mlp.fc2.bias as id 7
06/24 03:02:56 - mmengine - INFO - set param backbone.blocks.7.norm1.weight as id 8
06/24 03:02:56 - mmengine - INFO - set param backbone.blocks.7.norm1.bias as id 8
06/24 03:02:56 - mmengine - INFO - set param backbone.blocks.7.attn.rel_pos_h as id 8
06/24 03:02:56 - mmengine - INFO - set param backbone.blocks.7.attn.rel_pos_w as id 8
06/24 03:02:56 - mmengine - INFO - set param backbone.blocks.7.attn.qkv.weight as id 8
06/24 03:02:56 - mmengine - INFO - set param backbone.blocks.7.attn.qkv.bias as id 8
06/24 03:02:56 - mmengine - INFO - set param backbone.blocks.7.attn.proj.weight as id 8
06/24 03:02:56 - mmengine - INFO - set param backbone.blocks.7.attn.proj.bias as id 8
06/24 03:02:56 - mmengine - INFO - set param backbone.blocks.7.norm2.weight as id 8
06/24 03:02:56 - mmengine - INFO - set param backbone.blocks.7.norm2.bias as id 8
06/24 03:02:56 - mmengine - INFO - set param backbone.blocks.7.mlp.fc1.weight as id 8
06/24 03:02:56 - mmengine - INFO - set param backbone.blocks.7.mlp.fc1.bias as id 8
06/24 03:02:56 - mmengine - INFO - set param backbone.blocks.7.mlp.fc2.weight as id 8
06/24 03:02:56 - mmengine - INFO - set param backbone.blocks.7.mlp.fc2.bias as id 8
06/24 03:02:56 - mmengine - INFO - set param backbone.blocks.8.norm1.weight as id 9
06/24 03:02:56 - mmengine - INFO - set param backbone.blocks.8.norm1.bias as id 9
06/24 03:02:56 - mmengine - INFO - set param backbone.blocks.8.attn.rel_pos_h as id 9
06/24 03:02:56 - mmengine - INFO - set param backbone.blocks.8.attn.rel_pos_w as id 9
06/24 03:02:56 - mmengine - INFO - set param backbone.blocks.8.attn.qkv.weight as id 9
06/24 03:02:56 - mmengine - INFO - set param backbone.blocks.8.attn.qkv.bias as id 9
06/24 03:02:56 - mmengine - INFO - set param backbone.blocks.8.attn.proj.weight as id 9
06/24 03:02:56 - mmengine - INFO - set param backbone.blocks.8.attn.proj.bias as id 9
06/24 03:02:56 - mmengine - INFO - set param backbone.blocks.8.norm2.weight as id 9
06/24 03:02:56 - mmengine - INFO - set param backbone.blocks.8.norm2.bias as id 9
06/24 03:02:56 - mmengine - INFO - set param backbone.blocks.8.mlp.fc1.weight as id 9
06/24 03:02:56 - mmengine - INFO - set param backbone.blocks.8.mlp.fc1.bias as id 9
06/24 03:02:56 - mmengine - INFO - set param backbone.blocks.8.mlp.fc2.weight as id 9
06/24 03:02:56 - mmengine - INFO - set param backbone.blocks.8.mlp.fc2.bias as id 9
06/24 03:02:56 - mmengine - INFO - set param backbone.blocks.9.norm1.weight as id 10
06/24 03:02:56 - mmengine - INFO - set param backbone.blocks.9.norm1.bias as id 10
06/24 03:02:56 - mmengine - INFO - set param backbone.blocks.9.attn.rel_pos_h as id 10
06/24 03:02:56 - mmengine - INFO - set param backbone.blocks.9.attn.rel_pos_w as id 10
06/24 03:02:56 - mmengine - INFO - set param backbone.blocks.9.attn.qkv.weight as id 10
06/24 03:02:56 - mmengine - INFO - set param backbone.blocks.9.attn.qkv.bias as id 10
06/24 03:02:56 - mmengine - INFO - set param backbone.blocks.9.attn.proj.weight as id 10
06/24 03:02:56 - mmengine - INFO - set param backbone.blocks.9.attn.proj.bias as id 10
06/24 03:02:56 - mmengine - INFO - set param backbone.blocks.9.norm2.weight as id 10
06/24 03:02:56 - mmengine - INFO - set param backbone.blocks.9.norm2.bias as id 10
06/24 03:02:56 - mmengine - INFO - set param backbone.blocks.9.mlp.fc1.weight as id 10
06/24 03:02:56 - mmengine - INFO - set param backbone.blocks.9.mlp.fc1.bias as id 10
06/24 03:02:56 - mmengine - INFO - set param backbone.blocks.9.mlp.fc2.weight as id 10
06/24 03:02:56 - mmengine - INFO - set param backbone.blocks.9.mlp.fc2.bias as id 10
06/24 03:02:56 - mmengine - INFO - set param backbone.blocks.10.norm1.weight as id 11
06/24 03:02:56 - mmengine - INFO - set param backbone.blocks.10.norm1.bias as id 11
06/24 03:02:56 - mmengine - INFO - set param backbone.blocks.10.attn.rel_pos_h as id 11
06/24 03:02:56 - mmengine - INFO - set param backbone.blocks.10.attn.rel_pos_w as id 11
06/24 03:02:56 - mmengine - INFO - set param backbone.blocks.10.attn.qkv.weight as id 11
06/24 03:02:56 - mmengine - INFO - set param backbone.blocks.10.attn.qkv.bias as id 11
06/24 03:02:56 - mmengine - INFO - set param backbone.blocks.10.attn.proj.weight as id 11
06/24 03:02:56 - mmengine - INFO - set param backbone.blocks.10.attn.proj.bias as id 11
06/24 03:02:56 - mmengine - INFO - set param backbone.blocks.10.norm2.weight as id 11
06/24 03:02:56 - mmengine - INFO - set param backbone.blocks.10.norm2.bias as id 11
06/24 03:02:56 - mmengine - INFO - set param backbone.blocks.10.mlp.fc1.weight as id 11
06/24 03:02:56 - mmengine - INFO - set param backbone.blocks.10.mlp.fc1.bias as id 11
06/24 03:02:56 - mmengine - INFO - set param backbone.blocks.10.mlp.fc2.weight as id 11
06/24 03:02:56 - mmengine - INFO - set param backbone.blocks.10.mlp.fc2.bias as id 11
06/24 03:02:56 - mmengine - INFO - set param backbone.blocks.11.norm1.weight as id 12
06/24 03:02:56 - mmengine - INFO - set param backbone.blocks.11.norm1.bias as id 12
06/24 03:02:56 - mmengine - INFO - set param backbone.blocks.11.attn.rel_pos_h as id 12
06/24 03:02:56 - mmengine - INFO - set param backbone.blocks.11.attn.rel_pos_w as id 12
06/24 03:02:56 - mmengine - INFO - set param backbone.blocks.11.attn.qkv.weight as id 12
06/24 03:02:56 - mmengine - INFO - set param backbone.blocks.11.attn.qkv.bias as id 12
06/24 03:02:56 - mmengine - INFO - set param backbone.blocks.11.attn.proj.weight as id 12
06/24 03:02:56 - mmengine - INFO - set param backbone.blocks.11.attn.proj.bias as id 12
06/24 03:02:56 - mmengine - INFO - set param backbone.blocks.11.norm2.weight as id 12
06/24 03:02:56 - mmengine - INFO - set param backbone.blocks.11.norm2.bias as id 12
06/24 03:02:56 - mmengine - INFO - set param backbone.blocks.11.mlp.fc1.weight as id 12
06/24 03:02:56 - mmengine - INFO - set param backbone.blocks.11.mlp.fc1.bias as id 12
06/24 03:02:56 - mmengine - INFO - set param backbone.blocks.11.mlp.fc2.weight as id 12
06/24 03:02:56 - mmengine - INFO - set param backbone.blocks.11.mlp.fc2.bias as id 12
06/24 03:02:56 - mmengine - INFO - set param neck.fpn1.0.weight as id 13
06/24 03:02:56 - mmengine - INFO - set param neck.fpn1.0.bias as id 13
06/24 03:02:56 - mmengine - INFO - set param neck.fpn1.1.weight as id 13
06/24 03:02:56 - mmengine - INFO - set param neck.fpn1.1.bias as id 13
06/24 03:02:56 - mmengine - INFO - set param neck.fpn1.3.weight as id 13
06/24 03:02:56 - mmengine - INFO - set param neck.fpn1.3.bias as id 13
06/24 03:02:56 - mmengine - INFO - set param neck.fpn2.0.weight as id 13
06/24 03:02:56 - mmengine - INFO - set param neck.fpn2.0.bias as id 13
06/24 03:02:56 - mmengine - INFO - set param neck.lateral_convs.0.conv.weight as id 13
06/24 03:02:56 - mmengine - INFO - set param neck.lateral_convs.0.norm_layer.weight as id 13
06/24 03:02:56 - mmengine - INFO - set param neck.lateral_convs.0.norm_layer.bias as id 13
06/24 03:02:56 - mmengine - INFO - set param neck.lateral_convs.1.conv.weight as id 13
06/24 03:02:56 - mmengine - INFO - set param neck.lateral_convs.1.norm_layer.weight as id 13
06/24 03:02:56 - mmengine - INFO - set param neck.lateral_convs.1.norm_layer.bias as id 13
06/24 03:02:56 - mmengine - INFO - set param neck.lateral_convs.2.conv.weight as id 13
06/24 03:02:56 - mmengine - INFO - set param neck.lateral_convs.2.norm_layer.weight as id 13
06/24 03:02:56 - mmengine - INFO - set param neck.lateral_convs.2.norm_layer.bias as id 13
06/24 03:02:56 - mmengine - INFO - set param neck.lateral_convs.3.conv.weight as id 13
06/24 03:02:56 - mmengine - INFO - set param neck.lateral_convs.3.norm_layer.weight as id 13
06/24 03:02:56 - mmengine - INFO - set param neck.lateral_convs.3.norm_layer.bias as id 13
06/24 03:02:56 - mmengine - INFO - set param neck.fpn_convs.0.conv.weight as id 13
06/24 03:02:56 - mmengine - INFO - set param neck.fpn_convs.0.norm_layer.weight as id 13
06/24 03:02:56 - mmengine - INFO - set param neck.fpn_convs.0.norm_layer.bias as id 13
06/24 03:02:56 - mmengine - INFO - set param neck.fpn_convs.1.conv.weight as id 13
06/24 03:02:56 - mmengine - INFO - set param neck.fpn_convs.1.norm_layer.weight as id 13
06/24 03:02:56 - mmengine - INFO - set param neck.fpn_convs.1.norm_layer.bias as id 13
06/24 03:02:56 - mmengine - INFO - set param neck.fpn_convs.2.conv.weight as id 13
06/24 03:02:56 - mmengine - INFO - set param neck.fpn_convs.2.norm_layer.weight as id 13
06/24 03:02:56 - mmengine - INFO - set param neck.fpn_convs.2.norm_layer.bias as id 13
06/24 03:02:56 - mmengine - INFO - set param neck.fpn_convs.3.conv.weight as id 13
06/24 03:02:56 - mmengine - INFO - set param neck.fpn_convs.3.norm_layer.weight as id 13
06/24 03:02:56 - mmengine - INFO - set param neck.fpn_convs.3.norm_layer.bias as id 13
06/24 03:02:56 - mmengine - INFO - set param rpn_head.rpn_conv.0.conv.weight as id 13
06/24 03:02:56 - mmengine - INFO - set param rpn_head.rpn_conv.0.conv.bias as id 13
06/24 03:02:56 - mmengine - INFO - set param rpn_head.rpn_conv.1.conv.weight as id 13
06/24 03:02:56 - mmengine - INFO - set param rpn_head.rpn_conv.1.conv.bias as id 13
06/24 03:02:56 - mmengine - INFO - set param rpn_head.rpn_cls.weight as id 13
06/24 03:02:56 - mmengine - INFO - set param rpn_head.rpn_cls.bias as id 13
06/24 03:02:56 - mmengine - INFO - set param rpn_head.rpn_reg.weight as id 13
06/24 03:02:56 - mmengine - INFO - set param rpn_head.rpn_reg.bias as id 13
06/24 03:02:56 - mmengine - INFO - set param roi_head.bbox_head.fc_cls.weight as id 13
06/24 03:02:56 - mmengine - INFO - set param roi_head.bbox_head.fc_cls.bias as id 13
06/24 03:02:56 - mmengine - INFO - set param roi_head.bbox_head.fc_reg.weight as id 13
06/24 03:02:56 - mmengine - INFO - set param roi_head.bbox_head.fc_reg.bias as id 13
06/24 03:02:56 - mmengine - INFO - set param roi_head.bbox_head.shared_convs.0.conv.weight as id 13
06/24 03:02:56 - mmengine - INFO - set param roi_head.bbox_head.shared_convs.0.norm_layer.weight as id 13
06/24 03:02:56 - mmengine - INFO - set param roi_head.bbox_head.shared_convs.0.norm_layer.bias as id 13
06/24 03:02:56 - mmengine - INFO - set param roi_head.bbox_head.shared_convs.1.conv.weight as id 13
06/24 03:02:56 - mmengine - INFO - set param roi_head.bbox_head.shared_convs.1.norm_layer.weight as id 13
06/24 03:02:56 - mmengine - INFO - set param roi_head.bbox_head.shared_convs.1.norm_layer.bias as id 13
06/24 03:02:56 - mmengine - INFO - set param roi_head.bbox_head.shared_convs.2.conv.weight as id 13
06/24 03:02:56 - mmengine - INFO - set param roi_head.bbox_head.shared_convs.2.norm_layer.weight as id 13
06/24 03:02:56 - mmengine - INFO - set param roi_head.bbox_head.shared_convs.2.norm_layer.bias as id 13
06/24 03:02:56 - mmengine - INFO - set param roi_head.bbox_head.shared_convs.3.conv.weight as id 13
06/24 03:02:56 - mmengine - INFO - set param roi_head.bbox_head.shared_convs.3.norm_layer.weight as id 13
06/24 03:02:56 - mmengine - INFO - set param roi_head.bbox_head.shared_convs.3.norm_layer.bias as id 13
06/24 03:02:56 - mmengine - INFO - set param roi_head.bbox_head.shared_fcs.0.weight as id 13
06/24 03:02:56 - mmengine - INFO - set param roi_head.bbox_head.shared_fcs.0.bias as id 13
06/24 03:02:56 - mmengine - INFO - set param roi_head.mask_head.convs.0.conv.weight as id 13
06/24 03:02:56 - mmengine - INFO - set param roi_head.mask_head.convs.0.norm_layer.weight as id 13
06/24 03:02:56 - mmengine - INFO - set param roi_head.mask_head.convs.0.norm_layer.bias as id 13
06/24 03:02:56 - mmengine - INFO - set param roi_head.mask_head.convs.1.conv.weight as id 13
06/24 03:02:56 - mmengine - INFO - set param roi_head.mask_head.convs.1.norm_layer.weight as id 13
06/24 03:02:56 - mmengine - INFO - set param roi_head.mask_head.convs.1.norm_layer.bias as id 13
06/24 03:02:56 - mmengine - INFO - set param roi_head.mask_head.convs.2.conv.weight as id 13
06/24 03:02:56 - mmengine - INFO - set param roi_head.mask_head.convs.2.norm_layer.weight as id 13
06/24 03:02:56 - mmengine - INFO - set param roi_head.mask_head.convs.2.norm_layer.bias as id 13
06/24 03:02:56 - mmengine - INFO - set param roi_head.mask_head.convs.3.conv.weight as id 13
06/24 03:02:56 - mmengine - INFO - set param roi_head.mask_head.convs.3.norm_layer.weight as id 13
06/24 03:02:56 - mmengine - INFO - set param roi_head.mask_head.convs.3.norm_layer.bias as id 13
06/24 03:02:56 - mmengine - INFO - set param roi_head.mask_head.upsample.weight as id 13
06/24 03:02:56 - mmengine - INFO - set param roi_head.mask_head.upsample.bias as id 13
06/24 03:02:56 - mmengine - INFO - set param roi_head.mask_head.conv_logits.weight as id 13
06/24 03:02:56 - mmengine - INFO - set param roi_head.mask_head.conv_logits.bias as id 13
06/24 03:02:56 - mmengine - INFO - Param groups = {
  "layer_0_no_decay_pos_embed": {
    "param_names": [
      "backbone.pos_embed"
    ],
    "lr_scale": 0.009688901040699992,
    "lr": 9.688901040699993e-07,
    "weight_decay": 0
  },
  "layer_0_decay": {
    "param_names": [
      "backbone.patch_embed.proj.weight",
      "backbone.patch_embed.proj.bias"
    ],
    "lr_scale": 0.009688901040699992,
    "lr": 9.688901040699993e-07,
    "weight_decay": 0.1
  },
  "layer_1_no_decay": {
    "param_names": [
      "backbone.blocks.0.norm1.weight",
      "backbone.blocks.0.norm1.bias",
      "backbone.blocks.0.norm2.weight",
      "backbone.blocks.0.norm2.bias"
    ],
    "lr_scale": 0.01384128720099999,
    "lr": 1.384128720099999e-06,
    "weight_decay": 0.0
  },
  "layer_1_decay": {
    "param_names": [
      "backbone.blocks.0.attn.rel_pos_h",
      "backbone.blocks.0.attn.rel_pos_w",
      "backbone.blocks.0.attn.qkv.weight",
      "backbone.blocks.0.attn.qkv.bias",
      "backbone.blocks.0.attn.proj.weight",
      "backbone.blocks.0.attn.proj.bias",
      "backbone.blocks.0.mlp.fc1.weight",
      "backbone.blocks.0.mlp.fc1.bias",
      "backbone.blocks.0.mlp.fc2.weight",
      "backbone.blocks.0.mlp.fc2.bias"
    ],
    "lr_scale": 0.01384128720099999,
    "lr": 1.384128720099999e-06,
    "weight_decay": 0.1
  },
  "layer_2_no_decay": {
    "param_names": [
      "backbone.blocks.1.norm1.weight",
      "backbone.blocks.1.norm1.bias",
      "backbone.blocks.1.norm2.weight",
      "backbone.blocks.1.norm2.bias"
    ],
    "lr_scale": 0.019773267429999988,
    "lr": 1.977326742999999e-06,
    "weight_decay": 0.0
  },
  "layer_2_decay": {
    "param_names": [
      "backbone.blocks.1.attn.rel_pos_h",
      "backbone.blocks.1.attn.rel_pos_w",
      "backbone.blocks.1.attn.qkv.weight",
      "backbone.blocks.1.attn.qkv.bias",
      "backbone.blocks.1.attn.proj.weight",
      "backbone.blocks.1.attn.proj.bias",
      "backbone.blocks.1.mlp.fc1.weight",
      "backbone.blocks.1.mlp.fc1.bias",
      "backbone.blocks.1.mlp.fc2.weight",
      "backbone.blocks.1.mlp.fc2.bias"
    ],
    "lr_scale": 0.019773267429999988,
    "lr": 1.977326742999999e-06,
    "weight_decay": 0.1
  },
  "layer_3_no_decay": {
    "param_names": [
      "backbone.blocks.2.norm1.weight",
      "backbone.blocks.2.norm1.bias",
      "backbone.blocks.2.norm2.weight",
      "backbone.blocks.2.norm2.bias"
    ],
    "lr_scale": 0.028247524899999984,
    "lr": 2.8247524899999986e-06,
    "weight_decay": 0.0
  },
  "layer_3_decay": {
    "param_names": [
      "backbone.blocks.2.attn.rel_pos_h",
      "backbone.blocks.2.attn.rel_pos_w",
      "backbone.blocks.2.attn.qkv.weight",
      "backbone.blocks.2.attn.qkv.bias",
      "backbone.blocks.2.attn.proj.weight",
      "backbone.blocks.2.attn.proj.bias",
      "backbone.blocks.2.mlp.fc1.weight",
      "backbone.blocks.2.mlp.fc1.bias",
      "backbone.blocks.2.mlp.fc2.weight",
      "backbone.blocks.2.mlp.fc2.bias"
    ],
    "lr_scale": 0.028247524899999984,
    "lr": 2.8247524899999986e-06,
    "weight_decay": 0.1
  },
  "layer_4_no_decay": {
    "param_names": [
      "backbone.blocks.3.norm1.weight",
      "backbone.blocks.3.norm1.bias",
      "backbone.blocks.3.norm2.weight",
      "backbone.blocks.3.norm2.bias"
    ],
    "lr_scale": 0.04035360699999998,
    "lr": 4.035360699999998e-06,
    "weight_decay": 0.0
  },
  "layer_4_decay": {
    "param_names": [
      "backbone.blocks.3.attn.rel_pos_h",
      "backbone.blocks.3.attn.rel_pos_w",
      "backbone.blocks.3.attn.qkv.weight",
      "backbone.blocks.3.attn.qkv.bias",
      "backbone.blocks.3.attn.proj.weight",
      "backbone.blocks.3.attn.proj.bias",
      "backbone.blocks.3.mlp.fc1.weight",
      "backbone.blocks.3.mlp.fc1.bias",
      "backbone.blocks.3.mlp.fc2.weight",
      "backbone.blocks.3.mlp.fc2.bias"
    ],
    "lr_scale": 0.04035360699999998,
    "lr": 4.035360699999998e-06,
    "weight_decay": 0.1
  },
  "layer_5_no_decay": {
    "param_names": [
      "backbone.blocks.4.norm1.weight",
      "backbone.blocks.4.norm1.bias",
      "backbone.blocks.4.norm2.weight",
      "backbone.blocks.4.norm2.bias"
    ],
    "lr_scale": 0.05764800999999997,
    "lr": 5.764800999999997e-06,
    "weight_decay": 0.0
  },
  "layer_5_decay": {
    "param_names": [
      "backbone.blocks.4.attn.rel_pos_h",
      "backbone.blocks.4.attn.rel_pos_w",
      "backbone.blocks.4.attn.qkv.weight",
      "backbone.blocks.4.attn.qkv.bias",
      "backbone.blocks.4.attn.proj.weight",
      "backbone.blocks.4.attn.proj.bias",
      "backbone.blocks.4.mlp.fc1.weight",
      "backbone.blocks.4.mlp.fc1.bias",
      "backbone.blocks.4.mlp.fc2.weight",
      "backbone.blocks.4.mlp.fc2.bias"
    ],
    "lr_scale": 0.05764800999999997,
    "lr": 5.764800999999997e-06,
    "weight_decay": 0.1
  },
  "layer_6_no_decay": {
    "param_names": [
      "backbone.blocks.5.norm1.weight",
      "backbone.blocks.5.norm1.bias",
      "backbone.blocks.5.norm2.weight",
      "backbone.blocks.5.norm2.bias"
    ],
    "lr_scale": 0.08235429999999996,
    "lr": 8.235429999999996e-06,
    "weight_decay": 0.0
  },
  "layer_6_decay": {
    "param_names": [
      "backbone.blocks.5.attn.rel_pos_h",
      "backbone.blocks.5.attn.rel_pos_w",
      "backbone.blocks.5.attn.qkv.weight",
      "backbone.blocks.5.attn.qkv.bias",
      "backbone.blocks.5.attn.proj.weight",
      "backbone.blocks.5.attn.proj.bias",
      "backbone.blocks.5.mlp.fc1.weight",
      "backbone.blocks.5.mlp.fc1.bias",
      "backbone.blocks.5.mlp.fc2.weight",
      "backbone.blocks.5.mlp.fc2.bias"
    ],
    "lr_scale": 0.08235429999999996,
    "lr": 8.235429999999996e-06,
    "weight_decay": 0.1
  },
  "layer_7_no_decay": {
    "param_names": [
      "backbone.blocks.6.norm1.weight",
      "backbone.blocks.6.norm1.bias",
      "backbone.blocks.6.norm2.weight",
      "backbone.blocks.6.norm2.bias"
    ],
    "lr_scale": 0.11764899999999996,
    "lr": 1.1764899999999996e-05,
    "weight_decay": 0.0
  },
  "layer_7_decay": {
    "param_names": [
      "backbone.blocks.6.attn.rel_pos_h",
      "backbone.blocks.6.attn.rel_pos_w",
      "backbone.blocks.6.attn.qkv.weight",
      "backbone.blocks.6.attn.qkv.bias",
      "backbone.blocks.6.attn.proj.weight",
      "backbone.blocks.6.attn.proj.bias",
      "backbone.blocks.6.mlp.fc1.weight",
      "backbone.blocks.6.mlp.fc1.bias",
      "backbone.blocks.6.mlp.fc2.weight",
      "backbone.blocks.6.mlp.fc2.bias"
    ],
    "lr_scale": 0.11764899999999996,
    "lr": 1.1764899999999996e-05,
    "weight_decay": 0.1
  },
  "layer_8_no_decay": {
    "param_names": [
      "backbone.blocks.7.norm1.weight",
      "backbone.blocks.7.norm1.bias",
      "backbone.blocks.7.norm2.weight",
      "backbone.blocks.7.norm2.bias"
    ],
    "lr_scale": 0.16806999999999994,
    "lr": 1.6806999999999993e-05,
    "weight_decay": 0.0
  },
  "layer_8_decay": {
    "param_names": [
      "backbone.blocks.7.attn.rel_pos_h",
      "backbone.blocks.7.attn.rel_pos_w",
      "backbone.blocks.7.attn.qkv.weight",
      "backbone.blocks.7.attn.qkv.bias",
      "backbone.blocks.7.attn.proj.weight",
      "backbone.blocks.7.attn.proj.bias",
      "backbone.blocks.7.mlp.fc1.weight",
      "backbone.blocks.7.mlp.fc1.bias",
      "backbone.blocks.7.mlp.fc2.weight",
      "backbone.blocks.7.mlp.fc2.bias"
    ],
    "lr_scale": 0.16806999999999994,
    "lr": 1.6806999999999993e-05,
    "weight_decay": 0.1
  },
  "layer_9_no_decay": {
    "param_names": [
      "backbone.blocks.8.norm1.weight",
      "backbone.blocks.8.norm1.bias",
      "backbone.blocks.8.norm2.weight",
      "backbone.blocks.8.norm2.bias"
    ],
    "lr_scale": 0.24009999999999995,
    "lr": 2.4009999999999995e-05,
    "weight_decay": 0.0
  },
  "layer_9_decay": {
    "param_names": [
      "backbone.blocks.8.attn.rel_pos_h",
      "backbone.blocks.8.attn.rel_pos_w",
      "backbone.blocks.8.attn.qkv.weight",
      "backbone.blocks.8.attn.qkv.bias",
      "backbone.blocks.8.attn.proj.weight",
      "backbone.blocks.8.attn.proj.bias",
      "backbone.blocks.8.mlp.fc1.weight",
      "backbone.blocks.8.mlp.fc1.bias",
      "backbone.blocks.8.mlp.fc2.weight",
      "backbone.blocks.8.mlp.fc2.bias"
    ],
    "lr_scale": 0.24009999999999995,
    "lr": 2.4009999999999995e-05,
    "weight_decay": 0.1
  },
  "layer_10_no_decay": {
    "param_names": [
      "backbone.blocks.9.norm1.weight",
      "backbone.blocks.9.norm1.bias",
      "backbone.blocks.9.norm2.weight",
      "backbone.blocks.9.norm2.bias"
    ],
    "lr_scale": 0.3429999999999999,
    "lr": 3.4299999999999993e-05,
    "weight_decay": 0.0
  },
  "layer_10_decay": {
    "param_names": [
      "backbone.blocks.9.attn.rel_pos_h",
      "backbone.blocks.9.attn.rel_pos_w",
      "backbone.blocks.9.attn.qkv.weight",
      "backbone.blocks.9.attn.qkv.bias",
      "backbone.blocks.9.attn.proj.weight",
      "backbone.blocks.9.attn.proj.bias",
      "backbone.blocks.9.mlp.fc1.weight",
      "backbone.blocks.9.mlp.fc1.bias",
      "backbone.blocks.9.mlp.fc2.weight",
      "backbone.blocks.9.mlp.fc2.bias"
    ],
    "lr_scale": 0.3429999999999999,
    "lr": 3.4299999999999993e-05,
    "weight_decay": 0.1
  },
  "layer_11_no_decay": {
    "param_names": [
      "backbone.blocks.10.norm1.weight",
      "backbone.blocks.10.norm1.bias",
      "backbone.blocks.10.norm2.weight",
      "backbone.blocks.10.norm2.bias"
    ],
    "lr_scale": 0.48999999999999994,
    "lr": 4.9e-05,
    "weight_decay": 0.0
  },
  "layer_11_decay": {
    "param_names": [
      "backbone.blocks.10.attn.rel_pos_h",
      "backbone.blocks.10.attn.rel_pos_w",
      "backbone.blocks.10.attn.qkv.weight",
      "backbone.blocks.10.attn.qkv.bias",
      "backbone.blocks.10.attn.proj.weight",
      "backbone.blocks.10.attn.proj.bias",
      "backbone.blocks.10.mlp.fc1.weight",
      "backbone.blocks.10.mlp.fc1.bias",
      "backbone.blocks.10.mlp.fc2.weight",
      "backbone.blocks.10.mlp.fc2.bias"
    ],
    "lr_scale": 0.48999999999999994,
    "lr": 4.9e-05,
    "weight_decay": 0.1
  },
  "layer_12_no_decay": {
    "param_names": [
      "backbone.blocks.11.norm1.weight",
      "backbone.blocks.11.norm1.bias",
      "backbone.blocks.11.norm2.weight",
      "backbone.blocks.11.norm2.bias"
    ],
    "lr_scale": 0.7,
    "lr": 7e-05,
    "weight_decay": 0.0
  },
  "layer_12_decay": {
    "param_names": [
      "backbone.blocks.11.attn.rel_pos_h",
      "backbone.blocks.11.attn.rel_pos_w",
      "backbone.blocks.11.attn.qkv.weight",
      "backbone.blocks.11.attn.qkv.bias",
      "backbone.blocks.11.attn.proj.weight",
      "backbone.blocks.11.attn.proj.bias",
      "backbone.blocks.11.mlp.fc1.weight",
      "backbone.blocks.11.mlp.fc1.bias",
      "backbone.blocks.11.mlp.fc2.weight",
      "backbone.blocks.11.mlp.fc2.bias"
    ],
    "lr_scale": 0.7,
    "lr": 7e-05,
    "weight_decay": 0.1
  },
  "layer_13_decay": {
    "param_names": [
      "neck.fpn1.0.weight",
      "neck.fpn1.0.bias",
      "neck.fpn1.1.weight",
      "neck.fpn1.1.bias",
      "neck.fpn1.3.weight",
      "neck.fpn1.3.bias",
      "neck.fpn2.0.weight",
      "neck.fpn2.0.bias",
      "neck.lateral_convs.0.conv.weight",
      "neck.lateral_convs.0.norm_layer.weight",
      "neck.lateral_convs.0.norm_layer.bias",
      "neck.lateral_convs.1.conv.weight",
      "neck.lateral_convs.1.norm_layer.weight",
      "neck.lateral_convs.1.norm_layer.bias",
      "neck.lateral_convs.2.conv.weight",
      "neck.lateral_convs.2.norm_layer.weight",
      "neck.lateral_convs.2.norm_layer.bias",
      "neck.lateral_convs.3.conv.weight",
      "neck.lateral_convs.3.norm_layer.weight",
      "neck.lateral_convs.3.norm_layer.bias",
      "neck.fpn_convs.0.conv.weight",
      "neck.fpn_convs.0.norm_layer.weight",
      "neck.fpn_convs.0.norm_layer.bias",
      "neck.fpn_convs.1.conv.weight",
      "neck.fpn_convs.1.norm_layer.weight",
      "neck.fpn_convs.1.norm_layer.bias",
      "neck.fpn_convs.2.conv.weight",
      "neck.fpn_convs.2.norm_layer.weight",
      "neck.fpn_convs.2.norm_layer.bias",
      "neck.fpn_convs.3.conv.weight",
      "neck.fpn_convs.3.norm_layer.weight",
      "neck.fpn_convs.3.norm_layer.bias",
      "rpn_head.rpn_conv.0.conv.weight",
      "rpn_head.rpn_conv.0.conv.bias",
      "rpn_head.rpn_conv.1.conv.weight",
      "rpn_head.rpn_conv.1.conv.bias",
      "rpn_head.rpn_cls.weight",
      "rpn_head.rpn_cls.bias",
      "rpn_head.rpn_reg.weight",
      "rpn_head.rpn_reg.bias",
      "roi_head.bbox_head.fc_cls.weight",
      "roi_head.bbox_head.fc_cls.bias",
      "roi_head.bbox_head.fc_reg.weight",
      "roi_head.bbox_head.fc_reg.bias",
      "roi_head.bbox_head.shared_convs.0.conv.weight",
      "roi_head.bbox_head.shared_convs.0.norm_layer.weight",
      "roi_head.bbox_head.shared_convs.0.norm_layer.bias",
      "roi_head.bbox_head.shared_convs.1.conv.weight",
      "roi_head.bbox_head.shared_convs.1.norm_layer.weight",
      "roi_head.bbox_head.shared_convs.1.norm_layer.bias",
      "roi_head.bbox_head.shared_convs.2.conv.weight",
      "roi_head.bbox_head.shared_convs.2.norm_layer.weight",
      "roi_head.bbox_head.shared_convs.2.norm_layer.bias",
      "roi_head.bbox_head.shared_convs.3.conv.weight",
      "roi_head.bbox_head.shared_convs.3.norm_layer.weight",
      "roi_head.bbox_head.shared_convs.3.norm_layer.bias",
      "roi_head.bbox_head.shared_fcs.0.weight",
      "roi_head.bbox_head.shared_fcs.0.bias",
      "roi_head.mask_head.convs.0.conv.weight",
      "roi_head.mask_head.convs.0.norm_layer.weight",
      "roi_head.mask_head.convs.0.norm_layer.bias",
      "roi_head.mask_head.convs.1.conv.weight",
      "roi_head.mask_head.convs.1.norm_layer.weight",
      "roi_head.mask_head.convs.1.norm_layer.bias",
      "roi_head.mask_head.convs.2.conv.weight",
      "roi_head.mask_head.convs.2.norm_layer.weight",
      "roi_head.mask_head.convs.2.norm_layer.bias",
      "roi_head.mask_head.convs.3.conv.weight",
      "roi_head.mask_head.convs.3.norm_layer.weight",
      "roi_head.mask_head.convs.3.norm_layer.bias",
      "roi_head.mask_head.upsample.weight",
      "roi_head.mask_head.upsample.bias",
      "roi_head.mask_head.conv_logits.weight",
      "roi_head.mask_head.conv_logits.bias"
    ],
    "lr_scale": 1.0,
    "lr": 0.0001,
    "weight_decay": 0.1
  }
}
loading annotations into memory...
Done (t=0.82s)
creating index...
index created!
loading annotations into memory...
Done (t=0.62s)
creating index...
index created!
06/24 03:02:59 - mmengine - INFO - Loads checkpoint by local backend from path: mae_pretrain_vit_base.pth
06/24 03:02:59 - mmengine - WARNING - "FileClient" will be deprecated in future. Please use io functions in https://mmengine.readthedocs.io/en/latest/api/fileio.html#file-io
06/24 03:02:59 - mmengine - WARNING - "HardDiskBackend" is the alias of "LocalBackend" and the former will be deprecated in future.
06/24 03:02:59 - mmengine - INFO - Checkpoints will be saved to /home/01/wyc/mmdetection/work_dirs/vitdet_mask-rcnn_vit-b-mae_lsj-100e.
TCAPPDLL 2025-06-24 03:03:00.830089 - Epoch: 0 Iteration: 0  rank : 0  train.loss : 5.806610107421875  train.ips : 0.8997134596730635 imgs/s train.total_time : 1.1114649772644043 
TCAPPDLL 2025-06-24 03:03:01.044014 - Epoch: 0 Iteration: 1  rank : 0  train.loss : 6.096697807312012  train.ips : 4.677488569198171 imgs/s train.total_time : 0.2137899398803711 
TCAPPDLL 2025-06-24 03:03:01.275208 - Epoch: 0 Iteration: 2  rank : 0  train.loss : 5.963945388793945  train.ips : 4.327477801874898 imgs/s train.total_time : 0.23108148574829102 
TCAPPDLL 2025-06-24 03:03:01.528896 - Epoch: 0 Iteration: 3  rank : 0  train.loss : 5.982269763946533  train.ips : 3.944357926888904 imgs/s train.total_time : 0.2535266876220703 
TCAPPDLL 2025-06-24 03:03:01.757848 - Epoch: 0 Iteration: 4  rank : 0  train.loss : 6.335569381713867  train.ips : 4.3699087845053475 imgs/s train.total_time : 0.2288377285003662 
TCAPPDLL 2025-06-24 03:03:02.015994 - Epoch: 0 Iteration: 5  rank : 0  train.loss : 5.811858177185059  train.ips : 3.875526447580697 imgs/s train.total_time : 0.2580294609069824 
TCAPPDLL 2025-06-24 03:03:02.242628 - Epoch: 0 Iteration: 6  rank : 0  train.loss : 5.827165603637695  train.ips : 4.414610734073189 imgs/s train.total_time : 0.22652053833007812 
TCAPPDLL 2025-06-24 03:03:02.440904 - Epoch: 0 Iteration: 7  rank : 0  train.loss : 5.4476752281188965  train.ips : 5.046489551010488 imgs/s train.total_time : 0.19815754890441895 
TCAPPDLL 2025-06-24 03:03:02.786759 - Epoch: 0 Iteration: 8  rank : 0  train.loss : 5.6877121925354  train.ips : 2.8930184949393087 imgs/s train.total_time : 0.3456597328186035 
TCAPPDLL 2025-06-24 03:03:02.985021 - Epoch: 0 Iteration: 9  rank : 0  train.loss : 5.5734782218933105  train.ips : 5.047291158494394 imgs/s train.total_time : 0.19812607765197754 
TCAPPDLL 2025-06-24 03:03:03.180793 - Epoch: 0 Iteration: 10  rank : 0  train.loss : 5.392139911651611  train.ips : 5.111127900543734 imgs/s train.total_time : 0.19565153121948242 
TCAPPDLL 2025-06-24 03:03:03.372387 - Epoch: 0 Iteration: 11  rank : 0  train.loss : 5.2438788414001465  train.ips : 5.222603242909404 imgs/s train.total_time : 0.19147539138793945 
TCAPPDLL 2025-06-24 03:03:03.570992 - Epoch: 0 Iteration: 12  rank : 0  train.loss : 5.321385383605957  train.ips : 5.038027504147003 imgs/s train.total_time : 0.19849038124084473 
TCAPPDLL 2025-06-24 03:03:03.831685 - Epoch: 0 Iteration: 13  rank : 0  train.loss : 5.0645294189453125  train.ips : 3.837785262472127 imgs/s train.total_time : 0.26056694984436035 
TCAPPDLL 2025-06-24 03:03:04.076146 - Epoch: 0 Iteration: 14  rank : 0  train.loss : 5.073565483093262  train.ips : 4.092774541938141 imgs/s train.total_time : 0.24433302879333496 
TCAPPDLL 2025-06-24 03:03:04.282254 - Epoch: 0 Iteration: 15  rank : 0  train.loss : 4.8080644607543945  train.ips : 4.855462636253345 imgs/s train.total_time : 0.20595359802246094 
TCAPPDLL 2025-06-24 03:03:04.648207 - Epoch: 0 Iteration: 16  rank : 0  train.loss : 5.1918206214904785  train.ips : 2.733553270445744 imgs/s train.total_time : 0.36582422256469727 
TCAPPDLL 2025-06-24 03:03:04.849924 - Epoch: 0 Iteration: 17  rank : 0  train.loss : 4.422694683074951  train.ips : 4.960567881172615 imgs/s train.total_time : 0.20158982276916504 
TCAPPDLL 2025-06-24 03:03:05.075738 - Epoch: 0 Iteration: 18  rank : 0  train.loss : 4.592173099517822  train.ips : 4.431083371013476 imgs/s train.total_time : 0.2256784439086914 
TCAPPDLL 2025-06-24 03:03:05.356001 - Epoch: 0 Iteration: 19  rank : 0  train.loss : 4.1648969650268555  train.ips : 3.569720681517013 imgs/s train.total_time : 0.2801339626312256 
TCAPPDLL 2025-06-24 03:03:05.555542 - Epoch: 0 Iteration: 20  rank : 0  train.loss : 3.9626803398132324  train.ips : 5.014824583533103 imgs/s train.total_time : 0.19940876960754395 
TCAPPDLL 2025-06-24 03:03:05.760627 - Epoch: 0 Iteration: 21  rank : 0  train.loss : 3.732081413269043  train.ips : 4.879100374921334 imgs/s train.total_time : 0.2049558162689209 
TCAPPDLL 2025-06-24 03:03:05.963945 - Epoch: 0 Iteration: 22  rank : 0  train.loss : 3.360313653945923  train.ips : 4.922516474682096 imgs/s train.total_time : 0.20314812660217285 
TCAPPDLL 2025-06-24 03:03:06.215079 - Epoch: 0 Iteration: 23  rank : 0  train.loss : 3.3932745456695557  train.ips : 3.9843298185617937 imgs/s train.total_time : 0.25098323822021484 
TCAPPDLL 2025-06-24 03:03:06.434138 - Epoch: 0 Iteration: 24  rank : 0  train.loss : 3.219046115875244  train.ips : 4.567625137759347 imgs/s train.total_time : 0.2189321517944336 
TCAPPDLL 2025-06-24 03:03:06.647533 - Epoch: 0 Iteration: 25  rank : 0  train.loss : 2.856889009475708  train.ips : 4.688914104291152 imgs/s train.total_time : 0.21326899528503418 
TCAPPDLL 2025-06-24 03:03:06.869287 - Epoch: 0 Iteration: 26  rank : 0  train.loss : 2.7524209022521973  train.ips : 4.512143930616562 imgs/s train.total_time : 0.22162413597106934 
TCAPPDLL 2025-06-24 03:03:07.078198 - Epoch: 0 Iteration: 27  rank : 0  train.loss : 2.5367889404296875  train.ips : 4.789664028393318 imgs/s train.total_time : 0.20878291130065918 
TCAPPDLL 2025-06-24 03:03:07.318895 - Epoch: 0 Iteration: 28  rank : 0  train.loss : 2.552936315536499  train.ips : 4.156813697264373 imgs/s train.total_time : 0.2405688762664795 
TCAPPDLL 2025-06-24 03:03:07.524936 - Epoch: 0 Iteration: 29  rank : 0  train.loss : 2.2460219860076904  train.ips : 4.8563565145604874 imgs/s train.total_time : 0.2059156894683838 
TCAPPDLL 2025-06-24 03:03:07.783981 - Epoch: 0 Iteration: 30  rank : 0  train.loss : 2.2172799110412598  train.ips : 3.862154823061857 imgs/s train.total_time : 0.258922815322876 
TCAPPDLL 2025-06-24 03:03:07.976953 - Epoch: 0 Iteration: 31  rank : 0  train.loss : 2.2103805541992188  train.ips : 5.185053688736367 imgs/s train.total_time : 0.19286203384399414 
TCAPPDLL 2025-06-24 03:03:08.201371 - Epoch: 0 Iteration: 32  rank : 0  train.loss : 2.0113911628723145  train.ips : 4.4581791666976684 imgs/s train.total_time : 0.22430682182312012 
TCAPPDLL 2025-06-24 03:03:08.403217 - Epoch: 0 Iteration: 33  rank : 0  train.loss : 1.935929775238037  train.ips : 4.957360804466738 imgs/s train.total_time : 0.2017202377319336 
TCAPPDLL 2025-06-24 03:03:08.610666 - Epoch: 0 Iteration: 34  rank : 0  train.loss : 1.7943366765975952  train.ips : 4.8232788559285 imgs/s train.total_time : 0.20732784271240234 
TCAPPDLL 2025-06-24 03:03:08.848810 - Epoch: 0 Iteration: 35  rank : 0  train.loss : 2.0636045932769775  train.ips : 4.201387539391414 imgs/s train.total_time : 0.23801660537719727 
TCAPPDLL 2025-06-24 03:03:09.071116 - Epoch: 0 Iteration: 36  rank : 0  train.loss : 1.75778067111969  train.ips : 4.500949165710705 imgs/s train.total_time : 0.22217535972595215 
TCAPPDLL 2025-06-24 03:03:09.307104 - Epoch: 0 Iteration: 37  rank : 0  train.loss : 1.888113260269165  train.ips : 4.239749878952492 imgs/s train.total_time : 0.23586297035217285 
TCAPPDLL 2025-06-24 03:03:09.556446 - Epoch: 0 Iteration: 38  rank : 0  train.loss : 1.860624074935913  train.ips : 4.012443988658062 imgs/s train.total_time : 0.24922466278076172 
TCAPPDLL 2025-06-24 03:03:09.757763 - Epoch: 0 Iteration: 39  rank : 0  train.loss : 1.6835236549377441  train.ips : 4.970343632756859 imgs/s train.total_time : 0.20119333267211914 
TCAPPDLL 2025-06-24 03:03:10.020743 - Epoch: 0 Iteration: 40  rank : 0  train.loss : 1.9259262084960938  train.ips : 3.804329764500575 imgs/s train.total_time : 0.26285839080810547 
TCAPPDLL 2025-06-24 03:03:10.236081 - Epoch: 0 Iteration: 41  rank : 0  train.loss : 1.8368362188339233  train.ips : 4.646815544543157 imgs/s train.total_time : 0.21520113945007324 
TCAPPDLL 2025-06-24 03:03:10.449222 - Epoch: 0 Iteration: 42  rank : 0  train.loss : 1.5669927597045898  train.ips : 4.694508584149739 imgs/s train.total_time : 0.21301484107971191 
TCAPPDLL 2025-06-24 03:03:10.651774 - Epoch: 0 Iteration: 43  rank : 0  train.loss : 1.6618460416793823  train.ips : 4.940182658082632 imgs/s train.total_time : 0.2024216651916504 
TCAPPDLL 2025-06-24 03:03:10.875268 - Epoch: 0 Iteration: 44  rank : 0  train.loss : 1.7625298500061035  train.ips : 4.476841973809064 imgs/s train.total_time : 0.2233717441558838 
TCAPPDLL 2025-06-24 03:03:11.085814 - Epoch: 0 Iteration: 45  rank : 0  train.loss : 1.6068476438522339  train.ips : 4.752122381508627 imgs/s train.total_time : 0.2104322910308838 
TCAPPDLL 2025-06-24 03:03:11.305641 - Epoch: 0 Iteration: 46  rank : 0  train.loss : 1.6946723461151123  train.ips : 4.551901371765932 imgs/s train.total_time : 0.21968841552734375 
TCAPPDLL 2025-06-24 03:03:11.511453 - Epoch: 0 Iteration: 47  rank : 0  train.loss : 1.3739783763885498  train.ips : 4.861653445102303 imgs/s train.total_time : 0.20569133758544922 
TCAPPDLL 2025-06-24 03:03:11.850809 - Epoch: 0 Iteration: 48  rank : 0  train.loss : 2.845156192779541  train.ips : 2.9478788969237875 imgs/s train.total_time : 0.33922696113586426 
TCAPPDLL 2025-06-24 03:03:12.141732 - Epoch: 0 Iteration: 49  rank : 0  train.loss : 1.3587201833724976  train.ips : 3.4388899274228724 imgs/s train.total_time : 0.29079151153564453 
06/24 03:03:12 - mmengine - INFO - Iter(train) [    50/184375]  base_lr: 1.9759e-05 lr: 1.9144e-07  eta: 12:42:51  time: 0.2483  data_time: 0.0202  memory: 10519  loss: 3.5095  loss_rpn_cls: 0.6763  loss_rpn_bbox: 0.0681  loss_cls: 1.9862  acc: 98.6328  loss_bbox: 0.0228  loss_mask: 0.7561
TCAPPDLL 2025-06-24 03:03:12.434770 - Epoch: 0 Iteration: 50  rank : 0  train.loss : 1.7030634880065918  train.ips : 3.4140056879691474 imgs/s train.total_time : 0.2929110527038574 
TCAPPDLL 2025-06-24 03:03:12.754842 - Epoch: 0 Iteration: 51  rank : 0  train.loss : 2.5191097259521484  train.ips : 3.1255246089278903 imgs/s train.total_time : 0.3199462890625 
TCAPPDLL 2025-06-24 03:03:13.024544 - Epoch: 0 Iteration: 52  rank : 0  train.loss : 2.027195692062378  train.ips : 3.7095936547020156 imgs/s train.total_time : 0.26957130432128906 
TCAPPDLL 2025-06-24 03:03:13.248227 - Epoch: 0 Iteration: 53  rank : 0  train.loss : 1.647593379020691  train.ips : 4.473900405864502 imgs/s train.total_time : 0.22351861000061035 
TCAPPDLL 2025-06-24 03:03:13.495844 - Epoch: 0 Iteration: 54  rank : 0  train.loss : 1.6828367710113525  train.ips : 4.04084094267894 imgs/s train.total_time : 0.24747323989868164 
TCAPPDLL 2025-06-24 03:03:13.702448 - Epoch: 0 Iteration: 55  rank : 0  train.loss : 1.8007004261016846  train.ips : 4.843413423620149 imgs/s train.total_time : 0.2064659595489502 
TCAPPDLL 2025-06-24 03:03:13.957495 - Epoch: 0 Iteration: 56  rank : 0  train.loss : 2.3406858444213867  train.ips : 3.922729513079961 imgs/s train.total_time : 0.2549245357513428 
TCAPPDLL 2025-06-24 03:03:14.247686 - Epoch: 0 Iteration: 57  rank : 0  train.loss : 2.20796537399292  train.ips : 3.447477047253479 imgs/s train.total_time : 0.290067195892334 
TCAPPDLL 2025-06-24 03:03:14.450273 - Epoch: 0 Iteration: 58  rank : 0  train.loss : 2.016850233078003  train.ips : 4.93935654058128 imgs/s train.total_time : 0.2024555206298828 
TCAPPDLL 2025-06-24 03:03:14.653812 - Epoch: 0 Iteration: 59  rank : 0  train.loss : 1.6440008878707886  train.ips : 4.9160545485445715 imgs/s train.total_time : 0.2034151554107666 
TCAPPDLL 2025-06-24 03:03:14.861629 - Epoch: 0 Iteration: 60  rank : 0  train.loss : 1.464669942855835  train.ips : 4.8151115121499855 imgs/s train.total_time : 0.20767951011657715 
TCAPPDLL 2025-06-24 03:03:15.087520 - Epoch: 0 Iteration: 61  rank : 0  train.loss : 1.6178922653198242  train.ips : 4.429777692817077 imgs/s train.total_time : 0.22574496269226074 
TCAPPDLL 2025-06-24 03:03:15.290158 - Epoch: 0 Iteration: 62  rank : 0  train.loss : 1.4628715515136719  train.ips : 4.938065558252942 imgs/s train.total_time : 0.20250844955444336 
TCAPPDLL 2025-06-24 03:03:15.494685 - Epoch: 0 Iteration: 63  rank : 0  train.loss : 1.6506966352462769  train.ips : 4.892497664159161 imgs/s train.total_time : 0.20439457893371582 
TCAPPDLL 2025-06-24 03:03:15.698890 - Epoch: 0 Iteration: 64  rank : 0  train.loss : 1.6575977802276611  train.ips : 4.900082479911585 imgs/s train.total_time : 0.20407819747924805 
TCAPPDLL 2025-06-24 03:03:15.904451 - Epoch: 0 Iteration: 65  rank : 0  train.loss : 1.2477061748504639  train.ips : 4.8678544113329 imgs/s train.total_time : 0.2054293155670166 
TCAPPDLL 2025-06-24 03:03:16.152567 - Epoch: 0 Iteration: 66  rank : 0  train.loss : 1.6595535278320312  train.ips : 4.032600742813905 imgs/s train.total_time : 0.24797892570495605 
TCAPPDLL 2025-06-24 03:03:16.355673 - Epoch: 0 Iteration: 67  rank : 0  train.loss : 1.364150047302246  train.ips : 4.926598532463978 imgs/s train.total_time : 0.20297980308532715 
TCAPPDLL 2025-06-24 03:03:16.588430 - Epoch: 0 Iteration: 68  rank : 0  train.loss : 1.4690643548965454  train.ips : 4.298746341103449 imgs/s train.total_time : 0.23262596130371094 
TCAPPDLL 2025-06-24 03:03:16.807674 - Epoch: 0 Iteration: 69  rank : 0  train.loss : 1.535329818725586  train.ips : 4.563977009843287 imgs/s train.total_time : 0.21910715103149414 
TCAPPDLL 2025-06-24 03:03:17.021772 - Epoch: 0 Iteration: 70  rank : 0  train.loss : 1.8268285989761353  train.ips : 4.673741028438221 imgs/s train.total_time : 0.21396136283874512 
TCAPPDLL 2025-06-24 03:03:17.314951 - Epoch: 0 Iteration: 71  rank : 0  train.loss : 2.3290138244628906  train.ips : 3.4124141364915537 imgs/s train.total_time : 0.2930476665496826 
TCAPPDLL 2025-06-24 03:03:17.562975 - Epoch: 0 Iteration: 72  rank : 0  train.loss : 2.009340763092041  train.ips : 4.0339659551794815 imgs/s train.total_time : 0.2478950023651123 
TCAPPDLL 2025-06-24 03:03:17.785247 - Epoch: 0 Iteration: 73  rank : 0  train.loss : 1.375286340713501  train.ips : 4.5016592896608865 imgs/s train.total_time : 0.22214031219482422 
TCAPPDLL 2025-06-24 03:03:18.090003 - Epoch: 0 Iteration: 74  rank : 0  train.loss : 2.1086912155151367  train.ips : 3.282706306737826 imgs/s train.total_time : 0.3046267032623291 
TCAPPDLL 2025-06-24 03:03:18.301748 - Epoch: 0 Iteration: 75  rank : 0  train.loss : 1.3092384338378906  train.ips : 4.725576993493507 imgs/s train.total_time : 0.21161437034606934 
TCAPPDLL 2025-06-24 03:03:18.535597 - Epoch: 0 Iteration: 76  rank : 0  train.loss : 1.2667710781097412  train.ips : 4.278526800059165 imgs/s train.total_time : 0.23372530937194824 
TCAPPDLL 2025-06-24 03:03:18.779417 - Epoch: 0 Iteration: 77  rank : 0  train.loss : 1.74631667137146  train.ips : 4.103582008946217 imgs/s train.total_time : 0.24368953704833984 
TCAPPDLL 2025-06-24 03:03:18.995876 - Epoch: 0 Iteration: 78  rank : 0  train.loss : 1.3908450603485107  train.ips : 4.62254080248281 imgs/s train.total_time : 0.21633124351501465 
TCAPPDLL 2025-06-24 03:03:19.191841 - Epoch: 0 Iteration: 79  rank : 0  train.loss : 1.0644086599349976  train.ips : 5.1058889981788615 imgs/s train.total_time : 0.19585227966308594 
TCAPPDLL 2025-06-24 03:03:19.400816 - Epoch: 0 Iteration: 80  rank : 0  train.loss : 1.1306798458099365  train.ips : 4.78783243572738 imgs/s train.total_time : 0.2088627815246582 
TCAPPDLL 2025-06-24 03:03:19.639787 - Epoch: 0 Iteration: 81  rank : 0  train.loss : 1.1905471086502075  train.ips : 4.186726025893133 imgs/s train.total_time : 0.23885011672973633 
TCAPPDLL 2025-06-24 03:03:19.889181 - Epoch: 0 Iteration: 82  rank : 0  train.loss : 3.0761964321136475  train.ips : 4.011749346009823 imgs/s train.total_time : 0.2492678165435791 
TCAPPDLL 2025-06-24 03:03:20.156382 - Epoch: 0 Iteration: 83  rank : 0  train.loss : 1.9589076042175293  train.ips : 3.744322549025734 imgs/s train.total_time : 0.267071008682251 
TCAPPDLL 2025-06-24 03:03:20.373679 - Epoch: 0 Iteration: 84  rank : 0  train.loss : 1.1423369646072388  train.ips : 4.604738123128843 imgs/s train.total_time : 0.21716761589050293 
TCAPPDLL 2025-06-24 03:03:20.651200 - Epoch: 0 Iteration: 85  rank : 0  train.loss : 2.3759851455688477  train.ips : 3.605609006320104 imgs/s train.total_time : 0.2773456573486328 
TCAPPDLL 2025-06-24 03:03:20.853777 - Epoch: 0 Iteration: 86  rank : 0  train.loss : 0.8374761939048767  train.ips : 4.9400662867857505 imgs/s train.total_time : 0.20242643356323242 
TCAPPDLL 2025-06-24 03:03:21.122166 - Epoch: 0 Iteration: 87  rank : 0  train.loss : 2.0276038646698  train.ips : 3.7277996910612172 imgs/s train.total_time : 0.26825475692749023 
TCAPPDLL 2025-06-24 03:03:21.335709 - Epoch: 0 Iteration: 88  rank : 0  train.loss : 1.5213468074798584  train.ips : 4.685734458543081 imgs/s train.total_time : 0.21341371536254883 
TCAPPDLL 2025-06-24 03:03:21.599824 - Epoch: 0 Iteration: 89  rank : 0  train.loss : 2.112685203552246  train.ips : 3.787907030510581 imgs/s train.total_time : 0.26399803161621094 
TCAPPDLL 2025-06-24 03:03:21.814661 - Epoch: 0 Iteration: 90  rank : 0  train.loss : 1.4527552127838135  train.ips : 4.657191586128482 imgs/s train.total_time : 0.2147216796875 
TCAPPDLL 2025-06-24 03:03:22.023214 - Epoch: 0 Iteration: 91  rank : 0  train.loss : 1.2098469734191895  train.ips : 4.798239171568661 imgs/s train.total_time : 0.20840978622436523 
TCAPPDLL 2025-06-24 03:03:22.334241 - Epoch: 0 Iteration: 92  rank : 0  train.loss : 2.8384904861450195  train.ips : 3.2167226778617475 imgs/s train.total_time : 0.31087541580200195 
TCAPPDLL 2025-06-24 03:03:22.540104 - Epoch: 0 Iteration: 93  rank : 0  train.loss : 1.116392970085144  train.ips : 4.86107872429691 imgs/s train.total_time : 0.20571565628051758 
TCAPPDLL 2025-06-24 03:03:22.800495 - Epoch: 0 Iteration: 94  rank : 0  train.loss : 1.5381697416305542  train.ips : 3.842672561880043 imgs/s train.total_time : 0.2602355480194092 
TCAPPDLL 2025-06-24 03:03:23.013547 - Epoch: 0 Iteration: 95  rank : 0  train.loss : 1.6427137851715088  train.ips : 4.696868980963046 imgs/s train.total_time : 0.2129077911376953 
TCAPPDLL 2025-06-24 03:03:23.258798 - Epoch: 0 Iteration: 96  rank : 0  train.loss : 2.213632106781006  train.ips : 4.0798757255261675 imgs/s train.total_time : 0.24510550498962402 
TCAPPDLL 2025-06-24 03:03:23.456171 - Epoch: 0 Iteration: 97  rank : 0  train.loss : 0.9868298768997192  train.ips : 5.0698216383741 imgs/s train.total_time : 0.19724559783935547 
TCAPPDLL 2025-06-24 03:03:23.673671 - Epoch: 0 Iteration: 98  rank : 0  train.loss : 1.107474446296692  train.ips : 4.600611615428153 imgs/s train.total_time : 0.2173624038696289 
TCAPPDLL 2025-06-24 03:03:23.907168 - Epoch: 0 Iteration: 99  rank : 0  train.loss : 1.5338451862335205  train.ips : 4.285495049150882 imgs/s train.total_time : 0.23334527015686035 
06/24 03:03:23 - mmengine - INFO - Iter(train) [   100/184375]  base_lr: 3.9819e-05 lr: 3.8581e-07  eta: 12:22:26  time: 0.2352  data_time: 0.0221  memory: 10719  loss: 1.6832  loss_rpn_cls: 0.4391  loss_rpn_bbox: 0.0808  loss_cls: 0.3127  acc: 94.1406  loss_bbox: 0.1064  loss_mask: 0.7442
