Extends: {'overlap_mask': True, 'scale': 0.9, 'mixup': 0.15, 'copy_paste': 0.3}
WARNING ⚠️ no model scale passed. Assuming scale='n'.
/root/miniconda3/envs/wyc_yolo/lib/python3.10/site-packages/timm/models/layers/__init__.py:48: FutureWarning: Importing from timm.models.layers is deprecated, please import via timm.layers
  warnings.warn(f"Importing from {__name__} is deprecated, please import via timm.layers", FutureWarning)
Build text model mobileclip:blt
New https://pypi.org/project/ultralytics/8.3.226 available 😃 Update with 'pip install -U ultralytics'
Ultralytics 8.3.39 🚀 Python-3.10.16 torch-2.9.0+cu128 CUDA:0 (NVIDIA GeForce RTX 4090, 24111MiB)
[34m[1mengine/trainer: [0mtask=detect, mode=train, model=yoloe-v8.yaml, data=ultralytics/cfg/datasets/coco.yaml, epochs=51, time=None, patience=100, batch=16, imgsz=640, save=True, save_period=-1, cache=False, device=0, workers=2, project=None, name=train13, exist_ok=False, pretrained=True, optimizer=AdamW, verbose=True, seed=0, deterministic=True, single_cls=False, rect=False, cos_lr=False, close_mosaic=5, resume=False, amp=True, fraction=1.0, profile=False, freeze=['0', '1', '2', '3', '4', '5', '6', '7', '8', '9', '10', '11', '12', '13', '14', '15', '16', '17', '18', '19', '20', '21', '22.cv2', '22.dfl', '22.cv4', '22.reprta', '22.savpe', '22.cv3.0.0', '22.cv3.0.1', '22.cv3.1.0', '22.cv3.1.1', '22.cv3.2.0', '22.cv3.2.1'], multi_scale=False, overlap_mask=True, mask_ratio=4, dropout=0.0, val=True, split=val, save_json=False, save_hybrid=False, conf=None, iou=0.7, max_det=300, half=False, dnn=False, plots=True, source=None, vid_stride=1, stream_buffer=False, visualize=False, augment=False, agnostic_nms=False, classes=None, retina_masks=False, embed=None, show=False, save_frames=False, save_txt=False, save_conf=False, save_crop=False, show_labels=True, show_conf=True, show_boxes=True, line_width=None, format=torchscript, keras=False, optimize=False, int8=False, dynamic=False, simplify=True, opset=None, workspace=None, nms=False, lr0=0.001, lrf=0.01, momentum=0.9, weight_decay=0.025, warmup_epochs=3.0, warmup_momentum=0.8, warmup_bias_lr=0.0, box=7.5, cls=0.5, dfl=1.5, pose=12.0, kobj=1.0, nbs=64, hsv_h=0.015, hsv_s=0.7, hsv_v=0.4, degrees=0.0, translate=0.1, scale=0.9, shear=0.0, perspective=0.0, flipud=0.0, fliplr=0.5, bgr=0.0, mosaic=1.0, mixup=0.15, copy_paste=0.3, copy_paste_mode=flip, auto_augment=randaugment, erasing=0.4, crop_fraction=1.0, cfg=None, tracker=botsort.yaml, val_interval=20, text_model=mobileclip:blt, load_vp=False, train_pe_path=coco-pe.pt, save_dir=/home/01/lsq/yoloe/runs/detect/train13
WARNING ⚠️ no model scale passed. Assuming scale='n'.

                   from  n    params  module                                       arguments                     
  0                  -1  1       464  ultralytics.nn.modules.conv.Conv             [3, 16, 3, 2]                 
  1                  -1  1      4672  ultralytics.nn.modules.conv.Conv             [16, 32, 3, 2]                
  2                  -1  1      7360  ultralytics.nn.modules.block.C2f             [32, 32, 1, True]             
  3                  -1  1     18560  ultralytics.nn.modules.conv.Conv             [32, 64, 3, 2]                
  4                  -1  2     49664  ultralytics.nn.modules.block.C2f             [64, 64, 2, True]             
  5                  -1  1     73984  ultralytics.nn.modules.conv.Conv             [64, 128, 3, 2]               
  6                  -1  2    197632  ultralytics.nn.modules.block.C2f             [128, 128, 2, True]           
  7                  -1  1    295424  ultralytics.nn.modules.conv.Conv             [128, 256, 3, 2]              
  8                  -1  1    460288  ultralytics.nn.modules.block.C2f             [256, 256, 1, True]           
  9                  -1  1    164608  ultralytics.nn.modules.block.SPPF            [256, 256, 5]                 
 10                  -1  1         0  torch.nn.modules.upsampling.Upsample         [None, 2, 'nearest']          
 11             [-1, 6]  1         0  ultralytics.nn.modules.conv.Concat           [1]                           
 12                  -1  1    148224  ultralytics.nn.modules.block.C2f             [384, 128, 1]                 
 13                  -1  1         0  torch.nn.modules.upsampling.Upsample         [None, 2, 'nearest']          
 14             [-1, 4]  1         0  ultralytics.nn.modules.conv.Concat           [1]                           
 15                  -1  1     37248  ultralytics.nn.modules.block.C2f             [192, 64, 1]                  
 16                  15  1     36992  ultralytics.nn.modules.conv.Conv             [64, 64, 3, 2]                
 17            [-1, 12]  1         0  ultralytics.nn.modules.conv.Concat           [1]                           
 18                  -1  1    123648  ultralytics.nn.modules.block.C2f             [192, 128, 1]                 
 19                  -1  1    147712  ultralytics.nn.modules.conv.Conv             [128, 128, 3, 2]              
 20             [-1, 9]  1         0  ultralytics.nn.modules.conv.Concat           [1]                           
 21                  -1  1    493056  ultralytics.nn.modules.block.C2f             [384, 256, 1]                 
 22        [15, 18, 21]  1   3278870  ultralytics.nn.modules.head.YOLOEDetect      [80, 512, True, [64, 128, 256]]
YOLOe-v8 summary: 284 layers, 5,538,406 parameters, 5,538,390 gradients, 9.5 GFLOPs

[34m[1mAMP: [0mrunning Automatic Mixed Precision (AMP) checks...
[34m[1mAMP: [0mchecks failed ❌. Anomalies were detected with AMP on your system that may lead to NaN losses or zero-mAP results, so AMP will be disabled during training.

[34m[1mtrain: [0mScanning /home/01/wyc/datasets/coco/labels/train2017.cache... 117266 images, 1021 backgrounds, 0 corrupt: 100%|██████████| 118287/118287 [00:00<?, ?it/s]
[34m[1mtrain: [0mScanning /home/01/wyc/datasets/coco/labels/train2017.cache... 117266 images, 1021 backgrounds, 0 corrupt: 100%|██████████| 118287/118287 [00:00<?, ?it/s]
#WARNING Messages: 4

[34m[1mval: [0mScanning /home/01/wyc/datasets/coco/labels/val2017.cache... 4952 images, 48 backgrounds, 0 corrupt: 100%|██████████| 5000/5000 [00:00<?, ?it/s]
[34m[1mval: [0mScanning /home/01/wyc/datasets/coco/labels/val2017.cache... 4952 images, 48 backgrounds, 0 corrupt: 100%|██████████| 5000/5000 [00:00<?, ?it/s]
Plotting labels to /home/01/lsq/yoloe/runs/detect/train13/labels.jpg... 
[34m[1moptimizer:[0m AdamW(lr=0.001, momentum=0.9) with parameter groups 57 weight(decay=0.0), 64 weight(decay=0.025), 63 bias(decay=0.0)
Image sizes 640 train, 640 val
Using 2 dataloader workers
Logging results to [1m/home/01/lsq/yoloe/runs/detect/train13[0m
Starting training for 51 epochs...

      Epoch    GPU_mem   box_loss   cls_loss   dfl_loss  Instances       Size

  0%|          | 0/7393 [00:00<?, ?it/s]
       1/51     0.906G      3.701      5.785      4.159        236        640:   0%|          | 0/7393 [00:00<?, ?it/s]/n
TCAPPDLL 2025-11-09 13:15:54.610792 - Epoch:0 Iteration:0 rank:0 train.loss_avg:13.6452 train.ips:37.56 imgs/s train.time:0.4260 box=3.7009 cls=5.7854 dfl=4.1589 total=13.6452 per_target=0.057819 targets=236

       1/51     0.906G      3.701      5.785      4.159        236        640:   0%|          | 1/7393 [00:00<52:32,  2.34it/s]
       1/51      1.16G      3.738      5.895      4.159        289        640:   0%|          | 1/7393 [00:00<52:32,  2.34it/s]/n
TCAPPDLL 2025-11-09 13:15:54.669943 - Epoch:0 Iteration:1 rank:0 train.loss_avg:13.9401 train.ips:273.23 imgs/s train.time:0.0586 box=3.7760 cls=6.0052 dfl=4.1589 total=13.9401 per_target=0.048236 targets=289

       1/51      1.16G      3.525      5.813      4.159        123        640:   0%|          | 1/7393 [00:00<52:32,  2.34it/s]/n
TCAPPDLL 2025-11-09 13:15:54.726357 - Epoch:0 Iteration:2 rank:0 train.loss_avg:12.9054 train.ips:286.02 imgs/s train.time:0.0559 box=3.0969 cls=5.6496 dfl=4.1589 total=12.9054 per_target=0.104922 targets=123

       1/51      1.16G      3.525      5.813      4.159        123        640:   0%|          | 3/7393 [00:00<18:53,  6.52it/s]
       1/51      1.25G      3.627      5.802      4.159        220        640:   0%|          | 3/7393 [00:00<18:53,  6.52it/s]/n
TCAPPDLL 2025-11-09 13:15:54.814186 - Epoch:0 Iteration:3 rank:0 train.loss_avg:13.8608 train.ips:183.19 imgs/s train.time:0.0873 box=3.9323 cls=5.7696 dfl=4.1589 total=13.8608 per_target=0.063003 targets=220

       1/51      1.25G      3.657      5.798      4.159        243        640:   0%|          | 3/7393 [00:00<18:53,  6.52it/s]/n
TCAPPDLL 2025-11-09 13:15:54.925968 - Epoch:0 Iteration:4 rank:0 train.loss_avg:13.7211 train.ips:143.91 imgs/s train.time:0.1112 box=3.7801 cls=5.7821 dfl=4.1589 total=13.7211 per_target=0.056465 targets=243

       1/51      1.25G      3.657      5.798      4.159        243        640:   0%|          | 5/7393 [00:00<15:29,  7.95it/s]
       1/51      1.25G      3.663      5.786      4.159        222        640:   0%|          | 5/7393 [00:01<15:29,  7.95it/s]/n
TCAPPDLL 2025-11-09 13:15:55.197359 - Epoch:0 Iteration:5 rank:0 train.loss_avg:13.5735 train.ips:325.70 imgs/s train.time:0.0491 box=3.6898 cls=5.7248 dfl=4.1589 total=13.5735 per_target=0.061142 targets=222

       1/51      1.25G       3.64      5.758      4.159        295        640:   0%|          | 5/7393 [00:01<15:29,  7.95it/s]/n
TCAPPDLL 2025-11-09 13:15:55.243040 - Epoch:0 Iteration:6 rank:0 train.loss_avg:13.2569 train.ips:354.13 imgs/s train.time:0.0452 box=3.5057 cls=5.5923 dfl=4.1589 total=13.2569 per_target=0.044939 targets=295

       1/51      1.25G       3.64      5.758      4.159        295        640:   0%|          | 7/7393 [00:01<17:11,  7.16it/s]
       1/51      1.25G      3.657      5.768      4.159        239        640:   0%|          | 7/7393 [00:01<17:11,  7.16it/s]/n
TCAPPDLL 2025-11-09 13:15:55.681003 - Epoch:0 Iteration:7 rank:0 train.loss_avg:13.7641 train.ips:295.67 imgs/s train.time:0.0541 box=3.7741 cls=5.8311 dfl=4.1589 total=13.7641 per_target=0.057590 targets=239

       1/51      1.25G      3.657      5.768      4.159        239        640:   0%|          | 8/7393 [00:01<25:43,  4.79it/s]
       1/51      1.25G      3.655      5.761      4.159        244        640:   0%|          | 8/7393 [00:01<25:43,  4.79it/s]/n
TCAPPDLL 2025-11-09 13:15:55.743729 - Epoch:0 Iteration:8 rank:0 train.loss_avg:13.5136 train.ips:257.92 imgs/s train.time:0.0620 box=3.6418 cls=5.7130 dfl=4.1589 total=13.5136 per_target=0.055384 targets=244

       1/51      1.25G      3.651      5.763      4.159        324        640:   0%|          | 8/7393 [00:01<25:43,  4.79it/s]/n
TCAPPDLL 2025-11-09 13:15:56.108508 - Epoch:0 Iteration:9 rank:0 train.loss_avg:13.5512 train.ips:329.99 imgs/s train.time:0.0485 box=3.6159 cls=5.7764 dfl=4.1589 total=13.5512 per_target=0.041825 targets=324

       1/51      1.25G      3.651      5.763      4.159        324        640:   0%|          | 10/7393 [00:01<25:56,  4.74it/s]
       1/51      1.25G      3.656      5.751      4.159        182        640:   0%|          | 10/7393 [00:01<25:56,  4.74it/s]/n
TCAPPDLL 2025-11-09 13:15:56.160086 - Epoch:0 Iteration:10 rank:0 train.loss_avg:13.4857 train.ips:313.92 imgs/s train.time:0.0510 box=3.6998 cls=5.6270 dfl=4.1589 total=13.4857 per_target=0.074097 targets=182

       1/51      1.25G       3.65      5.748      4.159        251        640:   0%|          | 10/7393 [00:02<25:56,  4.74it/s]/n
TCAPPDLL 2025-11-09 13:15:56.586654 - Epoch:0 Iteration:11 rank:0 train.loss_avg:13.4653 train.ips:219.12 imgs/s train.time:0.0730 box=3.5873 cls=5.7191 dfl=4.1589 total=13.4653 per_target=0.053646 targets=251

       1/51      1.25G       3.65      5.748      4.159        251        640:   0%|          | 12/7393 [00:02<27:11,  4.52it/s]
       1/51      1.25G      3.665      5.748      4.159        236        640:   0%|          | 12/7393 [00:02<27:11,  4.52it/s]/n
TCAPPDLL 2025-11-09 13:15:56.645701 - Epoch:0 Iteration:12 rank:0 train.loss_avg:13.7638 train.ips:274.51 imgs/s train.time:0.0583 box=3.8501 cls=5.7548 dfl=4.1589 total=13.7638 per_target=0.058321 targets=236

       1/51      1.25G      3.661      5.751      4.159        310        640:   0%|          | 12/7393 [00:02<27:11,  4.52it/s]/n
TCAPPDLL 2025-11-09 13:15:56.979589 - Epoch:0 Iteration:13 rank:0 train.loss_avg:13.5544 train.ips:308.65 imgs/s train.time:0.0518 box=3.6094 cls=5.7861 dfl=4.1589 total=13.5544 per_target=0.043724 targets=310

       1/51      1.25G      3.661      5.751      4.159        310        640:   0%|          | 14/7393 [00:02<26:09,  4.70it/s]
       1/51      1.25G      3.674      5.749      4.159        252        640:   0%|          | 14/7393 [00:02<26:09,  4.70it/s]/n
TCAPPDLL 2025-11-09 13:15:57.034218 - Epoch:0 Iteration:14 rank:0 train.loss_avg:13.7393 train.ips:296.67 imgs/s train.time:0.0539 box=3.8570 cls=5.7234 dfl=4.1589 total=13.7393 per_target=0.054521 targets=252

       1/51      1.25G      3.686      5.752      4.159        246        640:   0%|          | 14/7393 [00:03<26:09,  4.70it/s]/n
TCAPPDLL 2025-11-09 13:15:57.466060 - Epoch:0 Iteration:15 rank:0 train.loss_avg:13.8101 train.ips:321.69 imgs/s train.time:0.0497 box=3.8631 cls=5.7881 dfl=4.1589 total=13.8101 per_target=0.056139 targets=246

       1/51      1.25G      3.686      5.752      4.159        246        640:   0%|          | 16/7393 [00:03<27:22,  4.49it/s]
       1/51      1.25G      3.695      5.754      4.159        261        640:   0%|          | 16/7393 [00:03<27:22,  4.49it/s]/n
TCAPPDLL 2025-11-09 13:15:57.517619 - Epoch:0 Iteration:16 rank:0 train.loss_avg:13.7741 train.ips:313.89 imgs/s train.time:0.0510 box=3.8311 cls=5.7841 dfl=4.1589 total=13.7741 per_target=0.052774 targets=261

       1/51      1.25G      3.707      5.753      4.159        225        640:   0%|          | 16/7393 [00:03<27:22,  4.49it/s]/n
TCAPPDLL 2025-11-09 13:15:57.879623 - Epoch:0 Iteration:17 rank:0 train.loss_avg:13.8119 train.ips:336.12 imgs/s train.time:0.0476 box=3.9127 cls=5.7403 dfl=4.1589 total=13.8119 per_target=0.061386 targets=225

       1/51      1.25G      3.707      5.753      4.159        225        640:   0%|          | 18/7393 [00:03<26:44,  4.60it/s]
       1/51      1.25G      3.707      5.755      4.159        269        640:   0%|          | 18/7393 [00:03<26:44,  4.60it/s]/n
TCAPPDLL 2025-11-09 13:15:57.924583 - Epoch:0 Iteration:18 rank:0 train.loss_avg:13.6623 train.ips:360.66 imgs/s train.time:0.0444 box=3.7138 cls=5.7896 dfl=4.1589 total=13.6623 per_target=0.050789 targets=269

       1/51      1.25G      3.698      5.757      4.159        250        640:   0%|          | 18/7393 [00:04<26:44,  4.60it/s]/n
TCAPPDLL 2025-11-09 13:15:58.381070 - Epoch:0 Iteration:19 rank:0 train.loss_avg:13.4864 train.ips:220.77 imgs/s train.time:0.0725 box=3.5237 cls=5.8038 dfl=4.1589 total=13.4864 per_target=0.053946 targets=250

       1/51      1.25G      3.698      5.757      4.159        250        640:   0%|          | 20/7393 [00:04<28:00,  4.39it/s]
       1/51      1.41G      3.705      5.757      4.159        237        640:   0%|          | 20/7393 [00:04<28:00,  4.39it/s]/n
TCAPPDLL 2025-11-09 13:15:58.438698 - Epoch:0 Iteration:20 rank:0 train.loss_avg:13.7459 train.ips:281.68 imgs/s train.time:0.0568 box=3.8353 cls=5.7518 dfl=4.1589 total=13.7459 per_target=0.058000 targets=237

       1/51      1.41G      3.708      5.753      4.159        222        640:   0%|          | 20/7393 [00:04<28:00,  4.39it/s]/n
TCAPPDLL 2025-11-09 13:15:58.829379 - Epoch:0 Iteration:21 rank:0 train.loss_avg:13.6018 train.ips:205.15 imgs/s train.time:0.0780 box=3.7739 cls=5.6691 dfl=4.1589 total=13.6018 per_target=0.061270 targets=222

       1/51      1.41G      3.708      5.753      4.159        222        640:   0%|          | 22/7393 [00:04<27:51,  4.41it/s]
       1/51      1.41G      3.704      5.757      4.159        205        640:   0%|          | 22/7393 [00:04<27:51,  4.41it/s]/n
TCAPPDLL 2025-11-09 13:15:58.881574 - Epoch:0 Iteration:22 rank:0 train.loss_avg:13.6221 train.ips:311.87 imgs/s train.time:0.0513 box=3.6110 cls=5.8523 dfl=4.1589 total=13.6221 per_target=0.066449 targets=205

       1/51      1.41G      3.711      5.759      4.159        369        640:   0%|          | 22/7393 [00:05<27:51,  4.41it/s]/n
TCAPPDLL 2025-11-09 13:15:59.236900 - Epoch:0 Iteration:23 rank:0 train.loss_avg:13.8364 train.ips:343.65 imgs/s train.time:0.0466 box=3.8736 cls=5.8038 dfl=4.1589 total=13.8364 per_target=0.037497 targets=369

       1/51      1.41G      3.711      5.759      4.159        369        640:   0%|          | 24/7393 [00:05<26:59,  4.55it/s]
       1/51      1.41G      3.698      5.757      4.159        226        640:   0%|          | 24/7393 [00:05<26:59,  4.55it/s]/n
TCAPPDLL 2025-11-09 13:15:59.288076 - Epoch:0 Iteration:24 rank:0 train.loss_avg:13.2650 train.ips:316.36 imgs/s train.time:0.0506 box=3.3971 cls=5.7090 dfl=4.1589 total=13.2650 per_target=0.058695 targets=226

       1/51      1.41G      3.708      5.756      4.159        241        640:   0%|          | 24/7393 [00:05<26:59,  4.55it/s]/n
TCAPPDLL 2025-11-09 13:15:59.773044 - Epoch:0 Iteration:25 rank:0 train.loss_avg:13.8519 train.ips:273.47 imgs/s train.time:0.0585 box=3.9653 cls=5.7277 dfl=4.1589 total=13.8519 per_target=0.057477 targets=241

       1/51      1.41G      3.708      5.756      4.159        241        640:   0%|          | 26/7393 [00:05<28:47,  4.27it/s]
       1/51      1.41G      3.706      5.756      4.159        291        640:   0%|          | 26/7393 [00:05<28:47,  4.27it/s]/n
TCAPPDLL 2025-11-09 13:15:59.828694 - Epoch:0 Iteration:26 rank:0 train.loss_avg:13.5787 train.ips:291.14 imgs/s train.time:0.0550 box=3.6554 cls=5.7644 dfl=4.1589 total=13.5787 per_target=0.046662 targets=291

       1/51      1.41G      3.712      5.757      4.159        394        640:   0%|          | 26/7393 [00:05<28:47,  4.27it/s]/n
TCAPPDLL 2025-11-09 13:16:00.156076 - Epoch:0 Iteration:27 rank:0 train.loss_avg:13.8042 train.ips:288.60 imgs/s train.time:0.0554 box=3.8647 cls=5.7806 dfl=4.1589 total=13.8042 per_target=0.035036 targets=394

       1/51      1.41G      3.712      5.757      4.159        394        640:   0%|          | 28/7393 [00:05<27:10,  4.52it/s]
       1/51      1.41G      3.708      5.754      4.159        228        640:   0%|          | 28/7393 [00:06<27:10,  4.52it/s]/n
TCAPPDLL 2025-11-09 13:16:00.206128 - Epoch:0 Iteration:28 rank:0 train.loss_avg:13.3973 train.ips:323.61 imgs/s train.time:0.0494 box=3.5862 cls=5.6522 dfl=4.1589 total=13.3973 per_target=0.058760 targets=228

       1/51      1.41G      3.709      5.752      4.159        252        640:   0%|          | 28/7393 [00:06<27:10,  4.52it/s]/n
TCAPPDLL 2025-11-09 13:16:00.623303 - Epoch:0 Iteration:29 rank:0 train.loss_avg:13.5974 train.ips:234.18 imgs/s train.time:0.0683 box=3.7439 cls=5.6946 dfl=4.1589 total=13.5974 per_target=0.053958 targets=252

       1/51      1.41G      3.709      5.752      4.159        252        640:   0%|          | 30/7393 [00:06<27:37,  4.44it/s]
       1/51      1.41G      3.713      5.751      4.159        274        640:   0%|          | 30/7393 [00:06<27:37,  4.44it/s]/n
TCAPPDLL 2025-11-09 13:16:00.683085 - Epoch:0 Iteration:30 rank:0 train.loss_avg:13.7270 train.ips:271.89 imgs/s train.time:0.0588 box=3.8479 cls=5.7203 dfl=4.1589 total=13.7270 per_target=0.050099 targets=274

       1/51      1.41G      3.716       5.75      4.159        320        640:   0%|          | 30/7393 [00:06<27:37,  4.44it/s]/n
TCAPPDLL 2025-11-09 13:16:01.040996 - Epoch:0 Iteration:31 rank:0 train.loss_avg:13.6640 train.ips:290.69 imgs/s train.time:0.0550 box=3.7827 cls=5.7224 dfl=4.1589 total=13.6640 per_target=0.042700 targets=320

       1/51      1.41G      3.716       5.75      4.159        320        640:   0%|          | 32/7393 [00:06<27:00,  4.54it/s]
       1/51      1.41G      3.712      5.746      4.159        254        640:   0%|          | 32/7393 [00:06<27:00,  4.54it/s]/n
TCAPPDLL 2025-11-09 13:16:01.093608 - Epoch:0 Iteration:32 rank:0 train.loss_avg:13.3969 train.ips:307.34 imgs/s train.time:0.0521 box=3.6088 cls=5.6293 dfl=4.1589 total=13.3969 per_target=0.052744 targets=254

       1/51      1.41G      3.711      5.745      4.159        260        640:   0%|          | 32/7393 [00:07<27:00,  4.54it/s]/n
TCAPPDLL 2025-11-09 13:16:01.520341 - Epoch:0 Iteration:33 rank:0 train.loss_avg:13.5427 train.ips:316.37 imgs/s train.time:0.0506 box=3.6808 cls=5.7031 dfl=4.1589 total=13.5427 per_target=0.052087 targets=260

       1/51      1.41G      3.711      5.745      4.159        260        640:   0%|          | 34/7393 [00:07<27:43,  4.42it/s]
       1/51      1.41G      3.712      5.748      4.159        201        640:   0%|          | 34/7393 [00:07<27:43,  4.42it/s]/n
TCAPPDLL 2025-11-09 13:16:01.572450 - Epoch:0 Iteration:34 rank:0 train.loss_avg:13.7716 train.ips:310.96 imgs/s train.time:0.0515 box=3.7470 cls=5.8658 dfl=4.1589 total=13.7716 per_target=0.068516 targets=201

       1/51      1.41G      3.717      5.747      4.159        217        640:   0%|          | 34/7393 [00:07<27:43,  4.42it/s]/n
TCAPPDLL 2025-11-09 13:16:01.962331 - Epoch:0 Iteration:35 rank:0 train.loss_avg:13.7506 train.ips:336.19 imgs/s train.time:0.0476 box=3.8864 cls=5.7053 dfl=4.1589 total=13.7506 per_target=0.063367 targets=217

       1/51      1.41G      3.717      5.747      4.159        217        640:   0%|          | 36/7393 [00:07<27:31,  4.45it/s]
       1/51      1.41G      3.719      5.747      4.159        261        640:   0%|          | 36/7393 [00:07<27:31,  4.45it/s]/n
TCAPPDLL 2025-11-09 13:16:02.008382 - Epoch:0 Iteration:36 rank:0 train.loss_avg:13.6808 train.ips:351.72 imgs/s train.time:0.0455 box=3.7868 cls=5.7351 dfl=4.1589 total=13.6808 per_target=0.052417 targets=261

       1/51      1.41G       3.72      5.747      4.159        329        640:   0%|          | 36/7393 [00:08<27:31,  4.45it/s]/n
TCAPPDLL 2025-11-09 13:16:02.459493 - Epoch:0 Iteration:37 rank:0 train.loss_avg:13.6438 train.ips:264.07 imgs/s train.time:0.0606 box=3.7395 cls=5.7454 dfl=4.1589 total=13.6438 per_target=0.041470 targets=329

       1/51      1.41G       3.72      5.747      4.159        329        640:   1%|          | 38/7393 [00:08<28:24,  4.31it/s]
       1/51      1.41G      3.717      5.747      4.159        255        640:   1%|          | 38/7393 [00:08<28:24,  4.31it/s]/n
TCAPPDLL 2025-11-09 13:16:02.506578 - Epoch:0 Iteration:38 rank:0 train.loss_avg:13.5011 train.ips:344.56 imgs/s train.time:0.0464 box=3.5979 cls=5.7443 dfl=4.1589 total=13.5011 per_target=0.052946 targets=255

       1/51      1.41G      3.717      5.744      4.159        293        640:   1%|          | 38/7393 [00:08<28:24,  4.31it/s]/n
TCAPPDLL 2025-11-09 13:16:02.880325 - Epoch:0 Iteration:39 rank:0 train.loss_avg:13.5523 train.ips:235.14 imgs/s train.time:0.0680 box=3.7362 cls=5.6572 dfl=4.1589 total=13.5523 per_target=0.046253 targets=293

       1/51      1.41G      3.717      5.744      4.159        293        640:   1%|          | 40/7393 [00:08<27:37,  4.44it/s]
       1/51      1.41G      3.717      5.745      4.159        325        640:   1%|          | 40/7393 [00:08<27:37,  4.44it/s]/n
TCAPPDLL 2025-11-09 13:16:02.940772 - Epoch:0 Iteration:40 rank:0 train.loss_avg:13.6366 train.ips:267.82 imgs/s train.time:0.0597 box=3.7172 cls=5.7605 dfl=4.1589 total=13.6366 per_target=0.041959 targets=325

       1/51      1.41G      3.722      5.746      4.159        263        640:   1%|          | 40/7393 [00:09<27:37,  4.44it/s]/n
TCAPPDLL 2025-11-09 13:16:03.255034 - Epoch:0 Iteration:41 rank:0 train.loss_avg:13.8707 train.ips:223.76 imgs/s train.time:0.0715 box=3.9068 cls=5.8051 dfl=4.1589 total=13.8707 per_target=0.052740 targets=263

       1/51      1.41G      3.722      5.746      4.159        263        640:   1%|          | 42/7393 [00:09<26:12,  4.67it/s]
       1/51      1.41G      3.725      5.746      4.159        250        640:   1%|          | 42/7393 [00:09<26:12,  4.67it/s]/n
TCAPPDLL 2025-11-09 13:16:03.314520 - Epoch:0 Iteration:42 rank:0 train.loss_avg:13.7389 train.ips:272.58 imgs/s train.time:0.0587 box=3.8596 cls=5.7205 dfl=4.1589 total=13.7389 per_target=0.054956 targets=250

       1/51      1.41G      3.726      5.745      4.159        262        640:   1%|          | 42/7393 [00:09<26:12,  4.67it/s]/n
TCAPPDLL 2025-11-09 13:16:03.677668 - Epoch:0 Iteration:43 rank:0 train.loss_avg:13.6773 train.ips:188.07 imgs/s train.time:0.0851 box=3.7858 cls=5.7327 dfl=4.1589 total=13.6773 per_target=0.052204 targets=262

       1/51      1.41G      3.726      5.745      4.159        262        640:   1%|          | 44/7393 [00:09<26:06,  4.69it/s]
       1/51      1.41G      3.732      5.748      4.159        249        640:   1%|          | 44/7393 [00:09<26:06,  4.69it/s]/n
TCAPPDLL 2025-11-09 13:16:03.741674 - Epoch:0 Iteration:44 rank:0 train.loss_avg:13.9858 train.ips:253.16 imgs/s train.time:0.0632 box=3.9665 cls=5.8604 dfl=4.1589 total=13.9858 per_target=0.056168 targets=249

       1/51      1.41G      3.732      5.748      4.159        278        640:   1%|          | 44/7393 [00:09<26:06,  4.69it/s]/n
TCAPPDLL 2025-11-09 13:16:04.161742 - Epoch:0 Iteration:45 rank:0 train.loss_avg:13.6697 train.ips:196.90 imgs/s train.time:0.0813 box=3.7496 cls=5.7612 dfl=4.1589 total=13.6697 per_target=0.049171 targets=278

       1/51      1.41G      3.732      5.748      4.159        278        640:   1%|          | 46/7393 [00:09<27:09,  4.51it/s]
       1/51      1.41G      3.731      5.747      4.159        246        640:   1%|          | 46/7393 [00:10<27:09,  4.51it/s]/n
TCAPPDLL 2025-11-09 13:16:04.223631 - Epoch:0 Iteration:46 rank:0 train.loss_avg:13.5313 train.ips:262.09 imgs/s train.time:0.0610 box=3.6681 cls=5.7043 dfl=4.1589 total=13.5313 per_target=0.055005 targets=246

       1/51      1.41G      3.728      5.749      4.159        324        640:   1%|          | 46/7393 [00:10<27:09,  4.51it/s]/n
TCAPPDLL 2025-11-09 13:16:04.572288 - Epoch:0 Iteration:47 rank:0 train.loss_avg:13.5949 train.ips:182.12 imgs/s train.time:0.0879 box=3.6118 cls=5.8242 dfl=4.1589 total=13.5949 per_target=0.041959 targets=324

       1/51      1.41G      3.728      5.749      4.159        324        640:   1%|          | 48/7393 [00:10<26:32,  4.61it/s]
       1/51      1.41G       3.72      5.748      4.159        212        640:   1%|          | 48/7393 [00:10<26:32,  4.61it/s]/n
TCAPPDLL 2025-11-09 13:16:04.634167 - Epoch:0 Iteration:48 rank:0 train.loss_avg:13.1557 train.ips:261.84 imgs/s train.time:0.0611 box=3.3154 cls=5.6814 dfl=4.1589 total=13.1557 per_target=0.062055 targets=212

       1/51      1.41G      3.718      5.747      4.159        224        640:   1%|          | 48/7393 [00:10<26:32,  4.61it/s]/n
TCAPPDLL 2025-11-09 13:16:04.937806 - Epoch:0 Iteration:49 rank:0 train.loss_avg:13.4789 train.ips:338.23 imgs/s train.time:0.0473 box=3.6164 cls=5.7036 dfl=4.1589 total=13.4789 per_target=0.060174 targets=224

       1/51      1.41G      3.718      5.747      4.159        224        640:   1%|          | 50/7393 [00:10<25:17,  4.84it/s]
       1/51      1.41G      3.717      5.745      4.159        233        640:   1%|          | 50/7393 [00:10<25:17,  4.84it/s]/n
TCAPPDLL 2025-11-09 13:16:04.985055 - Epoch:0 Iteration:50 rank:0 train.loss_avg:13.5258 train.ips:343.29 imgs/s train.time:0.0466 box=3.6812 cls=5.6858 dfl=4.1589 total=13.5258 per_target=0.058051 targets=233

       1/51      1.41G      3.715      5.745      4.159        229        640:   1%|          | 50/7393 [00:11<25:17,  4.84it/s]/n
TCAPPDLL 2025-11-09 13:16:05.319043 - Epoch:0 Iteration:51 rank:0 train.loss_avg:13.4641 train.ips:258.16 imgs/s train.time:0.0620 box=3.6022 cls=5.7030 dfl=4.1589 total=13.4641 per_target=0.058795 targets=229

       1/51      1.41G      3.715      5.745      4.159        229        640:   1%|          | 52/7393 [00:11<24:41,  4.95it/s]
       1/51      1.41G      3.709      5.743      4.159        112        640:   1%|          | 52/7393 [00:11<24:41,  4.95it/s]/n
TCAPPDLL 2025-11-09 13:16:05.375042 - Epoch:0 Iteration:52 rank:0 train.loss_avg:13.2078 train.ips:289.72 imgs/s train.time:0.0552 box=3.3969 cls=5.6521 dfl=4.1589 total=13.2078 per_target=0.117927 targets=112

       1/51      1.41G       3.71      5.743      4.159        393        640:   1%|          | 52/7393 [00:11<24:41,  4.95it/s]/n
TCAPPDLL 2025-11-09 13:16:05.775150 - Epoch:0 Iteration:53 rank:0 train.loss_avg:13.6842 train.ips:235.48 imgs/s train.time:0.0679 box=3.7636 cls=5.7617 dfl=4.1589 total=13.6842 per_target=0.034820 targets=393

       1/51      1.41G       3.71      5.743      4.159        393        640:   1%|          | 54/7393 [00:11<25:38,  4.77it/s]
       1/51      1.41G      3.709      5.744      4.159        222        640:   1%|          | 54/7393 [00:11<25:38,  4.77it/s]/n
TCAPPDLL 2025-11-09 13:16:05.828585 - Epoch:0 Iteration:54 rank:0 train.loss_avg:13.5709 train.ips:304.82 imgs/s train.time:0.0525 box=3.6534 cls=5.7587 dfl=4.1589 total=13.5709 per_target=0.061130 targets=222

       1/51      1.41G      3.713      5.745      4.159        377        640:   1%|          | 54/7393 [00:12<25:38,  4.77it/s]/n
TCAPPDLL 2025-11-09 13:16:06.250633 - Epoch:0 Iteration:55 rank:0 train.loss_avg:13.9630 train.ips:343.42 imgs/s train.time:0.0466 box=3.9630 cls=5.8411 dfl=4.1589 total=13.9630 per_target=0.037037 targets=377

       1/51      1.41G      3.713      5.745      4.159        377        640:   1%|          | 56/7393 [00:12<26:40,  4.58it/s]
       1/51      1.41G      3.711      5.746      4.159        166        640:   1%|          | 56/7393 [00:12<26:40,  4.58it/s]/n
TCAPPDLL 2025-11-09 13:16:06.295235 - Epoch:0 Iteration:56 rank:0 train.loss_avg:13.5052 train.ips:363.37 imgs/s train.time:0.0440 box=3.5820 cls=5.7643 dfl=4.1589 total=13.5052 per_target=0.081356 targets=166

       1/51      1.41G       3.71      5.746      4.159        188        640:   1%|          | 56/7393 [00:12<26:40,  4.58it/s]/n
TCAPPDLL 2025-11-09 13:16:06.685698 - Epoch:0 Iteration:57 rank:0 train.loss_avg:13.5932 train.ips:213.34 imgs/s train.time:0.0750 box=3.6786 cls=5.7557 dfl=4.1589 total=13.5932 per_target=0.072304 targets=188

       1/51      1.41G       3.71      5.746      4.159        188        640:   1%|          | 58/7393 [00:12<26:38,  4.59it/s]
       1/51      1.41G      3.711      5.746      4.159        223        640:   1%|          | 58/7393 [00:12<26:38,  4.59it/s]/n
TCAPPDLL 2025-11-09 13:16:06.739312 - Epoch:0 Iteration:58 rank:0 train.loss_avg:13.6300 train.ips:303.90 imgs/s train.time:0.0526 box=3.7282 cls=5.7429 dfl=4.1589 total=13.6300 per_target=0.061121 targets=223

       1/51      1.41G      3.711      5.747      4.159        290        640:   1%|          | 58/7393 [00:12<26:38,  4.59it/s]/n
TCAPPDLL 2025-11-09 13:16:07.037922 - Epoch:0 Iteration:59 rank:0 train.loss_avg:13.7221 train.ips:297.01 imgs/s train.time:0.0539 box=3.7409 cls=5.8223 dfl=4.1589 total=13.7221 per_target=0.047318 targets=290

       1/51      1.41G      3.711      5.747      4.159        290        640:   1%|          | 60/7393 [00:12<25:06,  4.87it/s]
       1/51      1.41G      3.714      5.749      4.159        272        640:   1%|          | 60/7393 [00:12<25:06,  4.87it/s]/n
TCAPPDLL 2025-11-09 13:16:07.093206 - Epoch:0 Iteration:60 rank:0 train.loss_avg:13.8768 train.ips:342.18 imgs/s train.time:0.0468 box=3.8685 cls=5.8494 dfl=4.1589 total=13.8768 per_target=0.051018 targets=272

       1/51      1.41G      3.715       5.75      4.159        367        640:   1%|          | 60/7393 [00:13<25:06,  4.87it/s]/n
TCAPPDLL 2025-11-09 13:16:07.495319 - Epoch:0 Iteration:61 rank:0 train.loss_avg:13.8199 train.ips:312.69 imgs/s train.time:0.0512 box=3.8152 cls=5.8459 dfl=4.1589 total=13.8199 per_target=0.037656 targets=367

       1/51      1.41G      3.715       5.75      4.159        367        640:   1%|          | 62/7393 [00:13<25:56,  4.71it/s]
       1/51      1.41G      3.714       5.75      4.159        294        640:   1%|          | 62/7393 [00:13<25:56,  4.71it/s]/n
TCAPPDLL 2025-11-09 13:16:07.599269 - Epoch:0 Iteration:62 rank:0 train.loss_avg:13.5390 train.ips:279.77 imgs/s train.time:0.0572 box=3.6589 cls=5.7212 dfl=4.1589 total=13.5390 per_target=0.046051 targets=294

       1/51      1.41G      3.714       5.75      4.159        294        640:   1%|          | 63/7393 [00:13<23:36,  5.17it/s]
       1/51      1.41G      3.717      5.751      4.159        328        640:   1%|          | 63/7393 [00:13<23:36,  5.17it/s]/n
TCAPPDLL 2025-11-09 13:16:07.914419 - Epoch:0 Iteration:63 rank:0 train.loss_avg:13.8955 train.ips:349.40 imgs/s train.time:0.0458 box=3.9020 cls=5.8346 dfl=4.1589 total=13.8955 per_target=0.042364 targets=328

       1/51      1.41G      3.717      5.751      4.159        328        640:   1%|          | 64/7393 [00:13<26:36,  4.59it/s]
       1/51      1.41G      3.719       5.75      4.159        254        640:   1%|          | 64/7393 [00:13<26:36,  4.59it/s]/n
TCAPPDLL 2025-11-09 13:16:08.097234 - Epoch:0 Iteration:64 rank:0 train.loss_avg:13.6900 train.ips:257.69 imgs/s train.time:0.0621 box=3.8375 cls=5.6936 dfl=4.1589 total=13.6900 per_target=0.053898 targets=254

       1/51      1.41G      3.719       5.75      4.159        254        640:   1%|          | 65/7393 [00:13<25:38,  4.76it/s]
       1/51      1.41G      3.726      5.753      4.159        216        640:   1%|          | 65/7393 [00:14<25:38,  4.76it/s]/n
TCAPPDLL 2025-11-09 13:16:08.369010 - Epoch:0 Iteration:65 rank:0 train.loss_avg:14.2719 train.ips:268.07 imgs/s train.time:0.0597 box=4.1545 cls=5.9585 dfl=4.1589 total=14.2719 per_target=0.066073 targets=216

       1/51      1.41G      3.726      5.753      4.159        216        640:   1%|          | 66/7393 [00:14<27:28,  4.45it/s]
       1/51      1.41G       3.73      5.753      4.159        247        640:   1%|          | 66/7393 [00:14<27:28,  4.45it/s]/n
TCAPPDLL 2025-11-09 13:16:08.494354 - Epoch:0 Iteration:66 rank:0 train.loss_avg:13.8868 train.ips:306.06 imgs/s train.time:0.0523 box=4.0107 cls=5.7173 dfl=4.1589 total=13.8868 per_target=0.056222 targets=247

       1/51      1.41G       3.73      5.753      4.159        247        640:   1%|          | 67/7393 [00:14<24:20,  5.02it/s]
       1/51      1.41G      3.728      5.752      4.159        226        640:   1%|          | 67/7393 [00:14<24:20,  5.02it/s]/n
TCAPPDLL 2025-11-09 13:16:08.758528 - Epoch:0 Iteration:67 rank:0 train.loss_avg:13.4418 train.ips:248.13 imgs/s train.time:0.0645 box=3.6036 cls=5.6793 dfl=4.1589 total=13.4418 per_target=0.059477 targets=226

       1/51      1.41G      3.728      5.752      4.159        226        640:   1%|          | 68/7393 [00:14<26:27,  4.61it/s]
       1/51      1.41G      3.726      5.753      4.159        187        640:   1%|          | 68/7393 [00:14<26:27,  4.61it/s]/n
TCAPPDLL 2025-11-09 13:16:08.874562 - Epoch:0 Iteration:68 rank:0 train.loss_avg:13.5644 train.ips:346.64 imgs/s train.time:0.0462 box=3.5700 cls=5.8355 dfl=4.1589 total=13.5644 per_target=0.072537 targets=187

       1/51      1.41G      3.726      5.753      4.159        187        640:   1%|          | 69/7393 [00:14<23:03,  5.30it/s]
       1/51      1.41G      3.723      5.753      4.159        194        640:   1%|          | 69/7393 [00:14<23:03,  5.30it/s]/n
TCAPPDLL 2025-11-09 13:16:09.139895 - Epoch:0 Iteration:69 rank:0 train.loss_avg:13.4232 train.ips:261.90 imgs/s train.time:0.0611 box=3.4905 cls=5.7738 dfl=4.1589 total=13.4232 per_target=0.069192 targets=194

       1/51      1.41G      3.723      5.753      4.159        194        640:   1%|          | 70/7393 [00:14<25:41,  4.75it/s]
       1/51      1.41G      3.721      5.753      4.159        228        640:   1%|          | 70/7393 [00:15<25:41,  4.75it/s]/n
TCAPPDLL 2025-11-09 13:16:09.378479 - Epoch:0 Iteration:70 rank:0 train.loss_avg:13.5020 train.ips:197.81 imgs/s train.time:0.0809 box=3.6081 cls=5.7351 dfl=4.1589 total=13.5020 per_target=0.059219 targets=228

       1/51      1.41G      3.721      5.753      4.159        228        640:   1%|          | 71/7393 [00:15<26:40,  4.57it/s]
       1/51      1.41G       3.72      5.752      4.159        146        640:   1%|          | 71/7393 [00:15<26:40,  4.57it/s]/n
TCAPPDLL 2025-11-09 13:16:09.482271 - Epoch:0 Iteration:71 rank:0 train.loss_avg:13.5287 train.ips:227.00 imgs/s train.time:0.0705 box=3.6759 cls=5.6940 dfl=4.1589 total=13.5287 per_target=0.092663 targets=146

       1/51      1.41G       3.72      5.752      4.159        146        640:   1%|          | 72/7393 [00:15<22:35,  5.40it/s]
       1/51      1.41G      3.723      5.754      4.159        311        640:   1%|          | 72/7393 [00:15<22:35,  5.40it/s]/n
TCAPPDLL 2025-11-09 13:16:09.801267 - Epoch:0 Iteration:72 rank:0 train.loss_avg:13.9896 train.ips:212.50 imgs/s train.time:0.0753 box=3.9454 cls=5.8853 dfl=4.1589 total=13.9896 per_target=0.044983 targets=311

       1/51      1.41G      3.723      5.754      4.159        311        640:   1%|          | 73/7393 [00:15<27:23,  4.45it/s]
       1/51      1.41G      3.727      5.755      4.159        385        640:   1%|          | 73/7393 [00:15<27:23,  4.45it/s]/n
TCAPPDLL 2025-11-09 13:16:09.892870 - Epoch:0 Iteration:73 rank:0 train.loss_avg:13.9851 train.ips:239.44 imgs/s train.time:0.0668 box=3.9780 cls=5.8482 dfl=4.1589 total=13.9851 per_target=0.036325 targets=385

       1/51      1.41G      3.723      5.754      4.159        207        640:   1%|          | 73/7393 [00:16<27:23,  4.45it/s]/n
TCAPPDLL 2025-11-09 13:16:10.203967 - Epoch:0 Iteration:74 rank:0 train.loss_avg:13.2110 train.ips:342.03 imgs/s train.time:0.0468 box=3.4041 cls=5.6480 dfl=4.1589 total=13.2110 per_target=0.063821 targets=207

       1/51      1.41G      3.723      5.754      4.159        207        640:   1%|          | 75/7393 [00:16<26:05,  4.67it/s]
       1/51      1.41G      3.721      5.753      4.159        220        640:   1%|          | 75/7393 [00:16<26:05,  4.67it/s]/n
TCAPPDLL 2025-11-09 13:16:10.290066 - Epoch:0 Iteration:75 rank:0 train.loss_avg:13.4703 train.ips:292.72 imgs/s train.time:0.0547 box=3.6194 cls=5.6921 dfl=4.1589 total=13.4703 per_target=0.061229 targets=220

       1/51      1.41G      3.723      5.753      4.159        359        640:   1%|          | 75/7393 [00:16<26:05,  4.67it/s]/n
TCAPPDLL 2025-11-09 13:16:10.622844 - Epoch:0 Iteration:76 rank:0 train.loss_avg:13.7725 train.ips:283.64 imgs/s train.time:0.0564 box=3.8283 cls=5.7853 dfl=4.1589 total=13.7725 per_target=0.038364 targets=359

       1/51      1.41G      3.723      5.753      4.159        359        640:   1%|          | 77/7393 [00:16<25:52,  4.71it/s]
       1/51      1.41G      3.721      5.754      4.159        319        640:   1%|          | 77/7393 [00:16<25:52,  4.71it/s]/n
TCAPPDLL 2025-11-09 13:16:10.710412 - Epoch:0 Iteration:77 rank:0 train.loss_avg:13.5235 train.ips:305.48 imgs/s train.time:0.0524 box=3.5946 cls=5.7700 dfl=4.1589 total=13.5235 per_target=0.042393 targets=319

       1/51      1.41G      3.719      5.754      4.159        224        640:   1%|          | 77/7393 [00:16<25:52,  4.71it/s]/n
TCAPPDLL 2025-11-09 13:16:11.113614 - Epoch:0 Iteration:78 rank:0 train.loss_avg:13.5689 train.ips:220.33 imgs/s train.time:0.0726 box=3.6055 cls=5.8045 dfl=4.1589 total=13.5689 per_target=0.060575 targets=224

       1/51      1.41G      3.719      5.754      4.159        224        640:   1%|          | 79/7393 [00:16<27:19,  4.46it/s]
       1/51      1.41G      3.725      5.757      4.159        260        640:   1%|          | 79/7393 [00:16<27:19,  4.46it/s]/n
TCAPPDLL 2025-11-09 13:16:11.160744 - Epoch:0 Iteration:79 rank:0 train.loss_avg:14.3219 train.ips:342.86 imgs/s train.time:0.0467 box=4.1772 cls=5.9858 dfl=4.1589 total=14.3219 per_target=0.055084 targets=260

       1/51      1.41G      3.726      5.758      4.159        308        640:   1%|          | 79/7393 [00:17<27:19,  4.46it/s]/n
TCAPPDLL 2025-11-09 13:16:11.564506 - Epoch:0 Iteration:80 rank:0 train.loss_avg:13.7567 train.ips:333.14 imgs/s train.time:0.0480 box=3.7879 cls=5.8099 dfl=4.1589 total=13.7567 per_target=0.044665 targets=308

       1/51      1.41G      3.726      5.758      4.159        308        640:   1%|          | 81/7393 [00:17<27:22,  4.45it/s]
       1/51      1.41G      3.726      5.758      4.159        208        640:   1%|          | 81/7393 [00:17<27:22,  4.45it/s]/n
TCAPPDLL 2025-11-09 13:16:11.611935 - Epoch:0 Iteration:81 rank:0 train.loss_avg:13.6671 train.ips:341.41 imgs/s train.time:0.0469 box=3.7392 cls=5.7690 dfl=4.1589 total=13.6671 per_target=0.065707 targets=208

       1/51      1.41G      3.729      5.759      4.159        223        640:   1%|          | 81/7393 [00:17<27:22,  4.45it/s]/n
TCAPPDLL 2025-11-09 13:16:11.967451 - Epoch:0 Iteration:82 rank:0 train.loss_avg:13.9251 train.ips:289.08 imgs/s train.time:0.0553 box=3.9330 cls=5.8331 dfl=4.1589 total=13.9251 per_target=0.062444 targets=223

       1/51      1.41G      3.729      5.759      4.159        223        640:   1%|          | 83/7393 [00:17<26:26,  4.61it/s]
       1/51      1.41G       3.73       5.76      4.159        283        640:   1%|          | 83/7393 [00:17<26:26,  4.61it/s]/n
TCAPPDLL 2025-11-09 13:16:12.016764 - Epoch:0 Iteration:83 rank:0 train.loss_avg:13.8349 train.ips:328.32 imgs/s train.time:0.0487 box=3.8045 cls=5.8714 dfl=4.1589 total=13.8349 per_target=0.048886 targets=283

       1/51      1.41G      3.729       5.76      4.159        216        640:   1%|          | 83/7393 [00:18<26:26,  4.61it/s]/n
TCAPPDLL 2025-11-09 13:16:12.416104 - Epoch:0 Iteration:84 rank:0 train.loss_avg:13.5367 train.ips:312.82 imgs/s train.time:0.0511 box=3.6422 cls=5.7356 dfl=4.1589 total=13.5367 per_target=0.062670 targets=216

       1/51      1.41G      3.729       5.76      4.159        216        640:   1%|          | 85/7393 [00:18<26:43,  4.56it/s]
       1/51      1.41G       3.73       5.76      4.159        231        640:   1%|          | 85/7393 [00:18<26:43,  4.56it/s]/n
TCAPPDLL 2025-11-09 13:16:12.468798 - Epoch:0 Iteration:85 rank:0 train.loss_avg:13.8457 train.ips:306.79 imgs/s train.time:0.0522 box=3.8951 cls=5.7917 dfl=4.1589 total=13.8457 per_target=0.059938 targets=231

       1/51      1.41G      3.732      5.759      4.159        213        640:   1%|          | 85/7393 [00:18<26:43,  4.56it/s]/n
TCAPPDLL 2025-11-09 13:16:12.926301 - Epoch:0 Iteration:86 rank:0 train.loss_avg:13.7089 train.ips:190.28 imgs/s train.time:0.0841 box=3.8866 cls=5.6635 dfl=4.1589 total=13.7089 per_target=0.064361 targets=213

       1/51      1.41G      3.732      5.759      4.159        213        640:   1%|          | 87/7393 [00:18<28:04,  4.34it/s]
       1/51      1.41G      3.726      5.759      4.159        157        640:   1%|          | 87/7393 [00:18<28:04,  4.34it/s]/n
TCAPPDLL 2025-11-09 13:16:12.985980 - Epoch:0 Iteration:87 rank:0 train.loss_avg:13.0471 train.ips:271.00 imgs/s train.time:0.0590 box=3.1402 cls=5.7481 dfl=4.1589 total=13.0471 per_target=0.083103 targets=157

       1/51      1.41G      3.722      5.759      4.159        299        640:   1%|          | 87/7393 [00:19<28:04,  4.34it/s]/n
TCAPPDLL 2025-11-09 13:16:13.347623 - Epoch:0 Iteration:88 rank:0 train.loss_avg:13.2690 train.ips:191.03 imgs/s train.time:0.0838 box=3.4017 cls=5.7084 dfl=4.1589 total=13.2690 per_target=0.044378 targets=299

       1/51      1.41G      3.722      5.759      4.159        299        640:   1%|          | 89/7393 [00:19<27:18,  4.46it/s]
       1/51      1.41G      3.717      5.757      4.159        227        640:   1%|          | 89/7393 [00:19<27:18,  4.46it/s]/n
TCAPPDLL 2025-11-09 13:16:13.402577 - Epoch:0 Iteration:89 rank:0 train.loss_avg:13.0740 train.ips:293.97 imgs/s train.time:0.0544 box=3.2561 cls=5.6590 dfl=4.1589 total=13.0740 per_target=0.057595 targets=227

       1/51      1.41G      3.719      5.757      4.159        293        640:   1%|          | 89/7393 [00:19<27:18,  4.46it/s]/n
TCAPPDLL 2025-11-09 13:16:13.775164 - Epoch:0 Iteration:90 rank:0 train.loss_avg:13.7547 train.ips:335.97 imgs/s train.time:0.0476 box=3.9160 cls=5.6799 dfl=4.1589 total=13.7547 per_target=0.046944 targets=293

       1/51      1.41G      3.719      5.757      4.159        293        640:   1%|          | 91/7393 [00:19<26:54,  4.52it/s]
       1/51      1.41G      3.719      5.757      4.159        270        640:   1%|          | 91/7393 [00:19<26:54,  4.52it/s]/n
TCAPPDLL 2025-11-09 13:16:13.820262 - Epoch:0 Iteration:91 rank:0 train.loss_avg:13.6201 train.ips:359.34 imgs/s train.time:0.0445 box=3.7012 cls=5.7600 dfl=4.1589 total=13.6201 per_target=0.050445 targets=270

       1/51      1.41G      3.717      5.756      4.159        316        640:   1%|          | 91/7393 [00:20<26:54,  4.52it/s]/n
TCAPPDLL 2025-11-09 13:16:14.322075 - Epoch:0 Iteration:92 rank:0 train.loss_avg:13.4185 train.ips:222.06 imgs/s train.time:0.0721 box=3.5955 cls=5.6641 dfl=4.1589 total=13.4185 per_target=0.042463 targets=316

       1/51      1.41G      3.717      5.756      4.159        316        640:   1%|▏         | 93/7393 [00:20<28:50,  4.22it/s]
       1/51      1.41G      3.718      5.755      4.159        243        640:   1%|▏         | 93/7393 [00:20<28:50,  4.22it/s]/n
TCAPPDLL 2025-11-09 13:16:14.376729 - Epoch:0 Iteration:93 rank:0 train.loss_avg:13.6168 train.ips:295.97 imgs/s train.time:0.0541 box=3.7612 cls=5.6967 dfl=4.1589 total=13.6168 per_target=0.056036 targets=243

       1/51      1.41G      3.715      5.753      4.159        179        640:   1%|▏         | 93/7393 [00:20<28:50,  4.22it/s]/n
TCAPPDLL 2025-11-09 13:16:14.766111 - Epoch:0 Iteration:94 rank:0 train.loss_avg:13.2011 train.ips:231.61 imgs/s train.time:0.0691 box=3.4823 cls=5.5599 dfl=4.1589 total=13.2011 per_target=0.073749 targets=179

       1/51      1.41G      3.715      5.753      4.159        179        640:   1%|▏         | 95/7393 [00:20<28:16,  4.30it/s]
       1/51      1.41G      3.713      5.754      4.159        182        640:   1%|▏         | 95/7393 [00:20<28:16,  4.30it/s]/n
TCAPPDLL 2025-11-09 13:16:14.821759 - Epoch:0 Iteration:95 rank:0 train.loss_avg:13.4736 train.ips:290.36 imgs/s train.time:0.0551 box=3.5059 cls=5.8088 dfl=4.1589 total=13.4736 per_target=0.074031 targets=182

       1/51      1.41G      3.717      5.754      4.159        295        640:   1%|▏         | 95/7393 [00:21<28:16,  4.30it/s]/n
TCAPPDLL 2025-11-09 13:16:15.208724 - Epoch:0 Iteration:96 rank:0 train.loss_avg:13.9915 train.ips:221.68 imgs/s train.time:0.0722 box=4.0784 cls=5.7542 dfl=4.1589 total=13.9915 per_target=0.047429 targets=295

       1/51      1.41G      3.717      5.754      4.159        295        640:   1%|▏         | 97/7393 [00:21<27:51,  4.36it/s]
       1/51      1.41G      3.716      5.753      4.159        165        640:   1%|▏         | 97/7393 [00:21<27:51,  4.36it/s]/n
TCAPPDLL 2025-11-09 13:16:15.260219 - Epoch:0 Iteration:97 rank:0 train.loss_avg:13.5182 train.ips:314.76 imgs/s train.time:0.0508 box=3.6403 cls=5.7191 dfl=4.1589 total=13.5182 per_target=0.081929 targets=165

       1/51      1.41G      3.715      5.754      4.159        257        640:   1%|▏         | 97/7393 [00:21<27:51,  4.36it/s]/n
TCAPPDLL 2025-11-09 13:16:15.588990 - Epoch:0 Iteration:98 rank:0 train.loss_avg:13.5917 train.ips:245.11 imgs/s train.time:0.0653 box=3.6315 cls=5.8012 dfl=4.1589 total=13.5917 per_target=0.052886 targets=257

       1/51      1.41G      3.715      5.754      4.159        257        640:   1%|▏         | 99/7393 [00:21<26:25,  4.60it/s]
       1/51      1.41G      3.713      5.753      4.159        178        640:   1%|▏         | 99/7393 [00:21<26:25,  4.60it/s]/n
TCAPPDLL 2025-11-09 13:16:15.640533 - Epoch:0 Iteration:99 rank:0 train.loss_avg:13.2815 train.ips:313.68 imgs/s train.time:0.0510 box=3.4518 cls=5.6708 dfl=4.1589 total=13.2815 per_target=0.074615 targets=178

       1/51      1.41G      3.712      5.753      4.159        268        640:   1%|▏         | 99/7393 [00:21<26:25,  4.60it/s]/n
TCAPPDLL 2025-11-09 13:16:16.048155 - Epoch:0 Iteration:100 rank:0 train.loss_avg:13.5409 train.ips:356.36 imgs/s train.time:0.0449 box=3.6235 cls=5.7585 dfl=4.1589 total=13.5409 per_target=0.050526 targets=268

       1/51      1.41G      3.712      5.753      4.159        268        640:   1%|▏         | 101/7393 [00:21<26:51,  4.52it/s]
       1/51      1.41G      3.711      5.753      4.159        205        640:   1%|▏         | 101/7393 [00:21<26:51,  4.52it/s]/n
TCAPPDLL 2025-11-09 13:16:16.099572 - Epoch:0 Iteration:101 rank:0 train.loss_avg:13.6329 train.ips:313.87 imgs/s train.time:0.0510 box=3.6670 cls=5.8070 dfl=4.1589 total=13.6329 per_target=0.066502 targets=205

       1/51      1.41G      3.712      5.754      4.159        237        640:   1%|▏         | 101/7393 [00:22<26:51,  4.52it/s]/n
TCAPPDLL 2025-11-09 13:16:16.480178 - Epoch:0 Iteration:102 rank:0 train.loss_avg:13.7505 train.ips:301.18 imgs/s train.time:0.0531 box=3.8050 cls=5.7866 dfl=4.1589 total=13.7505 per_target=0.058019 targets=237

       1/51      1.41G      3.712      5.754      4.159        237        640:   1%|▏         | 103/7393 [00:22<26:40,  4.56it/s]
       1/51      1.41G      3.713      5.754      4.159        252        640:   1%|▏         | 103/7393 [00:22<26:40,  4.56it/s]/n
TCAPPDLL 2025-11-09 13:16:16.528215 - Epoch:0 Iteration:103 rank:0 train.loss_avg:13.7898 train.ips:336.67 imgs/s train.time:0.0475 box=3.8219 cls=5.8090 dfl=4.1589 total=13.7898 per_target=0.054721 targets=252

       1/51      1.58G      3.716      5.755      4.159        371        640:   1%|▏         | 103/7393 [00:22<26:40,  4.56it/s]/n
TCAPPDLL 2025-11-09 13:16:16.928514 - Epoch:0 Iteration:104 rank:0 train.loss_avg:13.9892 train.ips:308.93 imgs/s train.time:0.0518 box=4.0205 cls=5.8098 dfl=4.1589 total=13.9892 per_target=0.037707 targets=371

       1/51      1.58G      3.716      5.755      4.159        371        640:   1%|▏         | 105/7393 [00:22<26:50,  4.53it/s]
       1/51      1.58G      3.713      5.755      4.159        157        640:   1%|▏         | 105/7393 [00:22<26:50,  4.53it/s]/n
TCAPPDLL 2025-11-09 13:16:16.974496 - Epoch:0 Iteration:105 rank:0 train.loss_avg:13.2456 train.ips:352.21 imgs/s train.time:0.0454 box=3.3588 cls=5.7279 dfl=4.1589 total=13.2456 per_target=0.084367 targets=157

       1/51      1.58G      3.712      5.754      4.159        198        640:   1%|▏         | 105/7393 [00:23<26:50,  4.53it/s]/n
TCAPPDLL 2025-11-09 13:16:17.339919 - Epoch:0 Iteration:106 rank:0 train.loss_avg:13.4304 train.ips:211.99 imgs/s train.time:0.0755 box=3.5796 cls=5.6919 dfl=4.1589 total=13.4304 per_target=0.067830 targets=198

       1/51      1.58G      3.712      5.754      4.159        198        640:   1%|▏         | 107/7393 [00:23<26:16,  4.62it/s]
       1/51      1.58G      3.711      5.753      4.159        167        640:   1%|▏         | 107/7393 [00:23<26:16,  4.62it/s]/n
TCAPPDLL 2025-11-09 13:16:17.403390 - Epoch:0 Iteration:107 rank:0 train.loss_avg:13.4537 train.ips:254.29 imgs/s train.time:0.0629 box=3.6368 cls=5.6580 dfl=4.1589 total=13.4537 per_target=0.080561 targets=167

       1/51      1.58G       3.71      5.755      4.159        173        640:   1%|▏         | 107/7393 [00:23<26:16,  4.62it/s]/n
TCAPPDLL 2025-11-09 13:16:17.771350 - Epoch:0 Iteration:108 rank:0 train.loss_avg:13.7197 train.ips:196.92 imgs/s train.time:0.0812 box=3.6445 cls=5.9163 dfl=4.1589 total=13.7197 per_target=0.079305 targets=173

       1/51      1.58G       3.71      5.755      4.159        173        640:   1%|▏         | 109/7393 [00:23<26:14,  4.63it/s]
       1/51      1.58G      3.707      5.755      4.159        190        640:   1%|▏         | 109/7393 [00:23<26:14,  4.63it/s]/n
TCAPPDLL 2025-11-09 13:16:17.827444 - Epoch:0 Iteration:109 rank:0 train.loss_avg:13.3135 train.ips:288.22 imgs/s train.time:0.0555 box=3.3676 cls=5.7870 dfl=4.1589 total=13.3135 per_target=0.070071 targets=190

       1/51      1.58G      3.705      5.756      4.159        210        640:   1%|▏         | 109/7393 [00:23<26:14,  4.63it/s]/n
TCAPPDLL 2025-11-09 13:16:18.138301 - Epoch:0 Iteration:110 rank:0 train.loss_avg:13.4793 train.ips:300.03 imgs/s train.time:0.0533 box=3.4775 cls=5.8429 dfl=4.1589 total=13.4793 per_target=0.064187 targets=210

       1/51      1.58G      3.705      5.756      4.159        210        640:   2%|▏         | 111/7393 [00:23<25:02,  4.85it/s]
       1/51      1.58G      3.706      5.756      4.159        274        640:   2%|▏         | 111/7393 [00:24<25:02,  4.85it/s]/n
TCAPPDLL 2025-11-09 13:16:18.186771 - Epoch:0 Iteration:111 rank:0 train.loss_avg:13.8302 train.ips:333.30 imgs/s train.time:0.0480 box=3.8423 cls=5.8290 dfl=4.1589 total=13.8302 per_target=0.050475 targets=274

       1/51      1.58G      3.706      5.755      4.159        228        640:   2%|▏         | 111/7393 [00:24<25:02,  4.85it/s]/n
TCAPPDLL 2025-11-09 13:16:18.631575 - Epoch:0 Iteration:112 rank:0 train.loss_avg:13.4419 train.ips:252.01 imgs/s train.time:0.0635 box=3.6212 cls=5.6618 dfl=4.1589 total=13.4419 per_target=0.058956 targets=228

       1/51      1.58G      3.706      5.755      4.159        228        640:   2%|▏         | 113/7393 [00:24<26:30,  4.58it/s]
       1/51      1.58G      3.704      5.755      4.159        247        640:   2%|▏         | 113/7393 [00:24<26:30,  4.58it/s]/n
TCAPPDLL 2025-11-09 13:16:18.684517 - Epoch:0 Iteration:113 rank:0 train.loss_avg:13.4502 train.ips:304.97 imgs/s train.time:0.0525 box=3.5471 cls=5.7442 dfl=4.1589 total=13.4502 per_target=0.054454 targets=247

       1/51      1.58G      3.704      5.755      4.159        260        640:   2%|▏         | 113/7393 [00:24<26:30,  4.58it/s]/n
TCAPPDLL 2025-11-09 13:16:19.024801 - Epoch:0 Iteration:114 rank:0 train.loss_avg:13.5777 train.ips:341.15 imgs/s train.time:0.0469 box=3.6919 cls=5.7269 dfl=4.1589 total=13.5777 per_target=0.052222 targets=260

       1/51      1.58G      3.704      5.755      4.159        260        640:   2%|▏         | 115/7393 [00:24<25:42,  4.72it/s]
       1/51      1.58G      3.706      5.756      4.159        324        640:   2%|▏         | 115/7393 [00:24<25:42,  4.72it/s]/n
TCAPPDLL 2025-11-09 13:16:19.081888 - Epoch:0 Iteration:115 rank:0 train.loss_avg:13.9344 train.ips:283.59 imgs/s train.time:0.0564 box=3.9640 cls=5.8115 dfl=4.1589 total=13.9344 per_target=0.043007 targets=324

       1/51      1.58G      3.709      5.756      4.159        271        640:   2%|▏         | 115/7393 [00:25<25:42,  4.72it/s]/n
TCAPPDLL 2025-11-09 13:16:19.479793 - Epoch:0 Iteration:116 rank:0 train.loss_avg:13.9914 train.ips:257.59 imgs/s train.time:0.0621 box=4.0452 cls=5.7873 dfl=4.1589 total=13.9914 per_target=0.051629 targets=271

       1/51      1.58G      3.709      5.756      4.159        271        640:   2%|▏         | 117/7393 [00:25<26:15,  4.62it/s]
       1/51       1.8G      3.709      5.757      4.159        432        640:   2%|▏         | 117/7393 [00:25<26:15,  4.62it/s]/n
TCAPPDLL 2025-11-09 13:16:19.540707 - Epoch:0 Iteration:117 rank:0 train.loss_avg:13.7537 train.ips:264.93 imgs/s train.time:0.0604 box=3.7296 cls=5.8652 dfl=4.1589 total=13.7537 per_target=0.031837 targets=432

       1/51       1.8G      3.708      5.756      4.159        250        640:   2%|▏         | 117/7393 [00:25<26:15,  4.62it/s]/n
TCAPPDLL 2025-11-09 13:16:19.898770 - Epoch:0 Iteration:118 rank:0 train.loss_avg:13.3612 train.ips:209.54 imgs/s train.time:0.0764 box=3.4829 cls=5.7194 dfl=4.1589 total=13.3612 per_target=0.053445 targets=250

       1/51       1.8G      3.708      5.756      4.159        250        640:   2%|▏         | 119/7393 [00:25<25:59,  4.66it/s]
       1/51       1.8G      3.705      5.756      4.159        199        640:   2%|▏         | 119/7393 [00:25<25:59,  4.66it/s]/n
TCAPPDLL 2025-11-09 13:16:19.963955 - Epoch:0 Iteration:119 rank:0 train.loss_avg:13.2999 train.ips:247.65 imgs/s train.time:0.0646 box=3.4195 cls=5.7215 dfl=4.1589 total=13.2999 per_target=0.066834 targets=199

       1/51       1.8G      3.708      5.756      4.159        307        640:   2%|▏         | 119/7393 [00:26<25:59,  4.66it/s]/n
TCAPPDLL 2025-11-09 13:16:20.251483 - Epoch:0 Iteration:120 rank:0 train.loss_avg:14.0034 train.ips:351.54 imgs/s train.time:0.0455 box=4.0706 cls=5.7739 dfl=4.1589 total=14.0034 per_target=0.045614 targets=307

       1/51       1.8G      3.708      5.756      4.159        307        640:   2%|▏         | 121/7393 [00:26<24:36,  4.93it/s]
       1/51       1.8G      3.712      5.757      4.159        283        640:   2%|▏         | 121/7393 [00:26<24:36,  4.93it/s]/n
TCAPPDLL 2025-11-09 13:16:20.296622 - Epoch:0 Iteration:121 rank:0 train.loss_avg:14.2563 train.ips:358.03 imgs/s train.time:0.0447 box=4.2320 cls=5.8654 dfl=4.1589 total=14.2563 per_target=0.050376 targets=283

       1/51       1.8G      3.712      5.757      4.159        261        640:   2%|▏         | 121/7393 [00:26<24:36,  4.93it/s]/n
TCAPPDLL 2025-11-09 13:16:20.749625 - Epoch:0 Iteration:122 rank:0 train.loss_avg:13.5856 train.ips:241.37 imgs/s train.time:0.0663 box=3.6601 cls=5.7666 dfl=4.1589 total=13.5856 per_target=0.052052 targets=261

       1/51       1.8G      3.712      5.757      4.159        261        640:   2%|▏         | 123/7393 [00:26<26:16,  4.61it/s]
       1/51       1.8G      3.711      5.757      4.159        229        640:   2%|▏         | 123/7393 [00:26<26:16,  4.61it/s]/n
TCAPPDLL 2025-11-09 13:16:20.807239 - Epoch:0 Iteration:123 rank:0 train.loss_avg:13.5294 train.ips:281.32 imgs/s train.time:0.0569 box=3.6224 cls=5.7482 dfl=4.1589 total=13.5294 per_target=0.059081 targets=229

       1/51       1.8G      3.712      5.758      4.159        266        640:   2%|▏         | 123/7393 [00:26<26:16,  4.61it/s]/n
TCAPPDLL 2025-11-09 13:16:21.124247 - Epoch:0 Iteration:124 rank:0 train.loss_avg:13.8691 train.ips:280.41 imgs/s train.time:0.0571 box=3.8086 cls=5.9016 dfl=4.1589 total=13.8691 per_target=0.052140 targets=266

       1/51       1.8G      3.712      5.758      4.159        266        640:   2%|▏         | 125/7393 [00:26<25:11,  4.81it/s]
       1/51       1.8G       3.71      5.757      4.159        253        640:   2%|▏         | 125/7393 [00:26<25:11,  4.81it/s]/n
TCAPPDLL 2025-11-09 13:16:21.180903 - Epoch:0 Iteration:125 rank:0 train.loss_avg:13.2840 train.ips:284.89 imgs/s train.time:0.0562 box=3.4870 cls=5.6381 dfl=4.1589 total=13.2840 per_target=0.052506 targets=253

       1/51       1.8G      3.711      5.758      4.159        254        640:   2%|▏         | 125/7393 [00:27<25:11,  4.81it/s]/n
TCAPPDLL 2025-11-09 13:16:21.576665 - Epoch:0 Iteration:126 rank:0 train.loss_avg:13.7678 train.ips:194.16 imgs/s train.time:0.0824 box=3.7480 cls=5.8609 dfl=4.1589 total=13.7678 per_target=0.054204 targets=254

       1/51       1.8G      3.711      5.758      4.159        254        640:   2%|▏         | 127/7393 [00:27<25:50,  4.68it/s]
       1/51       1.8G      3.713      5.758      4.159        316        640:   2%|▏         | 127/7393 [00:27<25:50,  4.68it/s]/n
TCAPPDLL 2025-11-09 13:16:21.637000 - Epoch:0 Iteration:127 rank:0 train.loss_avg:13.9371 train.ips:268.25 imgs/s train.time:0.0596 box=4.0316 cls=5.7467 dfl=4.1589 total=13.9371 per_target=0.044105 targets=316

       1/51       1.8G      3.714      5.758      4.159        226        640:   2%|▏         | 127/7393 [00:27<25:50,  4.68it/s]/n
TCAPPDLL 2025-11-09 13:16:21.939095 - Epoch:0 Iteration:128 rank:0 train.loss_avg:13.7284 train.ips:301.11 imgs/s train.time:0.0531 box=3.7829 cls=5.7866 dfl=4.1589 total=13.7284 per_target=0.060745 targets=226

       1/51       1.8G      3.714      5.758      4.159        226        640:   2%|▏         | 129/7393 [00:27<24:40,  4.91it/s]
       1/51       1.8G      3.715      5.759      4.159        360        640:   2%|▏         | 129/7393 [00:27<24:40,  4.91it/s]/n
TCAPPDLL 2025-11-09 13:16:21.992120 - Epoch:0 Iteration:129 rank:0 train.loss_avg:13.7802 train.ips:304.21 imgs/s train.time:0.0526 box=3.8377 cls=5.7836 dfl=4.1589 total=13.7802 per_target=0.038278 targets=360

       1/51       1.8G      3.717      5.759      4.159        303        640:   2%|▏         | 129/7393 [00:28<24:40,  4.91it/s]/n
TCAPPDLL 2025-11-09 13:16:22.377422 - Epoch:0 Iteration:130 rank:0 train.loss_avg:13.9703 train.ips:266.77 imgs/s train.time:0.0600 box=4.0187 cls=5.7928 dfl=4.1589 total=13.9703 per_target=0.046107 targets=303

       1/51       1.8G      3.717      5.759      4.159        303        640:   2%|▏         | 131/7393 [00:28<25:13,  4.80it/s]
       1/51       1.8G      3.717      5.759      4.159        382        640:   2%|▏         | 131/7393 [00:28<25:13,  4.80it/s]/n
TCAPPDLL 2025-11-09 13:16:22.430240 - Epoch:0 Iteration:131 rank:0 train.loss_avg:13.7246 train.ips:305.73 imgs/s train.time:0.0523 box=3.7493 cls=5.8163 dfl=4.1589 total=13.7246 per_target=0.035928 targets=382

       1/51       1.8G      3.718       5.76      4.159        328        640:   2%|▏         | 131/7393 [00:28<25:13,  4.80it/s]/n
TCAPPDLL 2025-11-09 13:16:22.882280 - Epoch:0 Iteration:132 rank:0 train.loss_avg:13.7318 train.ips:252.21 imgs/s train.time:0.0634 box=3.7673 cls=5.8057 dfl=4.1589 total=13.7318 per_target=0.041865 targets=328

       1/51       1.8G      3.718       5.76      4.159        328        640:   2%|▏         | 133/7393 [00:28<26:48,  4.51it/s]
       1/51       1.8G      3.717       5.76      4.159        320        640:   2%|▏         | 133/7393 [00:28<26:48,  4.51it/s]/n
TCAPPDLL 2025-11-09 13:16:22.934823 - Epoch:0 Iteration:133 rank:0 train.loss_avg:13.5921 train.ips:308.53 imgs/s train.time:0.0519 box=3.6689 cls=5.7643 dfl=4.1589 total=13.5921 per_target=0.042475 targets=320

       1/51       1.8G      3.716       5.76      4.159        219        640:   2%|▏         | 133/7393 [00:29<26:48,  4.51it/s]/n
TCAPPDLL 2025-11-09 13:16:23.258371 - Epoch:0 Iteration:134 rank:0 train.loss_avg:13.5711 train.ips:291.66 imgs/s train.time:0.0549 box=3.5982 cls=5.8141 dfl=4.1589 total=13.5711 per_target=0.061969 targets=219

       1/51       1.8G      3.716       5.76      4.159        219        640:   2%|▏         | 135/7393 [00:29<25:35,  4.73it/s]
       1/51       1.8G      3.714       5.76      4.159        252        640:   2%|▏         | 135/7393 [00:29<25:35,  4.73it/s]/n
TCAPPDLL 2025-11-09 13:16:23.314702 - Epoch:0 Iteration:135 rank:0 train.loss_avg:13.3912 train.ips:286.31 imgs/s train.time:0.0559 box=3.4739 cls=5.7585 dfl=4.1589 total=13.3912 per_target=0.053140 targets=252

       1/51       1.8G      3.715       5.76      4.159        246        640:   2%|▏         | 135/7393 [00:29<25:35,  4.73it/s]/n
TCAPPDLL 2025-11-09 13:16:23.740838 - Epoch:0 Iteration:136 rank:0 train.loss_avg:13.6435 train.ips:226.79 imgs/s train.time:0.0705 box=3.7899 cls=5.6947 dfl=4.1589 total=13.6435 per_target=0.055461 targets=246

       1/51       1.8G      3.715       5.76      4.159        246        640:   2%|▏         | 137/7393 [00:29<26:39,  4.54it/s]
       1/51       1.8G      3.716       5.76      4.159        252        640:   2%|▏         | 137/7393 [00:29<26:39,  4.54it/s]/n
TCAPPDLL 2025-11-09 13:16:23.800590 - Epoch:0 Iteration:137 rank:0 train.loss_avg:13.7316 train.ips:270.77 imgs/s train.time:0.0591 box=3.8089 cls=5.7638 dfl=4.1589 total=13.7316 per_target=0.054490 targets=252

       1/51       1.8G      3.715      5.759      4.159        246        640:   2%|▏         | 137/7393 [00:29<26:39,  4.54it/s]/n
TCAPPDLL 2025-11-09 13:16:24.174311 - Epoch:0 Iteration:138 rank:0 train.loss_avg:13.5350 train.ips:200.31 imgs/s train.time:0.0799 box=3.6509 cls=5.7253 dfl=4.1589 total=13.5350 per_target=0.055020 targets=246

       1/51       1.8G      3.715      5.759      4.159        246        640:   2%|▏         | 139/7393 [00:29<26:31,  4.56it/s]
       1/51       1.8G      3.716       5.76      4.159        184        640:   2%|▏         | 139/7393 [00:30<26:31,  4.56it/s]/n
TCAPPDLL 2025-11-09 13:16:24.234805 - Epoch:0 Iteration:139 rank:0 train.loss_avg:13.8205 train.ips:266.95 imgs/s train.time:0.0599 box=3.8036 cls=5.8580 dfl=4.1589 total=13.8205 per_target=0.075111 targets=184

       1/51       1.8G      3.717       5.76      4.159        218        640:   2%|▏         | 139/7393 [00:30<26:31,  4.56it/s]/n
TCAPPDLL 2025-11-09 13:16:24.573315 - Epoch:0 Iteration:140 rank:0 train.loss_avg:13.8731 train.ips:209.89 imgs/s train.time:0.0762 box=3.9221 cls=5.7922 dfl=4.1589 total=13.8731 per_target=0.063638 targets=218

       1/51       1.8G      3.717       5.76      4.159        218        640:   2%|▏         | 141/7393 [00:30<25:47,  4.69it/s]
       1/51       1.8G      3.717      5.761      4.159        317        640:   2%|▏         | 141/7393 [00:30<25:47,  4.69it/s]/n
TCAPPDLL 2025-11-09 13:16:24.633206 - Epoch:0 Iteration:141 rank:0 train.loss_avg:13.5608 train.ips:269.52 imgs/s train.time:0.0594 box=3.5986 cls=5.8033 dfl=4.1589 total=13.5608 per_target=0.042778 targets=317

       1/51       1.8G      3.717      5.761      4.159        305        640:   2%|▏         | 141/7393 [00:30<25:47,  4.69it/s]/n
TCAPPDLL 2025-11-09 13:16:25.005405 - Epoch:0 Iteration:142 rank:0 train.loss_avg:13.8192 train.ips:345.12 imgs/s train.time:0.0464 box=3.8462 cls=5.8141 dfl=4.1589 total=13.8192 per_target=0.045309 targets=305

       1/51       1.8G      3.717      5.761      4.159        305        640:   2%|▏         | 143/7393 [00:30<25:52,  4.67it/s]
       1/51       1.8G      3.718       5.76      4.159        343        640:   2%|▏         | 143/7393 [00:30<25:52,  4.67it/s]/n
TCAPPDLL 2025-11-09 13:16:25.053978 - Epoch:0 Iteration:143 rank:0 train.loss_avg:13.6024 train.ips:333.19 imgs/s train.time:0.0480 box=3.7853 cls=5.6581 dfl=4.1589 total=13.6024 per_target=0.039657 targets=343

       1/51       1.8G      3.718       5.76      4.159        292        640:   2%|▏         | 143/7393 [00:31<25:52,  4.67it/s]/n
TCAPPDLL 2025-11-09 13:16:25.410589 - Epoch:0 Iteration:144 rank:0 train.loss_avg:13.5452 train.ips:235.34 imgs/s train.time:0.0680 box=3.6772 cls=5.7091 dfl=4.1589 total=13.5452 per_target=0.046388 targets=292

       1/51       1.8G      3.718       5.76      4.159        292        640:   2%|▏         | 145/7393 [00:31<25:27,  4.75it/s]
       1/51       1.8G      3.719      5.761      4.159        228        640:   2%|▏         | 145/7393 [00:31<25:27,  4.75it/s]/n
TCAPPDLL 2025-11-09 13:16:25.472291 - Epoch:0 Iteration:145 rank:0 train.loss_avg:14.0205 train.ips:261.79 imgs/s train.time:0.0611 box=3.9015 cls=5.9601 dfl=4.1589 total=14.0205 per_target=0.061493 targets=228

       1/51       1.8G      3.717       5.76      4.159        236        640:   2%|▏         | 145/7393 [00:31<25:27,  4.75it/s]/n
TCAPPDLL 2025-11-09 13:16:25.792362 - Epoch:0 Iteration:146 rank:0 train.loss_avg:13.2849 train.ips:300.71 imgs/s train.time:0.0532 box=3.4826 cls=5.6433 dfl=4.1589 total=13.2849 per_target=0.056292 targets=236

       1/51       1.8G      3.717       5.76      4.159        236        640:   2%|▏         | 147/7393 [00:31<24:43,  4.88it/s]
       1/51       1.8G      3.717       5.76      4.159        314        640:   2%|▏         | 147/7393 [00:31<24:43,  4.88it/s]/n
TCAPPDLL 2025-11-09 13:16:25.846327 - Epoch:0 Iteration:147 rank:0 train.loss_avg:13.6185 train.ips:299.45 imgs/s train.time:0.0534 box=3.6989 cls=5.7608 dfl=4.1589 total=13.6185 per_target=0.043371 targets=314

       1/51       1.8G       3.72      5.761      4.159        208        640:   2%|▏         | 147/7393 [00:32<24:43,  4.88it/s]/n
TCAPPDLL 2025-11-09 13:16:26.190996 - Epoch:0 Iteration:148 rank:0 train.loss_avg:14.1312 train.ips:303.20 imgs/s train.time:0.0528 box=4.1466 cls=5.8258 dfl=4.1589 total=14.1312 per_target=0.067939 targets=208

       1/51       1.8G       3.72      5.761      4.159        208        640:   2%|▏         | 149/7393 [00:32<24:31,  4.92it/s]
       1/51       1.8G      3.721      5.761      4.159        214        640:   2%|▏         | 149/7393 [00:32<24:31,  4.92it/s]/n
TCAPPDLL 2025-11-09 13:16:26.240810 - Epoch:0 Iteration:149 rank:0 train.loss_avg:13.8563 train.ips:325.10 imgs/s train.time:0.0492 box=3.9193 cls=5.7781 dfl=4.1589 total=13.8563 per_target=0.064749 targets=214

       1/51       1.8G      3.721      5.761      4.159        219        640:   2%|▏         | 149/7393 [00:32<24:31,  4.92it/s]/n
TCAPPDLL 2025-11-09 13:16:26.706194 - Epoch:0 Iteration:150 rank:0 train.loss_avg:13.6710 train.ips:183.66 imgs/s train.time:0.0871 box=3.7384 cls=5.7737 dfl=4.1589 total=13.6710 per_target=0.062425 targets=219

       1/51       1.8G      3.721      5.761      4.159        219        640:   2%|▏         | 151/7393 [00:32<26:29,  4.56it/s]
       1/51       1.8G      3.723      5.762      4.159        224        640:   2%|▏         | 151/7393 [00:32<26:29,  4.56it/s]/n
TCAPPDLL 2025-11-09 13:16:26.770500 - Epoch:0 Iteration:151 rank:0 train.loss_avg:14.0127 train.ips:251.29 imgs/s train.time:0.0637 box=3.9215 cls=5.9323 dfl=4.1589 total=14.0127 per_target=0.062557 targets=224

       1/51       1.8G      3.725      5.763      4.159        198        640:   2%|▏         | 151/7393 [00:32<26:29,  4.56it/s]/n
TCAPPDLL 2025-11-09 13:16:27.155410 - Epoch:0 Iteration:152 rank:0 train.loss_avg:13.9999 train.ips:196.39 imgs/s train.time:0.0815 box=4.0116 cls=5.8293 dfl=4.1589 total=13.9999 per_target=0.070706 targets=198

       1/51       1.8G      3.725      5.763      4.159        198        640:   2%|▏         | 153/7393 [00:32<26:40,  4.52it/s]
       1/51       1.8G      3.724      5.762      4.159        243        640:   2%|▏         | 153/7393 [00:33<26:40,  4.52it/s]/n
TCAPPDLL 2025-11-09 13:16:27.216690 - Epoch:0 Iteration:153 rank:0 train.loss_avg:13.4772 train.ips:264.05 imgs/s train.time:0.0606 box=3.6657 cls=5.6526 dfl=4.1589 total=13.4772 per_target=0.055462 targets=243

       1/51       1.8G      3.724      5.762      4.159        240        640:   2%|▏         | 153/7393 [00:33<26:40,  4.52it/s]/n
TCAPPDLL 2025-11-09 13:16:27.564290 - Epoch:0 Iteration:154 rank:0 train.loss_avg:13.5781 train.ips:234.13 imgs/s train.time:0.0683 box=3.7187 cls=5.7005 dfl=4.1589 total=13.5781 per_target=0.056575 targets=240

       1/51       1.8G      3.724      5.762      4.159        240        640:   2%|▏         | 155/7393 [00:33<26:03,  4.63it/s]
       1/51       1.8G      3.725      5.762      4.159        249        640:   2%|▏         | 155/7393 [00:33<26:03,  4.63it/s]/n
TCAPPDLL 2025-11-09 13:16:27.616629 - Epoch:0 Iteration:155 rank:0 train.loss_avg:13.8607 train.ips:309.50 imgs/s train.time:0.0517 box=3.8884 cls=5.8134 dfl=4.1589 total=13.8607 per_target=0.055665 targets=249

       1/51       1.8G      3.727      5.762      4.159        265        640:   2%|▏         | 155/7393 [00:33<26:03,  4.63it/s]/n
TCAPPDLL 2025-11-09 13:16:28.022611 - Epoch:0 Iteration:156 rank:0 train.loss_avg:14.0099 train.ips:178.01 imgs/s train.time:0.0899 box=4.0339 cls=5.8171 dfl=4.1589 total=14.0099 per_target=0.052867 targets=265

       1/51       1.8G      3.727      5.762      4.159        265        640:   2%|▏         | 157/7393 [00:33<26:31,  4.55it/s]
       1/51       1.8G      3.726      5.763      4.159        250        640:   2%|▏         | 157/7393 [00:33<26:31,  4.55it/s]/n
TCAPPDLL 2025-11-09 13:16:28.078188 - Epoch:0 Iteration:157 rank:0 train.loss_avg:13.5589 train.ips:291.99 imgs/s train.time:0.0548 box=3.5867 cls=5.8133 dfl=4.1589 total=13.5589 per_target=0.054236 targets=250

       1/51       1.8G      3.727      5.762      4.159        277        640:   2%|▏         | 157/7393 [00:34<26:31,  4.55it/s]/n
TCAPPDLL 2025-11-09 13:16:28.472733 - Epoch:0 Iteration:158 rank:0 train.loss_avg:13.6987 train.ips:156.95 imgs/s train.time:0.1019 box=3.8487 cls=5.6911 dfl=4.1589 total=13.6987 per_target=0.049454 targets=277

       1/51       1.8G      3.727      5.762      4.159        277        640:   2%|▏         | 159/7393 [00:34<26:42,  4.51it/s]
       1/51       1.8G      3.728      5.762      4.159        230        640:   2%|▏         | 159/7393 [00:34<26:42,  4.51it/s]/n
TCAPPDLL 2025-11-09 13:16:28.535143 - Epoch:0 Iteration:159 rank:0 train.loss_avg:13.7769 train.ips:258.92 imgs/s train.time:0.0618 box=3.8171 cls=5.8009 dfl=4.1589 total=13.7769 per_target=0.059900 targets=230

       1/51       1.8G      3.727      5.763      4.159        201        640:   2%|▏         | 159/7393 [00:34<26:42,  4.51it/s]/n
TCAPPDLL 2025-11-09 13:16:28.825039 - Epoch:0 Iteration:160 rank:0 train.loss_avg:13.5973 train.ips:313.85 imgs/s train.time:0.0510 box=3.5943 cls=5.8441 dfl=4.1589 total=13.5973 per_target=0.067648 targets=201

       1/51       1.8G      3.727      5.763      4.159        201        640:   2%|▏         | 161/7393 [00:34<25:03,  4.81it/s]
       1/51       1.8G      3.727      5.763      4.159        206        640:   2%|▏         | 161/7393 [00:34<25:03,  4.81it/s]/n
TCAPPDLL 2025-11-09 13:16:28.872184 - Epoch:0 Iteration:161 rank:0 train.loss_avg:13.7192 train.ips:343.16 imgs/s train.time:0.0466 box=3.7381 cls=5.8222 dfl=4.1589 total=13.7192 per_target=0.066598 targets=206

       1/51       1.8G      3.728      5.763      4.159        224        640:   2%|▏         | 161/7393 [00:35<25:03,  4.81it/s]/n
TCAPPDLL 2025-11-09 13:16:29.216306 - Epoch:0 Iteration:162 rank:0 train.loss_avg:13.7160 train.ips:292.17 imgs/s train.time:0.0548 box=3.8331 cls=5.7240 dfl=4.1589 total=13.7160 per_target=0.061232 targets=224

       1/51       1.8G      3.728      5.763      4.159        224        640:   2%|▏         | 163/7393 [00:35<24:36,  4.90it/s]
       1/51       1.8G      3.727      5.763      4.159        255        640:   2%|▏         | 163/7393 [00:35<24:36,  4.90it/s]/n
TCAPPDLL 2025-11-09 13:16:29.264862 - Epoch:0 Iteration:163 rank:0 train.loss_avg:13.6145 train.ips:333.03 imgs/s train.time:0.0480 box=3.6809 cls=5.7747 dfl=4.1589 total=13.6145 per_target=0.053390 targets=255

       1/51       1.8G      3.728      5.763      4.159        229        640:   2%|▏         | 163/7393 [00:35<24:36,  4.90it/s]/n
TCAPPDLL 2025-11-09 13:16:29.653645 - Epoch:0 Iteration:164 rank:0 train.loss_avg:13.6549 train.ips:164.79 imgs/s train.time:0.0971 box=3.7838 cls=5.7122 dfl=4.1589 total=13.6549 per_target=0.059628 targets=229

       1/51       1.8G      3.728      5.763      4.159        229        640:   2%|▏         | 165/7393 [00:35<25:07,  4.79it/s]
       1/51       1.8G      3.728      5.763      4.159        223        640:   2%|▏         | 165/7393 [00:35<25:07,  4.79it/s]/n
TCAPPDLL 2025-11-09 13:16:29.724626 - Epoch:0 Iteration:165 rank:0 train.loss_avg:13.6577 train.ips:227.42 imgs/s train.time:0.0704 box=3.7429 cls=5.7560 dfl=4.1589 total=13.6577 per_target=0.061246 targets=223

       1/51       1.8G      3.727      5.763      4.159        305        640:   2%|▏         | 165/7393 [00:35<25:07,  4.79it/s]/n
TCAPPDLL 2025-11-09 13:16:30.051312 - Epoch:0 Iteration:166 rank:0 train.loss_avg:13.5263 train.ips:225.71 imgs/s train.time:0.0709 box=3.5675 cls=5.7999 dfl=4.1589 total=13.5263 per_target=0.044349 targets=305

       1/51       1.8G      3.727      5.763      4.159        305        640:   2%|▏         | 167/7393 [00:35<24:45,  4.86it/s]
       1/51       1.8G      3.726      5.763      4.159        170        640:   2%|▏         | 167/7393 [00:35<24:45,  4.86it/s]/n
TCAPPDLL 2025-11-09 13:16:30.101274 - Epoch:0 Iteration:167 rank:0 train.loss_avg:13.6577 train.ips:324.40 imgs/s train.time:0.0493 box=3.6462 cls=5.8526 dfl=4.1589 total=13.6577 per_target=0.080339 targets=170

       1/51       1.8G      3.726      5.763      4.159        239        640:   2%|▏         | 167/7393 [00:36<24:45,  4.86it/s]/n
TCAPPDLL 2025-11-09 13:16:30.479901 - Epoch:0 Iteration:168 rank:0 train.loss_avg:13.6171 train.ips:224.96 imgs/s train.time:0.0711 box=3.7501 cls=5.7081 dfl=4.1589 total=13.6171 per_target=0.056975 targets=239

       1/51       1.8G      3.726      5.763      4.159        239        640:   2%|▏         | 169/7393 [00:36<25:04,  4.80it/s]
       1/51       1.8G      3.725      5.763      4.159        273        640:   2%|▏         | 169/7393 [00:36<25:04,  4.80it/s]/n
TCAPPDLL 2025-11-09 13:16:30.531753 - Epoch:0 Iteration:169 rank:0 train.loss_avg:13.5085 train.ips:311.85 imgs/s train.time:0.0513 box=3.5376 cls=5.8120 dfl=4.1589 total=13.5085 per_target=0.049482 targets=273

       1/51       1.8G      3.726      5.764      4.159        127        640:   2%|▏         | 169/7393 [00:36<25:04,  4.80it/s]/n
TCAPPDLL 2025-11-09 13:16:30.915465 - Epoch:0 Iteration:170 rank:0 train.loss_avg:13.8155 train.ips:304.95 imgs/s train.time:0.0525 box=3.7569 cls=5.8997 dfl=4.1589 total=13.8155 per_target=0.108783 targets=127

       1/51       1.8G      3.726      5.764      4.159        127        640:   2%|▏         | 171/7393 [00:36<25:24,  4.74it/s]
       1/51       1.8G      3.726      5.764      4.159        316        640:   2%|▏         | 171/7393 [00:36<25:24,  4.74it/s]/n
TCAPPDLL 2025-11-09 13:16:30.969769 - Epoch:0 Iteration:171 rank:0 train.loss_avg:13.8081 train.ips:297.81 imgs/s train.time:0.0537 box=3.8729 cls=5.7763 dfl=4.1589 total=13.8081 per_target=0.043697 targets=316

       1/51       1.8G      3.727      5.764      4.159        243        640:   2%|▏         | 171/7393 [00:37<25:24,  4.74it/s]/n
TCAPPDLL 2025-11-09 13:16:31.350000 - Epoch:0 Iteration:172 rank:0 train.loss_avg:13.6956 train.ips:367.36 imgs/s train.time:0.0436 box=3.7731 cls=5.7636 dfl=4.1589 total=13.6956 per_target=0.056360 targets=243

       1/51       1.8G      3.727      5.764      4.159        243        640:   2%|▏         | 173/7393 [00:37<25:37,  4.70it/s]
       1/51       1.8G      3.726      5.764      4.159        235        640:   2%|▏         | 173/7393 [00:37<25:37,  4.70it/s]/n
TCAPPDLL 2025-11-09 13:16:31.403048 - Epoch:0 Iteration:173 rank:0 train.loss_avg:13.5928 train.ips:304.51 imgs/s train.time:0.0525 box=3.6659 cls=5.7680 dfl=4.1589 total=13.5928 per_target=0.057842 targets=235

       1/51       1.8G      3.725      5.764      4.159        230        640:   2%|▏         | 173/7393 [00:37<25:37,  4.70it/s]/n
TCAPPDLL 2025-11-09 13:16:31.809015 - Epoch:0 Iteration:174 rank:0 train.loss_avg:13.4120 train.ips:310.79 imgs/s train.time:0.0515 box=3.4873 cls=5.7659 dfl=4.1589 total=13.4120 per_target=0.058313 targets=230

       1/51       1.8G      3.725      5.764      4.159        230        640:   2%|▏         | 175/7393 [00:37<26:12,  4.59it/s]
       1/51       1.8G      3.724      5.765      4.159        287        640:   2%|▏         | 175/7393 [00:37<26:12,  4.59it/s]/n
TCAPPDLL 2025-11-09 13:16:31.858927 - Epoch:0 Iteration:175 rank:0 train.loss_avg:13.5547 train.ips:324.76 imgs/s train.time:0.0493 box=3.5890 cls=5.8069 dfl=4.1589 total=13.5547 per_target=0.047229 targets=287

       1/51       1.8G      3.724      5.764      4.159        228        640:   2%|▏         | 175/7393 [00:38<26:12,  4.59it/s]/n
TCAPPDLL 2025-11-09 13:16:32.232364 - Epoch:0 Iteration:176 rank:0 train.loss_avg:13.6480 train.ips:267.13 imgs/s train.time:0.0599 box=3.7580 cls=5.7312 dfl=4.1589 total=13.6480 per_target=0.059860 targets=228

       1/51       1.8G      3.724      5.764      4.159        228        640:   2%|▏         | 177/7393 [00:38<25:58,  4.63it/s]
       1/51       1.8G      3.725      5.764      4.159        257        640:   2%|▏         | 177/7393 [00:38<25:58,  4.63it/s]/n
TCAPPDLL 2025-11-09 13:16:32.279718 - Epoch:0 Iteration:177 rank:0 train.loss_avg:13.6783 train.ips:343.44 imgs/s train.time:0.0466 box=3.7634 cls=5.7560 dfl=4.1589 total=13.6783 per_target=0.053223 targets=257

       1/51       1.8G      3.724      5.764      4.159        293        640:   2%|▏         | 177/7393 [00:38<25:58,  4.63it/s]/n
TCAPPDLL 2025-11-09 13:16:32.693621 - Epoch:0 Iteration:178 rank:0 train.loss_avg:13.5985 train.ips:250.26 imgs/s train.time:0.0639 box=3.7025 cls=5.7371 dfl=4.1589 total=13.5985 per_target=0.046411 targets=293

       1/51       1.8G      3.724      5.764      4.159        293        640:   2%|▏         | 179/7393 [00:38<26:30,  4.54it/s]
       1/51       1.8G      3.724      5.764      4.159        345        640:   2%|▏         | 179/7393 [00:38<26:30,  4.54it/s]/n
TCAPPDLL 2025-11-09 13:16:32.749563 - Epoch:0 Iteration:179 rank:0 train.loss_avg:13.6548 train.ips:288.60 imgs/s train.time:0.0554 box=3.7257 cls=5.7702 dfl=4.1589 total=13.6548 per_target=0.039579 targets=345

       1/51       1.8G      3.724      5.764      4.159        230        640:   2%|▏         | 179/7393 [00:38<26:30,  4.54it/s]/n
TCAPPDLL 2025-11-09 13:16:33.157920 - Epoch:0 Iteration:180 rank:0 train.loss_avg:13.5481 train.ips:207.38 imgs/s train.time:0.0772 box=3.6372 cls=5.7519 dfl=4.1589 total=13.5481 per_target=0.058905 targets=230

       1/51       1.8G      3.724      5.764      4.159        230        640:   2%|▏         | 181/7393 [00:38<26:55,  4.47it/s]
       1/51       1.8G      3.725      5.764      4.159        365        640:   2%|▏         | 181/7393 [00:39<26:55,  4.47it/s]/n
TCAPPDLL 2025-11-09 13:16:33.221042 - Epoch:0 Iteration:181 rank:0 train.loss_avg:13.8114 train.ips:255.85 imgs/s train.time:0.0625 box=3.8479 cls=5.8046 dfl=4.1589 total=13.8114 per_target=0.037840 targets=365

       1/51       1.8G      3.725      5.765      4.159        183        640:   2%|▏         | 181/7393 [00:39<26:55,  4.47it/s]/n
TCAPPDLL 2025-11-09 13:16:33.519531 - Epoch:0 Iteration:182 rank:0 train.loss_avg:13.8881 train.ips:319.31 imgs/s train.time:0.0501 box=3.8494 cls=5.8799 dfl=4.1589 total=13.8881 per_target=0.075891 targets=183

       1/51       1.8G      3.725      5.765      4.159        183        640:   2%|▏         | 183/7393 [00:39<25:21,  4.74it/s]
       1/51       1.8G      3.725      5.765      4.159        124        640:   2%|▏         | 183/7393 [00:39<25:21,  4.74it/s]/n
TCAPPDLL 2025-11-09 13:16:33.573428 - Epoch:0 Iteration:183 rank:0 train.loss_avg:13.5727 train.ips:299.83 imgs/s train.time:0.0534 box=3.6355 cls=5.7783 dfl=4.1589 total=13.5727 per_target=0.109457 targets=124

       1/51       1.8G      3.726      5.765      4.159        239        640:   2%|▏         | 183/7393 [00:39<25:21,  4.74it/s]/n
TCAPPDLL 2025-11-09 13:16:34.025040 - Epoch:0 Iteration:184 rank:0 train.loss_avg:13.7988 train.ips:247.14 imgs/s train.time:0.0647 box=3.8872 cls=5.7528 dfl=4.1589 total=13.7988 per_target=0.057736 targets=239

       1/51       1.8G      3.726      5.765      4.159        239        640:   3%|▎         | 185/7393 [00:39<26:51,  4.47it/s]
       1/51       1.8G      3.724      5.765      4.159        276        640:   3%|▎         | 185/7393 [00:39<26:51,  4.47it/s]/n
TCAPPDLL 2025-11-09 13:16:34.081673 - Epoch:0 Iteration:185 rank:0 train.loss_avg:13.3648 train.ips:285.04 imgs/s train.time:0.0561 box=3.4955 cls=5.7105 dfl=4.1589 total=13.3648 per_target=0.048423 targets=276

       1/51       1.8G      3.724      5.765      4.159        269        640:   3%|▎         | 185/7393 [00:40<26:51,  4.47it/s]/n
TCAPPDLL 2025-11-09 13:16:34.454552 - Epoch:0 Iteration:186 rank:0 train.loss_avg:13.6558 train.ips:221.91 imgs/s train.time:0.0721 box=3.6988 cls=5.7981 dfl=4.1589 total=13.6558 per_target=0.050765 targets=269

       1/51       1.8G      3.724      5.765      4.159        269        640:   3%|▎         | 187/7393 [00:40<26:31,  4.53it/s]
       1/51       1.8G      3.725      5.765      4.159        232        640:   3%|▎         | 187/7393 [00:40<26:31,  4.53it/s]/n
TCAPPDLL 2025-11-09 13:16:34.516090 - Epoch:0 Iteration:187 rank:0 train.loss_avg:13.6361 train.ips:262.47 imgs/s train.time:0.0610 box=3.7695 cls=5.7077 dfl=4.1589 total=13.6361 per_target=0.058776 targets=232

       1/51       1.8G      3.726      5.765      4.159        325        640:   3%|▎         | 187/7393 [00:40<26:31,  4.53it/s]/n
TCAPPDLL 2025-11-09 13:16:34.900944 - Epoch:0 Iteration:188 rank:0 train.loss_avg:14.1018 train.ips:221.20 imgs/s train.time:0.0723 box=4.0628 cls=5.8801 dfl=4.1589 total=14.1018 per_target=0.043390 targets=325

       1/51       1.8G      3.726      5.765      4.159        325        640:   3%|▎         | 189/7393 [00:40<26:36,  4.51it/s]
       1/51       1.8G      3.726      5.766      4.159        368        640:   3%|▎         | 189/7393 [00:40<26:36,  4.51it/s]/n
TCAPPDLL 2025-11-09 13:16:34.948710 - Epoch:0 Iteration:189 rank:0 train.loss_avg:13.7372 train.ips:338.77 imgs/s train.time:0.0472 box=3.7161 cls=5.8623 dfl=4.1589 total=13.7372 per_target=0.037329 targets=368

       1/51       1.8G      3.726      5.765      4.159        304        640:   3%|▎         | 189/7393 [00:41<26:36,  4.51it/s]/n
TCAPPDLL 2025-11-09 13:16:35.250447 - Epoch:0 Iteration:190 rank:0 train.loss_avg:13.5639 train.ips:349.79 imgs/s train.time:0.0457 box=3.6989 cls=5.7062 dfl=4.1589 total=13.5639 per_target=0.044618 targets=304

       1/51       1.8G      3.726      5.765      4.159        304        640:   3%|▎         | 191/7393 [00:41<24:54,  4.82it/s]
       1/51       1.8G      3.726      5.765      4.159        193        640:   3%|▎         | 191/7393 [00:41<24:54,  4.82it/s]/n
TCAPPDLL 2025-11-09 13:16:35.295212 - Epoch:0 Iteration:191 rank:0 train.loss_avg:13.6446 train.ips:361.35 imgs/s train.time:0.0443 box=3.7791 cls=5.7067 dfl=4.1589 total=13.6446 per_target=0.070698 targets=193

       1/51       1.8G      3.726      5.765      4.159        241        640:   3%|▎         | 191/7393 [00:41<24:54,  4.82it/s]/n
TCAPPDLL 2025-11-09 13:16:35.730560 - Epoch:0 Iteration:192 rank:0 train.loss_avg:13.6452 train.ips:310.54 imgs/s train.time:0.0515 box=3.7012 cls=5.7852 dfl=4.1589 total=13.6452 per_target=0.056619 targets=241

       1/51       1.8G      3.726      5.765      4.159        241        640:   3%|▎         | 193/7393 [00:41<26:04,  4.60it/s]
       1/51       1.8G      3.726      5.765      4.159        182        640:   3%|▎         | 193/7393 [00:41<26:04,  4.60it/s]/n
TCAPPDLL 2025-11-09 13:16:35.775846 - Epoch:0 Iteration:193 rank:0 train.loss_avg:13.4937 train.ips:357.42 imgs/s train.time:0.0448 box=3.5747 cls=5.7602 dfl=4.1589 total=13.4937 per_target=0.074141 targets=182

       1/51       1.8G      3.726      5.765      4.159        326        640:   3%|▎         | 193/7393 [00:42<26:04,  4.60it/s]/n
TCAPPDLL 2025-11-09 13:16:36.246201 - Epoch:0 Iteration:194 rank:0 train.loss_avg:13.7550 train.ips:326.69 imgs/s train.time:0.0490 box=3.8241 cls=5.7720 dfl=4.1589 total=13.7550 per_target=0.042193 targets=326

       1/51       1.8G      3.726      5.765      4.159        326        640:   3%|▎         | 195/7393 [00:42<27:31,  4.36it/s]
       1/51       1.8G      3.726      5.765      4.159        313        640:   3%|▎         | 195/7393 [00:42<27:31,  4.36it/s]/n
TCAPPDLL 2025-11-09 13:16:36.291763 - Epoch:0 Iteration:195 rank:0 train.loss_avg:13.5833 train.ips:355.24 imgs/s train.time:0.0450 box=3.6685 cls=5.7559 dfl=4.1589 total=13.5833 per_target=0.043397 targets=313

       1/51       1.8G      3.727      5.765      4.159        282        640:   3%|▎         | 195/7393 [00:42<27:31,  4.36it/s]/n
TCAPPDLL 2025-11-09 13:16:36.645384 - Epoch:0 Iteration:196 rank:0 train.loss_avg:13.8058 train.ips:287.65 imgs/s train.time:0.0556 box=3.8893 cls=5.7576 dfl=4.1589 total=13.8058 per_target=0.048957 targets=282

       1/51       1.8G      3.727      5.765      4.159        282        640:   3%|▎         | 197/7393 [00:42<26:26,  4.54it/s]
       1/51       1.8G      3.726      5.765      4.159        358        640:   3%|▎         | 197/7393 [00:42<26:26,  4.54it/s]/n
TCAPPDLL 2025-11-09 13:16:36.699861 - Epoch:0 Iteration:197 rank:0 train.loss_avg:13.6543 train.ips:296.09 imgs/s train.time:0.0540 box=3.7047 cls=5.7907 dfl=4.1589 total=13.6543 per_target=0.038140 targets=358

       1/51       1.8G      3.727      5.765      4.159        325        640:   3%|▎         | 197/7393 [00:42<26:26,  4.54it/s]/n
TCAPPDLL 2025-11-09 13:16:37.028105 - Epoch:0 Iteration:198 rank:0 train.loss_avg:13.6971 train.ips:349.16 imgs/s train.time:0.0458 box=3.7941 cls=5.7441 dfl=4.1589 total=13.6971 per_target=0.042145 targets=325

       1/51       1.8G      3.727      5.765      4.159        325        640:   3%|▎         | 199/7393 [00:42<25:23,  4.72it/s]
       1/51       1.8G      3.728      5.766      4.159        311        640:   3%|▎         | 199/7393 [00:42<25:23,  4.72it/s]/n
TCAPPDLL 2025-11-09 13:16:37.080987 - Epoch:0 Iteration:199 rank:0 train.loss_avg:13.9079 train.ips:305.08 imgs/s train.time:0.0524 box=3.8919 cls=5.8572 dfl=4.1589 total=13.9079 per_target=0.044720 targets=311

       1/51       1.8G      3.727      5.765      4.159        297        640:   3%|▎         | 199/7393 [00:43<25:23,  4.72it/s]/n
TCAPPDLL 2025-11-09 13:16:37.440992 - Epoch:0 Iteration:200 rank:0 train.loss_avg:13.4187 train.ips:217.17 imgs/s train.time:0.0737 box=3.5857 cls=5.6742 dfl=4.1589 total=13.4187 per_target=0.045181 targets=297
