Training with a single process on 1 device (cuda).
Model inception_resnet_v2 created, param count:55843464
Data processing configuration for current model + dataset:
	input_size: (3, 299, 299)
	interpolation: bicubic
	mean: (0.5, 0.5, 0.5)
	std: (0.5, 0.5, 0.5)
	crop_pct: 0.8975
	crop_mode: center
Created SGD (sgd) optimizer: lr: 0.4, momentum: 0.9, dampening: 0, weight_decay: 2e-05, nesterov: True, maximize: False, foreach: None, differentiable: False, fused: None
Using native Torch AMP. Training in mixed precision.
Scheduled epochs: 1 (epochs + cooldown_epochs). Warmup within epochs when warmup_prefix=False. LR stepped per epoch.
TCAPPDLL 2025-12-12 16:42:35.222594 - Epoch: 0 Iteration: 0  rank : 0  train.loss : 6.958798408508301  train.ips : 39062.20256111758 imgs/s train.total_time : 0.0004096031188964844
TCAPPDLL 2025-12-12 16:42:35.347440 - Epoch: 0 Iteration: 1  rank : 0  train.loss : 6.906786918640137  train.ips : 59335.865605658706 imgs/s train.total_time : 0.0002696514129638672
TCAPPDLL 2025-12-12 16:42:35.449267 - Epoch: 0 Iteration: 2  rank : 0  train.loss : 6.990961074829102  train.ips : 63852.3920076118 imgs/s train.total_time : 0.0002505779266357422
TCAPPDLL 2025-12-12 16:42:35.553154 - Epoch: 0 Iteration: 3  rank : 0  train.loss : 6.9003214836120605  train.ips : 64219.00861244019 imgs/s train.total_time : 0.0002491474151611328
TCAPPDLL 2025-12-12 16:42:35.675901 - Epoch: 0 Iteration: 4  rank : 0  train.loss : 7.01389217376709  train.ips : 55233.6329218107 imgs/s train.total_time : 0.00028967857360839844
TCAPPDLL 2025-12-12 16:42:35.783454 - Epoch: 0 Iteration: 5  rank : 0  train.loss : 6.953517913818359  train.ips : 63731.11490978158 imgs/s train.total_time : 0.0002510547637939453
TCAPPDLL 2025-12-12 16:42:35.898769 - Epoch: 0 Iteration: 6  rank : 0  train.loss : 6.927455902099609  train.ips : 59335.865605658706 imgs/s train.total_time : 0.0002696514129638672
TCAPPDLL 2025-12-12 16:42:37.011289 - Epoch: 0 Iteration: 7  rank : 0  train.loss : 6.934676647186279  train.ips : 62137.83703703704 imgs/s train.total_time : 0.0002574920654296875
TCAPPDLL 2025-12-12 16:42:38.794953 - Epoch: 0 Iteration: 8  rank : 0  train.loss : 6.881708145141602  train.ips : 69399.03205791107 imgs/s train.total_time : 0.00023055076599121094
TCAPPDLL 2025-12-12 16:42:38.896033 - Epoch: 0 Iteration: 9  rank : 0  train.loss : 7.009398937225342  train.ips : 74482.64594894562 imgs/s train.total_time : 0.0002148151397705078
TCAPPDLL 2025-12-12 16:42:39.001984 - Epoch: 0 Iteration: 10  rank : 0  train.loss : 7.02033805847168  train.ips : 71928.04287245445 imgs/s train.total_time : 0.0002224445343017578
TCAPPDLL 2025-12-12 16:42:39.702049 - Epoch: 0 Iteration: 11  rank : 0  train.loss : 7.0184478759765625  train.ips : 63191.02071563088 imgs/s train.total_time : 0.0002532005310058594
TCAPPDLL 2025-12-12 16:42:41.550382 - Epoch: 0 Iteration: 12  rank : 0  train.loss : 6.866698265075684  train.ips : 64219.00861244019 imgs/s train.total_time : 0.0002491474151611328
TCAPPDLL 2025-12-12 16:42:41.660839 - Epoch: 0 Iteration: 13  rank : 0  train.loss : 7.021533012390137  train.ips : 75658.24577226606 imgs/s train.total_time : 0.00021147727966308594
TCAPPDLL 2025-12-12 16:42:41.769870 - Epoch: 0 Iteration: 14  rank : 0  train.loss : 6.993166923522949  train.ips : 74981.97094972066 imgs/s train.total_time : 0.00021338462829589844
TCAPPDLL 2025-12-12 16:42:42.443154 - Epoch: 0 Iteration: 15  rank : 0  train.loss : 6.905466079711914  train.ips : 69255.79360165118 imgs/s train.total_time : 0.00023102760314941406
TCAPPDLL 2025-12-12 16:42:44.381527 - Epoch: 0 Iteration: 16  rank : 0  train.loss : 6.947078704833984  train.ips : 57016.876805437554 imgs/s train.total_time : 0.00028061866760253906
TCAPPDLL 2025-12-12 16:42:44.491826 - Epoch: 0 Iteration: 17  rank : 0  train.loss : 6.995844841003418  train.ips : 60133.390681003584 imgs/s train.total_time : 0.00026607513427734375
TCAPPDLL 2025-12-12 16:42:44.598224 - Epoch: 0 Iteration: 18  rank : 0  train.loss : 6.935817241668701  train.ips : 52306.20732657833 imgs/s train.total_time : 0.0003058910369873047
TCAPPDLL 2025-12-12 16:42:45.583650 - Epoch: 0 Iteration: 19  rank : 0  train.loss : 6.856936931610107  train.ips : 57852.46896551724 imgs/s train.total_time : 0.0002765655517578125
TCAPPDLL 2025-12-12 16:42:46.030753 - Epoch: 0 Iteration: 20  rank : 0  train.loss : 6.862875461578369  train.ips : 72237.74381054897 imgs/s train.total_time : 0.00022149085998535156
TCAPPDLL 2025-12-12 16:42:46.133386 - Epoch: 0 Iteration: 21  rank : 0  train.loss : 7.060200214385986  train.ips : 76695.84457142858 imgs/s train.total_time : 0.0002086162567138672
TCAPPDLL 2025-12-12 16:42:46.239071 - Epoch: 0 Iteration: 22  rank : 0  train.loss : 6.850857734680176  train.ips : 22497.10492792491 imgs/s train.total_time : 0.0007112026214599609
TCAPPDLL 2025-12-12 16:42:47.918609 - Epoch: 0 Iteration: 23  rank : 0  train.loss : 6.9712114334106445  train.ips : 62080.355226642 imgs/s train.total_time : 0.00025773048400878906
TCAPPDLL 2025-12-12 16:42:48.784190 - Epoch: 0 Iteration: 24  rank : 0  train.loss : 6.879912853240967  train.ips : 61398.77767612077 imgs/s train.total_time : 0.0002605915069580078
TCAPPDLL 2025-12-12 16:42:48.891215 - Epoch: 0 Iteration: 25  rank : 0  train.loss : 6.972033500671387  train.ips : 68408.62793068298 imgs/s train.total_time : 0.0002338886260986328
TCAPPDLL 2025-12-12 16:42:48.998449 - Epoch: 0 Iteration: 26  rank : 0  train.loss : 6.921368598937988  train.ips : 65091.041707080505 imgs/s train.total_time : 0.00024580955505371094
TCAPPDLL 2025-12-12 16:42:50.684216 - Epoch: 0 Iteration: 27  rank : 0  train.loss : 6.881744384765625  train.ips : 64714.430086788816 imgs/s train.total_time : 0.0002472400665283203
TCAPPDLL 2025-12-12 16:42:51.545956 - Epoch: 0 Iteration: 28  rank : 0  train.loss : 6.848757266998291  train.ips : 65664.25048923679 imgs/s train.total_time : 0.00024366378784179688
TCAPPDLL 2025-12-12 16:42:51.653703 - Epoch: 0 Iteration: 29  rank : 0  train.loss : 6.805841445922852  train.ips : 78306.72578763127 imgs/s train.total_time : 0.00020432472229003906
TCAPPDLL 2025-12-12 16:42:51.766028 - Epoch: 0 Iteration: 30  rank : 0  train.loss : 6.802404403686523  train.ips : 35639.33297928837 imgs/s train.total_time : 0.0004489421844482422
TCAPPDLL 2025-12-12 16:42:53.223339 - Epoch: 0 Iteration: 31  rank : 0  train.loss : 6.924801349639893  train.ips : 35753.257325519444 imgs/s train.total_time : 0.0004475116729736328
TCAPPDLL 2025-12-12 16:42:54.249973 - Epoch: 0 Iteration: 32  rank : 0  train.loss : 6.85614013671875  train.ips : 54604.445890968265 imgs/s train.total_time : 0.0002930164337158203
TCAPPDLL 2025-12-12 16:42:54.397080 - Epoch: 0 Iteration: 33  rank : 0  train.loss : 6.802701950073242  train.ips : 51701.74422187982 imgs/s train.total_time : 0.0003094673156738281
TCAPPDLL 2025-12-12 16:42:54.520931 - Epoch: 0 Iteration: 34  rank : 0  train.loss : 7.041298866271973  train.ips : 59599.34635879219 imgs/s train.total_time : 0.0002684593200683594
TCAPPDLL 2025-12-12 16:42:54.934075 - Epoch: 0 Iteration: 35  rank : 0  train.loss : 6.779236316680908  train.ips : 67923.95141700405 imgs/s train.total_time : 0.00023555755615234375
TCAPPDLL 2025-12-12 16:42:57.204057 - Epoch: 0 Iteration: 36  rank : 0  train.loss : 6.933013916015625  train.ips : 65536.0 imgs/s train.total_time : 0.000244140625
TCAPPDLL 2025-12-12 16:42:57.309481 - Epoch: 0 Iteration: 37  rank : 0  train.loss : 6.9445295333862305  train.ips : 82040.1760391198 imgs/s train.total_time : 0.00019502639770507812
TCAPPDLL 2025-12-12 16:42:57.414432 - Epoch: 0 Iteration: 38  rank : 0  train.loss : 7.058115005493164  train.ips : 60567.56678700361 imgs/s train.total_time : 0.00026416778564453125
TCAPPDLL 2025-12-12 16:42:57.891583 - Epoch: 0 Iteration: 39  rank : 0  train.loss : 6.8504638671875  train.ips : 62894.9053420806 imgs/s train.total_time : 0.0002543926239013672
TCAPPDLL 2025-12-12 16:42:59.988835 - Epoch: 0 Iteration: 40  rank : 0  train.loss : 7.00886344909668  train.ips : 59022.747581354444 imgs/s train.total_time : 0.00027108192443847656
TCAPPDLL 2025-12-12 16:43:00.109781 - Epoch: 0 Iteration: 41  rank : 0  train.loss : 7.003440856933594  train.ips : 64342.15148609779 imgs/s train.total_time : 0.0002486705780029297
TCAPPDLL 2025-12-12 16:43:00.215833 - Epoch: 0 Iteration: 42  rank : 0  train.loss : 6.852313041687012  train.ips : 67992.77001013172 imgs/s train.total_time : 0.0002353191375732422
TCAPPDLL 2025-12-12 16:43:00.757772 - Epoch: 0 Iteration: 43  rank : 0  train.loss : 6.984836101531982  train.ips : 63550.06060606061 imgs/s train.total_time : 0.00025177001953125
TCAPPDLL 2025-12-12 16:43:02.405854 - Epoch: 0 Iteration: 44  rank : 0  train.loss : 7.012208938598633  train.ips : 58508.16390584133 imgs/s train.total_time : 0.0002734661102294922
TCAPPDLL 2025-12-12 16:43:02.513829 - Epoch: 0 Iteration: 45  rank : 0  train.loss : 6.946583271026611  train.ips : 60677.09222423146 imgs/s train.total_time : 0.0002636909484863281
TCAPPDLL 2025-12-12 16:43:02.618741 - Epoch: 0 Iteration: 46  rank : 0  train.loss : 6.896481513977051  train.ips : 60842.12511332729 imgs/s train.total_time : 0.00026297569274902344
TCAPPDLL 2025-12-12 16:43:03.478954 - Epoch: 0 Iteration: 47  rank : 0  train.loss : 6.994146347045898  train.ips : 39639.021854695806 imgs/s train.total_time : 0.0004036426544189453
TCAPPDLL 2025-12-12 16:43:05.346769 - Epoch: 0 Iteration: 48  rank : 0  train.loss : 6.936473846435547  train.ips : 69255.79360165118 imgs/s train.total_time : 0.00023102760314941406
TCAPPDLL 2025-12-12 16:43:05.451430 - Epoch: 0 Iteration: 49  rank : 0  train.loss : 6.925815582275391  train.ips : 55370.3498349835 imgs/s train.total_time : 0.00028896331787109375
TCAPPDLL 2025-12-12 16:43:05.557962 - Epoch: 0 Iteration: 50  rank : 0  train.loss : 7.05919075012207  train.ips : 66908.13958125623 imgs/s train.total_time : 0.0002391338348388672
TCAPPDLL 2025-12-12 16:43:06.246336 - Epoch: 0 Iteration: 51  rank : 0  train.loss : 6.920544624328613  train.ips : 65408.24951267056 imgs/s train.total_time : 0.0002446174621582031
TCAPPDLL 2025-12-12 16:43:07.068106 - Epoch: 0 Iteration: 52  rank : 0  train.loss : 6.966988563537598  train.ips : 56017.41569282137 imgs/s train.total_time : 0.0002856254577636719
TCAPPDLL 2025-12-12 16:43:07.178576 - Epoch: 0 Iteration: 53  rank : 0  train.loss : 6.956393241882324  train.ips : 67513.9476861167 imgs/s train.total_time : 0.00023698806762695312
TCAPPDLL 2025-12-12 16:43:07.284908 - Epoch: 0 Iteration: 54  rank : 0  train.loss : 6.967179298400879  train.ips : 65664.25048923679 imgs/s train.total_time : 0.00024366378784179688
TCAPPDLL 2025-12-12 16:43:09.083795 - Epoch: 0 Iteration: 55  rank : 0  train.loss : 6.988529682159424  train.ips : 64403.90019193858 imgs/s train.total_time : 0.0002484321594238281
TCAPPDLL 2025-12-12 16:43:09.708957 - Epoch: 0 Iteration: 56  rank : 0  train.loss : 6.847846031188965  train.ips : 63913.20380952381 imgs/s train.total_time : 0.0002503395080566406
TCAPPDLL 2025-12-12 16:43:09.994206 - Epoch: 0 Iteration: 57  rank : 0  train.loss : 6.967058181762695  train.ips : 58970.88224956063 imgs/s train.total_time : 0.0002713203430175781
TCAPPDLL 2025-12-12 16:43:10.102929 - Epoch: 0 Iteration: 58  rank : 0  train.loss : 6.83924674987793  train.ips : 60567.56678700361 imgs/s train.total_time : 0.00026416778564453125
TCAPPDLL 2025-12-12 16:43:12.056052 - Epoch: 0 Iteration: 59  rank : 0  train.loss : 6.973180294036865  train.ips : 58712.91688538933 imgs/s train.total_time : 0.00027251243591308594
TCAPPDLL 2025-12-12 16:43:12.532241 - Epoch: 0 Iteration: 60  rank : 0  train.loss : 6.900160312652588  train.ips : 59335.865605658706 imgs/s train.total_time : 0.0002696514129638672
TCAPPDLL 2025-12-12 16:43:12.647705 - Epoch: 0 Iteration: 61  rank : 0  train.loss : 6.997486114501953  train.ips : 68548.379979571 imgs/s train.total_time : 0.0002334117889404297
TCAPPDLL 2025-12-12 16:43:12.767587 - Epoch: 0 Iteration: 62  rank : 0  train.loss : 6.997037887573242  train.ips : 34204.31396534149 imgs/s train.total_time : 0.0004677772521972656
TCAPPDLL 2025-12-12 16:43:15.211374 - Epoch: 0 Iteration: 63  rank : 0  train.loss : 6.988930702209473  train.ips : 56252.19111483655 imgs/s train.total_time : 0.00028443336486816406
TCAPPDLL 2025-12-12 16:43:15.315372 - Epoch: 0 Iteration: 64  rank : 0  train.loss : 6.985161304473877  train.ips : 60187.32197309417 imgs/s train.total_time : 0.0002658367156982422
TCAPPDLL 2025-12-12 16:43:15.674223 - Epoch: 0 Iteration: 65  rank : 0  train.loss : 6.93879508972168  train.ips : 69542.86424870466 imgs/s train.total_time : 0.0002300739288330078
TCAPPDLL 2025-12-12 16:43:15.779075 - Epoch: 0 Iteration: 66  rank : 0  train.loss : 7.017451763153076  train.ips : 61794.534069981586 imgs/s train.total_time : 0.0002589225769042969
TCAPPDLL 2025-12-12 16:43:17.831420 - Epoch: 0 Iteration: 67  rank : 0  train.loss : 6.864626884460449  train.ips : 65664.25048923679 imgs/s train.total_time : 0.00024366378784179688
TCAPPDLL 2025-12-12 16:43:17.934253 - Epoch: 0 Iteration: 68  rank : 0  train.loss : 6.9482598304748535  train.ips : 69905.06666666667 imgs/s train.total_time : 0.0002288818359375
TCAPPDLL 2025-12-12 16:43:18.430866 - Epoch: 0 Iteration: 69  rank : 0  train.loss : 6.918219566345215  train.ips : 72550.12324324324 imgs/s train.total_time : 0.0002205371856689453
TCAPPDLL 2025-12-12 16:43:18.553600 - Epoch: 0 Iteration: 70  rank : 0  train.loss : 6.903575897216797  train.ips : 76959.70642201835 imgs/s train.total_time : 0.0002079010009765625
TCAPPDLL 2025-12-12 16:43:20.499052 - Epoch: 0 Iteration: 71  rank : 0  train.loss : 6.907101631164551  train.ips : 62022.97966728281 imgs/s train.total_time : 0.0002579689025878906
TCAPPDLL 2025-12-12 16:43:20.606264 - Epoch: 0 Iteration: 72  rank : 0  train.loss : 6.972341537475586  train.ips : 61567.76513761468 imgs/s train.total_time : 0.0002598762512207031
TCAPPDLL 2025-12-12 16:43:21.187624 - Epoch: 0 Iteration: 73  rank : 0  train.loss : 6.9818315505981445  train.ips : 53261.003174603175 imgs/s train.total_time : 0.00030040740966796875
TCAPPDLL 2025-12-12 16:43:21.293929 - Epoch: 0 Iteration: 74  rank : 0  train.loss : 6.960351943969727  train.ips : 65536.0 imgs/s train.total_time : 0.000244140625
TCAPPDLL 2025-12-12 16:43:23.381906 - Epoch: 0 Iteration: 75  rank : 0  train.loss : 6.832213401794434  train.ips : 65091.041707080505 imgs/s train.total_time : 0.00024580955505371094
TCAPPDLL 2025-12-12 16:43:23.490916 - Epoch: 0 Iteration: 76  rank : 0  train.loss : 6.864101886749268  train.ips : 76520.93956670468 imgs/s train.total_time : 0.0002090930938720703
TCAPPDLL 2025-12-12 16:43:23.976520 - Epoch: 0 Iteration: 77  rank : 0  train.loss : 6.971640110015869  train.ips : 56441.43313708999 imgs/s train.total_time : 0.0002834796905517578
TCAPPDLL 2025-12-12 16:43:24.083698 - Epoch: 0 Iteration: 78  rank : 0  train.loss : 6.890292644500732  train.ips : 56017.41569282137 imgs/s train.total_time : 0.0002856254577636719
TCAPPDLL 2025-12-12 16:43:24.992666 - Epoch: 0 Iteration: 79  rank : 0  train.loss : 7.076641082763672  train.ips : 70939.60253699789 imgs/s train.total_time : 0.00022554397583007812
TCAPPDLL 2025-12-12 16:43:25.102087 - Epoch: 0 Iteration: 80  rank : 0  train.loss : 6.893372058868408  train.ips : 60079.55595344673 imgs/s train.total_time : 0.0002663135528564453
TCAPPDLL 2025-12-12 16:43:26.309072 - Epoch: 0 Iteration: 81  rank : 0  train.loss : 6.924610614776611  train.ips : 55052.390484003285 imgs/s train.total_time : 0.0002906322479248047
TCAPPDLL 2025-12-12 16:43:26.432280 - Epoch: 0 Iteration: 82  rank : 0  train.loss : 7.012746334075928  train.ips : 67650.06451612903 imgs/s train.total_time : 0.00023651123046875
TCAPPDLL 2025-12-12 16:43:27.882316 - Epoch: 0 Iteration: 83  rank : 0  train.loss : 6.8633317947387695  train.ips : 69184.39587628866 imgs/s train.total_time : 0.00023126602172851562
TCAPPDLL 2025-12-12 16:43:27.988019 - Epoch: 0 Iteration: 84  rank : 0  train.loss : 6.96632194519043  train.ips : 68478.43265306123 imgs/s train.total_time : 0.00023365020751953125
TCAPPDLL 2025-12-12 16:43:28.093962 - Epoch: 0 Iteration: 85  rank : 0  train.loss : 6.952665328979492  train.ips : 64902.189555125726 imgs/s train.total_time : 0.0002465248107910156
TCAPPDLL 2025-12-12 16:43:28.200019 - Epoch: 0 Iteration: 86  rank : 0  train.loss : 6.996457099914551  train.ips : 56158.045188284515 imgs/s train.total_time : 0.0002849102020263672
TCAPPDLL 2025-12-12 16:43:31.023032 - Epoch: 0 Iteration: 87  rank : 0  train.loss : 6.908418655395508  train.ips : 26081.952584531675 imgs/s train.total_time : 0.0006134510040283203
TCAPPDLL 2025-12-12 16:43:31.146428 - Epoch: 0 Iteration: 88  rank : 0  train.loss : 6.863714218139648  train.ips : 73503.68455640745 imgs/s train.total_time : 0.00021767616271972656
TCAPPDLL 2025-12-12 16:43:31.251759 - Epoch: 0 Iteration: 89  rank : 0  train.loss : 6.898468971252441  train.ips : 61794.534069981586 imgs/s train.total_time : 0.0002589225769042969
TCAPPDLL 2025-12-12 16:43:31.357486 - Epoch: 0 Iteration: 90  rank : 0  train.loss : 7.016695976257324  train.ips : 65027.96899224806 imgs/s train.total_time : 0.0002460479736328125
TCAPPDLL 2025-12-12 16:43:33.653737 - Epoch: 0 Iteration: 91  rank : 0  train.loss : 6.844801425933838  train.ips : 56441.43313708999 imgs/s train.total_time : 0.0002834796905517578
TCAPPDLL 2025-12-12 16:43:33.760203 - Epoch: 0 Iteration: 92  rank : 0  train.loss : 6.8514204025268555  train.ips : 72237.74381054897 imgs/s train.total_time : 0.00022149085998535156
TCAPPDLL 2025-12-12 16:43:34.240050 - Epoch: 0 Iteration: 93  rank : 0  train.loss : 6.918324947357178  train.ips : 64403.90019193858 imgs/s train.total_time : 0.0002484321594238281
TCAPPDLL 2025-12-12 16:43:34.356730 - Epoch: 0 Iteration: 94  rank : 0  train.loss : 6.960882186889648  train.ips : 46668.19471488178 imgs/s train.total_time : 0.0003428459167480469
TCAPPDLL 2025-12-12 16:43:36.111411 - Epoch: 0 Iteration: 95  rank : 0  train.loss : 6.863317489624023  train.ips : 49056.18713450292 imgs/s train.total_time : 0.0003261566162109375
TCAPPDLL 2025-12-12 16:43:36.216983 - Epoch: 0 Iteration: 96  rank : 0  train.loss : 7.003606796264648  train.ips : 57162.57580919932 imgs/s train.total_time : 0.0002799034118652344
TCAPPDLL 2025-12-12 16:43:36.974172 - Epoch: 0 Iteration: 97  rank : 0  train.loss : 6.92487096786499  train.ips : 67243.3507014028 imgs/s train.total_time : 0.00023794174194335938
TCAPPDLL 2025-12-12 16:43:37.081735 - Epoch: 0 Iteration: 98  rank : 0  train.loss : 6.906908988952637  train.ips : 48806.44654545454 imgs/s train.total_time : 0.00032782554626464844
TCAPPDLL 2025-12-12 16:43:38.937412 - Epoch: 0 Iteration: 99  rank : 0  train.loss : 7.041595935821533  train.ips : 61567.76513761468 imgs/s train.total_time : 0.0002598762512207031
TCAPPDLL 2025-12-12 16:43:39.049547 - Epoch: 0 Iteration: 100  rank : 0  train.loss : 6.948605537414551  train.ips : 61119.1839708561 imgs/s train.total_time : 0.0002617835998535156
TCAPPDLL 2025-12-12 16:43:39.721011 - Epoch: 0 Iteration: 101  rank : 0  train.loss : 6.885524749755859  train.ips : 61908.54612546125 imgs/s train.total_time : 0.00025844573974609375
TCAPPDLL 2025-12-12 16:43:39.826361 - Epoch: 0 Iteration: 102  rank : 0  train.loss : 7.000795364379883  train.ips : 62195.425393883226 imgs/s train.total_time : 0.00025725364685058594
TCAPPDLL 2025-12-12 16:43:41.956370 - Epoch: 0 Iteration: 103  rank : 0  train.loss : 6.953993320465088  train.ips : 54827.50326797386 imgs/s train.total_time : 0.0002918243408203125
TCAPPDLL 2025-12-12 16:43:42.074911 - Epoch: 0 Iteration: 104  rank : 0  train.loss : 6.971415042877197  train.ips : 48037.84108804581 imgs/s train.total_time : 0.0003330707550048828
TCAPPDLL 2025-12-12 16:43:42.199973 - Epoch: 0 Iteration: 105  rank : 0  train.loss : 6.890456199645996  train.ips : 64652.08477842004 imgs/s train.total_time : 0.0002474784851074219
TCAPPDLL 2025-12-12 16:43:42.309982 - Epoch: 0 Iteration: 106  rank : 0  train.loss : 6.94342565536499  train.ips : 46313.91580400276 imgs/s train.total_time : 0.00034546852111816406
TCAPPDLL 2025-12-12 16:43:44.818441 - Epoch: 0 Iteration: 107  rank : 0  train.loss : 6.881162166595459  train.ips : 60567.56678700361 imgs/s train.total_time : 0.00026416778564453125
TCAPPDLL 2025-12-12 16:43:44.926579 - Epoch: 0 Iteration: 108  rank : 0  train.loss : 6.876258850097656  train.ips : 45776.85129604366 imgs/s train.total_time : 0.0003495216369628906
TCAPPDLL 2025-12-12 16:43:45.033003 - Epoch: 0 Iteration: 109  rank : 0  train.loss : 6.924570083618164  train.ips : 67176.04004004004 imgs/s train.total_time : 0.00023818016052246094
TCAPPDLL 2025-12-12 16:43:45.139369 - Epoch: 0 Iteration: 110  rank : 0  train.loss : 7.006868362426758  train.ips : 29356.458442694664 imgs/s train.total_time : 0.0005450248718261719
TCAPPDLL 2025-12-12 16:43:47.492440 - Epoch: 0 Iteration: 111  rank : 0  train.loss : 6.939621448516846  train.ips : 63072.240601503756 imgs/s train.total_time : 0.0002536773681640625
TCAPPDLL 2025-12-12 16:43:47.601442 - Epoch: 0 Iteration: 112  rank : 0  train.loss : 6.92301607131958  train.ips : 54032.901771336554 imgs/s train.total_time : 0.0002961158752441406
TCAPPDLL 2025-12-12 16:43:47.723871 - Epoch: 0 Iteration: 113  rank : 0  train.loss : 6.928109645843506  train.ips : 60241.35008976661 imgs/s train.total_time : 0.0002655982971191406
TCAPPDLL 2025-12-12 16:43:47.828972 - Epoch: 0 Iteration: 114  rank : 0  train.loss : 6.89813232421875  train.ips : 65344.56085686466 imgs/s train.total_time : 0.0002448558807373047
TCAPPDLL 2025-12-12 16:43:49.064470 - Epoch: 0 Iteration: 115  rank : 0  train.loss : 6.943613052368164  train.ips : 60295.4752920036 imgs/s train.total_time : 0.00026535987854003906
TCAPPDLL 2025-12-12 16:43:49.174090 - Epoch: 0 Iteration: 116  rank : 0  train.loss : 6.915977954864502  train.ips : 52265.47040498442 imgs/s train.total_time : 0.00030612945556640625
TCAPPDLL 2025-12-12 16:43:50.920790 - Epoch: 0 Iteration: 117  rank : 0  train.loss : 6.957211017608643  train.ips : 58508.16390584133 imgs/s train.total_time : 0.0002734661102294922
TCAPPDLL 2025-12-12 16:43:51.031774 - Epoch: 0 Iteration: 118  rank : 0  train.loss : 6.946301460266113  train.ips : 69977.96037539103 imgs/s train.total_time : 0.00022864341735839844
TCAPPDLL 2025-12-12 16:43:51.666392 - Epoch: 0 Iteration: 119  rank : 0  train.loss : 6.859232425689697  train.ips : 66052.03149606299 imgs/s train.total_time : 0.0002422332763671875
TCAPPDLL 2025-12-12 16:43:51.770434 - Epoch: 0 Iteration: 120  rank : 0  train.loss : 6.959616661071777  train.ips : 79512.8720379147 imgs/s train.total_time : 0.00020122528076171875
TCAPPDLL 2025-12-12 16:43:53.832276 - Epoch: 0 Iteration: 121  rank : 0  train.loss : 7.034016132354736  train.ips : 55553.69536423841 imgs/s train.total_time : 0.0002880096435546875
TCAPPDLL 2025-12-12 16:43:53.943424 - Epoch: 0 Iteration: 122  rank : 0  train.loss : 7.018227577209473  train.ips : 61286.633789954336 imgs/s train.total_time : 0.00026106834411621094
TCAPPDLL 2025-12-12 16:43:54.428034 - Epoch: 0 Iteration: 123  rank : 0  train.loss : 6.960539817810059  train.ips : 57752.895008605854 imgs/s train.total_time : 0.0002770423889160156
TCAPPDLL 2025-12-12 16:43:54.537451 - Epoch: 0 Iteration: 124  rank : 0  train.loss : 6.988814353942871  train.ips : 46571.03678001388 imgs/s train.total_time : 0.00034356117248535156
TCAPPDLL 2025-12-12 16:43:56.906463 - Epoch: 0 Iteration: 125  rank : 0  train.loss : 6.867531776428223  train.ips : 41969.270794246404 imgs/s train.total_time : 0.00038123130798339844
TCAPPDLL 2025-12-12 16:43:57.014599 - Epoch: 0 Iteration: 126  rank : 0  train.loss : 6.876265048980713  train.ips : 65793.00392156863 imgs/s train.total_time : 0.00024318695068359375
TCAPPDLL 2025-12-12 16:43:57.441999 - Epoch: 0 Iteration: 127  rank : 0  train.loss : 7.075320243835449  train.ips : 57852.46896551724 imgs/s train.total_time : 0.0002765655517578125
TCAPPDLL 2025-12-12 16:43:57.547177 - Epoch: 0 Iteration: 128  rank : 0  train.loss : 6.911296844482422  train.ips : 62137.83703703704 imgs/s train.total_time : 0.0002574920654296875
TCAPPDLL 2025-12-12 16:43:59.778397 - Epoch: 0 Iteration: 129  rank : 0  train.loss : 7.037939071655273  train.ips : 71468.43876464324 imgs/s train.total_time : 0.0002238750457763672
TCAPPDLL 2025-12-12 16:43:59.884808 - Epoch: 0 Iteration: 130  rank : 0  train.loss : 6.867063522338867  train.ips : 65600.06256109482 imgs/s train.total_time : 0.00024390220642089844
TCAPPDLL 2025-12-12 16:44:00.446177 - Epoch: 0 Iteration: 131  rank : 0  train.loss : 6.971803665161133  train.ips : 51503.349194167306 imgs/s train.total_time : 0.00031065940856933594
TCAPPDLL 2025-12-12 16:44:00.551323 - Epoch: 0 Iteration: 132  rank : 0  train.loss : 6.956360816955566  train.ips : 63310.249056603774 imgs/s train.total_time : 0.00025272369384765625
TCAPPDLL 2025-12-12 16:44:02.459844 - Epoch: 0 Iteration: 133  rank : 0  train.loss : 6.977400779724121  train.ips : 70197.55648535564 imgs/s train.total_time : 0.00022792816162109375
TCAPPDLL 2025-12-12 16:44:02.569102 - Epoch: 0 Iteration: 134  rank : 0  train.loss : 6.892601013183594  train.ips : 59388.37522123894 imgs/s train.total_time : 0.0002694129943847656
TCAPPDLL 2025-12-12 16:44:03.207558 - Epoch: 0 Iteration: 135  rank : 0  train.loss : 6.950761318206787  train.ips : 48072.25214899713 imgs/s train.total_time : 0.00033283233642578125
TCAPPDLL 2025-12-12 16:44:03.312703 - Epoch: 0 Iteration: 136  rank : 0  train.loss : 7.0623297691345215  train.ips : 52428.8 imgs/s train.total_time : 0.00030517578125
TCAPPDLL 2025-12-12 16:44:03.593741 - Epoch: 0 Iteration: 137  rank : 0  train.loss : 6.9341888427734375  train.ips : 46313.91580400276 imgs/s train.total_time : 0.00034546852111816406
TCAPPDLL 2025-12-12 16:44:03.701873 - Epoch: 0 Iteration: 138  rank : 0  train.loss : 6.894819259643555  train.ips : 50193.61555721765 imgs/s train.total_time : 0.00031876564025878906
TCAPPDLL 2025-12-12 16:44:05.911858 - Epoch: 0 Iteration: 139  rank : 0  train.loss : 6.969358444213867  train.ips : 49710.26962962963 imgs/s train.total_time : 0.0003218650817871094
TCAPPDLL 2025-12-12 16:44:06.020517 - Epoch: 0 Iteration: 140  rank : 0  train.loss : 6.913067817687988  train.ips : 49308.49669360764 imgs/s train.total_time : 0.00032448768615722656
TCAPPDLL 2025-12-12 16:44:06.336986 - Epoch: 0 Iteration: 141  rank : 0  train.loss : 6.8890380859375  train.ips : 43351.97932816538 imgs/s train.total_time : 0.00036907196044921875
TCAPPDLL 2025-12-12 16:44:06.451295 - Epoch: 0 Iteration: 142  rank : 0  train.loss : 6.937773704528809  train.ips : 41502.080395794685 imgs/s train.total_time : 0.00038552284240722656
TCAPPDLL 2025-12-12 16:44:08.371255 - Epoch: 0 Iteration: 143  rank : 0  train.loss : 7.016881942749023  train.ips : 42048.160401002504 imgs/s train.total_time : 0.00038051605224609375
TCAPPDLL 2025-12-12 16:44:08.486354 - Epoch: 0 Iteration: 144  rank : 0  train.loss : 6.911699295043945  train.ips : 39107.729603729604 imgs/s train.total_time : 0.00040912628173828125
TCAPPDLL 2025-12-12 16:44:08.859324 - Epoch: 0 Iteration: 145  rank : 0  train.loss : 6.939731597900391  train.ips : 45590.260869565216 imgs/s train.total_time : 0.0003509521484375
TCAPPDLL 2025-12-12 16:44:08.972327 - Epoch: 0 Iteration: 146  rank : 0  train.loss : 6.871311187744141  train.ips : 36812.322545255076 imgs/s train.total_time : 0.00043463706970214844
TCAPPDLL 2025-12-12 16:44:09.963392 - Epoch: 0 Iteration: 147  rank : 0  train.loss : 6.909746170043945  train.ips : 47060.914446002804 imgs/s train.total_time : 0.0003399848937988281
TCAPPDLL 2025-12-12 16:44:10.079663 - Epoch: 0 Iteration: 148  rank : 0  train.loss : 6.943361282348633  train.ips : 61063.57051865332 imgs/s train.total_time : 0.0002620220184326172
TCAPPDLL 2025-12-12 16:44:11.402420 - Epoch: 0 Iteration: 149  rank : 0  train.loss : 7.077947616577148  train.ips : 57211.30775788576 imgs/s train.total_time : 0.0002796649932861328
TCAPPDLL 2025-12-12 16:44:11.524455 - Epoch: 0 Iteration: 150  rank : 0  train.loss : 6.916669845581055  train.ips : 55738.259136212626 imgs/s train.total_time : 0.00028705596923828125
TCAPPDLL 2025-12-12 16:44:12.707777 - Epoch: 0 Iteration: 151  rank : 0  train.loss : 6.984397888183594  train.ips : 56775.68866328257 imgs/s train.total_time : 0.0002818107604980469
TCAPPDLL 2025-12-12 16:44:12.812313 - Epoch: 0 Iteration: 152  rank : 0  train.loss : 6.873566627502441  train.ips : 59705.39501779359 imgs/s train.total_time : 0.00026798248291015625
TCAPPDLL 2025-12-12 16:44:12.917810 - Epoch: 0 Iteration: 153  rank : 0  train.loss : 6.884288787841797  train.ips : 59231.12444836717 imgs/s train.total_time : 0.0002701282501220703
TCAPPDLL 2025-12-12 16:44:13.025366 - Epoch: 0 Iteration: 154  rank : 0  train.loss : 6.990142822265625  train.ips : 53989.43201930812 imgs/s train.total_time : 0.0002963542938232422
TCAPPDLL 2025-12-12 16:44:15.504127 - Epoch: 0 Iteration: 155  rank : 0  train.loss : 7.011192321777344  train.ips : 53430.62420382166 imgs/s train.total_time : 0.0002994537353515625
TCAPPDLL 2025-12-12 16:44:15.609569 - Epoch: 0 Iteration: 156  rank : 0  train.loss : 6.941083908081055  train.ips : 57456.21917808219 imgs/s train.total_time : 0.000278472900390625
TCAPPDLL 2025-12-12 16:44:15.716717 - Epoch: 0 Iteration: 157  rank : 0  train.loss : 6.690789222717285  train.ips : 58052.65051903114 imgs/s train.total_time : 0.00027561187744140625
TCAPPDLL 2025-12-12 16:44:15.820143 - Epoch: 0 Iteration: 158  rank : 0  train.loss : 6.988801956176758  train.ips : 62718.56448598131 imgs/s train.total_time : 0.0002551078796386719
TCAPPDLL 2025-12-12 16:44:18.205918 - Epoch: 0 Iteration: 159  rank : 0  train.loss : 6.967823028564453  train.ips : 68130.82639593909 imgs/s train.total_time : 0.00023484230041503906
TCAPPDLL 2025-12-12 16:44:18.318664 - Epoch: 0 Iteration: 160  rank : 0  train.loss : 6.982756614685059  train.ips : 59126.75242290749 imgs/s train.total_time : 0.00027060508728027344
TCAPPDLL 2025-12-12 16:44:18.428345 - Epoch: 0 Iteration: 161  rank : 0  train.loss : 7.043849945068359  train.ips : 46733.1922005571 imgs/s train.total_time : 0.00034236907958984375
TCAPPDLL 2025-12-12 16:44:18.546958 - Epoch: 0 Iteration: 162  rank : 0  train.loss : 6.968597412109375  train.ips : 53050.48537549407 imgs/s train.total_time : 0.00030159950256347656
TCAPPDLL 2025-12-12 16:44:20.586225 - Epoch: 0 Iteration: 163  rank : 0  train.loss : 6.999738693237305  train.ips : 41656.650527622594 imgs/s train.total_time : 0.0003840923309326172
TCAPPDLL 2025-12-12 16:44:20.697108 - Epoch: 0 Iteration: 164  rank : 0  train.loss : 6.972549915313721  train.ips : 57703.23645743766 imgs/s train.total_time : 0.0002772808074951172
TCAPPDLL 2025-12-12 16:44:20.811454 - Epoch: 0 Iteration: 165  rank : 0  train.loss : 7.024937629699707  train.ips : 38457.801719197705 imgs/s train.total_time : 0.00041604042053222656
TCAPPDLL 2025-12-12 16:44:20.924542 - Epoch: 0 Iteration: 166  rank : 0  train.loss : 6.79708194732666  train.ips : 51542.90629800307 imgs/s train.total_time : 0.0003104209899902344
TCAPPDLL 2025-12-12 16:44:22.312597 - Epoch: 0 Iteration: 167  rank : 0  train.loss : 6.892362594604492  train.ips : 57902.38481449526 imgs/s train.total_time : 0.00027632713317871094
TCAPPDLL 2025-12-12 16:44:22.420450 - Epoch: 0 Iteration: 168  rank : 0  train.loss : 6.958378791809082  train.ips : 62777.234798877456 imgs/s train.total_time : 0.0002548694610595703
TCAPPDLL 2025-12-12 16:44:23.502018 - Epoch: 0 Iteration: 169  rank : 0  train.loss : 7.00546932220459  train.ips : 58610.3615720524 imgs/s train.total_time : 0.00027298927307128906
TCAPPDLL 2025-12-12 16:44:23.609666 - Epoch: 0 Iteration: 170  rank : 0  train.loss : 6.878149509429932  train.ips : 58661.594405594406 imgs/s train.total_time : 0.0002727508544921875
TCAPPDLL 2025-12-12 16:44:24.825065 - Epoch: 0 Iteration: 171  rank : 0  train.loss : 6.941157341003418  train.ips : 52428.8 imgs/s train.total_time : 0.00030517578125
TCAPPDLL 2025-12-12 16:44:24.930698 - Epoch: 0 Iteration: 172  rank : 0  train.loss : 6.944222927093506  train.ips : 53176.59587955626 imgs/s train.total_time : 0.0003008842468261719
TCAPPDLL 2025-12-12 16:44:25.057083 - Epoch: 0 Iteration: 173  rank : 0  train.loss : 6.972772121429443  train.ips : 60404.01800180018 imgs/s train.total_time : 0.00026488304138183594
TCAPPDLL 2025-12-12 16:44:25.164174 - Epoch: 0 Iteration: 174  rank : 0  train.loss : 6.902772903442383  train.ips : 70271.06178010472 imgs/s train.total_time : 0.0002276897430419922
TCAPPDLL 2025-12-12 16:44:27.556073 - Epoch: 0 Iteration: 175  rank : 0  train.loss : 6.992919921875  train.ips : 65408.24951267056 imgs/s train.total_time : 0.0002446174621582031
TCAPPDLL 2025-12-12 16:44:27.665084 - Epoch: 0 Iteration: 176  rank : 0  train.loss : 7.006748199462891  train.ips : 78398.20560747663 imgs/s train.total_time : 0.0002040863037109375
TCAPPDLL 2025-12-12 16:44:27.776673 - Epoch: 0 Iteration: 177  rank : 0  train.loss : 6.936771392822266  train.ips : 76260.07272727272 imgs/s train.total_time : 0.000209808349609375
TCAPPDLL 2025-12-12 16:44:27.891033 - Epoch: 0 Iteration: 178  rank : 0  train.loss : 6.931175231933594  train.ips : 75065.84340044743 imgs/s train.total_time : 0.00021314620971679688
TCAPPDLL 2025-12-12 16:44:30.282992 - Epoch: 0 Iteration: 179  rank : 0  train.loss : 6.815408706665039  train.ips : 57113.92680851064 imgs/s train.total_time : 0.00028014183044433594
TCAPPDLL 2025-12-12 16:44:30.388390 - Epoch: 0 Iteration: 180  rank : 0  train.loss : 6.845376968383789  train.ips : 60404.01800180018 imgs/s train.total_time : 0.00026488304138183594
TCAPPDLL 2025-12-12 16:44:30.491696 - Epoch: 0 Iteration: 181  rank : 0  train.loss : 6.9622111320495605  train.ips : 49344.75294117647 imgs/s train.total_time : 0.000324249267578125
TCAPPDLL 2025-12-12 16:44:30.995883 - Epoch: 0 Iteration: 182  rank : 0  train.loss : 6.943669319152832  train.ips : 56205.078726968175 imgs/s train.total_time : 0.0002846717834472656
TCAPPDLL 2025-12-12 16:44:32.820533 - Epoch: 0 Iteration: 183  rank : 0  train.loss : 6.91551399230957  train.ips : 46154.65199449794 imgs/s train.total_time : 0.0003466606140136719
TCAPPDLL 2025-12-12 16:44:32.950966 - Epoch: 0 Iteration: 184  rank : 0  train.loss : 6.895515441894531  train.ips : 50917.19575113809 imgs/s train.total_time : 0.0003142356872558594
TCAPPDLL 2025-12-12 16:44:33.057496 - Epoch: 0 Iteration: 185  rank : 0  train.loss : 6.817171096801758  train.ips : 68829.6041025641 imgs/s train.total_time : 0.00023245811462402344
TCAPPDLL 2025-12-12 16:44:33.830452 - Epoch: 0 Iteration: 186  rank : 0  train.loss : 6.87392520904541  train.ips : 55831.00166389351 imgs/s train.total_time : 0.0002865791320800781
TCAPPDLL 2025-12-12 16:44:35.699755 - Epoch: 0 Iteration: 187  rank : 0  train.loss : 6.948203086853027  train.ips : 63250.57869934024 imgs/s train.total_time : 0.0002529621124267578
TCAPPDLL 2025-12-12 16:44:35.809156 - Epoch: 0 Iteration: 188  rank : 0  train.loss : 6.944394111633301  train.ips : 37056.247377139705 imgs/s train.total_time : 0.0004317760467529297
TCAPPDLL 2025-12-12 16:44:35.923476 - Epoch: 0 Iteration: 189  rank : 0  train.loss : 6.895801067352295  train.ips : 55924.05333333334 imgs/s train.total_time : 0.000286102294921875
TCAPPDLL 2025-12-12 16:44:36.677697 - Epoch: 0 Iteration: 190  rank : 0  train.loss : 6.907135963439941  train.ips : 48913.16618075802 imgs/s train.total_time : 0.00032711029052734375
TCAPPDLL 2025-12-12 16:44:38.576656 - Epoch: 0 Iteration: 191  rank : 0  train.loss : 6.964271545410156  train.ips : 63913.20380952381 imgs/s train.total_time : 0.0002503395080566406
TCAPPDLL 2025-12-12 16:44:38.685925 - Epoch: 0 Iteration: 192  rank : 0  train.loss : 6.898124694824219  train.ips : 58867.42456140351 imgs/s train.total_time : 0.00027179718017578125
TCAPPDLL 2025-12-12 16:44:38.790569 - Epoch: 0 Iteration: 193  rank : 0  train.loss : 6.963019847869873  train.ips : 56775.68866328257 imgs/s train.total_time : 0.0002818107604980469
TCAPPDLL 2025-12-12 16:44:39.525912 - Epoch: 0 Iteration: 194  rank : 0  train.loss : 6.948500633239746  train.ips : 78581.80796252927 imgs/s train.total_time : 0.00020360946655273438
TCAPPDLL 2025-12-12 16:44:40.244740 - Epoch: 0 Iteration: 195  rank : 0  train.loss : 6.947291374206543  train.ips : 76959.70642201835 imgs/s train.total_time : 0.0002079010009765625
TCAPPDLL 2025-12-12 16:44:40.345006 - Epoch: 0 Iteration: 196  rank : 0  train.loss : 6.991819381713867  train.ips : 80273.76076555024 imgs/s train.total_time : 0.00019931793212890625
TCAPPDLL 2025-12-12 16:44:40.444652 - Epoch: 0 Iteration: 197  rank : 0  train.loss : 6.977265357971191  train.ips : 81940.00488400488 imgs/s train.total_time : 0.0001952648162841797
TCAPPDLL 2025-12-12 16:44:42.073348 - Epoch: 0 Iteration: 198  rank : 0  train.loss : 6.87000846862793  train.ips : 67650.06451612903 imgs/s train.total_time : 0.00023651123046875
TCAPPDLL 2025-12-12 16:44:42.904195 - Epoch: 0 Iteration: 199  rank : 0  train.loss : 6.907186508178711  train.ips : 78033.56279069767 imgs/s train.total_time : 0.00020503997802734375
TCAPPDLL 2025-12-12 16:44:43.005376 - Epoch: 0 Iteration: 200  rank : 0  train.loss : 6.912326335906982  train.ips : 71928.04287245445 imgs/s train.total_time : 0.0002224445343017578
TCAPPDLL 2025-12-12 16:44:43.112464 - Epoch: 0 Iteration: 201  rank : 0  train.loss : 6.897740840911865  train.ips : 82544.72816728168 imgs/s train.total_time : 0.0001938343048095703
TCAPPDLL 2025-12-12 16:44:44.735205 - Epoch: 0 Iteration: 202  rank : 0  train.loss : 6.961592674255371  train.ips : 50495.75921745673 imgs/s train.total_time : 0.00031685829162597656
TCAPPDLL 2025-12-12 16:44:45.634425 - Epoch: 0 Iteration: 203  rank : 0  train.loss : 6.83612060546875  train.ips : 72315.58620689655 imgs/s train.total_time : 0.00022125244140625
TCAPPDLL 2025-12-12 16:44:45.735139 - Epoch: 0 Iteration: 204  rank : 0  train.loss : 6.899907112121582  train.ips : 77942.93147502904 imgs/s train.total_time : 0.0002052783966064453
TCAPPDLL 2025-12-12 16:44:45.837365 - Epoch: 0 Iteration: 205  rank : 0  train.loss : 6.92164421081543  train.ips : 66774.98905472636 imgs/s train.total_time : 0.0002396106719970703
TCAPPDLL 2025-12-12 16:44:47.564966 - Epoch: 0 Iteration: 206  rank : 0  train.loss : 6.856435298919678  train.ips : 69113.14521112255 imgs/s train.total_time : 0.0002315044403076172
TCAPPDLL 2025-12-12 16:44:48.151837 - Epoch: 0 Iteration: 207  rank : 0  train.loss : 6.9493327140808105  train.ips : 65664.25048923679 imgs/s train.total_time : 0.00024366378784179688
TCAPPDLL 2025-12-12 16:44:48.260003 - Epoch: 0 Iteration: 208  rank : 0  train.loss : 6.896315574645996  train.ips : 66182.31163708087 imgs/s train.total_time : 0.00024175643920898438
TCAPPDLL 2025-12-12 16:44:48.365757 - Epoch: 0 Iteration: 209  rank : 0  train.loss : 6.939074516296387  train.ips : 76520.93956670468 imgs/s train.total_time : 0.0002090930938720703
TCAPPDLL 2025-12-12 16:44:49.202652 - Epoch: 0 Iteration: 210  rank : 0  train.loss : 7.02219820022583  train.ips : 76871.55097365407 imgs/s train.total_time : 0.00020813941955566406
TCAPPDLL 2025-12-12 16:44:50.937579 - Epoch: 0 Iteration: 211  rank : 0  train.loss : 7.012972831726074  train.ips : 53773.1282051282 imgs/s train.total_time : 0.00029754638671875
TCAPPDLL 2025-12-12 16:44:51.074988 - Epoch: 0 Iteration: 212  rank : 0  train.loss : 6.905219554901123  train.ips : 52800.05035405193 imgs/s train.total_time : 0.00030303001403808594
TCAPPDLL 2025-12-12 16:44:51.179932 - Epoch: 0 Iteration: 213  rank : 0  train.loss : 6.8748579025268555  train.ips : 80369.89700598802 imgs/s train.total_time : 0.0001990795135498047
TCAPPDLL 2025-12-12 16:44:51.810957 - Epoch: 0 Iteration: 214  rank : 0  train.loss : 6.946794509887695  train.ips : 63610.297630331755 imgs/s train.total_time : 0.00025153160095214844
TCAPPDLL 2025-12-12 16:44:53.669831 - Epoch: 0 Iteration: 215  rank : 0  train.loss : 6.979160785675049  train.ips : 72865.21606948969 imgs/s train.total_time : 0.00021958351135253906
TCAPPDLL 2025-12-12 16:44:53.777307 - Epoch: 0 Iteration: 216  rank : 0  train.loss : 6.991750717163086  train.ips : 72550.12324324324 imgs/s train.total_time : 0.0002205371856689453
TCAPPDLL 2025-12-12 16:44:53.884481 - Epoch: 0 Iteration: 217  rank : 0  train.loss : 6.93426513671875  train.ips : 85380.23409669212 imgs/s train.total_time : 0.00018739700317382812
TCAPPDLL 2025-12-12 16:44:54.175096 - Epoch: 0 Iteration: 218  rank : 0  train.loss : 6.949192047119141  train.ips : 64096.336198662844 imgs/s train.total_time : 0.00024962425231933594
TCAPPDLL 2025-12-12 16:44:55.043241 - Epoch: 0 Iteration: 219  rank : 0  train.loss : 6.999332427978516  train.ips : 48003.479256080114 imgs/s train.total_time : 0.0003333091735839844
TCAPPDLL 2025-12-12 16:44:55.150496 - Epoch: 0 Iteration: 220  rank : 0  train.loss : 6.887085914611816  train.ips : 59335.865605658706 imgs/s train.total_time : 0.0002696514129638672
TCAPPDLL 2025-12-12 16:44:55.303862 - Epoch: 0 Iteration: 221  rank : 0  train.loss : 6.9423394203186035  train.ips : 53773.1282051282 imgs/s train.total_time : 0.00029754638671875
