Training with a single process on 1 device (cuda).
Model flexivit_base created, param count:86589160
Data processing configuration for current model + dataset:
	input_size: (3, 240, 240)
	interpolation: bicubic
	mean: (0.5, 0.5, 0.5)
	std: (0.5, 0.5, 0.5)
	crop_pct: 0.95
	crop_mode: center
Created SGD (sgd) optimizer: lr: 0.4, momentum: 0.9, dampening: 0, weight_decay: 2e-05, nesterov: True, maximize: False, foreach: None, differentiable: False, fused: None
Using native Torch AMP. Training in mixed precision.
Scheduled epochs: 1 (epochs + cooldown_epochs). Warmup within epochs when warmup_prefix=False. LR stepped per epoch.
TCAPPDLL 2025-11-28 13:17:57.463433 - Epoch: 0 Iteration: 0  rank : 0  train.loss : 7.336673736572266  train.ips : 200324.9671641791 imgs/s train.total_time : 7.987022399902344e-05
TCAPPDLL 2025-11-28 13:17:57.515775 - Epoch: 0 Iteration: 1  rank : 0  train.loss : 6.950186252593994  train.ips : 201528.12012012012 imgs/s train.total_time : 7.939338684082031e-05
TCAPPDLL 2025-11-28 13:17:57.552313 - Epoch: 0 Iteration: 2  rank : 0  train.loss : 7.031847953796387  train.ips : 166937.47263681592 imgs/s train.total_time : 9.584426879882812e-05
TCAPPDLL 2025-11-28 13:17:57.818570 - Epoch: 0 Iteration: 3  rank : 0  train.loss : 7.238856315612793  train.ips : 177536.67724867724 imgs/s train.total_time : 9.012222290039062e-05
TCAPPDLL 2025-11-28 13:17:57.854416 - Epoch: 0 Iteration: 4  rank : 0  train.loss : 7.168498992919922  train.ips : 184872.90358126722 imgs/s train.total_time : 8.654594421386719e-05
TCAPPDLL 2025-11-28 13:17:57.942444 - Epoch: 0 Iteration: 5  rank : 0  train.loss : 6.926492214202881  train.ips : 150468.30493273542 imgs/s train.total_time : 0.00010633468627929688
TCAPPDLL 2025-11-28 13:17:58.084856 - Epoch: 0 Iteration: 6  rank : 0  train.loss : 7.002618789672852  train.ips : 155705.02088167053 imgs/s train.total_time : 0.00010275840759277344
TCAPPDLL 2025-11-28 13:17:58.688208 - Epoch: 0 Iteration: 7  rank : 0  train.loss : 7.2066240310668945  train.ips : 138941.7474120083 imgs/s train.total_time : 0.00011515617370605469
TCAPPDLL 2025-11-28 13:17:58.729515 - Epoch: 0 Iteration: 8  rank : 0  train.loss : 6.766707897186279  train.ips : 156067.12558139535 imgs/s train.total_time : 0.00010251998901367188
TCAPPDLL 2025-11-28 13:17:58.805632 - Epoch: 0 Iteration: 9  rank : 0  train.loss : 7.132031440734863  train.ips : 129055.5076923077 imgs/s train.total_time : 0.0001239776611328125
TCAPPDLL 2025-11-28 13:17:58.851793 - Epoch: 0 Iteration: 10  rank : 0  train.loss : 7.110433578491211  train.ips : 138368.79175257732 imgs/s train.total_time : 0.00011563301086425781
TCAPPDLL 2025-11-28 13:17:59.701797 - Epoch: 0 Iteration: 11  rank : 0  train.loss : 7.222787857055664  train.ips : 104694.01560062403 imgs/s train.total_time : 0.00015282630920410156
TCAPPDLL 2025-11-28 13:17:59.759226 - Epoch: 0 Iteration: 12  rank : 0  train.loss : 7.026578903198242  train.ips : 154273.25057471264 imgs/s train.total_time : 0.00010371208190917969
TCAPPDLL 2025-11-28 13:17:59.811746 - Epoch: 0 Iteration: 13  rank : 0  train.loss : 6.896017074584961  train.ips : 144943.55075593953 imgs/s train.total_time : 0.00011038780212402344
TCAPPDLL 2025-11-28 13:17:59.859304 - Epoch: 0 Iteration: 14  rank : 0  train.loss : 7.164412498474121  train.ips : 202745.81268882175 imgs/s train.total_time : 7.891654968261719e-05
TCAPPDLL 2025-11-28 13:18:00.379607 - Epoch: 0 Iteration: 15  rank : 0  train.loss : 7.032429218292236  train.ips : 203360.19393939394 imgs/s train.total_time : 7.867813110351562e-05
TCAPPDLL 2025-11-28 13:18:00.455226 - Epoch: 0 Iteration: 16  rank : 0  train.loss : 7.145501136779785  train.ips : 205225.88379204893 imgs/s train.total_time : 7.796287536621094e-05
TCAPPDLL 2025-11-28 13:18:00.489497 - Epoch: 0 Iteration: 17  rank : 0  train.loss : 7.328437805175781  train.ips : 200924.74251497007 imgs/s train.total_time : 7.963180541992188e-05
TCAPPDLL 2025-11-28 13:18:00.523063 - Epoch: 0 Iteration: 18  rank : 0  train.loss : 7.019733428955078  train.ips : 206488.8123076923 imgs/s train.total_time : 7.748603820800781e-05
TCAPPDLL 2025-11-28 13:18:01.158354 - Epoch: 0 Iteration: 19  rank : 0  train.loss : 7.095174789428711  train.ips : 138368.79175257732 imgs/s train.total_time : 0.00011563301086425781
TCAPPDLL 2025-11-28 13:18:01.204891 - Epoch: 0 Iteration: 20  rank : 0  train.loss : 7.077221393585205  train.ips : 146206.67538126363 imgs/s train.total_time : 0.00010943412780761719
TCAPPDLL 2025-11-28 13:18:01.267804 - Epoch: 0 Iteration: 21  rank : 0  train.loss : 6.936464309692383  train.ips : 136956.86530612246 imgs/s train.total_time : 0.00011682510375976562
TCAPPDLL 2025-11-28 13:18:01.318050 - Epoch: 0 Iteration: 22  rank : 0  train.loss : 6.975390434265137  train.ips : 149796.57142857142 imgs/s train.total_time : 0.0001068115234375
TCAPPDLL 2025-11-28 13:18:01.841117 - Epoch: 0 Iteration: 23  rank : 0  train.loss : 6.975934982299805  train.ips : 136123.45638945233 imgs/s train.total_time : 0.00011754035949707031
TCAPPDLL 2025-11-28 13:18:01.883685 - Epoch: 0 Iteration: 24  rank : 0  train.loss : 6.972618103027344  train.ips : 141579.88185654007 imgs/s train.total_time : 0.00011301040649414062
TCAPPDLL 2025-11-28 13:18:01.990829 - Epoch: 0 Iteration: 25  rank : 0  train.loss : 7.048491477966309  train.ips : 118566.89752650177 imgs/s train.total_time : 0.00013494491577148438
TCAPPDLL 2025-11-28 13:18:02.100232 - Epoch: 0 Iteration: 26  rank : 0  train.loss : 7.1436920166015625  train.ips : 96420.7816091954 imgs/s train.total_time : 0.0001659393310546875
TCAPPDLL 2025-11-28 13:18:02.628992 - Epoch: 0 Iteration: 27  rank : 0  train.loss : 6.905160903930664  train.ips : 67310.7963891675 imgs/s train.total_time : 0.0002377033233642578
TCAPPDLL 2025-11-28 13:18:02.683037 - Epoch: 0 Iteration: 28  rank : 0  train.loss : 7.01629114151001  train.ips : 98256.0234260615 imgs/s train.total_time : 0.0001628398895263672
TCAPPDLL 2025-11-28 13:18:02.851767 - Epoch: 0 Iteration: 29  rank : 0  train.loss : 7.203771114349365  train.ips : 96006.95851216023 imgs/s train.total_time : 0.0001666545867919922
TCAPPDLL 2025-11-28 13:18:02.913650 - Epoch: 0 Iteration: 30  rank : 0  train.loss : 6.991560935974121  train.ips : 113168.40472175379 imgs/s train.total_time : 0.00014138221740722656
TCAPPDLL 2025-11-28 13:18:03.334879 - Epoch: 0 Iteration: 31  rank : 0  train.loss : 6.979794502258301  train.ips : 83676.88778054863 imgs/s train.total_time : 0.00019121170043945312
TCAPPDLL 2025-11-28 13:18:03.398261 - Epoch: 0 Iteration: 32  rank : 0  train.loss : 7.288319110870361  train.ips : 115109.54373927959 imgs/s train.total_time : 0.00013899803161621094
TCAPPDLL 2025-11-28 13:18:03.796901 - Epoch: 0 Iteration: 33  rank : 0  train.loss : 7.038780212402344  train.ips : 130816.49902534112 imgs/s train.total_time : 0.00012230873107910156
TCAPPDLL 2025-11-28 13:18:03.849339 - Epoch: 0 Iteration: 34  rank : 0  train.loss : 6.921258926391602  train.ips : 134217.728 imgs/s train.total_time : 0.00011920928955078125
TCAPPDLL 2025-11-28 13:18:03.986036 - Epoch: 0 Iteration: 35  rank : 0  train.loss : 6.931482315063477  train.ips : 84307.61809045226 imgs/s train.total_time : 0.00018978118896484375
TCAPPDLL 2025-11-28 13:18:04.056035 - Epoch: 0 Iteration: 36  rank : 0  train.loss : 7.223813056945801  train.ips : 102927.7055214724 imgs/s train.total_time : 0.00015544891357421875
TCAPPDLL 2025-11-28 13:18:04.673493 - Epoch: 0 Iteration: 37  rank : 0  train.loss : 7.157663345336914  train.ips : 78951.60470588235 imgs/s train.total_time : 0.00020265579223632812
TCAPPDLL 2025-11-28 13:18:04.736840 - Epoch: 0 Iteration: 38  rank : 0  train.loss : 6.93608283996582  train.ips : 133152.50793650793 imgs/s train.total_time : 0.0001201629638671875
TCAPPDLL 2025-11-28 13:18:04.958472 - Epoch: 0 Iteration: 39  rank : 0  train.loss : 7.001414775848389  train.ips : 91553.70259208731 imgs/s train.total_time : 0.0001747608184814453
TCAPPDLL 2025-11-28 13:18:05.021456 - Epoch: 0 Iteration: 40  rank : 0  train.loss : 7.15081787109375  train.ips : 192289.00859598853 imgs/s train.total_time : 8.320808410644531e-05
TCAPPDLL 2025-11-28 13:18:05.441651 - Epoch: 0 Iteration: 41  rank : 0  train.loss : 7.196023941040039  train.ips : 195652.66472303207 imgs/s train.total_time : 8.177757263183594e-05
TCAPPDLL 2025-11-28 13:18:05.478285 - Epoch: 0 Iteration: 42  rank : 0  train.loss : 7.054102420806885  train.ips : 159403.47743467934 imgs/s train.total_time : 0.00010037422180175781
TCAPPDLL 2025-11-28 13:18:05.704773 - Epoch: 0 Iteration: 43  rank : 0  train.loss : 6.978954792022705  train.ips : 177068.24274406332 imgs/s train.total_time : 9.036064147949219e-05
TCAPPDLL 2025-11-28 13:18:05.739576 - Epoch: 0 Iteration: 44  rank : 0  train.loss : 7.081024169921875  train.ips : 176138.75065616798 imgs/s train.total_time : 9.083747863769531e-05
TCAPPDLL 2025-11-28 13:18:06.162024 - Epoch: 0 Iteration: 45  rank : 0  train.loss : 7.099503993988037  train.ips : 85380.23409669212 imgs/s train.total_time : 0.00018739700317382812
TCAPPDLL 2025-11-28 13:18:06.209947 - Epoch: 0 Iteration: 46  rank : 0  train.loss : 7.187877178192139  train.ips : 193956.2543352601 imgs/s train.total_time : 8.249282836914062e-05
TCAPPDLL 2025-11-28 13:18:06.684348 - Epoch: 0 Iteration: 47  rank : 0  train.loss : 7.087532997131348  train.ips : 80177.85424133811 imgs/s train.total_time : 0.0001995563507080078
TCAPPDLL 2025-11-28 13:18:06.747016 - Epoch: 0 Iteration: 48  rank : 0  train.loss : 6.952632904052734  train.ips : 155705.02088167053 imgs/s train.total_time : 0.00010275840759277344
TCAPPDLL 2025-11-28 13:18:06.992753 - Epoch: 0 Iteration: 49  rank : 0  train.loss : 6.9754743576049805  train.ips : 74981.97094972066 imgs/s train.total_time : 0.00021338462829589844
TCAPPDLL 2025-11-28 13:18:07.059711 - Epoch: 0 Iteration: 50  rank : 0  train.loss : 7.197772026062012  train.ips : 144010.43776824034 imgs/s train.total_time : 0.00011110305786132812
TCAPPDLL 2025-11-28 13:18:07.781995 - Epoch: 0 Iteration: 51  rank : 0  train.loss : 7.308467864990234  train.ips : 190650.18181818182 imgs/s train.total_time : 8.392333984375e-05
TCAPPDLL 2025-11-28 13:18:07.816780 - Epoch: 0 Iteration: 52  rank : 0  train.loss : 7.004010200500488  train.ips : 192841.5632183908 imgs/s train.total_time : 8.296966552734375e-05
TCAPPDLL 2025-11-28 13:18:07.852563 - Epoch: 0 Iteration: 53  rank : 0  train.loss : 7.112313270568848  train.ips : 158649.79669030732 imgs/s train.total_time : 0.00010085105895996094
TCAPPDLL 2025-11-28 13:18:07.887823 - Epoch: 0 Iteration: 54  rank : 0  train.loss : 6.9587321281433105  train.ips : 189573.06214689265 imgs/s train.total_time : 8.440017700195312e-05
TCAPPDLL 2025-11-28 13:18:08.587557 - Epoch: 0 Iteration: 55  rank : 0  train.loss : 7.035295486450195  train.ips : 130561.99221789883 imgs/s train.total_time : 0.00012254714965820312
TCAPPDLL 2025-11-28 13:18:08.638576 - Epoch: 0 Iteration: 56  rank : 0  train.loss : 7.017870903015137  train.ips : 133152.50793650793 imgs/s train.total_time : 0.0001201629638671875
TCAPPDLL 2025-11-28 13:18:08.747751 - Epoch: 0 Iteration: 57  rank : 0  train.loss : 6.961233615875244  train.ips : 205225.88379204893 imgs/s train.total_time : 7.796287536621094e-05
TCAPPDLL 2025-11-28 13:18:08.783085 - Epoch: 0 Iteration: 58  rank : 0  train.loss : 7.139492034912109  train.ips : 152174.2947845805 imgs/s train.total_time : 0.00010514259338378906
TCAPPDLL 2025-11-28 13:18:09.462246 - Epoch: 0 Iteration: 59  rank : 0  train.loss : 7.084862232208252  train.ips : 115307.3264604811 imgs/s train.total_time : 0.00013875961303710938
TCAPPDLL 2025-11-28 13:18:09.515478 - Epoch: 0 Iteration: 60  rank : 0  train.loss : 7.127399444580078  train.ips : 110740.699669967 imgs/s train.total_time : 0.00014448165893554688
TCAPPDLL 2025-11-28 13:18:09.562326 - Epoch: 0 Iteration: 61  rank : 0  train.loss : 6.887580871582031  train.ips : 190110.09631728046 imgs/s train.total_time : 8.416175842285156e-05
TCAPPDLL 2025-11-28 13:18:09.599244 - Epoch: 0 Iteration: 62  rank : 0  train.loss : 7.192539215087891  train.ips : 179916.5254691689 imgs/s train.total_time : 8.893013000488281e-05
TCAPPDLL 2025-11-28 13:18:10.221560 - Epoch: 0 Iteration: 63  rank : 0  train.loss : 6.865191459655762  train.ips : 160932.52757793764 imgs/s train.total_time : 9.942054748535156e-05
TCAPPDLL 2025-11-28 13:18:10.257529 - Epoch: 0 Iteration: 64  rank : 0  train.loss : 7.067991733551025  train.ips : 134756.7550200803 imgs/s train.total_time : 0.00011873245239257812
TCAPPDLL 2025-11-28 13:18:10.293619 - Epoch: 0 Iteration: 65  rank : 0  train.loss : 7.053247928619385  train.ips : 196800.18768328446 imgs/s train.total_time : 8.130073547363281e-05
TCAPPDLL 2025-11-28 13:18:10.327067 - Epoch: 0 Iteration: 66  rank : 0  train.loss : 6.81669807434082  train.ips : 199136.09495548962 imgs/s train.total_time : 8.034706115722656e-05
TCAPPDLL 2025-11-28 13:18:10.828407 - Epoch: 0 Iteration: 67  rank : 0  train.loss : 7.188672065734863  train.ips : 195652.66472303207 imgs/s train.total_time : 8.177757263183594e-05
TCAPPDLL 2025-11-28 13:18:10.869440 - Epoch: 0 Iteration: 68  rank : 0  train.loss : 7.056452751159668  train.ips : 198546.9349112426 imgs/s train.total_time : 8.058547973632812e-05
TCAPPDLL 2025-11-28 13:18:10.907084 - Epoch: 0 Iteration: 69  rank : 0  train.loss : 7.025729179382324  train.ips : 199136.09495548962 imgs/s train.total_time : 8.034706115722656e-05
TCAPPDLL 2025-11-28 13:18:10.945629 - Epoch: 0 Iteration: 70  rank : 0  train.loss : 7.21851921081543  train.ips : 209715.2 imgs/s train.total_time : 7.62939453125e-05
TCAPPDLL 2025-11-28 13:18:11.644217 - Epoch: 0 Iteration: 71  rank : 0  train.loss : 6.968316078186035  train.ips : 89240.51063829787 imgs/s train.total_time : 0.000179290771484375
TCAPPDLL 2025-11-28 13:18:11.705150 - Epoch: 0 Iteration: 72  rank : 0  train.loss : 7.170470237731934  train.ips : 123135.53027522936 imgs/s train.total_time : 0.00012993812561035156
TCAPPDLL 2025-11-28 13:18:11.953801 - Epoch: 0 Iteration: 73  rank : 0  train.loss : 7.014878273010254  train.ips : 113551.37732656514 imgs/s train.total_time : 0.00014090538024902344
TCAPPDLL 2025-11-28 13:18:12.003816 - Epoch: 0 Iteration: 74  rank : 0  train.loss : 7.125375747680664  train.ips : 108766.39222042139 imgs/s train.total_time : 0.00014710426330566406
TCAPPDLL 2025-11-28 13:18:12.462560 - Epoch: 0 Iteration: 75  rank : 0  train.loss : 6.9497880935668945  train.ips : 180400.17204301077 imgs/s train.total_time : 8.869171142578125e-05
TCAPPDLL 2025-11-28 13:18:12.512039 - Epoch: 0 Iteration: 76  rank : 0  train.loss : 7.045990467071533  train.ips : 153216.58447488584 imgs/s train.total_time : 0.00010442733764648438
TCAPPDLL 2025-11-28 13:18:12.831378 - Epoch: 0 Iteration: 77  rank : 0  train.loss : 6.988359451293945  train.ips : 114716.00683760684 imgs/s train.total_time : 0.00013947486877441406
TCAPPDLL 2025-11-28 13:18:12.877731 - Epoch: 0 Iteration: 78  rank : 0  train.loss : 7.157500267028809  train.ips : 141579.88185654007 imgs/s train.total_time : 0.00011301040649414062
TCAPPDLL 2025-11-28 13:18:13.151993 - Epoch: 0 Iteration: 79  rank : 0  train.loss : 7.004140853881836  train.ips : 155705.02088167053 imgs/s train.total_time : 0.00010275840759277344
TCAPPDLL 2025-11-28 13:18:13.200987 - Epoch: 0 Iteration: 80  rank : 0  train.loss : 7.216398239135742  train.ips : 157903.2094117647 imgs/s train.total_time : 0.00010132789611816406
TCAPPDLL 2025-11-28 13:18:13.449654 - Epoch: 0 Iteration: 81  rank : 0  train.loss : 7.0517683029174805  train.ips : 132888.8396039604 imgs/s train.total_time : 0.00012040138244628906
TCAPPDLL 2025-11-28 13:18:13.501659 - Epoch: 0 Iteration: 82  rank : 0  train.loss : 7.229175090789795  train.ips : 137518.16393442624 imgs/s train.total_time : 0.0001163482666015625
TCAPPDLL 2025-11-28 13:18:14.072811 - Epoch: 0 Iteration: 83  rank : 0  train.loss : 7.053247928619385  train.ips : 65793.00392156863 imgs/s train.total_time : 0.00024318695068359375
TCAPPDLL 2025-11-28 13:18:14.141423 - Epoch: 0 Iteration: 84  rank : 0  train.loss : 6.979608058929443  train.ips : 106184.91139240506 imgs/s train.total_time : 0.0001506805419921875
TCAPPDLL 2025-11-28 13:18:14.191949 - Epoch: 0 Iteration: 85  rank : 0  train.loss : 7.089412689208984  train.ips : 163680.15609756098 imgs/s train.total_time : 9.775161743164062e-05
TCAPPDLL 2025-11-28 13:18:14.227633 - Epoch: 0 Iteration: 86  rank : 0  train.loss : 7.129395484924316  train.ips : 189573.06214689265 imgs/s train.total_time : 8.440017700195312e-05
TCAPPDLL 2025-11-28 13:18:14.776926 - Epoch: 0 Iteration: 87  rank : 0  train.loss : 7.001407146453857  train.ips : 83468.73631840796 imgs/s train.total_time : 0.00019168853759765625
TCAPPDLL 2025-11-28 13:18:14.831741 - Epoch: 0 Iteration: 88  rank : 0  train.loss : 7.127161026000977  train.ips : 136677.93075356414 imgs/s train.total_time : 0.00011706352233886719
TCAPPDLL 2025-11-28 13:18:14.882813 - Epoch: 0 Iteration: 89  rank : 0  train.loss : 7.011977672576904  train.ips : 145888.8347826087 imgs/s train.total_time : 0.00010967254638671875
TCAPPDLL 2025-11-28 13:18:14.931953 - Epoch: 0 Iteration: 90  rank : 0  train.loss : 7.235201835632324  train.ips : 152867.57175398633 imgs/s train.total_time : 0.00010466575622558594
TCAPPDLL 2025-11-28 13:18:15.497039 - Epoch: 0 Iteration: 91  rank : 0  train.loss : 7.211696624755859  train.ips : 71089.89830508475 imgs/s train.total_time : 0.000225067138671875
TCAPPDLL 2025-11-28 13:18:15.560368 - Epoch: 0 Iteration: 92  rank : 0  train.loss : 6.989230155944824  train.ips : 140395.11297071129 imgs/s train.total_time : 0.00011396408081054688
TCAPPDLL 2025-11-28 13:18:15.610798 - Epoch: 0 Iteration: 93  rank : 0  train.loss : 7.097631454467773  train.ips : 109834.47463175123 imgs/s train.total_time : 0.0001456737518310547
TCAPPDLL 2025-11-28 13:18:15.661161 - Epoch: 0 Iteration: 94  rank : 0  train.loss : 7.124001502990723  train.ips : 190110.09631728046 imgs/s train.total_time : 8.416175842285156e-05
TCAPPDLL 2025-11-28 13:18:16.347248 - Epoch: 0 Iteration: 95  rank : 0  train.loss : 7.107385635375977  train.ips : 85488.99872611465 imgs/s train.total_time : 0.00018715858459472656
TCAPPDLL 2025-11-28 13:18:16.396164 - Epoch: 0 Iteration: 96  rank : 0  train.loss : 6.994964599609375  train.ips : 123817.0922509225 imgs/s train.total_time : 0.00012922286987304688
TCAPPDLL 2025-11-28 13:18:16.438331 - Epoch: 0 Iteration: 97  rank : 0  train.loss : 6.941985607147217  train.ips : 154985.82909930716 imgs/s train.total_time : 0.00010323524475097656
TCAPPDLL 2025-11-28 13:18:16.481480 - Epoch: 0 Iteration: 98  rank : 0  train.loss : 6.970981597900391  train.ips : 176138.75065616798 imgs/s train.total_time : 9.083747863769531e-05
TCAPPDLL 2025-11-28 13:18:16.987302 - Epoch: 0 Iteration: 99  rank : 0  train.loss : 6.8912763595581055  train.ips : 83991.06883604506 imgs/s train.total_time : 0.00019049644470214844
TCAPPDLL 2025-11-28 13:18:17.038605 - Epoch: 0 Iteration: 100  rank : 0  train.loss : 6.954067230224609  train.ips : 130055.93798449612 imgs/s train.total_time : 0.00012302398681640625
TCAPPDLL 2025-11-28 13:18:17.093116 - Epoch: 0 Iteration: 101  rank : 0  train.loss : 6.851417541503906  train.ips : 146206.67538126363 imgs/s train.total_time : 0.00010943412780761719
TCAPPDLL 2025-11-28 13:18:17.141012 - Epoch: 0 Iteration: 102  rank : 0  train.loss : 7.1905837059021  train.ips : 146206.67538126363 imgs/s train.total_time : 0.00010943412780761719
TCAPPDLL 2025-11-28 13:18:17.923820 - Epoch: 0 Iteration: 103  rank : 0  train.loss : 7.062000274658203  train.ips : 164080.3520782396 imgs/s train.total_time : 9.751319885253906e-05
TCAPPDLL 2025-11-28 13:18:17.962572 - Epoch: 0 Iteration: 104  rank : 0  train.loss : 6.888169288635254  train.ips : 196224.74853801169 imgs/s train.total_time : 8.153915405273438e-05
TCAPPDLL 2025-11-28 13:18:17.998118 - Epoch: 0 Iteration: 105  rank : 0  train.loss : 7.109840393066406  train.ips : 180886.4258760108 imgs/s train.total_time : 8.845329284667969e-05
TCAPPDLL 2025-11-28 13:18:18.041460 - Epoch: 0 Iteration: 106  rank : 0  train.loss : 6.886601448059082  train.ips : 137800.54209445586 imgs/s train.total_time : 0.00011610984802246094
TCAPPDLL 2025-11-28 13:18:18.487884 - Epoch: 0 Iteration: 107  rank : 0  train.loss : 7.1412129402160645  train.ips : 89003.79840848806 imgs/s train.total_time : 0.00017976760864257812
TCAPPDLL 2025-11-28 13:18:18.547736 - Epoch: 0 Iteration: 108  rank : 0  train.loss : 6.976344108581543  train.ips : 130816.49902534112 imgs/s train.total_time : 0.00012230873107910156
TCAPPDLL 2025-11-28 13:18:18.591514 - Epoch: 0 Iteration: 109  rank : 0  train.loss : 6.742799758911133  train.ips : 132364.62327416174 imgs/s train.total_time : 0.00012087821960449219
TCAPPDLL 2025-11-28 13:18:18.630293 - Epoch: 0 Iteration: 110  rank : 0  train.loss : 6.92533540725708  train.ips : 162098.70531400965 imgs/s train.total_time : 9.870529174804688e-05
TCAPPDLL 2025-11-28 13:18:19.321052 - Epoch: 0 Iteration: 111  rank : 0  train.loss : 7.174581527709961  train.ips : 174308.73766233766 imgs/s train.total_time : 9.179115295410156e-05
TCAPPDLL 2025-11-28 13:18:19.355579 - Epoch: 0 Iteration: 112  rank : 0  train.loss : 7.0680928230285645  train.ips : 127583.39163498099 imgs/s train.total_time : 0.00012540817260742188
TCAPPDLL 2025-11-28 13:18:19.393298 - Epoch: 0 Iteration: 113  rank : 0  train.loss : 6.894080638885498  train.ips : 149130.8088888889 imgs/s train.total_time : 0.00010728836059570312
TCAPPDLL 2025-11-28 13:18:19.430917 - Epoch: 0 Iteration: 114  rank : 0  train.loss : 7.1750569343566895  train.ips : 141281.81894736842 imgs/s train.total_time : 0.00011324882507324219
TCAPPDLL 2025-11-28 13:18:20.066702 - Epoch: 0 Iteration: 115  rank : 0  train.loss : 6.916023254394531  train.ips : 132888.8396039604 imgs/s train.total_time : 0.00012040138244628906
TCAPPDLL 2025-11-28 13:18:20.111453 - Epoch: 0 Iteration: 116  rank : 0  train.loss : 6.8307366371154785  train.ips : 126144.48120300751 imgs/s train.total_time : 0.00012683868408203125
TCAPPDLL 2025-11-28 13:18:20.151856 - Epoch: 0 Iteration: 117  rank : 0  train.loss : 7.28534460067749  train.ips : 128561.04214559386 imgs/s train.total_time : 0.00012445449829101562
TCAPPDLL 2025-11-28 13:18:20.191093 - Epoch: 0 Iteration: 118  rank : 0  train.loss : 7.182012557983398  train.ips : 124737.66542750929 imgs/s train.total_time : 0.00012826919555664062
TCAPPDLL 2025-11-28 13:18:20.844252 - Epoch: 0 Iteration: 119  rank : 0  train.loss : 7.140435218811035  train.ips : 162491.196125908 imgs/s train.total_time : 9.846687316894531e-05
TCAPPDLL 2025-11-28 13:18:20.878367 - Epoch: 0 Iteration: 120  rank : 0  train.loss : 7.268350601196289  train.ips : 179435.4652406417 imgs/s train.total_time : 8.916854858398438e-05
TCAPPDLL 2025-11-28 13:18:20.914635 - Epoch: 0 Iteration: 121  rank : 0  train.loss : 6.989017486572266  train.ips : 141579.88185654007 imgs/s train.total_time : 0.00011301040649414062
TCAPPDLL 2025-11-28 13:18:20.949731 - Epoch: 0 Iteration: 122  rank : 0  train.loss : 7.116950035095215  train.ips : 109655.00653594772 imgs/s train.total_time : 0.00014591217041015625
TCAPPDLL 2025-11-28 13:18:21.664365 - Epoch: 0 Iteration: 123  rank : 0  train.loss : 7.164725303649902  train.ips : 167772.16 imgs/s train.total_time : 9.5367431640625e-05
TCAPPDLL 2025-11-28 13:18:21.698994 - Epoch: 0 Iteration: 124  rank : 0  train.loss : 7.038028717041016  train.ips : 179916.5254691689 imgs/s train.total_time : 8.893013000488281e-05
TCAPPDLL 2025-11-28 13:18:21.733641 - Epoch: 0 Iteration: 125  rank : 0  train.loss : 7.196773529052734  train.ips : 168192.64160401002 imgs/s train.total_time : 9.512901306152344e-05
TCAPPDLL 2025-11-28 13:18:21.769954 - Epoch: 0 Iteration: 126  rank : 0  train.loss : 6.998476028442383  train.ips : 130816.49902534112 imgs/s train.total_time : 0.00012230873107910156
TCAPPDLL 2025-11-28 13:18:22.366715 - Epoch: 0 Iteration: 127  rank : 0  train.loss : 7.136020183563232  train.ips : 121794.67150635208 imgs/s train.total_time : 0.00013136863708496094
TCAPPDLL 2025-11-28 13:18:22.405622 - Epoch: 0 Iteration: 128  rank : 0  train.loss : 7.157532215118408  train.ips : 122238.3679417122 imgs/s train.total_time : 0.0001308917999267578
TCAPPDLL 2025-11-28 13:18:22.444839 - Epoch: 0 Iteration: 129  rank : 0  train.loss : 7.169780731201172  train.ips : 115505.79001721171 imgs/s train.total_time : 0.0001385211944580078
TCAPPDLL 2025-11-28 13:18:22.483956 - Epoch: 0 Iteration: 130  rank : 0  train.loss : 7.054559707641602  train.ips : 124045.95933456562 imgs/s train.total_time : 0.0001289844512939453
TCAPPDLL 2025-11-28 13:18:23.006110 - Epoch: 0 Iteration: 131  rank : 0  train.loss : 6.8981122970581055  train.ips : 146525.903930131 imgs/s train.total_time : 0.00010919570922851562
TCAPPDLL 2025-11-28 13:18:23.040535 - Epoch: 0 Iteration: 132  rank : 0  train.loss : 6.900513648986816  train.ips : 196800.18768328446 imgs/s train.total_time : 8.130073547363281e-05
TCAPPDLL 2025-11-28 13:18:23.074548 - Epoch: 0 Iteration: 133  rank : 0  train.loss : 7.059587001800537  train.ips : 205225.88379204893 imgs/s train.total_time : 7.796287536621094e-05
TCAPPDLL 2025-11-28 13:18:23.110346 - Epoch: 0 Iteration: 134  rank : 0  train.loss : 6.940195083618164  train.ips : 215784.12861736334 imgs/s train.total_time : 7.414817810058594e-05
TCAPPDLL 2025-11-28 13:18:23.869737 - Epoch: 0 Iteration: 135  rank : 0  train.loss : 6.836889266967773  train.ips : 145257.28138528139 imgs/s train.total_time : 0.00011014938354492188
TCAPPDLL 2025-11-28 13:18:23.910431 - Epoch: 0 Iteration: 136  rank : 0  train.loss : 7.273650646209717  train.ips : 199136.09495548962 imgs/s train.total_time : 8.034706115722656e-05
TCAPPDLL 2025-11-28 13:18:23.947998 - Epoch: 0 Iteration: 137  rank : 0  train.loss : 7.1287431716918945  train.ips : 206488.8123076923 imgs/s train.total_time : 7.748603820800781e-05
TCAPPDLL 2025-11-28 13:18:23.985725 - Epoch: 0 Iteration: 138  rank : 0  train.loss : 7.007072448730469  train.ips : 214405.3162939297 imgs/s train.total_time : 7.462501525878906e-05
TCAPPDLL 2025-11-28 13:18:24.790170 - Epoch: 0 Iteration: 139  rank : 0  train.loss : 7.200055122375488  train.ips : 124275.67407407408 imgs/s train.total_time : 0.00012874603271484375
TCAPPDLL 2025-11-28 13:18:24.841333 - Epoch: 0 Iteration: 140  rank : 0  train.loss : 7.178969383239746  train.ips : 131328.50097847357 imgs/s train.total_time : 0.00012183189392089844
TCAPPDLL 2025-11-28 13:18:24.896959 - Epoch: 0 Iteration: 141  rank : 0  train.loss : 7.064398765563965  train.ips : 108766.39222042139 imgs/s train.total_time : 0.00014710426330566406
TCAPPDLL 2025-11-28 13:18:24.947433 - Epoch: 0 Iteration: 142  rank : 0  train.loss : 7.0166544914245605  train.ips : 151487.2776523702 imgs/s train.total_time : 0.00010561943054199219
TCAPPDLL 2025-11-28 13:18:25.575981 - Epoch: 0 Iteration: 143  rank : 0  train.loss : 6.812049865722656  train.ips : 87953.9501965924 imgs/s train.total_time : 0.0001819133758544922
TCAPPDLL 2025-11-28 13:18:25.627218 - Epoch: 0 Iteration: 144  rank : 0  train.loss : 6.913358688354492  train.ips : 117323.18881118881 imgs/s train.total_time : 0.00013637542724609375
TCAPPDLL 2025-11-28 13:18:25.672325 - Epoch: 0 Iteration: 145  rank : 0  train.loss : 7.106033802032471  train.ips : 200924.74251497007 imgs/s train.total_time : 7.963180541992188e-05
TCAPPDLL 2025-11-28 13:18:25.705880 - Epoch: 0 Iteration: 146  rank : 0  train.loss : 7.098756790161133  train.ips : 195083.90697674418 imgs/s train.total_time : 8.20159912109375e-05
