2025/06/19 06:01:15 - mmengine - INFO - 
------------------------------------------------------------
System environment:
    sys.platform: linux
    Python: 3.10.16 (main, Dec 11 2024, 16:24:50) [GCC 11.2.0]
    CUDA available: False
    MUSA available: False
    numpy_random_seed: 937658858
    GCC: gcc (Ubuntu 11.4.0-1ubuntu1~22.04) 11.4.0
    PyTorch: 2.4.0a0+git4451b0e
    PyTorch compiling details: PyTorch built with:
  - GCC 11.5
  - C++ Version: 201703
  - Intel(R) oneAPI Math Kernel Library Version 2025.0-Product Build 20241009 for Intel(R) 64 architecture applications
  - Intel(R) MKL-DNN v3.4.2 (Git Hash 1137e04ec0b5251ca2b4400a4fd3c667ce843d67)
  - OpenMP 201511 (a.k.a. OpenMP 4.5)
  - LAPACK is enabled (usually provided by MKL)
  - NNPACK is enabled
  - CPU capability usage: AVX512
  - Build settings: BLAS_INFO=mkl, BUILD_TYPE=Release, CXX_COMPILER=/usr/bin/g++, CXX_FLAGS= -D_GLIBCXX_USE_CXX11_ABI=1 -fvisibility-inlines-hidden -DUSE_PTHREADPOOL -DNDEBUG -DUSE_KINETO -DLIBKINETO_NOCUPTI -DLIBKINETO_NOROCTRACER -DUSE_FBGEMM -DUSE_PYTORCH_QNNPACK -DUSE_XNNPACK -DSYMBOLICATE_MOBILE_DEBUG_HANDLE -O2 -fPIC -Wall -Wextra -Werror=return-type -Werror=non-virtual-dtor -Werror=range-loop-construct -Werror=bool-operation -Wnarrowing -Wno-missing-field-initializers -Wno-type-limits -Wno-array-bounds -Wno-unknown-pragmas -Wno-unused-parameter -Wno-unused-function -Wno-unused-result -Wno-strict-overflow -Wno-strict-aliasing -Wno-stringop-overflow -Wsuggest-override -Wno-psabi -Wno-error=pedantic -Wno-error=old-style-cast -Wno-missing-braces -fdiagnostics-color=always -faligned-new -Wno-unused-but-set-variable -Wno-maybe-uninitialized -fno-math-errno -fno-trapping-math -Werror=format -Wno-stringop-overflow, FORCE_FALLBACK_CUDA_MPI=1, LAPACK_INFO=mkl, PERF_WITH_AVX=1, PERF_WITH_AVX2=1, PERF_WITH_AVX512=1, TORCH_VERSION=2.4.0, USE_CUDA=OFF, USE_CUDNN=OFF, USE_CUSPARSELT=OFF, USE_EXCEPTION_PTR=1, USE_GFLAGS=OFF, USE_GLOG=OFF, USE_GLOO=ON, USE_MKL=ON, USE_MKLDNN=1, USE_MPI=ON, USE_NCCL=OFF, USE_NNPACK=ON, USE_OPENMP=ON, USE_ROCM=OFF, USE_ROCM_KERNEL_ASSERT=OFF, 

    TorchVision: 0.15.1a0+42759b1
    OpenCV: 4.11.0
    MMEngine: 0.10.4

Runtime environment:
    cudnn_benchmark: False
    mp_cfg: {'mp_start_method': 'fork', 'opencv_num_threads': 0}
    dist_cfg: {'backend': 'tccl'}
    seed: 937658858
    deterministic: False
    Distributed launcher: pytorch
    Distributed training: True
    GPU number: 1
------------------------------------------------------------

2025/06/19 06:01:15 - mmengine - INFO - Config:
auto_scale_lr = dict(base_batch_size=1024)
bgr_mean = [
    103.53,
    116.28,
    123.675,
]
bgr_std = [
    57.375,
    57.12,
    58.395,
]
data_preprocessor = dict(
    mean=[
        123.675,
        116.28,
        103.53,
    ],
    num_classes=1000,
    std=[
        58.395,
        57.12,
        57.375,
    ],
    to_rgb=True)
data_root = 'data/imagenet/'
dataset_type = 'ImageNet'
default_hooks = dict(
    checkpoint=dict(interval=1, type='CheckpointHook'),
    logger=dict(interval=100, type='LoggerHook'),
    param_scheduler=dict(type='ParamSchedulerHook'),
    sampler_seed=dict(type='DistSamplerSeedHook'),
    timer=dict(type='IterTimerHook'),
    visualization=dict(enable=False, type='VisualizationHook'))
default_scope = 'mmpretrain'
env_cfg = dict(
    cudnn_benchmark=False,
    dist_cfg=dict(backend='nccl'),
    mp_cfg=dict(mp_start_method='fork', opencv_num_threads=0))
launcher = 'pytorch'
load_from = None
log_level = 'INFO'
model = dict(
    backbone=dict(
        ape=True,
        arch='base',
        drop_path_rate=0.5,
        img_size=224,
        rpe=True,
        type='HiViT'),
    head=dict(
        cal_acc=False,
        in_channels=512,
        init_cfg=None,
        loss=dict(
            label_smooth_val=0.1, mode='original', type='LabelSmoothLoss'),
        num_classes=1000,
        type='LinearClsHead'),
    init_cfg=[
        dict(bias=0.0, layer='Linear', std=0.02, type='TruncNormal'),
        dict(bias=0.0, layer='LayerNorm', type='Constant', val=1.0),
    ],
    neck=dict(type='GlobalAveragePooling'),
    train_cfg=dict(augments=[
        dict(alpha=0.8, type='Mixup'),
        dict(alpha=1.0, type='CutMix'),
    ]),
    type='ImageClassifier')
optim_wrapper = dict(
    clip_grad=dict(max_norm=5.0),
    loss_scale='dynamic',
    optimizer=dict(
        betas=(
            0.9,
            0.999,
        ),
        eps=1e-08,
        lr=0.001,
        type='AdamW',
        weight_decay=0.05),
    paramwise_cfg=dict(
        bias_decay_mult=0.0,
        custom_keys=dict({
            '.pos_embed': dict(decay_mult=0.0),
            '.relative_position_bias_table': dict(decay_mult=0.0)
        }),
        flat_decay_mult=0.0,
        norm_decay_mult=0.0),
    type='AmpOptimWrapper')
param_scheduler = [
    dict(
        by_epoch=True,
        convert_to_iter_based=True,
        end=20,
        start_factor=0.001,
        type='LinearLR'),
    dict(begin=20, by_epoch=True, eta_min=1e-05, type='CosineAnnealingLR'),
]
randomness = dict(deterministic=False, seed=None)
resume = False
test_cfg = dict()
test_dataloader = dict(
    batch_size=32,
    collate_fn=dict(type='default_collate'),
    dataset=dict(
        ann_file='val_copy_list.txt',
        data_prefix='',
        data_root='data/imagenet/',
        pipeline=[
            dict(type='LoadImageFromFile'),
            dict(
                backend='pillow',
                edge='short',
                interpolation='bicubic',
                scale=256,
                type='ResizeEdge'),
            dict(crop_size=224, type='CenterCrop'),
            dict(type='PackInputs'),
        ],
        type='ImageNet'),
    num_workers=5,
    persistent_workers=True,
    pin_memory=True,
    sampler=dict(shuffle=False, type='DefaultSampler'))
test_evaluator = dict(
    topk=(
        1,
        5,
    ), type='Accuracy')
test_pipeline = [
    dict(type='LoadImageFromFile'),
    dict(
        backend='pillow',
        edge='short',
        interpolation='bicubic',
        scale=256,
        type='ResizeEdge'),
    dict(crop_size=224, type='CenterCrop'),
    dict(type='PackInputs'),
]
train_cfg = dict(by_epoch=True, max_epochs=300, val_interval=1)
train_dataloader = dict(
    batch_size=32,
    collate_fn=dict(type='default_collate'),
    dataset=dict(
        ann_file='train_list.txt',
        data_prefix='',
        data_root='/data/teco-data/imagenet',
        pipeline=[
            dict(type='LoadImageFromFile'),
            dict(
                backend='pillow',
                interpolation='bicubic',
                scale=224,
                type='RandomResizedCrop'),
            dict(direction='horizontal', prob=0.5, type='RandomFlip'),
            dict(
                hparams=dict(
                    interpolation='bicubic', pad_val=[
                        104,
                        116,
                        124,
                    ]),
                magnitude_level=9,
                magnitude_std=0.5,
                num_policies=2,
                policies='timm_increasing',
                total_level=10,
                type='RandAugment'),
            dict(
                erase_prob=0.25,
                fill_color=[
                    103.53,
                    116.28,
                    123.675,
                ],
                fill_std=[
                    57.375,
                    57.12,
                    58.395,
                ],
                max_area_ratio=0.3333333333333333,
                min_area_ratio=0.02,
                mode='rand',
                type='RandomErasing'),
            dict(type='PackInputs'),
        ],
        type='ImageNet'),
    num_workers=5,
    persistent_workers=True,
    pin_memory=True,
    sampler=dict(shuffle=True, type='DefaultSampler'))
train_pipeline = [
    dict(type='LoadImageFromFile'),
    dict(
        backend='pillow',
        interpolation='bicubic',
        scale=224,
        type='RandomResizedCrop'),
    dict(direction='horizontal', prob=0.5, type='RandomFlip'),
    dict(
        hparams=dict(interpolation='bicubic', pad_val=[
            104,
            116,
            124,
        ]),
        magnitude_level=9,
        magnitude_std=0.5,
        num_policies=2,
        policies='timm_increasing',
        total_level=10,
        type='RandAugment'),
    dict(
        erase_prob=0.25,
        fill_color=[
            103.53,
            116.28,
            123.675,
        ],
        fill_std=[
            57.375,
            57.12,
            58.395,
        ],
        max_area_ratio=0.3333333333333333,
        min_area_ratio=0.02,
        mode='rand',
        type='RandomErasing'),
    dict(type='PackInputs'),
]
val_cfg = dict()
val_dataloader = dict(
    batch_size=32,
    collate_fn=dict(type='default_collate'),
    dataset=dict(
        ann_file='val_copy_list.txt',
        data_prefix='',
        data_root='/data/teco-data/imagenet',
        pipeline=[
            dict(type='LoadImageFromFile'),
            dict(
                backend='pillow',
                edge='short',
                interpolation='bicubic',
                scale=256,
                type='ResizeEdge'),
            dict(crop_size=224, type='CenterCrop'),
            dict(type='PackInputs'),
        ],
        type='ImageNet'),
    num_workers=5,
    persistent_workers=True,
    pin_memory=True,
    sampler=dict(shuffle=False, type='DefaultSampler'))
val_evaluator = dict(
    topk=(
        1,
        5,
    ), type='Accuracy')
vis_backends = [
    dict(type='LocalVisBackend'),
]
visualizer = dict(
    type='UniversalVisualizer', vis_backends=[
        dict(type='LocalVisBackend'),
    ])
work_dir = './work_dirs/hivit-base-p16_16xb64_in1k'

2025/06/19 06:01:16 - mmengine - INFO - Because batch augmentations are enabled, the data preprocessor automatically enables the `to_onehot` option to generate one-hot format labels.
2025/06/19 06:01:39 - mmengine - INFO - Hooks will be executed in the following order:
before_run:
(VERY_HIGH   ) RuntimeInfoHook                    
(BELOW_NORMAL) LoggerHook                         
 -------------------- 
before_train:
(VERY_HIGH   ) RuntimeInfoHook                    
(NORMAL      ) IterTimerHook                      
(VERY_LOW    ) CheckpointHook                     
 -------------------- 
before_train_epoch:
(VERY_HIGH   ) RuntimeInfoHook                    
(NORMAL      ) IterTimerHook                      
(NORMAL      ) DistSamplerSeedHook                
 -------------------- 
before_train_iter:
(VERY_HIGH   ) RuntimeInfoHook                    
(NORMAL      ) IterTimerHook                      
 -------------------- 
after_train_iter:
(VERY_HIGH   ) RuntimeInfoHook                    
(NORMAL      ) IterTimerHook                      
(BELOW_NORMAL) LoggerHook                         
(LOW         ) ParamSchedulerHook                 
(VERY_LOW    ) CheckpointHook                     
 -------------------- 
after_train_epoch:
(NORMAL      ) IterTimerHook                      
(LOW         ) ParamSchedulerHook                 
(VERY_LOW    ) CheckpointHook                     
 -------------------- 
before_val:
(VERY_HIGH   ) RuntimeInfoHook                    
 -------------------- 
before_val_epoch:
(NORMAL      ) IterTimerHook                      
 -------------------- 
before_val_iter:
(NORMAL      ) IterTimerHook                      
 -------------------- 
after_val_iter:
(NORMAL      ) IterTimerHook                      
(NORMAL      ) VisualizationHook                  
(BELOW_NORMAL) LoggerHook                         
 -------------------- 
after_val_epoch:
(VERY_HIGH   ) RuntimeInfoHook                    
(NORMAL      ) IterTimerHook                      
(BELOW_NORMAL) LoggerHook                         
(LOW         ) ParamSchedulerHook                 
(VERY_LOW    ) CheckpointHook                     
 -------------------- 
after_val:
(VERY_HIGH   ) RuntimeInfoHook                    
 -------------------- 
after_train:
(VERY_HIGH   ) RuntimeInfoHook                    
(VERY_LOW    ) CheckpointHook                     
 -------------------- 
before_test:
(VERY_HIGH   ) RuntimeInfoHook                    
 -------------------- 
before_test_epoch:
(NORMAL      ) IterTimerHook                      
 -------------------- 
before_test_iter:
(NORMAL      ) IterTimerHook                      
 -------------------- 
after_test_iter:
(NORMAL      ) IterTimerHook                      
(NORMAL      ) VisualizationHook                  
(BELOW_NORMAL) LoggerHook                         
 -------------------- 
after_test_epoch:
(VERY_HIGH   ) RuntimeInfoHook                    
(NORMAL      ) IterTimerHook                      
(BELOW_NORMAL) LoggerHook                         
 -------------------- 
after_test:
(VERY_HIGH   ) RuntimeInfoHook                    
 -------------------- 
after_run:
(BELOW_NORMAL) LoggerHook                         
 -------------------- 
2025/06/19 06:01:51 - mmengine - INFO - paramwise_options -- backbone.pos_embed:lr=0.001
2025/06/19 06:01:51 - mmengine - INFO - paramwise_options -- backbone.pos_embed:weight_decay=0.0
2025/06/19 06:01:51 - mmengine - INFO - paramwise_options -- backbone.pos_embed:decay_mult=0.0
2025/06/19 06:01:51 - mmengine - INFO - paramwise_options -- backbone.patch_embed.proj.bias:weight_decay=0.0
2025/06/19 06:01:51 - mmengine - INFO - paramwise_options -- backbone.patch_embed.norm.weight:weight_decay=0.0
2025/06/19 06:01:51 - mmengine - INFO - paramwise_options -- backbone.patch_embed.norm.bias:weight_decay=0.0
2025/06/19 06:01:51 - mmengine - INFO - paramwise_options -- backbone.blocks.0.norm2.weight:weight_decay=0.0
2025/06/19 06:01:51 - mmengine - INFO - paramwise_options -- backbone.blocks.0.norm2.bias:weight_decay=0.0
2025/06/19 06:01:51 - mmengine - INFO - paramwise_options -- backbone.blocks.0.mlp.fc1.bias:weight_decay=0.0
2025/06/19 06:01:51 - mmengine - INFO - paramwise_options -- backbone.blocks.0.mlp.fc2.bias:weight_decay=0.0
2025/06/19 06:01:51 - mmengine - INFO - paramwise_options -- backbone.blocks.1.norm2.weight:weight_decay=0.0
2025/06/19 06:01:51 - mmengine - INFO - paramwise_options -- backbone.blocks.1.norm2.bias:weight_decay=0.0
2025/06/19 06:01:51 - mmengine - INFO - paramwise_options -- backbone.blocks.1.mlp.fc1.bias:weight_decay=0.0
2025/06/19 06:01:51 - mmengine - INFO - paramwise_options -- backbone.blocks.1.mlp.fc2.bias:weight_decay=0.0
2025/06/19 06:01:51 - mmengine - INFO - paramwise_options -- backbone.blocks.2.norm2.weight:weight_decay=0.0
2025/06/19 06:01:51 - mmengine - INFO - paramwise_options -- backbone.blocks.2.norm2.bias:weight_decay=0.0
2025/06/19 06:01:51 - mmengine - INFO - paramwise_options -- backbone.blocks.2.mlp.fc1.bias:weight_decay=0.0
2025/06/19 06:01:51 - mmengine - INFO - paramwise_options -- backbone.blocks.2.mlp.fc2.bias:weight_decay=0.0
2025/06/19 06:01:51 - mmengine - INFO - paramwise_options -- backbone.blocks.3.norm2.weight:weight_decay=0.0
2025/06/19 06:01:51 - mmengine - INFO - paramwise_options -- backbone.blocks.3.norm2.bias:weight_decay=0.0
2025/06/19 06:01:51 - mmengine - INFO - paramwise_options -- backbone.blocks.3.mlp.fc1.bias:weight_decay=0.0
2025/06/19 06:01:51 - mmengine - INFO - paramwise_options -- backbone.blocks.3.mlp.fc2.bias:weight_decay=0.0
2025/06/19 06:01:51 - mmengine - INFO - paramwise_options -- backbone.blocks.4.norm.weight:weight_decay=0.0
2025/06/19 06:01:51 - mmengine - INFO - paramwise_options -- backbone.blocks.4.norm.bias:weight_decay=0.0
2025/06/19 06:01:51 - mmengine - INFO - paramwise_options -- backbone.blocks.5.norm2.weight:weight_decay=0.0
2025/06/19 06:01:51 - mmengine - INFO - paramwise_options -- backbone.blocks.5.norm2.bias:weight_decay=0.0
2025/06/19 06:01:51 - mmengine - INFO - paramwise_options -- backbone.blocks.5.mlp.fc1.bias:weight_decay=0.0
2025/06/19 06:01:51 - mmengine - INFO - paramwise_options -- backbone.blocks.5.mlp.fc2.bias:weight_decay=0.0
2025/06/19 06:01:51 - mmengine - INFO - paramwise_options -- backbone.blocks.6.norm2.weight:weight_decay=0.0
2025/06/19 06:01:51 - mmengine - INFO - paramwise_options -- backbone.blocks.6.norm2.bias:weight_decay=0.0
2025/06/19 06:01:51 - mmengine - INFO - paramwise_options -- backbone.blocks.6.mlp.fc1.bias:weight_decay=0.0
2025/06/19 06:01:51 - mmengine - INFO - paramwise_options -- backbone.blocks.6.mlp.fc2.bias:weight_decay=0.0
2025/06/19 06:01:51 - mmengine - INFO - paramwise_options -- backbone.blocks.7.norm2.weight:weight_decay=0.0
2025/06/19 06:01:51 - mmengine - INFO - paramwise_options -- backbone.blocks.7.norm2.bias:weight_decay=0.0
2025/06/19 06:01:51 - mmengine - INFO - paramwise_options -- backbone.blocks.7.mlp.fc1.bias:weight_decay=0.0
2025/06/19 06:01:51 - mmengine - INFO - paramwise_options -- backbone.blocks.7.mlp.fc2.bias:weight_decay=0.0
2025/06/19 06:01:51 - mmengine - INFO - paramwise_options -- backbone.blocks.8.norm2.weight:weight_decay=0.0
2025/06/19 06:01:51 - mmengine - INFO - paramwise_options -- backbone.blocks.8.norm2.bias:weight_decay=0.0
2025/06/19 06:01:51 - mmengine - INFO - paramwise_options -- backbone.blocks.8.mlp.fc1.bias:weight_decay=0.0
2025/06/19 06:01:51 - mmengine - INFO - paramwise_options -- backbone.blocks.8.mlp.fc2.bias:weight_decay=0.0
2025/06/19 06:01:51 - mmengine - INFO - paramwise_options -- backbone.blocks.9.norm.weight:weight_decay=0.0
2025/06/19 06:01:51 - mmengine - INFO - paramwise_options -- backbone.blocks.9.norm.bias:weight_decay=0.0
2025/06/19 06:01:51 - mmengine - INFO - paramwise_options -- backbone.blocks.10.norm1.weight:weight_decay=0.0
2025/06/19 06:01:51 - mmengine - INFO - paramwise_options -- backbone.blocks.10.norm1.bias:weight_decay=0.0
2025/06/19 06:01:51 - mmengine - INFO - paramwise_options -- backbone.blocks.10.attn.relative_position_bias_table:lr=0.001
2025/06/19 06:01:51 - mmengine - INFO - paramwise_options -- backbone.blocks.10.attn.relative_position_bias_table:weight_decay=0.0
2025/06/19 06:01:51 - mmengine - INFO - paramwise_options -- backbone.blocks.10.attn.relative_position_bias_table:decay_mult=0.0
2025/06/19 06:01:51 - mmengine - INFO - paramwise_options -- backbone.blocks.10.attn.qkv.bias:weight_decay=0.0
2025/06/19 06:01:51 - mmengine - INFO - paramwise_options -- backbone.blocks.10.attn.proj.bias:weight_decay=0.0
2025/06/19 06:01:51 - mmengine - INFO - paramwise_options -- backbone.blocks.10.norm2.weight:weight_decay=0.0
2025/06/19 06:01:51 - mmengine - INFO - paramwise_options -- backbone.blocks.10.norm2.bias:weight_decay=0.0
2025/06/19 06:01:51 - mmengine - INFO - paramwise_options -- backbone.blocks.10.mlp.fc1.bias:weight_decay=0.0
2025/06/19 06:01:51 - mmengine - INFO - paramwise_options -- backbone.blocks.10.mlp.fc2.bias:weight_decay=0.0
2025/06/19 06:01:51 - mmengine - INFO - paramwise_options -- backbone.blocks.11.norm1.weight:weight_decay=0.0
2025/06/19 06:01:51 - mmengine - INFO - paramwise_options -- backbone.blocks.11.norm1.bias:weight_decay=0.0
2025/06/19 06:01:51 - mmengine - INFO - paramwise_options -- backbone.blocks.11.attn.relative_position_bias_table:lr=0.001
2025/06/19 06:01:51 - mmengine - INFO - paramwise_options -- backbone.blocks.11.attn.relative_position_bias_table:weight_decay=0.0
2025/06/19 06:01:51 - mmengine - INFO - paramwise_options -- backbone.blocks.11.attn.relative_position_bias_table:decay_mult=0.0
2025/06/19 06:01:51 - mmengine - INFO - paramwise_options -- backbone.blocks.11.attn.qkv.bias:weight_decay=0.0
2025/06/19 06:01:51 - mmengine - INFO - paramwise_options -- backbone.blocks.11.attn.proj.bias:weight_decay=0.0
2025/06/19 06:01:51 - mmengine - INFO - paramwise_options -- backbone.blocks.11.norm2.weight:weight_decay=0.0
2025/06/19 06:01:51 - mmengine - INFO - paramwise_options -- backbone.blocks.11.norm2.bias:weight_decay=0.0
2025/06/19 06:01:51 - mmengine - INFO - paramwise_options -- backbone.blocks.11.mlp.fc1.bias:weight_decay=0.0
2025/06/19 06:01:51 - mmengine - INFO - paramwise_options -- backbone.blocks.11.mlp.fc2.bias:weight_decay=0.0
2025/06/19 06:01:51 - mmengine - INFO - paramwise_options -- backbone.blocks.12.norm1.weight:weight_decay=0.0
2025/06/19 06:01:51 - mmengine - INFO - paramwise_options -- backbone.blocks.12.norm1.bias:weight_decay=0.0
2025/06/19 06:01:51 - mmengine - INFO - paramwise_options -- backbone.blocks.12.attn.relative_position_bias_table:lr=0.001
2025/06/19 06:01:51 - mmengine - INFO - paramwise_options -- backbone.blocks.12.attn.relative_position_bias_table:weight_decay=0.0
2025/06/19 06:01:51 - mmengine - INFO - paramwise_options -- backbone.blocks.12.attn.relative_position_bias_table:decay_mult=0.0
2025/06/19 06:01:51 - mmengine - INFO - paramwise_options -- backbone.blocks.12.attn.qkv.bias:weight_decay=0.0
2025/06/19 06:01:51 - mmengine - INFO - paramwise_options -- backbone.blocks.12.attn.proj.bias:weight_decay=0.0
2025/06/19 06:01:51 - mmengine - INFO - paramwise_options -- backbone.blocks.12.norm2.weight:weight_decay=0.0
2025/06/19 06:01:51 - mmengine - INFO - paramwise_options -- backbone.blocks.12.norm2.bias:weight_decay=0.0
2025/06/19 06:01:51 - mmengine - INFO - paramwise_options -- backbone.blocks.12.mlp.fc1.bias:weight_decay=0.0
2025/06/19 06:01:51 - mmengine - INFO - paramwise_options -- backbone.blocks.12.mlp.fc2.bias:weight_decay=0.0
2025/06/19 06:01:51 - mmengine - INFO - paramwise_options -- backbone.blocks.13.norm1.weight:weight_decay=0.0
2025/06/19 06:01:51 - mmengine - INFO - paramwise_options -- backbone.blocks.13.norm1.bias:weight_decay=0.0
2025/06/19 06:01:51 - mmengine - INFO - paramwise_options -- backbone.blocks.13.attn.relative_position_bias_table:lr=0.001
2025/06/19 06:01:51 - mmengine - INFO - paramwise_options -- backbone.blocks.13.attn.relative_position_bias_table:weight_decay=0.0
2025/06/19 06:01:51 - mmengine - INFO - paramwise_options -- backbone.blocks.13.attn.relative_position_bias_table:decay_mult=0.0
2025/06/19 06:01:51 - mmengine - INFO - paramwise_options -- backbone.blocks.13.attn.qkv.bias:weight_decay=0.0
2025/06/19 06:01:51 - mmengine - INFO - paramwise_options -- backbone.blocks.13.attn.proj.bias:weight_decay=0.0
2025/06/19 06:01:51 - mmengine - INFO - paramwise_options -- backbone.blocks.13.norm2.weight:weight_decay=0.0
2025/06/19 06:01:51 - mmengine - INFO - paramwise_options -- backbone.blocks.13.norm2.bias:weight_decay=0.0
2025/06/19 06:01:51 - mmengine - INFO - paramwise_options -- backbone.blocks.13.mlp.fc1.bias:weight_decay=0.0
2025/06/19 06:01:51 - mmengine - INFO - paramwise_options -- backbone.blocks.13.mlp.fc2.bias:weight_decay=0.0
2025/06/19 06:01:51 - mmengine - INFO - paramwise_options -- backbone.blocks.14.norm1.weight:weight_decay=0.0
2025/06/19 06:01:51 - mmengine - INFO - paramwise_options -- backbone.blocks.14.norm1.bias:weight_decay=0.0
2025/06/19 06:01:51 - mmengine - INFO - paramwise_options -- backbone.blocks.14.attn.relative_position_bias_table:lr=0.001
2025/06/19 06:01:51 - mmengine - INFO - paramwise_options -- backbone.blocks.14.attn.relative_position_bias_table:weight_decay=0.0
2025/06/19 06:01:51 - mmengine - INFO - paramwise_options -- backbone.blocks.14.attn.relative_position_bias_table:decay_mult=0.0
2025/06/19 06:01:51 - mmengine - INFO - paramwise_options -- backbone.blocks.14.attn.qkv.bias:weight_decay=0.0
2025/06/19 06:01:51 - mmengine - INFO - paramwise_options -- backbone.blocks.14.attn.proj.bias:weight_decay=0.0
2025/06/19 06:01:51 - mmengine - INFO - paramwise_options -- backbone.blocks.14.norm2.weight:weight_decay=0.0
2025/06/19 06:01:51 - mmengine - INFO - paramwise_options -- backbone.blocks.14.norm2.bias:weight_decay=0.0
2025/06/19 06:01:51 - mmengine - INFO - paramwise_options -- backbone.blocks.14.mlp.fc1.bias:weight_decay=0.0
2025/06/19 06:01:51 - mmengine - INFO - paramwise_options -- backbone.blocks.14.mlp.fc2.bias:weight_decay=0.0
2025/06/19 06:01:51 - mmengine - INFO - paramwise_options -- backbone.blocks.15.norm1.weight:weight_decay=0.0
2025/06/19 06:01:51 - mmengine - INFO - paramwise_options -- backbone.blocks.15.norm1.bias:weight_decay=0.0
2025/06/19 06:01:51 - mmengine - INFO - paramwise_options -- backbone.blocks.15.attn.relative_position_bias_table:lr=0.001
2025/06/19 06:01:51 - mmengine - INFO - paramwise_options -- backbone.blocks.15.attn.relative_position_bias_table:weight_decay=0.0
2025/06/19 06:01:51 - mmengine - INFO - paramwise_options -- backbone.blocks.15.attn.relative_position_bias_table:decay_mult=0.0
2025/06/19 06:01:51 - mmengine - INFO - paramwise_options -- backbone.blocks.15.attn.qkv.bias:weight_decay=0.0
2025/06/19 06:01:51 - mmengine - INFO - paramwise_options -- backbone.blocks.15.attn.proj.bias:weight_decay=0.0
2025/06/19 06:01:51 - mmengine - INFO - paramwise_options -- backbone.blocks.15.norm2.weight:weight_decay=0.0
2025/06/19 06:01:51 - mmengine - INFO - paramwise_options -- backbone.blocks.15.norm2.bias:weight_decay=0.0
2025/06/19 06:01:51 - mmengine - INFO - paramwise_options -- backbone.blocks.15.mlp.fc1.bias:weight_decay=0.0
2025/06/19 06:01:51 - mmengine - INFO - paramwise_options -- backbone.blocks.15.mlp.fc2.bias:weight_decay=0.0
2025/06/19 06:01:51 - mmengine - INFO - paramwise_options -- backbone.blocks.16.norm1.weight:weight_decay=0.0
2025/06/19 06:01:51 - mmengine - INFO - paramwise_options -- backbone.blocks.16.norm1.bias:weight_decay=0.0
2025/06/19 06:01:51 - mmengine - INFO - paramwise_options -- backbone.blocks.16.attn.relative_position_bias_table:lr=0.001
2025/06/19 06:01:51 - mmengine - INFO - paramwise_options -- backbone.blocks.16.attn.relative_position_bias_table:weight_decay=0.0
2025/06/19 06:01:51 - mmengine - INFO - paramwise_options -- backbone.blocks.16.attn.relative_position_bias_table:decay_mult=0.0
2025/06/19 06:01:51 - mmengine - INFO - paramwise_options -- backbone.blocks.16.attn.qkv.bias:weight_decay=0.0
2025/06/19 06:01:51 - mmengine - INFO - paramwise_options -- backbone.blocks.16.attn.proj.bias:weight_decay=0.0
2025/06/19 06:01:51 - mmengine - INFO - paramwise_options -- backbone.blocks.16.norm2.weight:weight_decay=0.0
2025/06/19 06:01:51 - mmengine - INFO - paramwise_options -- backbone.blocks.16.norm2.bias:weight_decay=0.0
2025/06/19 06:01:51 - mmengine - INFO - paramwise_options -- backbone.blocks.16.mlp.fc1.bias:weight_decay=0.0
2025/06/19 06:01:51 - mmengine - INFO - paramwise_options -- backbone.blocks.16.mlp.fc2.bias:weight_decay=0.0
2025/06/19 06:01:51 - mmengine - INFO - paramwise_options -- backbone.blocks.17.norm1.weight:weight_decay=0.0
2025/06/19 06:01:51 - mmengine - INFO - paramwise_options -- backbone.blocks.17.norm1.bias:weight_decay=0.0
2025/06/19 06:01:51 - mmengine - INFO - paramwise_options -- backbone.blocks.17.attn.relative_position_bias_table:lr=0.001
2025/06/19 06:01:51 - mmengine - INFO - paramwise_options -- backbone.blocks.17.attn.relative_position_bias_table:weight_decay=0.0
2025/06/19 06:01:51 - mmengine - INFO - paramwise_options -- backbone.blocks.17.attn.relative_position_bias_table:decay_mult=0.0
2025/06/19 06:01:51 - mmengine - INFO - paramwise_options -- backbone.blocks.17.attn.qkv.bias:weight_decay=0.0
2025/06/19 06:01:51 - mmengine - INFO - paramwise_options -- backbone.blocks.17.attn.proj.bias:weight_decay=0.0
2025/06/19 06:01:51 - mmengine - INFO - paramwise_options -- backbone.blocks.17.norm2.weight:weight_decay=0.0
2025/06/19 06:01:51 - mmengine - INFO - paramwise_options -- backbone.blocks.17.norm2.bias:weight_decay=0.0
2025/06/19 06:01:51 - mmengine - INFO - paramwise_options -- backbone.blocks.17.mlp.fc1.bias:weight_decay=0.0
2025/06/19 06:01:51 - mmengine - INFO - paramwise_options -- backbone.blocks.17.mlp.fc2.bias:weight_decay=0.0
2025/06/19 06:01:51 - mmengine - INFO - paramwise_options -- backbone.blocks.18.norm1.weight:weight_decay=0.0
2025/06/19 06:01:51 - mmengine - INFO - paramwise_options -- backbone.blocks.18.norm1.bias:weight_decay=0.0
2025/06/19 06:01:51 - mmengine - INFO - paramwise_options -- backbone.blocks.18.attn.relative_position_bias_table:lr=0.001
2025/06/19 06:01:51 - mmengine - INFO - paramwise_options -- backbone.blocks.18.attn.relative_position_bias_table:weight_decay=0.0
2025/06/19 06:01:51 - mmengine - INFO - paramwise_options -- backbone.blocks.18.attn.relative_position_bias_table:decay_mult=0.0
2025/06/19 06:01:51 - mmengine - INFO - paramwise_options -- backbone.blocks.18.attn.qkv.bias:weight_decay=0.0
2025/06/19 06:01:51 - mmengine - INFO - paramwise_options -- backbone.blocks.18.attn.proj.bias:weight_decay=0.0
2025/06/19 06:01:51 - mmengine - INFO - paramwise_options -- backbone.blocks.18.norm2.weight:weight_decay=0.0
2025/06/19 06:01:51 - mmengine - INFO - paramwise_options -- backbone.blocks.18.norm2.bias:weight_decay=0.0
2025/06/19 06:01:51 - mmengine - INFO - paramwise_options -- backbone.blocks.18.mlp.fc1.bias:weight_decay=0.0
2025/06/19 06:01:51 - mmengine - INFO - paramwise_options -- backbone.blocks.18.mlp.fc2.bias:weight_decay=0.0
2025/06/19 06:01:51 - mmengine - INFO - paramwise_options -- backbone.blocks.19.norm1.weight:weight_decay=0.0
2025/06/19 06:01:51 - mmengine - INFO - paramwise_options -- backbone.blocks.19.norm1.bias:weight_decay=0.0
2025/06/19 06:01:51 - mmengine - INFO - paramwise_options -- backbone.blocks.19.attn.relative_position_bias_table:lr=0.001
2025/06/19 06:01:51 - mmengine - INFO - paramwise_options -- backbone.blocks.19.attn.relative_position_bias_table:weight_decay=0.0
2025/06/19 06:01:51 - mmengine - INFO - paramwise_options -- backbone.blocks.19.attn.relative_position_bias_table:decay_mult=0.0
2025/06/19 06:01:51 - mmengine - INFO - paramwise_options -- backbone.blocks.19.attn.qkv.bias:weight_decay=0.0
2025/06/19 06:01:51 - mmengine - INFO - paramwise_options -- backbone.blocks.19.attn.proj.bias:weight_decay=0.0
2025/06/19 06:01:51 - mmengine - INFO - paramwise_options -- backbone.blocks.19.norm2.weight:weight_decay=0.0
2025/06/19 06:01:51 - mmengine - INFO - paramwise_options -- backbone.blocks.19.norm2.bias:weight_decay=0.0
2025/06/19 06:01:51 - mmengine - INFO - paramwise_options -- backbone.blocks.19.mlp.fc1.bias:weight_decay=0.0
2025/06/19 06:01:51 - mmengine - INFO - paramwise_options -- backbone.blocks.19.mlp.fc2.bias:weight_decay=0.0
2025/06/19 06:01:51 - mmengine - INFO - paramwise_options -- backbone.blocks.20.norm1.weight:weight_decay=0.0
2025/06/19 06:01:51 - mmengine - INFO - paramwise_options -- backbone.blocks.20.norm1.bias:weight_decay=0.0
2025/06/19 06:01:51 - mmengine - INFO - paramwise_options -- backbone.blocks.20.attn.relative_position_bias_table:lr=0.001
2025/06/19 06:01:51 - mmengine - INFO - paramwise_options -- backbone.blocks.20.attn.relative_position_bias_table:weight_decay=0.0
2025/06/19 06:01:51 - mmengine - INFO - paramwise_options -- backbone.blocks.20.attn.relative_position_bias_table:decay_mult=0.0
2025/06/19 06:01:51 - mmengine - INFO - paramwise_options -- backbone.blocks.20.attn.qkv.bias:weight_decay=0.0
2025/06/19 06:01:51 - mmengine - INFO - paramwise_options -- backbone.blocks.20.attn.proj.bias:weight_decay=0.0
2025/06/19 06:01:51 - mmengine - INFO - paramwise_options -- backbone.blocks.20.norm2.weight:weight_decay=0.0
2025/06/19 06:01:51 - mmengine - INFO - paramwise_options -- backbone.blocks.20.norm2.bias:weight_decay=0.0
2025/06/19 06:01:51 - mmengine - INFO - paramwise_options -- backbone.blocks.20.mlp.fc1.bias:weight_decay=0.0
2025/06/19 06:01:51 - mmengine - INFO - paramwise_options -- backbone.blocks.20.mlp.fc2.bias:weight_decay=0.0
2025/06/19 06:01:51 - mmengine - INFO - paramwise_options -- backbone.blocks.21.norm1.weight:weight_decay=0.0
2025/06/19 06:01:51 - mmengine - INFO - paramwise_options -- backbone.blocks.21.norm1.bias:weight_decay=0.0
2025/06/19 06:01:51 - mmengine - INFO - paramwise_options -- backbone.blocks.21.attn.relative_position_bias_table:lr=0.001
2025/06/19 06:01:51 - mmengine - INFO - paramwise_options -- backbone.blocks.21.attn.relative_position_bias_table:weight_decay=0.0
2025/06/19 06:01:51 - mmengine - INFO - paramwise_options -- backbone.blocks.21.attn.relative_position_bias_table:decay_mult=0.0
2025/06/19 06:01:51 - mmengine - INFO - paramwise_options -- backbone.blocks.21.attn.qkv.bias:weight_decay=0.0
2025/06/19 06:01:51 - mmengine - INFO - paramwise_options -- backbone.blocks.21.attn.proj.bias:weight_decay=0.0
2025/06/19 06:01:51 - mmengine - INFO - paramwise_options -- backbone.blocks.21.norm2.weight:weight_decay=0.0
2025/06/19 06:01:51 - mmengine - INFO - paramwise_options -- backbone.blocks.21.norm2.bias:weight_decay=0.0
2025/06/19 06:01:51 - mmengine - INFO - paramwise_options -- backbone.blocks.21.mlp.fc1.bias:weight_decay=0.0
2025/06/19 06:01:51 - mmengine - INFO - paramwise_options -- backbone.blocks.21.mlp.fc2.bias:weight_decay=0.0
2025/06/19 06:01:51 - mmengine - INFO - paramwise_options -- backbone.blocks.22.norm1.weight:weight_decay=0.0
2025/06/19 06:01:51 - mmengine - INFO - paramwise_options -- backbone.blocks.22.norm1.bias:weight_decay=0.0
2025/06/19 06:01:51 - mmengine - INFO - paramwise_options -- backbone.blocks.22.attn.relative_position_bias_table:lr=0.001
2025/06/19 06:01:51 - mmengine - INFO - paramwise_options -- backbone.blocks.22.attn.relative_position_bias_table:weight_decay=0.0
2025/06/19 06:01:51 - mmengine - INFO - paramwise_options -- backbone.blocks.22.attn.relative_position_bias_table:decay_mult=0.0
2025/06/19 06:01:51 - mmengine - INFO - paramwise_options -- backbone.blocks.22.attn.qkv.bias:weight_decay=0.0
2025/06/19 06:01:51 - mmengine - INFO - paramwise_options -- backbone.blocks.22.attn.proj.bias:weight_decay=0.0
2025/06/19 06:01:51 - mmengine - INFO - paramwise_options -- backbone.blocks.22.norm2.weight:weight_decay=0.0
2025/06/19 06:01:51 - mmengine - INFO - paramwise_options -- backbone.blocks.22.norm2.bias:weight_decay=0.0
2025/06/19 06:01:51 - mmengine - INFO - paramwise_options -- backbone.blocks.22.mlp.fc1.bias:weight_decay=0.0
2025/06/19 06:01:51 - mmengine - INFO - paramwise_options -- backbone.blocks.22.mlp.fc2.bias:weight_decay=0.0
2025/06/19 06:01:51 - mmengine - INFO - paramwise_options -- backbone.blocks.23.norm1.weight:weight_decay=0.0
2025/06/19 06:01:51 - mmengine - INFO - paramwise_options -- backbone.blocks.23.norm1.bias:weight_decay=0.0
2025/06/19 06:01:51 - mmengine - INFO - paramwise_options -- backbone.blocks.23.attn.relative_position_bias_table:lr=0.001
2025/06/19 06:01:51 - mmengine - INFO - paramwise_options -- backbone.blocks.23.attn.relative_position_bias_table:weight_decay=0.0
2025/06/19 06:01:51 - mmengine - INFO - paramwise_options -- backbone.blocks.23.attn.relative_position_bias_table:decay_mult=0.0
2025/06/19 06:01:51 - mmengine - INFO - paramwise_options -- backbone.blocks.23.attn.qkv.bias:weight_decay=0.0
2025/06/19 06:01:51 - mmengine - INFO - paramwise_options -- backbone.blocks.23.attn.proj.bias:weight_decay=0.0
2025/06/19 06:01:51 - mmengine - INFO - paramwise_options -- backbone.blocks.23.norm2.weight:weight_decay=0.0
2025/06/19 06:01:51 - mmengine - INFO - paramwise_options -- backbone.blocks.23.norm2.bias:weight_decay=0.0
2025/06/19 06:01:51 - mmengine - INFO - paramwise_options -- backbone.blocks.23.mlp.fc1.bias:weight_decay=0.0
2025/06/19 06:01:51 - mmengine - INFO - paramwise_options -- backbone.blocks.23.mlp.fc2.bias:weight_decay=0.0
2025/06/19 06:01:51 - mmengine - INFO - paramwise_options -- backbone.blocks.24.norm1.weight:weight_decay=0.0
2025/06/19 06:01:51 - mmengine - INFO - paramwise_options -- backbone.blocks.24.norm1.bias:weight_decay=0.0
2025/06/19 06:01:51 - mmengine - INFO - paramwise_options -- backbone.blocks.24.attn.relative_position_bias_table:lr=0.001
2025/06/19 06:01:51 - mmengine - INFO - paramwise_options -- backbone.blocks.24.attn.relative_position_bias_table:weight_decay=0.0
2025/06/19 06:01:51 - mmengine - INFO - paramwise_options -- backbone.blocks.24.attn.relative_position_bias_table:decay_mult=0.0
2025/06/19 06:01:51 - mmengine - INFO - paramwise_options -- backbone.blocks.24.attn.qkv.bias:weight_decay=0.0
2025/06/19 06:01:51 - mmengine - INFO - paramwise_options -- backbone.blocks.24.attn.proj.bias:weight_decay=0.0
2025/06/19 06:01:51 - mmengine - INFO - paramwise_options -- backbone.blocks.24.norm2.weight:weight_decay=0.0
2025/06/19 06:01:51 - mmengine - INFO - paramwise_options -- backbone.blocks.24.norm2.bias:weight_decay=0.0
2025/06/19 06:01:51 - mmengine - INFO - paramwise_options -- backbone.blocks.24.mlp.fc1.bias:weight_decay=0.0
2025/06/19 06:01:51 - mmengine - INFO - paramwise_options -- backbone.blocks.24.mlp.fc2.bias:weight_decay=0.0
2025/06/19 06:01:51 - mmengine - INFO - paramwise_options -- backbone.blocks.25.norm1.weight:weight_decay=0.0
2025/06/19 06:01:51 - mmengine - INFO - paramwise_options -- backbone.blocks.25.norm1.bias:weight_decay=0.0
2025/06/19 06:01:51 - mmengine - INFO - paramwise_options -- backbone.blocks.25.attn.relative_position_bias_table:lr=0.001
2025/06/19 06:01:51 - mmengine - INFO - paramwise_options -- backbone.blocks.25.attn.relative_position_bias_table:weight_decay=0.0
2025/06/19 06:01:51 - mmengine - INFO - paramwise_options -- backbone.blocks.25.attn.relative_position_bias_table:decay_mult=0.0
2025/06/19 06:01:51 - mmengine - INFO - paramwise_options -- backbone.blocks.25.attn.qkv.bias:weight_decay=0.0
2025/06/19 06:01:51 - mmengine - INFO - paramwise_options -- backbone.blocks.25.attn.proj.bias:weight_decay=0.0
2025/06/19 06:01:51 - mmengine - INFO - paramwise_options -- backbone.blocks.25.norm2.weight:weight_decay=0.0
2025/06/19 06:01:51 - mmengine - INFO - paramwise_options -- backbone.blocks.25.norm2.bias:weight_decay=0.0
2025/06/19 06:01:51 - mmengine - INFO - paramwise_options -- backbone.blocks.25.mlp.fc1.bias:weight_decay=0.0
2025/06/19 06:01:51 - mmengine - INFO - paramwise_options -- backbone.blocks.25.mlp.fc2.bias:weight_decay=0.0
2025/06/19 06:01:51 - mmengine - INFO - paramwise_options -- backbone.blocks.26.norm1.weight:weight_decay=0.0
2025/06/19 06:01:51 - mmengine - INFO - paramwise_options -- backbone.blocks.26.norm1.bias:weight_decay=0.0
2025/06/19 06:01:51 - mmengine - INFO - paramwise_options -- backbone.blocks.26.attn.relative_position_bias_table:lr=0.001
2025/06/19 06:01:51 - mmengine - INFO - paramwise_options -- backbone.blocks.26.attn.relative_position_bias_table:weight_decay=0.0
2025/06/19 06:01:51 - mmengine - INFO - paramwise_options -- backbone.blocks.26.attn.relative_position_bias_table:decay_mult=0.0
2025/06/19 06:01:51 - mmengine - INFO - paramwise_options -- backbone.blocks.26.attn.qkv.bias:weight_decay=0.0
2025/06/19 06:01:51 - mmengine - INFO - paramwise_options -- backbone.blocks.26.attn.proj.bias:weight_decay=0.0
2025/06/19 06:01:51 - mmengine - INFO - paramwise_options -- backbone.blocks.26.norm2.weight:weight_decay=0.0
2025/06/19 06:01:51 - mmengine - INFO - paramwise_options -- backbone.blocks.26.norm2.bias:weight_decay=0.0
2025/06/19 06:01:51 - mmengine - INFO - paramwise_options -- backbone.blocks.26.mlp.fc1.bias:weight_decay=0.0
2025/06/19 06:01:51 - mmengine - INFO - paramwise_options -- backbone.blocks.26.mlp.fc2.bias:weight_decay=0.0
2025/06/19 06:01:51 - mmengine - INFO - paramwise_options -- backbone.blocks.27.norm1.weight:weight_decay=0.0
2025/06/19 06:01:51 - mmengine - INFO - paramwise_options -- backbone.blocks.27.norm1.bias:weight_decay=0.0
2025/06/19 06:01:51 - mmengine - INFO - paramwise_options -- backbone.blocks.27.attn.relative_position_bias_table:lr=0.001
2025/06/19 06:01:51 - mmengine - INFO - paramwise_options -- backbone.blocks.27.attn.relative_position_bias_table:weight_decay=0.0
2025/06/19 06:01:51 - mmengine - INFO - paramwise_options -- backbone.blocks.27.attn.relative_position_bias_table:decay_mult=0.0
2025/06/19 06:01:51 - mmengine - INFO - paramwise_options -- backbone.blocks.27.attn.qkv.bias:weight_decay=0.0
2025/06/19 06:01:51 - mmengine - INFO - paramwise_options -- backbone.blocks.27.attn.proj.bias:weight_decay=0.0
2025/06/19 06:01:51 - mmengine - INFO - paramwise_options -- backbone.blocks.27.norm2.weight:weight_decay=0.0
2025/06/19 06:01:51 - mmengine - INFO - paramwise_options -- backbone.blocks.27.norm2.bias:weight_decay=0.0
2025/06/19 06:01:51 - mmengine - INFO - paramwise_options -- backbone.blocks.27.mlp.fc1.bias:weight_decay=0.0
2025/06/19 06:01:51 - mmengine - INFO - paramwise_options -- backbone.blocks.27.mlp.fc2.bias:weight_decay=0.0
2025/06/19 06:01:51 - mmengine - INFO - paramwise_options -- backbone.blocks.28.norm1.weight:weight_decay=0.0
2025/06/19 06:01:51 - mmengine - INFO - paramwise_options -- backbone.blocks.28.norm1.bias:weight_decay=0.0
2025/06/19 06:01:51 - mmengine - INFO - paramwise_options -- backbone.blocks.28.attn.relative_position_bias_table:lr=0.001
2025/06/19 06:01:51 - mmengine - INFO - paramwise_options -- backbone.blocks.28.attn.relative_position_bias_table:weight_decay=0.0
2025/06/19 06:01:51 - mmengine - INFO - paramwise_options -- backbone.blocks.28.attn.relative_position_bias_table:decay_mult=0.0
2025/06/19 06:01:51 - mmengine - INFO - paramwise_options -- backbone.blocks.28.attn.qkv.bias:weight_decay=0.0
2025/06/19 06:01:51 - mmengine - INFO - paramwise_options -- backbone.blocks.28.attn.proj.bias:weight_decay=0.0
2025/06/19 06:01:51 - mmengine - INFO - paramwise_options -- backbone.blocks.28.norm2.weight:weight_decay=0.0
2025/06/19 06:01:51 - mmengine - INFO - paramwise_options -- backbone.blocks.28.norm2.bias:weight_decay=0.0
2025/06/19 06:01:51 - mmengine - INFO - paramwise_options -- backbone.blocks.28.mlp.fc1.bias:weight_decay=0.0
2025/06/19 06:01:51 - mmengine - INFO - paramwise_options -- backbone.blocks.28.mlp.fc2.bias:weight_decay=0.0
2025/06/19 06:01:51 - mmengine - INFO - paramwise_options -- backbone.blocks.29.norm1.weight:weight_decay=0.0
2025/06/19 06:01:51 - mmengine - INFO - paramwise_options -- backbone.blocks.29.norm1.bias:weight_decay=0.0
2025/06/19 06:01:51 - mmengine - INFO - paramwise_options -- backbone.blocks.29.attn.relative_position_bias_table:lr=0.001
2025/06/19 06:01:51 - mmengine - INFO - paramwise_options -- backbone.blocks.29.attn.relative_position_bias_table:weight_decay=0.0
2025/06/19 06:01:51 - mmengine - INFO - paramwise_options -- backbone.blocks.29.attn.relative_position_bias_table:decay_mult=0.0
2025/06/19 06:01:51 - mmengine - INFO - paramwise_options -- backbone.blocks.29.attn.qkv.bias:weight_decay=0.0
2025/06/19 06:01:51 - mmengine - INFO - paramwise_options -- backbone.blocks.29.attn.proj.bias:weight_decay=0.0
2025/06/19 06:01:51 - mmengine - INFO - paramwise_options -- backbone.blocks.29.norm2.weight:weight_decay=0.0
2025/06/19 06:01:51 - mmengine - INFO - paramwise_options -- backbone.blocks.29.norm2.bias:weight_decay=0.0
2025/06/19 06:01:51 - mmengine - INFO - paramwise_options -- backbone.blocks.29.mlp.fc1.bias:weight_decay=0.0
2025/06/19 06:01:51 - mmengine - INFO - paramwise_options -- backbone.blocks.29.mlp.fc2.bias:weight_decay=0.0
2025/06/19 06:01:51 - mmengine - INFO - paramwise_options -- backbone.blocks.30.norm1.weight:weight_decay=0.0
2025/06/19 06:01:51 - mmengine - INFO - paramwise_options -- backbone.blocks.30.norm1.bias:weight_decay=0.0
2025/06/19 06:01:51 - mmengine - INFO - paramwise_options -- backbone.blocks.30.attn.relative_position_bias_table:lr=0.001
2025/06/19 06:01:51 - mmengine - INFO - paramwise_options -- backbone.blocks.30.attn.relative_position_bias_table:weight_decay=0.0
2025/06/19 06:01:51 - mmengine - INFO - paramwise_options -- backbone.blocks.30.attn.relative_position_bias_table:decay_mult=0.0
2025/06/19 06:01:51 - mmengine - INFO - paramwise_options -- backbone.blocks.30.attn.qkv.bias:weight_decay=0.0
2025/06/19 06:01:51 - mmengine - INFO - paramwise_options -- backbone.blocks.30.attn.proj.bias:weight_decay=0.0
2025/06/19 06:01:51 - mmengine - INFO - paramwise_options -- backbone.blocks.30.norm2.weight:weight_decay=0.0
2025/06/19 06:01:51 - mmengine - INFO - paramwise_options -- backbone.blocks.30.norm2.bias:weight_decay=0.0
2025/06/19 06:01:51 - mmengine - INFO - paramwise_options -- backbone.blocks.30.mlp.fc1.bias:weight_decay=0.0
2025/06/19 06:01:51 - mmengine - INFO - paramwise_options -- backbone.blocks.30.mlp.fc2.bias:weight_decay=0.0
2025/06/19 06:01:51 - mmengine - INFO - paramwise_options -- backbone.blocks.31.norm1.weight:weight_decay=0.0
2025/06/19 06:01:51 - mmengine - INFO - paramwise_options -- backbone.blocks.31.norm1.bias:weight_decay=0.0
2025/06/19 06:01:51 - mmengine - INFO - paramwise_options -- backbone.blocks.31.attn.relative_position_bias_table:lr=0.001
2025/06/19 06:01:51 - mmengine - INFO - paramwise_options -- backbone.blocks.31.attn.relative_position_bias_table:weight_decay=0.0
2025/06/19 06:01:51 - mmengine - INFO - paramwise_options -- backbone.blocks.31.attn.relative_position_bias_table:decay_mult=0.0
2025/06/19 06:01:51 - mmengine - INFO - paramwise_options -- backbone.blocks.31.attn.qkv.bias:weight_decay=0.0
2025/06/19 06:01:51 - mmengine - INFO - paramwise_options -- backbone.blocks.31.attn.proj.bias:weight_decay=0.0
2025/06/19 06:01:51 - mmengine - INFO - paramwise_options -- backbone.blocks.31.norm2.weight:weight_decay=0.0
2025/06/19 06:01:51 - mmengine - INFO - paramwise_options -- backbone.blocks.31.norm2.bias:weight_decay=0.0
2025/06/19 06:01:51 - mmengine - INFO - paramwise_options -- backbone.blocks.31.mlp.fc1.bias:weight_decay=0.0
2025/06/19 06:01:51 - mmengine - INFO - paramwise_options -- backbone.blocks.31.mlp.fc2.bias:weight_decay=0.0
2025/06/19 06:01:51 - mmengine - INFO - paramwise_options -- backbone.blocks.32.norm1.weight:weight_decay=0.0
2025/06/19 06:01:51 - mmengine - INFO - paramwise_options -- backbone.blocks.32.norm1.bias:weight_decay=0.0
2025/06/19 06:01:51 - mmengine - INFO - paramwise_options -- backbone.blocks.32.attn.relative_position_bias_table:lr=0.001
2025/06/19 06:01:51 - mmengine - INFO - paramwise_options -- backbone.blocks.32.attn.relative_position_bias_table:weight_decay=0.0
2025/06/19 06:01:51 - mmengine - INFO - paramwise_options -- backbone.blocks.32.attn.relative_position_bias_table:decay_mult=0.0
2025/06/19 06:01:51 - mmengine - INFO - paramwise_options -- backbone.blocks.32.attn.qkv.bias:weight_decay=0.0
2025/06/19 06:01:51 - mmengine - INFO - paramwise_options -- backbone.blocks.32.attn.proj.bias:weight_decay=0.0
2025/06/19 06:01:51 - mmengine - INFO - paramwise_options -- backbone.blocks.32.norm2.weight:weight_decay=0.0
2025/06/19 06:01:51 - mmengine - INFO - paramwise_options -- backbone.blocks.32.norm2.bias:weight_decay=0.0
2025/06/19 06:01:51 - mmengine - INFO - paramwise_options -- backbone.blocks.32.mlp.fc1.bias:weight_decay=0.0
2025/06/19 06:01:51 - mmengine - INFO - paramwise_options -- backbone.blocks.32.mlp.fc2.bias:weight_decay=0.0
2025/06/19 06:01:51 - mmengine - INFO - paramwise_options -- backbone.blocks.33.norm1.weight:weight_decay=0.0
2025/06/19 06:01:51 - mmengine - INFO - paramwise_options -- backbone.blocks.33.norm1.bias:weight_decay=0.0
2025/06/19 06:01:51 - mmengine - INFO - paramwise_options -- backbone.blocks.33.attn.relative_position_bias_table:lr=0.001
2025/06/19 06:01:51 - mmengine - INFO - paramwise_options -- backbone.blocks.33.attn.relative_position_bias_table:weight_decay=0.0
2025/06/19 06:01:51 - mmengine - INFO - paramwise_options -- backbone.blocks.33.attn.relative_position_bias_table:decay_mult=0.0
2025/06/19 06:01:51 - mmengine - INFO - paramwise_options -- backbone.blocks.33.attn.qkv.bias:weight_decay=0.0
2025/06/19 06:01:51 - mmengine - INFO - paramwise_options -- backbone.blocks.33.attn.proj.bias:weight_decay=0.0
2025/06/19 06:01:51 - mmengine - INFO - paramwise_options -- backbone.blocks.33.norm2.weight:weight_decay=0.0
2025/06/19 06:01:51 - mmengine - INFO - paramwise_options -- backbone.blocks.33.norm2.bias:weight_decay=0.0
2025/06/19 06:01:51 - mmengine - INFO - paramwise_options -- backbone.blocks.33.mlp.fc1.bias:weight_decay=0.0
2025/06/19 06:01:51 - mmengine - INFO - paramwise_options -- backbone.blocks.33.mlp.fc2.bias:weight_decay=0.0
2025/06/19 06:01:51 - mmengine - INFO - paramwise_options -- head.fc.bias:weight_decay=0.0
Name of parameter - Initialization information

backbone.pos_embed - torch.Size([1, 196, 512]): 
The value is the same before and after calling `init_weights` of ImageClassifier  

backbone.patch_embed.proj.weight - torch.Size([128, 3, 4, 4]): 
The value is the same before and after calling `init_weights` of ImageClassifier  

backbone.patch_embed.proj.bias - torch.Size([128]): 
The value is the same before and after calling `init_weights` of ImageClassifier  

backbone.patch_embed.norm.weight - torch.Size([128]): 
The value is the same before and after calling `init_weights` of ImageClassifier  

backbone.patch_embed.norm.bias - torch.Size([128]): 
The value is the same before and after calling `init_weights` of ImageClassifier  

backbone.blocks.0.norm2.weight - torch.Size([128]): 
The value is the same before and after calling `init_weights` of ImageClassifier  

backbone.blocks.0.norm2.bias - torch.Size([128]): 
The value is the same before and after calling `init_weights` of ImageClassifier  

backbone.blocks.0.mlp.fc1.weight - torch.Size([384, 128]): 
TruncNormalInit: a=-2, b=2, mean=0, std=0.02, bias=0.0 

backbone.blocks.0.mlp.fc1.bias - torch.Size([384]): 
The value is the same before and after calling `init_weights` of ImageClassifier  

backbone.blocks.0.mlp.fc2.weight - torch.Size([128, 384]): 
TruncNormalInit: a=-2, b=2, mean=0, std=0.02, bias=0.0 

backbone.blocks.0.mlp.fc2.bias - torch.Size([128]): 
The value is the same before and after calling `init_weights` of ImageClassifier  

backbone.blocks.1.norm2.weight - torch.Size([128]): 
The value is the same before and after calling `init_weights` of ImageClassifier  

backbone.blocks.1.norm2.bias - torch.Size([128]): 
The value is the same before and after calling `init_weights` of ImageClassifier  

backbone.blocks.1.mlp.fc1.weight - torch.Size([384, 128]): 
TruncNormalInit: a=-2, b=2, mean=0, std=0.02, bias=0.0 

backbone.blocks.1.mlp.fc1.bias - torch.Size([384]): 
The value is the same before and after calling `init_weights` of ImageClassifier  

backbone.blocks.1.mlp.fc2.weight - torch.Size([128, 384]): 
TruncNormalInit: a=-2, b=2, mean=0, std=0.02, bias=0.0 

backbone.blocks.1.mlp.fc2.bias - torch.Size([128]): 
The value is the same before and after calling `init_weights` of ImageClassifier  

backbone.blocks.2.norm2.weight - torch.Size([128]): 
The value is the same before and after calling `init_weights` of ImageClassifier  

backbone.blocks.2.norm2.bias - torch.Size([128]): 
The value is the same before and after calling `init_weights` of ImageClassifier  

backbone.blocks.2.mlp.fc1.weight - torch.Size([384, 128]): 
TruncNormalInit: a=-2, b=2, mean=0, std=0.02, bias=0.0 

backbone.blocks.2.mlp.fc1.bias - torch.Size([384]): 
The value is the same before and after calling `init_weights` of ImageClassifier  

backbone.blocks.2.mlp.fc2.weight - torch.Size([128, 384]): 
TruncNormalInit: a=-2, b=2, mean=0, std=0.02, bias=0.0 

backbone.blocks.2.mlp.fc2.bias - torch.Size([128]): 
The value is the same before and after calling `init_weights` of ImageClassifier  

backbone.blocks.3.norm2.weight - torch.Size([128]): 
The value is the same before and after calling `init_weights` of ImageClassifier  

backbone.blocks.3.norm2.bias - torch.Size([128]): 
The value is the same before and after calling `init_weights` of ImageClassifier  

backbone.blocks.3.mlp.fc1.weight - torch.Size([384, 128]): 
TruncNormalInit: a=-2, b=2, mean=0, std=0.02, bias=0.0 

backbone.blocks.3.mlp.fc1.bias - torch.Size([384]): 
The value is the same before and after calling `init_weights` of ImageClassifier  

backbone.blocks.3.mlp.fc2.weight - torch.Size([128, 384]): 
TruncNormalInit: a=-2, b=2, mean=0, std=0.02, bias=0.0 

backbone.blocks.3.mlp.fc2.bias - torch.Size([128]): 
The value is the same before and after calling `init_weights` of ImageClassifier  

backbone.blocks.4.norm.weight - torch.Size([512]): 
The value is the same before and after calling `init_weights` of ImageClassifier  

backbone.blocks.4.norm.bias - torch.Size([512]): 
The value is the same before and after calling `init_weights` of ImageClassifier  

backbone.blocks.4.reduction.weight - torch.Size([256, 512]): 
TruncNormalInit: a=-2, b=2, mean=0, std=0.02, bias=0.0 

backbone.blocks.5.norm2.weight - torch.Size([256]): 
The value is the same before and after calling `init_weights` of ImageClassifier  

backbone.blocks.5.norm2.bias - torch.Size([256]): 
The value is the same before and after calling `init_weights` of ImageClassifier  

backbone.blocks.5.mlp.fc1.weight - torch.Size([768, 256]): 
TruncNormalInit: a=-2, b=2, mean=0, std=0.02, bias=0.0 

backbone.blocks.5.mlp.fc1.bias - torch.Size([768]): 
The value is the same before and after calling `init_weights` of ImageClassifier  

backbone.blocks.5.mlp.fc2.weight - torch.Size([256, 768]): 
TruncNormalInit: a=-2, b=2, mean=0, std=0.02, bias=0.0 

backbone.blocks.5.mlp.fc2.bias - torch.Size([256]): 
The value is the same before and after calling `init_weights` of ImageClassifier  

backbone.blocks.6.norm2.weight - torch.Size([256]): 
The value is the same before and after calling `init_weights` of ImageClassifier  

backbone.blocks.6.norm2.bias - torch.Size([256]): 
The value is the same before and after calling `init_weights` of ImageClassifier  

backbone.blocks.6.mlp.fc1.weight - torch.Size([768, 256]): 
TruncNormalInit: a=-2, b=2, mean=0, std=0.02, bias=0.0 

backbone.blocks.6.mlp.fc1.bias - torch.Size([768]): 
The value is the same before and after calling `init_weights` of ImageClassifier  

backbone.blocks.6.mlp.fc2.weight - torch.Size([256, 768]): 
TruncNormalInit: a=-2, b=2, mean=0, std=0.02, bias=0.0 

backbone.blocks.6.mlp.fc2.bias - torch.Size([256]): 
The value is the same before and after calling `init_weights` of ImageClassifier  

backbone.blocks.7.norm2.weight - torch.Size([256]): 
The value is the same before and after calling `init_weights` of ImageClassifier  

backbone.blocks.7.norm2.bias - torch.Size([256]): 
The value is the same before and after calling `init_weights` of ImageClassifier  

backbone.blocks.7.mlp.fc1.weight - torch.Size([768, 256]): 
TruncNormalInit: a=-2, b=2, mean=0, std=0.02, bias=0.0 

backbone.blocks.7.mlp.fc1.bias - torch.Size([768]): 
The value is the same before and after calling `init_weights` of ImageClassifier  

backbone.blocks.7.mlp.fc2.weight - torch.Size([256, 768]): 
TruncNormalInit: a=-2, b=2, mean=0, std=0.02, bias=0.0 

backbone.blocks.7.mlp.fc2.bias - torch.Size([256]): 
The value is the same before and after calling `init_weights` of ImageClassifier  

backbone.blocks.8.norm2.weight - torch.Size([256]): 
The value is the same before and after calling `init_weights` of ImageClassifier  

backbone.blocks.8.norm2.bias - torch.Size([256]): 
The value is the same before and after calling `init_weights` of ImageClassifier  

backbone.blocks.8.mlp.fc1.weight - torch.Size([768, 256]): 
TruncNormalInit: a=-2, b=2, mean=0, std=0.02, bias=0.0 

backbone.blocks.8.mlp.fc1.bias - torch.Size([768]): 
The value is the same before and after calling `init_weights` of ImageClassifier  

backbone.blocks.8.mlp.fc2.weight - torch.Size([256, 768]): 
TruncNormalInit: a=-2, b=2, mean=0, std=0.02, bias=0.0 

backbone.blocks.8.mlp.fc2.bias - torch.Size([256]): 
The value is the same before and after calling `init_weights` of ImageClassifier  

backbone.blocks.9.norm.weight - torch.Size([1024]): 
The value is the same before and after calling `init_weights` of ImageClassifier  

backbone.blocks.9.norm.bias - torch.Size([1024]): 
The value is the same before and after calling `init_weights` of ImageClassifier  

backbone.blocks.9.reduction.weight - torch.Size([512, 1024]): 
TruncNormalInit: a=-2, b=2, mean=0, std=0.02, bias=0.0 

backbone.blocks.10.norm1.weight - torch.Size([512]): 
The value is the same before and after calling `init_weights` of ImageClassifier  

backbone.blocks.10.norm1.bias - torch.Size([512]): 
The value is the same before and after calling `init_weights` of ImageClassifier  

backbone.blocks.10.attn.relative_position_bias_table - torch.Size([729, 8]): 
The value is the same before and after calling `init_weights` of ImageClassifier  

backbone.blocks.10.attn.qkv.weight - torch.Size([1536, 512]): 
TruncNormalInit: a=-2, b=2, mean=0, std=0.02, bias=0.0 

backbone.blocks.10.attn.qkv.bias - torch.Size([1536]): 
The value is the same before and after calling `init_weights` of ImageClassifier  

backbone.blocks.10.attn.proj.weight - torch.Size([512, 512]): 
TruncNormalInit: a=-2, b=2, mean=0, std=0.02, bias=0.0 

backbone.blocks.10.attn.proj.bias - torch.Size([512]): 
The value is the same before and after calling `init_weights` of ImageClassifier  

backbone.blocks.10.norm2.weight - torch.Size([512]): 
The value is the same before and after calling `init_weights` of ImageClassifier  

backbone.blocks.10.norm2.bias - torch.Size([512]): 
The value is the same before and after calling `init_weights` of ImageClassifier  

backbone.blocks.10.mlp.fc1.weight - torch.Size([2048, 512]): 
TruncNormalInit: a=-2, b=2, mean=0, std=0.02, bias=0.0 

backbone.blocks.10.mlp.fc1.bias - torch.Size([2048]): 
The value is the same before and after calling `init_weights` of ImageClassifier  

backbone.blocks.10.mlp.fc2.weight - torch.Size([512, 2048]): 
TruncNormalInit: a=-2, b=2, mean=0, std=0.02, bias=0.0 

backbone.blocks.10.mlp.fc2.bias - torch.Size([512]): 
The value is the same before and after calling `init_weights` of ImageClassifier  

backbone.blocks.11.norm1.weight - torch.Size([512]): 
The value is the same before and after calling `init_weights` of ImageClassifier  

backbone.blocks.11.norm1.bias - torch.Size([512]): 
The value is the same before and after calling `init_weights` of ImageClassifier  

backbone.blocks.11.attn.relative_position_bias_table - torch.Size([729, 8]): 
The value is the same before and after calling `init_weights` of ImageClassifier  

backbone.blocks.11.attn.qkv.weight - torch.Size([1536, 512]): 
TruncNormalInit: a=-2, b=2, mean=0, std=0.02, bias=0.0 

backbone.blocks.11.attn.qkv.bias - torch.Size([1536]): 
The value is the same before and after calling `init_weights` of ImageClassifier  

backbone.blocks.11.attn.proj.weight - torch.Size([512, 512]): 
TruncNormalInit: a=-2, b=2, mean=0, std=0.02, bias=0.0 

backbone.blocks.11.attn.proj.bias - torch.Size([512]): 
The value is the same before and after calling `init_weights` of ImageClassifier  

backbone.blocks.11.norm2.weight - torch.Size([512]): 
The value is the same before and after calling `init_weights` of ImageClassifier  

backbone.blocks.11.norm2.bias - torch.Size([512]): 
The value is the same before and after calling `init_weights` of ImageClassifier  

backbone.blocks.11.mlp.fc1.weight - torch.Size([2048, 512]): 
TruncNormalInit: a=-2, b=2, mean=0, std=0.02, bias=0.0 

backbone.blocks.11.mlp.fc1.bias - torch.Size([2048]): 
The value is the same before and after calling `init_weights` of ImageClassifier  

backbone.blocks.11.mlp.fc2.weight - torch.Size([512, 2048]): 
TruncNormalInit: a=-2, b=2, mean=0, std=0.02, bias=0.0 

backbone.blocks.11.mlp.fc2.bias - torch.Size([512]): 
The value is the same before and after calling `init_weights` of ImageClassifier  

backbone.blocks.12.norm1.weight - torch.Size([512]): 
The value is the same before and after calling `init_weights` of ImageClassifier  

backbone.blocks.12.norm1.bias - torch.Size([512]): 
The value is the same before and after calling `init_weights` of ImageClassifier  

backbone.blocks.12.attn.relative_position_bias_table - torch.Size([729, 8]): 
The value is the same before and after calling `init_weights` of ImageClassifier  

backbone.blocks.12.attn.qkv.weight - torch.Size([1536, 512]): 
TruncNormalInit: a=-2, b=2, mean=0, std=0.02, bias=0.0 

backbone.blocks.12.attn.qkv.bias - torch.Size([1536]): 
The value is the same before and after calling `init_weights` of ImageClassifier  

backbone.blocks.12.attn.proj.weight - torch.Size([512, 512]): 
TruncNormalInit: a=-2, b=2, mean=0, std=0.02, bias=0.0 

backbone.blocks.12.attn.proj.bias - torch.Size([512]): 
The value is the same before and after calling `init_weights` of ImageClassifier  

backbone.blocks.12.norm2.weight - torch.Size([512]): 
The value is the same before and after calling `init_weights` of ImageClassifier  

backbone.blocks.12.norm2.bias - torch.Size([512]): 
The value is the same before and after calling `init_weights` of ImageClassifier  

backbone.blocks.12.mlp.fc1.weight - torch.Size([2048, 512]): 
TruncNormalInit: a=-2, b=2, mean=0, std=0.02, bias=0.0 

backbone.blocks.12.mlp.fc1.bias - torch.Size([2048]): 
The value is the same before and after calling `init_weights` of ImageClassifier  

backbone.blocks.12.mlp.fc2.weight - torch.Size([512, 2048]): 
TruncNormalInit: a=-2, b=2, mean=0, std=0.02, bias=0.0 

backbone.blocks.12.mlp.fc2.bias - torch.Size([512]): 
The value is the same before and after calling `init_weights` of ImageClassifier  

backbone.blocks.13.norm1.weight - torch.Size([512]): 
The value is the same before and after calling `init_weights` of ImageClassifier  

backbone.blocks.13.norm1.bias - torch.Size([512]): 
The value is the same before and after calling `init_weights` of ImageClassifier  

backbone.blocks.13.attn.relative_position_bias_table - torch.Size([729, 8]): 
The value is the same before and after calling `init_weights` of ImageClassifier  

backbone.blocks.13.attn.qkv.weight - torch.Size([1536, 512]): 
TruncNormalInit: a=-2, b=2, mean=0, std=0.02, bias=0.0 

backbone.blocks.13.attn.qkv.bias - torch.Size([1536]): 
The value is the same before and after calling `init_weights` of ImageClassifier  

backbone.blocks.13.attn.proj.weight - torch.Size([512, 512]): 
TruncNormalInit: a=-2, b=2, mean=0, std=0.02, bias=0.0 

backbone.blocks.13.attn.proj.bias - torch.Size([512]): 
The value is the same before and after calling `init_weights` of ImageClassifier  

backbone.blocks.13.norm2.weight - torch.Size([512]): 
The value is the same before and after calling `init_weights` of ImageClassifier  

backbone.blocks.13.norm2.bias - torch.Size([512]): 
The value is the same before and after calling `init_weights` of ImageClassifier  

backbone.blocks.13.mlp.fc1.weight - torch.Size([2048, 512]): 
TruncNormalInit: a=-2, b=2, mean=0, std=0.02, bias=0.0 

backbone.blocks.13.mlp.fc1.bias - torch.Size([2048]): 
The value is the same before and after calling `init_weights` of ImageClassifier  

backbone.blocks.13.mlp.fc2.weight - torch.Size([512, 2048]): 
TruncNormalInit: a=-2, b=2, mean=0, std=0.02, bias=0.0 

backbone.blocks.13.mlp.fc2.bias - torch.Size([512]): 
The value is the same before and after calling `init_weights` of ImageClassifier  

backbone.blocks.14.norm1.weight - torch.Size([512]): 
The value is the same before and after calling `init_weights` of ImageClassifier  

backbone.blocks.14.norm1.bias - torch.Size([512]): 
The value is the same before and after calling `init_weights` of ImageClassifier  

backbone.blocks.14.attn.relative_position_bias_table - torch.Size([729, 8]): 
The value is the same before and after calling `init_weights` of ImageClassifier  

backbone.blocks.14.attn.qkv.weight - torch.Size([1536, 512]): 
TruncNormalInit: a=-2, b=2, mean=0, std=0.02, bias=0.0 

backbone.blocks.14.attn.qkv.bias - torch.Size([1536]): 
The value is the same before and after calling `init_weights` of ImageClassifier  

backbone.blocks.14.attn.proj.weight - torch.Size([512, 512]): 
TruncNormalInit: a=-2, b=2, mean=0, std=0.02, bias=0.0 

backbone.blocks.14.attn.proj.bias - torch.Size([512]): 
The value is the same before and after calling `init_weights` of ImageClassifier  

backbone.blocks.14.norm2.weight - torch.Size([512]): 
The value is the same before and after calling `init_weights` of ImageClassifier  

backbone.blocks.14.norm2.bias - torch.Size([512]): 
The value is the same before and after calling `init_weights` of ImageClassifier  

backbone.blocks.14.mlp.fc1.weight - torch.Size([2048, 512]): 
TruncNormalInit: a=-2, b=2, mean=0, std=0.02, bias=0.0 

backbone.blocks.14.mlp.fc1.bias - torch.Size([2048]): 
The value is the same before and after calling `init_weights` of ImageClassifier  

backbone.blocks.14.mlp.fc2.weight - torch.Size([512, 2048]): 
TruncNormalInit: a=-2, b=2, mean=0, std=0.02, bias=0.0 

backbone.blocks.14.mlp.fc2.bias - torch.Size([512]): 
The value is the same before and after calling `init_weights` of ImageClassifier  

backbone.blocks.15.norm1.weight - torch.Size([512]): 
The value is the same before and after calling `init_weights` of ImageClassifier  

backbone.blocks.15.norm1.bias - torch.Size([512]): 
The value is the same before and after calling `init_weights` of ImageClassifier  

backbone.blocks.15.attn.relative_position_bias_table - torch.Size([729, 8]): 
The value is the same before and after calling `init_weights` of ImageClassifier  

backbone.blocks.15.attn.qkv.weight - torch.Size([1536, 512]): 
TruncNormalInit: a=-2, b=2, mean=0, std=0.02, bias=0.0 

backbone.blocks.15.attn.qkv.bias - torch.Size([1536]): 
The value is the same before and after calling `init_weights` of ImageClassifier  

backbone.blocks.15.attn.proj.weight - torch.Size([512, 512]): 
TruncNormalInit: a=-2, b=2, mean=0, std=0.02, bias=0.0 

backbone.blocks.15.attn.proj.bias - torch.Size([512]): 
The value is the same before and after calling `init_weights` of ImageClassifier  

backbone.blocks.15.norm2.weight - torch.Size([512]): 
The value is the same before and after calling `init_weights` of ImageClassifier  

backbone.blocks.15.norm2.bias - torch.Size([512]): 
The value is the same before and after calling `init_weights` of ImageClassifier  

backbone.blocks.15.mlp.fc1.weight - torch.Size([2048, 512]): 
TruncNormalInit: a=-2, b=2, mean=0, std=0.02, bias=0.0 

backbone.blocks.15.mlp.fc1.bias - torch.Size([2048]): 
The value is the same before and after calling `init_weights` of ImageClassifier  

backbone.blocks.15.mlp.fc2.weight - torch.Size([512, 2048]): 
TruncNormalInit: a=-2, b=2, mean=0, std=0.02, bias=0.0 

backbone.blocks.15.mlp.fc2.bias - torch.Size([512]): 
The value is the same before and after calling `init_weights` of ImageClassifier  

backbone.blocks.16.norm1.weight - torch.Size([512]): 
The value is the same before and after calling `init_weights` of ImageClassifier  

backbone.blocks.16.norm1.bias - torch.Size([512]): 
The value is the same before and after calling `init_weights` of ImageClassifier  

backbone.blocks.16.attn.relative_position_bias_table - torch.Size([729, 8]): 
The value is the same before and after calling `init_weights` of ImageClassifier  

backbone.blocks.16.attn.qkv.weight - torch.Size([1536, 512]): 
TruncNormalInit: a=-2, b=2, mean=0, std=0.02, bias=0.0 

backbone.blocks.16.attn.qkv.bias - torch.Size([1536]): 
The value is the same before and after calling `init_weights` of ImageClassifier  

backbone.blocks.16.attn.proj.weight - torch.Size([512, 512]): 
TruncNormalInit: a=-2, b=2, mean=0, std=0.02, bias=0.0 

backbone.blocks.16.attn.proj.bias - torch.Size([512]): 
The value is the same before and after calling `init_weights` of ImageClassifier  

backbone.blocks.16.norm2.weight - torch.Size([512]): 
The value is the same before and after calling `init_weights` of ImageClassifier  

backbone.blocks.16.norm2.bias - torch.Size([512]): 
The value is the same before and after calling `init_weights` of ImageClassifier  

backbone.blocks.16.mlp.fc1.weight - torch.Size([2048, 512]): 
TruncNormalInit: a=-2, b=2, mean=0, std=0.02, bias=0.0 

backbone.blocks.16.mlp.fc1.bias - torch.Size([2048]): 
The value is the same before and after calling `init_weights` of ImageClassifier  

backbone.blocks.16.mlp.fc2.weight - torch.Size([512, 2048]): 
TruncNormalInit: a=-2, b=2, mean=0, std=0.02, bias=0.0 

backbone.blocks.16.mlp.fc2.bias - torch.Size([512]): 
The value is the same before and after calling `init_weights` of ImageClassifier  

backbone.blocks.17.norm1.weight - torch.Size([512]): 
The value is the same before and after calling `init_weights` of ImageClassifier  

backbone.blocks.17.norm1.bias - torch.Size([512]): 
The value is the same before and after calling `init_weights` of ImageClassifier  

backbone.blocks.17.attn.relative_position_bias_table - torch.Size([729, 8]): 
The value is the same before and after calling `init_weights` of ImageClassifier  

backbone.blocks.17.attn.qkv.weight - torch.Size([1536, 512]): 
TruncNormalInit: a=-2, b=2, mean=0, std=0.02, bias=0.0 

backbone.blocks.17.attn.qkv.bias - torch.Size([1536]): 
The value is the same before and after calling `init_weights` of ImageClassifier  

backbone.blocks.17.attn.proj.weight - torch.Size([512, 512]): 
TruncNormalInit: a=-2, b=2, mean=0, std=0.02, bias=0.0 

backbone.blocks.17.attn.proj.bias - torch.Size([512]): 
The value is the same before and after calling `init_weights` of ImageClassifier  

backbone.blocks.17.norm2.weight - torch.Size([512]): 
The value is the same before and after calling `init_weights` of ImageClassifier  

backbone.blocks.17.norm2.bias - torch.Size([512]): 
The value is the same before and after calling `init_weights` of ImageClassifier  

backbone.blocks.17.mlp.fc1.weight - torch.Size([2048, 512]): 
TruncNormalInit: a=-2, b=2, mean=0, std=0.02, bias=0.0 

backbone.blocks.17.mlp.fc1.bias - torch.Size([2048]): 
The value is the same before and after calling `init_weights` of ImageClassifier  

backbone.blocks.17.mlp.fc2.weight - torch.Size([512, 2048]): 
TruncNormalInit: a=-2, b=2, mean=0, std=0.02, bias=0.0 

backbone.blocks.17.mlp.fc2.bias - torch.Size([512]): 
The value is the same before and after calling `init_weights` of ImageClassifier  

backbone.blocks.18.norm1.weight - torch.Size([512]): 
The value is the same before and after calling `init_weights` of ImageClassifier  

backbone.blocks.18.norm1.bias - torch.Size([512]): 
The value is the same before and after calling `init_weights` of ImageClassifier  

backbone.blocks.18.attn.relative_position_bias_table - torch.Size([729, 8]): 
The value is the same before and after calling `init_weights` of ImageClassifier  

backbone.blocks.18.attn.qkv.weight - torch.Size([1536, 512]): 
TruncNormalInit: a=-2, b=2, mean=0, std=0.02, bias=0.0 

backbone.blocks.18.attn.qkv.bias - torch.Size([1536]): 
The value is the same before and after calling `init_weights` of ImageClassifier  

backbone.blocks.18.attn.proj.weight - torch.Size([512, 512]): 
TruncNormalInit: a=-2, b=2, mean=0, std=0.02, bias=0.0 

backbone.blocks.18.attn.proj.bias - torch.Size([512]): 
The value is the same before and after calling `init_weights` of ImageClassifier  

backbone.blocks.18.norm2.weight - torch.Size([512]): 
The value is the same before and after calling `init_weights` of ImageClassifier  

backbone.blocks.18.norm2.bias - torch.Size([512]): 
The value is the same before and after calling `init_weights` of ImageClassifier  

backbone.blocks.18.mlp.fc1.weight - torch.Size([2048, 512]): 
TruncNormalInit: a=-2, b=2, mean=0, std=0.02, bias=0.0 

backbone.blocks.18.mlp.fc1.bias - torch.Size([2048]): 
The value is the same before and after calling `init_weights` of ImageClassifier  

backbone.blocks.18.mlp.fc2.weight - torch.Size([512, 2048]): 
TruncNormalInit: a=-2, b=2, mean=0, std=0.02, bias=0.0 

backbone.blocks.18.mlp.fc2.bias - torch.Size([512]): 
The value is the same before and after calling `init_weights` of ImageClassifier  

backbone.blocks.19.norm1.weight - torch.Size([512]): 
The value is the same before and after calling `init_weights` of ImageClassifier  

backbone.blocks.19.norm1.bias - torch.Size([512]): 
The value is the same before and after calling `init_weights` of ImageClassifier  

backbone.blocks.19.attn.relative_position_bias_table - torch.Size([729, 8]): 
The value is the same before and after calling `init_weights` of ImageClassifier  

backbone.blocks.19.attn.qkv.weight - torch.Size([1536, 512]): 
TruncNormalInit: a=-2, b=2, mean=0, std=0.02, bias=0.0 

backbone.blocks.19.attn.qkv.bias - torch.Size([1536]): 
The value is the same before and after calling `init_weights` of ImageClassifier  

backbone.blocks.19.attn.proj.weight - torch.Size([512, 512]): 
TruncNormalInit: a=-2, b=2, mean=0, std=0.02, bias=0.0 

backbone.blocks.19.attn.proj.bias - torch.Size([512]): 
The value is the same before and after calling `init_weights` of ImageClassifier  

backbone.blocks.19.norm2.weight - torch.Size([512]): 
The value is the same before and after calling `init_weights` of ImageClassifier  

backbone.blocks.19.norm2.bias - torch.Size([512]): 
The value is the same before and after calling `init_weights` of ImageClassifier  

backbone.blocks.19.mlp.fc1.weight - torch.Size([2048, 512]): 
TruncNormalInit: a=-2, b=2, mean=0, std=0.02, bias=0.0 

backbone.blocks.19.mlp.fc1.bias - torch.Size([2048]): 
The value is the same before and after calling `init_weights` of ImageClassifier  

backbone.blocks.19.mlp.fc2.weight - torch.Size([512, 2048]): 
TruncNormalInit: a=-2, b=2, mean=0, std=0.02, bias=0.0 

backbone.blocks.19.mlp.fc2.bias - torch.Size([512]): 
The value is the same before and after calling `init_weights` of ImageClassifier  

backbone.blocks.20.norm1.weight - torch.Size([512]): 
The value is the same before and after calling `init_weights` of ImageClassifier  

backbone.blocks.20.norm1.bias - torch.Size([512]): 
The value is the same before and after calling `init_weights` of ImageClassifier  

backbone.blocks.20.attn.relative_position_bias_table - torch.Size([729, 8]): 
The value is the same before and after calling `init_weights` of ImageClassifier  

backbone.blocks.20.attn.qkv.weight - torch.Size([1536, 512]): 
TruncNormalInit: a=-2, b=2, mean=0, std=0.02, bias=0.0 

backbone.blocks.20.attn.qkv.bias - torch.Size([1536]): 
The value is the same before and after calling `init_weights` of ImageClassifier  

backbone.blocks.20.attn.proj.weight - torch.Size([512, 512]): 
TruncNormalInit: a=-2, b=2, mean=0, std=0.02, bias=0.0 

backbone.blocks.20.attn.proj.bias - torch.Size([512]): 
The value is the same before and after calling `init_weights` of ImageClassifier  

backbone.blocks.20.norm2.weight - torch.Size([512]): 
The value is the same before and after calling `init_weights` of ImageClassifier  

backbone.blocks.20.norm2.bias - torch.Size([512]): 
The value is the same before and after calling `init_weights` of ImageClassifier  

backbone.blocks.20.mlp.fc1.weight - torch.Size([2048, 512]): 
TruncNormalInit: a=-2, b=2, mean=0, std=0.02, bias=0.0 

backbone.blocks.20.mlp.fc1.bias - torch.Size([2048]): 
The value is the same before and after calling `init_weights` of ImageClassifier  

backbone.blocks.20.mlp.fc2.weight - torch.Size([512, 2048]): 
TruncNormalInit: a=-2, b=2, mean=0, std=0.02, bias=0.0 

backbone.blocks.20.mlp.fc2.bias - torch.Size([512]): 
The value is the same before and after calling `init_weights` of ImageClassifier  

backbone.blocks.21.norm1.weight - torch.Size([512]): 
The value is the same before and after calling `init_weights` of ImageClassifier  

backbone.blocks.21.norm1.bias - torch.Size([512]): 
The value is the same before and after calling `init_weights` of ImageClassifier  

backbone.blocks.21.attn.relative_position_bias_table - torch.Size([729, 8]): 
The value is the same before and after calling `init_weights` of ImageClassifier  

backbone.blocks.21.attn.qkv.weight - torch.Size([1536, 512]): 
TruncNormalInit: a=-2, b=2, mean=0, std=0.02, bias=0.0 

backbone.blocks.21.attn.qkv.bias - torch.Size([1536]): 
The value is the same before and after calling `init_weights` of ImageClassifier  

backbone.blocks.21.attn.proj.weight - torch.Size([512, 512]): 
TruncNormalInit: a=-2, b=2, mean=0, std=0.02, bias=0.0 

backbone.blocks.21.attn.proj.bias - torch.Size([512]): 
The value is the same before and after calling `init_weights` of ImageClassifier  

backbone.blocks.21.norm2.weight - torch.Size([512]): 
The value is the same before and after calling `init_weights` of ImageClassifier  

backbone.blocks.21.norm2.bias - torch.Size([512]): 
The value is the same before and after calling `init_weights` of ImageClassifier  

backbone.blocks.21.mlp.fc1.weight - torch.Size([2048, 512]): 
TruncNormalInit: a=-2, b=2, mean=0, std=0.02, bias=0.0 

backbone.blocks.21.mlp.fc1.bias - torch.Size([2048]): 
The value is the same before and after calling `init_weights` of ImageClassifier  

backbone.blocks.21.mlp.fc2.weight - torch.Size([512, 2048]): 
TruncNormalInit: a=-2, b=2, mean=0, std=0.02, bias=0.0 

backbone.blocks.21.mlp.fc2.bias - torch.Size([512]): 
The value is the same before and after calling `init_weights` of ImageClassifier  

backbone.blocks.22.norm1.weight - torch.Size([512]): 
The value is the same before and after calling `init_weights` of ImageClassifier  

backbone.blocks.22.norm1.bias - torch.Size([512]): 
The value is the same before and after calling `init_weights` of ImageClassifier  

backbone.blocks.22.attn.relative_position_bias_table - torch.Size([729, 8]): 
The value is the same before and after calling `init_weights` of ImageClassifier  

backbone.blocks.22.attn.qkv.weight - torch.Size([1536, 512]): 
TruncNormalInit: a=-2, b=2, mean=0, std=0.02, bias=0.0 

backbone.blocks.22.attn.qkv.bias - torch.Size([1536]): 
The value is the same before and after calling `init_weights` of ImageClassifier  

backbone.blocks.22.attn.proj.weight - torch.Size([512, 512]): 
TruncNormalInit: a=-2, b=2, mean=0, std=0.02, bias=0.0 

backbone.blocks.22.attn.proj.bias - torch.Size([512]): 
The value is the same before and after calling `init_weights` of ImageClassifier  

backbone.blocks.22.norm2.weight - torch.Size([512]): 
The value is the same before and after calling `init_weights` of ImageClassifier  

backbone.blocks.22.norm2.bias - torch.Size([512]): 
The value is the same before and after calling `init_weights` of ImageClassifier  

backbone.blocks.22.mlp.fc1.weight - torch.Size([2048, 512]): 
TruncNormalInit: a=-2, b=2, mean=0, std=0.02, bias=0.0 

backbone.blocks.22.mlp.fc1.bias - torch.Size([2048]): 
The value is the same before and after calling `init_weights` of ImageClassifier  

backbone.blocks.22.mlp.fc2.weight - torch.Size([512, 2048]): 
TruncNormalInit: a=-2, b=2, mean=0, std=0.02, bias=0.0 

backbone.blocks.22.mlp.fc2.bias - torch.Size([512]): 
The value is the same before and after calling `init_weights` of ImageClassifier  

backbone.blocks.23.norm1.weight - torch.Size([512]): 
The value is the same before and after calling `init_weights` of ImageClassifier  

backbone.blocks.23.norm1.bias - torch.Size([512]): 
The value is the same before and after calling `init_weights` of ImageClassifier  

backbone.blocks.23.attn.relative_position_bias_table - torch.Size([729, 8]): 
The value is the same before and after calling `init_weights` of ImageClassifier  

backbone.blocks.23.attn.qkv.weight - torch.Size([1536, 512]): 
TruncNormalInit: a=-2, b=2, mean=0, std=0.02, bias=0.0 

backbone.blocks.23.attn.qkv.bias - torch.Size([1536]): 
The value is the same before and after calling `init_weights` of ImageClassifier  

backbone.blocks.23.attn.proj.weight - torch.Size([512, 512]): 
TruncNormalInit: a=-2, b=2, mean=0, std=0.02, bias=0.0 

backbone.blocks.23.attn.proj.bias - torch.Size([512]): 
The value is the same before and after calling `init_weights` of ImageClassifier  

backbone.blocks.23.norm2.weight - torch.Size([512]): 
The value is the same before and after calling `init_weights` of ImageClassifier  

backbone.blocks.23.norm2.bias - torch.Size([512]): 
The value is the same before and after calling `init_weights` of ImageClassifier  

backbone.blocks.23.mlp.fc1.weight - torch.Size([2048, 512]): 
TruncNormalInit: a=-2, b=2, mean=0, std=0.02, bias=0.0 

backbone.blocks.23.mlp.fc1.bias - torch.Size([2048]): 
The value is the same before and after calling `init_weights` of ImageClassifier  

backbone.blocks.23.mlp.fc2.weight - torch.Size([512, 2048]): 
TruncNormalInit: a=-2, b=2, mean=0, std=0.02, bias=0.0 

backbone.blocks.23.mlp.fc2.bias - torch.Size([512]): 
The value is the same before and after calling `init_weights` of ImageClassifier  

backbone.blocks.24.norm1.weight - torch.Size([512]): 
The value is the same before and after calling `init_weights` of ImageClassifier  

backbone.blocks.24.norm1.bias - torch.Size([512]): 
The value is the same before and after calling `init_weights` of ImageClassifier  

backbone.blocks.24.attn.relative_position_bias_table - torch.Size([729, 8]): 
The value is the same before and after calling `init_weights` of ImageClassifier  

backbone.blocks.24.attn.qkv.weight - torch.Size([1536, 512]): 
TruncNormalInit: a=-2, b=2, mean=0, std=0.02, bias=0.0 

backbone.blocks.24.attn.qkv.bias - torch.Size([1536]): 
The value is the same before and after calling `init_weights` of ImageClassifier  

backbone.blocks.24.attn.proj.weight - torch.Size([512, 512]): 
TruncNormalInit: a=-2, b=2, mean=0, std=0.02, bias=0.0 

backbone.blocks.24.attn.proj.bias - torch.Size([512]): 
The value is the same before and after calling `init_weights` of ImageClassifier  

backbone.blocks.24.norm2.weight - torch.Size([512]): 
The value is the same before and after calling `init_weights` of ImageClassifier  

backbone.blocks.24.norm2.bias - torch.Size([512]): 
The value is the same before and after calling `init_weights` of ImageClassifier  

backbone.blocks.24.mlp.fc1.weight - torch.Size([2048, 512]): 
TruncNormalInit: a=-2, b=2, mean=0, std=0.02, bias=0.0 

backbone.blocks.24.mlp.fc1.bias - torch.Size([2048]): 
The value is the same before and after calling `init_weights` of ImageClassifier  

backbone.blocks.24.mlp.fc2.weight - torch.Size([512, 2048]): 
TruncNormalInit: a=-2, b=2, mean=0, std=0.02, bias=0.0 

backbone.blocks.24.mlp.fc2.bias - torch.Size([512]): 
The value is the same before and after calling `init_weights` of ImageClassifier  

backbone.blocks.25.norm1.weight - torch.Size([512]): 
The value is the same before and after calling `init_weights` of ImageClassifier  

backbone.blocks.25.norm1.bias - torch.Size([512]): 
The value is the same before and after calling `init_weights` of ImageClassifier  

backbone.blocks.25.attn.relative_position_bias_table - torch.Size([729, 8]): 
The value is the same before and after calling `init_weights` of ImageClassifier  

backbone.blocks.25.attn.qkv.weight - torch.Size([1536, 512]): 
TruncNormalInit: a=-2, b=2, mean=0, std=0.02, bias=0.0 

backbone.blocks.25.attn.qkv.bias - torch.Size([1536]): 
The value is the same before and after calling `init_weights` of ImageClassifier  

backbone.blocks.25.attn.proj.weight - torch.Size([512, 512]): 
TruncNormalInit: a=-2, b=2, mean=0, std=0.02, bias=0.0 

backbone.blocks.25.attn.proj.bias - torch.Size([512]): 
The value is the same before and after calling `init_weights` of ImageClassifier  

backbone.blocks.25.norm2.weight - torch.Size([512]): 
The value is the same before and after calling `init_weights` of ImageClassifier  

backbone.blocks.25.norm2.bias - torch.Size([512]): 
The value is the same before and after calling `init_weights` of ImageClassifier  

backbone.blocks.25.mlp.fc1.weight - torch.Size([2048, 512]): 
TruncNormalInit: a=-2, b=2, mean=0, std=0.02, bias=0.0 

backbone.blocks.25.mlp.fc1.bias - torch.Size([2048]): 
The value is the same before and after calling `init_weights` of ImageClassifier  

backbone.blocks.25.mlp.fc2.weight - torch.Size([512, 2048]): 
TruncNormalInit: a=-2, b=2, mean=0, std=0.02, bias=0.0 

backbone.blocks.25.mlp.fc2.bias - torch.Size([512]): 
The value is the same before and after calling `init_weights` of ImageClassifier  

backbone.blocks.26.norm1.weight - torch.Size([512]): 
The value is the same before and after calling `init_weights` of ImageClassifier  

backbone.blocks.26.norm1.bias - torch.Size([512]): 
The value is the same before and after calling `init_weights` of ImageClassifier  

backbone.blocks.26.attn.relative_position_bias_table - torch.Size([729, 8]): 
The value is the same before and after calling `init_weights` of ImageClassifier  

backbone.blocks.26.attn.qkv.weight - torch.Size([1536, 512]): 
TruncNormalInit: a=-2, b=2, mean=0, std=0.02, bias=0.0 

backbone.blocks.26.attn.qkv.bias - torch.Size([1536]): 
The value is the same before and after calling `init_weights` of ImageClassifier  

backbone.blocks.26.attn.proj.weight - torch.Size([512, 512]): 
TruncNormalInit: a=-2, b=2, mean=0, std=0.02, bias=0.0 

backbone.blocks.26.attn.proj.bias - torch.Size([512]): 
The value is the same before and after calling `init_weights` of ImageClassifier  

backbone.blocks.26.norm2.weight - torch.Size([512]): 
The value is the same before and after calling `init_weights` of ImageClassifier  

backbone.blocks.26.norm2.bias - torch.Size([512]): 
The value is the same before and after calling `init_weights` of ImageClassifier  

backbone.blocks.26.mlp.fc1.weight - torch.Size([2048, 512]): 
TruncNormalInit: a=-2, b=2, mean=0, std=0.02, bias=0.0 

backbone.blocks.26.mlp.fc1.bias - torch.Size([2048]): 
The value is the same before and after calling `init_weights` of ImageClassifier  

backbone.blocks.26.mlp.fc2.weight - torch.Size([512, 2048]): 
TruncNormalInit: a=-2, b=2, mean=0, std=0.02, bias=0.0 

backbone.blocks.26.mlp.fc2.bias - torch.Size([512]): 
The value is the same before and after calling `init_weights` of ImageClassifier  

backbone.blocks.27.norm1.weight - torch.Size([512]): 
The value is the same before and after calling `init_weights` of ImageClassifier  

backbone.blocks.27.norm1.bias - torch.Size([512]): 
The value is the same before and after calling `init_weights` of ImageClassifier  

backbone.blocks.27.attn.relative_position_bias_table - torch.Size([729, 8]): 
The value is the same before and after calling `init_weights` of ImageClassifier  

backbone.blocks.27.attn.qkv.weight - torch.Size([1536, 512]): 
TruncNormalInit: a=-2, b=2, mean=0, std=0.02, bias=0.0 

backbone.blocks.27.attn.qkv.bias - torch.Size([1536]): 
The value is the same before and after calling `init_weights` of ImageClassifier  

backbone.blocks.27.attn.proj.weight - torch.Size([512, 512]): 
TruncNormalInit: a=-2, b=2, mean=0, std=0.02, bias=0.0 

backbone.blocks.27.attn.proj.bias - torch.Size([512]): 
The value is the same before and after calling `init_weights` of ImageClassifier  

backbone.blocks.27.norm2.weight - torch.Size([512]): 
The value is the same before and after calling `init_weights` of ImageClassifier  

backbone.blocks.27.norm2.bias - torch.Size([512]): 
The value is the same before and after calling `init_weights` of ImageClassifier  

backbone.blocks.27.mlp.fc1.weight - torch.Size([2048, 512]): 
TruncNormalInit: a=-2, b=2, mean=0, std=0.02, bias=0.0 

backbone.blocks.27.mlp.fc1.bias - torch.Size([2048]): 
The value is the same before and after calling `init_weights` of ImageClassifier  

backbone.blocks.27.mlp.fc2.weight - torch.Size([512, 2048]): 
TruncNormalInit: a=-2, b=2, mean=0, std=0.02, bias=0.0 

backbone.blocks.27.mlp.fc2.bias - torch.Size([512]): 
The value is the same before and after calling `init_weights` of ImageClassifier  

backbone.blocks.28.norm1.weight - torch.Size([512]): 
The value is the same before and after calling `init_weights` of ImageClassifier  

backbone.blocks.28.norm1.bias - torch.Size([512]): 
The value is the same before and after calling `init_weights` of ImageClassifier  

backbone.blocks.28.attn.relative_position_bias_table - torch.Size([729, 8]): 
The value is the same before and after calling `init_weights` of ImageClassifier  

backbone.blocks.28.attn.qkv.weight - torch.Size([1536, 512]): 
TruncNormalInit: a=-2, b=2, mean=0, std=0.02, bias=0.0 

backbone.blocks.28.attn.qkv.bias - torch.Size([1536]): 
The value is the same before and after calling `init_weights` of ImageClassifier  

backbone.blocks.28.attn.proj.weight - torch.Size([512, 512]): 
TruncNormalInit: a=-2, b=2, mean=0, std=0.02, bias=0.0 

backbone.blocks.28.attn.proj.bias - torch.Size([512]): 
The value is the same before and after calling `init_weights` of ImageClassifier  

backbone.blocks.28.norm2.weight - torch.Size([512]): 
The value is the same before and after calling `init_weights` of ImageClassifier  

backbone.blocks.28.norm2.bias - torch.Size([512]): 
The value is the same before and after calling `init_weights` of ImageClassifier  

backbone.blocks.28.mlp.fc1.weight - torch.Size([2048, 512]): 
TruncNormalInit: a=-2, b=2, mean=0, std=0.02, bias=0.0 

backbone.blocks.28.mlp.fc1.bias - torch.Size([2048]): 
The value is the same before and after calling `init_weights` of ImageClassifier  

backbone.blocks.28.mlp.fc2.weight - torch.Size([512, 2048]): 
TruncNormalInit: a=-2, b=2, mean=0, std=0.02, bias=0.0 

backbone.blocks.28.mlp.fc2.bias - torch.Size([512]): 
The value is the same before and after calling `init_weights` of ImageClassifier  

backbone.blocks.29.norm1.weight - torch.Size([512]): 
The value is the same before and after calling `init_weights` of ImageClassifier  

backbone.blocks.29.norm1.bias - torch.Size([512]): 
The value is the same before and after calling `init_weights` of ImageClassifier  

backbone.blocks.29.attn.relative_position_bias_table - torch.Size([729, 8]): 
The value is the same before and after calling `init_weights` of ImageClassifier  

backbone.blocks.29.attn.qkv.weight - torch.Size([1536, 512]): 
TruncNormalInit: a=-2, b=2, mean=0, std=0.02, bias=0.0 

backbone.blocks.29.attn.qkv.bias - torch.Size([1536]): 
The value is the same before and after calling `init_weights` of ImageClassifier  

backbone.blocks.29.attn.proj.weight - torch.Size([512, 512]): 
TruncNormalInit: a=-2, b=2, mean=0, std=0.02, bias=0.0 

backbone.blocks.29.attn.proj.bias - torch.Size([512]): 
The value is the same before and after calling `init_weights` of ImageClassifier  

backbone.blocks.29.norm2.weight - torch.Size([512]): 
The value is the same before and after calling `init_weights` of ImageClassifier  

backbone.blocks.29.norm2.bias - torch.Size([512]): 
The value is the same before and after calling `init_weights` of ImageClassifier  

backbone.blocks.29.mlp.fc1.weight - torch.Size([2048, 512]): 
TruncNormalInit: a=-2, b=2, mean=0, std=0.02, bias=0.0 

backbone.blocks.29.mlp.fc1.bias - torch.Size([2048]): 
The value is the same before and after calling `init_weights` of ImageClassifier  

backbone.blocks.29.mlp.fc2.weight - torch.Size([512, 2048]): 
TruncNormalInit: a=-2, b=2, mean=0, std=0.02, bias=0.0 

backbone.blocks.29.mlp.fc2.bias - torch.Size([512]): 
The value is the same before and after calling `init_weights` of ImageClassifier  

backbone.blocks.30.norm1.weight - torch.Size([512]): 
The value is the same before and after calling `init_weights` of ImageClassifier  

backbone.blocks.30.norm1.bias - torch.Size([512]): 
The value is the same before and after calling `init_weights` of ImageClassifier  

backbone.blocks.30.attn.relative_position_bias_table - torch.Size([729, 8]): 
The value is the same before and after calling `init_weights` of ImageClassifier  

backbone.blocks.30.attn.qkv.weight - torch.Size([1536, 512]): 
TruncNormalInit: a=-2, b=2, mean=0, std=0.02, bias=0.0 

backbone.blocks.30.attn.qkv.bias - torch.Size([1536]): 
The value is the same before and after calling `init_weights` of ImageClassifier  

backbone.blocks.30.attn.proj.weight - torch.Size([512, 512]): 
TruncNormalInit: a=-2, b=2, mean=0, std=0.02, bias=0.0 

backbone.blocks.30.attn.proj.bias - torch.Size([512]): 
The value is the same before and after calling `init_weights` of ImageClassifier  

backbone.blocks.30.norm2.weight - torch.Size([512]): 
The value is the same before and after calling `init_weights` of ImageClassifier  

backbone.blocks.30.norm2.bias - torch.Size([512]): 
The value is the same before and after calling `init_weights` of ImageClassifier  

backbone.blocks.30.mlp.fc1.weight - torch.Size([2048, 512]): 
TruncNormalInit: a=-2, b=2, mean=0, std=0.02, bias=0.0 

backbone.blocks.30.mlp.fc1.bias - torch.Size([2048]): 
The value is the same before and after calling `init_weights` of ImageClassifier  

backbone.blocks.30.mlp.fc2.weight - torch.Size([512, 2048]): 
TruncNormalInit: a=-2, b=2, mean=0, std=0.02, bias=0.0 

backbone.blocks.30.mlp.fc2.bias - torch.Size([512]): 
The value is the same before and after calling `init_weights` of ImageClassifier  

backbone.blocks.31.norm1.weight - torch.Size([512]): 
The value is the same before and after calling `init_weights` of ImageClassifier  

backbone.blocks.31.norm1.bias - torch.Size([512]): 
The value is the same before and after calling `init_weights` of ImageClassifier  

backbone.blocks.31.attn.relative_position_bias_table - torch.Size([729, 8]): 
The value is the same before and after calling `init_weights` of ImageClassifier  

backbone.blocks.31.attn.qkv.weight - torch.Size([1536, 512]): 
TruncNormalInit: a=-2, b=2, mean=0, std=0.02, bias=0.0 

backbone.blocks.31.attn.qkv.bias - torch.Size([1536]): 
The value is the same before and after calling `init_weights` of ImageClassifier  

backbone.blocks.31.attn.proj.weight - torch.Size([512, 512]): 
TruncNormalInit: a=-2, b=2, mean=0, std=0.02, bias=0.0 

backbone.blocks.31.attn.proj.bias - torch.Size([512]): 
The value is the same before and after calling `init_weights` of ImageClassifier  

backbone.blocks.31.norm2.weight - torch.Size([512]): 
The value is the same before and after calling `init_weights` of ImageClassifier  

backbone.blocks.31.norm2.bias - torch.Size([512]): 
The value is the same before and after calling `init_weights` of ImageClassifier  

backbone.blocks.31.mlp.fc1.weight - torch.Size([2048, 512]): 
TruncNormalInit: a=-2, b=2, mean=0, std=0.02, bias=0.0 

backbone.blocks.31.mlp.fc1.bias - torch.Size([2048]): 
The value is the same before and after calling `init_weights` of ImageClassifier  

backbone.blocks.31.mlp.fc2.weight - torch.Size([512, 2048]): 
TruncNormalInit: a=-2, b=2, mean=0, std=0.02, bias=0.0 

backbone.blocks.31.mlp.fc2.bias - torch.Size([512]): 
The value is the same before and after calling `init_weights` of ImageClassifier  

backbone.blocks.32.norm1.weight - torch.Size([512]): 
The value is the same before and after calling `init_weights` of ImageClassifier  

backbone.blocks.32.norm1.bias - torch.Size([512]): 
The value is the same before and after calling `init_weights` of ImageClassifier  

backbone.blocks.32.attn.relative_position_bias_table - torch.Size([729, 8]): 
The value is the same before and after calling `init_weights` of ImageClassifier  

backbone.blocks.32.attn.qkv.weight - torch.Size([1536, 512]): 
TruncNormalInit: a=-2, b=2, mean=0, std=0.02, bias=0.0 

backbone.blocks.32.attn.qkv.bias - torch.Size([1536]): 
The value is the same before and after calling `init_weights` of ImageClassifier  

backbone.blocks.32.attn.proj.weight - torch.Size([512, 512]): 
TruncNormalInit: a=-2, b=2, mean=0, std=0.02, bias=0.0 

backbone.blocks.32.attn.proj.bias - torch.Size([512]): 
The value is the same before and after calling `init_weights` of ImageClassifier  

backbone.blocks.32.norm2.weight - torch.Size([512]): 
The value is the same before and after calling `init_weights` of ImageClassifier  

backbone.blocks.32.norm2.bias - torch.Size([512]): 
The value is the same before and after calling `init_weights` of ImageClassifier  

backbone.blocks.32.mlp.fc1.weight - torch.Size([2048, 512]): 
TruncNormalInit: a=-2, b=2, mean=0, std=0.02, bias=0.0 

backbone.blocks.32.mlp.fc1.bias - torch.Size([2048]): 
The value is the same before and after calling `init_weights` of ImageClassifier  

backbone.blocks.32.mlp.fc2.weight - torch.Size([512, 2048]): 
TruncNormalInit: a=-2, b=2, mean=0, std=0.02, bias=0.0 

backbone.blocks.32.mlp.fc2.bias - torch.Size([512]): 
The value is the same before and after calling `init_weights` of ImageClassifier  

backbone.blocks.33.norm1.weight - torch.Size([512]): 
The value is the same before and after calling `init_weights` of ImageClassifier  

backbone.blocks.33.norm1.bias - torch.Size([512]): 
The value is the same before and after calling `init_weights` of ImageClassifier  

backbone.blocks.33.attn.relative_position_bias_table - torch.Size([729, 8]): 
The value is the same before and after calling `init_weights` of ImageClassifier  

backbone.blocks.33.attn.qkv.weight - torch.Size([1536, 512]): 
TruncNormalInit: a=-2, b=2, mean=0, std=0.02, bias=0.0 

backbone.blocks.33.attn.qkv.bias - torch.Size([1536]): 
The value is the same before and after calling `init_weights` of ImageClassifier  

backbone.blocks.33.attn.proj.weight - torch.Size([512, 512]): 
TruncNormalInit: a=-2, b=2, mean=0, std=0.02, bias=0.0 

backbone.blocks.33.attn.proj.bias - torch.Size([512]): 
The value is the same before and after calling `init_weights` of ImageClassifier  

backbone.blocks.33.norm2.weight - torch.Size([512]): 
The value is the same before and after calling `init_weights` of ImageClassifier  

backbone.blocks.33.norm2.bias - torch.Size([512]): 
The value is the same before and after calling `init_weights` of ImageClassifier  

backbone.blocks.33.mlp.fc1.weight - torch.Size([2048, 512]): 
TruncNormalInit: a=-2, b=2, mean=0, std=0.02, bias=0.0 

backbone.blocks.33.mlp.fc1.bias - torch.Size([2048]): 
The value is the same before and after calling `init_weights` of ImageClassifier  

backbone.blocks.33.mlp.fc2.weight - torch.Size([512, 2048]): 
TruncNormalInit: a=-2, b=2, mean=0, std=0.02, bias=0.0 

backbone.blocks.33.mlp.fc2.bias - torch.Size([512]): 
The value is the same before and after calling `init_weights` of ImageClassifier  

head.fc.weight - torch.Size([1000, 512]): 
TruncNormalInit: a=-2, b=2, mean=0, std=0.02, bias=0.0 

head.fc.bias - torch.Size([1000]): 
TruncNormalInit: a=-2, b=2, mean=0, std=0.02, bias=0.0 
2025/06/19 06:02:08 - mmengine - WARNING - "FileClient" will be deprecated in future. Please use io functions in https://mmengine.readthedocs.io/en/latest/api/fileio.html#file-io
2025/06/19 06:02:08 - mmengine - WARNING - "HardDiskBackend" is the alias of "LocalBackend" and the former will be deprecated in future.
2025/06/19 06:02:08 - mmengine - INFO - Checkpoints will be saved to /data/bigc-data/zjh/new/hivit/run_scripts/work_dirs/hivit-base-p16_16xb64_in1k.
2025/06/19 06:04:07 - mmengine - INFO - Epoch(train)   [1][  100/40037]  base_lr: 1.1235e-06 lr: 1.1235e-06  eta: 165 days, 10:32:58  time: 1.1810  data_time: 0.0039  memory: 7017  grad_norm: 12.1127  loss: 7.0640
