Training with a single process on 1 device (cuda).
Model edgenext_small created, param count:5586832
Data processing configuration for current model + dataset:
	input_size: (3, 256, 256)
	interpolation: bicubic
	mean: (0.485, 0.456, 0.406)
	std: (0.229, 0.224, 0.225)
	crop_pct: 0.95
	crop_mode: center
Created SGD (sgd) optimizer: lr: 0.4, momentum: 0.9, dampening: 0, weight_decay: 2e-05, nesterov: True, maximize: False, foreach: None, differentiable: False, fused: None
Using native Torch AMP. Training in mixed precision.
Scheduled epochs: 1 (epochs + cooldown_epochs). Warmup within epochs when warmup_prefix=False. LR stepped per epoch.
TCAPPDLL 2025-11-27 01:36:41.129205 - Epoch: 0 Iteration: 0  rank : 0  train.loss : 6.964488983154297  train.ips : 176602.27368421052 imgs/s train.total_time : 9.059906005859375e-05
TCAPPDLL 2025-11-27 01:36:41.204826 - Epoch: 0 Iteration: 1  rank : 0  train.loss : 6.911982536315918  train.ips : 182857.9400544959 imgs/s train.total_time : 8.749961853027344e-05
TCAPPDLL 2025-11-27 01:36:41.242216 - Epoch: 0 Iteration: 2  rank : 0  train.loss : 6.800190448760986  train.ips : 164886.64373464373 imgs/s train.total_time : 9.703636169433594e-05
TCAPPDLL 2025-11-27 01:36:41.283162 - Epoch: 0 Iteration: 3  rank : 0  train.loss : 7.013435363769531  train.ips : 162885.5922330097 imgs/s train.total_time : 9.822845458984375e-05
TCAPPDLL 2025-11-27 01:36:41.322820 - Epoch: 0 Iteration: 4  rank : 0  train.loss : 6.886220932006836  train.ips : 166523.23573200993 imgs/s train.total_time : 9.608268737792969e-05
TCAPPDLL 2025-11-27 01:36:41.366444 - Epoch: 0 Iteration: 5  rank : 0  train.loss : 6.935213088989258  train.ips : 164080.3520782396 imgs/s train.total_time : 9.751319885253906e-05
TCAPPDLL 2025-11-27 01:36:41.404209 - Epoch: 0 Iteration: 6  rank : 0  train.loss : 6.958945274353027  train.ips : 160164.35322195705 imgs/s train.total_time : 9.989738464355469e-05
TCAPPDLL 2025-11-27 01:36:41.444614 - Epoch: 0 Iteration: 7  rank : 0  train.loss : 6.998443126678467  train.ips : 161319.38461538462 imgs/s train.total_time : 9.918212890625e-05
TCAPPDLL 2025-11-27 01:36:41.488532 - Epoch: 0 Iteration: 8  rank : 0  train.loss : 6.905304908752441  train.ips : 166523.23573200993 imgs/s train.total_time : 9.608268737792969e-05
TCAPPDLL 2025-11-27 01:36:42.058269 - Epoch: 0 Iteration: 9  rank : 0  train.loss : 7.047362327575684  train.ips : 144010.43776824034 imgs/s train.total_time : 0.00011110305786132812
TCAPPDLL 2025-11-27 01:36:42.258895 - Epoch: 0 Iteration: 10  rank : 0  train.loss : 6.90227746963501  train.ips : 166523.23573200993 imgs/s train.total_time : 9.608268737792969e-05
TCAPPDLL 2025-11-27 01:36:42.733082 - Epoch: 0 Iteration: 11  rank : 0  train.loss : 7.014962196350098  train.ips : 85163.53299492385 imgs/s train.total_time : 0.00018787384033203125
TCAPPDLL 2025-11-27 01:36:42.940737 - Epoch: 0 Iteration: 12  rank : 0  train.loss : 6.935140609741211  train.ips : 85488.99872611465 imgs/s train.total_time : 0.00018715858459472656
TCAPPDLL 2025-11-27 01:36:43.165945 - Epoch: 0 Iteration: 13  rank : 0  train.loss : 7.060368537902832  train.ips : 111476.51827242525 imgs/s train.total_time : 0.00014352798461914062
TCAPPDLL 2025-11-27 01:36:43.483190 - Epoch: 0 Iteration: 14  rank : 0  train.loss : 6.994685649871826  train.ips : 73343.02076502732 imgs/s train.total_time : 0.0002181529998779297
TCAPPDLL 2025-11-27 01:36:43.821436 - Epoch: 0 Iteration: 15  rank : 0  train.loss : 6.95704460144043  train.ips : 143089.26226012793 imgs/s train.total_time : 0.00011181831359863281
TCAPPDLL 2025-11-27 01:36:43.892248 - Epoch: 0 Iteration: 16  rank : 0  train.loss : 6.959388732910156  train.ips : 123589.06813996317 imgs/s train.total_time : 0.00012946128845214844
TCAPPDLL 2025-11-27 01:36:44.136540 - Epoch: 0 Iteration: 17  rank : 0  train.loss : 7.007299423217773  train.ips : 86592.08258064516 imgs/s train.total_time : 0.00018477439880371094
TCAPPDLL 2025-11-27 01:36:44.429133 - Epoch: 0 Iteration: 18  rank : 0  train.loss : 6.9297895431518555  train.ips : 162885.5922330097 imgs/s train.total_time : 9.822845458984375e-05
TCAPPDLL 2025-11-27 01:36:44.849978 - Epoch: 0 Iteration: 19  rank : 0  train.loss : 7.007589817047119  train.ips : 147168.56140350876 imgs/s train.total_time : 0.0001087188720703125
TCAPPDLL 2025-11-27 01:36:45.021086 - Epoch: 0 Iteration: 20  rank : 0  train.loss : 6.959990501403809  train.ips : 163680.15609756098 imgs/s train.total_time : 9.775161743164062e-05
TCAPPDLL 2025-11-27 01:36:45.066924 - Epoch: 0 Iteration: 21  rank : 0  train.loss : 7.029011249542236  train.ips : 178481.02127659574 imgs/s train.total_time : 8.96453857421875e-05
TCAPPDLL 2025-11-27 01:36:45.346976 - Epoch: 0 Iteration: 22  rank : 0  train.loss : 6.88633394241333  train.ips : 73343.02076502732 imgs/s train.total_time : 0.0002181529998779297
TCAPPDLL 2025-11-27 01:36:46.391977 - Epoch: 0 Iteration: 23  rank : 0  train.loss : 6.9278411865234375  train.ips : 163680.15609756098 imgs/s train.total_time : 9.775161743164062e-05
TCAPPDLL 2025-11-27 01:36:46.643508 - Epoch: 0 Iteration: 24  rank : 0  train.loss : 6.948874473571777  train.ips : 60512.95220919747 imgs/s train.total_time : 0.0002644062042236328
TCAPPDLL 2025-11-27 01:36:46.690006 - Epoch: 0 Iteration: 25  rank : 0  train.loss : 6.919010162353516  train.ips : 138654.67768595042 imgs/s train.total_time : 0.00011539459228515625
TCAPPDLL 2025-11-27 01:36:46.774461 - Epoch: 0 Iteration: 26  rank : 0  train.loss : 6.9875383377075195  train.ips : 155705.02088167053 imgs/s train.total_time : 0.00010275840759277344
TCAPPDLL 2025-11-27 01:36:47.522599 - Epoch: 0 Iteration: 27  rank : 0  train.loss : 6.918134689331055  train.ips : 83055.52475247525 imgs/s train.total_time : 0.0001926422119140625
TCAPPDLL 2025-11-27 01:36:47.581734 - Epoch: 0 Iteration: 28  rank : 0  train.loss : 7.0398359298706055  train.ips : 111291.64842454395 imgs/s train.total_time : 0.0001437664031982422
TCAPPDLL 2025-11-27 01:36:47.634270 - Epoch: 0 Iteration: 29  rank : 0  train.loss : 6.8892011642456055  train.ips : 141879.20507399578 imgs/s train.total_time : 0.00011277198791503906
TCAPPDLL 2025-11-27 01:36:47.896275 - Epoch: 0 Iteration: 30  rank : 0  train.loss : 6.898705959320068  train.ips : 64342.15148609779 imgs/s train.total_time : 0.0002486705780029297
TCAPPDLL 2025-11-27 01:36:49.047679 - Epoch: 0 Iteration: 31  rank : 0  train.loss : 6.999773979187012  train.ips : 96006.95851216023 imgs/s train.total_time : 0.0001666545867919922
TCAPPDLL 2025-11-27 01:36:49.112796 - Epoch: 0 Iteration: 32  rank : 0  train.loss : 7.119546890258789  train.ips : 150806.4359550562 imgs/s train.total_time : 0.00010609626770019531
TCAPPDLL 2025-11-27 01:36:49.162121 - Epoch: 0 Iteration: 33  rank : 0  train.loss : 6.912652969360352  train.ips : 157532.54460093897 imgs/s train.total_time : 0.00010156631469726562
TCAPPDLL 2025-11-27 01:36:49.516755 - Epoch: 0 Iteration: 34  rank : 0  train.loss : 6.943835258483887  train.ips : 85488.99872611465 imgs/s train.total_time : 0.00018715858459472656
TCAPPDLL 2025-11-27 01:36:50.091711 - Epoch: 0 Iteration: 35  rank : 0  train.loss : 6.849224090576172  train.ips : 131072.0 imgs/s train.total_time : 0.0001220703125
TCAPPDLL 2025-11-27 01:36:50.134581 - Epoch: 0 Iteration: 36  rank : 0  train.loss : 6.899245262145996  train.ips : 126382.04143126176 imgs/s train.total_time : 0.0001266002655029297
TCAPPDLL 2025-11-27 01:36:50.180134 - Epoch: 0 Iteration: 37  rank : 0  train.loss : 6.857402324676514  train.ips : 146846.5295404814 imgs/s train.total_time : 0.00010895729064941406
TCAPPDLL 2025-11-27 01:36:50.270182 - Epoch: 0 Iteration: 38  rank : 0  train.loss : 6.841248512268066  train.ips : 141579.88185654007 imgs/s train.total_time : 0.00011301040649414062
TCAPPDLL 2025-11-27 01:36:50.942250 - Epoch: 0 Iteration: 39  rank : 0  train.loss : 6.913399696350098  train.ips : 153216.58447488584 imgs/s train.total_time : 0.00010442733764648438
TCAPPDLL 2025-11-27 01:36:50.979807 - Epoch: 0 Iteration: 40  rank : 0  train.loss : 6.9050493240356445  train.ips : 138654.67768595042 imgs/s train.total_time : 0.00011539459228515625
TCAPPDLL 2025-11-27 01:36:51.021894 - Epoch: 0 Iteration: 41  rank : 0  train.loss : 6.9405412673950195  train.ips : 143702.0642398287 imgs/s train.total_time : 0.00011134147644042969
TCAPPDLL 2025-11-27 01:36:51.067817 - Epoch: 0 Iteration: 42  rank : 0  train.loss : 6.998548984527588  train.ips : 140985.00840336134 imgs/s train.total_time : 0.00011348724365234375
TCAPPDLL 2025-11-27 01:36:52.182088 - Epoch: 0 Iteration: 43  rank : 0  train.loss : 7.055096626281738  train.ips : 146846.5295404814 imgs/s train.total_time : 0.00010895729064941406
TCAPPDLL 2025-11-27 01:36:52.231652 - Epoch: 0 Iteration: 44  rank : 0  train.loss : 6.994980335235596  train.ips : 134217.728 imgs/s train.total_time : 0.00011920928955078125
TCAPPDLL 2025-11-27 01:36:52.276259 - Epoch: 0 Iteration: 45  rank : 0  train.loss : 7.021610260009766  train.ips : 144010.43776824034 imgs/s train.total_time : 0.00011110305786132812
TCAPPDLL 2025-11-27 01:36:52.317887 - Epoch: 0 Iteration: 46  rank : 0  train.loss : 6.865774154663086  train.ips : 152174.2947845805 imgs/s train.total_time : 0.00010514259338378906
TCAPPDLL 2025-11-27 01:36:52.951445 - Epoch: 0 Iteration: 47  rank : 0  train.loss : 6.918761253356934  train.ips : 145888.8347826087 imgs/s train.total_time : 0.00010967254638671875
TCAPPDLL 2025-11-27 01:36:52.990790 - Epoch: 0 Iteration: 48  rank : 0  train.loss : 6.921281814575195  train.ips : 144320.1376344086 imgs/s train.total_time : 0.00011086463928222656
TCAPPDLL 2025-11-27 01:36:53.035412 - Epoch: 0 Iteration: 49  rank : 0  train.loss : 6.980509281158447  train.ips : 125203.10447761194 imgs/s train.total_time : 0.0001277923583984375
TCAPPDLL 2025-11-27 01:36:53.463769 - Epoch: 0 Iteration: 50  rank : 0  train.loss : 6.959935188293457  train.ips : 103563.06172839506 imgs/s train.total_time : 0.0001544952392578125
TCAPPDLL 2025-11-27 01:36:53.976440 - Epoch: 0 Iteration: 51  rank : 0  train.loss : 6.905322074890137  train.ips : 94121.82889200561 imgs/s train.total_time : 0.00016999244689941406
TCAPPDLL 2025-11-27 01:36:54.030095 - Epoch: 0 Iteration: 52  rank : 0  train.loss : 7.025214672088623  train.ips : 102300.09756097561 imgs/s train.total_time : 0.000156402587890625
TCAPPDLL 2025-11-27 01:36:54.083021 - Epoch: 0 Iteration: 53  rank : 0  train.loss : 6.9359917640686035  train.ips : 106353.19175911252 imgs/s train.total_time : 0.00015044212341308594
TCAPPDLL 2025-11-27 01:36:54.173663 - Epoch: 0 Iteration: 54  rank : 0  train.loss : 6.893914222717285  train.ips : 103085.81259600614 imgs/s train.total_time : 0.0001552104949951172
TCAPPDLL 2025-11-27 01:36:55.160379 - Epoch: 0 Iteration: 55  rank : 0  train.loss : 6.989040374755859  train.ips : 142481.6645435244 imgs/s train.total_time : 0.00011229515075683594
TCAPPDLL 2025-11-27 01:36:55.199788 - Epoch: 0 Iteration: 56  rank : 0  train.loss : 6.861905097961426  train.ips : 193956.2543352601 imgs/s train.total_time : 8.249282836914062e-05
TCAPPDLL 2025-11-27 01:36:55.241055 - Epoch: 0 Iteration: 57  rank : 0  train.loss : 6.918334007263184  train.ips : 187454.92737430168 imgs/s train.total_time : 8.535385131835938e-05
TCAPPDLL 2025-11-27 01:36:55.430823 - Epoch: 0 Iteration: 58  rank : 0  train.loss : 6.952415943145752  train.ips : 184872.90358126722 imgs/s train.total_time : 8.654594421386719e-05
TCAPPDLL 2025-11-27 01:36:55.870264 - Epoch: 0 Iteration: 59  rank : 0  train.loss : 6.904090881347656  train.ips : 151487.2776523702 imgs/s train.total_time : 0.00010561943054199219
TCAPPDLL 2025-11-27 01:36:55.917302 - Epoch: 0 Iteration: 60  rank : 0  train.loss : 6.9810895919799805  train.ips : 165700.8987654321 imgs/s train.total_time : 9.655952453613281e-05
TCAPPDLL 2025-11-27 01:36:55.968779 - Epoch: 0 Iteration: 61  rank : 0  train.loss : 7.048730373382568  train.ips : 104368.3732503888 imgs/s train.total_time : 0.0001533031463623047
TCAPPDLL 2025-11-27 01:36:56.359761 - Epoch: 0 Iteration: 62  rank : 0  train.loss : 6.911377906799316  train.ips : 150468.30493273542 imgs/s train.total_time : 0.00010633468627929688
TCAPPDLL 2025-11-27 01:36:56.687060 - Epoch: 0 Iteration: 63  rank : 0  train.loss : 7.037185192108154  train.ips : 88651.07529722589 imgs/s train.total_time : 0.0001804828643798828
TCAPPDLL 2025-11-27 01:36:56.751667 - Epoch: 0 Iteration: 64  rank : 0  train.loss : 6.924831867218018  train.ips : 115307.3264604811 imgs/s train.total_time : 0.00013875961303710938
TCAPPDLL 2025-11-27 01:36:56.790166 - Epoch: 0 Iteration: 65  rank : 0  train.loss : 7.010928153991699  train.ips : 147168.56140350876 imgs/s train.total_time : 0.0001087188720703125
TCAPPDLL 2025-11-27 01:36:57.094975 - Epoch: 0 Iteration: 66  rank : 0  train.loss : 6.893965244293213  train.ips : 157903.2094117647 imgs/s train.total_time : 0.00010132789611816406
TCAPPDLL 2025-11-27 01:36:57.222704 - Epoch: 0 Iteration: 67  rank : 0  train.loss : 6.932502269744873  train.ips : 139230.0082987552 imgs/s train.total_time : 0.00011491775512695312
TCAPPDLL 2025-11-27 01:36:57.274689 - Epoch: 0 Iteration: 68  rank : 0  train.loss : 6.912055015563965  train.ips : 178481.02127659574 imgs/s train.total_time : 8.96453857421875e-05
TCAPPDLL 2025-11-27 01:36:57.329983 - Epoch: 0 Iteration: 69  rank : 0  train.loss : 7.032032012939453  train.ips : 136956.86530612246 imgs/s train.total_time : 0.00011682510375976562
TCAPPDLL 2025-11-27 01:36:58.368840 - Epoch: 0 Iteration: 70  rank : 0  train.loss : 7.074248313903809  train.ips : 100013.21013412817 imgs/s train.total_time : 0.00015997886657714844
TCAPPDLL 2025-11-27 01:36:58.841416 - Epoch: 0 Iteration: 71  rank : 0  train.loss : 6.921721458435059  train.ips : 147492.0087912088 imgs/s train.total_time : 0.00010848045349121094
TCAPPDLL 2025-11-27 01:36:58.889484 - Epoch: 0 Iteration: 72  rank : 0  train.loss : 7.048415184020996  train.ips : 159403.47743467934 imgs/s train.total_time : 0.00010037422180175781
TCAPPDLL 2025-11-27 01:36:58.935990 - Epoch: 0 Iteration: 73  rank : 0  train.loss : 7.104341506958008  train.ips : 153567.19450800915 imgs/s train.total_time : 0.00010418891906738281
TCAPPDLL 2025-11-27 01:36:59.363014 - Epoch: 0 Iteration: 74  rank : 0  train.loss : 6.925015449523926  train.ips : 107031.68102073365 imgs/s train.total_time : 0.0001494884490966797
TCAPPDLL 2025-11-27 01:36:59.644812 - Epoch: 0 Iteration: 75  rank : 0  train.loss : 6.987005233764648  train.ips : 96420.7816091954 imgs/s train.total_time : 0.0001659393310546875
TCAPPDLL 2025-11-27 01:36:59.691283 - Epoch: 0 Iteration: 76  rank : 0  train.loss : 7.036170959472656  train.ips : 143395.00854700856 imgs/s train.total_time : 0.00011157989501953125
TCAPPDLL 2025-11-27 01:36:59.733420 - Epoch: 0 Iteration: 77  rank : 0  train.loss : 6.942559242248535  train.ips : 152867.57175398633 imgs/s train.total_time : 0.00010466575622558594
TCAPPDLL 2025-11-27 01:37:00.082942 - Epoch: 0 Iteration: 78  rank : 0  train.loss : 6.892725944519043  train.ips : 120051.63506261181 imgs/s train.total_time : 0.00013327598571777344
TCAPPDLL 2025-11-27 01:37:00.345768 - Epoch: 0 Iteration: 79  rank : 0  train.loss : 7.017841339111328  train.ips : 88185.1038107753 imgs/s train.total_time : 0.00018143653869628906
TCAPPDLL 2025-11-27 01:37:00.404641 - Epoch: 0 Iteration: 80  rank : 0  train.loss : 7.019786834716797  train.ips : 123361.88235294117 imgs/s train.total_time : 0.00012969970703125
TCAPPDLL 2025-11-27 01:37:00.455943 - Epoch: 0 Iteration: 81  rank : 0  train.loss : 6.950753688812256  train.ips : 136956.86530612246 imgs/s train.total_time : 0.00011682510375976562
TCAPPDLL 2025-11-27 01:37:01.434725 - Epoch: 0 Iteration: 82  rank : 0  train.loss : 6.797832489013672  train.ips : 175218.96605744126 imgs/s train.total_time : 9.131431579589844e-05
TCAPPDLL 2025-11-27 01:37:01.685580 - Epoch: 0 Iteration: 83  rank : 0  train.loss : 6.848588943481445  train.ips : 92436.45179063361 imgs/s train.total_time : 0.00017309188842773438
TCAPPDLL 2025-11-27 01:37:01.736973 - Epoch: 0 Iteration: 84  rank : 0  train.loss : 6.875390529632568  train.ips : 192289.00859598853 imgs/s train.total_time : 8.320808410644531e-05
TCAPPDLL 2025-11-27 01:37:01.772686 - Epoch: 0 Iteration: 85  rank : 0  train.loss : 6.974946975708008  train.ips : 117734.84912280702 imgs/s train.total_time : 0.00013589859008789062
TCAPPDLL 2025-11-27 01:37:02.347704 - Epoch: 0 Iteration: 86  rank : 0  train.loss : 6.901456356048584  train.ips : 183859.90136986302 imgs/s train.total_time : 8.702278137207031e-05
TCAPPDLL 2025-11-27 01:37:02.599601 - Epoch: 0 Iteration: 87  rank : 0  train.loss : 6.973721981048584  train.ips : 86258.17994858611 imgs/s train.total_time : 0.00018548965454101562
TCAPPDLL 2025-11-27 01:37:02.667180 - Epoch: 0 Iteration: 88  rank : 0  train.loss : 6.920810699462891  train.ips : 99126.83013293945 imgs/s train.total_time : 0.0001614093780517578
TCAPPDLL 2025-11-27 01:37:02.724746 - Epoch: 0 Iteration: 89  rank : 0  train.loss : 7.084816932678223  train.ips : 126620.49811320755 imgs/s train.total_time : 0.00012636184692382812
TCAPPDLL 2025-11-27 01:37:03.066394 - Epoch: 0 Iteration: 90  rank : 0  train.loss : 7.040313720703125  train.ips : 141579.88185654007 imgs/s train.total_time : 0.00011301040649414062
TCAPPDLL 2025-11-27 01:37:03.469722 - Epoch: 0 Iteration: 91  rank : 0  train.loss : 6.97238826751709  train.ips : 134217.728 imgs/s train.total_time : 0.00011920928955078125
TCAPPDLL 2025-11-27 01:37:03.528572 - Epoch: 0 Iteration: 92  rank : 0  train.loss : 7.031871795654297  train.ips : 129553.79150579151 imgs/s train.total_time : 0.00012350082397460938
TCAPPDLL 2025-11-27 01:37:03.581240 - Epoch: 0 Iteration: 93  rank : 0  train.loss : 6.875484466552734  train.ips : 146525.903930131 imgs/s train.total_time : 0.00010919570922851562
TCAPPDLL 2025-11-27 01:37:04.909046 - Epoch: 0 Iteration: 94  rank : 0  train.loss : 6.9198479652404785  train.ips : 118566.89752650177 imgs/s train.total_time : 0.00013494491577148438
TCAPPDLL 2025-11-27 01:37:05.337274 - Epoch: 0 Iteration: 95  rank : 0  train.loss : 6.856094837188721  train.ips : 176138.75065616798 imgs/s train.total_time : 9.083747863769531e-05
TCAPPDLL 2025-11-27 01:37:05.387384 - Epoch: 0 Iteration: 96  rank : 0  train.loss : 7.014559745788574  train.ips : 95733.04422253923 imgs/s train.total_time : 0.0001671314239501953
TCAPPDLL 2025-11-27 01:37:05.440671 - Epoch: 0 Iteration: 97  rank : 0  train.loss : 7.008507251739502  train.ips : 181375.30810810812 imgs/s train.total_time : 8.821487426757812e-05
TCAPPDLL 2025-11-27 01:37:05.637950 - Epoch: 0 Iteration: 98  rank : 0  train.loss : 6.915718078613281  train.ips : 123589.06813996317 imgs/s train.total_time : 0.00012946128845214844
TCAPPDLL 2025-11-27 01:37:05.967787 - Epoch: 0 Iteration: 99  rank : 0  train.loss : 7.033111095428467  train.ips : 133949.82834331336 imgs/s train.total_time : 0.00011944770812988281
TCAPPDLL 2025-11-27 01:37:06.006736 - Epoch: 0 Iteration: 100  rank : 0  train.loss : 6.918873310089111  train.ips : 177536.67724867724 imgs/s train.total_time : 9.012222290039062e-05
TCAPPDLL 2025-11-27 01:37:06.046630 - Epoch: 0 Iteration: 101  rank : 0  train.loss : 6.972848892211914  train.ips : 169039.959697733 imgs/s train.total_time : 9.465217590332031e-05
TCAPPDLL 2025-11-27 01:37:06.275076 - Epoch: 0 Iteration: 102  rank : 0  train.loss : 6.995022773742676  train.ips : 168615.23618090453 imgs/s train.total_time : 9.489059448242188e-05
TCAPPDLL 2025-11-27 01:37:07.781828 - Epoch: 0 Iteration: 103  rank : 0  train.loss : 7.009343147277832  train.ips : 172074.01025641026 imgs/s train.total_time : 9.298324584960938e-05
TCAPPDLL 2025-11-27 01:37:07.818787 - Epoch: 0 Iteration: 104  rank : 0  train.loss : 6.958381175994873  train.ips : 180400.17204301077 imgs/s train.total_time : 8.869171142578125e-05
TCAPPDLL 2025-11-27 01:37:07.873124 - Epoch: 0 Iteration: 105  rank : 0  train.loss : 7.0873212814331055  train.ips : 65154.23689320388 imgs/s train.total_time : 0.0002455711364746094
TCAPPDLL 2025-11-27 01:37:08.288981 - Epoch: 0 Iteration: 106  rank : 0  train.loss : 6.943798542022705  train.ips : 90933.42005420054 imgs/s train.total_time : 0.00017595291137695312
TCAPPDLL 2025-11-27 01:37:08.592611 - Epoch: 0 Iteration: 107  rank : 0  train.loss : 7.000982284545898  train.ips : 68338.96537678207 imgs/s train.total_time : 0.00023412704467773438
TCAPPDLL 2025-11-27 01:37:08.649353 - Epoch: 0 Iteration: 108  rank : 0  train.loss : 6.9616804122924805  train.ips : 122461.4306569343 imgs/s train.total_time : 0.00013065338134765625
TCAPPDLL 2025-11-27 01:37:08.703259 - Epoch: 0 Iteration: 109  rank : 0  train.loss : 7.069611072540283  train.ips : 71165.28525980913 imgs/s train.total_time : 0.00022482872009277344
TCAPPDLL 2025-11-27 01:37:08.760289 - Epoch: 0 Iteration: 110  rank : 0  train.loss : 6.900149345397949  train.ips : 145888.8347826087 imgs/s train.total_time : 0.00010967254638671875
TCAPPDLL 2025-11-27 01:37:09.238552 - Epoch: 0 Iteration: 111  rank : 0  train.loss : 6.899861812591553  train.ips : 118357.78483245149 imgs/s train.total_time : 0.00013518333435058594
TCAPPDLL 2025-11-27 01:37:09.282465 - Epoch: 0 Iteration: 112  rank : 0  train.loss : 7.082658767700195  train.ips : 89478.48533333333 imgs/s train.total_time : 0.00017881393432617188
TCAPPDLL 2025-11-27 01:37:09.326950 - Epoch: 0 Iteration: 113  rank : 0  train.loss : 6.906974792480469  train.ips : 138654.67768595042 imgs/s train.total_time : 0.00011539459228515625
TCAPPDLL 2025-11-27 01:37:09.404188 - Epoch: 0 Iteration: 114  rank : 0  train.loss : 6.927432060241699  train.ips : 100764.06006006006 imgs/s train.total_time : 0.00015878677368164062
TCAPPDLL 2025-11-27 01:37:10.370823 - Epoch: 0 Iteration: 115  rank : 0  train.loss : 6.965789794921875  train.ips : 88885.91258278146 imgs/s train.total_time : 0.0001800060272216797
TCAPPDLL 2025-11-27 01:37:10.514143 - Epoch: 0 Iteration: 116  rank : 0  train.loss : 6.89324951171875  train.ips : 99273.4674556213 imgs/s train.total_time : 0.00016117095947265625
TCAPPDLL 2025-11-27 01:37:10.576079 - Epoch: 0 Iteration: 117  rank : 0  train.loss : 6.9956488609313965  train.ips : 132626.21343873517 imgs/s train.total_time : 0.00012063980102539062
TCAPPDLL 2025-11-27 01:37:10.633463 - Epoch: 0 Iteration: 118  rank : 0  train.loss : 7.029261589050293  train.ips : 63191.02071563088 imgs/s train.total_time : 0.0002532005310058594
TCAPPDLL 2025-11-27 01:37:10.930852 - Epoch: 0 Iteration: 119  rank : 0  train.loss : 6.9255266189575195  train.ips : 168192.64160401002 imgs/s train.total_time : 9.512901306152344e-05
TCAPPDLL 2025-11-27 01:37:11.091187 - Epoch: 0 Iteration: 120  rank : 0  train.loss : 6.928494930267334  train.ips : 164482.50980392157 imgs/s train.total_time : 9.72747802734375e-05
TCAPPDLL 2025-11-27 01:37:11.137271 - Epoch: 0 Iteration: 121  rank : 0  train.loss : 7.009333610534668  train.ips : 156796.41121495326 imgs/s train.total_time : 0.00010204315185546875
TCAPPDLL 2025-11-27 01:37:11.184670 - Epoch: 0 Iteration: 122  rank : 0  train.loss : 6.89060115814209  train.ips : 127341.29791271347 imgs/s train.total_time : 0.00012564659118652344
TCAPPDLL 2025-11-27 01:37:11.701976 - Epoch: 0 Iteration: 123  rank : 0  train.loss : 6.95009708404541  train.ips : 96420.7816091954 imgs/s train.total_time : 0.0001659393310546875
TCAPPDLL 2025-11-27 01:37:11.769809 - Epoch: 0 Iteration: 124  rank : 0  train.loss : 6.933774471282959  train.ips : 116105.30103806229 imgs/s train.total_time : 0.00013780593872070312
TCAPPDLL 2025-11-27 01:37:11.817612 - Epoch: 0 Iteration: 125  rank : 0  train.loss : 6.870621681213379  train.ips : 161319.38461538462 imgs/s train.total_time : 9.918212890625e-05
TCAPPDLL 2025-11-27 01:37:11.870203 - Epoch: 0 Iteration: 126  rank : 0  train.loss : 6.97086238861084  train.ips : 153919.4128440367 imgs/s train.total_time : 0.00010395050048828125
TCAPPDLL 2025-11-27 01:37:12.494675 - Epoch: 0 Iteration: 127  rank : 0  train.loss : 6.929801940917969  train.ips : 96282.44476327117 imgs/s train.total_time : 0.00016617774963378906
TCAPPDLL 2025-11-27 01:37:12.556093 - Epoch: 0 Iteration: 128  rank : 0  train.loss : 6.931806564331055  train.ips : 129304.16955684008 imgs/s train.total_time : 0.00012373924255371094
TCAPPDLL 2025-11-27 01:37:12.607452 - Epoch: 0 Iteration: 129  rank : 0  train.loss : 6.938577651977539  train.ips : 141579.88185654007 imgs/s train.total_time : 0.00011301040649414062
TCAPPDLL 2025-11-27 01:37:12.655605 - Epoch: 0 Iteration: 130  rank : 0  train.loss : 6.938750743865967  train.ips : 119198.69271758437 imgs/s train.total_time : 0.0001342296600341797
TCAPPDLL 2025-11-27 01:37:13.716355 - Epoch: 0 Iteration: 131  rank : 0  train.loss : 7.020343780517578  train.ips : 80562.8619447779 imgs/s train.total_time : 0.00019860267639160156
TCAPPDLL 2025-11-27 01:37:13.784696 - Epoch: 0 Iteration: 132  rank : 0  train.loss : 6.943380355834961  train.ips : 120266.78136200717 imgs/s train.total_time : 0.00013303756713867188
TCAPPDLL 2025-11-27 01:37:13.841133 - Epoch: 0 Iteration: 133  rank : 0  train.loss : 6.986741065979004  train.ips : 116711.06782608696 imgs/s train.total_time : 0.00013709068298339844
TCAPPDLL 2025-11-27 01:37:13.896646 - Epoch: 0 Iteration: 134  rank : 0  train.loss : 6.969766616821289  train.ips : 222214.78145695364 imgs/s train.total_time : 7.200241088867188e-05
TCAPPDLL 2025-11-27 01:37:14.523199 - Epoch: 0 Iteration: 135  rank : 0  train.loss : 7.015059947967529  train.ips : 98544.58737151248 imgs/s train.total_time : 0.00016236305236816406
TCAPPDLL 2025-11-27 01:37:14.573373 - Epoch: 0 Iteration: 136  rank : 0  train.loss : 6.89158821105957  train.ips : 170760.46819338424 imgs/s train.total_time : 9.369850158691406e-05
TCAPPDLL 2025-11-27 01:37:14.624916 - Epoch: 0 Iteration: 137  rank : 0  train.loss : 6.964137077331543  train.ips : 143089.26226012793 imgs/s train.total_time : 0.00011181831359863281
TCAPPDLL 2025-11-27 01:37:14.675650 - Epoch: 0 Iteration: 138  rank : 0  train.loss : 6.836915016174316  train.ips : 132626.21343873517 imgs/s train.total_time : 0.00012063980102539062
TCAPPDLL 2025-11-27 01:37:15.038508 - Epoch: 0 Iteration: 139  rank : 0  train.loss : 6.9094953536987305  train.ips : 90687.65405405406 imgs/s train.total_time : 0.00017642974853515625
TCAPPDLL 2025-11-27 01:37:15.092765 - Epoch: 0 Iteration: 140  rank : 0  train.loss : 6.946381092071533  train.ips : 120051.63506261181 imgs/s train.total_time : 0.00013327598571777344
TCAPPDLL 2025-11-27 01:37:15.139977 - Epoch: 0 Iteration: 141  rank : 0  train.loss : 6.938405990600586  train.ips : 116711.06782608696 imgs/s train.total_time : 0.00013709068298339844
TCAPPDLL 2025-11-27 01:37:15.184783 - Epoch: 0 Iteration: 142  rank : 0  train.loss : 6.868425369262695  train.ips : 111662.00332778702 imgs/s train.total_time : 0.00014328956604003906
TCAPPDLL 2025-11-27 01:37:16.156970 - Epoch: 0 Iteration: 143  rank : 0  train.loss : 6.930155277252197  train.ips : 75234.15246636771 imgs/s train.total_time : 0.00021266937255859375
TCAPPDLL 2025-11-27 01:37:16.219435 - Epoch: 0 Iteration: 144  rank : 0  train.loss : 7.004794120788574  train.ips : 120699.39568345324 imgs/s train.total_time : 0.00013256072998046875
TCAPPDLL 2025-11-27 01:37:16.278817 - Epoch: 0 Iteration: 145  rank : 0  train.loss : 6.945273399353027  train.ips : 114130.72108843537 imgs/s train.total_time : 0.00014019012451171875
TCAPPDLL 2025-11-27 01:37:16.331339 - Epoch: 0 Iteration: 146  rank : 0  train.loss : 6.998590469360352  train.ips : 116914.39721254355 imgs/s train.total_time : 0.00013685226440429688
TCAPPDLL 2025-11-27 01:37:16.579439 - Epoch: 0 Iteration: 147  rank : 0  train.loss : 7.068057060241699  train.ips : 151146.0900900901 imgs/s train.total_time : 0.00010585784912109375
TCAPPDLL 2025-11-27 01:37:16.683469 - Epoch: 0 Iteration: 148  rank : 0  train.loss : 6.997689723968506  train.ips : 112598.76510067114 imgs/s train.total_time : 0.00014209747314453125
TCAPPDLL 2025-11-27 01:37:16.746443 - Epoch: 0 Iteration: 149  rank : 0  train.loss : 7.0555853843688965  train.ips : 130561.99221789883 imgs/s train.total_time : 0.00012254714965820312
TCAPPDLL 2025-11-27 01:37:16.793013 - Epoch: 0 Iteration: 150  rank : 0  train.loss : 6.938571929931641  train.ips : 154273.25057471264 imgs/s train.total_time : 0.00010371208190917969
TCAPPDLL 2025-11-27 01:37:17.194178 - Epoch: 0 Iteration: 151  rank : 0  train.loss : 6.912031173706055  train.ips : 92056.05486968449 imgs/s train.total_time : 0.00017380714416503906
TCAPPDLL 2025-11-27 01:37:17.355647 - Epoch: 0 Iteration: 152  rank : 0  train.loss : 6.99696159362793  train.ips : 95733.04422253923 imgs/s train.total_time : 0.0001671314239501953
TCAPPDLL 2025-11-27 01:37:17.399980 - Epoch: 0 Iteration: 153  rank : 0  train.loss : 7.065286636352539  train.ips : 142481.6645435244 imgs/s train.total_time : 0.00011229515075683594
TCAPPDLL 2025-11-27 01:37:17.441952 - Epoch: 0 Iteration: 154  rank : 0  train.loss : 7.029376983642578  train.ips : 139230.0082987552 imgs/s train.total_time : 0.00011491775512695312
TCAPPDLL 2025-11-27 01:37:17.804010 - Epoch: 0 Iteration: 155  rank : 0  train.loss : 6.995769500732422  train.ips : 153216.58447488584 imgs/s train.total_time : 0.00010442733764648438
TCAPPDLL 2025-11-27 01:37:17.848819 - Epoch: 0 Iteration: 156  rank : 0  train.loss : 6.918074607849121  train.ips : 93206.75555555556 imgs/s train.total_time : 0.000171661376953125
TCAPPDLL 2025-11-27 01:37:17.892997 - Epoch: 0 Iteration: 157  rank : 0  train.loss : 6.943502426147461  train.ips : 145572.37310195228 imgs/s train.total_time : 0.00010991096496582031
TCAPPDLL 2025-11-27 01:37:17.938186 - Epoch: 0 Iteration: 158  rank : 0  train.loss : 6.91230583190918  train.ips : 131072.0 imgs/s train.total_time : 0.0001220703125
TCAPPDLL 2025-11-27 01:37:19.096703 - Epoch: 0 Iteration: 159  rank : 0  train.loss : 6.909053802490234  train.ips : 96006.95851216023 imgs/s train.total_time : 0.0001666545867919922
TCAPPDLL 2025-11-27 01:37:19.150622 - Epoch: 0 Iteration: 160  rank : 0  train.loss : 6.909092903137207  train.ips : 125907.81238273921 imgs/s train.total_time : 0.0001270771026611328
TCAPPDLL 2025-11-27 01:37:19.204439 - Epoch: 0 Iteration: 161  rank : 0  train.loss : 6.862060546875  train.ips : 133152.50793650793 imgs/s train.total_time : 0.0001201629638671875
TCAPPDLL 2025-11-27 01:37:19.257154 - Epoch: 0 Iteration: 162  rank : 0  train.loss : 6.898396015167236  train.ips : 132626.21343873517 imgs/s train.total_time : 0.00012063980102539062
TCAPPDLL 2025-11-27 01:37:20.046611 - Epoch: 0 Iteration: 163  rank : 0  train.loss : 6.958345413208008  train.ips : 169039.959697733 imgs/s train.total_time : 9.465217590332031e-05
TCAPPDLL 2025-11-27 01:37:20.099070 - Epoch: 0 Iteration: 164  rank : 0  train.loss : 6.823873996734619  train.ips : 157903.2094117647 imgs/s train.total_time : 0.00010132789611816406
TCAPPDLL 2025-11-27 01:37:20.144573 - Epoch: 0 Iteration: 165  rank : 0  train.loss : 6.986176490783691  train.ips : 119410.79003558718 imgs/s train.total_time : 0.00013399124145507812
TCAPPDLL 2025-11-27 01:37:20.187921 - Epoch: 0 Iteration: 166  rank : 0  train.loss : 6.999543190002441  train.ips : 164886.64373464373 imgs/s train.total_time : 9.703636169433594e-05
