--------------+------------------------------------------------
 Host IP      | 10.244.49.175
 PyTorch      | 2.4.0a0+git4451b0e
 Torch-SDAA   | 20250616.14.30.dev0+git35328dc
--------------+------------------------------------------------
 SDAA Driver  | 2.1.0 (N/A)
 SDAA Runtime | 2.1.0 (/opt/tecoai/lib64/libsdaart.so)
 SDPTI        | 1.4.0b0 (/opt/tecoai/lib64/libsdpti.so)
 TecoDNN      | 2.2.0b0 (/opt/tecoai/lib64/libtecodnn.so)
 TecoBLAS     | 2.2.0b0 (/opt/tecoai/lib64/libtecoblas.so)
 CustomDNN    | 1.20.0a0 (/opt/tecoai/lib64/libtecodnn_ext.so)
 TecoRAND     | 2.0.1 (/opt/tecoai/lib64/libtecorand.so)
 TCCL         | 1.23.0 (/opt/tecoai/lib64/libtccl.so)
--------------+------------------------------------------------
/root/miniconda3/envs/czn/lib/python3.10/site-packages/torch/distributed/launch.py:208: FutureWarning: The module torch.distributed.launch is deprecated
and will be removed in future. Use torchrun.
Note that --use-env is set by default in torchrun.
If your script expects `--local-rank` argument to be set, please
change it to read from `os.environ['LOCAL_RANK']` instead. See 
https://pytorch.org/docs/stable/distributed.html#launch-utility for 
further instructions

  main()
W0727 14:32:53.689000 139952261932864 torch/distributed/run.py:779] 
W0727 14:32:53.689000 139952261932864 torch/distributed/run.py:779] *****************************************
W0727 14:32:53.689000 139952261932864 torch/distributed/run.py:779] Setting OMP_NUM_THREADS environment variable for each process to be 1 in default, to avoid your system being overloaded, please further tune the variable for optimal performance in your application as needed. 
W0727 14:32:53.689000 139952261932864 torch/distributed/run.py:779] *****************************************
--------------+------------------------------------------------
 Host IP      | 10.244.49.175
 PyTorch      | 2.4.0a0+git4451b0e
 Torch-SDAA   | 20250616.14.30.dev0+git35328dc
--------------+------------------------------------------------
 SDAA Driver  | 2.1.0 (N/A)
 SDAA Runtime | 2.1.0 (/opt/tecoai/lib64/libsdaart.so)
 SDPTI        | 1.4.0b0 (/opt/tecoai/lib64/libsdpti.so)
 TecoDNN      | 2.2.0b0 (/opt/tecoai/lib64/libtecodnn.so)
 TecoBLAS     | 2.2.0b0 (/opt/tecoai/lib64/libtecoblas.so)
 CustomDNN    | 1.20.0a0 (/opt/tecoai/lib64/libtecodnn_ext.so)
 TecoRAND     | 2.0.1 (/opt/tecoai/lib64/libtecorand.so)
 TCCL         | 1.23.0 (/opt/tecoai/lib64/libtccl.so)
--------------+------------------------------------------------
--------------+------------------------------------------------
 Host IP      | 10.244.49.175
 PyTorch      | 2.4.0a0+git4451b0e
 Torch-SDAA   | 20250616.14.30.dev0+git35328dc
--------------+------------------------------------------------
 SDAA Driver  | 2.1.0 (N/A)
 SDAA Runtime | 2.1.0 (/opt/tecoai/lib64/libsdaart.so)
 SDPTI        | 1.4.0b0 (/opt/tecoai/lib64/libsdpti.so)
 TecoDNN      | 2.2.0b0 (/opt/tecoai/lib64/libtecodnn.so)
 TecoBLAS     | 2.2.0b0 (/opt/tecoai/lib64/libtecoblas.so)
 CustomDNN    | 1.20.0a0 (/opt/tecoai/lib64/libtecodnn_ext.so)
 TecoRAND     | 2.0.1 (/opt/tecoai/lib64/libtecorand.so)
 TCCL         | 1.23.0 (/opt/tecoai/lib64/libtccl.so)
--------------+------------------------------------------------
--------------+------------------------------------------------
 Host IP      | 10.244.49.175
 PyTorch      | 2.4.0a0+git4451b0e
 Torch-SDAA   | 20250616.14.30.dev0+git35328dc
--------------+------------------------------------------------
 SDAA Driver  | 2.1.0 (N/A)
 SDAA Runtime | 2.1.0 (/opt/tecoai/lib64/libsdaart.so)
 SDPTI        | 1.4.0b0 (/opt/tecoai/lib64/libsdpti.so)
 TecoDNN      | 2.2.0b0 (/opt/tecoai/lib64/libtecodnn.so)
 TecoBLAS     | 2.2.0b0 (/opt/tecoai/lib64/libtecoblas.so)
 CustomDNN    | 1.20.0a0 (/opt/tecoai/lib64/libtecodnn_ext.so)
 TecoRAND     | 2.0.1 (/opt/tecoai/lib64/libtecorand.so)
 TCCL         | 1.23.0 (/opt/tecoai/lib64/libtccl.so)
--------------+------------------------------------------------
--------------+------------------------------------------------
 Host IP      | 10.244.49.175
 PyTorch      | 2.4.0a0+git4451b0e
 Torch-SDAA   | 20250616.14.30.dev0+git35328dc
--------------+------------------------------------------------
 SDAA Driver  | 2.1.0 (N/A)
 SDAA Runtime | 2.1.0 (/opt/tecoai/lib64/libsdaart.so)
 SDPTI        | 1.4.0b0 (/opt/tecoai/lib64/libsdpti.so)
 TecoDNN      | 2.2.0b0 (/opt/tecoai/lib64/libtecodnn.so)
 TecoBLAS     | 2.2.0b0 (/opt/tecoai/lib64/libtecoblas.so)
 CustomDNN    | 1.20.0a0 (/opt/tecoai/lib64/libtecodnn_ext.so)
 TecoRAND     | 2.0.1 (/opt/tecoai/lib64/libtecorand.so)
 TCCL         | 1.23.0 (/opt/tecoai/lib64/libtccl.so)
--------------+------------------------------------------------
/data/suda-data/xqf/mmengine_sdaa/mmengine/optim/optimizer/zero_optimizer.py:11: DeprecationWarning: `TorchScript` support for functional optimizers is deprecated and will be removed in a future PyTorch release. Consider using the `torch.compile` optimizer instead.
  from torch.distributed.optim import \
/data/suda-data/xqf/mmengine_sdaa/mmengine/optim/optimizer/zero_optimizer.py:11: DeprecationWarning: `TorchScript` support for functional optimizers is deprecated and will be removed in a future PyTorch release. Consider using the `torch.compile` optimizer instead.
  from torch.distributed.optim import \
/data/suda-data/xqf/mmengine_sdaa/mmengine/optim/optimizer/zero_optimizer.py:11: DeprecationWarning: `TorchScript` support for functional optimizers is deprecated and will be removed in a future PyTorch release. Consider using the `torch.compile` optimizer instead.
  from torch.distributed.optim import \
/data/suda-data/xqf/mmengine_sdaa/mmengine/optim/optimizer/zero_optimizer.py:11: DeprecationWarning: `TorchScript` support for functional optimizers is deprecated and will be removed in a future PyTorch release. Consider using the `torch.compile` optimizer instead.
  from torch.distributed.optim import \
/data/suda-data/xqf/mmengine_sdaa/mmengine/utils/dl_utils/setup_env.py:56: UserWarning: Setting MKL_NUM_THREADS environment variable for each process to be 1 in default, to avoid your system being overloaded, please further tune the variable for optimal performance in your application as needed.
  warnings.warn(
/data/suda-data/xqf/mmengine_sdaa/mmengine/utils/dl_utils/setup_env.py:56: UserWarning: Setting MKL_NUM_THREADS environment variable for each process to be 1 in default, to avoid your system being overloaded, please further tune the variable for optimal performance in your application as needed.
  warnings.warn(
/data/suda-data/xqf/mmengine_sdaa/mmengine/utils/dl_utils/setup_env.py:56: UserWarning: Setting MKL_NUM_THREADS environment variable for each process to be 1 in default, to avoid your system being overloaded, please further tune the variable for optimal performance in your application as needed.
  warnings.warn(
/data/suda-data/xqf/mmengine_sdaa/mmengine/utils/dl_utils/setup_env.py:56: UserWarning: Setting MKL_NUM_THREADS environment variable for each process to be 1 in default, to avoid your system being overloaded, please further tune the variable for optimal performance in your application as needed.
  warnings.warn(
07/27 14:33:01 - mmengine - INFO - 
------------------------------------------------------------
System environment:
    sys.platform: linux
    Python: 3.10.16 (main, Dec 11 2024, 16:24:50) [GCC 11.2.0]
    CUDA available: True
    MUSA available: False
    numpy_random_seed: 304
    GPU 0: /dev/tcaicard24
    GPU 1: /dev/tcaicard25
    GPU 2: /dev/tcaicard26
    GPU 3: /dev/tcaicard27
    CUDA_HOME: None
    GCC: gcc (Ubuntu 11.4.0-1ubuntu1~22.04) 11.4.0
    PyTorch: 2.4.0a0+git4451b0e
    PyTorch compiling details: PyTorch built with:
  - GCC 11.5
  - C++ Version: 201703
  - Intel(R) oneAPI Math Kernel Library Version 2025.0-Product Build 20241009 for Intel(R) 64 architecture applications
  - Intel(R) MKL-DNN v3.4.2 (Git Hash 1137e04ec0b5251ca2b4400a4fd3c667ce843d67)
  - OpenMP 201511 (a.k.a. OpenMP 4.5)
  - LAPACK is enabled (usually provided by MKL)
  - NNPACK is enabled
  - CPU capability usage: AVX512
  - Build settings: BLAS_INFO=mkl, BUILD_TYPE=Release, CXX_COMPILER=/usr/bin/g++, CXX_FLAGS= -D_GLIBCXX_USE_CXX11_ABI=1 -fvisibility-inlines-hidden -DUSE_PTHREADPOOL -DNDEBUG -DUSE_KINETO -DLIBKINETO_NOCUPTI -DLIBKINETO_NOROCTRACER -DUSE_FBGEMM -DUSE_PYTORCH_QNNPACK -DUSE_XNNPACK -DSYMBOLICATE_MOBILE_DEBUG_HANDLE -O2 -fPIC -Wall -Wextra -Werror=return-type -Werror=non-virtual-dtor -Werror=range-loop-construct -Werror=bool-operation -Wnarrowing -Wno-missing-field-initializers -Wno-type-limits -Wno-array-bounds -Wno-unknown-pragmas -Wno-unused-parameter -Wno-unused-function -Wno-unused-result -Wno-strict-overflow -Wno-strict-aliasing -Wno-stringop-overflow -Wsuggest-override -Wno-psabi -Wno-error=pedantic -Wno-error=old-style-cast -Wno-missing-braces -fdiagnostics-color=always -faligned-new -Wno-unused-but-set-variable -Wno-maybe-uninitialized -fno-math-errno -fno-trapping-math -Werror=format -Wno-stringop-overflow, FORCE_FALLBACK_CUDA_MPI=1, LAPACK_INFO=mkl, PERF_WITH_AVX=1, PERF_WITH_AVX2=1, PERF_WITH_AVX512=1, TORCH_VERSION=2.4.0, USE_CUDA=OFF, USE_CUDNN=OFF, USE_CUSPARSELT=OFF, USE_EXCEPTION_PTR=1, USE_GFLAGS=OFF, USE_GLOG=OFF, USE_GLOO=ON, USE_MKL=ON, USE_MKLDNN=1, USE_MPI=ON, USE_NCCL=OFF, USE_NNPACK=ON, USE_OPENMP=ON, USE_ROCM=OFF, USE_ROCM_KERNEL_ASSERT=OFF, 

    TorchVision: 0.15.1a0+42759b1
    OpenCV: 4.7.0
    MMEngine: 0.10.4

Runtime environment:
    cudnn_benchmark: True
    mp_cfg: {'mp_start_method': 'fork', 'opencv_num_threads': 0}
    dist_cfg: {'backend': 'tccl'}
    seed: 304
    Distributed launcher: pytorch
    Distributed training: True
    GPU number: 4
------------------------------------------------------------

07/27 14:33:01 - mmengine - INFO - Config:
checkpoint = 'https://download.openmmlab.com/mmsegmentation/v0.5/ddrnet/pretrain/ddrnet23s-in1kpre_3rdparty-1ccac5b1.pth'
class_weight = [
    0.8373,
    0.918,
    0.866,
    1.0345,
    1.0166,
    0.9969,
    0.9754,
    1.0489,
    0.8786,
    1.0023,
    0.9539,
    0.9843,
    1.1116,
    0.9037,
    1.0865,
    1.0955,
    1.0865,
    1.1529,
    1.0507,
]
crop_size = (
    1024,
    1024,
)
data_preprocessor = dict(
    bgr_to_rgb=True,
    mean=[
        123.675,
        116.28,
        103.53,
    ],
    pad_val=0,
    seg_pad_val=255,
    size=(
        1024,
        1024,
    ),
    std=[
        58.395,
        57.12,
        57.375,
    ],
    type='SegDataPreProcessor')
data_root = '/data/teco-data/Cityscapes/'
dataset_type = 'CityscapesDataset'
default_hooks = dict(
    checkpoint=dict(by_epoch=False, interval=12000, type='CheckpointHook'),
    logger=dict(interval=50, log_metric_by_epoch=False, type='LoggerHook'),
    param_scheduler=dict(type='ParamSchedulerHook'),
    sampler_seed=dict(type='DistSamplerSeedHook'),
    timer=dict(type='IterTimerHook'),
    visualization=dict(type='SegVisualizationHook'))
default_scope = 'mmseg'
env_cfg = dict(
    cudnn_benchmark=True,
    dist_cfg=dict(backend='nccl'),
    mp_cfg=dict(mp_start_method='fork', opencv_num_threads=0))
img_ratios = [
    0.5,
    0.75,
    1.0,
    1.25,
    1.5,
    1.75,
]
iters = 120000
launcher = 'pytorch'
load_from = None
log_level = 'INFO'
log_processor = dict(by_epoch=False)
model = dict(
    backbone=dict(
        align_corners=False,
        channels=32,
        in_channels=3,
        init_cfg=dict(
            checkpoint=
            'https://download.openmmlab.com/mmsegmentation/v0.5/ddrnet/pretrain/ddrnet23s-in1kpre_3rdparty-1ccac5b1.pth',
            type='Pretrained'),
        norm_cfg=dict(requires_grad=True, type='SyncBN'),
        ppm_channels=128,
        type='DDRNet'),
    data_preprocessor=dict(
        bgr_to_rgb=True,
        mean=[
            123.675,
            116.28,
            103.53,
        ],
        pad_val=0,
        seg_pad_val=255,
        size=(
            1024,
            1024,
        ),
        std=[
            58.395,
            57.12,
            57.375,
        ],
        type='SegDataPreProcessor'),
    decode_head=dict(
        align_corners=False,
        channels=64,
        dropout_ratio=0.0,
        in_channels=128,
        loss_decode=[
            dict(
                class_weight=[
                    0.8373,
                    0.918,
                    0.866,
                    1.0345,
                    1.0166,
                    0.9969,
                    0.9754,
                    1.0489,
                    0.8786,
                    1.0023,
                    0.9539,
                    0.9843,
                    1.1116,
                    0.9037,
                    1.0865,
                    1.0955,
                    1.0865,
                    1.1529,
                    1.0507,
                ],
                loss_weight=1.0,
                min_kept=131072,
                thres=0.9,
                type='OhemCrossEntropy'),
            dict(
                class_weight=[
                    0.8373,
                    0.918,
                    0.866,
                    1.0345,
                    1.0166,
                    0.9969,
                    0.9754,
                    1.0489,
                    0.8786,
                    1.0023,
                    0.9539,
                    0.9843,
                    1.1116,
                    0.9037,
                    1.0865,
                    1.0955,
                    1.0865,
                    1.1529,
                    1.0507,
                ],
                loss_weight=0.4,
                min_kept=131072,
                thres=0.9,
                type='OhemCrossEntropy'),
        ],
        norm_cfg=dict(requires_grad=True, type='SyncBN'),
        num_classes=19,
        type='DDRHead'),
    test_cfg=dict(mode='whole'),
    train_cfg=dict(),
    type='EncoderDecoder')
norm_cfg = dict(requires_grad=True, type='SyncBN')
optim_wrapper = dict(
    clip_grad=None,
    loss_scale='dynamic',
    optimizer=dict(lr=0.01, momentum=0.9, type='SGD', weight_decay=0.0005),
    type='AmpOptimWrapper')
optimizer = dict(lr=0.01, momentum=0.9, type='SGD', weight_decay=0.0005)
param_scheduler = [
    dict(
        begin=0,
        by_epoch=False,
        end=120000,
        eta_min=0,
        power=0.9,
        type='PolyLR'),
]
randomness = dict(seed=304)
resume = False
test_cfg = dict(type='TestLoop')
test_dataloader = dict(
    batch_size=1,
    dataset=dict(
        data_prefix=dict(
            img_path='leftImg8bit/val', seg_map_path='gtFine/val'),
        data_root='/data/teco-data/Cityscapes/',
        pipeline=[
            dict(type='LoadImageFromFile'),
            dict(keep_ratio=True, scale=(
                2048,
                1024,
            ), type='Resize'),
            dict(type='LoadAnnotations'),
            dict(type='PackSegInputs'),
        ],
        type='CityscapesDataset'),
    num_workers=4,
    sampler=dict(shuffle=False, type='DefaultSampler'))
test_evaluator = dict(
    iou_metrics=[
        'mIoU',
    ], type='IoUMetric')
test_pipeline = [
    dict(type='LoadImageFromFile'),
    dict(keep_ratio=True, scale=(
        2048,
        1024,
    ), type='Resize'),
    dict(type='LoadAnnotations'),
    dict(type='PackSegInputs'),
]
train_cfg = dict(
    max_iters=120000, type='IterBasedTrainLoop', val_interval=12000)
train_dataloader = dict(
    batch_size=6,
    dataset=dict(
        data_prefix=dict(
            img_path='leftImg8bit/train', seg_map_path='gtFine/train'),
        data_root='/data/teco-data/Cityscapes/',
        pipeline=[
            dict(type='LoadImageFromFile'),
            dict(type='LoadAnnotations'),
            dict(
                keep_ratio=True,
                ratio_range=(
                    0.5,
                    2.0,
                ),
                scale=(
                    2048,
                    1024,
                ),
                type='RandomResize'),
            dict(
                cat_max_ratio=0.75,
                crop_size=(
                    1024,
                    1024,
                ),
                type='RandomCrop'),
            dict(prob=0.5, type='RandomFlip'),
            dict(type='PhotoMetricDistortion'),
            dict(type='PackSegInputs'),
        ],
        type='CityscapesDataset'),
    num_workers=4,
    sampler=dict(shuffle=True, type='InfiniteSampler'))
train_pipeline = [
    dict(type='LoadImageFromFile'),
    dict(type='LoadAnnotations'),
    dict(
        keep_ratio=True,
        ratio_range=(
            0.5,
            2.0,
        ),
        scale=(
            2048,
            1024,
        ),
        type='RandomResize'),
    dict(cat_max_ratio=0.75, crop_size=(
        1024,
        1024,
    ), type='RandomCrop'),
    dict(prob=0.5, type='RandomFlip'),
    dict(type='PhotoMetricDistortion'),
    dict(type='PackSegInputs'),
]
tta_model = dict(type='SegTTAModel')
tta_pipeline = [
    dict(backend_args=None, type='LoadImageFromFile'),
    dict(
        transforms=[
            [
                dict(keep_ratio=True, scale_factor=0.5, type='Resize'),
                dict(keep_ratio=True, scale_factor=0.75, type='Resize'),
                dict(keep_ratio=True, scale_factor=1.0, type='Resize'),
                dict(keep_ratio=True, scale_factor=1.25, type='Resize'),
                dict(keep_ratio=True, scale_factor=1.5, type='Resize'),
                dict(keep_ratio=True, scale_factor=1.75, type='Resize'),
            ],
            [
                dict(direction='horizontal', prob=0.0, type='RandomFlip'),
                dict(direction='horizontal', prob=1.0, type='RandomFlip'),
            ],
            [
                dict(type='LoadAnnotations'),
            ],
            [
                dict(type='PackSegInputs'),
            ],
        ],
        type='TestTimeAug'),
]
val_cfg = dict(type='ValLoop')
val_dataloader = dict(
    batch_size=1,
    dataset=dict(
        data_prefix=dict(
            img_path='leftImg8bit/val', seg_map_path='gtFine/val'),
        data_root='/data/teco-data/Cityscapes/',
        pipeline=[
            dict(type='LoadImageFromFile'),
            dict(keep_ratio=True, scale=(
                2048,
                1024,
            ), type='Resize'),
            dict(type='LoadAnnotations'),
            dict(type='PackSegInputs'),
        ],
        type='CityscapesDataset'),
    num_workers=4,
    sampler=dict(shuffle=False, type='DefaultSampler'))
val_evaluator = dict(
    iou_metrics=[
        'mIoU',
    ], type='IoUMetric')
vis_backends = [
    dict(type='LocalVisBackend'),
]
visualizer = dict(
    name='visualizer',
    type='SegLocalVisualizer',
    vis_backends=[
        dict(type='LocalVisBackend'),
    ])
work_dir = './work_dirs/ddrnet_23-slim_in1k-pre_2xb6-120k_cityscapes-1024x1024'

/data/suda-data/xqf/mmsegmentation-main/mmseg/engine/hooks/visualization_hook.py:60: UserWarning: The draw is False, it means that the hook for visualization will not take effect. The results will NOT be visualized or stored.
  warnings.warn('The draw is False, it means that the '
/data/suda-data/xqf/mmsegmentation-main/mmseg/engine/hooks/visualization_hook.py:60: UserWarning: The draw is False, it means that the hook for visualization will not take effect. The results will NOT be visualized or stored.
  warnings.warn('The draw is False, it means that the '
/data/suda-data/xqf/mmsegmentation-main/mmseg/engine/hooks/visualization_hook.py:60: UserWarning: The draw is False, it means that the hook for visualization will not take effect. The results will NOT be visualized or stored.
  warnings.warn('The draw is False, it means that the '
07/27 14:33:03 - mmengine - INFO - Hooks will be executed in the following order:
before_run:
(VERY_HIGH   ) RuntimeInfoHook                    
(BELOW_NORMAL) LoggerHook                         
 -------------------- 
before_train:
(VERY_HIGH   ) RuntimeInfoHook                    
(NORMAL      ) IterTimerHook                      
(VERY_LOW    ) CheckpointHook                     
 -------------------- 
before_train_epoch:
(VERY_HIGH   ) RuntimeInfoHook                    
(NORMAL      ) IterTimerHook                      
(NORMAL      ) DistSamplerSeedHook                
 -------------------- 
before_train_iter:
(VERY_HIGH   ) RuntimeInfoHook                    
(NORMAL      ) IterTimerHook                      
 -------------------- 
after_train_iter:
(VERY_HIGH   ) RuntimeInfoHook                    
(NORMAL      ) IterTimerHook                      
(BELOW_NORMAL) LoggerHook                         
(LOW         ) ParamSchedulerHook                 
(VERY_LOW    ) CheckpointHook                     
 -------------------- 
after_train_epoch:
(NORMAL      ) IterTimerHook                      
(LOW         ) ParamSchedulerHook                 
(VERY_LOW    ) CheckpointHook                     
 -------------------- 
before_val:
(VERY_HIGH   ) RuntimeInfoHook                    
 -------------------- 
before_val_epoch:
(NORMAL      ) IterTimerHook                      
 -------------------- 
before_val_iter:
(NORMAL      ) IterTimerHook                      
 -------------------- 
after_val_iter:
(NORMAL      ) IterTimerHook                      
(NORMAL      ) SegVisualizationHook               
(BELOW_NORMAL) LoggerHook                         
 -------------------- 
after_val_epoch:
(VERY_HIGH   ) RuntimeInfoHook                    
(NORMAL      ) IterTimerHook                      
(BELOW_NORMAL) LoggerHook                         
(LOW         ) ParamSchedulerHook                 
(VERY_LOW    ) CheckpointHook                     
 -------------------- 
after_val:
(VERY_HIGH   ) RuntimeInfoHook                    
 -------------------- 
after_train:
(VERY_HIGH   ) RuntimeInfoHook                    
(VERY_LOW    ) CheckpointHook                     
 -------------------- 
before_test:
(VERY_HIGH   ) RuntimeInfoHook                    
 -------------------- 
before_test_epoch:
(NORMAL      ) IterTimerHook                      
 -------------------- 
before_test_iter:
(NORMAL      ) IterTimerHook                      
 -------------------- 
after_test_iter:
(NORMAL      ) IterTimerHook                      
(NORMAL      ) SegVisualizationHook               
(BELOW_NORMAL) LoggerHook                         
 -------------------- 
after_test_epoch:
(VERY_HIGH   ) RuntimeInfoHook                    
(NORMAL      ) IterTimerHook                      
(BELOW_NORMAL) LoggerHook                         
 -------------------- 
after_test:
(VERY_HIGH   ) RuntimeInfoHook                    
 -------------------- 
after_run:
(BELOW_NORMAL) LoggerHook                         
 -------------------- 
/data/suda-data/xqf/mmsegmentation-main/mmseg/engine/hooks/visualization_hook.py:60: UserWarning: The draw is False, it means that the hook for visualization will not take effect. The results will NOT be visualized or stored.
  warnings.warn('The draw is False, it means that the '
07/27 14:33:04 - mmengine - WARNING - The prefix is not set in metric class IoUMetric.
07/27 14:33:06 - mmengine - INFO - load model from: https://download.openmmlab.com/mmsegmentation/v0.5/ddrnet/pretrain/ddrnet23s-in1kpre_3rdparty-1ccac5b1.pth
07/27 14:33:06 - mmengine - INFO - Loads checkpoint by http backend from path: https://download.openmmlab.com/mmsegmentation/v0.5/ddrnet/pretrain/ddrnet23s-in1kpre_3rdparty-1ccac5b1.pth
07/27 14:33:06 - mmengine - WARNING - The model and loaded state dict do not match exactly

missing keys in source state_dict: spp.scales.0.conv.weight, spp.scales.0.bn.weight, spp.scales.0.bn.bias, spp.scales.0.bn.running_mean, spp.scales.0.bn.running_var, spp.scales.1.1.conv.weight, spp.scales.1.1.bn.weight, spp.scales.1.1.bn.bias, spp.scales.1.1.bn.running_mean, spp.scales.1.1.bn.running_var, spp.scales.2.1.conv.weight, spp.scales.2.1.bn.weight, spp.scales.2.1.bn.bias, spp.scales.2.1.bn.running_mean, spp.scales.2.1.bn.running_var, spp.scales.3.1.conv.weight, spp.scales.3.1.bn.weight, spp.scales.3.1.bn.bias, spp.scales.3.1.bn.running_mean, spp.scales.3.1.bn.running_var, spp.scales.4.1.conv.weight, spp.scales.4.1.bn.weight, spp.scales.4.1.bn.bias, spp.scales.4.1.bn.running_mean, spp.scales.4.1.bn.running_var, spp.processes.0.conv.weight, spp.processes.0.bn.weight, spp.processes.0.bn.bias, spp.processes.0.bn.running_mean, spp.processes.0.bn.running_var, spp.processes.1.conv.weight, spp.processes.1.bn.weight, spp.processes.1.bn.bias, spp.processes.1.bn.running_mean, spp.processes.1.bn.running_var, spp.processes.2.conv.weight, spp.processes.2.bn.weight, spp.processes.2.bn.bias, spp.processes.2.bn.running_mean, spp.processes.2.bn.running_var, spp.processes.3.conv.weight, spp.processes.3.bn.weight, spp.processes.3.bn.bias, spp.processes.3.bn.running_mean, spp.processes.3.bn.running_var, spp.compression.conv.weight, spp.compression.bn.weight, spp.compression.bn.bias, spp.compression.bn.running_mean, spp.compression.bn.running_var, spp.shortcut.conv.weight, spp.shortcut.bn.weight, spp.shortcut.bn.bias, spp.shortcut.bn.running_mean, spp.shortcut.bn.running_var

07/27 14:33:07 - mmengine - WARNING - "FileClient" will be deprecated in future. Please use io functions in https://mmengine.readthedocs.io/en/latest/api/fileio.html#file-io
07/27 14:33:07 - mmengine - WARNING - "HardDiskBackend" is the alias of "LocalBackend" and the former will be deprecated in future.
07/27 14:33:07 - mmengine - INFO - Checkpoints will be saved to /data/suda-data/xqf/mmsegmentation-main/run_scripts/work_dirs/ddrnet_23-slim_in1k-pre_2xb6-120k_cityscapes-1024x1024.
TCAPPDLL 2025-07-27 14:33:16.644467 - Epoch: 0 Iteration: 0  rank : 1  train.loss : 5.15625  train.ips : 0.6317104549966159 imgs/s train.total_time : 9.498022317886353 
TCAPPDLL 2025-07-27 14:33:16.644654 - Epoch: 0 Iteration: 0  rank : 2  train.loss : 5.40625  train.ips : 0.6318392571209581 imgs/s train.total_time : 9.496086120605469 
TCAPPDLL 2025-07-27 14:33:16.645562 - Epoch: 0 Iteration: 0  rank : 0  train.loss : 5.3671875  train.ips : 0.6319437997495059 imgs/s train.total_time : 9.494515180587769 
TCAPPDLL 2025-07-27 14:33:16.646135 - Epoch: 0 Iteration: 0  rank : 3  train.loss : 5.40625  train.ips : 0.631945402508544 imgs/s train.total_time : 9.49449110031128 
TCAPPDLL 2025-07-27 14:33:23.315496 - Epoch: 0 Iteration: 1  rank : 0  train.loss : 5.484375  train.ips : 0.8996251726221047 imgs/s train.total_time : 6.66944432258606 TCAPPDLL 2025-07-27 14:33:23.315499 - Epoch: 0 Iteration: 1  rank : 2  train.loss : 5.1484375  train.ips : 0.8994998958630186 imgs/s train.total_time : 6.670373201370239 

TCAPPDLL 2025-07-27 14:33:23.315554 - Epoch: 0 Iteration: 1  rank : 3  train.loss : 5.05859375  train.ips : 0.8996983097344098 imgs/s train.total_time : 6.668902158737183 
TCAPPDLL 2025-07-27 14:33:23.317003 - Epoch: 0 Iteration: 1  rank : 1  train.loss : 5.28125  train.ips : 0.8992986450677202 imgs/s train.total_time : 6.671865940093994 
TCAPPDLL 2025-07-27 14:33:31.028941 - Epoch: 0 Iteration: 2  rank : 1  train.loss : 4.69140625  train.ips : 0.7780629602834511 imgs/s train.total_time : 7.711458206176758 
TCAPPDLL 2025-07-27 14:33:31.031512 - Epoch: 0 Iteration: 2  rank : 0  train.loss : 4.8984375  train.ips : 0.7776459855452504 imgs/s train.total_time : 7.715593099594116 
TCAPPDLL 2025-07-27 14:33:31.032942 - Epoch: 0 Iteration: 2  rank : 3  train.loss : 4.77734375  train.ips : 0.7775159812690438 imgs/s train.total_time : 7.716883182525635 
TCAPPDLL 2025-07-27 14:33:31.034002 - Epoch: 0 Iteration: 2  rank : 2  train.loss : 4.6875  train.ips : 0.7774083780162473 imgs/s train.total_time : 7.71795129776001 
TCAPPDLL 2025-07-27 14:33:38.431905 - Epoch: 0 Iteration: 3  rank : 1  train.loss : 4.4765625  train.ips : 0.8105231804938178 imgs/s train.total_time : 7.402626037597656 
TCAPPDLL 2025-07-27 14:33:38.433956 - Epoch: 0 Iteration: 3  rank : 2  train.loss : 4.6953125  train.ips : 0.8108804249112741 imgs/s train.total_time : 7.399364709854126 
TCAPPDLL 2025-07-27 14:33:38.434735 - Epoch: 0 Iteration: 3  rank : 0  train.loss : 4.4609375  train.ips : 0.8105194997392026 imgs/s train.total_time : 7.40265965461731 
TCAPPDLL 2025-07-27 14:33:38.435193 - Epoch: 0 Iteration: 3  rank : 3  train.loss : 4.1796875  train.ips : 0.8106316864052965 imgs/s train.total_time : 7.40163516998291 
TCAPPDLL 2025-07-27 14:33:45.885753 - Epoch: 0 Iteration: 4  rank : 2  train.loss : 4.328125  train.ips : 0.8052238615422509 imgs/s train.total_time : 7.451344013214111 
TCAPPDLL 2025-07-27 14:33:45.887513 - Epoch: 0 Iteration: 4  rank : 0  train.loss : 4.0546875  train.ips : 0.8051148665982903 imgs/s train.total_time : 7.45235276222229 
TCAPPDLL 2025-07-27 14:33:45.889655 - Epoch: 0 Iteration: 4  rank : 3  train.loss : 3.64453125  train.ips : 0.8049552014636303 imgs/s train.total_time : 7.45383095741272 
TCAPPDLL 2025-07-27 14:33:45.889787 - Epoch: 0 Iteration: 4  rank : 1  train.loss : 4.12890625  train.ips : 0.8045735238149802 imgs/s train.total_time : 7.457366943359375 
TCAPPDLL 2025-07-27 14:33:53.348609 - Epoch: 0 Iteration: 5  rank : 1  train.loss : 3.31640625  train.ips : 0.8044652963148416 imgs/s train.total_time : 7.458370208740234 
TCAPPDLL 2025-07-27 14:33:53.350349 - Epoch: 0 Iteration: 5  rank : 0  train.loss : 3.595703125  train.ips : 0.804043158307192 imgs/s train.total_time : 7.462285995483398 
TCAPPDLL 2025-07-27 14:33:53.350673 - Epoch: 0 Iteration: 5  rank : 3  train.loss : 3.826171875  train.ips : 0.8042496483021029 imgs/s train.total_time : 7.460370063781738 
TCAPPDLL 2025-07-27 14:33:53.351313 - Epoch: 0 Iteration: 5  rank : 2  train.loss : 3.568359375  train.ips : 0.8037481767746069 imgs/s train.total_time : 7.465024709701538 
TCAPPDLL 2025-07-27 14:34:01.056761 - Epoch: 0 Iteration: 6  rank : 1  train.loss : 3.298828125  train.ips : 0.7784525451657051 imgs/s train.total_time : 7.707598924636841 
TCAPPDLL 2025-07-27 14:34:01.056821 - Epoch: 0 Iteration: 6  rank : 0  train.loss : 2.97265625  train.ips : 0.7786285602371606 imgs/s train.total_time : 7.705856561660767 
TCAPPDLL 2025-07-27 14:34:01.058257 - Epoch: 0 Iteration: 6  rank : 3  train.loss : 3.52734375  train.ips : 0.7785229849954314 imgs/s train.total_time : 7.706901550292969 
TCAPPDLL 2025-07-27 14:34:01.058523 - Epoch: 0 Iteration: 6  rank : 2  train.loss : 3.0234375  train.ips : 0.7785615456649216 imgs/s train.total_time : 7.706519842147827 
TCAPPDLL 2025-07-27 14:34:08.909608 - Epoch: 0 Iteration: 7  rank : 0  train.loss : 3.005859375  train.ips : 0.7641010512641732 imgs/s train.total_time : 7.852364540100098 
TCAPPDLL 2025-07-27 14:34:08.910612 - Epoch: 0 Iteration: 7  rank : 3  train.loss : 3.33984375  train.ips : 0.7641691033090309 imgs/s train.total_time : 7.851665258407593 
TCAPPDLL 2025-07-27 14:34:08.911543 - Epoch: 0 Iteration: 7  rank : 2  train.loss : 2.73828125  train.ips : 0.7640962488672147 imgs/s train.total_time : 7.852413892745972 
TCAPPDLL 2025-07-27 14:34:08.911897 - Epoch: 0 Iteration: 7  rank : 1  train.loss : 2.9375  train.ips : 0.7638959475743827 imgs/s train.total_time : 7.854472875595093 
TCAPPDLL 2025-07-27 14:34:16.491571 - Epoch: 0 Iteration: 8  rank : 3  train.loss : 2.59375  train.ips : 0.7915038328886768 imgs/s train.total_time : 7.5805065631866455 
TCAPPDLL 2025-07-27 14:34:16.492371 - Epoch: 0 Iteration: 8  rank : 2  train.loss : 2.77734375  train.ips : 0.7915167281968343 imgs/s train.total_time : 7.580383062362671 
TCAPPDLL 2025-07-27 14:34:16.492665 - Epoch: 0 Iteration: 8  rank : 0  train.loss : 2.83984375  train.ips : 0.7912915190413125 imgs/s train.total_time : 7.582540512084961 
TCAPPDLL 2025-07-27 14:34:16.494633 - Epoch: 0 Iteration: 8  rank : 1  train.loss : 2.474609375  train.ips : 0.7913402632534463 imgs/s train.total_time : 7.582073450088501 
TCAPPDLL 2025-07-27 14:34:23.928346 - Epoch: 0 Iteration: 9  rank : 0  train.loss : 3.01171875  train.ips : 0.8069658771871178 imgs/s train.total_time : 7.435258626937866 
TCAPPDLL 2025-07-27 14:34:23.930384 - Epoch: 0 Iteration: 9  rank : 3  train.loss : 2.88671875  train.ips : 0.8066445719854541 imgs/s train.total_time : 7.438220262527466 
TCAPPDLL 2025-07-27 14:34:23.930901 - Epoch: 0 Iteration: 9  rank : 1  train.loss : 2.4140625  train.ips : 0.8069247621245093 imgs/s train.total_time : 7.435637474060059 
TCAPPDLL 2025-07-27 14:34:23.937793 - Epoch: 0 Iteration: 9  rank : 2  train.loss : 2.6015625  train.ips : 0.8059835489299425 imgs/s train.total_time : 7.4443206787109375 
TCAPPDLL 2025-07-27 14:34:31.406053 - Epoch: 0 Iteration: 10  rank : 0  train.loss : 2.208984375  train.ips : 0.8024270287219614 imgs/s train.total_time : 7.477315425872803 
TCAPPDLL 2025-07-27 14:34:31.406192 - Epoch: 0 Iteration: 10  rank : 3  train.loss : 2.0078125  train.ips : 0.802634890871382 imgs/s train.total_time : 7.47537899017334 
TCAPPDLL 2025-07-27 14:34:31.407915 - Epoch: 0 Iteration: 10  rank : 1  train.loss : 2.369140625  train.ips : 0.8025301273785518 imgs/s train.total_time : 7.4763548374176025 
TCAPPDLL 2025-07-27 14:34:31.413710 - Epoch: 0 Iteration: 10  rank : 2  train.loss : 2.4140625  train.ips : 0.8026940035761375 imgs/s train.total_time : 7.474828481674194 
TCAPPDLL 2025-07-27 14:34:39.079899 - Epoch: 0 Iteration: 11  rank : 3  train.loss : 2.0546875  train.ips : 0.7819495961198673 imgs/s train.total_time : 7.673128843307495 
TCAPPDLL 2025-07-27 14:34:39.079994 - Epoch: 0 Iteration: 11  rank : 0  train.loss : 2.1171875  train.ips : 0.7819254702926521 imgs/s train.total_time : 7.673365592956543 
TCAPPDLL 2025-07-27 14:34:39.080572 - Epoch: 0 Iteration: 11  rank : 1  train.loss : 2.1484375  train.ips : 0.7820679143999145 imgs/s train.total_time : 7.67196798324585 
TCAPPDLL 2025-07-27 14:34:39.087204 - Epoch: 0 Iteration: 11  rank : 2  train.loss : 1.8505859375  train.ips : 0.7819990915248617 imgs/s train.total_time : 7.672643184661865 
TCAPPDLL 2025-07-27 14:34:46.363273 - Epoch: 0 Iteration: 12  rank : 0  train.loss : 2.279296875  train.ips : 0.8238517588110786 imgs/s train.total_time : 7.282863616943359 
TCAPPDLL 2025-07-27 14:34:46.363722 - Epoch: 0 Iteration: 12  rank : 3  train.loss : 1.94921875  train.ips : 0.8237966350523304 imgs/s train.total_time : 7.283350944519043 
TCAPPDLL 2025-07-27 14:34:46.364350 - Epoch: 0 Iteration: 12  rank : 1  train.loss : 1.7587890625  train.ips : 0.8238028374552897 imgs/s train.total_time : 7.28329610824585 
TCAPPDLL 2025-07-27 14:34:46.368022 - Epoch: 0 Iteration: 12  rank : 2  train.loss : 2.1328125  train.ips : 0.8241704561219008 imgs/s train.total_time : 7.280047416687012 
TCAPPDLL 2025-07-27 14:34:53.974168 - Epoch: 0 Iteration: 13  rank : 0  train.loss : 2.171875  train.ips : 0.7883823841074333 imgs/s train.total_time : 7.610520124435425 
TCAPPDLL 2025-07-27 14:34:53.975601 - Epoch: 0 Iteration: 13  rank : 1  train.loss : 2.748046875  train.ips : 0.7883597119494032 imgs/s train.total_time : 7.61073899269104 
TCAPPDLL 2025-07-27 14:34:53.976248 - Epoch: 0 Iteration: 13  rank : 3  train.loss : 2.390625  train.ips : 0.7882351371409059 imgs/s train.total_time : 7.611941814422607 
TCAPPDLL 2025-07-27 14:34:53.979121 - Epoch: 0 Iteration: 13  rank : 2  train.loss : 2.34375  train.ips : 0.7883914236974401 imgs/s train.total_time : 7.610432863235474 
TCAPPDLL 2025-07-27 14:35:01.461193 - Epoch: 0 Iteration: 14  rank : 0  train.loss : 1.630859375  train.ips : 0.8014239370565404 imgs/s train.total_time : 7.4866743087768555 
TCAPPDLL 2025-07-27 14:35:01.461455 - Epoch: 0 Iteration: 14  rank : 3  train.loss : 1.849609375  train.ips : 0.8016273218519256 imgs/s train.total_time : 7.484774827957153 
TCAPPDLL 2025-07-27 14:35:01.462944 - Epoch: 0 Iteration: 14  rank : 1  train.loss : 1.82421875  train.ips : 0.801419419700897 imgs/s train.total_time : 7.4867165088653564 
TCAPPDLL 2025-07-27 14:35:01.465714 - Epoch: 0 Iteration: 14  rank : 2  train.loss : 1.859375  train.ips : 0.8015049518421653 imgs/s train.total_time : 7.485917568206787 
TCAPPDLL 2025-07-27 14:35:08.929544 - Epoch: 0 Iteration: 15  rank : 0  train.loss : 1.59375  train.ips : 0.8034352252078272 imgs/s train.total_time : 7.467932462692261 
TCAPPDLL 2025-07-27 14:35:08.930953 - Epoch: 0 Iteration: 15  rank : 1  train.loss : 1.55859375  train.ips : 0.8034910438984844 imgs/s train.total_time : 7.467413663864136 
TCAPPDLL 2025-07-27 14:35:08.931935 - Epoch: 0 Iteration: 15  rank : 3  train.loss : 1.8701171875  train.ips : 0.8032201802901361 imgs/s train.total_time : 7.4699318408966064 
TCAPPDLL 2025-07-27 14:35:08.933039 - Epoch: 0 Iteration: 15  rank : 2  train.loss : 1.9931640625  train.ips : 0.8035716560802934 imgs/s train.total_time : 7.466664552688599 
TCAPPDLL 2025-07-27 14:35:16.601142 - Epoch: 0 Iteration: 16  rank : 0  train.loss : 2.22265625  train.ips : 0.7821415138419753 imgs/s train.total_time : 7.67124605178833 
TCAPPDLL 2025-07-27 14:35:16.601351 - Epoch: 0 Iteration: 16  rank : 3  train.loss : 1.40234375  train.ips : 0.7823729513318713 imgs/s train.total_time : 7.668976783752441 
TCAPPDLL 2025-07-27 14:35:16.601407 - Epoch: 0 Iteration: 16  rank : 1  train.loss : 1.3525390625  train.ips : 0.7822669905298281 imgs/s train.total_time : 7.670015573501587 
TCAPPDLL 2025-07-27 14:35:16.605145 - Epoch: 0 Iteration: 16  rank : 2  train.loss : 1.576171875  train.ips : 0.7821201228800546 imgs/s train.total_time : 7.6714558601379395 
TCAPPDLL 2025-07-27 14:35:24.155172 - Epoch: 0 Iteration: 17  rank : 0  train.loss : 1.408203125  train.ips : 0.7943210978537462 imgs/s train.total_time : 7.553620338439941 
TCAPPDLL 2025-07-27 14:35:24.157293 - Epoch: 0 Iteration: 17  rank : 2  train.loss : 1.525390625  train.ips : 0.7945322312686517 imgs/s train.total_time : 7.551613092422485 
TCAPPDLL 2025-07-27 14:35:24.157689 - Epoch: 0 Iteration: 17  rank : 1  train.loss : 2.33203125  train.ips : 0.7940927617651411 imgs/s train.total_time : 7.555792331695557 
TCAPPDLL 2025-07-27 14:35:24.158099 - Epoch: 0 Iteration: 17  rank : 3  train.loss : 1.4716796875  train.ips : 0.7940505176919959 imgs/s train.total_time : 7.556194305419922 
TCAPPDLL 2025-07-27 14:35:31.749588 - Epoch: 0 Iteration: 18  rank : 0  train.loss : 1.44921875  train.ips : 0.7900957232496916 imgs/s train.total_time : 7.5940165519714355 
TCAPPDLL 2025-07-27 14:35:31.750386 - Epoch: 0 Iteration: 18  rank : 3  train.loss : 1.5576171875  train.ips : 0.7903269286862983 imgs/s train.total_time : 7.591794967651367 
TCAPPDLL 2025-07-27 14:35:31.750466 - Epoch: 0 Iteration: 18  rank : 1  train.loss : 1.4599609375  train.ips : 0.7902720553971836 imgs/s train.total_time : 7.592322111129761 
TCAPPDLL 2025-07-27 14:35:31.753789 - Epoch: 0 Iteration: 18  rank : 2  train.loss : 1.388671875  train.ips : 0.7898981223294141 imgs/s train.total_time : 7.595916271209717 
TCAPPDLL 2025-07-27 14:35:39.284261 - Epoch: 0 Iteration: 19  rank : 0  train.loss : 1.533203125  train.ips : 0.7963542504415879 imgs/s train.total_time : 7.534335374832153 
TCAPPDLL 2025-07-27 14:35:39.284741 - Epoch: 0 Iteration: 19  rank : 3  train.loss : 1.31640625  train.ips : 0.7963922035297263 imgs/s train.total_time : 7.533976316452026 
TCAPPDLL 2025-07-27 14:35:39.287604 - Epoch: 0 Iteration: 19  rank : 1  train.loss : 1.470703125  train.ips : 0.7961176418669826 imgs/s train.total_time : 7.536574602127075 
TCAPPDLL 2025-07-27 14:35:39.288392 - Epoch: 0 Iteration: 19  rank : 2  train.loss : 1.484375  train.ips : 0.7963994871057761 imgs/s train.total_time : 7.533907413482666 
TCAPPDLL 2025-07-27 14:35:46.820596 - Epoch: 0 Iteration: 20  rank : 1  train.loss : 1.59765625  train.ips : 0.7965460942475777 imgs/s train.total_time : 7.532520771026611 
TCAPPDLL 2025-07-27 14:35:46.821641 - Epoch: 0 Iteration: 20  rank : 0  train.loss : 1.48046875  train.ips : 0.7960796897602039 imgs/s train.total_time : 7.536933898925781 
TCAPPDLL 2025-07-27 14:35:46.822907 - Epoch: 0 Iteration: 20  rank : 3  train.loss : 1.302734375  train.ips : 0.7960038467567693 imgs/s train.total_time : 7.537652015686035 
TCAPPDLL 2025-07-27 14:35:46.824083 - Epoch: 0 Iteration: 20  rank : 2  train.loss : 1.421875  train.ips : 0.7962859389588737 imgs/s train.total_time : 7.534981727600098 
TCAPPDLL 2025-07-27 14:35:54.293376 - Epoch: 0 Iteration: 21  rank : 0  train.loss : 1.560546875  train.ips : 0.8030635720559621 imgs/s train.total_time : 7.471388578414917 
TCAPPDLL 2025-07-27 14:35:54.293739 - Epoch: 0 Iteration: 21  rank : 3  train.loss : 1.2333984375  train.ips : 0.8031711920017045 imgs/s train.total_time : 7.4703874588012695 
TCAPPDLL 2025-07-27 14:35:54.294950 - Epoch: 0 Iteration: 21  rank : 1  train.loss : 1.302734375  train.ips : 0.8027853906711002 imgs/s train.total_time : 7.473977565765381 
TCAPPDLL 2025-07-27 14:35:54.297517 - Epoch: 0 Iteration: 21  rank : 2  train.loss : 1.7822265625  train.ips : 0.8029166567893976 imgs/s train.total_time : 7.472755670547485 
TCAPPDLL 2025-07-27 14:36:01.846991 - Epoch: 0 Iteration: 22  rank : 3  train.loss : 1.9716796875  train.ips : 0.7943946896461705 imgs/s train.total_time : 7.552920579910278 
TCAPPDLL 2025-07-27 14:36:01.848016 - Epoch: 0 Iteration: 22  rank : 0  train.loss : 1.5078125  train.ips : 0.7942596271908728 imgs/s train.total_time : 7.554204940795898 
TCAPPDLL 2025-07-27 14:36:01.848208 - Epoch: 0 Iteration: 22  rank : 1  train.loss : 1.013671875  train.ips : 0.7944104378041503 imgs/s train.total_time : 7.5527708530426025 
TCAPPDLL 2025-07-27 14:36:01.849994 - Epoch: 0 Iteration: 22  rank : 2  train.loss : 1.77734375  train.ips : 0.7945152993410838 imgs/s train.total_time : 7.551774024963379 
TCAPPDLL 2025-07-27 14:36:09.430692 - Epoch: 0 Iteration: 23  rank : 0  train.loss : 1.0458984375  train.ips : 0.7913191624183721 imgs/s train.total_time : 7.582275629043579 
TCAPPDLL 2025-07-27 14:36:09.430969 - Epoch: 0 Iteration: 23  rank : 1  train.loss : 1.24609375  train.ips : 0.7913093837572975 imgs/s train.total_time : 7.582369327545166 
TCAPPDLL 2025-07-27 14:36:09.432588 - Epoch: 0 Iteration: 23  rank : 3  train.loss : 1.185546875  train.ips : 0.791029811339045 imgs/s train.total_time : 7.585049152374268 
TCAPPDLL 2025-07-27 14:36:09.433465 - Epoch: 0 Iteration: 23  rank : 2  train.loss : 1.45703125  train.ips : 0.7912612404387943 imgs/s train.total_time : 7.5828306674957275 
TCAPPDLL 2025-07-27 14:36:16.897472 - Epoch: 0 Iteration: 24  rank : 1  train.loss : 1.2138671875  train.ips : 0.8036220276618306 imgs/s train.total_time : 7.466196537017822 
TCAPPDLL 2025-07-27 14:36:16.898390 - Epoch: 0 Iteration: 24  rank : 0  train.loss : 1.1171875  train.ips : 0.8034992275293544 imgs/s train.total_time : 7.467337608337402 
TCAPPDLL 2025-07-27 14:36:16.900618 - Epoch: 0 Iteration: 24  rank : 2  train.loss : 1.28125  train.ips : 0.8035915935416407 imgs/s train.total_time : 7.466479301452637 
TCAPPDLL 2025-07-27 14:36:16.900789 - Epoch: 0 Iteration: 24  rank : 3  train.loss : 0.958984375  train.ips : 0.8034778837382422 imgs/s train.total_time : 7.467535972595215 
TCAPPDLL 2025-07-27 14:36:24.587927 - Epoch: 0 Iteration: 25  rank : 0  train.loss : 1.5498046875  train.ips : 0.7803177713328606 imgs/s train.total_time : 7.689175128936768 
TCAPPDLL 2025-07-27 14:36:24.589612 - Epoch: 0 Iteration: 25  rank : 2  train.loss : 1.103515625  train.ips : 0.7803832978324567 imgs/s train.total_time : 7.6885294914245605 
TCAPPDLL 2025-07-27 14:36:24.589997 - Epoch: 0 Iteration: 25  rank : 1  train.loss : 1.6171875  train.ips : 0.7800281637823876 imgs/s train.total_time : 7.69202995300293 
TCAPPDLL 2025-07-27 14:36:24.591049 - Epoch: 0 Iteration: 25  rank : 3  train.loss : 1.45703125  train.ips : 0.7802500060535993 imgs/s train.total_time : 7.689842939376831 
TCAPPDLL 2025-07-27 14:36:32.331544 - Epoch: 0 Iteration: 26  rank : 0  train.loss : 1.71875  train.ips : 0.7748660586340561 imgs/s train.total_time : 7.743273735046387 
TCAPPDLL 2025-07-27 14:36:32.332459 - Epoch: 0 Iteration: 26  rank : 1  train.loss : 1.037109375  train.ips : 0.7749907629299426 imgs/s train.total_time : 7.742027759552002 
TCAPPDLL 2025-07-27 14:36:32.333806 - Epoch: 0 Iteration: 26  rank : 3  train.loss : 1.3837890625  train.ips : 0.7749767060377254 imgs/s train.total_time : 7.742168188095093 
TCAPPDLL 2025-07-27 14:36:32.334362 - Epoch: 0 Iteration: 26  rank : 2  train.loss : 2.12890625  train.ips : 0.774770994398095 imgs/s train.total_time : 7.7442238330841064 
TCAPPDLL 2025-07-27 14:36:41.223687 - Epoch: 0 Iteration: 27  rank : 0  train.loss : 1.720703125  train.ips : 0.674785800397522 imgs/s train.total_time : 8.89171051979065 
TCAPPDLL 2025-07-27 14:36:41.223703 - Epoch: 0 Iteration: 27  rank : 3  train.loss : 1.2490234375  train.ips : 0.6749576592929052 imgs/s train.total_time : 8.889446496963501 
TCAPPDLL 2025-07-27 14:36:41.225425 - Epoch: 0 Iteration: 27  rank : 1  train.loss : 1.3115234375  train.ips : 0.6747340571783066 imgs/s train.total_time : 8.89239239692688 
TCAPPDLL 2025-07-27 14:36:41.226504 - Epoch: 0 Iteration: 27  rank : 2  train.loss : 2.01171875  train.ips : 0.6748012887223441 imgs/s train.total_time : 8.891506433486938 
TCAPPDLL 2025-07-27 14:36:49.556177 - Epoch: 0 Iteration: 28  rank : 2  train.loss : 1.228515625  train.ips : 0.720359727825433 imgs/s train.total_time : 8.329171895980835 
TCAPPDLL 2025-07-27 14:36:49.557459 - Epoch: 0 Iteration: 28  rank : 0  train.loss : 1.38671875  train.ips : 0.7199990180982629 imgs/s train.total_time : 8.33334469795227 
TCAPPDLL 2025-07-27 14:36:49.558680 - Epoch: 0 Iteration: 28  rank : 1  train.loss : 1.3408203125  train.ips : 0.7200631494590991 imgs/s train.total_time : 8.332602500915527 
TCAPPDLL 2025-07-27 14:36:49.560206 - Epoch: 0 Iteration: 28  rank : 3  train.loss : 1.7373046875  train.ips : 0.719776408415305 imgs/s train.total_time : 8.335922002792358 
TCAPPDLL 2025-07-27 14:36:58.235570 - Epoch: 0 Iteration: 29  rank : 0  train.loss : 1.060546875  train.ips : 0.6914312669625561 imgs/s train.total_time : 8.67765212059021 
TCAPPDLL 2025-07-27 14:36:58.236756 - Epoch: 0 Iteration: 29  rank : 2  train.loss : 1.1494140625  train.ips : 0.6912253809319561 imgs/s train.total_time : 8.68023681640625 
TCAPPDLL 2025-07-27 14:36:58.237228 - Epoch: 0 Iteration: 29  rank : 1  train.loss : 1.322265625  train.ips : 0.6914086231835939 imgs/s train.total_time : 8.677936315536499 
TCAPPDLL 2025-07-27 14:36:58.237379 - Epoch: 0 Iteration: 29  rank : 3  train.loss : 1.3203125  train.ips : 0.6915219899265596 imgs/s train.total_time : 8.676513671875 
TCAPPDLL 2025-07-27 14:37:06.804661 - Epoch: 0 Iteration: 30  rank : 0  train.loss : 0.9931640625  train.ips : 0.7002237359309443 imgs/s train.total_time : 8.568689823150635 
TCAPPDLL 2025-07-27 14:37:06.807145 - Epoch: 0 Iteration: 30  rank : 1  train.loss : 1.0302734375  train.ips : 0.7001754986051759 imgs/s train.total_time : 8.56928014755249 
TCAPPDLL 2025-07-27 14:37:06.807375 - Epoch: 0 Iteration: 30  rank : 3  train.loss : 1.263671875  train.ips : 0.7001673558027993 imgs/s train.total_time : 8.569379806518555 
TCAPPDLL 2025-07-27 14:37:06.807714 - Epoch: 0 Iteration: 30  rank : 2  train.loss : 1.2919921875  train.ips : 0.7000836011265955 imgs/s train.total_time : 8.570405006408691 
TCAPPDLL 2025-07-27 14:37:15.706906 - Epoch: 0 Iteration: 31  rank : 0  train.loss : 1.91796875  train.ips : 0.6740154667892398 imgs/s train.total_time : 8.901872873306274 
TCAPPDLL 2025-07-27 14:37:15.708508 - Epoch: 0 Iteration: 31  rank : 1  train.loss : 1.3212890625  train.ips : 0.6740997627482248 imgs/s train.total_time : 8.90075969696045 
TCAPPDLL 2025-07-27 14:37:15.710329 - Epoch: 0 Iteration: 31  rank : 3  train.loss : 0.9375  train.ips : 0.6739798337588698 imgs/s train.total_time : 8.902343511581421 
TCAPPDLL 2025-07-27 14:37:15.711075 - Epoch: 0 Iteration: 31  rank : 2  train.loss : 1.529296875  train.ips : 0.673952687312073 imgs/s train.total_time : 8.90270209312439 
TCAPPDLL 2025-07-27 14:37:23.962006 - Epoch: 0 Iteration: 32  rank : 0  train.loss : 1.009765625  train.ips : 0.726853289561244 imgs/s train.total_time : 8.2547607421875 
TCAPPDLL 2025-07-27 14:37:23.963524 - Epoch: 0 Iteration: 32  rank : 1  train.loss : 1.107421875  train.ips : 0.7268861876765328 imgs/s train.total_time : 8.254387140274048 
TCAPPDLL 2025-07-27 14:37:23.964930 - Epoch: 0 Iteration: 32  rank : 3  train.loss : 0.94775390625  train.ips : 0.7269221543713151 imgs/s train.total_time : 8.253978729248047 
TCAPPDLL 2025-07-27 14:37:23.965067 - Epoch: 0 Iteration: 32  rank : 2  train.loss : 0.98876953125  train.ips : 0.726977570623638 imgs/s train.total_time : 8.253349542617798 
TCAPPDLL 2025-07-27 14:37:32.447222 - Epoch: 0 Iteration: 33  rank : 1  train.loss : 0.94677734375  train.ips : 0.7072739841078927 imgs/s train.total_time : 8.483275413513184 
TCAPPDLL 2025-07-27 14:37:32.449429 - Epoch: 0 Iteration: 33  rank : 0  train.loss : 1.5234375  train.ips : 0.7069707817826688 imgs/s train.total_time : 8.486913681030273 
TCAPPDLL 2025-07-27 14:37:32.450080 - Epoch: 0 Iteration: 33  rank : 3  train.loss : 1.65234375  train.ips : 0.7071763190099575 imgs/s train.total_time : 8.484447002410889 
TCAPPDLL 2025-07-27 14:37:32.452134 - Epoch: 0 Iteration: 33  rank : 2  train.loss : 1.21875  train.ips : 0.7070118359710955 imgs/s train.total_time : 8.48642086982727 
TCAPPDLL 2025-07-27 14:37:41.368233 - Epoch: 0 Iteration: 34  rank : 0  train.loss : 0.7998046875  train.ips : 0.6727668614209269 imgs/s train.total_time : 8.918394088745117 
TCAPPDLL 2025-07-27 14:37:41.369640 - Epoch: 0 Iteration: 34  rank : 2  train.loss : 0.85302734375  train.ips : 0.6728699870320689 imgs/s train.total_time : 8.917027235031128 
TCAPPDLL 2025-07-27 14:37:41.369934 - Epoch: 0 Iteration: 34  rank : 3  train.loss : 1.296875  train.ips : 0.6727048357914835 imgs/s train.total_time : 8.919216394424438 
TCAPPDLL 2025-07-27 14:37:41.370661 - Epoch: 0 Iteration: 34  rank : 1  train.loss : 1.3876953125  train.ips : 0.6724264817968101 imgs/s train.total_time : 8.922908544540405 
TCAPPDLL 2025-07-27 14:37:49.970398 - Epoch: 0 Iteration: 35  rank : 0  train.loss : 1.423828125  train.ips : 0.6975287558005038 imgs/s train.total_time : 8.60179591178894 
TCAPPDLL 2025-07-27 14:37:49.971114 - Epoch: 0 Iteration: 35  rank : 2  train.loss : 1.2548828125  train.ips : 0.6975808057771604 imgs/s train.total_time : 8.601154088973999 
TCAPPDLL 2025-07-27 14:37:49.972208 - Epoch: 0 Iteration: 35  rank : 3  train.loss : 1.259765625  train.ips : 0.697537958722904 imgs/s train.total_time : 8.601682424545288 
TCAPPDLL 2025-07-27 14:37:49.973109 - Epoch: 0 Iteration: 35  rank : 1  train.loss : 1.515625  train.ips : 0.6975266097757848 imgs/s train.total_time : 8.60182237625122 
TCAPPDLL 2025-07-27 14:37:58.535045 - Epoch: 0 Iteration: 36  rank : 0  train.loss : 1.4619140625  train.ips : 0.700585766846121 imgs/s train.total_time : 8.56426191329956 
TCAPPDLL 2025-07-27 14:37:58.535778 - Epoch: 0 Iteration: 36  rank : 3  train.loss : 1.45703125  train.ips : 0.700693383914138 imgs/s train.total_time : 8.562946557998657 
TCAPPDLL 2025-07-27 14:37:58.536579 - Epoch: 0 Iteration: 36  rank : 2  train.loss : 1.0576171875  train.ips : 0.7005295819098536 imgs/s train.total_time : 8.564948797225952 
TCAPPDLL 2025-07-27 14:37:58.536627 - Epoch: 0 Iteration: 36  rank : 1  train.loss : 1.59375  train.ips : 0.7007003878743181 imgs/s train.total_time : 8.56286096572876 
TCAPPDLL 2025-07-27 14:38:07.151688 - Epoch: 0 Iteration: 37  rank : 0  train.loss : 0.990234375  train.ips : 0.6963537851724971 imgs/s train.total_time : 8.616309881210327 
TCAPPDLL 2025-07-27 14:38:07.153159 - Epoch: 0 Iteration: 37  rank : 2  train.loss : 1.51171875  train.ips : 0.6963672734091905 imgs/s train.total_time : 8.616142988204956 
TCAPPDLL 2025-07-27 14:38:07.153819 - Epoch: 0 Iteration: 37  rank : 1  train.loss : 1.0390625  train.ips : 0.6963306444293823 imgs/s train.total_time : 8.616596221923828 TCAPPDLL 2025-07-27 14:38:07.153898 - Epoch: 0 Iteration: 37  rank : 3  train.loss : 0.91650390625  train.ips : 0.6962585730860121 imgs/s train.total_time : 8.617488145828247 

TCAPPDLL 2025-07-27 14:38:15.850131 - Epoch: 0 Iteration: 38  rank : 1  train.loss : 0.9677734375  train.ips : 0.6899961916418466 imgs/s train.total_time : 8.69570016860962 
TCAPPDLL 2025-07-27 14:38:15.850976 - Epoch: 0 Iteration: 38  rank : 3  train.loss : 0.8193359375  train.ips : 0.689934031690581 imgs/s train.total_time : 8.696483612060547 
TCAPPDLL 2025-07-27 14:38:15.854287 - Epoch: 0 Iteration: 38  rank : 0  train.loss : 1.330078125  train.ips : 0.6894981864174922 imgs/s train.total_time : 8.701980829238892 
TCAPPDLL 2025-07-27 14:38:15.855591 - Epoch: 0 Iteration: 38  rank : 2  train.loss : 1.51953125  train.ips : 0.6895105035738709 imgs/s train.total_time : 8.701825380325317 
TCAPPDLL 2025-07-27 14:38:24.450397 - Epoch: 0 Iteration: 39  rank : 0  train.loss : 1.658203125  train.ips : 0.698026700276622 imgs/s train.total_time : 8.595659732818604 
TCAPPDLL 2025-07-27 14:38:24.451619 - Epoch: 0 Iteration: 39  rank : 1  train.loss : 1.662109375  train.ips : 0.6975996980502609 imgs/s train.total_time : 8.600921154022217 
TCAPPDLL 2025-07-27 14:38:24.452403 - Epoch: 0 Iteration: 39  rank : 2  train.loss : 1.22265625  train.ips : 0.6979768486732287 imgs/s train.total_time : 8.59627366065979 
TCAPPDLL 2025-07-27 14:38:24.452451 - Epoch: 0 Iteration: 39  rank : 3  train.loss : 1.041015625  train.ips : 0.6976060601616946 imgs/s train.total_time : 8.600842714309692 
TCAPPDLL 2025-07-27 14:38:33.142420 - Epoch: 0 Iteration: 40  rank : 0  train.loss : 0.982421875  train.ips : 0.6903159266675604 imgs/s train.total_time : 8.691672563552856 
TCAPPDLL 2025-07-27 14:38:33.144633 - Epoch: 0 Iteration: 40  rank : 1  train.loss : 1.0126953125  train.ips : 0.6902610360252623 imgs/s train.total_time : 8.692363739013672 
TCAPPDLL 2025-07-27 14:38:33.147587 - Epoch: 0 Iteration: 40  rank : 3  train.loss : 1.3046875  train.ips : 0.6900951485692066 imgs/s train.total_time : 8.694453239440918 
TCAPPDLL 2025-07-27 14:38:33.148769 - Epoch: 0 Iteration: 40  rank : 2  train.loss : 0.84375  train.ips : 0.6899914431798656 imgs/s train.total_time : 8.695760011672974 
TCAPPDLL 2025-07-27 14:38:41.756927 - Epoch: 0 Iteration: 41  rank : 0  train.loss : 0.857421875  train.ips : 0.6965256836716144 imgs/s train.total_time : 8.61418342590332 
TCAPPDLL 2025-07-27 14:38:41.760988 - Epoch: 0 Iteration: 41  rank : 1  train.loss : 1.0625  train.ips : 0.6963899540937284 imgs/s train.total_time : 8.615862369537354 
TCAPPDLL 2025-07-27 14:38:41.761579 - Epoch: 0 Iteration: 41  rank : 2  train.loss : 1.224609375  train.ips : 0.6966754677718764 imgs/s train.total_time : 8.61233139038086 
TCAPPDLL 2025-07-27 14:38:41.762195 - Epoch: 0 Iteration: 41  rank : 3  train.loss : 0.84130859375  train.ips : 0.6965509002746698 imgs/s train.total_time : 8.613871574401855 
TCAPPDLL 2025-07-27 14:38:50.609325 - Epoch: 0 Iteration: 42  rank : 0  train.loss : 0.8125  train.ips : 0.6778024631825125 imgs/s train.total_time : 8.852136611938477 
TCAPPDLL 2025-07-27 14:38:50.609877 - Epoch: 0 Iteration: 42  rank : 2  train.loss : 1.58203125  train.ips : 0.6781205512005885 imgs/s train.total_time : 8.847984313964844 
TCAPPDLL 2025-07-27 14:38:50.610466 - Epoch: 0 Iteration: 42  rank : 1  train.loss : 0.9521484375  train.ips : 0.6780446366431561 imgs/s train.total_time : 8.84897494316101 
TCAPPDLL 2025-07-27 14:38:50.612795 - Epoch: 0 Iteration: 42  rank : 3  train.loss : 1.232421875  train.ips : 0.6779693600749925 imgs/s train.total_time : 8.849957466125488 
TCAPPDLL 2025-07-27 14:38:59.125615 - Epoch: 0 Iteration: 43  rank : 0  train.loss : 0.990234375  train.ips : 0.7045585531559634 imgs/s train.total_time : 8.515970706939697 
TCAPPDLL 2025-07-27 14:38:59.128268 - Epoch: 0 Iteration: 43  rank : 1  train.loss : 1.5576171875  train.ips : 0.7044560361045901 imgs/s train.total_time : 8.517210006713867 
TCAPPDLL 2025-07-27 14:38:59.128560 - Epoch: 0 Iteration: 43  rank : 3  train.loss : 1.234375  train.ips : 0.704633852570673 imgs/s train.total_time : 8.515060663223267 
TCAPPDLL 2025-07-27 14:38:59.129799 - Epoch: 0 Iteration: 43  rank : 2  train.loss : 1.296875  train.ips : 0.7042770282402343 imgs/s train.total_time : 8.51937484741211 
TCAPPDLL 2025-07-27 14:39:07.676358 - Epoch: 0 Iteration: 44  rank : 0  train.loss : 0.9013671875  train.ips : 0.7017202248163813 imgs/s train.total_time : 8.550416231155396 
TCAPPDLL 2025-07-27 14:39:07.677180 - Epoch: 0 Iteration: 44  rank : 1  train.loss : 1.42578125  train.ips : 0.7018811975628382 imgs/s train.total_time : 8.548455238342285 
TCAPPDLL 2025-07-27 14:39:07.677547 - Epoch: 0 Iteration: 44  rank : 2  train.loss : 0.921875  train.ips : 0.7019790698536542 imgs/s train.total_time : 8.547263383865356 
TCAPPDLL 2025-07-27 14:39:07.677760 - Epoch: 0 Iteration: 44  rank : 3  train.loss : 0.9375  train.ips : 0.7018673382804459 imgs/s train.total_time : 8.548624038696289 
TCAPPDLL 2025-07-27 14:39:16.791279 - Epoch: 0 Iteration: 45  rank : 0  train.loss : 1.3623046875  train.ips : 0.6582857372448988 imgs/s train.total_time : 9.114583015441895 
TCAPPDLL 2025-07-27 14:39:16.791908 - Epoch: 0 Iteration: 45  rank : 1  train.loss : 1.3564453125  train.ips : 0.6583033875918177 imgs/s train.total_time : 9.114338636398315 
TCAPPDLL 2025-07-27 14:39:16.794223 - Epoch: 0 Iteration: 45  rank : 2  train.loss : 1.271484375  train.ips : 0.658173726962647 imgs/s train.total_time : 9.11613416671753 
TCAPPDLL 2025-07-27 14:39:16.796316 - Epoch: 0 Iteration: 45  rank : 3  train.loss : 0.98583984375  train.ips : 0.6580593629341484 imgs/s train.total_time : 9.11771845817566 
TCAPPDLL 2025-07-27 14:39:25.567721 - Epoch: 0 Iteration: 46  rank : 1  train.loss : 1.1669921875  train.ips : 0.6837377705216432 imgs/s train.total_time : 8.775294065475464 
TCAPPDLL 2025-07-27 14:39:25.568819 - Epoch: 0 Iteration: 46  rank : 2  train.loss : 1.400390625  train.ips : 0.6838282694833726 imgs/s train.total_time : 8.77413272857666 TCAPPDLL 2025-07-27 14:39:25.568764 - Epoch: 0 Iteration: 46  rank : 0  train.loss : 0.998046875  train.ips : 0.6836083713192365 imgs/s train.total_time : 8.776955127716064 

TCAPPDLL 2025-07-27 14:39:25.570167 - Epoch: 0 Iteration: 46  rank : 3  train.loss : 0.98486328125  train.ips : 0.68391050292069 imgs/s train.total_time : 8.773077726364136 
TCAPPDLL 2025-07-27 14:39:34.372367 - Epoch: 0 Iteration: 47  rank : 0  train.loss : 1.013671875  train.ips : 0.6815703006386293 imgs/s train.total_time : 8.803200483322144 
TCAPPDLL 2025-07-27 14:39:34.373039 - Epoch: 0 Iteration: 47  rank : 1  train.loss : 0.87255859375  train.ips : 0.6814405764281325 imgs/s train.total_time : 8.804876327514648 
TCAPPDLL 2025-07-27 14:39:34.375283 - Epoch: 0 Iteration: 47  rank : 3  train.loss : 0.9482421875  train.ips : 0.6814748251701289 imgs/s train.total_time : 8.804433822631836 
TCAPPDLL 2025-07-27 14:39:34.375967 - Epoch: 0 Iteration: 47  rank : 2  train.loss : 0.890625  train.ips : 0.6813078028373585 imgs/s train.total_time : 8.806592226028442 
TCAPPDLL 2025-07-27 14:39:42.731924 - Epoch: 0 Iteration: 48  rank : 0  train.loss : 1.296875  train.ips : 0.7177765394212557 imgs/s train.total_time : 8.359147548675537 
TCAPPDLL 2025-07-27 14:39:42.732461 - Epoch: 0 Iteration: 48  rank : 1  train.loss : 0.94921875  train.ips : 0.7177885568826595 imgs/s train.total_time : 8.359007596969604 
TCAPPDLL 2025-07-27 14:39:42.732923 - Epoch: 0 Iteration: 48  rank : 3  train.loss : 1.6220703125  train.ips : 0.7179586665628968 imgs/s train.total_time : 8.357027053833008 
TCAPPDLL 2025-07-27 14:39:42.734378 - Epoch: 0 Iteration: 48  rank : 2  train.loss : 1.13671875  train.ips : 0.7178957696256764 imgs/s train.total_time : 8.357759237289429 
TCAPPDLL 2025-07-27 14:39:51.504886 - Epoch: 0 Iteration: 49  rank : 0  train.loss : 0.83154296875  train.ips : 0.6839502979957991 imgs/s train.total_time : 8.77256727218628 
TCAPPDLL 2025-07-27 14:39:51.506578 - Epoch: 0 Iteration: 49  rank : 2  train.loss : 1.0302734375  train.ips : 0.6840137454944974 imgs/s train.total_time : 8.771753549575806 
TCAPPDLL 2025-07-27 14:39:51.506740 - Epoch: 0 Iteration: 49  rank : 3  train.loss : 0.853515625  train.ips : 0.6838977159488177 imgs/s train.total_time : 8.773241758346558 
TCAPPDLL 2025-07-27 14:39:51.506962 - Epoch: 0 Iteration: 49  rank : 1  train.loss : 1.646484375  train.ips : 0.6838374674956866 imgs/s train.total_time : 8.774014711380005 
07/27 14:39:51 - mmengine - INFO - Iter(train) [    50/120000]  lr: 9.9963e-03  eta: 11 days, 5:26:31  time: 8.7050  data_time: 0.0713  memory: 4045  loss: 1.0046  decode.loss_context: 0.5763  decode.loss_spatial: 0.4284  decode.acc_seg: 85.0194
TCAPPDLL 2025-07-27 14:40:00.082300 - Epoch: 0 Iteration: 50  rank : 1  train.loss : 1.0859375  train.ips : 0.6997138009850558 imgs/s train.total_time : 8.574934482574463 
TCAPPDLL 2025-07-27 14:40:00.082728 - Epoch: 0 Iteration: 50  rank : 0  train.loss : 1.013671875  train.ips : 0.6995028369588575 imgs/s train.total_time : 8.577520608901978 
TCAPPDLL 2025-07-27 14:40:00.085108 - Epoch: 0 Iteration: 50  rank : 3  train.loss : 1.0390625  train.ips : 0.6994816445099131 imgs/s train.total_time : 8.577780485153198 
TCAPPDLL 2025-07-27 14:40:00.086059 - Epoch: 0 Iteration: 50  rank : 2  train.loss : 0.73193359375  train.ips : 0.6993873050895164 imgs/s train.total_time : 8.578937530517578 
TCAPPDLL 2025-07-27 14:40:08.889028 - Epoch: 0 Iteration: 51  rank : 0  train.loss : 1.3798828125  train.ips : 0.6813560026892713 imgs/s train.total_time : 8.80596923828125 
TCAPPDLL 2025-07-27 14:40:08.889299 - Epoch: 0 Iteration: 51  rank : 1  train.loss : 1.4140625  train.ips : 0.6813012549718609 imgs/s train.total_time : 8.806676864624023 
TCAPPDLL 2025-07-27 14:40:08.890240 - Epoch: 0 Iteration: 51  rank : 2  train.loss : 1.0244140625  train.ips : 0.6815283088084155 imgs/s train.total_time : 8.8037428855896 
TCAPPDLL 2025-07-27 14:40:08.891150 - Epoch: 0 Iteration: 51  rank : 3  train.loss : 0.8349609375  train.ips : 0.6813991909742758 imgs/s train.total_time : 8.805411100387573 
TCAPPDLL 2025-07-27 14:40:17.267921 - Epoch: 0 Iteration: 52  rank : 0  train.loss : 0.74658203125  train.ips : 0.7161146850066459 imgs/s train.total_time : 8.378546237945557 
TCAPPDLL 2025-07-27 14:40:17.270507 - Epoch: 0 Iteration: 52  rank : 3  train.loss : 1.01953125  train.ips : 0.7161027642824247 imgs/s train.total_time : 8.378685712814331 
TCAPPDLL 2025-07-27 14:40:17.270547 - Epoch: 0 Iteration: 52  rank : 1  train.loss : 1.2666015625  train.ips : 0.7159279725791353 imgs/s train.total_time : 8.380731344223022 
TCAPPDLL 2025-07-27 14:40:17.270831 - Epoch: 0 Iteration: 52  rank : 2  train.loss : 2.13671875  train.ips : 0.7159840881196339 imgs/s train.total_time : 8.380074501037598 
TCAPPDLL 2025-07-27 14:40:26.011488 - Epoch: 0 Iteration: 53  rank : 1  train.loss : 1.166015625  train.ips : 0.6864576394082577 imgs/s train.total_time : 8.740524768829346 
TCAPPDLL 2025-07-27 14:40:26.011796 - Epoch: 0 Iteration: 53  rank : 0  train.loss : 0.748046875  train.ips : 0.686220029540989 imgs/s train.total_time : 8.743551254272461 
TCAPPDLL 2025-07-27 14:40:26.013384 - Epoch: 0 Iteration: 53  rank : 2  train.loss : 1.265625  train.ips : 0.6863332359071137 imgs/s train.total_time : 8.742109060287476 
TCAPPDLL 2025-07-27 14:40:26.015036 - Epoch: 0 Iteration: 53  rank : 3  train.loss : 0.958984375  train.ips : 0.6861935533619834 imgs/s train.total_time : 8.74388861656189 
TCAPPDLL 2025-07-27 14:40:34.822516 - Epoch: 0 Iteration: 54  rank : 1  train.loss : 1.2529296875  train.ips : 0.6809897957974252 imgs/s train.total_time : 8.810704708099365 
TCAPPDLL 2025-07-27 14:40:34.823535 - Epoch: 0 Iteration: 54  rank : 0  train.loss : 0.86767578125  train.ips : 0.6809383680986558 imgs/s train.total_time : 8.811370134353638 
TCAPPDLL 2025-07-27 14:40:34.824973 - Epoch: 0 Iteration: 54  rank : 3  train.loss : 1.560546875  train.ips : 0.6810963611673087 imgs/s train.total_time : 8.809326171875 
TCAPPDLL 2025-07-27 14:40:34.826839 - Epoch: 0 Iteration: 54  rank : 2  train.loss : 2.0  train.ips : 0.6808190695384198 imgs/s train.total_time : 8.8129141330719 
TCAPPDLL 2025-07-27 14:40:43.662930 - Epoch: 0 Iteration: 55  rank : 0  train.loss : 0.8388671875  train.ips : 0.6788065986202754 imgs/s train.total_time : 8.839041948318481 
TCAPPDLL 2025-07-27 14:40:43.665644 - Epoch: 0 Iteration: 55  rank : 1  train.loss : 0.8203125  train.ips : 0.6785335828479229 imgs/s train.total_time : 8.84259843826294 
TCAPPDLL 2025-07-27 14:40:43.666249 - Epoch: 0 Iteration: 55  rank : 3  train.loss : 0.97412109375  train.ips : 0.6786873136553269 imgs/s train.total_time : 8.840595483779907 
TCAPPDLL 2025-07-27 14:40:43.667777 - Epoch: 0 Iteration: 55  rank : 2  train.loss : 1.2265625  train.ips : 0.6787127378275581 imgs/s train.total_time : 8.840264320373535 
TCAPPDLL 2025-07-27 14:40:52.014061 - Epoch: 0 Iteration: 56  rank : 1  train.loss : 0.998046875  train.ips : 0.718737464810792 imgs/s train.total_time : 8.347971677780151 
TCAPPDLL 2025-07-27 14:40:52.015619 - Epoch: 0 Iteration: 56  rank : 0  train.loss : 0.712890625  train.ips : 0.7183741941605526 imgs/s train.total_time : 8.352193117141724 
TCAPPDLL 2025-07-27 14:40:52.017292 - Epoch: 0 Iteration: 56  rank : 3  train.loss : 0.904296875  train.ips : 0.7185314719756632 imgs/s train.total_time : 8.350364923477173 
TCAPPDLL 2025-07-27 14:40:52.025500 - Epoch: 0 Iteration: 56  rank : 2  train.loss : 1.052734375  train.ips : 0.7180123762849404 imgs/s train.total_time : 8.356401920318604 
TCAPPDLL 2025-07-27 14:41:00.895350 - Epoch: 0 Iteration: 57  rank : 1  train.loss : 1.0390625  train.ips : 0.6756060483137678 imgs/s train.total_time : 8.88091516494751 
TCAPPDLL 2025-07-27 14:41:00.897015 - Epoch: 0 Iteration: 57  rank : 0  train.loss : 1.169921875  train.ips : 0.6756022757480604 imgs/s train.total_time : 8.880964756011963 
TCAPPDLL 2025-07-27 14:41:00.897577 - Epoch: 0 Iteration: 57  rank : 3  train.loss : 0.8232421875  train.ips : 0.6756888014336323 imgs/s train.total_time : 8.879827499389648 
TCAPPDLL 2025-07-27 14:41:00.900826 - Epoch: 0 Iteration: 57  rank : 2  train.loss : 0.8330078125  train.ips : 0.676114478378438 imgs/s train.total_time : 8.874236822128296 
TCAPPDLL 2025-07-27 14:41:09.704573 - Epoch: 0 Iteration: 58  rank : 0  train.loss : 1.1591796875  train.ips : 0.6812602552840743 imgs/s train.total_time : 8.807206869125366 
TCAPPDLL 2025-07-27 14:41:09.706124 - Epoch: 0 Iteration: 58  rank : 1  train.loss : 0.98583984375  train.ips : 0.6810236490809919 imgs/s train.total_time : 8.810266733169556 TCAPPDLL 2025-07-27 14:41:09.706187 - Epoch: 0 Iteration: 58  rank : 3  train.loss : 0.9453125  train.ips : 0.6811923206465 imgs/s train.total_time : 8.808085203170776 

TCAPPDLL 2025-07-27 14:41:09.706422 - Epoch: 0 Iteration: 58  rank : 2  train.loss : 0.7470703125  train.ips : 0.6814398752506271 imgs/s train.total_time : 8.804885387420654 
TCAPPDLL 2025-07-27 14:41:18.331368 - Epoch: 0 Iteration: 59  rank : 0  train.loss : 0.765625  train.ips : 0.6955363725421236 imgs/s train.total_time : 8.626435995101929 
TCAPPDLL 2025-07-27 14:41:18.333025 - Epoch: 0 Iteration: 59  rank : 1  train.loss : 0.8134765625  train.ips : 0.695548983272795 imgs/s train.total_time : 8.626279592514038 
TCAPPDLL 2025-07-27 14:41:18.333372 - Epoch: 0 Iteration: 59  rank : 3  train.loss : 0.966796875  train.ips : 0.6955233778163525 imgs/s train.total_time : 8.626597166061401 
TCAPPDLL 2025-07-27 14:41:18.334224 - Epoch: 0 Iteration: 59  rank : 2  train.loss : 0.6376953125  train.ips : 0.695477669458647 imgs/s train.total_time : 8.627164125442505 
TCAPPDLL 2025-07-27 14:41:26.740255 - Epoch: 0 Iteration: 60  rank : 0  train.loss : 1.08984375  train.ips : 0.7135590869816351 imgs/s train.total_time : 8.408553838729858 
TCAPPDLL 2025-07-27 14:41:26.742278 - Epoch: 0 Iteration: 60  rank : 1  train.loss : 0.9560546875  train.ips : 0.7135545549389954 imgs/s train.total_time : 8.408607244491577 
TCAPPDLL 2025-07-27 14:41:26.742634 - Epoch: 0 Iteration: 60  rank : 2  train.loss : 0.9931640625  train.ips : 0.7136269126396982 imgs/s train.total_time : 8.40775465965271 TCAPPDLL 2025-07-27 14:41:26.742671 - Epoch: 0 Iteration: 60  rank : 3  train.loss : 1.2685546875  train.ips : 0.7135508322327506 imgs/s train.total_time : 8.408651113510132 

TCAPPDLL 2025-07-27 14:41:35.177873 - Epoch: 0 Iteration: 61  rank : 1  train.loss : 0.9130859375  train.ips : 0.7113117045879163 imgs/s train.total_time : 8.435120582580566 
TCAPPDLL 2025-07-27 14:41:35.180079 - Epoch: 0 Iteration: 61  rank : 0  train.loss : 0.958984375  train.ips : 0.7109440496736573 imgs/s train.total_time : 8.439482688903809 
TCAPPDLL 2025-07-27 14:41:35.182955 - Epoch: 0 Iteration: 61  rank : 2  train.loss : 1.796875  train.ips : 0.7109291272491526 imgs/s train.total_time : 8.439659833908081 
TCAPPDLL 2025-07-27 14:41:35.183561 - Epoch: 0 Iteration: 61  rank : 3  train.loss : 1.234375  train.ips : 0.710876773172002 imgs/s train.total_time : 8.440281391143799 
TCAPPDLL 2025-07-27 14:41:43.850547 - Epoch: 0 Iteration: 62  rank : 1  train.loss : 0.74755859375  train.ips : 0.6918524607024037 imgs/s train.total_time : 8.672369241714478 
TCAPPDLL 2025-07-27 14:41:43.850689 - Epoch: 0 Iteration: 62  rank : 0  train.loss : 0.95703125  train.ips : 0.6920191561349511 imgs/s train.total_time : 8.67028021812439 
TCAPPDLL 2025-07-27 14:41:43.851717 - Epoch: 0 Iteration: 62  rank : 3  train.loss : 0.8544921875  train.ips : 0.6922239349913394 imgs/s train.total_time : 8.667715311050415 
TCAPPDLL 2025-07-27 14:41:43.858265 - Epoch: 0 Iteration: 62  rank : 2  train.loss : 0.810546875  train.ips : 0.6916764352056588 imgs/s train.total_time : 8.67457628250122 
TCAPPDLL 2025-07-27 14:41:52.572204 - Epoch: 0 Iteration: 63  rank : 0  train.loss : 0.73193359375  train.ips : 0.687978456057946 imgs/s train.total_time : 8.721203327178955 
TCAPPDLL 2025-07-27 14:41:52.574228 - Epoch: 0 Iteration: 63  rank : 1  train.loss : 1.2802734375  train.ips : 0.6878227625282821 imgs/s train.total_time : 8.723177433013916 
TCAPPDLL 2025-07-27 14:41:52.574839 - Epoch: 0 Iteration: 63  rank : 3  train.loss : 0.732421875  train.ips : 0.6878744081132246 imgs/s train.total_time : 8.722522497177124 
TCAPPDLL 2025-07-27 14:41:52.574872 - Epoch: 0 Iteration: 63  rank : 2  train.loss : 1.0859375  train.ips : 0.6884002165715771 imgs/s train.total_time : 8.71586012840271 
TCAPPDLL 2025-07-27 14:42:01.361456 - Epoch: 0 Iteration: 64  rank : 0  train.loss : 1.005859375  train.ips : 0.6826774075763996 imgs/s train.total_time : 8.788924217224121 
TCAPPDLL 2025-07-27 14:42:01.363314 - Epoch: 0 Iteration: 64  rank : 1  train.loss : 0.80712890625  train.ips : 0.6827121696994616 imgs/s train.total_time : 8.788476705551147 
TCAPPDLL 2025-07-27 14:42:01.363375 - Epoch: 0 Iteration: 64  rank : 3  train.loss : 0.833984375  train.ips : 0.682756474776101 imgs/s train.total_time : 8.787906408309937 
TCAPPDLL 2025-07-27 14:42:01.363384 - Epoch: 0 Iteration: 64  rank : 2  train.loss : 0.958984375  train.ips : 0.682759308866725 imgs/s train.total_time : 8.787869930267334 
TCAPPDLL 2025-07-27 14:42:10.111399 - Epoch: 0 Iteration: 65  rank : 3  train.loss : 0.7607421875  train.ips : 0.6859056095593332 imgs/s train.total_time : 8.747559309005737 
TCAPPDLL 2025-07-27 14:42:10.114117 - Epoch: 0 Iteration: 65  rank : 0  train.loss : 0.5537109375  train.ips : 0.6855327043963995 imgs/s train.total_time : 8.752317667007446 
TCAPPDLL 2025-07-27 14:42:10.115160 - Epoch: 0 Iteration: 65  rank : 1  train.loss : 1.0029296875  train.ips : 0.6856179820279433 imgs/s train.total_time : 8.751229047775269 
TCAPPDLL 2025-07-27 14:42:10.115275 - Epoch: 0 Iteration: 65  rank : 2  train.loss : 1.5048828125  train.ips : 0.6856157592360848 imgs/s train.total_time : 8.751257419586182 
TCAPPDLL 2025-07-27 14:42:18.978086 - Epoch: 0 Iteration: 66  rank : 1  train.loss : 1.30859375  train.ips : 0.677021660647877 imgs/s train.total_time : 8.862345695495605 
TCAPPDLL 2025-07-27 14:42:18.978155 - Epoch: 0 Iteration: 66  rank : 0  train.loss : 0.84619140625  train.ips : 0.6769291485911566 imgs/s train.total_time : 8.863556861877441 
TCAPPDLL 2025-07-27 14:42:18.978277 - Epoch: 0 Iteration: 66  rank : 3  train.loss : 1.3232421875  train.ips : 0.6767155205303361 imgs/s train.total_time : 8.866354942321777 
TCAPPDLL 2025-07-27 14:42:18.978348 - Epoch: 0 Iteration: 66  rank : 2  train.loss : 0.75  train.ips : 0.6770131914653559 imgs/s train.total_time : 8.862456560134888 
TCAPPDLL 2025-07-27 14:42:27.701772 - Epoch: 0 Iteration: 67  rank : 0  train.loss : 0.8857421875  train.ips : 0.6878187958965306 imgs/s train.total_time : 8.723227739334106 
TCAPPDLL 2025-07-27 14:42:27.703035 - Epoch: 0 Iteration: 67  rank : 2  train.loss : 1.498046875  train.ips : 0.6877521595639895 imgs/s train.total_time : 8.724072933197021 
TCAPPDLL 2025-07-27 14:42:27.703851 - Epoch: 0 Iteration: 67  rank : 1  train.loss : 0.87451171875  train.ips : 0.6876689245824997 imgs/s train.total_time : 8.725128889083862 
TCAPPDLL 2025-07-27 14:42:27.704191 - Epoch: 0 Iteration: 67  rank : 3  train.loss : 1.134765625  train.ips : 0.68765870248339 imgs/s train.total_time : 8.725258588790894 
TCAPPDLL 2025-07-27 14:42:36.236296 - Epoch: 0 Iteration: 68  rank : 0  train.loss : 0.8818359375  train.ips : 0.7030590995344038 imgs/s train.total_time : 8.534133195877075 
TCAPPDLL 2025-07-27 14:42:36.236794 - Epoch: 0 Iteration: 68  rank : 2  train.loss : 0.751953125  train.ips : 0.7031372220750086 imgs/s train.total_time : 8.533185005187988 
TCAPPDLL 2025-07-27 14:42:36.237209 - Epoch: 0 Iteration: 68  rank : 3  train.loss : 0.82861328125  train.ips : 0.7031993081851899 imgs/s train.total_time : 8.532431602478027 
TCAPPDLL 2025-07-27 14:42:36.239084 - Epoch: 0 Iteration: 68  rank : 1  train.loss : 0.71337890625  train.ips : 0.7030218810456086 imgs/s train.total_time : 8.534584999084473 
TCAPPDLL 2025-07-27 14:42:44.610512 - Epoch: 0 Iteration: 69  rank : 3  train.loss : 1.49609375  train.ips : 0.7166001036779475 imgs/s train.total_time : 8.372870683670044 
TCAPPDLL 2025-07-27 14:42:44.610584 - Epoch: 0 Iteration: 69  rank : 0  train.loss : 1.005859375  train.ips : 0.7165109028946122 imgs/s train.total_time : 8.373913049697876 
TCAPPDLL 2025-07-27 14:42:44.611934 - Epoch: 0 Iteration: 69  rank : 2  train.loss : 1.82421875  train.ips : 0.7164546843513342 imgs/s train.total_time : 8.37457013130188 
TCAPPDLL 2025-07-27 14:42:44.612356 - Epoch: 0 Iteration: 69  rank : 1  train.loss : 0.7763671875  train.ips : 0.7166290803485326 imgs/s train.total_time : 8.37253212928772 
TCAPPDLL 2025-07-27 14:42:53.113171 - Epoch: 0 Iteration: 70  rank : 2  train.loss : 0.6220703125  train.ips : 0.7058205444184563 imgs/s train.total_time : 8.500744342803955 
TCAPPDLL 2025-07-27 14:42:53.116167 - Epoch: 0 Iteration: 70  rank : 0  train.loss : 1.1826171875  train.ips : 0.7054453128751453 imgs/s train.total_time : 8.505265951156616 
TCAPPDLL 2025-07-27 14:42:53.118475 - Epoch: 0 Iteration: 70  rank : 3  train.loss : 0.87109375  train.ips : 0.7052681935160049 imgs/s train.total_time : 8.507401943206787 
TCAPPDLL 2025-07-27 14:42:53.119119 - Epoch: 0 Iteration: 70  rank : 1  train.loss : 0.82421875  train.ips : 0.7053711250389357 imgs/s train.total_time : 8.506160497665405 
TCAPPDLL 2025-07-27 14:43:01.897932 - Epoch: 0 Iteration: 71  rank : 0  train.loss : 1.0947265625  train.ips : 0.6832602935297627 imgs/s train.total_time : 8.781426429748535 
TCAPPDLL 2025-07-27 14:43:01.899749 - Epoch: 0 Iteration: 71  rank : 3  train.loss : 0.69140625  train.ips : 0.6833202733332792 imgs/s train.total_time : 8.7806556224823 
TCAPPDLL 2025-07-27 14:43:01.900035 - Epoch: 0 Iteration: 71  rank : 1  train.loss : 0.73583984375  train.ips : 0.6833493115708525 imgs/s train.total_time : 8.780282497406006 
TCAPPDLL 2025-07-27 14:43:01.901127 - Epoch: 0 Iteration: 71  rank : 2  train.loss : 1.673828125  train.ips : 0.6827959874561745 imgs/s train.total_time : 8.787397861480713 
TCAPPDLL 2025-07-27 14:43:10.602742 - Epoch: 0 Iteration: 72  rank : 0  train.loss : 0.93359375  train.ips : 0.6893026255256633 imgs/s train.total_time : 8.704449653625488 
TCAPPDLL 2025-07-27 14:43:10.604306 - Epoch: 0 Iteration: 72  rank : 3  train.loss : 1.92578125  train.ips : 0.6893456186323047 imgs/s train.total_time : 8.703906774520874 
TCAPPDLL 2025-07-27 14:43:10.604964 - Epoch: 0 Iteration: 72  rank : 1  train.loss : 0.6611328125  train.ips : 0.6893141993390853 imgs/s train.total_time : 8.704303503036499 
TCAPPDLL 2025-07-27 14:43:10.605161 - Epoch: 0 Iteration: 72  rank : 2  train.loss : 0.8955078125  train.ips : 0.6893903734121701 imgs/s train.total_time : 8.703341722488403 
TCAPPDLL 2025-07-27 14:43:19.663519 - Epoch: 0 Iteration: 73  rank : 0  train.loss : 0.828125  train.ips : 0.6622204137882907 imgs/s train.total_time : 9.06042742729187 
TCAPPDLL 2025-07-27 14:43:19.665706 - Epoch: 0 Iteration: 73  rank : 3  train.loss : 0.9541015625  train.ips : 0.6621954957603114 imgs/s train.total_time : 9.060768365859985 
TCAPPDLL 2025-07-27 14:43:19.669750 - Epoch: 0 Iteration: 73  rank : 2  train.loss : 0.794921875  train.ips : 0.6619691412796069 imgs/s train.total_time : 9.06386661529541 TCAPPDLL 2025-07-27 14:43:19.669750 - Epoch: 0 Iteration: 73  rank : 1  train.loss : 0.6708984375  train.ips : 0.6619543234644564 imgs/s train.total_time : 9.064069509506226 

TCAPPDLL 2025-07-27 14:43:28.734697 - Epoch: 0 Iteration: 74  rank : 2  train.loss : 0.9208984375  train.ips : 0.6619277714598821 imgs/s train.total_time : 9.064433097839355 
TCAPPDLL 2025-07-27 14:43:28.736752 - Epoch: 0 Iteration: 74  rank : 3  train.loss : 0.71923828125  train.ips : 0.661491909415822 imgs/s train.total_time : 9.070405721664429 TCAPPDLL 2025-07-27 14:43:28.736827 - Epoch: 0 Iteration: 74  rank : 0  train.loss : 0.78173828125  train.ips : 0.6613182362025782 imgs/s train.total_time : 9.072787761688232 

TCAPPDLL 2025-07-27 14:43:28.737108 - Epoch: 0 Iteration: 74  rank : 1  train.loss : 0.845703125  train.ips : 0.6617626049026365 imgs/s train.total_time : 9.06669545173645 
TCAPPDLL 2025-07-27 14:43:37.680026 - Epoch: 0 Iteration: 75  rank : 0  train.loss : 0.87939453125  train.ips : 0.6709347365172394 imgs/s train.total_time : 8.942747592926025 
TCAPPDLL 2025-07-27 14:43:37.681571 - Epoch: 0 Iteration: 75  rank : 2  train.loss : 0.8408203125  train.ips : 0.670666245456395 imgs/s train.total_time : 8.946327686309814 
TCAPPDLL 2025-07-27 14:43:37.681826 - Epoch: 0 Iteration: 75  rank : 3  train.loss : 0.826171875  train.ips : 0.6708101196383262 imgs/s train.total_time : 8.944408893585205 
TCAPPDLL 2025-07-27 14:43:37.685114 - Epoch: 0 Iteration: 75  rank : 1  train.loss : 1.0859375  train.ips : 0.6705866120387634 imgs/s train.total_time : 8.947390079498291 
TCAPPDLL 2025-07-27 14:43:46.314671 - Epoch: 0 Iteration: 76  rank : 0  train.loss : 0.9765625  train.ips : 0.6949052672039339 imgs/s train.total_time : 8.634270429611206 
TCAPPDLL 2025-07-27 14:43:46.315234 - Epoch: 0 Iteration: 76  rank : 1  train.loss : 0.68994140625  train.ips : 0.6952770504752125 imgs/s train.total_time : 8.629653453826904 
TCAPPDLL 2025-07-27 14:43:46.316782 - Epoch: 0 Iteration: 76  rank : 3  train.loss : 1.5380859375  train.ips : 0.6949024273239114 imgs/s train.total_time : 8.634305715560913 
TCAPPDLL 2025-07-27 14:43:46.317516 - Epoch: 0 Iteration: 76  rank : 2  train.loss : 0.8251953125  train.ips : 0.6948301141466479 imgs/s train.total_time : 8.635204315185547 
TCAPPDLL 2025-07-27 14:43:55.020759 - Epoch: 0 Iteration: 77  rank : 0  train.loss : 0.92724609375  train.ips : 0.6892008946474054 imgs/s train.total_time : 8.705734491348267 
TCAPPDLL 2025-07-27 14:43:55.020940 - Epoch: 0 Iteration: 77  rank : 2  train.loss : 1.09375  train.ips : 0.6894274090815697 imgs/s train.total_time : 8.702874183654785 
TCAPPDLL 2025-07-27 14:43:55.022814 - Epoch: 0 Iteration: 77  rank : 1  train.loss : 0.84228515625  train.ips : 0.68909557093498 imgs/s train.total_time : 8.707065105438232 
TCAPPDLL 2025-07-27 14:43:55.023371 - Epoch: 0 Iteration: 77  rank : 3  train.loss : 1.052734375  train.ips : 0.689182681024274 imgs/s train.total_time : 8.7059645652771 
TCAPPDLL 2025-07-27 14:44:03.394131 - Epoch: 0 Iteration: 78  rank : 1  train.loss : 1.08984375  train.ips : 0.7167664657355833 imgs/s train.total_time : 8.370927333831787 
TCAPPDLL 2025-07-27 14:44:03.394496 - Epoch: 0 Iteration: 78  rank : 0  train.loss : 1.416015625  train.ips : 0.7165555413157123 imgs/s train.total_time : 8.373391389846802 
TCAPPDLL 2025-07-27 14:44:03.394805 - Epoch: 0 Iteration: 78  rank : 2  train.loss : 1.2080078125  train.ips : 0.7165466050256504 imgs/s train.total_time : 8.373495817184448 
TCAPPDLL 2025-07-27 14:44:03.400515 - Epoch: 0 Iteration: 78  rank : 3  train.loss : 0.8427734375  train.ips : 0.7163233517495322 imgs/s train.total_time : 8.376105546951294 
TCAPPDLL 2025-07-27 14:44:11.900255 - Epoch: 0 Iteration: 79  rank : 0  train.loss : 0.83984375  train.ips : 0.7054332305833093 imgs/s train.total_time : 8.505411624908447 
TCAPPDLL 2025-07-27 14:44:11.900513 - Epoch: 0 Iteration: 79  rank : 1  train.loss : 0.8798828125  train.ips : 0.7053818409742713 imgs/s train.total_time : 8.506031274795532 
TCAPPDLL 2025-07-27 14:44:11.902539 - Epoch: 0 Iteration: 79  rank : 2  train.loss : 1.0546875  train.ips : 0.7052882951227569 imgs/s train.total_time : 8.50715947151184 
TCAPPDLL 2025-07-27 14:44:11.906506 - Epoch: 0 Iteration: 79  rank : 3  train.loss : 1.064453125  train.ips : 0.7054714761136553 imgs/s train.total_time : 8.504950523376465 
TCAPPDLL 2025-07-27 14:44:20.502494 - Epoch: 0 Iteration: 80  rank : 1  train.loss : 0.8359375  train.ips : 0.697541090865327 imgs/s train.total_time : 8.601643800735474 
TCAPPDLL 2025-07-27 14:44:20.502634 - Epoch: 0 Iteration: 80  rank : 2  train.loss : 0.75537109375  train.ips : 0.6977030532193734 imgs/s train.total_time : 8.599647045135498 
TCAPPDLL 2025-07-27 14:44:20.503097 - Epoch: 0 Iteration: 80  rank : 0  train.loss : 1.158203125  train.ips : 0.6974713396889605 imgs/s train.total_time : 8.602504014968872 
TCAPPDLL 2025-07-27 14:44:20.506113 - Epoch: 0 Iteration: 80  rank : 3  train.loss : 0.810546875  train.ips : 0.6977538910601314 imgs/s train.total_time : 8.59902048110962 
TCAPPDLL 2025-07-27 14:44:29.299231 - Epoch: 0 Iteration: 81  rank : 1  train.loss : 1.125  train.ips : 0.6820928530935293 imgs/s train.total_time : 8.796456336975098 
TCAPPDLL 2025-07-27 14:44:29.302702 - Epoch: 0 Iteration: 81  rank : 0  train.loss : 1.044921875  train.ips : 0.681874623714533 imgs/s train.total_time : 8.799271583557129 
TCAPPDLL 2025-07-27 14:44:29.305857 - Epoch: 0 Iteration: 81  rank : 3  train.loss : 0.91015625  train.ips : 0.6818837507694481 imgs/s train.total_time : 8.799153804779053 
TCAPPDLL 2025-07-27 14:44:29.307875 - Epoch: 0 Iteration: 81  rank : 2  train.loss : 1.125  train.ips : 0.6814631624964418 imgs/s train.total_time : 8.804584503173828 
TCAPPDLL 2025-07-27 14:44:38.032569 - Epoch: 0 Iteration: 82  rank : 0  train.loss : 1.408203125  train.ips : 0.6873233081823754 imgs/s train.total_time : 8.72951626777649 
TCAPPDLL 2025-07-27 14:44:38.033772 - Epoch: 0 Iteration: 82  rank : 1  train.loss : 1.4921875  train.ips : 0.6869625867557022 imgs/s train.total_time : 8.734100103378296 
TCAPPDLL 2025-07-27 14:44:38.034203 - Epoch: 0 Iteration: 82  rank : 2  train.loss : 1.0107421875  train.ips : 0.6876321527523512 imgs/s train.total_time : 8.725595474243164 
TCAPPDLL 2025-07-27 14:44:38.035334 - Epoch: 0 Iteration: 82  rank : 3  train.loss : 1.078125  train.ips : 0.6873747285894222 imgs/s train.total_time : 8.72886323928833 
TCAPPDLL 2025-07-27 14:44:46.627429 - Epoch: 0 Iteration: 83  rank : 1  train.loss : 0.82080078125  train.ips : 0.6982253836583321 imgs/s train.total_time : 8.5932137966156 
TCAPPDLL 2025-07-27 14:44:46.627915 - Epoch: 0 Iteration: 83  rank : 3  train.loss : 0.6728515625  train.ips : 0.6983109032522963 imgs/s train.total_time : 8.592161417007446 
TCAPPDLL 2025-07-27 14:44:46.628610 - Epoch: 0 Iteration: 83  rank : 0  train.loss : 0.71044921875  train.ips : 0.6980369618786939 imgs/s train.total_time : 8.59553337097168 
TCAPPDLL 2025-07-27 14:44:46.630829 - Epoch: 0 Iteration: 83  rank : 2  train.loss : 0.779296875  train.ips : 0.698008307593993 imgs/s train.total_time : 8.59588623046875 
TCAPPDLL 2025-07-27 14:44:54.901231 - Epoch: 0 Iteration: 84  rank : 1  train.loss : 1.0234375  train.ips : 0.7252108971897867 imgs/s train.total_time : 8.273455381393433 
TCAPPDLL 2025-07-27 14:44:54.901445 - Epoch: 0 Iteration: 84  rank : 2  train.loss : 0.705078125  train.ips : 0.7255030102416107 imgs/s train.total_time : 8.270124197006226 
TCAPPDLL 2025-07-27 14:44:54.901670 - Epoch: 0 Iteration: 84  rank : 0  train.loss : 0.76025390625  train.ips : 0.725280412643231 imgs/s train.total_time : 8.27266240119934 
TCAPPDLL 2025-07-27 14:44:54.902545 - Epoch: 0 Iteration: 84  rank : 3  train.loss : 0.8818359375  train.ips : 0.7251348551071537 imgs/s train.total_time : 8.274322986602783 
TCAPPDLL 2025-07-27 14:45:03.596488 - Epoch: 0 Iteration: 85  rank : 1  train.loss : 0.7666015625  train.ips : 0.6900569815123706 imgs/s train.total_time : 8.694934129714966 
TCAPPDLL 2025-07-27 14:45:03.597041 - Epoch: 0 Iteration: 85  rank : 0  train.loss : 0.9658203125  train.ips : 0.6900511915394076 imgs/s train.total_time : 8.695007085800171 
TCAPPDLL 2025-07-27 14:45:03.598150 - Epoch: 0 Iteration: 85  rank : 2  train.loss : 0.94140625  train.ips : 0.6899619133754245 imgs/s train.total_time : 8.696132183074951 
TCAPPDLL 2025-07-27 14:45:03.598831 - Epoch: 0 Iteration: 85  rank : 3  train.loss : 0.82275390625  train.ips : 0.689990364852984 imgs/s train.total_time : 8.695773601531982 
TCAPPDLL 2025-07-27 14:45:12.127596 - Epoch: 0 Iteration: 86  rank : 0  train.loss : 0.849609375  train.ips : 0.7033831945302197 imgs/s train.total_time : 8.530200958251953 
TCAPPDLL 2025-07-27 14:45:12.129212 - Epoch: 0 Iteration: 86  rank : 1  train.loss : 0.7080078125  train.ips : 0.7032171697962788 imgs/s train.total_time : 8.532214879989624 
TCAPPDLL 2025-07-27 14:45:12.129316 - Epoch: 0 Iteration: 86  rank : 2  train.loss : 1.08984375  train.ips : 0.7033537654661842 imgs/s train.total_time : 8.530557870864868 
TCAPPDLL 2025-07-27 14:45:12.130563 - Epoch: 0 Iteration: 86  rank : 3  train.loss : 0.75439453125  train.ips : 0.7033054890490411 imgs/s train.total_time : 8.531143426895142 
TCAPPDLL 2025-07-27 14:45:20.713475 - Epoch: 0 Iteration: 87  rank : 1  train.loss : 0.94384765625  train.ips : 0.6989870588443118 imgs/s train.total_time : 8.583849906921387 
TCAPPDLL 2025-07-27 14:45:20.713819 - Epoch: 0 Iteration: 87  rank : 0  train.loss : 1.0859375  train.ips : 0.6988205993959988 imgs/s train.total_time : 8.585894584655762 
TCAPPDLL 2025-07-27 14:45:20.715638 - Epoch: 0 Iteration: 87  rank : 3  train.loss : 0.7763671875  train.ips : 0.6989207838876609 imgs/s train.total_time : 8.58466386795044 
TCAPPDLL 2025-07-27 14:45:20.715546 - Epoch: 0 Iteration: 87  rank : 2  train.loss : 0.681640625  train.ips : 0.6988438283058167 imgs/s train.total_time : 8.585609197616577 
TCAPPDLL 2025-07-27 14:45:29.027936 - Epoch: 0 Iteration: 88  rank : 2  train.loss : 0.89013671875  train.ips : 0.721857928324967 imgs/s train.total_time : 8.311884880065918 
TCAPPDLL 2025-07-27 14:45:29.030050 - Epoch: 0 Iteration: 88  rank : 1  train.loss : 0.93408203125  train.ips : 0.721480100143262 imgs/s train.total_time : 8.316237688064575 TCAPPDLL 2025-07-27 14:45:29.030028 - Epoch: 0 Iteration: 88  rank : 0  train.loss : 1.1953125  train.ips : 0.7215105898603916 imgs/s train.total_time : 8.31588625907898 

TCAPPDLL 2025-07-27 14:45:29.032899 - Epoch: 0 Iteration: 88  rank : 3  train.loss : 0.701171875  train.ips : 0.7214308338759295 imgs/s train.total_time : 8.316805601119995 
TCAPPDLL 2025-07-27 14:45:37.530845 - Epoch: 0 Iteration: 89  rank : 0  train.loss : 0.8251953125  train.ips : 0.7058410734670814 imgs/s train.total_time : 8.500497102737427 
TCAPPDLL 2025-07-27 14:45:37.532272 - Epoch: 0 Iteration: 89  rank : 1  train.loss : 0.8916015625  train.ips : 0.705729850803527 imgs/s train.total_time : 8.501836776733398 
TCAPPDLL 2025-07-27 14:45:37.532474 - Epoch: 0 Iteration: 89  rank : 3  train.loss : 0.83935546875  train.ips : 0.7059500736138894 imgs/s train.total_time : 8.499184608459473 
TCAPPDLL 2025-07-27 14:45:37.532704 - Epoch: 0 Iteration: 89  rank : 2  train.loss : 0.7197265625  train.ips : 0.705529069761574 imgs/s train.total_time : 8.504256248474121 
TCAPPDLL 2025-07-27 14:45:46.017471 - Epoch: 0 Iteration: 90  rank : 0  train.loss : 0.9248046875  train.ips : 0.7070227011332951 imgs/s train.total_time : 8.486290454864502 
TCAPPDLL 2025-07-27 14:45:46.017658 - Epoch: 0 Iteration: 90  rank : 1  train.loss : 0.96142578125  train.ips : 0.7071283112204565 imgs/s train.total_time : 8.485023021697998 
TCAPPDLL 2025-07-27 14:45:46.019634 - Epoch: 0 Iteration: 90  rank : 3  train.loss : 1.16796875  train.ips : 0.7069766804220843 imgs/s train.total_time : 8.48684287071228 
TCAPPDLL 2025-07-27 14:45:46.020590 - Epoch: 0 Iteration: 90  rank : 2  train.loss : 0.841796875  train.ips : 0.7069458775013729 imgs/s train.total_time : 8.487212657928467 
TCAPPDLL 2025-07-27 14:45:54.739762 - Epoch: 0 Iteration: 91  rank : 0  train.loss : 0.8388671875  train.ips : 0.6879188592308786 imgs/s train.total_time : 8.721958875656128 
TCAPPDLL 2025-07-27 14:45:54.741133 - Epoch: 0 Iteration: 91  rank : 1  train.loss : 0.671875  train.ips : 0.6878325383089544 imgs/s train.total_time : 8.723053455352783 
TCAPPDLL 2025-07-27 14:45:54.741802 - Epoch: 0 Iteration: 91  rank : 3  train.loss : 0.8359375  train.ips : 0.6879270205086294 imgs/s train.total_time : 8.721855401992798 
TCAPPDLL 2025-07-27 14:45:54.742095 - Epoch: 0 Iteration: 91  rank : 2  train.loss : 0.9091796875  train.ips : 0.6880050701565859 imgs/s train.total_time : 8.720865964889526 
TCAPPDLL 2025-07-27 14:46:03.205876 - Epoch: 0 Iteration: 92  rank : 1  train.loss : 0.9453125  train.ips : 0.7088568345926808 imgs/s train.total_time : 8.464332580566406 
TCAPPDLL 2025-07-27 14:46:03.205954 - Epoch: 0 Iteration: 92  rank : 0  train.loss : 0.7431640625  train.ips : 0.7087307674186252 imgs/s train.total_time : 8.465838193893433 
TCAPPDLL 2025-07-27 14:46:03.206042 - Epoch: 0 Iteration: 92  rank : 2  train.loss : 0.83203125  train.ips : 0.7089346333244765 imgs/s train.total_time : 8.463403701782227 
TCAPPDLL 2025-07-27 14:46:03.209924 - Epoch: 0 Iteration: 92  rank : 3  train.loss : 0.787109375  train.ips : 0.7085872671332988 imgs/s train.total_time : 8.467552661895752 
TCAPPDLL 2025-07-27 14:46:11.926561 - Epoch: 0 Iteration: 93  rank : 1  train.loss : 1.1904296875  train.ips : 0.6880447600224116 imgs/s train.total_time : 8.720362901687622 TCAPPDLL 2025-07-27 14:46:11.926585 - Epoch: 0 Iteration: 93  rank : 2  train.loss : 0.880859375  train.ips : 0.6880572698628371 imgs/s train.total_time : 8.72020435333252 

TCAPPDLL 2025-07-27 14:46:11.928133 - Epoch: 0 Iteration: 93  rank : 0  train.loss : 0.9306640625  train.ips : 0.6879285249127625 imgs/s train.total_time : 8.72183632850647 
TCAPPDLL 2025-07-27 14:46:11.928985 - Epoch: 0 Iteration: 93  rank : 3  train.loss : 1.060546875  train.ips : 0.6881949081369868 imgs/s train.total_time : 8.718460321426392 
TCAPPDLL 2025-07-27 14:46:20.343884 - Epoch: 0 Iteration: 94  rank : 0  train.loss : 0.89306640625  train.ips : 0.712980685244789 imgs/s train.total_time : 8.415375232696533 
TCAPPDLL 2025-07-27 14:46:20.345398 - Epoch: 0 Iteration: 94  rank : 1  train.loss : 0.681640625  train.ips : 0.7127180852303621 imgs/s train.total_time : 8.418475866317749 
TCAPPDLL 2025-07-27 14:46:20.345866 - Epoch: 0 Iteration: 94  rank : 2  train.loss : 1.26953125  train.ips : 0.7126921688924033 imgs/s train.total_time : 8.418781995773315 
TCAPPDLL 2025-07-27 14:46:20.348569 - Epoch: 0 Iteration: 94  rank : 3  train.loss : 0.7177734375  train.ips : 0.7126780408415573 imgs/s train.total_time : 8.418948888778687 
TCAPPDLL 2025-07-27 14:46:28.875121 - Epoch: 0 Iteration: 95  rank : 2  train.loss : 1.0673828125  train.ips : 0.7034984181657835 imgs/s train.total_time : 8.528803825378418 
TCAPPDLL 2025-07-27 14:46:28.876219 - Epoch: 0 Iteration: 95  rank : 3  train.loss : 0.71875  train.ips : 0.703629752277593 imgs/s train.total_time : 8.527211904525757 
TCAPPDLL 2025-07-27 14:46:28.876388 - Epoch: 0 Iteration: 95  rank : 0  train.loss : 0.85546875  train.ips : 0.7032339514985378 imgs/s train.total_time : 8.532011270523071 
TCAPPDLL 2025-07-27 14:46:28.877406 - Epoch: 0 Iteration: 95  rank : 1  train.loss : 1.0947265625  train.ips : 0.7032802920206975 imgs/s train.total_time : 8.53144907951355 
TCAPPDLL 2025-07-27 14:46:37.471137 - Epoch: 0 Iteration: 96  rank : 1  train.loss : 1.4990234375  train.ips : 0.6982207537207857 imgs/s train.total_time : 8.593270778656006 
TCAPPDLL 2025-07-27 14:46:37.472412 - Epoch: 0 Iteration: 96  rank : 0  train.loss : 0.689453125  train.ips : 0.6980300885080938 imgs/s train.total_time : 8.59561800956726 
TCAPPDLL 2025-07-27 14:46:37.473334 - Epoch: 0 Iteration: 96  rank : 2  train.loss : 0.9384765625  train.ips : 0.6978614332442592 imgs/s train.total_time : 8.597695350646973 
TCAPPDLL 2025-07-27 14:46:37.474424 - Epoch: 0 Iteration: 96  rank : 3  train.loss : 0.86181640625  train.ips : 0.6978614719483849 imgs/s train.total_time : 8.597694873809814 
TCAPPDLL 2025-07-27 14:46:45.813981 - Epoch: 0 Iteration: 97  rank : 1  train.loss : 0.5390625  train.ips : 0.7192090165881064 imgs/s train.total_time : 8.342498302459717 
TCAPPDLL 2025-07-27 14:46:45.814130 - Epoch: 0 Iteration: 97  rank : 2  train.loss : 0.67431640625  train.ips : 0.7193945037715448 imgs/s train.total_time : 8.340347290039062 
TCAPPDLL 2025-07-27 14:46:45.814735 - Epoch: 0 Iteration: 97  rank : 0  train.loss : 0.96728515625  train.ips : 0.7192578770734934 imgs/s train.total_time : 8.341931581497192 
TCAPPDLL 2025-07-27 14:46:45.815455 - Epoch: 0 Iteration: 97  rank : 3  train.loss : 0.986328125  train.ips : 0.7193723562359338 imgs/s train.total_time : 8.340604066848755 
TCAPPDLL 2025-07-27 14:46:54.115180 - Epoch: 0 Iteration: 98  rank : 2  train.loss : 0.91796875  train.ips : 0.7228291972762769 imgs/s train.total_time : 8.300716161727905 
TCAPPDLL 2025-07-27 14:46:54.116223 - Epoch: 0 Iteration: 98  rank : 0  train.loss : 0.716796875  train.ips : 0.7227967068777205 imgs/s train.total_time : 8.3010892868042 
TCAPPDLL 2025-07-27 14:46:54.117085 - Epoch: 0 Iteration: 98  rank : 1  train.loss : 0.955078125  train.ips : 0.7226643879864806 imgs/s train.total_time : 8.302609205245972 
TCAPPDLL 2025-07-27 14:46:54.118659 - Epoch: 0 Iteration: 98  rank : 3  train.loss : 0.6494140625  train.ips : 0.7226582454156639 imgs/s train.total_time : 8.302679777145386 
TCAPPDLL 2025-07-27 14:47:02.780942 - Epoch: 0 Iteration: 99  rank : 0  train.loss : 1.37109375  train.ips : 0.6924906831889653 imgs/s train.total_time : 8.664376497268677 
TCAPPDLL 2025-07-27 14:47:02.781217 - Epoch: 0 Iteration: 99  rank : 1  train.loss : 0.798828125  train.ips : 0.6925450523438491 imgs/s train.total_time : 8.6636962890625 
TCAPPDLL 2025-07-27 14:47:02.783202 - Epoch: 0 Iteration: 99  rank : 2  train.loss : 0.6689453125  train.ips : 0.692244747061804 imgs/s train.total_time : 8.667454719543457 
07/27 14:47:02 - mmengine - INFO - Iter(train) [   100/120000]  lr: 9.9926e-03  eta: 11 days, 14:17:49  time: 8.5246  data_time: 0.0544  memory: 4042  loss: 0.8931  decode.loss_context: 0.5333  decode.loss_spatial: 0.3598  decode.acc_seg: 74.1780
TCAPPDLL 2025-07-27 14:47:02.783690 - Epoch: 0 Iteration: 99  rank : 3  train.loss : 0.67626953125  train.ips : 0.6924739530041722 imgs/s train.total_time : 8.664585828781128 
TCAPPDLL 2025-07-27 14:47:11.084600 - Epoch: 0 Iteration: 100  rank : 0  train.loss : 0.568359375  train.ips : 0.7226020955377616 imgs/s train.total_time : 8.303324937820435 
TCAPPDLL 2025-07-27 14:47:11.084717 - Epoch: 0 Iteration: 100  rank : 2  train.loss : 0.86328125  train.ips : 0.7227998831265257 imgs/s train.total_time : 8.301052808761597 
TCAPPDLL 2025-07-27 14:47:11.086436 - Epoch: 0 Iteration: 100  rank : 1  train.loss : 0.98828125  train.ips : 0.7224813800266005 imgs/s train.total_time : 8.304712295532227 
TCAPPDLL 2025-07-27 14:47:11.087507 - Epoch: 0 Iteration: 100  rank : 3  train.loss : 0.8544921875  train.ips : 0.7226036931779026 imgs/s train.total_time : 8.303306579589844 
