Training with a single process on 1 device (cuda).
Model mobileone_s0 created, param count:5293272
Data processing configuration for current model + dataset:
	input_size: (3, 224, 224)
	interpolation: bilinear
	mean: (0.485, 0.456, 0.406)
	std: (0.229, 0.224, 0.225)
	crop_pct: 0.875
	crop_mode: center
Created SGD (sgd) optimizer: lr: 0.4, momentum: 0.9, dampening: 0, weight_decay: 2e-05, nesterov: True, maximize: False, foreach: None, differentiable: False, fused: None
Using native Torch AMP. Training in mixed precision.
Scheduled epochs: 1 (epochs + cooldown_epochs). Warmup within epochs when warmup_prefix=False. LR stepped per epoch.
TCAPPDLL 2025-12-12 14:19:08.123186 - Epoch: 0 Iteration: 0  rank : 0  train.loss : 6.877630233764648  train.ips : 77225.39010356732 imgs/s train.total_time : 0.0002071857452392578
TCAPPDLL 2025-12-12 14:19:08.202421 - Epoch: 0 Iteration: 1  rank : 0  train.loss : 6.907402038574219  train.ips : 89240.51063829787 imgs/s train.total_time : 0.000179290771484375
TCAPPDLL 2025-12-12 14:19:08.272381 - Epoch: 0 Iteration: 2  rank : 0  train.loss : 6.914637565612793  train.ips : 120051.63506261181 imgs/s train.total_time : 0.00013327598571777344
TCAPPDLL 2025-12-12 14:19:08.340083 - Epoch: 0 Iteration: 3  rank : 0  train.loss : 7.0128021240234375  train.ips : 116711.06782608696 imgs/s train.total_time : 0.00013709068298339844
TCAPPDLL 2025-12-12 14:19:09.783557 - Epoch: 0 Iteration: 4  rank : 0  train.loss : 6.978659629821777  train.ips : 82544.72816728168 imgs/s train.total_time : 0.0001938343048095703
TCAPPDLL 2025-12-12 14:19:09.857919 - Epoch: 0 Iteration: 5  rank : 0  train.loss : 6.940940856933594  train.ips : 104206.3105590062 imgs/s train.total_time : 0.00015354156494140625
TCAPPDLL 2025-12-12 14:19:09.964482 - Epoch: 0 Iteration: 6  rank : 0  train.loss : 7.009099960327148  train.ips : 79231.24439197166 imgs/s train.total_time : 0.00020194053649902344
TCAPPDLL 2025-12-12 14:19:11.099515 - Epoch: 0 Iteration: 7  rank : 0  train.loss : 6.885886192321777  train.ips : 86147.45057766367 imgs/s train.total_time : 0.0001857280731201172
TCAPPDLL 2025-12-12 14:19:12.734407 - Epoch: 0 Iteration: 8  rank : 0  train.loss : 6.919925689697266  train.ips : 80273.76076555024 imgs/s train.total_time : 0.00019931793212890625
TCAPPDLL 2025-12-12 14:19:12.817293 - Epoch: 0 Iteration: 9  rank : 0  train.loss : 6.884617328643799  train.ips : 76520.93956670468 imgs/s train.total_time : 0.0002090930938720703
TCAPPDLL 2025-12-12 14:19:12.897993 - Epoch: 0 Iteration: 10  rank : 0  train.loss : 6.98875093460083  train.ips : 96838.18759018759 imgs/s train.total_time : 0.0001652240753173828
TCAPPDLL 2025-12-12 14:19:14.230963 - Epoch: 0 Iteration: 11  rank : 0  train.loss : 6.926123142242432  train.ips : 67923.95141700405 imgs/s train.total_time : 0.00023555755615234375
TCAPPDLL 2025-12-12 14:19:15.479822 - Epoch: 0 Iteration: 12  rank : 0  train.loss : 6.921834945678711  train.ips : 80562.8619447779 imgs/s train.total_time : 0.00019860267639160156
TCAPPDLL 2025-12-12 14:19:15.577874 - Epoch: 0 Iteration: 13  rank : 0  train.loss : 6.9049458503723145  train.ips : 45808.09829351536 imgs/s train.total_time : 0.00034928321838378906
TCAPPDLL 2025-12-12 14:19:15.666699 - Epoch: 0 Iteration: 14  rank : 0  train.loss : 6.888701915740967  train.ips : 89121.9973439575 imgs/s train.total_time : 0.00017952919006347656
TCAPPDLL 2025-12-12 14:19:16.906969 - Epoch: 0 Iteration: 15  rank : 0  train.loss : 6.8962860107421875  train.ips : 45528.40162822252 imgs/s train.total_time : 0.0003514289855957031
TCAPPDLL 2025-12-12 14:19:17.186584 - Epoch: 0 Iteration: 16  rank : 0  train.loss : 6.972851276397705  train.ips : 51424.41685823755 imgs/s train.total_time : 0.00031113624572753906
TCAPPDLL 2025-12-12 14:19:17.275864 - Epoch: 0 Iteration: 17  rank : 0  train.loss : 6.889675140380859  train.ips : 50006.60506706408 imgs/s train.total_time : 0.0003199577331542969
TCAPPDLL 2025-12-12 14:19:17.365118 - Epoch: 0 Iteration: 18  rank : 0  train.loss : 6.935891628265381  train.ips : 43976.9750982962 imgs/s train.total_time : 0.0003638267517089844
TCAPPDLL 2025-12-12 14:19:19.688402 - Epoch: 0 Iteration: 19  rank : 0  train.loss : 6.937614440917969  train.ips : 61567.76513761468 imgs/s train.total_time : 0.0002598762512207031
TCAPPDLL 2025-12-12 14:19:20.169596 - Epoch: 0 Iteration: 20  rank : 0  train.loss : 6.84142541885376  train.ips : 58610.3615720524 imgs/s train.total_time : 0.00027298927307128906
TCAPPDLL 2025-12-12 14:19:20.260624 - Epoch: 0 Iteration: 21  rank : 0  train.loss : 6.900371551513672  train.ips : 78124.40512223516 imgs/s train.total_time : 0.0002048015594482422
TCAPPDLL 2025-12-12 14:19:20.342754 - Epoch: 0 Iteration: 22  rank : 0  train.loss : 7.043312072753906  train.ips : 79231.24439197166 imgs/s train.total_time : 0.00020194053649902344
TCAPPDLL 2025-12-12 14:19:23.182316 - Epoch: 0 Iteration: 23  rank : 0  train.loss : 7.017216682434082  train.ips : 136123.45638945233 imgs/s train.total_time : 0.00011754035949707031
TCAPPDLL 2025-12-12 14:19:23.266984 - Epoch: 0 Iteration: 24  rank : 0  train.loss : 6.96966552734375  train.ips : 107892.06430868167 imgs/s train.total_time : 0.00014829635620117188
TCAPPDLL 2025-12-12 14:19:23.353493 - Epoch: 0 Iteration: 25  rank : 0  train.loss : 7.023890495300293  train.ips : 85926.84250960307 imgs/s train.total_time : 0.0001862049102783203
TCAPPDLL 2025-12-12 14:19:23.430539 - Epoch: 0 Iteration: 26  rank : 0  train.loss : 6.903723239898682  train.ips : 83158.44361833953 imgs/s train.total_time : 0.00019240379333496094
TCAPPDLL 2025-12-12 14:19:25.780170 - Epoch: 0 Iteration: 27  rank : 0  train.loss : 6.909868240356445  train.ips : 82040.1760391198 imgs/s train.total_time : 0.00019502639770507812
TCAPPDLL 2025-12-12 14:19:25.854994 - Epoch: 0 Iteration: 28  rank : 0  train.loss : 6.864475250244141  train.ips : 87154.36883116883 imgs/s train.total_time : 0.00018358230590820312
TCAPPDLL 2025-12-12 14:19:25.929744 - Epoch: 0 Iteration: 29  rank : 0  train.loss : 6.98687744140625  train.ips : 83572.68244084682 imgs/s train.total_time : 0.0001914501190185547
TCAPPDLL 2025-12-12 14:19:26.005159 - Epoch: 0 Iteration: 30  rank : 0  train.loss : 6.982049942016602  train.ips : 73746.0043956044 imgs/s train.total_time : 0.00021696090698242188
TCAPPDLL 2025-12-12 14:19:28.562152 - Epoch: 0 Iteration: 31  rank : 0  train.loss : 6.855717658996582  train.ips : 77403.53402537486 imgs/s train.total_time : 0.0002067089080810547
TCAPPDLL 2025-12-12 14:19:28.647774 - Epoch: 0 Iteration: 32  rank : 0  train.loss : 7.0359625816345215  train.ips : 119198.69271758437 imgs/s train.total_time : 0.0001342296600341797
TCAPPDLL 2025-12-12 14:19:28.725585 - Epoch: 0 Iteration: 33  rank : 0  train.loss : 6.950498104095459  train.ips : 71928.04287245445 imgs/s train.total_time : 0.0002224445343017578
TCAPPDLL 2025-12-12 14:19:28.805133 - Epoch: 0 Iteration: 34  rank : 0  train.loss : 6.983122825622559  train.ips : 85163.53299492385 imgs/s train.total_time : 0.00018787384033203125
TCAPPDLL 2025-12-12 14:19:31.199686 - Epoch: 0 Iteration: 35  rank : 0  train.loss : 6.985937118530273  train.ips : 77048.06429391504 imgs/s train.total_time : 0.00020766258239746094
TCAPPDLL 2025-12-12 14:19:31.282950 - Epoch: 0 Iteration: 36  rank : 0  train.loss : 7.003017425537109  train.ips : 118149.40845070423 imgs/s train.total_time : 0.0001354217529296875
TCAPPDLL 2025-12-12 14:19:31.372697 - Epoch: 0 Iteration: 37  rank : 0  train.loss : 6.896757125854492  train.ips : 72005.21888412017 imgs/s train.total_time : 0.00022220611572265625
TCAPPDLL 2025-12-12 14:19:31.452454 - Epoch: 0 Iteration: 38  rank : 0  train.loss : 6.951869010925293  train.ips : 83991.06883604506 imgs/s train.total_time : 0.00019049644470214844
TCAPPDLL 2025-12-12 14:19:33.658235 - Epoch: 0 Iteration: 39  rank : 0  train.loss : 6.851956367492676  train.ips : 84413.66540880503 imgs/s train.total_time : 0.0001895427703857422
TCAPPDLL 2025-12-12 14:19:33.740388 - Epoch: 0 Iteration: 40  rank : 0  train.loss : 6.9763078689575195  train.ips : 117323.18881118881 imgs/s train.total_time : 0.00013637542724609375
TCAPPDLL 2025-12-12 14:19:33.822661 - Epoch: 0 Iteration: 41  rank : 0  train.loss : 7.014651775360107  train.ips : 83261.61786600496 imgs/s train.total_time : 0.00019216537475585938
TCAPPDLL 2025-12-12 14:19:33.905800 - Epoch: 0 Iteration: 42  rank : 0  train.loss : 6.943837642669678  train.ips : 83991.06883604506 imgs/s train.total_time : 0.00019049644470214844
TCAPPDLL 2025-12-12 14:19:35.164526 - Epoch: 0 Iteration: 43  rank : 0  train.loss : 7.02299690246582  train.ips : 66182.31163708087 imgs/s train.total_time : 0.00024175643920898438
TCAPPDLL 2025-12-12 14:19:35.372827 - Epoch: 0 Iteration: 44  rank : 0  train.loss : 6.883548736572266  train.ips : 74235.46902654867 imgs/s train.total_time : 0.0002155303955078125
TCAPPDLL 2025-12-12 14:19:35.457971 - Epoch: 0 Iteration: 45  rank : 0  train.loss : 6.983344554901123  train.ips : 86703.95865633075 imgs/s train.total_time : 0.00018453598022460938
TCAPPDLL 2025-12-12 14:19:35.536535 - Epoch: 0 Iteration: 46  rank : 0  train.loss : 7.044468879699707  train.ips : 125907.81238273921 imgs/s train.total_time : 0.0001270771026611328
TCAPPDLL 2025-12-12 14:19:37.923820 - Epoch: 0 Iteration: 47  rank : 0  train.loss : 6.935612678527832  train.ips : 71165.28525980913 imgs/s train.total_time : 0.00022482872009277344
TCAPPDLL 2025-12-12 14:19:38.011128 - Epoch: 0 Iteration: 48  rank : 0  train.loss : 6.944464206695557  train.ips : 105683.25039370079 imgs/s train.total_time : 0.0001513957977294922
TCAPPDLL 2025-12-12 14:19:38.090920 - Epoch: 0 Iteration: 49  rank : 0  train.loss : 6.944297790527344  train.ips : 87724.00522875816 imgs/s train.total_time : 0.0001823902130126953
TCAPPDLL 2025-12-12 14:19:38.165491 - Epoch: 0 Iteration: 50  rank : 0  train.loss : 6.84143590927124  train.ips : 129804.37911025145 imgs/s train.total_time : 0.0001232624053955078
TCAPPDLL 2025-12-12 14:19:40.920196 - Epoch: 0 Iteration: 51  rank : 0  train.loss : 6.998893737792969  train.ips : 72786.18655097614 imgs/s train.total_time : 0.00021982192993164062
TCAPPDLL 2025-12-12 14:19:41.010770 - Epoch: 0 Iteration: 52  rank : 0  train.loss : 6.912631034851074  train.ips : 67378.37751004015 imgs/s train.total_time : 0.00023746490478515625
TCAPPDLL 2025-12-12 14:19:41.093353 - Epoch: 0 Iteration: 53  rank : 0  train.loss : 6.95587158203125  train.ips : 88651.07529722589 imgs/s train.total_time : 0.0001804828643798828
TCAPPDLL 2025-12-12 14:19:41.174493 - Epoch: 0 Iteration: 54  rank : 0  train.loss : 6.928922653198242  train.ips : 82748.29099876696 imgs/s train.total_time : 0.0001933574676513672
TCAPPDLL 2025-12-12 14:19:43.534661 - Epoch: 0 Iteration: 55  rank : 0  train.loss : 6.969510078430176  train.ips : 72160.0688172043 imgs/s train.total_time : 0.00022172927856445312
TCAPPDLL 2025-12-12 14:19:43.620659 - Epoch: 0 Iteration: 56  rank : 0  train.loss : 6.939711570739746  train.ips : 86258.17994858611 imgs/s train.total_time : 0.00018548965454101562
TCAPPDLL 2025-12-12 14:19:43.704499 - Epoch: 0 Iteration: 57  rank : 0  train.loss : 6.958502769470215  train.ips : 77492.91454965358 imgs/s train.total_time : 0.00020647048950195312
TCAPPDLL 2025-12-12 14:19:43.784805 - Epoch: 0 Iteration: 58  rank : 0  train.loss : 6.960569381713867  train.ips : 77942.93147502904 imgs/s train.total_time : 0.0002052783966064453
TCAPPDLL 2025-12-12 14:19:46.138936 - Epoch: 0 Iteration: 59  rank : 0  train.loss : 6.928344249725342  train.ips : 73343.02076502732 imgs/s train.total_time : 0.0002181529998779297
TCAPPDLL 2025-12-12 14:19:46.226058 - Epoch: 0 Iteration: 60  rank : 0  train.loss : 6.850866794586182  train.ips : 80756.75571600482 imgs/s train.total_time : 0.00019812583923339844
TCAPPDLL 2025-12-12 14:19:46.308639 - Epoch: 0 Iteration: 61  rank : 0  train.loss : 6.9878830909729  train.ips : 82241.25490196078 imgs/s train.total_time : 0.000194549560546875
TCAPPDLL 2025-12-12 14:19:46.383271 - Epoch: 0 Iteration: 62  rank : 0  train.loss : 6.95743465423584  train.ips : 84733.41414141415 imgs/s train.total_time : 0.0001888275146484375
TCAPPDLL 2025-12-12 14:19:48.931753 - Epoch: 0 Iteration: 63  rank : 0  train.loss : 6.846641540527344  train.ips : 77136.62528735632 imgs/s train.total_time : 0.00020742416381835938
TCAPPDLL 2025-12-12 14:19:49.019254 - Epoch: 0 Iteration: 64  rank : 0  train.loss : 6.90529203414917  train.ips : 80273.76076555024 imgs/s train.total_time : 0.00019931793212890625
TCAPPDLL 2025-12-12 14:19:49.103331 - Epoch: 0 Iteration: 65  rank : 0  train.loss : 6.853392601013184  train.ips : 75915.00452488688 imgs/s train.total_time : 0.00021076202392578125
TCAPPDLL 2025-12-12 14:19:49.182196 - Epoch: 0 Iteration: 66  rank : 0  train.loss : 6.977391242980957  train.ips : 77136.62528735632 imgs/s train.total_time : 0.00020742416381835938
TCAPPDLL 2025-12-12 14:19:51.732716 - Epoch: 0 Iteration: 67  rank : 0  train.loss : 6.965554237365723  train.ips : 72315.58620689655 imgs/s train.total_time : 0.00022125244140625
TCAPPDLL 2025-12-12 14:19:51.812853 - Epoch: 0 Iteration: 68  rank : 0  train.loss : 7.004364967346191  train.ips : 103085.81259600614 imgs/s train.total_time : 0.0001552104949951172
TCAPPDLL 2025-12-12 14:19:51.893195 - Epoch: 0 Iteration: 69  rank : 0  train.loss : 6.9165143966674805  train.ips : 54604.445890968265 imgs/s train.total_time : 0.0002930164337158203
TCAPPDLL 2025-12-12 14:19:51.970230 - Epoch: 0 Iteration: 70  rank : 0  train.loss : 6.946597099304199  train.ips : 85816.96163682865 imgs/s train.total_time : 0.00018644332885742188
TCAPPDLL 2025-12-12 14:19:53.296376 - Epoch: 0 Iteration: 71  rank : 0  train.loss : 6.975223541259766  train.ips : 75318.59034792369 imgs/s train.total_time : 0.0002124309539794922
TCAPPDLL 2025-12-12 14:19:53.374064 - Epoch: 0 Iteration: 72  rank : 0  train.loss : 6.888307571411133  train.ips : 83365.04844720497 imgs/s train.total_time : 0.0001919269561767578
TCAPPDLL 2025-12-12 14:19:53.448850 - Epoch: 0 Iteration: 73  rank : 0  train.loss : 6.884881973266602  train.ips : 83572.68244084682 imgs/s train.total_time : 0.0001914501190185547
TCAPPDLL 2025-12-12 14:19:53.525651 - Epoch: 0 Iteration: 74  rank : 0  train.loss : 6.864903450012207  train.ips : 85598.04081632652 imgs/s train.total_time : 0.000186920166015625
TCAPPDLL 2025-12-12 14:19:56.157160 - Epoch: 0 Iteration: 75  rank : 0  train.loss : 6.990756034851074  train.ips : 82241.25490196078 imgs/s train.total_time : 0.000194549560546875
TCAPPDLL 2025-12-12 14:19:56.231140 - Epoch: 0 Iteration: 76  rank : 0  train.loss : 6.952487945556641  train.ips : 82140.5924112607 imgs/s train.total_time : 0.00019478797912597656
TCAPPDLL 2025-12-12 14:19:56.301145 - Epoch: 0 Iteration: 77  rank : 0  train.loss : 6.839154243469238  train.ips : 88417.47562582346 imgs/s train.total_time : 0.00018095970153808594
TCAPPDLL 2025-12-12 14:19:56.367903 - Epoch: 0 Iteration: 78  rank : 0  train.loss : 6.940118789672852  train.ips : 84519.9798488665 imgs/s train.total_time : 0.00018930435180664062
TCAPPDLL 2025-12-12 14:19:58.541116 - Epoch: 0 Iteration: 79  rank : 0  train.loss : 6.926635265350342  train.ips : 79986.72705601907 imgs/s train.total_time : 0.00020003318786621094
TCAPPDLL 2025-12-12 14:19:58.617560 - Epoch: 0 Iteration: 80  rank : 0  train.loss : 6.940784454345703  train.ips : 81147.35671100362 imgs/s train.total_time : 0.0001971721649169922
TCAPPDLL 2025-12-12 14:19:58.687846 - Epoch: 0 Iteration: 81  rank : 0  train.loss : 6.871153831481934  train.ips : 85816.96163682865 imgs/s train.total_time : 0.00018644332885742188
TCAPPDLL 2025-12-12 14:19:58.760913 - Epoch: 0 Iteration: 82  rank : 0  train.loss : 6.890592575073242  train.ips : 55924.05333333334 imgs/s train.total_time : 0.000286102294921875
TCAPPDLL 2025-12-12 14:20:01.320230 - Epoch: 0 Iteration: 83  rank : 0  train.loss : 6.937727451324463  train.ips : 71089.89830508475 imgs/s train.total_time : 0.000225067138671875
TCAPPDLL 2025-12-12 14:20:01.394651 - Epoch: 0 Iteration: 84  rank : 0  train.loss : 6.939105987548828  train.ips : 82443.32186732187 imgs/s train.total_time : 0.00019407272338867188
TCAPPDLL 2025-12-12 14:20:01.462696 - Epoch: 0 Iteration: 85  rank : 0  train.loss : 6.898261070251465  train.ips : 86592.08258064516 imgs/s train.total_time : 0.00018477439880371094
TCAPPDLL 2025-12-12 14:20:01.531250 - Epoch: 0 Iteration: 86  rank : 0  train.loss : 6.878701210021973  train.ips : 83886.08 imgs/s train.total_time : 0.00019073486328125
TCAPPDLL 2025-12-12 14:20:04.157674 - Epoch: 0 Iteration: 87  rank : 0  train.loss : 6.957095146179199  train.ips : 73584.28070175438 imgs/s train.total_time : 0.000217437744140625
TCAPPDLL 2025-12-12 14:20:04.241704 - Epoch: 0 Iteration: 88  rank : 0  train.loss : 6.961163520812988  train.ips : 75318.59034792369 imgs/s train.total_time : 0.0002124309539794922
TCAPPDLL 2025-12-12 14:20:04.328144 - Epoch: 0 Iteration: 89  rank : 0  train.loss : 6.9122724533081055  train.ips : 83261.61786600496 imgs/s train.total_time : 0.00019216537475585938
TCAPPDLL 2025-12-12 14:20:04.409288 - Epoch: 0 Iteration: 90  rank : 0  train.loss : 6.977615833282471  train.ips : 69832.32466181062 imgs/s train.total_time : 0.00022912025451660156
TCAPPDLL 2025-12-12 14:20:06.793893 - Epoch: 0 Iteration: 91  rank : 0  train.loss : 6.94938850402832  train.ips : 31911.01474084641 imgs/s train.total_time : 0.0005013942718505859
TCAPPDLL 2025-12-12 14:20:06.881107 - Epoch: 0 Iteration: 92  rank : 0  train.loss : 6.877986907958984  train.ips : 115109.54373927959 imgs/s train.total_time : 0.00013899803161621094
TCAPPDLL 2025-12-12 14:20:06.964870 - Epoch: 0 Iteration: 93  rank : 0  train.loss : 6.969583511352539  train.ips : 89597.94926568758 imgs/s train.total_time : 0.0001785755157470703
TCAPPDLL 2025-12-12 14:20:07.043346 - Epoch: 0 Iteration: 94  rank : 0  train.loss : 6.955477714538574  train.ips : 121574.02898550725 imgs/s train.total_time : 0.0001316070556640625
TCAPPDLL 2025-12-12 14:20:08.344603 - Epoch: 0 Iteration: 95  rank : 0  train.loss : 6.9374680519104  train.ips : 112977.88552188552 imgs/s train.total_time : 0.00014162063598632812
TCAPPDLL 2025-12-12 14:20:08.417851 - Epoch: 0 Iteration: 96  rank : 0  train.loss : 6.927478790283203  train.ips : 82040.1760391198 imgs/s train.total_time : 0.00019502639770507812
TCAPPDLL 2025-12-12 14:20:08.486529 - Epoch: 0 Iteration: 97  rank : 0  train.loss : 6.912634372711182  train.ips : 86816.12419146184 imgs/s train.total_time : 0.0001842975616455078
TCAPPDLL 2025-12-12 14:20:08.562677 - Epoch: 0 Iteration: 98  rank : 0  train.loss : 6.934887886047363  train.ips : 67310.7963891675 imgs/s train.total_time : 0.0002377033233642578
TCAPPDLL 2025-12-12 14:20:11.066101 - Epoch: 0 Iteration: 99  rank : 0  train.loss : 6.974729537963867  train.ips : 73343.02076502732 imgs/s train.total_time : 0.0002181529998779297
TCAPPDLL 2025-12-12 14:20:11.152414 - Epoch: 0 Iteration: 100  rank : 0  train.loss : 6.9515061378479  train.ips : 81740.39464068209 imgs/s train.total_time : 0.0001957416534423828
TCAPPDLL 2025-12-12 14:20:11.235232 - Epoch: 0 Iteration: 101  rank : 0  train.loss : 6.950925350189209  train.ips : 87267.70351105332 imgs/s train.total_time : 0.00018334388732910156
TCAPPDLL 2025-12-12 14:20:11.312543 - Epoch: 0 Iteration: 102  rank : 0  train.loss : 6.926514625549316  train.ips : 91056.80325644504 imgs/s train.total_time : 0.00017571449279785156
TCAPPDLL 2025-12-12 14:20:14.117545 - Epoch: 0 Iteration: 103  rank : 0  train.loss : 6.87949800491333  train.ips : 76608.29223744292 imgs/s train.total_time : 0.00020885467529296875
TCAPPDLL 2025-12-12 14:20:14.249282 - Epoch: 0 Iteration: 104  rank : 0  train.loss : 6.978508472442627  train.ips : 57752.895008605854 imgs/s train.total_time : 0.0002770423889160156
TCAPPDLL 2025-12-12 14:20:14.364365 - Epoch: 0 Iteration: 105  rank : 0  train.loss : 6.9024553298950195  train.ips : 94920.59971711457 imgs/s train.total_time : 0.0001685619354248047
TCAPPDLL 2025-12-12 14:20:14.441337 - Epoch: 0 Iteration: 106  rank : 0  train.loss : 7.0219597816467285  train.ips : 55645.824212271975 imgs/s train.total_time : 0.0002875328063964844
TCAPPDLL 2025-12-12 14:20:16.704714 - Epoch: 0 Iteration: 107  rank : 0  train.loss : 6.953573226928711  train.ips : 58457.19860627178 imgs/s train.total_time : 0.00027370452880859375
TCAPPDLL 2025-12-12 14:20:16.792767 - Epoch: 0 Iteration: 108  rank : 0  train.loss : 7.002385139465332  train.ips : 69042.04115226338 imgs/s train.total_time : 0.00023174285888671875
TCAPPDLL 2025-12-12 14:20:16.873440 - Epoch: 0 Iteration: 109  rank : 0  train.loss : 7.0229902267456055  train.ips : 69687.29387331256 imgs/s train.total_time : 0.0002295970916748047
TCAPPDLL 2025-12-12 14:20:16.954396 - Epoch: 0 Iteration: 110  rank : 0  train.loss : 7.015425205230713  train.ips : 72005.21888412017 imgs/s train.total_time : 0.00022220611572265625
TCAPPDLL 2025-12-12 14:20:19.552410 - Epoch: 0 Iteration: 111  rank : 0  train.loss : 6.906213760375977  train.ips : 74565.40444444444 imgs/s train.total_time : 0.00021457672119140625
TCAPPDLL 2025-12-12 14:20:19.642295 - Epoch: 0 Iteration: 112  rank : 0  train.loss : 6.9360880851745605  train.ips : 85926.84250960307 imgs/s train.total_time : 0.0001862049102783203
TCAPPDLL 2025-12-12 14:20:19.724919 - Epoch: 0 Iteration: 113  rank : 0  train.loss : 6.943533420562744  train.ips : 86480.49484536082 imgs/s train.total_time : 0.0001850128173828125
TCAPPDLL 2025-12-12 14:20:19.802815 - Epoch: 0 Iteration: 114  rank : 0  train.loss : 6.923524856567383  train.ips : 83886.08 imgs/s train.total_time : 0.00019073486328125
TCAPPDLL 2025-12-12 14:20:22.333456 - Epoch: 0 Iteration: 115  rank : 0  train.loss : 7.037641525268555  train.ips : 79891.50476190477 imgs/s train.total_time : 0.0002002716064453125
TCAPPDLL 2025-12-12 14:20:22.413990 - Epoch: 0 Iteration: 116  rank : 0  train.loss : 6.945706367492676  train.ips : 86037.00512820513 imgs/s train.total_time : 0.00018596649169921875
TCAPPDLL 2025-12-12 14:20:22.492434 - Epoch: 0 Iteration: 117  rank : 0  train.loss : 6.976367950439453  train.ips : 87609.48302872063 imgs/s train.total_time : 0.00018262863159179688
TCAPPDLL 2025-12-12 14:20:22.570288 - Epoch: 0 Iteration: 118  rank : 0  train.loss : 6.94083309173584  train.ips : 121354.18444846293 imgs/s train.total_time : 0.00013184547424316406
TCAPPDLL 2025-12-12 14:20:24.874091 - Epoch: 0 Iteration: 119  rank : 0  train.loss : 6.894996643066406  train.ips : 75658.24577226606 imgs/s train.total_time : 0.00021147727966308594
TCAPPDLL 2025-12-12 14:20:24.951357 - Epoch: 0 Iteration: 120  rank : 0  train.loss : 6.896176338195801  train.ips : 114130.72108843537 imgs/s train.total_time : 0.00014019012451171875
TCAPPDLL 2025-12-12 14:20:25.026670 - Epoch: 0 Iteration: 121  rank : 0  train.loss : 6.930417537689209  train.ips : 93077.48127600555 imgs/s train.total_time : 0.00017189979553222656
TCAPPDLL 2025-12-12 14:20:25.104962 - Epoch: 0 Iteration: 122  rank : 0  train.loss : 6.935637950897217  train.ips : 81640.95377128954 imgs/s train.total_time : 0.00019598007202148438
TCAPPDLL 2025-12-12 14:20:26.564234 - Epoch: 0 Iteration: 123  rank : 0  train.loss : 6.9231157302856445  train.ips : 67992.77001013172 imgs/s train.total_time : 0.0002353191375732422
TCAPPDLL 2025-12-12 14:20:26.637990 - Epoch: 0 Iteration: 124  rank : 0  train.loss : 6.858919143676758  train.ips : 84733.41414141415 imgs/s train.total_time : 0.0001888275146484375
TCAPPDLL 2025-12-12 14:20:26.705724 - Epoch: 0 Iteration: 125  rank : 0  train.loss : 6.889372825622559  train.ips : 92182.5054945055 imgs/s train.total_time : 0.0001735687255859375
TCAPPDLL 2025-12-12 14:20:26.773937 - Epoch: 0 Iteration: 126  rank : 0  train.loss : 6.930009841918945  train.ips : 86037.00512820513 imgs/s train.total_time : 0.00018596649169921875
TCAPPDLL 2025-12-12 14:20:29.277390 - Epoch: 0 Iteration: 127  rank : 0  train.loss : 6.90170431137085  train.ips : 81640.95377128954 imgs/s train.total_time : 0.00019598007202148438
TCAPPDLL 2025-12-12 14:20:29.353226 - Epoch: 0 Iteration: 128  rank : 0  train.loss : 7.038136959075928  train.ips : 84413.66540880503 imgs/s train.total_time : 0.0001895427703857422
TCAPPDLL 2025-12-12 14:20:29.434788 - Epoch: 0 Iteration: 129  rank : 0  train.loss : 6.987077713012695  train.ips : 83781.35330836455 imgs/s train.total_time : 0.00019097328186035156
TCAPPDLL 2025-12-12 14:20:29.514715 - Epoch: 0 Iteration: 130  rank : 0  train.loss : 6.983768463134766  train.ips : 79512.8720379147 imgs/s train.total_time : 0.00020122528076171875
TCAPPDLL 2025-12-12 14:20:32.145725 - Epoch: 0 Iteration: 131  rank : 0  train.loss : 6.87837553024292  train.ips : 76173.51191827469 imgs/s train.total_time : 0.00021004676818847656
TCAPPDLL 2025-12-12 14:20:32.233793 - Epoch: 0 Iteration: 132  rank : 0  train.loss : 6.888798713684082  train.ips : 81840.07804878049 imgs/s train.total_time : 0.00019550323486328125
TCAPPDLL 2025-12-12 14:20:32.315271 - Epoch: 0 Iteration: 133  rank : 0  train.loss : 6.8834614753723145  train.ips : 87154.36883116883 imgs/s train.total_time : 0.00018358230590820312
TCAPPDLL 2025-12-12 14:20:32.395438 - Epoch: 0 Iteration: 134  rank : 0  train.loss : 6.871428489685059  train.ips : 80466.26378896882 imgs/s train.total_time : 0.00019884109497070312
TCAPPDLL 2025-12-12 14:20:34.997813 - Epoch: 0 Iteration: 135  rank : 0  train.loss : 6.892677307128906  train.ips : 67855.27199191102 imgs/s train.total_time : 0.0002357959747314453
TCAPPDLL 2025-12-12 14:20:35.075453 - Epoch: 0 Iteration: 136  rank : 0  train.loss : 7.002571105957031  train.ips : 75065.84340044743 imgs/s train.total_time : 0.00021314620971679688
TCAPPDLL 2025-12-12 14:20:35.145485 - Epoch: 0 Iteration: 137  rank : 0  train.loss : 6.9019551277160645  train.ips : 90443.2129380054 imgs/s train.total_time : 0.00017690658569335938
TCAPPDLL 2025-12-12 14:20:35.216221 - Epoch: 0 Iteration: 138  rank : 0  train.loss : 6.999031066894531  train.ips : 76087.14739229025 imgs/s train.total_time : 0.00021028518676757812
TCAPPDLL 2025-12-12 14:20:38.108654 - Epoch: 0 Iteration: 139  rank : 0  train.loss : 6.934315204620361  train.ips : 69832.32466181062 imgs/s train.total_time : 0.00022912025451660156
TCAPPDLL 2025-12-12 14:20:38.193540 - Epoch: 0 Iteration: 140  rank : 0  train.loss : 6.981163024902344  train.ips : 84413.66540880503 imgs/s train.total_time : 0.0001895427703857422
TCAPPDLL 2025-12-12 14:20:38.270495 - Epoch: 0 Iteration: 141  rank : 0  train.loss : 6.915871620178223  train.ips : 90810.37077131259 imgs/s train.total_time : 0.0001761913299560547
TCAPPDLL 2025-12-12 14:20:38.346704 - Epoch: 0 Iteration: 142  rank : 0  train.loss : 6.936841011047363  train.ips : 88069.37532808399 imgs/s train.total_time : 0.00018167495727539062
TCAPPDLL 2025-12-12 14:20:40.270135 - Epoch: 0 Iteration: 143  rank : 0  train.loss : 6.9666643142700195  train.ips : 80756.75571600482 imgs/s train.total_time : 0.00019812583923339844
TCAPPDLL 2025-12-12 14:20:40.349244 - Epoch: 0 Iteration: 144  rank : 0  train.loss : 7.000417709350586  train.ips : 85163.53299492385 imgs/s train.total_time : 0.00018787384033203125
TCAPPDLL 2025-12-12 14:20:40.424844 - Epoch: 0 Iteration: 145  rank : 0  train.loss : 6.991905212402344  train.ips : 89837.83668005354 imgs/s train.total_time : 0.0001780986785888672
TCAPPDLL 2025-12-12 14:20:40.498561 - Epoch: 0 Iteration: 146  rank : 0  train.loss : 6.8923845291137695  train.ips : 89597.94926568758 imgs/s train.total_time : 0.0001785755157470703
TCAPPDLL 2025-12-12 14:20:43.246807 - Epoch: 0 Iteration: 147  rank : 0  train.loss : 6.930334091186523  train.ips : 68130.82639593909 imgs/s train.total_time : 0.00023484230041503906
TCAPPDLL 2025-12-12 14:20:43.339420 - Epoch: 0 Iteration: 148  rank : 0  train.loss : 6.972541809082031  train.ips : 63791.695817490494 imgs/s train.total_time : 0.00025081634521484375
TCAPPDLL 2025-12-12 14:20:43.417964 - Epoch: 0 Iteration: 149  rank : 0  train.loss : 6.89470911026001  train.ips : 87838.8272251309 imgs/s train.total_time : 0.00018215179443359375
TCAPPDLL 2025-12-12 14:20:43.496931 - Epoch: 0 Iteration: 150  rank : 0  train.loss : 6.962435722351074  train.ips : 85707.36143039592 imgs/s train.total_time : 0.00018668174743652344
TCAPPDLL 2025-12-12 14:20:46.127171 - Epoch: 0 Iteration: 151  rank : 0  train.loss : 6.943933486938477  train.ips : 75065.84340044743 imgs/s train.total_time : 0.00021314620971679688
TCAPPDLL 2025-12-12 14:20:46.212538 - Epoch: 0 Iteration: 152  rank : 0  train.loss : 6.892470359802246  train.ips : 84626.56242118537 imgs/s train.total_time : 0.00018906593322753906
TCAPPDLL 2025-12-12 14:20:46.290916 - Epoch: 0 Iteration: 153  rank : 0  train.loss : 6.901612281799316  train.ips : 78766.27230046949 imgs/s train.total_time : 0.00020313262939453125
TCAPPDLL 2025-12-12 14:20:46.365991 - Epoch: 0 Iteration: 154  rank : 0  train.loss : 6.9573235511779785  train.ips : 86258.17994858611 imgs/s train.total_time : 0.00018548965454101562
TCAPPDLL 2025-12-12 14:20:48.885661 - Epoch: 0 Iteration: 155  rank : 0  train.loss : 6.925581455230713  train.ips : 75658.24577226606 imgs/s train.total_time : 0.00021147727966308594
TCAPPDLL 2025-12-12 14:20:48.975387 - Epoch: 0 Iteration: 156  rank : 0  train.loss : 6.969433784484863  train.ips : 76346.83048919226 imgs/s train.total_time : 0.00020956993103027344
TCAPPDLL 2025-12-12 14:20:49.063298 - Epoch: 0 Iteration: 157  rank : 0  train.loss : 6.900036334991455  train.ips : 65922.26326129666 imgs/s train.total_time : 0.00024271011352539062
TCAPPDLL 2025-12-12 14:20:49.147473 - Epoch: 0 Iteration: 158  rank : 0  train.loss : 6.855908393859863  train.ips : 54648.912052117266 imgs/s train.total_time : 0.00029277801513671875
TCAPPDLL 2025-12-12 14:20:50.500022 - Epoch: 0 Iteration: 159  rank : 0  train.loss : 7.003082275390625  train.ips : 64157.6137667304 imgs/s train.total_time : 0.0002493858337402344
TCAPPDLL 2025-12-12 14:20:50.587426 - Epoch: 0 Iteration: 160  rank : 0  train.loss : 6.998060703277588  train.ips : 28197.00168067227 imgs/s train.total_time : 0.0005674362182617188
TCAPPDLL 2025-12-12 14:20:50.659534 - Epoch: 0 Iteration: 161  rank : 0  train.loss : 6.911335468292236  train.ips : 87838.8272251309 imgs/s train.total_time : 0.00018215179443359375
TCAPPDLL 2025-12-12 14:20:50.733763 - Epoch: 0 Iteration: 162  rank : 0  train.loss : 6.941918849945068  train.ips : 86816.12419146184 imgs/s train.total_time : 0.0001842975616455078
TCAPPDLL 2025-12-12 14:20:52.895066 - Epoch: 0 Iteration: 163  rank : 0  train.loss : 6.949423789978027  train.ips : 78215.45920745921 imgs/s train.total_time : 0.00020456314086914062
TCAPPDLL 2025-12-12 14:20:52.968780 - Epoch: 0 Iteration: 164  rank : 0  train.loss : 6.850709438323975  train.ips : 87267.70351105332 imgs/s train.total_time : 0.00018334388732910156
TCAPPDLL 2025-12-12 14:20:53.041896 - Epoch: 0 Iteration: 165  rank : 0  train.loss : 7.0597381591796875  train.ips : 78581.80796252927 imgs/s train.total_time : 0.00020360946655273438
TCAPPDLL 2025-12-12 14:20:53.115771 - Epoch: 0 Iteration: 166  rank : 0  train.loss : 6.911779880523682  train.ips : 80562.8619447779 imgs/s train.total_time : 0.00019860267639160156
TCAPPDLL 2025-12-12 14:20:55.717266 - Epoch: 0 Iteration: 167  rank : 0  train.loss : 6.990596771240234  train.ips : 66052.03149606299 imgs/s train.total_time : 0.0002422332763671875
TCAPPDLL 2025-12-12 14:20:55.807082 - Epoch: 0 Iteration: 168  rank : 0  train.loss : 6.900352478027344  train.ips : 76260.07272727272 imgs/s train.total_time : 0.000209808349609375
TCAPPDLL 2025-12-12 14:20:55.886900 - Epoch: 0 Iteration: 169  rank : 0  train.loss : 6.972660064697266  train.ips : 83572.68244084682 imgs/s train.total_time : 0.0001914501190185547
TCAPPDLL 2025-12-12 14:20:55.968880 - Epoch: 0 Iteration: 170  rank : 0  train.loss : 6.937435150146484  train.ips : 80466.26378896882 imgs/s train.total_time : 0.00019884109497070312
TCAPPDLL 2025-12-12 14:20:58.667544 - Epoch: 0 Iteration: 171  rank : 0  train.loss : 6.836856842041016  train.ips : 66247.64461994077 imgs/s train.total_time : 0.0002415180206298828
TCAPPDLL 2025-12-12 14:20:58.754809 - Epoch: 0 Iteration: 172  rank : 0  train.loss : 6.873410224914551  train.ips : 79701.73871733967 imgs/s train.total_time : 0.00020074844360351562
TCAPPDLL 2025-12-12 14:20:58.834100 - Epoch: 0 Iteration: 173  rank : 0  train.loss : 6.898223876953125  train.ips : 89597.94926568758 imgs/s train.total_time : 0.0001785755157470703
TCAPPDLL 2025-12-12 14:20:58.911390 - Epoch: 0 Iteration: 174  rank : 0  train.loss : 6.993896961212158  train.ips : 75403.2179775281 imgs/s train.total_time : 0.00021219253540039062
TCAPPDLL 2025-12-12 14:21:01.138830 - Epoch: 0 Iteration: 175  rank : 0  train.loss : 6.974865913391113  train.ips : 73423.2647702407 imgs/s train.total_time : 0.00021791458129882812
TCAPPDLL 2025-12-12 14:21:01.230199 - Epoch: 0 Iteration: 176  rank : 0  train.loss : 6.923922061920166  train.ips : 69615.0041493776 imgs/s train.total_time : 0.00022983551025390625
TCAPPDLL 2025-12-12 14:21:01.309893 - Epoch: 0 Iteration: 177  rank : 0  train.loss : 6.9380998611450195  train.ips : 64776.895752895754 imgs/s train.total_time : 0.00024700164794921875
TCAPPDLL 2025-12-12 14:21:01.394351 - Epoch: 0 Iteration: 178  rank : 0  train.loss : 6.874560356140137  train.ips : 82040.1760391198 imgs/s train.total_time : 0.00019502639770507812
TCAPPDLL 2025-12-12 14:21:02.486336 - Epoch: 0 Iteration: 179  rank : 0  train.loss : 6.916614532470703  train.ips : 71928.04287245445 imgs/s train.total_time : 0.0002224445343017578
TCAPPDLL 2025-12-12 14:21:02.571248 - Epoch: 0 Iteration: 180  rank : 0  train.loss : 6.89949893951416  train.ips : 79986.72705601907 imgs/s train.total_time : 0.00020003318786621094
TCAPPDLL 2025-12-12 14:21:02.653536 - Epoch: 0 Iteration: 181  rank : 0  train.loss : 6.961392402648926  train.ips : 87041.32814526588 imgs/s train.total_time : 0.0001838207244873047
TCAPPDLL 2025-12-12 14:21:02.738168 - Epoch: 0 Iteration: 182  rank : 0  train.loss : 7.005497932434082  train.ips : 42393.47062539482 imgs/s train.total_time : 0.00037741661071777344
TCAPPDLL 2025-12-12 14:21:05.001538 - Epoch: 0 Iteration: 183  rank : 0  train.loss : 6.957765579223633  train.ips : 132626.21343873517 imgs/s train.total_time : 0.00012063980102539062
TCAPPDLL 2025-12-12 14:21:05.073318 - Epoch: 0 Iteration: 184  rank : 0  train.loss : 6.865198135375977  train.ips : 84626.56242118537 imgs/s train.total_time : 0.00018906593322753906
TCAPPDLL 2025-12-12 14:21:05.143848 - Epoch: 0 Iteration: 185  rank : 0  train.loss : 6.890606880187988  train.ips : 91056.80325644504 imgs/s train.total_time : 0.00017571449279785156
TCAPPDLL 2025-12-12 14:21:05.213782 - Epoch: 0 Iteration: 186  rank : 0  train.loss : 6.931484699249268  train.ips : 88651.07529722589 imgs/s train.total_time : 0.0001804828643798828
TCAPPDLL 2025-12-12 14:21:07.688670 - Epoch: 0 Iteration: 187  rank : 0  train.loss : 6.946374893188477  train.ips : 74071.59381898455 imgs/s train.total_time : 0.00021600723266601562
TCAPPDLL 2025-12-12 14:21:07.771728 - Epoch: 0 Iteration: 188  rank : 0  train.loss : 6.986234664916992  train.ips : 70418.5351521511 imgs/s train.total_time : 0.00022721290588378906
TCAPPDLL 2025-12-12 14:21:07.855253 - Epoch: 0 Iteration: 189  rank : 0  train.loss : 6.795711517333984  train.ips : 85271.7458703939 imgs/s train.total_time : 0.0001876354217529297
TCAPPDLL 2025-12-12 14:21:07.935548 - Epoch: 0 Iteration: 190  rank : 0  train.loss : 6.94957160949707  train.ips : 63191.02071563088 imgs/s train.total_time : 0.0002532005310058594
TCAPPDLL 2025-12-12 14:21:10.375482 - Epoch: 0 Iteration: 191  rank : 0  train.loss : 6.8954572677612305  train.ips : 58406.32201914708 imgs/s train.total_time : 0.0002739429473876953
TCAPPDLL 2025-12-12 14:21:10.458189 - Epoch: 0 Iteration: 192  rank : 0  train.loss : 6.84027099609375  train.ips : 87041.32814526588 imgs/s train.total_time : 0.0001838207244873047
TCAPPDLL 2025-12-12 14:21:10.536669 - Epoch: 0 Iteration: 193  rank : 0  train.loss : 6.92982292175293  train.ips : 82850.44938271605 imgs/s train.total_time : 0.00019311904907226562
TCAPPDLL 2025-12-12 14:21:10.613019 - Epoch: 0 Iteration: 194  rank : 0  train.loss : 6.872885704040527  train.ips : 83781.35330836455 imgs/s train.total_time : 0.00019097328186035156
TCAPPDLL 2025-12-12 14:21:12.883409 - Epoch: 0 Iteration: 195  rank : 0  train.loss : 6.886944770812988  train.ips : 40820.47688564477 imgs/s train.total_time : 0.00039196014404296875
TCAPPDLL 2025-12-12 14:21:12.965545 - Epoch: 0 Iteration: 196  rank : 0  train.loss : 6.943239212036133  train.ips : 80177.85424133811 imgs/s train.total_time : 0.0001995563507080078
TCAPPDLL 2025-12-12 14:21:13.039926 - Epoch: 0 Iteration: 197  rank : 0  train.loss : 6.984274864196777  train.ips : 78306.72578763127 imgs/s train.total_time : 0.00020432472229003906
TCAPPDLL 2025-12-12 14:21:13.116310 - Epoch: 0 Iteration: 198  rank : 0  train.loss : 6.904908180236816  train.ips : 83676.88778054863 imgs/s train.total_time : 0.00019121170043945312
TCAPPDLL 2025-12-12 14:21:14.525730 - Epoch: 0 Iteration: 199  rank : 0  train.loss : 6.8831939697265625  train.ips : 74814.78706800446 imgs/s train.total_time : 0.00021386146545410156
TCAPPDLL 2025-12-12 14:21:14.602842 - Epoch: 0 Iteration: 200  rank : 0  train.loss : 6.895172119140625  train.ips : 66510.27155599603 imgs/s train.total_time : 0.00024056434631347656
