Training with a single process on 1 device (cuda).
Model regnetz_e8 created, param count:57698176
Data processing configuration for current model + dataset:
	input_size: (3, 256, 256)
	interpolation: bicubic
	mean: (0.5, 0.5, 0.5)
	std: (0.5, 0.5, 0.5)
	crop_pct: 0.94
	crop_mode: center
Created SGD (sgd) optimizer: lr: 0.4, momentum: 0.9, dampening: 0, weight_decay: 2e-05, nesterov: True, maximize: False, foreach: None, differentiable: False, fused: None
Using native Torch AMP. Training in mixed precision.
Scheduled epochs: 2 (epochs + cooldown_epochs). Warmup within epochs when warmup_prefix=False. LR stepped per epoch.
TCAPPDLL 2025-11-24 20:06:24.738896 - Epoch: 0 Iteration: 0  rank : 0  train.loss : 6.872278213500977  train.ips : 117941.76449912126 imgs/s train.total_time : 0.00013566017150878906
TCAPPDLL 2025-11-24 20:06:24.837857 - Epoch: 0 Iteration: 1  rank : 0  train.loss : 6.871525764465332  train.ips : 135573.46262626263 imgs/s train.total_time : 0.00011801719665527344
TCAPPDLL 2025-11-24 20:06:24.919341 - Epoch: 0 Iteration: 2  rank : 0  train.loss : 6.9131011962890625  train.ips : 90321.48586810229 imgs/s train.total_time : 0.00017714500427246094
TCAPPDLL 2025-11-24 20:06:24.993694 - Epoch: 0 Iteration: 3  rank : 0  train.loss : 6.9457268714904785  train.ips : 133949.82834331336 imgs/s train.total_time : 0.00011944770812988281
TCAPPDLL 2025-11-24 20:06:25.066175 - Epoch: 0 Iteration: 4  rank : 0  train.loss : 6.913240432739258  train.ips : 107892.06430868167 imgs/s train.total_time : 0.00014829635620117188
TCAPPDLL 2025-11-24 20:06:25.137522 - Epoch: 0 Iteration: 5  rank : 0  train.loss : 6.914912223815918  train.ips : 155344.59259259258 imgs/s train.total_time : 0.000102996826171875
TCAPPDLL 2025-11-24 20:06:25.210560 - Epoch: 0 Iteration: 6  rank : 0  train.loss : 6.926548957824707  train.ips : 159403.47743467934 imgs/s train.total_time : 0.00010037422180175781
TCAPPDLL 2025-11-24 20:06:25.283394 - Epoch: 0 Iteration: 7  rank : 0  train.loss : 6.880412578582764  train.ips : 172074.01025641026 imgs/s train.total_time : 9.298324584960938e-05
TCAPPDLL 2025-11-24 20:06:25.354915 - Epoch: 0 Iteration: 8  rank : 0  train.loss : 6.926336765289307  train.ips : 166937.47263681592 imgs/s train.total_time : 9.584426879882812e-05
TCAPPDLL 2025-11-24 20:06:25.425613 - Epoch: 0 Iteration: 9  rank : 0  train.loss : 6.939251899719238  train.ips : 122238.3679417122 imgs/s train.total_time : 0.0001308917999267578
TCAPPDLL 2025-11-24 20:06:25.638252 - Epoch: 0 Iteration: 10  rank : 0  train.loss : 6.965242385864258  train.ips : 93858.55104895105 imgs/s train.total_time : 0.0001704692840576172
TCAPPDLL 2025-11-24 20:06:25.716429 - Epoch: 0 Iteration: 11  rank : 0  train.loss : 6.907893180847168  train.ips : 109297.82410423453 imgs/s train.total_time : 0.00014638900756835938
TCAPPDLL 2025-11-24 20:06:25.809690 - Epoch: 0 Iteration: 12  rank : 0  train.loss : 6.90286922454834  train.ips : 165700.8987654321 imgs/s train.total_time : 9.655952453613281e-05
TCAPPDLL 2025-11-24 20:06:26.510498 - Epoch: 0 Iteration: 13  rank : 0  train.loss : 6.891409873962402  train.ips : 95325.09090909091 imgs/s train.total_time : 0.0001678466796875
TCAPPDLL 2025-11-24 20:06:26.588129 - Epoch: 0 Iteration: 14  rank : 0  train.loss : 6.901543617248535  train.ips : 104694.01560062403 imgs/s train.total_time : 0.00015282630920410156
TCAPPDLL 2025-11-24 20:06:26.658723 - Epoch: 0 Iteration: 15  rank : 0  train.loss : 6.909116268157959  train.ips : 104857.6 imgs/s train.total_time : 0.000152587890625
TCAPPDLL 2025-11-24 20:06:26.737463 - Epoch: 0 Iteration: 16  rank : 0  train.loss : 6.885268211364746  train.ips : 97118.47178002894 imgs/s train.total_time : 0.0001647472381591797
TCAPPDLL 2025-11-24 20:06:27.201241 - Epoch: 0 Iteration: 17  rank : 0  train.loss : 6.906742095947266  train.ips : 55784.59185369909 imgs/s train.total_time : 0.0002868175506591797
TCAPPDLL 2025-11-24 20:06:27.284303 - Epoch: 0 Iteration: 18  rank : 0  train.loss : 6.938315391540527  train.ips : 122016.11636363636 imgs/s train.total_time : 0.00013113021850585938
TCAPPDLL 2025-11-24 20:06:27.356502 - Epoch: 0 Iteration: 19  rank : 0  train.loss : 6.912033557891846  train.ips : 91180.52173913043 imgs/s train.total_time : 0.00017547607421875
TCAPPDLL 2025-11-24 20:06:27.433613 - Epoch: 0 Iteration: 20  rank : 0  train.loss : 6.937389373779297  train.ips : 149462.94877505567 imgs/s train.total_time : 0.00010704994201660156
TCAPPDLL 2025-11-24 20:06:28.017811 - Epoch: 0 Iteration: 21  rank : 0  train.loss : 6.914107322692871  train.ips : 105186.30721003134 imgs/s train.total_time : 0.00015211105346679688
TCAPPDLL 2025-11-24 20:06:28.090615 - Epoch: 0 Iteration: 22  rank : 0  train.loss : 6.880947113037109  train.ips : 85707.36143039592 imgs/s train.total_time : 0.00018668174743652344
TCAPPDLL 2025-11-24 20:06:28.164548 - Epoch: 0 Iteration: 23  rank : 0  train.loss : 6.900113105773926  train.ips : 115109.54373927959 imgs/s train.total_time : 0.00013899803161621094
TCAPPDLL 2025-11-24 20:06:28.238132 - Epoch: 0 Iteration: 24  rank : 0  train.loss : 6.939613342285156  train.ips : 83468.73631840796 imgs/s train.total_time : 0.00019168853759765625
TCAPPDLL 2025-11-24 20:06:28.544816 - Epoch: 0 Iteration: 25  rank : 0  train.loss : 6.907949924468994  train.ips : 130561.99221789883 imgs/s train.total_time : 0.00012254714965820312
TCAPPDLL 2025-11-24 20:06:28.625314 - Epoch: 0 Iteration: 26  rank : 0  train.loss : 6.91477108001709  train.ips : 115704.93793103448 imgs/s train.total_time : 0.00013828277587890625
TCAPPDLL 2025-11-24 20:06:28.695523 - Epoch: 0 Iteration: 27  rank : 0  train.loss : 6.942510604858398  train.ips : 98689.50588235294 imgs/s train.total_time : 0.0001621246337890625
TCAPPDLL 2025-11-24 20:06:28.767950 - Epoch: 0 Iteration: 28  rank : 0  train.loss : 6.930671691894531  train.ips : 193397.30259365993 imgs/s train.total_time : 8.273124694824219e-05
TCAPPDLL 2025-11-24 20:06:29.195339 - Epoch: 0 Iteration: 29  rank : 0  train.loss : 6.92838191986084  train.ips : 100764.06006006006 imgs/s train.total_time : 0.00015878677368164062
TCAPPDLL 2025-11-24 20:06:29.268682 - Epoch: 0 Iteration: 30  rank : 0  train.loss : 6.880258560180664  train.ips : 114716.00683760684 imgs/s train.total_time : 0.00013947486877441406
TCAPPDLL 2025-11-24 20:06:29.342631 - Epoch: 0 Iteration: 31  rank : 0  train.loss : 6.945307731628418  train.ips : 108942.96103896105 imgs/s train.total_time : 0.0001468658447265625
TCAPPDLL 2025-11-24 20:06:29.424766 - Epoch: 0 Iteration: 32  rank : 0  train.loss : 6.912651538848877  train.ips : 114912.43835616438 imgs/s train.total_time : 0.0001392364501953125
TCAPPDLL 2025-11-24 20:06:29.699118 - Epoch: 0 Iteration: 33  rank : 0  train.loss : 6.853045463562012  train.ips : 164080.3520782396 imgs/s train.total_time : 9.751319885253906e-05
TCAPPDLL 2025-11-24 20:06:29.770952 - Epoch: 0 Iteration: 34  rank : 0  train.loss : 6.914575099945068  train.ips : 117323.18881118881 imgs/s train.total_time : 0.00013637542724609375
TCAPPDLL 2025-11-24 20:06:29.840178 - Epoch: 0 Iteration: 35  rank : 0  train.loss : 6.974948406219482  train.ips : 123135.53027522936 imgs/s train.total_time : 0.00012993812561035156
TCAPPDLL 2025-11-24 20:06:29.911081 - Epoch: 0 Iteration: 36  rank : 0  train.loss : 6.927139759063721  train.ips : 143395.00854700856 imgs/s train.total_time : 0.00011157989501953125
TCAPPDLL 2025-11-24 20:06:30.316173 - Epoch: 0 Iteration: 37  rank : 0  train.loss : 6.897139549255371  train.ips : 118149.40845070423 imgs/s train.total_time : 0.0001354217529296875
TCAPPDLL 2025-11-24 20:06:30.384616 - Epoch: 0 Iteration: 38  rank : 0  train.loss : 6.918344497680664  train.ips : 115109.54373927959 imgs/s train.total_time : 0.00013899803161621094
TCAPPDLL 2025-11-24 20:06:30.453012 - Epoch: 0 Iteration: 39  rank : 0  train.loss : 6.912245750427246  train.ips : 120482.70017953322 imgs/s train.total_time : 0.0001327991485595703
TCAPPDLL 2025-11-24 20:06:30.522098 - Epoch: 0 Iteration: 40  rank : 0  train.loss : 6.934579372406006  train.ips : 111291.64842454395 imgs/s train.total_time : 0.0001437664031982422
TCAPPDLL 2025-11-24 20:06:30.942515 - Epoch: 0 Iteration: 41  rank : 0  train.loss : 6.917225360870361  train.ips : 118357.78483245149 imgs/s train.total_time : 0.00013518333435058594
TCAPPDLL 2025-11-24 20:06:31.022403 - Epoch: 0 Iteration: 42  rank : 0  train.loss : 6.9362382888793945  train.ips : 60952.64668483197 imgs/s train.total_time : 0.0002624988555908203
TCAPPDLL 2025-11-24 20:06:31.202307 - Epoch: 0 Iteration: 43  rank : 0  train.loss : 6.93023681640625  train.ips : 72865.21606948969 imgs/s train.total_time : 0.00021958351135253906
TCAPPDLL 2025-11-24 20:06:31.363962 - Epoch: 0 Iteration: 44  rank : 0  train.loss : 6.900178909301758  train.ips : 70864.69271383315 imgs/s train.total_time : 0.0002257823944091797
TCAPPDLL 2025-11-24 20:06:31.702163 - Epoch: 0 Iteration: 45  rank : 0  train.loss : 6.892569541931152  train.ips : 38108.383872799546 imgs/s train.total_time : 0.00041985511779785156
TCAPPDLL 2025-11-24 20:06:31.820261 - Epoch: 0 Iteration: 46  rank : 0  train.loss : 6.910573482513428  train.ips : 48524.124367317425 imgs/s train.total_time : 0.00032973289489746094
TCAPPDLL 2025-11-24 20:06:31.916530 - Epoch: 0 Iteration: 47  rank : 0  train.loss : 6.931708335876465  train.ips : 48913.16618075802 imgs/s train.total_time : 0.00032711029052734375
TCAPPDLL 2025-11-24 20:06:32.000986 - Epoch: 0 Iteration: 48  rank : 0  train.loss : 6.918846130371094  train.ips : 185897.13019390582 imgs/s train.total_time : 8.606910705566406e-05
TCAPPDLL 2025-11-24 20:06:32.424582 - Epoch: 0 Iteration: 49  rank : 0  train.loss : 6.95241117477417  train.ips : 90443.2129380054 imgs/s train.total_time : 0.00017690658569335938
TCAPPDLL 2025-11-24 20:06:32.507985 - Epoch: 0 Iteration: 50  rank : 0  train.loss : 6.894762992858887  train.ips : 96420.7816091954 imgs/s train.total_time : 0.0001659393310546875
TCAPPDLL 2025-11-24 20:06:32.590284 - Epoch: 0 Iteration: 51  rank : 0  train.loss : 6.943682670593262  train.ips : 109655.00653594772 imgs/s train.total_time : 0.00014591217041015625
TCAPPDLL 2025-11-24 20:06:32.662271 - Epoch: 0 Iteration: 52  rank : 0  train.loss : 6.895733833312988  train.ips : 108414.96607431342 imgs/s train.total_time : 0.0001475811004638672
TCAPPDLL 2025-11-24 20:06:32.798889 - Epoch: 0 Iteration: 53  rank : 0  train.loss : 6.874240875244141  train.ips : 108766.39222042139 imgs/s train.total_time : 0.00014710426330566406
TCAPPDLL 2025-11-24 20:06:32.871499 - Epoch: 0 Iteration: 54  rank : 0  train.loss : 6.903374195098877  train.ips : 87838.8272251309 imgs/s train.total_time : 0.00018215179443359375
TCAPPDLL 2025-11-24 20:06:32.947431 - Epoch: 0 Iteration: 55  rank : 0  train.loss : 6.921369552612305  train.ips : 116711.06782608696 imgs/s train.total_time : 0.00013709068298339844
TCAPPDLL 2025-11-24 20:06:33.028381 - Epoch: 0 Iteration: 56  rank : 0  train.loss : 6.918560028076172  train.ips : 106353.19175911252 imgs/s train.total_time : 0.00015044212341308594
TCAPPDLL 2025-11-24 20:06:33.365627 - Epoch: 0 Iteration: 57  rank : 0  train.loss : 6.93485164642334  train.ips : 82748.29099876696 imgs/s train.total_time : 0.0001933574676513672
TCAPPDLL 2025-11-24 20:06:33.445144 - Epoch: 0 Iteration: 58  rank : 0  train.loss : 6.906318664550781  train.ips : 104530.94080996884 imgs/s train.total_time : 0.00015306472778320312
TCAPPDLL 2025-11-24 20:06:33.519247 - Epoch: 0 Iteration: 59  rank : 0  train.loss : 6.950514793395996  train.ips : 104044.7503875969 imgs/s train.total_time : 0.0001537799835205078
TCAPPDLL 2025-11-24 20:06:33.591260 - Epoch: 0 Iteration: 60  rank : 0  train.loss : 6.878026485443115  train.ips : 100612.98950524737 imgs/s train.total_time : 0.0001590251922607422
TCAPPDLL 2025-11-24 20:06:33.845482 - Epoch: 0 Iteration: 61  rank : 0  train.loss : 6.895741939544678  train.ips : 100764.06006006006 imgs/s train.total_time : 0.00015878677368164062
TCAPPDLL 2025-11-24 20:06:33.917982 - Epoch: 0 Iteration: 62  rank : 0  train.loss : 6.899600028991699  train.ips : 116914.39721254355 imgs/s train.total_time : 0.00013685226440429688
TCAPPDLL 2025-11-24 20:06:33.989487 - Epoch: 0 Iteration: 63  rank : 0  train.loss : 6.944129467010498  train.ips : 96420.7816091954 imgs/s train.total_time : 0.0001659393310546875
TCAPPDLL 2025-11-24 20:06:34.062756 - Epoch: 0 Iteration: 64  rank : 0  train.loss : 6.919288158416748  train.ips : 66444.4198019802 imgs/s train.total_time : 0.00024080276489257812
TCAPPDLL 2025-11-24 20:06:34.236652 - Epoch: 0 Iteration: 65  rank : 0  train.loss : 6.881500720977783  train.ips : 117734.84912280702 imgs/s train.total_time : 0.00013589859008789062
TCAPPDLL 2025-11-24 20:06:34.343851 - Epoch: 0 Iteration: 66  rank : 0  train.loss : 6.933210372924805  train.ips : 99273.4674556213 imgs/s train.total_time : 0.00016117095947265625
TCAPPDLL 2025-11-24 20:06:34.419183 - Epoch: 0 Iteration: 67  rank : 0  train.loss : 6.9085211753845215  train.ips : 86369.19433719433 imgs/s train.total_time : 0.00018525123596191406
TCAPPDLL 2025-11-24 20:06:34.492593 - Epoch: 0 Iteration: 68  rank : 0  train.loss : 6.961632251739502  train.ips : 105351.43485086343 imgs/s train.total_time : 0.0001518726348876953
TCAPPDLL 2025-11-24 20:06:34.727389 - Epoch: 0 Iteration: 69  rank : 0  train.loss : 6.892794609069824  train.ips : 84413.66540880503 imgs/s train.total_time : 0.0001895427703857422
TCAPPDLL 2025-11-24 20:06:34.806135 - Epoch: 0 Iteration: 70  rank : 0  train.loss : 6.907570838928223  train.ips : 97826.33236151603 imgs/s train.total_time : 0.00016355514526367188
TCAPPDLL 2025-11-24 20:06:34.884942 - Epoch: 0 Iteration: 71  rank : 0  train.loss : 6.905797958374023  train.ips : 119410.79003558718 imgs/s train.total_time : 0.00013399124145507812
TCAPPDLL 2025-11-24 20:06:34.962118 - Epoch: 0 Iteration: 72  rank : 0  train.loss : 6.938204288482666  train.ips : 104694.01560062403 imgs/s train.total_time : 0.00015282630920410156
TCAPPDLL 2025-11-24 20:06:35.143407 - Epoch: 0 Iteration: 73  rank : 0  train.loss : 6.950921058654785  train.ips : 107718.88282504013 imgs/s train.total_time : 0.00014853477478027344
TCAPPDLL 2025-11-24 20:06:35.246677 - Epoch: 0 Iteration: 74  rank : 0  train.loss : 6.940087795257568  train.ips : 117323.18881118881 imgs/s train.total_time : 0.00013637542724609375
TCAPPDLL 2025-11-24 20:06:35.356141 - Epoch: 0 Iteration: 75  rank : 0  train.loss : 6.916134834289551  train.ips : 99715.99405646359 imgs/s train.total_time : 0.00016045570373535156
TCAPPDLL 2025-11-24 20:06:35.434371 - Epoch: 0 Iteration: 76  rank : 0  train.loss : 6.928955078125  train.ips : 102456.28091603053 imgs/s train.total_time : 0.00015616416931152344
TCAPPDLL 2025-11-24 20:06:35.638655 - Epoch: 0 Iteration: 77  rank : 0  train.loss : 6.943332672119141  train.ips : 112788.00672268908 imgs/s train.total_time : 0.0001418590545654297
TCAPPDLL 2025-11-24 20:06:35.723317 - Epoch: 0 Iteration: 78  rank : 0  train.loss : 6.9443864822387695  train.ips : 116105.30103806229 imgs/s train.total_time : 0.00013780593872070312
TCAPPDLL 2025-11-24 20:06:35.804736 - Epoch: 0 Iteration: 79  rank : 0  train.loss : 6.9121904373168945  train.ips : 110376.42105263157 imgs/s train.total_time : 0.00014495849609375
TCAPPDLL 2025-11-24 20:06:35.882355 - Epoch: 0 Iteration: 80  rank : 0  train.loss : 6.895959854125977  train.ips : 117118.43630017452 imgs/s train.total_time : 0.0001366138458251953
TCAPPDLL 2025-11-24 20:06:36.334963 - Epoch: 0 Iteration: 81  rank : 0  train.loss : 6.932629585266113  train.ips : 101067.56626506025 imgs/s train.total_time : 0.0001583099365234375
TCAPPDLL 2025-11-24 20:06:36.405749 - Epoch: 0 Iteration: 82  rank : 0  train.loss : 6.919217109680176  train.ips : 91180.52173913043 imgs/s train.total_time : 0.00017547607421875
TCAPPDLL 2025-11-24 20:06:36.477061 - Epoch: 0 Iteration: 83  rank : 0  train.loss : 6.887961387634277  train.ips : 110376.42105263157 imgs/s train.total_time : 0.00014495849609375
TCAPPDLL 2025-11-24 20:06:36.550993 - Epoch: 0 Iteration: 84  rank : 0  train.loss : 6.943347930908203  train.ips : 109834.47463175123 imgs/s train.total_time : 0.0001456737518310547
TCAPPDLL 2025-11-24 20:06:36.847902 - Epoch: 0 Iteration: 85  rank : 0  train.loss : 6.950153350830078  train.ips : 99273.4674556213 imgs/s train.total_time : 0.00016117095947265625
TCAPPDLL 2025-11-24 20:06:36.924591 - Epoch: 0 Iteration: 86  rank : 0  train.loss : 6.872371673583984  train.ips : 71774.18609625669 imgs/s train.total_time : 0.00022292137145996094
TCAPPDLL 2025-11-24 20:06:37.000621 - Epoch: 0 Iteration: 87  rank : 0  train.loss : 6.93440055847168  train.ips : 111848.10666666667 imgs/s train.total_time : 0.0001430511474609375
TCAPPDLL 2025-11-24 20:06:37.073781 - Epoch: 0 Iteration: 88  rank : 0  train.loss : 6.902413368225098  train.ips : 118357.78483245149 imgs/s train.total_time : 0.00013518333435058594
TCAPPDLL 2025-11-24 20:06:37.343130 - Epoch: 0 Iteration: 89  rank : 0  train.loss : 6.925323963165283  train.ips : 89240.51063829787 imgs/s train.total_time : 0.000179290771484375
TCAPPDLL 2025-11-24 20:06:37.465598 - Epoch: 0 Iteration: 90  rank : 0  train.loss : 6.893669128417969  train.ips : 79796.50891795481 imgs/s train.total_time : 0.00020051002502441406
TCAPPDLL 2025-11-24 20:06:37.547191 - Epoch: 0 Iteration: 91  rank : 0  train.loss : 6.899223327636719  train.ips : 98256.0234260615 imgs/s train.total_time : 0.0001628398895263672
TCAPPDLL 2025-11-24 20:06:37.616972 - Epoch: 0 Iteration: 92  rank : 0  train.loss : 6.918244361877441  train.ips : 114520.2457337884 imgs/s train.total_time : 0.00013971328735351562
TCAPPDLL 2025-11-24 20:06:38.010918 - Epoch: 0 Iteration: 93  rank : 0  train.loss : 6.9370222091674805  train.ips : 101680.09696969697 imgs/s train.total_time : 0.00015735626220703125
TCAPPDLL 2025-11-24 20:06:38.163988 - Epoch: 0 Iteration: 94  rank : 0  train.loss : 6.8779296875  train.ips : 115904.7737478411 imgs/s train.total_time : 0.0001380443572998047
TCAPPDLL 2025-11-24 20:06:38.234437 - Epoch: 0 Iteration: 95  rank : 0  train.loss : 6.88703727722168  train.ips : 113551.37732656514 imgs/s train.total_time : 0.00014090538024902344
TCAPPDLL 2025-11-24 20:06:38.303534 - Epoch: 0 Iteration: 96  rank : 0  train.loss : 6.857827186584473  train.ips : 112222.18060200669 imgs/s train.total_time : 0.00014257431030273438
TCAPPDLL 2025-11-24 20:06:38.562232 - Epoch: 0 Iteration: 97  rank : 0  train.loss : 6.912163257598877  train.ips : 91929.95068493151 imgs/s train.total_time : 0.00017404556274414062
TCAPPDLL 2025-11-24 20:06:38.641353 - Epoch: 0 Iteration: 98  rank : 0  train.loss : 6.926681041717529  train.ips : 89717.73262032085 imgs/s train.total_time : 0.00017833709716796875
TCAPPDLL 2025-11-24 20:06:38.717416 - Epoch: 0 Iteration: 99  rank : 0  train.loss : 6.9271392822265625  train.ips : 104694.01560062403 imgs/s train.total_time : 0.00015282630920410156
TCAPPDLL 2025-11-24 20:06:38.787368 - Epoch: 0 Iteration: 100  rank : 0  train.loss : 6.923672676086426  train.ips : 108414.96607431342 imgs/s train.total_time : 0.0001475811004638672

