Training with a single process on 1 device (cuda).
Model coatnet_2_rw_224 created, param count:73868400
Data processing configuration for current model + dataset:
	input_size: (3, 224, 224)
	interpolation: bicubic
	mean: (0.5, 0.5, 0.5)
	std: (0.5, 0.5, 0.5)
	crop_pct: 0.95
	crop_mode: center
Created SGD (sgd) optimizer: lr: 0.4, momentum: 0.9, dampening: 0, weight_decay: 2e-05, nesterov: True, maximize: False, foreach: None, differentiable: False, fused: None
Using native Torch AMP. Training in mixed precision.
Scheduled epochs: 1 (epochs + cooldown_epochs). Warmup within epochs when warmup_prefix=False. LR stepped per epoch.
TCAPPDLL 2025-11-27 01:05:00.984099 - Epoch: 0 Iteration: 0  rank : 0  train.loss : 7.0077362060546875  train.ips : 156430.91841491841 imgs/s train.total_time : 0.00010228157043457031
TCAPPDLL 2025-11-27 01:05:01.070760 - Epoch: 0 Iteration: 1  rank : 0  train.loss : 6.983733177185059  train.ips : 159403.47743467934 imgs/s train.total_time : 0.00010037422180175781
TCAPPDLL 2025-11-27 01:05:01.139843 - Epoch: 0 Iteration: 2  rank : 0  train.loss : 7.362454414367676  train.ips : 140985.00840336134 imgs/s train.total_time : 0.00011348724365234375
TCAPPDLL 2025-11-27 01:05:01.216201 - Epoch: 0 Iteration: 3  rank : 0  train.loss : 6.965336322784424  train.ips : 141879.20507399578 imgs/s train.total_time : 0.00011277198791503906
TCAPPDLL 2025-11-27 01:05:01.284914 - Epoch: 0 Iteration: 4  rank : 0  train.loss : 6.933100700378418  train.ips : 123135.53027522936 imgs/s train.total_time : 0.00012993812561035156
TCAPPDLL 2025-11-27 01:05:01.354419 - Epoch: 0 Iteration: 5  rank : 0  train.loss : 7.031559944152832  train.ips : 131072.0 imgs/s train.total_time : 0.0001220703125
TCAPPDLL 2025-11-27 01:05:01.422931 - Epoch: 0 Iteration: 6  rank : 0  train.loss : 7.16876220703125  train.ips : 144320.1376344086 imgs/s train.total_time : 0.00011086463928222656
TCAPPDLL 2025-11-27 01:05:01.491758 - Epoch: 0 Iteration: 7  rank : 0  train.loss : 6.9290771484375  train.ips : 140985.00840336134 imgs/s train.total_time : 0.00011348724365234375
TCAPPDLL 2025-11-27 01:05:01.565043 - Epoch: 0 Iteration: 8  rank : 0  train.loss : 6.824318885803223  train.ips : 122685.30895795247 imgs/s train.total_time : 0.0001304149627685547
TCAPPDLL 2025-11-27 01:05:02.037285 - Epoch: 0 Iteration: 9  rank : 0  train.loss : 7.0435895919799805  train.ips : 86928.58031088083 imgs/s train.total_time : 0.00018405914306640625
TCAPPDLL 2025-11-27 01:05:02.111443 - Epoch: 0 Iteration: 10  rank : 0  train.loss : 6.983513832092285  train.ips : 136677.93075356414 imgs/s train.total_time : 0.00011706352233886719
TCAPPDLL 2025-11-27 01:05:02.184309 - Epoch: 0 Iteration: 11  rank : 0  train.loss : 7.099241256713867  train.ips : 96698.65129682996 imgs/s train.total_time : 0.00016546249389648438
TCAPPDLL 2025-11-27 01:05:02.261840 - Epoch: 0 Iteration: 12  rank : 0  train.loss : 6.93975305557251  train.ips : 131328.50097847357 imgs/s train.total_time : 0.00012183189392089844
TCAPPDLL 2025-11-27 01:05:03.054380 - Epoch: 0 Iteration: 13  rank : 0  train.loss : 6.9962544441223145  train.ips : 99568.04747774481 imgs/s train.total_time : 0.00016069412231445312
TCAPPDLL 2025-11-27 01:05:03.133083 - Epoch: 0 Iteration: 14  rank : 0  train.loss : 7.214046955108643  train.ips : 142784.8170212766 imgs/s train.total_time : 0.00011205673217773438
TCAPPDLL 2025-11-27 01:05:03.207731 - Epoch: 0 Iteration: 15  rank : 0  train.loss : 7.053978443145752  train.ips : 129304.16955684008 imgs/s train.total_time : 0.00012373924255371094
TCAPPDLL 2025-11-27 01:05:03.285138 - Epoch: 0 Iteration: 16  rank : 0  train.loss : 7.1339263916015625  train.ips : 130055.93798449612 imgs/s train.total_time : 0.00012302398681640625
TCAPPDLL 2025-11-27 01:05:03.850408 - Epoch: 0 Iteration: 17  rank : 0  train.loss : 7.148996829986572  train.ips : 136956.86530612246 imgs/s train.total_time : 0.00011682510375976562
TCAPPDLL 2025-11-27 01:05:04.052528 - Epoch: 0 Iteration: 18  rank : 0  train.loss : 6.966872215270996  train.ips : 132364.62327416174 imgs/s train.total_time : 0.00012087821960449219
TCAPPDLL 2025-11-27 01:05:04.121425 - Epoch: 0 Iteration: 19  rank : 0  train.loss : 6.971136093139648  train.ips : 140102.01252609602 imgs/s train.total_time : 0.00011420249938964844
TCAPPDLL 2025-11-27 01:05:04.219601 - Epoch: 0 Iteration: 20  rank : 0  train.loss : 6.859654426574707  train.ips : 122238.3679417122 imgs/s train.total_time : 0.0001308917999267578
TCAPPDLL 2025-11-27 01:05:04.547812 - Epoch: 0 Iteration: 21  rank : 0  train.loss : 7.117920398712158  train.ips : 127100.12121212122 imgs/s train.total_time : 0.000125885009765625
TCAPPDLL 2025-11-27 01:05:04.879562 - Epoch: 0 Iteration: 22  rank : 0  train.loss : 7.170675277709961  train.ips : 118357.78483245149 imgs/s train.total_time : 0.00013518333435058594
TCAPPDLL 2025-11-27 01:05:04.947004 - Epoch: 0 Iteration: 23  rank : 0  train.loss : 7.035854339599609  train.ips : 138654.67768595042 imgs/s train.total_time : 0.00011539459228515625
TCAPPDLL 2025-11-27 01:05:05.167755 - Epoch: 0 Iteration: 24  rank : 0  train.loss : 7.195032596588135  train.ips : 96282.44476327117 imgs/s train.total_time : 0.00016617774963378906
TCAPPDLL 2025-11-27 01:05:05.328331 - Epoch: 0 Iteration: 25  rank : 0  train.loss : 7.0020575523376465  train.ips : 136677.93075356414 imgs/s train.total_time : 0.00011706352233886719
TCAPPDLL 2025-11-27 01:05:05.959055 - Epoch: 0 Iteration: 26  rank : 0  train.loss : 7.19244384765625  train.ips : 66117.10738916256 imgs/s train.total_time : 0.00024199485778808594
TCAPPDLL 2025-11-27 01:05:06.043933 - Epoch: 0 Iteration: 27  rank : 0  train.loss : 6.970619201660156  train.ips : 126144.48120300751 imgs/s train.total_time : 0.00012683868408203125
TCAPPDLL 2025-11-27 01:05:06.168972 - Epoch: 0 Iteration: 28  rank : 0  train.loss : 6.875548839569092  train.ips : 107718.88282504013 imgs/s train.total_time : 0.00014853477478027344
TCAPPDLL 2025-11-27 01:05:06.556576 - Epoch: 0 Iteration: 29  rank : 0  train.loss : 6.952487468719482  train.ips : 144320.1376344086 imgs/s train.total_time : 0.00011086463928222656
TCAPPDLL 2025-11-27 01:05:06.715805 - Epoch: 0 Iteration: 30  rank : 0  train.loss : 7.179360389709473  train.ips : 95733.04422253923 imgs/s train.total_time : 0.0001671314239501953
TCAPPDLL 2025-11-27 01:05:06.791643 - Epoch: 0 Iteration: 31  rank : 0  train.loss : 6.847480773925781  train.ips : 162885.5922330097 imgs/s train.total_time : 9.822845458984375e-05
TCAPPDLL 2025-11-27 01:05:06.860781 - Epoch: 0 Iteration: 32  rank : 0  train.loss : 6.82603645324707  train.ips : 136400.13008130083 imgs/s train.total_time : 0.00011730194091796875
TCAPPDLL 2025-11-27 01:05:07.360288 - Epoch: 0 Iteration: 33  rank : 0  train.loss : 7.249668121337891  train.ips : 135573.46262626263 imgs/s train.total_time : 0.00011801719665527344
TCAPPDLL 2025-11-27 01:05:07.434584 - Epoch: 0 Iteration: 34  rank : 0  train.loss : 7.108124256134033  train.ips : 142481.6645435244 imgs/s train.total_time : 0.00011229515075683594
TCAPPDLL 2025-11-27 01:05:07.507115 - Epoch: 0 Iteration: 35  rank : 0  train.loss : 7.108729362487793  train.ips : 134486.7014028056 imgs/s train.total_time : 0.00011897087097167969
TCAPPDLL 2025-11-27 01:05:07.580426 - Epoch: 0 Iteration: 36  rank : 0  train.loss : 7.097265243530273  train.ips : 140395.11297071129 imgs/s train.total_time : 0.00011396408081054688
TCAPPDLL 2025-11-27 01:05:07.966843 - Epoch: 0 Iteration: 37  rank : 0  train.loss : 7.095916748046875  train.ips : 99864.38095238095 imgs/s train.total_time : 0.00016021728515625
TCAPPDLL 2025-11-27 01:05:08.057099 - Epoch: 0 Iteration: 38  rank : 0  train.loss : 7.051258563995361  train.ips : 130055.93798449612 imgs/s train.total_time : 0.00012302398681640625
TCAPPDLL 2025-11-27 01:05:08.127561 - Epoch: 0 Iteration: 39  rank : 0  train.loss : 6.8826704025268555  train.ips : 128315.2275334608 imgs/s train.total_time : 0.0001246929168701172
TCAPPDLL 2025-11-27 01:05:08.420162 - Epoch: 0 Iteration: 40  rank : 0  train.loss : 7.163747787475586  train.ips : 119410.79003558718 imgs/s train.total_time : 0.00013399124145507812
TCAPPDLL 2025-11-27 01:05:08.972598 - Epoch: 0 Iteration: 41  rank : 0  train.loss : 7.116467475891113  train.ips : 136956.86530612246 imgs/s train.total_time : 0.00011682510375976562
TCAPPDLL 2025-11-27 01:05:09.038706 - Epoch: 0 Iteration: 42  rank : 0  train.loss : 7.294110298156738  train.ips : 141281.81894736842 imgs/s train.total_time : 0.00011324882507324219
TCAPPDLL 2025-11-27 01:05:09.112759 - Epoch: 0 Iteration: 43  rank : 0  train.loss : 6.926761627197266  train.ips : 132626.21343873517 imgs/s train.total_time : 0.00012063980102539062
TCAPPDLL 2025-11-27 01:05:09.423589 - Epoch: 0 Iteration: 44  rank : 0  train.loss : 7.191140174865723  train.ips : 98112.37426900584 imgs/s train.total_time : 0.00016307830810546875
TCAPPDLL 2025-11-27 01:05:09.943745 - Epoch: 0 Iteration: 45  rank : 0  train.loss : 7.214751243591309  train.ips : 138368.79175257732 imgs/s train.total_time : 0.00011563301086425781
TCAPPDLL 2025-11-27 01:05:10.012837 - Epoch: 0 Iteration: 46  rank : 0  train.loss : 6.898150444030762  train.ips : 143395.00854700856 imgs/s train.total_time : 0.00011157989501953125
TCAPPDLL 2025-11-27 01:05:10.092125 - Epoch: 0 Iteration: 47  rank : 0  train.loss : 7.1572265625  train.ips : 85163.53299492385 imgs/s train.total_time : 0.00018787384033203125
TCAPPDLL 2025-11-27 01:05:10.163867 - Epoch: 0 Iteration: 48  rank : 0  train.loss : 7.051020622253418  train.ips : 123135.53027522936 imgs/s train.total_time : 0.00012993812561035156
TCAPPDLL 2025-11-27 01:05:10.641836 - Epoch: 0 Iteration: 49  rank : 0  train.loss : 7.253528594970703  train.ips : 135847.9028340081 imgs/s train.total_time : 0.00011777877807617188
TCAPPDLL 2025-11-27 01:05:10.712093 - Epoch: 0 Iteration: 50  rank : 0  train.loss : 7.10089111328125  train.ips : 130816.49902534112 imgs/s train.total_time : 0.00012230873107910156
TCAPPDLL 2025-11-27 01:05:10.783900 - Epoch: 0 Iteration: 51  rank : 0  train.loss : 6.931813716888428  train.ips : 109476.12398042415 imgs/s train.total_time : 0.0001461505889892578
TCAPPDLL 2025-11-27 01:05:10.850932 - Epoch: 0 Iteration: 52  rank : 0  train.loss : 7.019610404968262  train.ips : 139810.13333333333 imgs/s train.total_time : 0.00011444091796875
TCAPPDLL 2025-11-27 01:05:11.805431 - Epoch: 0 Iteration: 53  rank : 0  train.loss : 6.907191276550293  train.ips : 51424.41685823755 imgs/s train.total_time : 0.00031113624572753906
TCAPPDLL 2025-11-27 01:05:11.929278 - Epoch: 0 Iteration: 54  rank : 0  train.loss : 6.978943824768066  train.ips : 70939.60253699789 imgs/s train.total_time : 0.00022554397583007812
TCAPPDLL 2025-11-27 01:05:12.039505 - Epoch: 0 Iteration: 55  rank : 0  train.loss : 7.230326175689697  train.ips : 47527.524079320116 imgs/s train.total_time : 0.00033664703369140625
TCAPPDLL 2025-11-27 01:05:12.147164 - Epoch: 0 Iteration: 56  rank : 0  train.loss : 6.96451473236084  train.ips : 75743.6388261851 imgs/s train.total_time : 0.00021123886108398438
TCAPPDLL 2025-11-27 01:05:12.815212 - Epoch: 0 Iteration: 57  rank : 0  train.loss : 7.016924858093262  train.ips : 109297.82410423453 imgs/s train.total_time : 0.00014638900756835938
TCAPPDLL 2025-11-27 01:05:12.890974 - Epoch: 0 Iteration: 58  rank : 0  train.loss : 7.1795854568481445  train.ips : 70566.62881177707 imgs/s train.total_time : 0.00022673606872558594
TCAPPDLL 2025-11-27 01:05:13.036100 - Epoch: 0 Iteration: 59  rank : 0  train.loss : 6.778225421905518  train.ips : 59918.62857142857 imgs/s train.total_time : 0.00026702880859375
TCAPPDLL 2025-11-27 01:05:13.111246 - Epoch: 0 Iteration: 60  rank : 0  train.loss : 7.049755096435547  train.ips : 115109.54373927959 imgs/s train.total_time : 0.00013899803161621094
TCAPPDLL 2025-11-27 01:05:13.576634 - Epoch: 0 Iteration: 61  rank : 0  train.loss : 7.004180431365967  train.ips : 79324.89834515366 imgs/s train.total_time : 0.00020170211791992188
TCAPPDLL 2025-11-27 01:05:13.649484 - Epoch: 0 Iteration: 62  rank : 0  train.loss : 7.025520324707031  train.ips : 104206.3105590062 imgs/s train.total_time : 0.00015354156494140625
TCAPPDLL 2025-11-27 01:05:13.730467 - Epoch: 0 Iteration: 63  rank : 0  train.loss : 7.10791015625  train.ips : 107202.65814696485 imgs/s train.total_time : 0.00014925003051757812
TCAPPDLL 2025-11-27 01:05:13.808264 - Epoch: 0 Iteration: 64  rank : 0  train.loss : 6.815600395202637  train.ips : 104857.6 imgs/s train.total_time : 0.000152587890625
TCAPPDLL 2025-11-27 01:05:14.382507 - Epoch: 0 Iteration: 65  rank : 0  train.loss : 6.973293304443359  train.ips : 97683.93595342067 imgs/s train.total_time : 0.00016379356384277344
TCAPPDLL 2025-11-27 01:05:14.454048 - Epoch: 0 Iteration: 66  rank : 0  train.loss : 7.018791198730469  train.ips : 119623.64349376113 imgs/s train.total_time : 0.00013375282287597656
TCAPPDLL 2025-11-27 01:05:14.529044 - Epoch: 0 Iteration: 67  rank : 0  train.loss : 6.937293529510498  train.ips : 122685.30895795247 imgs/s train.total_time : 0.0001304149627685547
TCAPPDLL 2025-11-27 01:05:14.604300 - Epoch: 0 Iteration: 68  rank : 0  train.loss : 7.026765823364258  train.ips : 121354.18444846293 imgs/s train.total_time : 0.00013184547424316406
TCAPPDLL 2025-11-27 01:05:15.443688 - Epoch: 0 Iteration: 69  rank : 0  train.loss : 7.136669158935547  train.ips : 80466.26378896882 imgs/s train.total_time : 0.00019884109497070312
TCAPPDLL 2025-11-27 01:05:15.520146 - Epoch: 0 Iteration: 70  rank : 0  train.loss : 7.161907196044922  train.ips : 122461.4306569343 imgs/s train.total_time : 0.00013065338134765625
TCAPPDLL 2025-11-27 01:05:15.597730 - Epoch: 0 Iteration: 71  rank : 0  train.loss : 6.941717147827148  train.ips : 120266.78136200717 imgs/s train.total_time : 0.00013303756713867188
TCAPPDLL 2025-11-27 01:05:15.679874 - Epoch: 0 Iteration: 72  rank : 0  train.loss : 7.112088203430176  train.ips : 95733.04422253923 imgs/s train.total_time : 0.0001671314239501953
TCAPPDLL 2025-11-27 01:05:16.342769 - Epoch: 0 Iteration: 73  rank : 0  train.loss : 6.956028938293457  train.ips : 76783.59725400458 imgs/s train.total_time : 0.00020837783813476562
TCAPPDLL 2025-11-27 01:05:16.429322 - Epoch: 0 Iteration: 74  rank : 0  train.loss : 7.224669933319092  train.ips : 109655.00653594772 imgs/s train.total_time : 0.00014591217041015625
TCAPPDLL 2025-11-27 01:05:16.502291 - Epoch: 0 Iteration: 75  rank : 0  train.loss : 7.023837089538574  train.ips : 128807.80038387715 imgs/s train.total_time : 0.00012421607971191406
TCAPPDLL 2025-11-27 01:05:16.569159 - Epoch: 0 Iteration: 76  rank : 0  train.loss : 7.228303909301758  train.ips : 131586.00784313725 imgs/s train.total_time : 0.00012159347534179688
TCAPPDLL 2025-11-27 01:05:17.044914 - Epoch: 0 Iteration: 77  rank : 0  train.loss : 7.20322322845459  train.ips : 102300.09756097561 imgs/s train.total_time : 0.000156402587890625
TCAPPDLL 2025-11-27 01:05:17.128016 - Epoch: 0 Iteration: 78  rank : 0  train.loss : 7.185580730438232  train.ips : 128070.35114503816 imgs/s train.total_time : 0.00012493133544921875
TCAPPDLL 2025-11-27 01:05:17.199394 - Epoch: 0 Iteration: 79  rank : 0  train.loss : 6.855039596557617  train.ips : 117323.18881118881 imgs/s train.total_time : 0.00013637542724609375
TCAPPDLL 2025-11-27 01:05:17.267654 - Epoch: 0 Iteration: 80  rank : 0  train.loss : 6.964360237121582  train.ips : 122685.30895795247 imgs/s train.total_time : 0.0001304149627685547
TCAPPDLL 2025-11-27 01:05:17.659689 - Epoch: 0 Iteration: 81  rank : 0  train.loss : 7.001574993133545  train.ips : 116711.06782608696 imgs/s train.total_time : 0.00013709068298339844
TCAPPDLL 2025-11-27 01:05:17.729022 - Epoch: 0 Iteration: 82  rank : 0  train.loss : 6.901216506958008  train.ips : 124969.95158286778 imgs/s train.total_time : 0.00012803077697753906
TCAPPDLL 2025-11-27 01:05:17.795954 - Epoch: 0 Iteration: 83  rank : 0  train.loss : 7.132075309753418  train.ips : 146846.5295404814 imgs/s train.total_time : 0.00010895729064941406
TCAPPDLL 2025-11-27 01:05:17.863022 - Epoch: 0 Iteration: 84  rank : 0  train.loss : 7.058577537536621  train.ips : 115904.7737478411 imgs/s train.total_time : 0.0001380443572998047
TCAPPDLL 2025-11-27 01:05:18.480115 - Epoch: 0 Iteration: 85  rank : 0  train.loss : 7.208215713500977  train.ips : 126382.04143126176 imgs/s train.total_time : 0.0001266002655029297
TCAPPDLL 2025-11-27 01:05:18.735426 - Epoch: 0 Iteration: 86  rank : 0  train.loss : 7.223560810089111  train.ips : 111107.39072847682 imgs/s train.total_time : 0.00014400482177734375
TCAPPDLL 2025-11-27 01:05:18.824913 - Epoch: 0 Iteration: 87  rank : 0  train.loss : 6.957199573516846  train.ips : 116306.52339688041 imgs/s train.total_time : 0.00013756752014160156
TCAPPDLL 2025-11-27 01:05:18.893276 - Epoch: 0 Iteration: 88  rank : 0  train.loss : 7.044459342956543  train.ips : 124969.95158286778 imgs/s train.total_time : 0.00012803077697753906
TCAPPDLL 2025-11-27 01:05:19.244476 - Epoch: 0 Iteration: 89  rank : 0  train.loss : 7.02037239074707  train.ips : 111107.39072847682 imgs/s train.total_time : 0.00014400482177734375
TCAPPDLL 2025-11-27 01:05:19.516567 - Epoch: 0 Iteration: 90  rank : 0  train.loss : 7.067134857177734  train.ips : 132364.62327416174 imgs/s train.total_time : 0.00012087821960449219
TCAPPDLL 2025-11-27 01:05:19.589994 - Epoch: 0 Iteration: 91  rank : 0  train.loss : 7.149193286895752  train.ips : 128807.80038387715 imgs/s train.total_time : 0.00012421607971191406
TCAPPDLL 2025-11-27 01:05:19.665054 - Epoch: 0 Iteration: 92  rank : 0  train.loss : 6.884055137634277  train.ips : 123135.53027522936 imgs/s train.total_time : 0.00012993812561035156
TCAPPDLL 2025-11-27 01:05:20.130927 - Epoch: 0 Iteration: 93  rank : 0  train.loss : 6.859216213226318  train.ips : 126620.49811320755 imgs/s train.total_time : 0.00012636184692382812
TCAPPDLL 2025-11-27 01:05:20.342462 - Epoch: 0 Iteration: 94  rank : 0  train.loss : 7.352095603942871  train.ips : 135573.46262626263 imgs/s train.total_time : 0.00011801719665527344
TCAPPDLL 2025-11-27 01:05:20.412436 - Epoch: 0 Iteration: 95  rank : 0  train.loss : 7.084547996520996  train.ips : 133949.82834331336 imgs/s train.total_time : 0.00011944770812988281
TCAPPDLL 2025-11-27 01:05:20.486172 - Epoch: 0 Iteration: 96  rank : 0  train.loss : 7.000665664672852  train.ips : 150468.30493273542 imgs/s train.total_time : 0.00010633468627929688
TCAPPDLL 2025-11-27 01:05:21.183928 - Epoch: 0 Iteration: 97  rank : 0  train.loss : 7.085354328155518  train.ips : 98834.85125184094 imgs/s train.total_time : 0.00016188621520996094
TCAPPDLL 2025-11-27 01:05:21.626682 - Epoch: 0 Iteration: 98  rank : 0  train.loss : 7.15827751159668  train.ips : 84840.53603034135 imgs/s train.total_time : 0.00018858909606933594
TCAPPDLL 2025-11-27 01:05:21.695981 - Epoch: 0 Iteration: 99  rank : 0  train.loss : 7.10098123550415  train.ips : 96559.51654676259 imgs/s train.total_time : 0.00016570091247558594
TCAPPDLL 2025-11-27 01:05:21.764506 - Epoch: 0 Iteration: 100  rank : 0  train.loss : 7.012686252593994  train.ips : 142784.8170212766 imgs/s train.total_time : 0.00011205673217773438
TCAPPDLL 2025-11-27 01:05:21.992114 - Epoch: 0 Iteration: 101  rank : 0  train.loss : 6.804676055908203  train.ips : 124969.95158286778 imgs/s train.total_time : 0.00012803077697753906
TCAPPDLL 2025-11-27 01:05:22.183505 - Epoch: 0 Iteration: 102  rank : 0  train.loss : 7.082347869873047  train.ips : 124969.95158286778 imgs/s train.total_time : 0.00012803077697753906
TCAPPDLL 2025-11-27 01:05:22.261403 - Epoch: 0 Iteration: 103  rank : 0  train.loss : 6.770341873168945  train.ips : 106861.24840764332 imgs/s train.total_time : 0.00014972686767578125
TCAPPDLL 2025-11-27 01:05:22.332278 - Epoch: 0 Iteration: 104  rank : 0  train.loss : 7.113534450531006  train.ips : 134486.7014028056 imgs/s train.total_time : 0.00011897087097167969
TCAPPDLL 2025-11-27 01:05:22.759932 - Epoch: 0 Iteration: 105  rank : 0  train.loss : 6.851349830627441  train.ips : 129804.37911025145 imgs/s train.total_time : 0.0001232624053955078
TCAPPDLL 2025-11-27 01:05:23.045211 - Epoch: 0 Iteration: 106  rank : 0  train.loss : 7.1691484451293945  train.ips : 86369.19433719433 imgs/s train.total_time : 0.00018525123596191406
TCAPPDLL 2025-11-27 01:05:23.115149 - Epoch: 0 Iteration: 107  rank : 0  train.loss : 7.146003723144531  train.ips : 115704.93793103448 imgs/s train.total_time : 0.00013828277587890625
TCAPPDLL 2025-11-27 01:05:23.203009 - Epoch: 0 Iteration: 108  rank : 0  train.loss : 7.1007208824157715  train.ips : 61286.633789954336 imgs/s train.total_time : 0.00026106834411621094
TCAPPDLL 2025-11-27 01:05:23.511173 - Epoch: 0 Iteration: 109  rank : 0  train.loss : 7.127275466918945  train.ips : 115307.3264604811 imgs/s train.total_time : 0.00013875961303710938
TCAPPDLL 2025-11-27 01:05:23.648884 - Epoch: 0 Iteration: 110  rank : 0  train.loss : 7.169953346252441  train.ips : 140689.4423480084 imgs/s train.total_time : 0.00011372566223144531
TCAPPDLL 2025-11-27 01:05:23.718778 - Epoch: 0 Iteration: 111  rank : 0  train.loss : 7.197731018066406  train.ips : 129553.79150579151 imgs/s train.total_time : 0.00012350082397460938
TCAPPDLL 2025-11-27 01:05:23.786018 - Epoch: 0 Iteration: 112  rank : 0  train.loss : 7.1527886390686035  train.ips : 112788.00672268908 imgs/s train.total_time : 0.0001418590545654297
TCAPPDLL 2025-11-27 01:05:24.672438 - Epoch: 0 Iteration: 113  rank : 0  train.loss : 7.130775451660156  train.ips : 130816.49902534112 imgs/s train.total_time : 0.00012230873107910156
TCAPPDLL 2025-11-27 01:05:24.741042 - Epoch: 0 Iteration: 114  rank : 0  train.loss : 7.1209588050842285  train.ips : 136400.13008130083 imgs/s train.total_time : 0.00011730194091796875
TCAPPDLL 2025-11-27 01:05:24.810315 - Epoch: 0 Iteration: 115  rank : 0  train.loss : 7.135771751403809  train.ips : 107892.06430868167 imgs/s train.total_time : 0.00014829635620117188
TCAPPDLL 2025-11-27 01:05:24.883523 - Epoch: 0 Iteration: 116  rank : 0  train.loss : 7.0889892578125  train.ips : 83991.06883604506 imgs/s train.total_time : 0.00019049644470214844
TCAPPDLL 2025-11-27 01:05:25.360393 - Epoch: 0 Iteration: 117  rank : 0  train.loss : 7.055894374847412  train.ips : 117118.43630017452 imgs/s train.total_time : 0.0001366138458251953
TCAPPDLL 2025-11-27 01:05:25.490953 - Epoch: 0 Iteration: 118  rank : 0  train.loss : 6.946205139160156  train.ips : 119837.25714285714 imgs/s train.total_time : 0.000133514404296875
TCAPPDLL 2025-11-27 01:05:25.564429 - Epoch: 0 Iteration: 119  rank : 0  train.loss : 7.005924701690674  train.ips : 124045.95933456562 imgs/s train.total_time : 0.0001289844512939453
TCAPPDLL 2025-11-27 01:05:25.646076 - Epoch: 0 Iteration: 120  rank : 0  train.loss : 7.0350775718688965  train.ips : 132888.8396039604 imgs/s train.total_time : 0.00012040138244628906
TCAPPDLL 2025-11-27 01:05:25.982531 - Epoch: 0 Iteration: 121  rank : 0  train.loss : 6.858358383178711  train.ips : 127341.29791271347 imgs/s train.total_time : 0.00012564659118652344
TCAPPDLL 2025-11-27 01:05:26.407506 - Epoch: 0 Iteration: 122  rank : 0  train.loss : 7.1980061531066895  train.ips : 91056.80325644504 imgs/s train.total_time : 0.00017571449279785156
TCAPPDLL 2025-11-27 01:05:26.476802 - Epoch: 0 Iteration: 123  rank : 0  train.loss : 6.926456451416016  train.ips : 118566.89752650177 imgs/s train.total_time : 0.00013494491577148438
TCAPPDLL 2025-11-27 01:05:26.554882 - Epoch: 0 Iteration: 124  rank : 0  train.loss : 7.123988628387451  train.ips : 116306.52339688041 imgs/s train.total_time : 0.00013756752014160156
TCAPPDLL 2025-11-27 01:05:26.673727 - Epoch: 0 Iteration: 125  rank : 0  train.loss : 7.154087066650391  train.ips : 106861.24840764332 imgs/s train.total_time : 0.00014972686767578125
TCAPPDLL 2025-11-27 01:05:27.539153 - Epoch: 0 Iteration: 126  rank : 0  train.loss : 7.264453887939453  train.ips : 129553.79150579151 imgs/s train.total_time : 0.00012350082397460938
TCAPPDLL 2025-11-27 01:05:27.607501 - Epoch: 0 Iteration: 127  rank : 0  train.loss : 7.22474479675293  train.ips : 105351.43485086343 imgs/s train.total_time : 0.0001518726348876953
TCAPPDLL 2025-11-27 01:05:27.681617 - Epoch: 0 Iteration: 128  rank : 0  train.loss : 6.966818809509277  train.ips : 107892.06430868167 imgs/s train.total_time : 0.00014829635620117188
TCAPPDLL 2025-11-27 01:05:27.757350 - Epoch: 0 Iteration: 129  rank : 0  train.loss : 7.016858100891113  train.ips : 122685.30895795247 imgs/s train.total_time : 0.0001304149627685547
TCAPPDLL 2025-11-27 01:05:28.651194 - Epoch: 0 Iteration: 130  rank : 0  train.loss : 7.285748481750488  train.ips : 126620.49811320755 imgs/s train.total_time : 0.00012636184692382812
TCAPPDLL 2025-11-27 01:05:28.722403 - Epoch: 0 Iteration: 131  rank : 0  train.loss : 7.03579044342041  train.ips : 100312.20328849029 imgs/s train.total_time : 0.0001595020294189453
TCAPPDLL 2025-11-27 01:05:28.791590 - Epoch: 0 Iteration: 132  rank : 0  train.loss : 7.387720108032227  train.ips : 116508.44444444444 imgs/s train.total_time : 0.0001373291015625
TCAPPDLL 2025-11-27 01:05:28.859445 - Epoch: 0 Iteration: 133  rank : 0  train.loss : 6.922183990478516  train.ips : 125437.12897196262 imgs/s train.total_time : 0.00012755393981933594
TCAPPDLL 2025-11-27 01:05:29.181931 - Epoch: 0 Iteration: 134  rank : 0  train.loss : 6.893523216247559  train.ips : 61063.57051865332 imgs/s train.total_time : 0.0002620220184326172
TCAPPDLL 2025-11-27 01:05:29.277412 - Epoch: 0 Iteration: 135  rank : 0  train.loss : 7.26004695892334  train.ips : 119198.69271758437 imgs/s train.total_time : 0.0001342296600341797
TCAPPDLL 2025-11-27 01:05:29.344434 - Epoch: 0 Iteration: 136  rank : 0  train.loss : 6.987537384033203  train.ips : 129055.5076923077 imgs/s train.total_time : 0.0001239776611328125
TCAPPDLL 2025-11-27 01:05:29.412001 - Epoch: 0 Iteration: 137  rank : 0  train.loss : 7.11640739440918  train.ips : 120051.63506261181 imgs/s train.total_time : 0.00013327598571777344
TCAPPDLL 2025-11-27 01:05:30.266785 - Epoch: 0 Iteration: 138  rank : 0  train.loss : 7.028905868530273  train.ips : 127826.40761904762 imgs/s train.total_time : 0.0001251697540283203
TCAPPDLL 2025-11-27 01:05:30.335402 - Epoch: 0 Iteration: 139  rank : 0  train.loss : 7.044322967529297  train.ips : 131328.50097847357 imgs/s train.total_time : 0.00012183189392089844
TCAPPDLL 2025-11-27 01:05:30.419151 - Epoch: 0 Iteration: 140  rank : 0  train.loss : 7.033941745758057  train.ips : 124737.66542750929 imgs/s train.total_time : 0.00012826919555664062
TCAPPDLL 2025-11-27 01:05:30.488865 - Epoch: 0 Iteration: 141  rank : 0  train.loss : 7.242391109466553  train.ips : 93336.38942976356 imgs/s train.total_time : 0.00017142295837402344
TCAPPDLL 2025-11-27 01:05:31.036190 - Epoch: 0 Iteration: 142  rank : 0  train.loss : 7.16502571105957  train.ips : 122238.3679417122 imgs/s train.total_time : 0.0001308917999267578
TCAPPDLL 2025-11-27 01:05:31.106708 - Epoch: 0 Iteration: 143  rank : 0  train.loss : 7.148038864135742  train.ips : 119623.64349376113 imgs/s train.total_time : 0.00013375282287597656
TCAPPDLL 2025-11-27 01:05:31.180640 - Epoch: 0 Iteration: 144  rank : 0  train.loss : 7.199840068817139  train.ips : 132888.8396039604 imgs/s train.total_time : 0.00012040138244628906
TCAPPDLL 2025-11-27 01:05:31.250307 - Epoch: 0 Iteration: 145  rank : 0  train.loss : 6.813651084899902  train.ips : 119623.64349376113 imgs/s train.total_time : 0.00013375282287597656
TCAPPDLL 2025-11-27 01:05:31.578950 - Epoch: 0 Iteration: 146  rank : 0  train.loss : 7.114240646362305  train.ips : 127100.12121212122 imgs/s train.total_time : 0.000125885009765625
TCAPPDLL 2025-11-27 01:05:31.649768 - Epoch: 0 Iteration: 147  rank : 0  train.loss : 7.050869941711426  train.ips : 147168.56140350876 imgs/s train.total_time : 0.0001087188720703125
TCAPPDLL 2025-11-27 01:05:31.716658 - Epoch: 0 Iteration: 148  rank : 0  train.loss : 6.936552047729492  train.ips : 151146.0900900901 imgs/s train.total_time : 0.00010585784912109375
TCAPPDLL 2025-11-27 01:05:31.785044 - Epoch: 0 Iteration: 149  rank : 0  train.loss : 6.889496803283691  train.ips : 144943.55075593953 imgs/s train.total_time : 0.00011038780212402344
TCAPPDLL 2025-11-27 01:05:32.340800 - Epoch: 0 Iteration: 150  rank : 0  train.loss : 7.24477481842041  train.ips : 150131.68680089485 imgs/s train.total_time : 0.00010657310485839844
TCAPPDLL 2025-11-27 01:05:32.407332 - Epoch: 0 Iteration: 151  rank : 0  train.loss : 7.109522342681885  train.ips : 134486.7014028056 imgs/s train.total_time : 0.00011897087097167969
TCAPPDLL 2025-11-27 01:05:32.479439 - Epoch: 0 Iteration: 152  rank : 0  train.loss : 6.872096061706543  train.ips : 118566.89752650177 imgs/s train.total_time : 0.00013494491577148438
TCAPPDLL 2025-11-27 01:05:32.552127 - Epoch: 0 Iteration: 153  rank : 0  train.loss : 7.352005481719971  train.ips : 90810.37077131259 imgs/s train.total_time : 0.0001761913299560547
TCAPPDLL 2025-11-27 01:05:33.292875 - Epoch: 0 Iteration: 154  rank : 0  train.loss : 7.082613945007324  train.ips : 121354.18444846293 imgs/s train.total_time : 0.00013184547424316406
TCAPPDLL 2025-11-27 01:05:33.361313 - Epoch: 0 Iteration: 155  rank : 0  train.loss : 7.289525985717773  train.ips : 138941.7474120083 imgs/s train.total_time : 0.00011515617370605469
TCAPPDLL 2025-11-27 01:05:33.429028 - Epoch: 0 Iteration: 156  rank : 0  train.loss : 6.9472551345825195  train.ips : 138941.7474120083 imgs/s train.total_time : 0.00011515617370605469
TCAPPDLL 2025-11-27 01:05:33.496806 - Epoch: 0 Iteration: 157  rank : 0  train.loss : 7.034613609313965  train.ips : 115109.54373927959 imgs/s train.total_time : 0.00013899803161621094
TCAPPDLL 2025-11-27 01:05:33.922444 - Epoch: 0 Iteration: 158  rank : 0  train.loss : 6.905296802520752  train.ips : 131586.00784313725 imgs/s train.total_time : 0.00012159347534179688
TCAPPDLL 2025-11-27 01:05:33.991230 - Epoch: 0 Iteration: 159  rank : 0  train.loss : 7.087889671325684  train.ips : 89359.33954727031 imgs/s train.total_time : 0.00017905235290527344
TCAPPDLL 2025-11-27 01:05:34.059793 - Epoch: 0 Iteration: 160  rank : 0  train.loss : 6.997091293334961  train.ips : 127100.12121212122 imgs/s train.total_time : 0.000125885009765625
TCAPPDLL 2025-11-27 01:05:34.131093 - Epoch: 0 Iteration: 161  rank : 0  train.loss : 7.015305519104004  train.ips : 111662.00332778702 imgs/s train.total_time : 0.00014328956604003906
TCAPPDLL 2025-11-27 01:05:34.529845 - Epoch: 0 Iteration: 162  rank : 0  train.loss : 7.160370349884033  train.ips : 122685.30895795247 imgs/s train.total_time : 0.0001304149627685547
TCAPPDLL 2025-11-27 01:05:34.608217 - Epoch: 0 Iteration: 163  rank : 0  train.loss : 7.137789726257324  train.ips : 133417.22465208746 imgs/s train.total_time : 0.00011992454528808594
TCAPPDLL 2025-11-27 01:05:34.677189 - Epoch: 0 Iteration: 164  rank : 0  train.loss : 7.154895782470703  train.ips : 70566.62881177707 imgs/s train.total_time : 0.00022673606872558594
TCAPPDLL 2025-11-27 01:05:34.761763 - Epoch: 0 Iteration: 165  rank : 0  train.loss : 7.101127624511719  train.ips : 115505.79001721171 imgs/s train.total_time : 0.0001385211944580078
TCAPPDLL 2025-11-27 01:05:34.991928 - Epoch: 0 Iteration: 166  rank : 0  train.loss : 6.834177494049072  train.ips : 112222.18060200669 imgs/s train.total_time : 0.00014257431030273438
TCAPPDLL 2025-11-27 01:05:35.070660 - Epoch: 0 Iteration: 167  rank : 0  train.loss : 6.647646903991699  train.ips : 111291.64842454395 imgs/s train.total_time : 0.0001437664031982422
TCAPPDLL 2025-11-27 01:05:35.145382 - Epoch: 0 Iteration: 168  rank : 0  train.loss : 6.767293453216553  train.ips : 117323.18881118881 imgs/s train.total_time : 0.00013637542724609375
TCAPPDLL 2025-11-27 01:05:35.229977 - Epoch: 0 Iteration: 169  rank : 0  train.loss : 6.929837703704834  train.ips : 86480.49484536082 imgs/s train.total_time : 0.0001850128173828125
TCAPPDLL 2025-11-27 01:05:35.505362 - Epoch: 0 Iteration: 170  rank : 0  train.loss : 7.109432220458984  train.ips : 127583.39163498099 imgs/s train.total_time : 0.00012540817260742188
TCAPPDLL 2025-11-27 01:05:35.575059 - Epoch: 0 Iteration: 171  rank : 0  train.loss : 7.058502674102783  train.ips : 109834.47463175123 imgs/s train.total_time : 0.0001456737518310547
TCAPPDLL 2025-11-27 01:05:35.652312 - Epoch: 0 Iteration: 172  rank : 0  train.loss : 7.116015911102295  train.ips : 132626.21343873517 imgs/s train.total_time : 0.00012063980102539062
TCAPPDLL 2025-11-27 01:05:35.727835 - Epoch: 0 Iteration: 173  rank : 0  train.loss : 7.201514720916748  train.ips : 87609.48302872063 imgs/s train.total_time : 0.00018262863159179688
TCAPPDLL 2025-11-27 01:05:36.442895 - Epoch: 0 Iteration: 174  rank : 0  train.loss : 6.950171947479248  train.ips : 115109.54373927959 imgs/s train.total_time : 0.00013899803161621094
TCAPPDLL 2025-11-27 01:05:36.540231 - Epoch: 0 Iteration: 175  rank : 0  train.loss : 7.009185791015625  train.ips : 103085.81259600614 imgs/s train.total_time : 0.0001552104949951172
TCAPPDLL 2025-11-27 01:05:36.680437 - Epoch: 0 Iteration: 176  rank : 0  train.loss : 7.027651309967041  train.ips : 99568.04747774481 imgs/s train.total_time : 0.00016069412231445312
TCAPPDLL 2025-11-27 01:05:36.789654 - Epoch: 0 Iteration: 177  rank : 0  train.loss : 7.153421401977539  train.ips : 113743.83728813559 imgs/s train.total_time : 0.00014066696166992188
TCAPPDLL 2025-11-27 01:05:37.077184 - Epoch: 0 Iteration: 178  rank : 0  train.loss : 7.041334629058838  train.ips : 86369.19433719433 imgs/s train.total_time : 0.00018525123596191406
TCAPPDLL 2025-11-27 01:05:37.166510 - Epoch: 0 Iteration: 179  rank : 0  train.loss : 6.922397613525391  train.ips : 100764.06006006006 imgs/s train.total_time : 0.00015878677368164062
TCAPPDLL 2025-11-27 01:05:37.257451 - Epoch: 0 Iteration: 180  rank : 0  train.loss : 7.323027610778809  train.ips : 135847.9028340081 imgs/s train.total_time : 0.00011777877807617188
TCAPPDLL 2025-11-27 01:05:37.331700 - Epoch: 0 Iteration: 181  rank : 0  train.loss : 7.257737159729004  train.ips : 136677.93075356414 imgs/s train.total_time : 0.00011706352233886719
TCAPPDLL 2025-11-27 01:05:37.646819 - Epoch: 0 Iteration: 182  rank : 0  train.loss : 7.173755645751953  train.ips : 137236.94069529654 imgs/s train.total_time : 0.00011658668518066406
TCAPPDLL 2025-11-27 01:05:37.720183 - Epoch: 0 Iteration: 183  rank : 0  train.loss : 7.160406112670898  train.ips : 121574.02898550725 imgs/s train.total_time : 0.0001316070556640625
TCAPPDLL 2025-11-27 01:05:37.841905 - Epoch: 0 Iteration: 184  rank : 0  train.loss : 6.860513687133789  train.ips : 146525.903930131 imgs/s train.total_time : 0.00010919570922851562
TCAPPDLL 2025-11-27 01:05:37.945168 - Epoch: 0 Iteration: 185  rank : 0  train.loss : 6.993541717529297  train.ips : 119198.69271758437 imgs/s train.total_time : 0.0001342296600341797
TCAPPDLL 2025-11-27 01:05:38.189832 - Epoch: 0 Iteration: 186  rank : 0  train.loss : 6.909997463226318  train.ips : 120266.78136200717 imgs/s train.total_time : 0.00013303756713867188
TCAPPDLL 2025-11-27 01:05:38.296097 - Epoch: 0 Iteration: 187  rank : 0  train.loss : 7.14522647857666  train.ips : 62484.97579143389 imgs/s train.total_time : 0.0002560615539550781
TCAPPDLL 2025-11-27 01:05:38.607014 - Epoch: 0 Iteration: 188  rank : 0  train.loss : 7.071935653686523  train.ips : 138654.67768595042 imgs/s train.total_time : 0.00011539459228515625
TCAPPDLL 2025-11-27 01:05:38.679234 - Epoch: 0 Iteration: 189  rank : 0  train.loss : 7.156496047973633  train.ips : 93596.7419804742 imgs/s train.total_time : 0.0001709461212158203
TCAPPDLL 2025-11-27 01:05:39.346094 - Epoch: 0 Iteration: 190  rank : 0  train.loss : 6.9209160804748535  train.ips : 89359.33954727031 imgs/s train.total_time : 0.00017905235290527344
TCAPPDLL 2025-11-27 01:05:39.415017 - Epoch: 0 Iteration: 191  rank : 0  train.loss : 7.20134973526001  train.ips : 94519.52676056339 imgs/s train.total_time : 0.00016927719116210938
TCAPPDLL 2025-11-27 01:05:39.758970 - Epoch: 0 Iteration: 192  rank : 0  train.loss : 7.251589298248291  train.ips : 98544.58737151248 imgs/s train.total_time : 0.00016236305236816406
TCAPPDLL 2025-11-27 01:05:39.837046 - Epoch: 0 Iteration: 193  rank : 0  train.loss : 7.05253267288208  train.ips : 130055.93798449612 imgs/s train.total_time : 0.00012302398681640625
TCAPPDLL 2025-11-27 01:05:39.982541 - Epoch: 0 Iteration: 194  rank : 0  train.loss : 7.349487781524658  train.ips : 115704.93793103448 imgs/s train.total_time : 0.00013828277587890625
TCAPPDLL 2025-11-27 01:05:40.051539 - Epoch: 0 Iteration: 195  rank : 0  train.loss : 7.108799457550049  train.ips : 127583.39163498099 imgs/s train.total_time : 0.00012540817260742188
TCAPPDLL 2025-11-27 01:05:40.345931 - Epoch: 0 Iteration: 196  rank : 0  train.loss : 7.119762420654297  train.ips : 120916.87207207207 imgs/s train.total_time : 0.0001323223114013672
TCAPPDLL 2025-11-27 01:05:40.424729 - Epoch: 0 Iteration: 197  rank : 0  train.loss : 6.896556377410889  train.ips : 80854.0530120482 imgs/s train.total_time : 0.00019788742065429688
TCAPPDLL 2025-11-27 01:05:40.524059 - Epoch: 0 Iteration: 198  rank : 0  train.loss : 7.025373935699463  train.ips : 138084.08230452676 imgs/s train.total_time : 0.00011587142944335938
TCAPPDLL 2025-11-27 01:05:40.594333 - Epoch: 0 Iteration: 199  rank : 0  train.loss : 6.910940170288086  train.ips : 115307.3264604811 imgs/s train.total_time : 0.00013875961303710938
TCAPPDLL 2025-11-27 01:05:40.931387 - Epoch: 0 Iteration: 200  rank : 0  train.loss : 6.881288528442383  train.ips : 145888.8347826087 imgs/s train.total_time : 0.00010967254638671875
TCAPPDLL 2025-11-27 01:05:41.001975 - Epoch: 0 Iteration: 201  rank : 0  train.loss : 6.9531731605529785  train.ips : 121574.02898550725 imgs/s train.total_time : 0.0001316070556640625
TCAPPDLL 2025-11-27 01:05:41.075830 - Epoch: 0 Iteration: 202  rank : 0  train.loss : 6.994510650634766  train.ips : 115307.3264604811 imgs/s train.total_time : 0.00013875961303710938
TCAPPDLL 2025-11-27 01:05:41.148297 - Epoch: 0 Iteration: 203  rank : 0  train.loss : 7.2161359786987305  train.ips : 138941.7474120083 imgs/s train.total_time : 0.00011515617370605469
TCAPPDLL 2025-11-27 01:05:41.509298 - Epoch: 0 Iteration: 204  rank : 0  train.loss : 7.123890399932861  train.ips : 141579.88185654007 imgs/s train.total_time : 0.00011301040649414062
TCAPPDLL 2025-11-27 01:05:41.592590 - Epoch: 0 Iteration: 205  rank : 0  train.loss : 7.094701290130615  train.ips : 110195.1789819376 imgs/s train.total_time : 0.00014519691467285156
TCAPPDLL 2025-11-27 01:05:41.662351 - Epoch: 0 Iteration: 206  rank : 0  train.loss : 7.053138256072998  train.ips : 134756.7550200803 imgs/s train.total_time : 0.00011873245239257812
TCAPPDLL 2025-11-27 01:05:42.324304 - Epoch: 0 Iteration: 207  rank : 0  train.loss : 7.056024551391602  train.ips : 120482.70017953322 imgs/s train.total_time : 0.0001327991485595703
TCAPPDLL 2025-11-27 01:05:42.686340 - Epoch: 0 Iteration: 208  rank : 0  train.loss : 7.05357551574707  train.ips : 130561.99221789883 imgs/s train.total_time : 0.00012254714965820312
TCAPPDLL 2025-11-27 01:05:42.753699 - Epoch: 0 Iteration: 209  rank : 0  train.loss : 7.145158767700195  train.ips : 149796.57142857142 imgs/s train.total_time : 0.0001068115234375
TCAPPDLL 2025-11-27 01:05:42.848661 - Epoch: 0 Iteration: 210  rank : 0  train.loss : 7.2178802490234375  train.ips : 128807.80038387715 imgs/s train.total_time : 0.00012421607971191406
TCAPPDLL 2025-11-27 01:05:42.918914 - Epoch: 0 Iteration: 211  rank : 0  train.loss : 6.918233871459961  train.ips : 128315.2275334608 imgs/s train.total_time : 0.0001246929168701172
TCAPPDLL 2025-11-27 01:05:43.155136 - Epoch: 0 Iteration: 212  rank : 0  train.loss : 7.165301322937012  train.ips : 114912.43835616438 imgs/s train.total_time : 0.0001392364501953125
TCAPPDLL 2025-11-27 01:05:43.227889 - Epoch: 0 Iteration: 213  rank : 0  train.loss : 7.128276824951172  train.ips : 127100.12121212122 imgs/s train.total_time : 0.000125885009765625
TCAPPDLL 2025-11-27 01:05:43.329361 - Epoch: 0 Iteration: 214  rank : 0  train.loss : 6.948610782623291  train.ips : 131586.00784313725 imgs/s train.total_time : 0.00012159347534179688
TCAPPDLL 2025-11-27 01:05:43.399865 - Epoch: 0 Iteration: 215  rank : 0  train.loss : 7.053421497344971  train.ips : 133949.82834331336 imgs/s train.total_time : 0.00011944770812988281
TCAPPDLL 2025-11-27 01:05:43.795277 - Epoch: 0 Iteration: 216  rank : 0  train.loss : 7.211893081665039  train.ips : 90079.01208053691 imgs/s train.total_time : 0.00017762184143066406
TCAPPDLL 2025-11-27 01:05:43.862846 - Epoch: 0 Iteration: 217  rank : 0  train.loss : 7.101792812347412  train.ips : 124506.24118738405 imgs/s train.total_time : 0.0001285076141357422
TCAPPDLL 2025-11-27 01:05:43.936083 - Epoch: 0 Iteration: 218  rank : 0  train.loss : 6.976254463195801  train.ips : 64839.48212560386 imgs/s train.total_time : 0.0002467632293701172
TCAPPDLL 2025-11-27 01:05:44.014564 - Epoch: 0 Iteration: 219  rank : 0  train.loss : 6.997807025909424  train.ips : 133417.22465208746 imgs/s train.total_time : 0.00011992454528808594
TCAPPDLL 2025-11-27 01:05:44.288973 - Epoch: 0 Iteration: 220  rank : 0  train.loss : 6.906253814697266  train.ips : 110195.1789819376 imgs/s train.total_time : 0.00014519691467285156
TCAPPDLL 2025-11-27 01:05:44.365775 - Epoch: 0 Iteration: 221  rank : 0  train.loss : 7.012888431549072  train.ips : 68829.6041025641 imgs/s train.total_time : 0.00023245811462402344
TCAPPDLL 2025-11-27 01:05:44.456146 - Epoch: 0 Iteration: 222  rank : 0  train.loss : 7.053380966186523  train.ips : 132888.8396039604 imgs/s train.total_time : 0.00012040138244628906
TCAPPDLL 2025-11-27 01:05:44.566487 - Epoch: 0 Iteration: 223  rank : 0  train.loss : 7.174534320831299  train.ips : 116711.06782608696 imgs/s train.total_time : 0.00013709068298339844
TCAPPDLL 2025-11-27 01:05:45.363545 - Epoch: 0 Iteration: 224  rank : 0  train.loss : 6.948698997497559  train.ips : 107892.06430868167 imgs/s train.total_time : 0.00014829635620117188
TCAPPDLL 2025-11-27 01:05:45.435520 - Epoch: 0 Iteration: 225  rank : 0  train.loss : 6.806474685668945  train.ips : 133152.50793650793 imgs/s train.total_time : 0.0001201629638671875
TCAPPDLL 2025-11-27 01:05:45.626468 - Epoch: 0 Iteration: 226  rank : 0  train.loss : 7.027882099151611  train.ips : 148470.93805309734 imgs/s train.total_time : 0.00010776519775390625
TCAPPDLL 2025-11-27 01:05:45.739905 - Epoch: 0 Iteration: 227  rank : 0  train.loss : 7.1642866134643555  train.ips : 125672.02996254682 imgs/s train.total_time : 0.00012731552124023438
TCAPPDLL 2025-11-27 01:05:45.999050 - Epoch: 0 Iteration: 228  rank : 0  train.loss : 7.014974117279053  train.ips : 64965.01839303001 imgs/s train.total_time : 0.00024628639221191406
TCAPPDLL 2025-11-27 01:05:46.081080 - Epoch: 0 Iteration: 229  rank : 0  train.loss : 7.132253646850586  train.ips : 112977.88552188552 imgs/s train.total_time : 0.00014162063598632812
TCAPPDLL 2025-11-27 01:05:46.229575 - Epoch: 0 Iteration: 230  rank : 0  train.loss : 6.994373798370361  train.ips : 106691.35771065184 imgs/s train.total_time : 0.0001499652862548828
TCAPPDLL 2025-11-27 01:05:46.307641 - Epoch: 0 Iteration: 231  rank : 0  train.loss : 6.991168022155762  train.ips : 111291.64842454395 imgs/s train.total_time : 0.0001437664031982422
TCAPPDLL 2025-11-27 01:05:46.542468 - Epoch: 0 Iteration: 232  rank : 0  train.loss : 7.242160797119141  train.ips : 102770.08269525268 imgs/s train.total_time : 0.0001556873321533203
TCAPPDLL 2025-11-27 01:05:46.618159 - Epoch: 0 Iteration: 233  rank : 0  train.loss : 7.015723705291748  train.ips : 100013.21013412817 imgs/s train.total_time : 0.00015997886657714844
TCAPPDLL 2025-11-27 01:05:46.715302 - Epoch: 0 Iteration: 234  rank : 0  train.loss : 6.991616249084473  train.ips : 128315.2275334608 imgs/s train.total_time : 0.0001246929168701172
TCAPPDLL 2025-11-27 01:05:46.809400 - Epoch: 0 Iteration: 235  rank : 0  train.loss : 6.856040000915527  train.ips : 116914.39721254355 imgs/s train.total_time : 0.00013685226440429688
TCAPPDLL 2025-11-27 01:05:47.187219 - Epoch: 0 Iteration: 236  rank : 0  train.loss : 6.964624881744385  train.ips : 109297.82410423453 imgs/s train.total_time : 0.00014638900756835938
TCAPPDLL 2025-11-27 01:05:47.255195 - Epoch: 0 Iteration: 237  rank : 0  train.loss : 7.124467849731445  train.ips : 136956.86530612246 imgs/s train.total_time : 0.00011682510375976562
TCAPPDLL 2025-11-27 01:05:47.329042 - Epoch: 0 Iteration: 238  rank : 0  train.loss : 7.03701114654541  train.ips : 69399.03205791107 imgs/s train.total_time : 0.00023055076599121094
TCAPPDLL 2025-11-27 01:05:47.404145 - Epoch: 0 Iteration: 239  rank : 0  train.loss : 7.152988433837891  train.ips : 140689.4423480084 imgs/s train.total_time : 0.00011372566223144531
TCAPPDLL 2025-11-27 01:05:48.085906 - Epoch: 0 Iteration: 240  rank : 0  train.loss : 7.021526336669922  train.ips : 129055.5076923077 imgs/s train.total_time : 0.0001239776611328125
TCAPPDLL 2025-11-27 01:05:48.152539 - Epoch: 0 Iteration: 241  rank : 0  train.loss : 7.13368558883667  train.ips : 146525.903930131 imgs/s train.total_time : 0.00010919570922851562
TCAPPDLL 2025-11-27 01:05:48.221639 - Epoch: 0 Iteration: 242  rank : 0  train.loss : 7.250429153442383  train.ips : 133152.50793650793 imgs/s train.total_time : 0.0001201629638671875
TCAPPDLL 2025-11-27 01:05:48.290421 - Epoch: 0 Iteration: 243  rank : 0  train.loss : 7.102794647216797  train.ips : 126620.49811320755 imgs/s train.total_time : 0.00012636184692382812
TCAPPDLL 2025-11-27 01:05:48.642957 - Epoch: 0 Iteration: 244  rank : 0  train.loss : 7.182945728302002  train.ips : 80756.75571600482 imgs/s train.total_time : 0.00019812583923339844
TCAPPDLL 2025-11-27 01:05:48.711004 - Epoch: 0 Iteration: 245  rank : 0  train.loss : 6.935272216796875  train.ips : 142481.6645435244 imgs/s train.total_time : 0.00011229515075683594
TCAPPDLL 2025-11-27 01:05:48.778594 - Epoch: 0 Iteration: 246  rank : 0  train.loss : 7.285686492919922  train.ips : 127583.39163498099 imgs/s train.total_time : 0.00012540817260742188
TCAPPDLL 2025-11-27 01:05:48.851345 - Epoch: 0 Iteration: 247  rank : 0  train.loss : 6.956861972808838  train.ips : 123817.0922509225 imgs/s train.total_time : 0.00012922286987304688
TCAPPDLL 2025-11-27 01:05:49.266198 - Epoch: 0 Iteration: 248  rank : 0  train.loss : 7.182827949523926  train.ips : 141579.88185654007 imgs/s train.total_time : 0.00011301040649414062
TCAPPDLL 2025-11-27 01:05:49.343224 - Epoch: 0 Iteration: 249  rank : 0  train.loss : 6.902487754821777  train.ips : 134217.728 imgs/s train.total_time : 0.00011920928955078125
TCAPPDLL 2025-11-27 01:05:49.416827 - Epoch: 0 Iteration: 250  rank : 0  train.loss : 6.9150285720825195  train.ips : 131844.5265225933 imgs/s train.total_time : 0.00012135505676269531
TCAPPDLL 2025-11-27 01:05:49.488001 - Epoch: 0 Iteration: 251  rank : 0  train.loss : 6.946671485900879  train.ips : 106861.24840764332 imgs/s train.total_time : 0.00014972686767578125
TCAPPDLL 2025-11-27 01:05:49.894987 - Epoch: 0 Iteration: 252  rank : 0  train.loss : 7.055905342102051  train.ips : 130308.47378640776 imgs/s train.total_time : 0.0001227855682373047
TCAPPDLL 2025-11-27 01:05:49.964053 - Epoch: 0 Iteration: 253  rank : 0  train.loss : 7.032090663909912  train.ips : 121354.18444846293 imgs/s train.total_time : 0.00013184547424316406
TCAPPDLL 2025-11-27 01:05:50.032357 - Epoch: 0 Iteration: 254  rank : 0  train.loss : 7.099320411682129  train.ips : 135300.12903225806 imgs/s train.total_time : 0.000118255615234375
TCAPPDLL 2025-11-27 01:05:50.099283 - Epoch: 0 Iteration: 255  rank : 0  train.loss : 7.164857864379883  train.ips : 141579.88185654007 imgs/s train.total_time : 0.00011301040649414062
TCAPPDLL 2025-11-27 01:05:50.588854 - Epoch: 0 Iteration: 256  rank : 0  train.loss : 6.992006301879883  train.ips : 63310.249056603774 imgs/s train.total_time : 0.00025272369384765625
TCAPPDLL 2025-11-27 01:05:50.666692 - Epoch: 0 Iteration: 257  rank : 0  train.loss : 7.172483921051025  train.ips : 132626.21343873517 imgs/s train.total_time : 0.00012063980102539062
TCAPPDLL 2025-11-27 01:05:50.735441 - Epoch: 0 Iteration: 258  rank : 0  train.loss : 7.001978874206543  train.ips : 138368.79175257732 imgs/s train.total_time : 0.00011563301086425781
TCAPPDLL 2025-11-27 01:05:50.804075 - Epoch: 0 Iteration: 259  rank : 0  train.loss : 7.06062126159668  train.ips : 148143.1876379691 imgs/s train.total_time : 0.00010800361633300781
TCAPPDLL 2025-11-27 01:05:51.517854 - Epoch: 0 Iteration: 260  rank : 0  train.loss : 6.936248779296875  train.ips : 124969.95158286778 imgs/s train.total_time : 0.00012803077697753906
TCAPPDLL 2025-11-27 01:05:51.596125 - Epoch: 0 Iteration: 261  rank : 0  train.loss : 7.026782035827637  train.ips : 115307.3264604811 imgs/s train.total_time : 0.00013875961303710938
TCAPPDLL 2025-11-27 01:05:51.666575 - Epoch: 0 Iteration: 262  rank : 0  train.loss : 7.116334438323975  train.ips : 58559.21815008726 imgs/s train.total_time : 0.0002732276916503906
TCAPPDLL 2025-11-27 01:05:51.738916 - Epoch: 0 Iteration: 263  rank : 0  train.loss : 6.960753440856934  train.ips : 113743.83728813559 imgs/s train.total_time : 0.00014066696166992188
TCAPPDLL 2025-11-27 01:05:52.247916 - Epoch: 0 Iteration: 264  rank : 0  train.loss : 7.2752532958984375  train.ips : 78766.27230046949 imgs/s train.total_time : 0.00020313262939453125
TCAPPDLL 2025-11-27 01:05:52.324095 - Epoch: 0 Iteration: 265  rank : 0  train.loss : 6.882876396179199  train.ips : 93990.0056022409 imgs/s train.total_time : 0.00017023086547851562
TCAPPDLL 2025-11-27 01:05:52.396936 - Epoch: 0 Iteration: 266  rank : 0  train.loss : 7.177123546600342  train.ips : 113743.83728813559 imgs/s train.total_time : 0.00014066696166992188
TCAPPDLL 2025-11-27 01:05:52.466491 - Epoch: 0 Iteration: 267  rank : 0  train.loss : 7.048137187957764  train.ips : 64776.895752895754 imgs/s train.total_time : 0.00024700164794921875
TCAPPDLL 2025-11-27 01:05:53.190816 - Epoch: 0 Iteration: 268  rank : 0  train.loss : 7.161158561706543  train.ips : 133682.99601593625 imgs/s train.total_time : 0.00011968612670898438
TCAPPDLL 2025-11-27 01:05:53.264154 - Epoch: 0 Iteration: 269  rank : 0  train.loss : 6.99375057220459  train.ips : 101067.56626506025 imgs/s train.total_time : 0.0001583099365234375
TCAPPDLL 2025-11-27 01:05:53.337087 - Epoch: 0 Iteration: 270  rank : 0  train.loss : 7.159528732299805  train.ips : 120699.39568345324 imgs/s train.total_time : 0.00013256072998046875
TCAPPDLL 2025-11-27 01:05:53.407316 - Epoch: 0 Iteration: 271  rank : 0  train.loss : 7.000340938568115  train.ips : 147492.0087912088 imgs/s train.total_time : 0.00010848045349121094
TCAPPDLL 2025-11-27 01:05:54.092337 - Epoch: 0 Iteration: 272  rank : 0  train.loss : 7.222631454467773  train.ips : 110558.26029654036 imgs/s train.total_time : 0.00014472007751464844
TCAPPDLL 2025-11-27 01:05:54.158483 - Epoch: 0 Iteration: 273  rank : 0  train.loss : 7.052903652191162  train.ips : 136400.13008130083 imgs/s train.total_time : 0.00011730194091796875
TCAPPDLL 2025-11-27 01:05:54.240428 - Epoch: 0 Iteration: 274  rank : 0  train.loss : 6.811979293823242  train.ips : 129055.5076923077 imgs/s train.total_time : 0.0001239776611328125
TCAPPDLL 2025-11-27 01:05:54.308151 - Epoch: 0 Iteration: 275  rank : 0  train.loss : 7.109908580780029  train.ips : 137800.54209445586 imgs/s train.total_time : 0.00011610984802246094
TCAPPDLL 2025-11-27 01:05:55.022182 - Epoch: 0 Iteration: 276  rank : 0  train.loss : 7.167762756347656  train.ips : 139519.46777546778 imgs/s train.total_time : 0.00011467933654785156
TCAPPDLL 2025-11-27 01:05:55.092771 - Epoch: 0 Iteration: 277  rank : 0  train.loss : 7.074603080749512  train.ips : 112034.83138564274 imgs/s train.total_time : 0.00014281272888183594
TCAPPDLL 2025-11-27 01:05:55.163635 - Epoch: 0 Iteration: 278  rank : 0  train.loss : 6.88300895690918  train.ips : 125203.10447761194 imgs/s train.total_time : 0.0001277923583984375
TCAPPDLL 2025-11-27 01:05:55.230395 - Epoch: 0 Iteration: 279  rank : 0  train.loss : 6.831457138061523  train.ips : 117323.18881118881 imgs/s train.total_time : 0.00013637542724609375
TCAPPDLL 2025-11-27 01:05:55.731489 - Epoch: 0 Iteration: 280  rank : 0  train.loss : 6.7907209396362305  train.ips : 89359.33954727031 imgs/s train.total_time : 0.00017905235290527344
TCAPPDLL 2025-11-27 01:05:55.814344 - Epoch: 0 Iteration: 281  rank : 0  train.loss : 7.072114944458008  train.ips : 134756.7550200803 imgs/s train.total_time : 0.00011873245239257812
TCAPPDLL 2025-11-27 01:05:55.889297 - Epoch: 0 Iteration: 282  rank : 0  train.loss : 7.182915687561035  train.ips : 135847.9028340081 imgs/s train.total_time : 0.00011777877807617188
TCAPPDLL 2025-11-27 01:05:55.960890 - Epoch: 0 Iteration: 283  rank : 0  train.loss : 7.128659725189209  train.ips : 116914.39721254355 imgs/s train.total_time : 0.00013685226440429688
TCAPPDLL 2025-11-27 01:05:56.201681 - Epoch: 0 Iteration: 284  rank : 0  train.loss : 7.056814193725586  train.ips : 62894.9053420806 imgs/s train.total_time : 0.0002543926239013672
TCAPPDLL 2025-11-27 01:05:56.274047 - Epoch: 0 Iteration: 285  rank : 0  train.loss : 7.179030895233154  train.ips : 130055.93798449612 imgs/s train.total_time : 0.00012302398681640625
TCAPPDLL 2025-11-27 01:05:56.346724 - Epoch: 0 Iteration: 286  rank : 0  train.loss : 7.066063404083252  train.ips : 64652.08477842004 imgs/s train.total_time : 0.0002474784851074219
TCAPPDLL 2025-11-27 01:05:56.427674 - Epoch: 0 Iteration: 287  rank : 0  train.loss : 7.045805931091309  train.ips : 124737.66542750929 imgs/s train.total_time : 0.00012826919555664062
TCAPPDLL 2025-11-27 01:05:57.198858 - Epoch: 0 Iteration: 288  rank : 0  train.loss : 6.944691181182861  train.ips : 113551.37732656514 imgs/s train.total_time : 0.00014090538024902344
TCAPPDLL 2025-11-27 01:05:57.270724 - Epoch: 0 Iteration: 289  rank : 0  train.loss : 7.102837085723877  train.ips : 129553.79150579151 imgs/s train.total_time : 0.00012350082397460938
TCAPPDLL 2025-11-27 01:05:57.337660 - Epoch: 0 Iteration: 290  rank : 0  train.loss : 7.136693477630615  train.ips : 142481.6645435244 imgs/s train.total_time : 0.00011229515075683594
TCAPPDLL 2025-11-27 01:05:57.416545 - Epoch: 0 Iteration: 291  rank : 0  train.loss : 7.2136077880859375  train.ips : 137518.16393442624 imgs/s train.total_time : 0.0001163482666015625
TCAPPDLL 2025-11-27 01:05:57.694938 - Epoch: 0 Iteration: 292  rank : 0  train.loss : 7.13175106048584  train.ips : 122910.00732600733 imgs/s train.total_time : 0.00013017654418945312
TCAPPDLL 2025-11-27 01:05:57.763376 - Epoch: 0 Iteration: 293  rank : 0  train.loss : 7.044000148773193  train.ips : 104206.3105590062 imgs/s train.total_time : 0.00015354156494140625
TCAPPDLL 2025-11-27 01:05:57.831646 - Epoch: 0 Iteration: 294  rank : 0  train.loss : 7.041592121124268  train.ips : 136677.93075356414 imgs/s train.total_time : 0.00011706352233886719
TCAPPDLL 2025-11-27 01:05:57.901257 - Epoch: 0 Iteration: 295  rank : 0  train.loss : 7.019687652587891  train.ips : 136677.93075356414 imgs/s train.total_time : 0.00011706352233886719
TCAPPDLL 2025-11-27 01:05:58.265246 - Epoch: 0 Iteration: 296  rank : 0  train.loss : 7.1219587326049805  train.ips : 135300.12903225806 imgs/s train.total_time : 0.000118255615234375
TCAPPDLL 2025-11-27 01:05:58.331024 - Epoch: 0 Iteration: 297  rank : 0  train.loss : 7.294886112213135  train.ips : 133949.82834331336 imgs/s train.total_time : 0.00011944770812988281
TCAPPDLL 2025-11-27 01:05:58.399209 - Epoch: 0 Iteration: 298  rank : 0  train.loss : 6.951949596405029  train.ips : 120482.70017953322 imgs/s train.total_time : 0.0001327991485595703
TCAPPDLL 2025-11-27 01:05:58.478543 - Epoch: 0 Iteration: 299  rank : 0  train.loss : 7.265749931335449  train.ips : 137800.54209445586 imgs/s train.total_time : 0.00011610984802246094
TCAPPDLL 2025-11-27 01:05:58.864754 - Epoch: 0 Iteration: 300  rank : 0  train.loss : 7.02249813079834  train.ips : 135847.9028340081 imgs/s train.total_time : 0.00011777877807617188
TCAPPDLL 2025-11-27 01:05:58.934530 - Epoch: 0 Iteration: 301  rank : 0  train.loss : 7.061339378356934  train.ips : 111848.10666666667 imgs/s train.total_time : 0.0001430511474609375
TCAPPDLL 2025-11-27 01:05:59.001683 - Epoch: 0 Iteration: 302  rank : 0  train.loss : 6.969206809997559  train.ips : 127341.29791271347 imgs/s train.total_time : 0.00012564659118652344
TCAPPDLL 2025-11-27 01:05:59.068850 - Epoch: 0 Iteration: 303  rank : 0  train.loss : 7.0302534103393555  train.ips : 126859.85633270322 imgs/s train.total_time : 0.00012612342834472656
TCAPPDLL 2025-11-27 01:05:59.474525 - Epoch: 0 Iteration: 304  rank : 0  train.loss : 7.136534690856934  train.ips : 97400.3831640058 imgs/s train.total_time : 0.00016427040100097656
TCAPPDLL 2025-11-27 01:05:59.548584 - Epoch: 0 Iteration: 305  rank : 0  train.loss : 7.135038375854492  train.ips : 147816.88105726874 imgs/s train.total_time : 0.00010824203491210938
TCAPPDLL 2025-11-27 01:05:59.624427 - Epoch: 0 Iteration: 306  rank : 0  train.loss : 6.886178016662598  train.ips : 100764.06006006006 imgs/s train.total_time : 0.00015878677368164062
TCAPPDLL 2025-11-27 01:05:59.692987 - Epoch: 0 Iteration: 307  rank : 0  train.loss : 6.9761762619018555  train.ips : 135847.9028340081 imgs/s train.total_time : 0.00011777877807617188
TCAPPDLL 2025-11-27 01:06:00.268899 - Epoch: 0 Iteration: 308  rank : 0  train.loss : 7.002715587615967  train.ips : 100162.48358208955 imgs/s train.total_time : 0.00015974044799804688
TCAPPDLL 2025-11-27 01:06:00.345648 - Epoch: 0 Iteration: 309  rank : 0  train.loss : 6.969422340393066  train.ips : 133152.50793650793 imgs/s train.total_time : 0.0001201629638671875
TCAPPDLL 2025-11-27 01:06:00.417484 - Epoch: 0 Iteration: 310  rank : 0  train.loss : 7.079126834869385  train.ips : 138084.08230452676 imgs/s train.total_time : 0.00011587142944335938
TCAPPDLL 2025-11-27 01:06:00.491314 - Epoch: 0 Iteration: 311  rank : 0  train.loss : 7.1263227462768555  train.ips : 133682.99601593625 imgs/s train.total_time : 0.00011968612670898438
TCAPPDLL 2025-11-27 01:06:00.811200 - Epoch: 0 Iteration: 312  rank : 0  train.loss : 7.194798469543457  train.ips : 79607.19335705813 imgs/s train.total_time : 0.0002009868621826172
TCAPPDLL 2025-11-27 01:06:00.889593 - Epoch: 0 Iteration: 313  rank : 0  train.loss : 6.9310455322265625  train.ips : 106017.16271721959 imgs/s train.total_time : 0.00015091896057128906
TCAPPDLL 2025-11-27 01:06:00.958309 - Epoch: 0 Iteration: 314  rank : 0  train.loss : 6.924202919006348  train.ips : 147492.0087912088 imgs/s train.total_time : 0.00010848045349121094
TCAPPDLL 2025-11-27 01:06:01.027875 - Epoch: 0 Iteration: 315  rank : 0  train.loss : 6.99787712097168  train.ips : 127583.39163498099 imgs/s train.total_time : 0.00012540817260742188
TCAPPDLL 2025-11-27 01:06:01.377555 - Epoch: 0 Iteration: 316  rank : 0  train.loss : 7.012206077575684  train.ips : 89478.48533333333 imgs/s train.total_time : 0.00017881393432617188
TCAPPDLL 2025-11-27 01:06:01.445442 - Epoch: 0 Iteration: 317  rank : 0  train.loss : 7.015525817871094  train.ips : 132888.8396039604 imgs/s train.total_time : 0.00012040138244628906
TCAPPDLL 2025-11-27 01:06:01.537847 - Epoch: 0 Iteration: 318  rank : 0  train.loss : 7.032952308654785  train.ips : 136400.13008130083 imgs/s train.total_time : 0.00011730194091796875
TCAPPDLL 2025-11-27 01:06:01.613534 - Epoch: 0 Iteration: 319  rank : 0  train.loss : 7.1558837890625  train.ips : 140985.00840336134 imgs/s train.total_time : 0.00011348724365234375
TCAPPDLL 2025-11-27 01:06:01.950585 - Epoch: 0 Iteration: 320  rank : 0  train.loss : 6.868366241455078  train.ips : 114520.2457337884 imgs/s train.total_time : 0.00013971328735351562
TCAPPDLL 2025-11-27 01:06:02.019256 - Epoch: 0 Iteration: 321  rank : 0  train.loss : 6.764064788818359  train.ips : 134486.7014028056 imgs/s train.total_time : 0.00011897087097167969
TCAPPDLL 2025-11-27 01:06:02.141197 - Epoch: 0 Iteration: 322  rank : 0  train.loss : 6.938168525695801  train.ips : 130055.93798449612 imgs/s train.total_time : 0.00012302398681640625
TCAPPDLL 2025-11-27 01:06:02.211020 - Epoch: 0 Iteration: 323  rank : 0  train.loss : 6.789132595062256  train.ips : 90321.48586810229 imgs/s train.total_time : 0.00017714500427246094
TCAPPDLL 2025-11-27 01:06:02.534413 - Epoch: 0 Iteration: 324  rank : 0  train.loss : 7.1075639724731445  train.ips : 141281.81894736842 imgs/s train.total_time : 0.00011324882507324219
TCAPPDLL 2025-11-27 01:06:02.606605 - Epoch: 0 Iteration: 325  rank : 0  train.loss : 7.096835613250732  train.ips : 142179.7966101695 imgs/s train.total_time : 0.0001125335693359375
TCAPPDLL 2025-11-27 01:06:03.250731 - Epoch: 0 Iteration: 326  rank : 0  train.loss : 7.163611888885498  train.ips : 101989.15501519757 imgs/s train.total_time : 0.00015687942504882812
TCAPPDLL 2025-11-27 01:06:03.319638 - Epoch: 0 Iteration: 327  rank : 0  train.loss : 6.954626083374023  train.ips : 127341.29791271347 imgs/s train.total_time : 0.00012564659118652344
TCAPPDLL 2025-11-27 01:06:03.474185 - Epoch: 0 Iteration: 328  rank : 0  train.loss : 7.1053338050842285  train.ips : 129304.16955684008 imgs/s train.total_time : 0.00012373924255371094
TCAPPDLL 2025-11-27 01:06:03.545329 - Epoch: 0 Iteration: 329  rank : 0  train.loss : 7.05897855758667  train.ips : 132364.62327416174 imgs/s train.total_time : 0.00012087821960449219
TCAPPDLL 2025-11-27 01:06:03.953205 - Epoch: 0 Iteration: 330  rank : 0  train.loss : 7.071457386016846  train.ips : 138084.08230452676 imgs/s train.total_time : 0.00011587142944335938
TCAPPDLL 2025-11-27 01:06:04.019406 - Epoch: 0 Iteration: 331  rank : 0  train.loss : 7.167361259460449  train.ips : 138368.79175257732 imgs/s train.total_time : 0.00011563301086425781
TCAPPDLL 2025-11-27 01:06:04.168758 - Epoch: 0 Iteration: 332  rank : 0  train.loss : 6.942145347595215  train.ips : 95733.04422253923 imgs/s train.total_time : 0.0001671314239501953
TCAPPDLL 2025-11-27 01:06:04.245768 - Epoch: 0 Iteration: 333  rank : 0  train.loss : 7.285965442657471  train.ips : 126382.04143126176 imgs/s train.total_time : 0.0001266002655029297
TCAPPDLL 2025-11-27 01:06:04.522993 - Epoch: 0 Iteration: 334  rank : 0  train.loss : 7.018871784210205  train.ips : 133417.22465208746 imgs/s train.total_time : 0.00011992454528808594
TCAPPDLL 2025-11-27 01:06:04.608363 - Epoch: 0 Iteration: 335  rank : 0  train.loss : 7.196638107299805  train.ips : 136677.93075356414 imgs/s train.total_time : 0.00011706352233886719
TCAPPDLL 2025-11-27 01:06:04.677138 - Epoch: 0 Iteration: 336  rank : 0  train.loss : 7.136757850646973  train.ips : 141879.20507399578 imgs/s train.total_time : 0.00011277198791503906
TCAPPDLL 2025-11-27 01:06:04.755899 - Epoch: 0 Iteration: 337  rank : 0  train.loss : 6.922628402709961  train.ips : 63550.06060606061 imgs/s train.total_time : 0.00025177001953125
TCAPPDLL 2025-11-27 01:06:05.240655 - Epoch: 0 Iteration: 338  rank : 0  train.loss : 6.864099502563477  train.ips : 127100.12121212122 imgs/s train.total_time : 0.000125885009765625
TCAPPDLL 2025-11-27 01:06:05.330336 - Epoch: 0 Iteration: 339  rank : 0  train.loss : 7.138282299041748  train.ips : 82140.5924112607 imgs/s train.total_time : 0.00019478797912597656
TCAPPDLL 2025-11-27 01:06:05.458942 - Epoch: 0 Iteration: 340  rank : 0  train.loss : 7.06866979598999  train.ips : 89597.94926568758 imgs/s train.total_time : 0.0001785755157470703
TCAPPDLL 2025-11-27 01:06:05.639224 - Epoch: 0 Iteration: 341  rank : 0  train.loss : 6.9058637619018555  train.ips : 104694.01560062403 imgs/s train.total_time : 0.00015282630920410156
TCAPPDLL 2025-11-27 01:06:06.131551 - Epoch: 0 Iteration: 342  rank : 0  train.loss : 6.961052894592285  train.ips : 122016.11636363636 imgs/s train.total_time : 0.00013113021850585938
TCAPPDLL 2025-11-27 01:06:06.202130 - Epoch: 0 Iteration: 343  rank : 0  train.loss : 7.119588851928711  train.ips : 122685.30895795247 imgs/s train.total_time : 0.0001304149627685547
TCAPPDLL 2025-11-27 01:06:06.305983 - Epoch: 0 Iteration: 344  rank : 0  train.loss : 7.183871269226074  train.ips : 119837.25714285714 imgs/s train.total_time : 0.000133514404296875
TCAPPDLL 2025-11-27 01:06:06.374741 - Epoch: 0 Iteration: 345  rank : 0  train.loss : 7.113949775695801  train.ips : 124506.24118738405 imgs/s train.total_time : 0.0001285076141357422
TCAPPDLL 2025-11-27 01:06:06.631479 - Epoch: 0 Iteration: 346  rank : 0  train.loss : 6.971205711364746  train.ips : 94121.82889200561 imgs/s train.total_time : 0.00016999244689941406
TCAPPDLL 2025-11-27 01:06:06.708332 - Epoch: 0 Iteration: 347  rank : 0  train.loss : 6.838089942932129  train.ips : 143089.26226012793 imgs/s train.total_time : 0.00011181831359863281
TCAPPDLL 2025-11-27 01:06:06.960378 - Epoch: 0 Iteration: 348  rank : 0  train.loss : 7.082032203674316  train.ips : 83055.52475247525 imgs/s train.total_time : 0.0001926422119140625
TCAPPDLL 2025-11-27 01:06:07.044311 - Epoch: 0 Iteration: 349  rank : 0  train.loss : 6.912385940551758  train.ips : 141281.81894736842 imgs/s train.total_time : 0.00011324882507324219
TCAPPDLL 2025-11-27 01:06:07.359531 - Epoch: 0 Iteration: 350  rank : 0  train.loss : 6.981685638427734  train.ips : 112410.15745393635 imgs/s train.total_time : 0.0001423358917236328