Training with a single process on 1 device (cuda).
Model nest_small created, param count:38351176
Data processing configuration for current model + dataset:
	input_size: (3, 224, 224)
	interpolation: bicubic
	mean: (0.485, 0.456, 0.406)
	std: (0.229, 0.224, 0.225)
	crop_pct: 0.875
	crop_mode: center
Created SGD (sgd) optimizer: lr: 0.4, momentum: 0.9, dampening: 0, weight_decay: 2e-05, nesterov: True, maximize: False, foreach: None, differentiable: False, fused: None
Using native Torch AMP. Training in mixed precision.
Scheduled epochs: 2 (epochs + cooldown_epochs). Warmup within epochs when warmup_prefix=False. LR stepped per epoch.
TCAPPDLL 2025-11-24 12:32:46.975001 - Epoch: 0 Iteration: 0  rank : 0  train.loss : 7.052174091339111  train.ips : 158275.62264150943 imgs/s train.total_time : 0.0001010894775390625
TCAPPDLL 2025-11-24 12:32:47.050496 - Epoch: 0 Iteration: 1  rank : 0  train.loss : 7.02976131439209  train.ips : 105186.30721003134 imgs/s train.total_time : 0.00015211105346679688
TCAPPDLL 2025-11-24 12:32:47.113885 - Epoch: 0 Iteration: 2  rank : 0  train.loss : 6.943595886230469  train.ips : 118987.3475177305 imgs/s train.total_time : 0.00013446807861328125
TCAPPDLL 2025-11-24 12:32:47.185235 - Epoch: 0 Iteration: 3  rank : 0  train.loss : 7.054564476013184  train.ips : 93596.7419804742 imgs/s train.total_time : 0.0001709461212158203
TCAPPDLL 2025-11-24 12:32:47.244379 - Epoch: 0 Iteration: 4  rank : 0  train.loss : 6.887516975402832  train.ips : 107374.1824 imgs/s train.total_time : 0.00014901161193847656
TCAPPDLL 2025-11-24 12:32:47.302450 - Epoch: 0 Iteration: 5  rank : 0  train.loss : 6.918387413024902  train.ips : 121574.02898550725 imgs/s train.total_time : 0.0001316070556640625
TCAPPDLL 2025-11-24 12:32:47.361033 - Epoch: 0 Iteration: 6  rank : 0  train.loss : 7.05862283706665  train.ips : 127826.40761904762 imgs/s train.total_time : 0.0001251697540283203
TCAPPDLL 2025-11-24 12:32:47.419952 - Epoch: 0 Iteration: 7  rank : 0  train.loss : 6.944775581359863  train.ips : 129055.5076923077 imgs/s train.total_time : 0.0001239776611328125
TCAPPDLL 2025-11-24 12:32:47.480074 - Epoch: 0 Iteration: 8  rank : 0  train.loss : 6.909743309020996  train.ips : 122910.00732600733 imgs/s train.total_time : 0.00013017654418945312
TCAPPDLL 2025-11-24 12:32:47.638386 - Epoch: 0 Iteration: 9  rank : 0  train.loss : 6.94090461730957  train.ips : 101067.56626506025 imgs/s train.total_time : 0.0001583099365234375
TCAPPDLL 2025-11-24 12:32:47.931748 - Epoch: 0 Iteration: 10  rank : 0  train.loss : 6.998669624328613  train.ips : 75743.6388261851 imgs/s train.total_time : 0.00021123886108398438
TCAPPDLL 2025-11-24 12:32:48.001363 - Epoch: 0 Iteration: 11  rank : 0  train.loss : 6.951531410217285  train.ips : 118149.40845070423 imgs/s train.total_time : 0.0001354217529296875
TCAPPDLL 2025-11-24 12:32:48.058717 - Epoch: 0 Iteration: 12  rank : 0  train.loss : 6.919379234313965  train.ips : 126382.04143126176 imgs/s train.total_time : 0.0001266002655029297
TCAPPDLL 2025-11-24 12:32:48.571314 - Epoch: 0 Iteration: 13  rank : 0  train.loss : 6.789456367492676  train.ips : 68759.08196721312 imgs/s train.total_time : 0.000232696533203125
TCAPPDLL 2025-11-24 12:32:48.643486 - Epoch: 0 Iteration: 14  rank : 0  train.loss : 6.9333696365356445  train.ips : 112222.18060200669 imgs/s train.total_time : 0.00014257431030273438
TCAPPDLL 2025-11-24 12:32:48.700186 - Epoch: 0 Iteration: 15  rank : 0  train.loss : 6.935938835144043  train.ips : 135027.8953722334 imgs/s train.total_time : 0.00011849403381347656
TCAPPDLL 2025-11-24 12:32:48.758702 - Epoch: 0 Iteration: 16  rank : 0  train.loss : 6.947549819946289  train.ips : 123135.53027522936 imgs/s train.total_time : 0.00012993812561035156
TCAPPDLL 2025-11-24 12:32:49.128478 - Epoch: 0 Iteration: 17  rank : 0  train.loss : 7.005795478820801  train.ips : 128561.04214559386 imgs/s train.total_time : 0.00012445449829101562
TCAPPDLL 2025-11-24 12:32:49.250662 - Epoch: 0 Iteration: 18  rank : 0  train.loss : 6.997291564941406  train.ips : 129304.16955684008 imgs/s train.total_time : 0.00012373924255371094
TCAPPDLL 2025-11-24 12:32:49.314138 - Epoch: 0 Iteration: 19  rank : 0  train.loss : 7.00037956237793  train.ips : 110014.53114754098 imgs/s train.total_time : 0.00014543533325195312
TCAPPDLL 2025-11-24 12:32:49.381286 - Epoch: 0 Iteration: 20  rank : 0  train.loss : 6.9823784828186035  train.ips : 122016.11636363636 imgs/s train.total_time : 0.00013113021850585938
TCAPPDLL 2025-11-24 12:32:49.899878 - Epoch: 0 Iteration: 21  rank : 0  train.loss : 6.9241461753845215  train.ips : 130055.93798449612 imgs/s train.total_time : 0.00012302398681640625
TCAPPDLL 2025-11-24 12:32:49.958461 - Epoch: 0 Iteration: 22  rank : 0  train.loss : 7.0233564376831055  train.ips : 118149.40845070423 imgs/s train.total_time : 0.0001354217529296875
TCAPPDLL 2025-11-24 12:32:50.020304 - Epoch: 0 Iteration: 23  rank : 0  train.loss : 6.989398956298828  train.ips : 148470.93805309734 imgs/s train.total_time : 0.00010776519775390625
TCAPPDLL 2025-11-24 12:32:50.085666 - Epoch: 0 Iteration: 24  rank : 0  train.loss : 6.915711402893066  train.ips : 115109.54373927959 imgs/s train.total_time : 0.00013899803161621094
TCAPPDLL 2025-11-24 12:32:50.521750 - Epoch: 0 Iteration: 25  rank : 0  train.loss : 6.93419075012207  train.ips : 58254.22222222222 imgs/s train.total_time : 0.000274658203125
TCAPPDLL 2025-11-24 12:32:50.600774 - Epoch: 0 Iteration: 26  rank : 0  train.loss : 6.956655979156494  train.ips : 124506.24118738405 imgs/s train.total_time : 0.0001285076141357422
TCAPPDLL 2025-11-24 12:32:50.663323 - Epoch: 0 Iteration: 27  rank : 0  train.loss : 6.969535827636719  train.ips : 125203.10447761194 imgs/s train.total_time : 0.0001277923583984375
TCAPPDLL 2025-11-24 12:32:50.724723 - Epoch: 0 Iteration: 28  rank : 0  train.loss : 7.081728458404541  train.ips : 117941.76449912126 imgs/s train.total_time : 0.00013566017150878906
TCAPPDLL 2025-11-24 12:32:51.004287 - Epoch: 0 Iteration: 29  rank : 0  train.loss : 6.954402923583984  train.ips : 93727.46368715084 imgs/s train.total_time : 0.00017070770263671875
TCAPPDLL 2025-11-24 12:32:51.068379 - Epoch: 0 Iteration: 30  rank : 0  train.loss : 6.890247821807861  train.ips : 118149.40845070423 imgs/s train.total_time : 0.0001354217529296875
TCAPPDLL 2025-11-24 12:32:51.129961 - Epoch: 0 Iteration: 31  rank : 0  train.loss : 6.938475608825684  train.ips : 126382.04143126176 imgs/s train.total_time : 0.0001266002655029297
TCAPPDLL 2025-11-24 12:32:51.623129 - Epoch: 0 Iteration: 32  rank : 0  train.loss : 7.030189514160156  train.ips : 86037.00512820513 imgs/s train.total_time : 0.00018596649169921875
TCAPPDLL 2025-11-24 12:32:51.703535 - Epoch: 0 Iteration: 33  rank : 0  train.loss : 6.893420219421387  train.ips : 109297.82410423453 imgs/s train.total_time : 0.00014638900756835938
TCAPPDLL 2025-11-24 12:32:51.769112 - Epoch: 0 Iteration: 34  rank : 0  train.loss : 7.0929365158081055  train.ips : 118776.75044247787 imgs/s train.total_time : 0.0001347064971923828
TCAPPDLL 2025-11-24 12:32:51.829421 - Epoch: 0 Iteration: 35  rank : 0  train.loss : 6.966961860656738  train.ips : 129304.16955684008 imgs/s train.total_time : 0.00012373924255371094
TCAPPDLL 2025-11-24 12:32:52.283503 - Epoch: 0 Iteration: 36  rank : 0  train.loss : 6.992912769317627  train.ips : 81344.07757575758 imgs/s train.total_time : 0.00019669532775878906
TCAPPDLL 2025-11-24 12:32:52.360425 - Epoch: 0 Iteration: 37  rank : 0  train.loss : 6.871206760406494  train.ips : 106017.16271721959 imgs/s train.total_time : 0.00015091896057128906
TCAPPDLL 2025-11-24 12:32:52.521264 - Epoch: 0 Iteration: 38  rank : 0  train.loss : 6.971569538116455  train.ips : 75915.00452488688 imgs/s train.total_time : 0.00021076202392578125
TCAPPDLL 2025-11-24 12:32:52.590841 - Epoch: 0 Iteration: 39  rank : 0  train.loss : 7.081865310668945  train.ips : 140395.11297071129 imgs/s train.total_time : 0.00011396408081054688
TCAPPDLL 2025-11-24 12:32:52.847180 - Epoch: 0 Iteration: 40  rank : 0  train.loss : 6.9718017578125  train.ips : 90565.2685560054 imgs/s train.total_time : 0.0001766681671142578
TCAPPDLL 2025-11-24 12:32:52.932887 - Epoch: 0 Iteration: 41  rank : 0  train.loss : 7.045266151428223  train.ips : 108240.10322580645 imgs/s train.total_time : 0.00014781951904296875
TCAPPDLL 2025-11-24 12:32:53.232566 - Epoch: 0 Iteration: 42  rank : 0  train.loss : 7.065054416656494  train.ips : 91678.77595628415 imgs/s train.total_time : 0.00017452239990234375
TCAPPDLL 2025-11-24 12:32:53.305392 - Epoch: 0 Iteration: 43  rank : 0  train.loss : 6.989130020141602  train.ips : 122910.00732600733 imgs/s train.total_time : 0.00013017654418945312
TCAPPDLL 2025-11-24 12:32:53.449967 - Epoch: 0 Iteration: 44  rank : 0  train.loss : 6.918149471282959  train.ips : 96144.50429799427 imgs/s train.total_time : 0.00016641616821289062
TCAPPDLL 2025-11-24 12:32:53.517844 - Epoch: 0 Iteration: 45  rank : 0  train.loss : 7.008358001708984  train.ips : 95733.04422253923 imgs/s train.total_time : 0.0001671314239501953
TCAPPDLL 2025-11-24 12:32:53.761509 - Epoch: 0 Iteration: 46  rank : 0  train.loss : 7.141972541809082  train.ips : 119837.25714285714 imgs/s train.total_time : 0.000133514404296875
TCAPPDLL 2025-11-24 12:32:53.835648 - Epoch: 0 Iteration: 47  rank : 0  train.loss : 7.087703227996826  train.ips : 126382.04143126176 imgs/s train.total_time : 0.0001266002655029297
TCAPPDLL 2025-11-24 12:32:54.029164 - Epoch: 0 Iteration: 48  rank : 0  train.loss : 6.91147518157959  train.ips : 122685.30895795247 imgs/s train.total_time : 0.0001304149627685547
TCAPPDLL 2025-11-24 12:32:54.093256 - Epoch: 0 Iteration: 49  rank : 0  train.loss : 6.966152191162109  train.ips : 127100.12121212122 imgs/s train.total_time : 0.000125885009765625
TCAPPDLL 2025-11-24 12:32:54.418751 - Epoch: 0 Iteration: 50  rank : 0  train.loss : 6.875485420227051  train.ips : 126620.49811320755 imgs/s train.total_time : 0.00012636184692382812
TCAPPDLL 2025-11-24 12:32:54.480965 - Epoch: 0 Iteration: 51  rank : 0  train.loss : 6.9236860275268555  train.ips : 132888.8396039604 imgs/s train.total_time : 0.00012040138244628906
TCAPPDLL 2025-11-24 12:32:54.653076 - Epoch: 0 Iteration: 52  rank : 0  train.loss : 6.77482795715332  train.ips : 122910.00732600733 imgs/s train.total_time : 0.00013017654418945312
TCAPPDLL 2025-11-24 12:32:54.718226 - Epoch: 0 Iteration: 53  rank : 0  train.loss : 6.9848527908325195  train.ips : 112222.18060200669 imgs/s train.total_time : 0.00014257431030273438
TCAPPDLL 2025-11-24 12:32:55.118295 - Epoch: 0 Iteration: 54  rank : 0  train.loss : 7.009235382080078  train.ips : 110923.74214876033 imgs/s train.total_time : 0.0001442432403564453
TCAPPDLL 2025-11-24 12:32:55.190842 - Epoch: 0 Iteration: 55  rank : 0  train.loss : 7.088531494140625  train.ips : 122685.30895795247 imgs/s train.total_time : 0.0001304149627685547
TCAPPDLL 2025-11-24 12:32:55.337708 - Epoch: 0 Iteration: 56  rank : 0  train.loss : 7.008207321166992  train.ips : 94254.02247191011 imgs/s train.total_time : 0.0001697540283203125
TCAPPDLL 2025-11-24 12:32:55.410437 - Epoch: 0 Iteration: 57  rank : 0  train.loss : 6.919497966766357  train.ips : 113936.95076400679 imgs/s train.total_time : 0.0001404285430908203
TCAPPDLL 2025-11-24 12:32:56.111853 - Epoch: 0 Iteration: 58  rank : 0  train.loss : 6.97221565246582  train.ips : 92948.56509695291 imgs/s train.total_time : 0.00017213821411132812
TCAPPDLL 2025-11-24 12:32:56.193382 - Epoch: 0 Iteration: 59  rank : 0  train.loss : 7.014199733734131  train.ips : 87724.00522875816 imgs/s train.total_time : 0.0001823902130126953
TCAPPDLL 2025-11-24 12:32:56.270165 - Epoch: 0 Iteration: 60  rank : 0  train.loss : 7.1112380027771  train.ips : 111476.51827242525 imgs/s train.total_time : 0.00014352798461914062
TCAPPDLL 2025-11-24 12:32:56.340280 - Epoch: 0 Iteration: 61  rank : 0  train.loss : 6.963723182678223  train.ips : 120699.39568345324 imgs/s train.total_time : 0.00013256072998046875
TCAPPDLL 2025-11-24 12:32:56.826097 - Epoch: 0 Iteration: 62  rank : 0  train.loss : 6.978675842285156  train.ips : 136123.45638945233 imgs/s train.total_time : 0.00011754035949707031
TCAPPDLL 2025-11-24 12:32:56.892356 - Epoch: 0 Iteration: 63  rank : 0  train.loss : 7.072032451629639  train.ips : 130308.47378640776 imgs/s train.total_time : 0.0001227855682373047
TCAPPDLL 2025-11-24 12:32:56.955103 - Epoch: 0 Iteration: 64  rank : 0  train.loss : 6.965709686279297  train.ips : 124045.95933456562 imgs/s train.total_time : 0.0001289844512939453
TCAPPDLL 2025-11-24 12:32:57.013446 - Epoch: 0 Iteration: 65  rank : 0  train.loss : 7.017793655395508  train.ips : 122238.3679417122 imgs/s train.total_time : 0.0001308917999267578
TCAPPDLL 2025-11-24 12:32:57.509023 - Epoch: 0 Iteration: 66  rank : 0  train.loss : 6.949310302734375  train.ips : 120266.78136200717 imgs/s train.total_time : 0.00013303756713867188
TCAPPDLL 2025-11-24 12:32:57.571015 - Epoch: 0 Iteration: 67  rank : 0  train.loss : 6.928935527801514  train.ips : 112788.00672268908 imgs/s train.total_time : 0.0001418590545654297
TCAPPDLL 2025-11-24 12:32:57.637877 - Epoch: 0 Iteration: 68  rank : 0  train.loss : 6.941944599151611  train.ips : 95733.04422253923 imgs/s train.total_time : 0.0001671314239501953
TCAPPDLL 2025-11-24 12:32:57.701694 - Epoch: 0 Iteration: 69  rank : 0  train.loss : 7.0025482177734375  train.ips : 121794.67150635208 imgs/s train.total_time : 0.00013136863708496094
TCAPPDLL 2025-11-24 12:32:58.076247 - Epoch: 0 Iteration: 70  rank : 0  train.loss : 7.104498863220215  train.ips : 119837.25714285714 imgs/s train.total_time : 0.000133514404296875
TCAPPDLL 2025-11-24 12:32:58.139290 - Epoch: 0 Iteration: 71  rank : 0  train.loss : 7.018683433532715  train.ips : 85163.53299492385 imgs/s train.total_time : 0.00018787384033203125
TCAPPDLL 2025-11-24 12:32:58.209037 - Epoch: 0 Iteration: 72  rank : 0  train.loss : 6.939058303833008  train.ips : 128807.80038387715 imgs/s train.total_time : 0.00012421607971191406
TCAPPDLL 2025-11-24 12:32:58.270721 - Epoch: 0 Iteration: 73  rank : 0  train.loss : 6.962376117706299  train.ips : 118987.3475177305 imgs/s train.total_time : 0.00013446807861328125
TCAPPDLL 2025-11-24 12:32:58.655810 - Epoch: 0 Iteration: 74  rank : 0  train.loss : 6.950023651123047  train.ips : 92948.56509695291 imgs/s train.total_time : 0.00017213821411132812
TCAPPDLL 2025-11-24 12:32:58.732713 - Epoch: 0 Iteration: 75  rank : 0  train.loss : 6.93168306350708  train.ips : 84733.41414141415 imgs/s train.total_time : 0.0001888275146484375
TCAPPDLL 2025-11-24 12:32:58.804997 - Epoch: 0 Iteration: 76  rank : 0  train.loss : 7.033185958862305  train.ips : 97259.2231884058 imgs/s train.total_time : 0.00016450881958007812
TCAPPDLL 2025-11-24 12:32:58.866184 - Epoch: 0 Iteration: 77  rank : 0  train.loss : 6.735185623168945  train.ips : 48454.053429602885 imgs/s train.total_time : 0.00033020973205566406
TCAPPDLL 2025-11-24 12:32:59.347718 - Epoch: 0 Iteration: 78  rank : 0  train.loss : 6.966540336608887  train.ips : 76783.59725400458 imgs/s train.total_time : 0.00020837783813476562
TCAPPDLL 2025-11-24 12:32:59.425706 - Epoch: 0 Iteration: 79  rank : 0  train.loss : 6.936495304107666  train.ips : 102770.08269525268 imgs/s train.total_time : 0.0001556873321533203
TCAPPDLL 2025-11-24 12:32:59.491059 - Epoch: 0 Iteration: 80  rank : 0  train.loss : 6.907740592956543  train.ips : 124506.24118738405 imgs/s train.total_time : 0.0001285076141357422
TCAPPDLL 2025-11-24 12:32:59.572885 - Epoch: 0 Iteration: 81  rank : 0  train.loss : 7.05534553527832  train.ips : 116306.52339688041 imgs/s train.total_time : 0.00013756752014160156
TCAPPDLL 2025-11-24 12:32:59.926968 - Epoch: 0 Iteration: 82  rank : 0  train.loss : 7.007388114929199  train.ips : 95733.04422253923 imgs/s train.total_time : 0.0001671314239501953
TCAPPDLL 2025-11-24 12:32:59.998242 - Epoch: 0 Iteration: 83  rank : 0  train.loss : 6.889523983001709  train.ips : 115704.93793103448 imgs/s train.total_time : 0.00013828277587890625
TCAPPDLL 2025-11-24 12:33:00.062049 - Epoch: 0 Iteration: 84  rank : 0  train.loss : 7.082520484924316  train.ips : 118776.75044247787 imgs/s train.total_time : 0.0001347064971923828
TCAPPDLL 2025-11-24 12:33:00.131510 - Epoch: 0 Iteration: 85  rank : 0  train.loss : 6.969645023345947  train.ips : 86928.58031088083 imgs/s train.total_time : 0.00018405914306640625
TCAPPDLL 2025-11-24 12:33:00.502836 - Epoch: 0 Iteration: 86  rank : 0  train.loss : 6.930754661560059  train.ips : 91553.70259208731 imgs/s train.total_time : 0.0001747608184814453
TCAPPDLL 2025-11-24 12:33:00.571089 - Epoch: 0 Iteration: 87  rank : 0  train.loss : 7.008449554443359  train.ips : 116711.06782608696 imgs/s train.total_time : 0.00013709068298339844
TCAPPDLL 2025-11-24 12:33:00.634262 - Epoch: 0 Iteration: 88  rank : 0  train.loss : 7.039372444152832  train.ips : 110923.74214876033 imgs/s train.total_time : 0.0001442432403564453
TCAPPDLL 2025-11-24 12:33:00.698131 - Epoch: 0 Iteration: 89  rank : 0  train.loss : 7.008028984069824  train.ips : 121135.13357400722 imgs/s train.total_time : 0.00013208389282226562
TCAPPDLL 2025-11-24 12:33:01.011565 - Epoch: 0 Iteration: 90  rank : 0  train.loss : 6.9866838455200195  train.ips : 77225.39010356732 imgs/s train.total_time : 0.0002071857452392578
TCAPPDLL 2025-11-24 12:33:01.089431 - Epoch: 0 Iteration: 91  rank : 0  train.loss : 6.947958469390869  train.ips : 113743.83728813559 imgs/s train.total_time : 0.00014066696166992188
TCAPPDLL 2025-11-24 12:33:01.156300 - Epoch: 0 Iteration: 92  rank : 0  train.loss : 6.9050774574279785  train.ips : 115704.93793103448 imgs/s train.total_time : 0.00013828277587890625
TCAPPDLL 2025-11-24 12:33:01.222150 - Epoch: 0 Iteration: 93  rank : 0  train.loss : 7.0459065437316895  train.ips : 136400.13008130083 imgs/s train.total_time : 0.00011730194091796875
TCAPPDLL 2025-11-24 12:33:01.917172 - Epoch: 0 Iteration: 94  rank : 0  train.loss : 6.90314245223999  train.ips : 95325.09090909091 imgs/s train.total_time : 0.0001678466796875
TCAPPDLL 2025-11-24 12:33:01.990918 - Epoch: 0 Iteration: 95  rank : 0  train.loss : 6.975379943847656  train.ips : 113359.56756756757 imgs/s train.total_time : 0.000141143798828125
TCAPPDLL 2025-11-24 12:33:02.052531 - Epoch: 0 Iteration: 96  rank : 0  train.loss : 7.082378387451172  train.ips : 117323.18881118881 imgs/s train.total_time : 0.00013637542724609375
TCAPPDLL 2025-11-24 12:33:02.114565 - Epoch: 0 Iteration: 97  rank : 0  train.loss : 6.9106879234313965  train.ips : 128070.35114503816 imgs/s train.total_time : 0.00012493133544921875
TCAPPDLL 2025-11-24 12:33:02.726390 - Epoch: 0 Iteration: 98  rank : 0  train.loss : 7.002664566040039  train.ips : 80466.26378896882 imgs/s train.total_time : 0.00019884109497070312
TCAPPDLL 2025-11-24 12:33:02.800120 - Epoch: 0 Iteration: 99  rank : 0  train.loss : 6.9375176429748535  train.ips : 98689.50588235294 imgs/s train.total_time : 0.0001621246337890625
TCAPPDLL 2025-11-24 12:33:02.868387 - Epoch: 0 Iteration: 100  rank : 0  train.loss : 6.973539352416992  train.ips : 114325.15161839864 imgs/s train.total_time : 0.0001399517059326172

