Training with a single process on 1 device (cuda).
Model beit_base_patch16_224 created, param count:86530984
Data processing configuration for current model + dataset:
	input_size: (3, 224, 224)
	interpolation: bicubic
	mean: (0.5, 0.5, 0.5)
	std: (0.5, 0.5, 0.5)
	crop_pct: 0.9
	crop_mode: center
Created SGD (sgd) optimizer: lr: 0.4, momentum: 0.9, dampening: 0, weight_decay: 2e-05, nesterov: True, maximize: False, foreach: None, differentiable: False, fused: None
Using native Torch AMP. Training in mixed precision.
Scheduled epochs: 1 (epochs + cooldown_epochs). Warmup within epochs when warmup_prefix=False. LR stepped per epoch.
TCAPPDLL 2025-11-26 23:11:12.644001 - Epoch: 0 Iteration: 0  rank : 0  train.loss : 6.907776832580566  train.ips : 181866.84010840108 imgs/s train.total_time : 8.797645568847656e-05
TCAPPDLL 2025-11-26 23:11:12.693217 - Epoch: 0 Iteration: 1  rank : 0  train.loss : 6.907774925231934  train.ips : 224444.36120401337 imgs/s train.total_time : 7.128715515136719e-05
TCAPPDLL 2025-11-26 23:11:12.731373 - Epoch: 0 Iteration: 2  rank : 0  train.loss : 6.907818794250488  train.ips : 215784.12861736334 imgs/s train.total_time : 7.414817810058594e-05
TCAPPDLL 2025-11-26 23:11:12.770853 - Epoch: 0 Iteration: 3  rank : 0  train.loss : 6.907660484313965  train.ips : 199136.09495548962 imgs/s train.total_time : 8.034706115722656e-05
TCAPPDLL 2025-11-26 23:11:12.810924 - Epoch: 0 Iteration: 4  rank : 0  train.loss : 6.9076948165893555  train.ips : 162491.196125908 imgs/s train.total_time : 9.846687316894531e-05
TCAPPDLL 2025-11-26 23:11:12.848216 - Epoch: 0 Iteration: 5  rank : 0  train.loss : 6.907819747924805  train.ips : 187454.92737430168 imgs/s train.total_time : 8.535385131835938e-05
TCAPPDLL 2025-11-26 23:11:12.885603 - Epoch: 0 Iteration: 6  rank : 0  train.loss : 6.907708644866943  train.ips : 177068.24274406332 imgs/s train.total_time : 9.036064147949219e-05
TCAPPDLL 2025-11-26 23:11:12.923561 - Epoch: 0 Iteration: 7  rank : 0  train.loss : 6.9083452224731445  train.ips : 177536.67724867724 imgs/s train.total_time : 9.012222290039062e-05
TCAPPDLL 2025-11-26 23:11:12.961998 - Epoch: 0 Iteration: 8  rank : 0  train.loss : 6.907742977142334  train.ips : 199136.09495548962 imgs/s train.total_time : 8.034706115722656e-05
TCAPPDLL 2025-11-26 23:11:14.050809 - Epoch: 0 Iteration: 9  rank : 0  train.loss : 6.908047676086426  train.ips : 195083.90697674418 imgs/s train.total_time : 8.20159912109375e-05
TCAPPDLL 2025-11-26 23:11:14.086714 - Epoch: 0 Iteration: 10  rank : 0  train.loss : 6.907468795776367  train.ips : 195083.90697674418 imgs/s train.total_time : 8.20159912109375e-05
TCAPPDLL 2025-11-26 23:11:14.127275 - Epoch: 0 Iteration: 11  rank : 0  train.loss : 6.907390594482422  train.ips : 205855.4110429448 imgs/s train.total_time : 7.772445678710938e-05
TCAPPDLL 2025-11-26 23:11:14.175660 - Epoch: 0 Iteration: 12  rank : 0  train.loss : 6.907685279846191  train.ips : 159403.47743467934 imgs/s train.total_time : 0.00010037422180175781
TCAPPDLL 2025-11-26 23:11:15.752184 - Epoch: 0 Iteration: 13  rank : 0  train.loss : 6.908021926879883  train.ips : 94254.02247191011 imgs/s train.total_time : 0.0001697540283203125
TCAPPDLL 2025-11-26 23:11:15.811856 - Epoch: 0 Iteration: 14  rank : 0  train.loss : 6.907543182373047  train.ips : 134756.7550200803 imgs/s train.total_time : 0.00011873245239257812
TCAPPDLL 2025-11-26 23:11:15.868801 - Epoch: 0 Iteration: 15  rank : 0  train.loss : 6.907952308654785  train.ips : 134217.728 imgs/s train.total_time : 0.00011920928955078125
TCAPPDLL 2025-11-26 23:11:15.918340 - Epoch: 0 Iteration: 16  rank : 0  train.loss : 6.90721321105957  train.ips : 161319.38461538462 imgs/s train.total_time : 9.918212890625e-05
TCAPPDLL 2025-11-26 23:11:16.847443 - Epoch: 0 Iteration: 17  rank : 0  train.loss : 6.90796422958374  train.ips : 209061.8816199377 imgs/s train.total_time : 7.653236389160156e-05
TCAPPDLL 2025-11-26 23:11:16.887971 - Epoch: 0 Iteration: 18  rank : 0  train.loss : 6.907261848449707  train.ips : 202135.1325301205 imgs/s train.total_time : 7.915496826171875e-05
TCAPPDLL 2025-11-26 23:11:16.932437 - Epoch: 0 Iteration: 19  rank : 0  train.loss : 6.907869815826416  train.ips : 188508.04494382022 imgs/s train.total_time : 8.487701416015625e-05
TCAPPDLL 2025-11-26 23:11:16.976523 - Epoch: 0 Iteration: 20  rank : 0  train.loss : 6.907759666442871  train.ips : 190110.09631728046 imgs/s train.total_time : 8.416175842285156e-05
TCAPPDLL 2025-11-26 23:11:18.377339 - Epoch: 0 Iteration: 21  rank : 0  train.loss : 6.907770156860352  train.ips : 161708.1060240964 imgs/s train.total_time : 9.894371032714844e-05
TCAPPDLL 2025-11-26 23:11:18.415336 - Epoch: 0 Iteration: 22  rank : 0  train.loss : 6.907958030700684  train.ips : 166111.0495049505 imgs/s train.total_time : 9.632110595703125e-05
TCAPPDLL 2025-11-26 23:11:18.456692 - Epoch: 0 Iteration: 23  rank : 0  train.loss : 6.907639503479004  train.ips : 166111.0495049505 imgs/s train.total_time : 9.632110595703125e-05
TCAPPDLL 2025-11-26 23:11:18.508489 - Epoch: 0 Iteration: 24  rank : 0  train.loss : 6.907508850097656  train.ips : 166111.0495049505 imgs/s train.total_time : 9.632110595703125e-05
TCAPPDLL 2025-11-26 23:11:19.347426 - Epoch: 0 Iteration: 25  rank : 0  train.loss : 6.908051490783691  train.ips : 207767.38080495357 imgs/s train.total_time : 7.700920104980469e-05
TCAPPDLL 2025-11-26 23:11:19.389699 - Epoch: 0 Iteration: 26  rank : 0  train.loss : 6.908203125  train.ips : 176138.75065616798 imgs/s train.total_time : 9.083747863769531e-05
TCAPPDLL 2025-11-26 23:11:19.434748 - Epoch: 0 Iteration: 27  rank : 0  train.loss : 6.906964302062988  train.ips : 192289.00859598853 imgs/s train.total_time : 8.320808410644531e-05
TCAPPDLL 2025-11-26 23:11:19.478207 - Epoch: 0 Iteration: 28  rank : 0  train.loss : 6.907596588134766  train.ips : 146206.67538126363 imgs/s train.total_time : 0.00010943412780761719
TCAPPDLL 2025-11-26 23:11:20.836363 - Epoch: 0 Iteration: 29  rank : 0  train.loss : 6.907646179199219  train.ips : 151487.2776523702 imgs/s train.total_time : 0.00010561943054199219
TCAPPDLL 2025-11-26 23:11:20.882705 - Epoch: 0 Iteration: 30  rank : 0  train.loss : 6.907491207122803  train.ips : 114520.2457337884 imgs/s train.total_time : 0.00013971328735351562
TCAPPDLL 2025-11-26 23:11:20.927406 - Epoch: 0 Iteration: 31  rank : 0  train.loss : 6.907352447509766  train.ips : 89240.51063829787 imgs/s train.total_time : 0.000179290771484375
TCAPPDLL 2025-11-26 23:11:20.969290 - Epoch: 0 Iteration: 32  rank : 0  train.loss : 6.907462120056152  train.ips : 144320.1376344086 imgs/s train.total_time : 0.00011086463928222656
TCAPPDLL 2025-11-26 23:11:22.196506 - Epoch: 0 Iteration: 33  rank : 0  train.loss : 6.907558441162109  train.ips : 105351.43485086343 imgs/s train.total_time : 0.0001518726348876953
TCAPPDLL 2025-11-26 23:11:22.240644 - Epoch: 0 Iteration: 34  rank : 0  train.loss : 6.907756805419922  train.ips : 107718.88282504013 imgs/s train.total_time : 0.00014853477478027344
TCAPPDLL 2025-11-26 23:11:22.291529 - Epoch: 0 Iteration: 35  rank : 0  train.loss : 6.907315254211426  train.ips : 87953.9501965924 imgs/s train.total_time : 0.0001819133758544922
TCAPPDLL 2025-11-26 23:11:22.343104 - Epoch: 0 Iteration: 36  rank : 0  train.loss : 6.907100677490234  train.ips : 104368.3732503888 imgs/s train.total_time : 0.0001533031463623047
TCAPPDLL 2025-11-26 23:11:23.266011 - Epoch: 0 Iteration: 37  rank : 0  train.loss : 6.907259941101074  train.ips : 164886.64373464373 imgs/s train.total_time : 9.703636169433594e-05
TCAPPDLL 2025-11-26 23:11:23.307875 - Epoch: 0 Iteration: 38  rank : 0  train.loss : 6.907621383666992  train.ips : 191193.34472934474 imgs/s train.total_time : 8.368492126464844e-05
TCAPPDLL 2025-11-26 23:11:23.346764 - Epoch: 0 Iteration: 39  rank : 0  train.loss : 6.9078450202941895  train.ips : 213044.0126984127 imgs/s train.total_time : 7.510185241699219e-05
TCAPPDLL 2025-11-26 23:11:23.384861 - Epoch: 0 Iteration: 40  rank : 0  train.loss : 6.908498764038086  train.ips : 197961.25073746312 imgs/s train.total_time : 8.082389831542969e-05
TCAPPDLL 2025-11-26 23:11:24.702461 - Epoch: 0 Iteration: 41  rank : 0  train.loss : 6.9079790115356445  train.ips : 134217.728 imgs/s train.total_time : 0.00011920928955078125
TCAPPDLL 2025-11-26 23:11:24.769408 - Epoch: 0 Iteration: 42  rank : 0  train.loss : 6.908114433288574  train.ips : 105849.94321766561 imgs/s train.total_time : 0.00015115737915039062
TCAPPDLL 2025-11-26 23:11:24.814092 - Epoch: 0 Iteration: 43  rank : 0  train.loss : 6.9073638916015625  train.ips : 165700.8987654321 imgs/s train.total_time : 9.655952453613281e-05
TCAPPDLL 2025-11-26 23:11:24.853650 - Epoch: 0 Iteration: 44  rank : 0  train.loss : 6.907700538635254  train.ips : 196224.74853801169 imgs/s train.total_time : 8.153915405273438e-05
TCAPPDLL 2025-11-26 23:11:25.785914 - Epoch: 0 Iteration: 45  rank : 0  train.loss : 6.907416820526123  train.ips : 86369.19433719433 imgs/s train.total_time : 0.00018525123596191406
TCAPPDLL 2025-11-26 23:11:25.849493 - Epoch: 0 Iteration: 46  rank : 0  train.loss : 6.908474445343018  train.ips : 102456.28091603053 imgs/s train.total_time : 0.00015616416931152344
TCAPPDLL 2025-11-26 23:11:25.908151 - Epoch: 0 Iteration: 47  rank : 0  train.loss : 6.906524181365967  train.ips : 124737.66542750929 imgs/s train.total_time : 0.00012826919555664062
TCAPPDLL 2025-11-26 23:11:25.957936 - Epoch: 0 Iteration: 48  rank : 0  train.loss : 6.907203674316406  train.ips : 160932.52757793764 imgs/s train.total_time : 9.942054748535156e-05
TCAPPDLL 2025-11-26 23:11:27.496829 - Epoch: 0 Iteration: 49  rank : 0  train.loss : 6.9068732261657715  train.ips : 106184.91139240506 imgs/s train.total_time : 0.0001506805419921875
TCAPPDLL 2025-11-26 23:11:27.560504 - Epoch: 0 Iteration: 50  rank : 0  train.loss : 6.908005237579346  train.ips : 131328.50097847357 imgs/s train.total_time : 0.00012183189392089844
TCAPPDLL 2025-11-26 23:11:27.618776 - Epoch: 0 Iteration: 51  rank : 0  train.loss : 6.907952308654785  train.ips : 144010.43776824034 imgs/s train.total_time : 0.00011110305786132812
TCAPPDLL 2025-11-26 23:11:27.671393 - Epoch: 0 Iteration: 52  rank : 0  train.loss : 6.907881259918213  train.ips : 177536.67724867724 imgs/s train.total_time : 9.012222290039062e-05
TCAPPDLL 2025-11-26 23:11:28.530777 - Epoch: 0 Iteration: 53  rank : 0  train.loss : 6.907768249511719  train.ips : 187980.0112044818 imgs/s train.total_time : 8.511543273925781e-05
TCAPPDLL 2025-11-26 23:11:28.574573 - Epoch: 0 Iteration: 54  rank : 0  train.loss : 6.907474040985107  train.ips : 186413.51111111112 imgs/s train.total_time : 8.58306884765625e-05
TCAPPDLL 2025-11-26 23:11:28.615467 - Epoch: 0 Iteration: 55  rank : 0  train.loss : 6.90809965133667  train.ips : 172960.98969072165 imgs/s train.total_time : 9.250640869140625e-05
TCAPPDLL 2025-11-26 23:11:28.657990 - Epoch: 0 Iteration: 56  rank : 0  train.loss : 6.90775203704834  train.ips : 170760.46819338424 imgs/s train.total_time : 9.369850158691406e-05
TCAPPDLL 2025-11-26 23:11:30.148893 - Epoch: 0 Iteration: 57  rank : 0  train.loss : 6.907804489135742  train.ips : 68900.27104722793 imgs/s train.total_time : 0.00023221969604492188
TCAPPDLL 2025-11-26 23:11:30.194480 - Epoch: 0 Iteration: 58  rank : 0  train.loss : 6.907773017883301  train.ips : 137800.54209445586 imgs/s train.total_time : 0.00011610984802246094
TCAPPDLL 2025-11-26 23:11:30.234024 - Epoch: 0 Iteration: 59  rank : 0  train.loss : 6.90773344039917  train.ips : 164080.3520782396 imgs/s train.total_time : 9.751319885253906e-05
TCAPPDLL 2025-11-26 23:11:30.278916 - Epoch: 0 Iteration: 60  rank : 0  train.loss : 6.907132148742676  train.ips : 138368.79175257732 imgs/s train.total_time : 0.00011563301086425781
TCAPPDLL 2025-11-26 23:11:31.236366 - Epoch: 0 Iteration: 61  rank : 0  train.loss : 6.907565593719482  train.ips : 165292.7684729064 imgs/s train.total_time : 9.679794311523438e-05
TCAPPDLL 2025-11-26 23:11:31.273845 - Epoch: 0 Iteration: 62  rank : 0  train.loss : 6.907952308654785  train.ips : 214405.3162939297 imgs/s train.total_time : 7.462501525878906e-05
TCAPPDLL 2025-11-26 23:11:31.310563 - Epoch: 0 Iteration: 63  rank : 0  train.loss : 6.907227993011475  train.ips : 183859.90136986302 imgs/s train.total_time : 8.702278137207031e-05
TCAPPDLL 2025-11-26 23:11:31.347561 - Epoch: 0 Iteration: 64  rank : 0  train.loss : 6.90715217590332  train.ips : 117734.84912280702 imgs/s train.total_time : 0.00013589859008789062
TCAPPDLL 2025-11-26 23:11:32.163613 - Epoch: 0 Iteration: 65  rank : 0  train.loss : 6.907110214233398  train.ips : 164886.64373464373 imgs/s train.total_time : 9.703636169433594e-05
TCAPPDLL 2025-11-26 23:11:32.202512 - Epoch: 0 Iteration: 66  rank : 0  train.loss : 6.907230377197266  train.ips : 176602.27368421052 imgs/s train.total_time : 9.059906005859375e-05
TCAPPDLL 2025-11-26 23:11:32.239935 - Epoch: 0 Iteration: 67  rank : 0  train.loss : 6.907530307769775  train.ips : 196224.74853801169 imgs/s train.total_time : 8.153915405273438e-05
TCAPPDLL 2025-11-26 23:11:32.275825 - Epoch: 0 Iteration: 68  rank : 0  train.loss : 6.907166481018066  train.ips : 197379.01176470588 imgs/s train.total_time : 8.106231689453125e-05
TCAPPDLL 2025-11-26 23:11:33.457922 - Epoch: 0 Iteration: 69  rank : 0  train.loss : 6.90844202041626  train.ips : 96420.7816091954 imgs/s train.total_time : 0.0001659393310546875
TCAPPDLL 2025-11-26 23:11:33.509869 - Epoch: 0 Iteration: 70  rank : 0  train.loss : 6.906739711761475  train.ips : 194518.4463768116 imgs/s train.total_time : 8.225440979003906e-05
TCAPPDLL 2025-11-26 23:11:33.546283 - Epoch: 0 Iteration: 71  rank : 0  train.loss : 6.907891273498535  train.ips : 192841.5632183908 imgs/s train.total_time : 8.296966552734375e-05
TCAPPDLL 2025-11-26 23:11:33.583869 - Epoch: 0 Iteration: 72  rank : 0  train.loss : 6.908766746520996  train.ips : 185897.13019390582 imgs/s train.total_time : 8.606910705566406e-05
TCAPPDLL 2025-11-26 23:11:34.449645 - Epoch: 0 Iteration: 73  rank : 0  train.loss : 6.906761169433594  train.ips : 88885.91258278146 imgs/s train.total_time : 0.0001800060272216797
TCAPPDLL 2025-11-26 23:11:34.502465 - Epoch: 0 Iteration: 74  rank : 0  train.loss : 6.907166481018066  train.ips : 136123.45638945233 imgs/s train.total_time : 0.00011754035949707031
TCAPPDLL 2025-11-26 23:11:34.552538 - Epoch: 0 Iteration: 75  rank : 0  train.loss : 6.908298015594482  train.ips : 88301.13684210526 imgs/s train.total_time : 0.0001811981201171875
TCAPPDLL 2025-11-26 23:11:34.596817 - Epoch: 0 Iteration: 76  rank : 0  train.loss : 6.907307147979736  train.ips : 142179.7966101695 imgs/s train.total_time : 0.0001125335693359375
TCAPPDLL 2025-11-26 23:11:35.836115 - Epoch: 0 Iteration: 77  rank : 0  train.loss : 6.908681869506836  train.ips : 76520.93956670468 imgs/s train.total_time : 0.0002090930938720703
TCAPPDLL 2025-11-26 23:11:35.894576 - Epoch: 0 Iteration: 78  rank : 0  train.loss : 6.907571315765381  train.ips : 128070.35114503816 imgs/s train.total_time : 0.00012493133544921875
TCAPPDLL 2025-11-26 23:11:35.944815 - Epoch: 0 Iteration: 79  rank : 0  train.loss : 6.907705307006836  train.ips : 138084.08230452676 imgs/s train.total_time : 0.00011587142944335938
TCAPPDLL 2025-11-26 23:11:35.988984 - Epoch: 0 Iteration: 80  rank : 0  train.loss : 6.908176422119141  train.ips : 159783.00952380954 imgs/s train.total_time : 0.00010013580322265625
TCAPPDLL 2025-11-26 23:11:36.785234 - Epoch: 0 Iteration: 81  rank : 0  train.loss : 6.907236099243164  train.ips : 153216.58447488584 imgs/s train.total_time : 0.00010442733764648438
TCAPPDLL 2025-11-26 23:11:36.838319 - Epoch: 0 Iteration: 82  rank : 0  train.loss : 6.907824993133545  train.ips : 152520.14545454545 imgs/s train.total_time : 0.0001049041748046875
TCAPPDLL 2025-11-26 23:11:36.880309 - Epoch: 0 Iteration: 83  rank : 0  train.loss : 6.908261299133301  train.ips : 160164.35322195705 imgs/s train.total_time : 9.989738464355469e-05
TCAPPDLL 2025-11-26 23:11:36.922642 - Epoch: 0 Iteration: 84  rank : 0  train.loss : 6.907598972320557  train.ips : 159025.7440758294 imgs/s train.total_time : 0.00010061264038085938
TCAPPDLL 2025-11-26 23:11:37.558786 - Epoch: 0 Iteration: 85  rank : 0  train.loss : 6.908206939697266  train.ips : 162491.196125908 imgs/s train.total_time : 9.846687316894531e-05
TCAPPDLL 2025-11-26 23:11:37.609319 - Epoch: 0 Iteration: 86  rank : 0  train.loss : 6.908727645874023  train.ips : 163680.15609756098 imgs/s train.total_time : 9.775161743164062e-05
TCAPPDLL 2025-11-26 23:11:37.658500 - Epoch: 0 Iteration: 87  rank : 0  train.loss : 6.907928466796875  train.ips : 189573.06214689265 imgs/s train.total_time : 8.440017700195312e-05
TCAPPDLL 2025-11-26 23:11:37.706172 - Epoch: 0 Iteration: 88  rank : 0  train.loss : 6.90852165222168  train.ips : 219310.01307189543 imgs/s train.total_time : 7.295608520507812e-05
TCAPPDLL 2025-11-26 23:11:38.975614 - Epoch: 0 Iteration: 89  rank : 0  train.loss : 6.907532215118408  train.ips : 154985.82909930716 imgs/s train.total_time : 0.00010323524475097656
TCAPPDLL 2025-11-26 23:11:39.014200 - Epoch: 0 Iteration: 90  rank : 0  train.loss : 6.907803058624268  train.ips : 199728.7619047619 imgs/s train.total_time : 8.0108642578125e-05
TCAPPDLL 2025-11-26 23:11:39.052841 - Epoch: 0 Iteration: 91  rank : 0  train.loss : 6.908167362213135  train.ips : 209715.2 imgs/s train.total_time : 7.62939453125e-05
TCAPPDLL 2025-11-26 23:11:39.088684 - Epoch: 0 Iteration: 92  rank : 0  train.loss : 6.906357765197754  train.ips : 204600.19512195123 imgs/s train.total_time : 7.82012939453125e-05
TCAPPDLL 2025-11-26 23:11:40.288217 - Epoch: 0 Iteration: 93  rank : 0  train.loss : 6.906820774078369  train.ips : 106691.35771065184 imgs/s train.total_time : 0.0001499652862548828
TCAPPDLL 2025-11-26 23:11:40.344077 - Epoch: 0 Iteration: 94  rank : 0  train.loss : 6.906745910644531  train.ips : 145888.8347826087 imgs/s train.total_time : 0.00010967254638671875
TCAPPDLL 2025-11-26 23:11:40.395984 - Epoch: 0 Iteration: 95  rank : 0  train.loss : 6.907441139221191  train.ips : 157532.54460093897 imgs/s train.total_time : 0.00010156631469726562
TCAPPDLL 2025-11-26 23:11:40.446742 - Epoch: 0 Iteration: 96  rank : 0  train.loss : 6.907740592956543  train.ips : 184365.010989011 imgs/s train.total_time : 8.678436279296875e-05
TCAPPDLL 2025-11-26 23:11:41.020582 - Epoch: 0 Iteration: 97  rank : 0  train.loss : 6.907811164855957  train.ips : 96838.18759018759 imgs/s train.total_time : 0.0001652240753173828
TCAPPDLL 2025-11-26 23:11:41.058507 - Epoch: 0 Iteration: 98  rank : 0  train.loss : 6.907949447631836  train.ips : 193397.30259365993 imgs/s train.total_time : 8.273124694824219e-05
TCAPPDLL 2025-11-26 23:11:41.100430 - Epoch: 0 Iteration: 99  rank : 0  train.loss : 6.906558990478516  train.ips : 165700.8987654321 imgs/s train.total_time : 9.655952453613281e-05
TCAPPDLL 2025-11-26 23:11:41.139795 - Epoch: 0 Iteration: 100  rank : 0  train.loss : 6.907135486602783  train.ips : 192841.5632183908 imgs/s train.total_time : 8.296966552734375e-05
TCAPPDLL 2025-11-26 23:11:42.218852 - Epoch: 0 Iteration: 101  rank : 0  train.loss : 6.908493995666504  train.ips : 186413.51111111112 imgs/s train.total_time : 8.58306884765625e-05
TCAPPDLL 2025-11-26 23:11:42.255455 - Epoch: 0 Iteration: 102  rank : 0  train.loss : 6.908720970153809  train.ips : 204600.19512195123 imgs/s train.total_time : 7.82012939453125e-05
TCAPPDLL 2025-11-26 23:11:42.292274 - Epoch: 0 Iteration: 103  rank : 0  train.loss : 6.907258033752441  train.ips : 154628.71889400922 imgs/s train.total_time : 0.00010347366333007812
TCAPPDLL 2025-11-26 23:11:42.329124 - Epoch: 0 Iteration: 104  rank : 0  train.loss : 6.907193183898926  train.ips : 194518.4463768116 imgs/s train.total_time : 8.225440979003906e-05
TCAPPDLL 2025-11-26 23:11:43.034901 - Epoch: 0 Iteration: 105  rank : 0  train.loss : 6.907884120941162  train.ips : 120266.78136200717 imgs/s train.total_time : 0.00013303756713867188
TCAPPDLL 2025-11-26 23:11:43.080496 - Epoch: 0 Iteration: 106  rank : 0  train.loss : 6.907402038574219  train.ips : 171633.9232736573 imgs/s train.total_time : 9.322166442871094e-05
TCAPPDLL 2025-11-26 23:11:43.120402 - Epoch: 0 Iteration: 107  rank : 0  train.loss : 6.907560348510742  train.ips : 144631.1724137931 imgs/s train.total_time : 0.000110626220703125
TCAPPDLL 2025-11-26 23:11:43.161103 - Epoch: 0 Iteration: 108  rank : 0  train.loss : 6.908038139343262  train.ips : 177068.24274406332 imgs/s train.total_time : 9.036064147949219e-05
TCAPPDLL 2025-11-26 23:11:43.990340 - Epoch: 0 Iteration: 109  rank : 0  train.loss : 6.906742572784424  train.ips : 168615.23618090453 imgs/s train.total_time : 9.489059448242188e-05
TCAPPDLL 2025-11-26 23:11:44.028215 - Epoch: 0 Iteration: 110  rank : 0  train.loss : 6.906926155090332  train.ips : 192289.00859598853 imgs/s train.total_time : 8.320808410644531e-05
TCAPPDLL 2025-11-26 23:11:44.065598 - Epoch: 0 Iteration: 111  rank : 0  train.loss : 6.907482624053955  train.ips : 167353.77556109725 imgs/s train.total_time : 9.560585021972656e-05
TCAPPDLL 2025-11-26 23:11:44.102547 - Epoch: 0 Iteration: 112  rank : 0  train.loss : 6.9057393074035645  train.ips : 202745.81268882175 imgs/s train.total_time : 7.891654968261719e-05
TCAPPDLL 2025-11-26 23:11:45.385368 - Epoch: 0 Iteration: 113  rank : 0  train.loss : 6.907616138458252  train.ips : 104044.7503875969 imgs/s train.total_time : 0.0001537799835205078
TCAPPDLL 2025-11-26 23:11:45.452973 - Epoch: 0 Iteration: 114  rank : 0  train.loss : 6.908670902252197  train.ips : 102612.94189602447 imgs/s train.total_time : 0.00015592575073242188
TCAPPDLL 2025-11-26 23:11:45.502723 - Epoch: 0 Iteration: 115  rank : 0  train.loss : 6.906200408935547  train.ips : 143395.00854700856 imgs/s train.total_time : 0.00011157989501953125
TCAPPDLL 2025-11-26 23:11:45.546541 - Epoch: 0 Iteration: 116  rank : 0  train.loss : 6.9078850746154785  train.ips : 151487.2776523702 imgs/s train.total_time : 0.00010561943054199219
TCAPPDLL 2025-11-26 23:11:46.187243 - Epoch: 0 Iteration: 117  rank : 0  train.loss : 6.906882286071777  train.ips : 128561.04214559386 imgs/s train.total_time : 0.00012445449829101562
TCAPPDLL 2025-11-26 23:11:46.231989 - Epoch: 0 Iteration: 118  rank : 0  train.loss : 6.907994270324707  train.ips : 144943.55075593953 imgs/s train.total_time : 0.00011038780212402344
TCAPPDLL 2025-11-26 23:11:46.273611 - Epoch: 0 Iteration: 119  rank : 0  train.loss : 6.908719062805176  train.ips : 152174.2947845805 imgs/s train.total_time : 0.00010514259338378906
TCAPPDLL 2025-11-26 23:11:46.320692 - Epoch: 0 Iteration: 120  rank : 0  train.loss : 6.90898323059082  train.ips : 170327.0659898477 imgs/s train.total_time : 9.393692016601562e-05
TCAPPDLL 2025-11-26 23:11:47.205928 - Epoch: 0 Iteration: 121  rank : 0  train.loss : 6.908967971801758  train.ips : 110923.74214876033 imgs/s train.total_time : 0.0001442432403564453
TCAPPDLL 2025-11-26 23:11:47.244897 - Epoch: 0 Iteration: 122  rank : 0  train.loss : 6.9075117111206055  train.ips : 144631.1724137931 imgs/s train.total_time : 0.000110626220703125
TCAPPDLL 2025-11-26 23:11:47.283004 - Epoch: 0 Iteration: 123  rank : 0  train.loss : 6.906973838806152  train.ips : 169039.959697733 imgs/s train.total_time : 9.465217590332031e-05
TCAPPDLL 2025-11-26 23:11:47.324224 - Epoch: 0 Iteration: 124  rank : 0  train.loss : 6.908097267150879  train.ips : 171633.9232736573 imgs/s train.total_time : 9.322166442871094e-05
TCAPPDLL 2025-11-26 23:11:48.592101 - Epoch: 0 Iteration: 125  rank : 0  train.loss : 6.907862663269043  train.ips : 85816.96163682865 imgs/s train.total_time : 0.00018644332885742188
TCAPPDLL 2025-11-26 23:11:48.646537 - Epoch: 0 Iteration: 126  rank : 0  train.loss : 6.908862590789795  train.ips : 124737.66542750929 imgs/s train.total_time : 0.00012826919555664062
TCAPPDLL 2025-11-26 23:11:48.699600 - Epoch: 0 Iteration: 127  rank : 0  train.loss : 6.908886909484863  train.ips : 112222.18060200669 imgs/s train.total_time : 0.00014257431030273438
TCAPPDLL 2025-11-26 23:11:48.749601 - Epoch: 0 Iteration: 128  rank : 0  train.loss : 6.9077863693237305  train.ips : 148470.93805309734 imgs/s train.total_time : 0.00010776519775390625
TCAPPDLL 2025-11-26 23:11:49.382029 - Epoch: 0 Iteration: 129  rank : 0  train.loss : 6.908658981323242  train.ips : 96144.50429799427 imgs/s train.total_time : 0.00016641616821289062
TCAPPDLL 2025-11-26 23:11:49.442267 - Epoch: 0 Iteration: 130  rank : 0  train.loss : 6.908755302429199  train.ips : 135847.9028340081 imgs/s train.total_time : 0.00011777877807617188
TCAPPDLL 2025-11-26 23:11:49.497549 - Epoch: 0 Iteration: 131  rank : 0  train.loss : 6.907059192657471  train.ips : 135847.9028340081 imgs/s train.total_time : 0.00011777877807617188
TCAPPDLL 2025-11-26 23:11:49.553726 - Epoch: 0 Iteration: 132  rank : 0  train.loss : 6.907538414001465  train.ips : 142179.7966101695 imgs/s train.total_time : 0.0001125335693359375
TCAPPDLL 2025-11-26 23:11:50.221119 - Epoch: 0 Iteration: 133  rank : 0  train.loss : 6.906362533569336  train.ips : 108942.96103896105 imgs/s train.total_time : 0.0001468658447265625
TCAPPDLL 2025-11-26 23:11:50.268305 - Epoch: 0 Iteration: 134  rank : 0  train.loss : 6.908596992492676  train.ips : 144010.43776824034 imgs/s train.total_time : 0.00011110305786132812
TCAPPDLL 2025-11-26 23:11:50.312901 - Epoch: 0 Iteration: 135  rank : 0  train.loss : 6.907468795776367  train.ips : 150468.30493273542 imgs/s train.total_time : 0.00010633468627929688
TCAPPDLL 2025-11-26 23:11:50.356230 - Epoch: 0 Iteration: 136  rank : 0  train.loss : 6.908516883850098  train.ips : 184365.010989011 imgs/s train.total_time : 8.678436279296875e-05
