Training with a single process on 1 device (cuda).
Model eva02_base_patch16_clip_224 created, param count:86638312
Data processing configuration for current model + dataset:
	input_size: (3, 224, 224)
	interpolation: bicubic
	mean: (0.48145466, 0.4578275, 0.40821073)
	std: (0.26862954, 0.26130258, 0.27577711)
	crop_pct: 0.9
	crop_mode: center
Created SGD (sgd) optimizer: lr: 0.4, momentum: 0.9, dampening: 0, weight_decay: 2e-05, nesterov: True, maximize: False, foreach: None, differentiable: False, fused: None
Using native Torch AMP. Training in mixed precision.
Scheduled epochs: 1 (epochs + cooldown_epochs). Warmup within epochs when warmup_prefix=False. LR stepped per epoch.
TCAPPDLL 2025-11-27 20:15:23.206085 - Epoch: 0 Iteration: 0  rank : 0  train.loss : 6.9077348709106445  train.ips : 174762.66666666666 imgs/s train.total_time : 9.1552734375e-05
TCAPPDLL 2025-11-27 20:15:23.280270 - Epoch: 0 Iteration: 1  rank : 0  train.loss : 6.907609939575195  train.ips : 163281.90754257908 imgs/s train.total_time : 9.799003601074219e-05
TCAPPDLL 2025-11-27 20:15:23.339124 - Epoch: 0 Iteration: 2  rank : 0  train.loss : 6.90764856338501  train.ips : 144943.55075593953 imgs/s train.total_time : 0.00011038780212402344
TCAPPDLL 2025-11-27 20:15:23.398386 - Epoch: 0 Iteration: 3  rank : 0  train.loss : 6.907660484313965  train.ips : 126144.48120300751 imgs/s train.total_time : 0.00012683868408203125
TCAPPDLL 2025-11-27 20:15:23.460574 - Epoch: 0 Iteration: 4  rank : 0  train.loss : 6.9078521728515625  train.ips : 140985.00840336134 imgs/s train.total_time : 0.00011348724365234375
TCAPPDLL 2025-11-27 20:15:23.522648 - Epoch: 0 Iteration: 5  rank : 0  train.loss : 6.907742023468018  train.ips : 133682.99601593625 imgs/s train.total_time : 0.00011968612670898438
TCAPPDLL 2025-11-27 20:15:23.584872 - Epoch: 0 Iteration: 6  rank : 0  train.loss : 6.907933235168457  train.ips : 139230.0082987552 imgs/s train.total_time : 0.00011491775512695312
TCAPPDLL 2025-11-27 20:15:24.072844 - Epoch: 0 Iteration: 7  rank : 0  train.loss : 6.907581329345703  train.ips : 138654.67768595042 imgs/s train.total_time : 0.00011539459228515625
TCAPPDLL 2025-11-27 20:15:24.180795 - Epoch: 0 Iteration: 8  rank : 0  train.loss : 6.907522201538086  train.ips : 136956.86530612246 imgs/s train.total_time : 0.00011682510375976562
TCAPPDLL 2025-11-27 20:15:24.243660 - Epoch: 0 Iteration: 9  rank : 0  train.loss : 6.907738208770752  train.ips : 129553.79150579151 imgs/s train.total_time : 0.00012350082397460938
TCAPPDLL 2025-11-27 20:15:24.302402 - Epoch: 0 Iteration: 10  rank : 0  train.loss : 6.907433032989502  train.ips : 139519.46777546778 imgs/s train.total_time : 0.00011467933654785156
TCAPPDLL 2025-11-27 20:15:24.792120 - Epoch: 0 Iteration: 11  rank : 0  train.loss : 6.907806396484375  train.ips : 127341.29791271347 imgs/s train.total_time : 0.00012564659118652344
TCAPPDLL 2025-11-27 20:15:24.914531 - Epoch: 0 Iteration: 12  rank : 0  train.loss : 6.907540321350098  train.ips : 91304.5768707483 imgs/s train.total_time : 0.00017523765563964844
TCAPPDLL 2025-11-27 20:15:24.976583 - Epoch: 0 Iteration: 13  rank : 0  train.loss : 6.9075751304626465  train.ips : 139810.13333333333 imgs/s train.total_time : 0.00011444091796875
TCAPPDLL 2025-11-27 20:15:25.036620 - Epoch: 0 Iteration: 14  rank : 0  train.loss : 6.907833576202393  train.ips : 128070.35114503816 imgs/s train.total_time : 0.00012493133544921875
TCAPPDLL 2025-11-27 20:15:25.475955 - Epoch: 0 Iteration: 15  rank : 0  train.loss : 6.90759801864624  train.ips : 84519.9798488665 imgs/s train.total_time : 0.00018930435180664062
TCAPPDLL 2025-11-27 20:15:25.543879 - Epoch: 0 Iteration: 16  rank : 0  train.loss : 6.907908916473389  train.ips : 121354.18444846293 imgs/s train.total_time : 0.00013184547424316406
TCAPPDLL 2025-11-27 20:15:25.609252 - Epoch: 0 Iteration: 17  rank : 0  train.loss : 6.908019542694092  train.ips : 138654.67768595042 imgs/s train.total_time : 0.00011539459228515625
TCAPPDLL 2025-11-27 20:15:25.669881 - Epoch: 0 Iteration: 18  rank : 0  train.loss : 6.907477378845215  train.ips : 129553.79150579151 imgs/s train.total_time : 0.00012350082397460938
TCAPPDLL 2025-11-27 20:15:26.127193 - Epoch: 0 Iteration: 19  rank : 0  train.loss : 6.907792091369629  train.ips : 61794.534069981586 imgs/s train.total_time : 0.0002589225769042969
TCAPPDLL 2025-11-27 20:15:26.281055 - Epoch: 0 Iteration: 20  rank : 0  train.loss : 6.907837867736816  train.ips : 140689.4423480084 imgs/s train.total_time : 0.00011372566223144531
TCAPPDLL 2025-11-27 20:15:26.344068 - Epoch: 0 Iteration: 21  rank : 0  train.loss : 6.90786075592041  train.ips : 134486.7014028056 imgs/s train.total_time : 0.00011897087097167969
TCAPPDLL 2025-11-27 20:15:26.406619 - Epoch: 0 Iteration: 22  rank : 0  train.loss : 6.907923698425293  train.ips : 147168.56140350876 imgs/s train.total_time : 0.0001087188720703125
TCAPPDLL 2025-11-27 20:15:26.915797 - Epoch: 0 Iteration: 23  rank : 0  train.loss : 6.907706260681152  train.ips : 79796.50891795481 imgs/s train.total_time : 0.00020051002502441406
TCAPPDLL 2025-11-27 20:15:26.995237 - Epoch: 0 Iteration: 24  rank : 0  train.loss : 6.907247543334961  train.ips : 116306.52339688041 imgs/s train.total_time : 0.00013756752014160156
TCAPPDLL 2025-11-27 20:15:27.068093 - Epoch: 0 Iteration: 25  rank : 0  train.loss : 6.90793514251709  train.ips : 102612.94189602447 imgs/s train.total_time : 0.00015592575073242188
TCAPPDLL 2025-11-27 20:15:27.141461 - Epoch: 0 Iteration: 26  rank : 0  train.loss : 6.907990455627441  train.ips : 128070.35114503816 imgs/s train.total_time : 0.00012493133544921875
TCAPPDLL 2025-11-27 20:15:27.538322 - Epoch: 0 Iteration: 27  rank : 0  train.loss : 6.907497406005859  train.ips : 137236.94069529654 imgs/s train.total_time : 0.00011658668518066406
TCAPPDLL 2025-11-27 20:15:27.597374 - Epoch: 0 Iteration: 28  rank : 0  train.loss : 6.907790184020996  train.ips : 141281.81894736842 imgs/s train.total_time : 0.00011324882507324219
TCAPPDLL 2025-11-27 20:15:27.662443 - Epoch: 0 Iteration: 29  rank : 0  train.loss : 6.90726900100708  train.ips : 97118.47178002894 imgs/s train.total_time : 0.0001647472381591797
TCAPPDLL 2025-11-27 20:15:27.741565 - Epoch: 0 Iteration: 30  rank : 0  train.loss : 6.907733917236328  train.ips : 139519.46777546778 imgs/s train.total_time : 0.00011467933654785156
TCAPPDLL 2025-11-27 20:15:28.187677 - Epoch: 0 Iteration: 31  rank : 0  train.loss : 6.906831741333008  train.ips : 144010.43776824034 imgs/s train.total_time : 0.00011110305786132812
TCAPPDLL 2025-11-27 20:15:28.257737 - Epoch: 0 Iteration: 32  rank : 0  train.loss : 6.907774448394775  train.ips : 137800.54209445586 imgs/s train.total_time : 0.00011610984802246094
TCAPPDLL 2025-11-27 20:15:28.324111 - Epoch: 0 Iteration: 33  rank : 0  train.loss : 6.9076337814331055  train.ips : 71165.28525980913 imgs/s train.total_time : 0.00022482872009277344
TCAPPDLL 2025-11-27 20:15:28.417247 - Epoch: 0 Iteration: 34  rank : 0  train.loss : 6.907777786254883  train.ips : 77942.93147502904 imgs/s train.total_time : 0.0002052783966064453
TCAPPDLL 2025-11-27 20:15:29.027959 - Epoch: 0 Iteration: 35  rank : 0  train.loss : 6.907578468322754  train.ips : 114912.43835616438 imgs/s train.total_time : 0.0001392364501953125
TCAPPDLL 2025-11-27 20:15:29.090936 - Epoch: 0 Iteration: 36  rank : 0  train.loss : 6.907470703125  train.ips : 132104.06299212598 imgs/s train.total_time : 0.00012111663818359375
TCAPPDLL 2025-11-27 20:15:29.153043 - Epoch: 0 Iteration: 37  rank : 0  train.loss : 6.907939910888672  train.ips : 125437.12897196262 imgs/s train.total_time : 0.00012755393981933594
TCAPPDLL 2025-11-27 20:15:29.221321 - Epoch: 0 Iteration: 38  rank : 0  train.loss : 6.907031059265137  train.ips : 122016.11636363636 imgs/s train.total_time : 0.00013113021850585938
TCAPPDLL 2025-11-27 20:15:29.675883 - Epoch: 0 Iteration: 39  rank : 0  train.loss : 6.907670021057129  train.ips : 93858.55104895105 imgs/s train.total_time : 0.0001704692840576172
TCAPPDLL 2025-11-27 20:15:29.753615 - Epoch: 0 Iteration: 40  rank : 0  train.loss : 6.907634735107422  train.ips : 133949.82834331336 imgs/s train.total_time : 0.00011944770812988281
TCAPPDLL 2025-11-27 20:15:29.816125 - Epoch: 0 Iteration: 41  rank : 0  train.loss : 6.907570838928223  train.ips : 134756.7550200803 imgs/s train.total_time : 0.00011873245239257812
TCAPPDLL 2025-11-27 20:15:29.878650 - Epoch: 0 Iteration: 42  rank : 0  train.loss : 6.907844543457031  train.ips : 108766.39222042139 imgs/s train.total_time : 0.00014710426330566406
TCAPPDLL 2025-11-27 20:15:30.446417 - Epoch: 0 Iteration: 43  rank : 0  train.loss : 6.906990051269531  train.ips : 85380.23409669212 imgs/s train.total_time : 0.00018739700317382812
TCAPPDLL 2025-11-27 20:15:30.514489 - Epoch: 0 Iteration: 44  rank : 0  train.loss : 6.907973289489746  train.ips : 154985.82909930716 imgs/s train.total_time : 0.00010323524475097656
TCAPPDLL 2025-11-27 20:15:30.579378 - Epoch: 0 Iteration: 45  rank : 0  train.loss : 6.907418727874756  train.ips : 81344.07757575758 imgs/s train.total_time : 0.00019669532775878906
TCAPPDLL 2025-11-27 20:15:30.643606 - Epoch: 0 Iteration: 46  rank : 0  train.loss : 6.907679557800293  train.ips : 99715.99405646359 imgs/s train.total_time : 0.00016045570373535156
TCAPPDLL 2025-11-27 20:15:31.045096 - Epoch: 0 Iteration: 47  rank : 0  train.loss : 6.90759801864624  train.ips : 137518.16393442624 imgs/s train.total_time : 0.0001163482666015625
TCAPPDLL 2025-11-27 20:15:31.104829 - Epoch: 0 Iteration: 48  rank : 0  train.loss : 6.907832145690918  train.ips : 124045.95933456562 imgs/s train.total_time : 0.0001289844512939453
TCAPPDLL 2025-11-27 20:15:31.165896 - Epoch: 0 Iteration: 49  rank : 0  train.loss : 6.907285690307617  train.ips : 81245.598062954 imgs/s train.total_time : 0.00019693374633789062
TCAPPDLL 2025-11-27 20:15:31.227614 - Epoch: 0 Iteration: 50  rank : 0  train.loss : 6.907667636871338  train.ips : 145572.37310195228 imgs/s train.total_time : 0.00010991096496582031
TCAPPDLL 2025-11-27 20:15:31.711379 - Epoch: 0 Iteration: 51  rank : 0  train.loss : 6.9073615074157715  train.ips : 92182.5054945055 imgs/s train.total_time : 0.0001735687255859375
TCAPPDLL 2025-11-27 20:15:31.788347 - Epoch: 0 Iteration: 52  rank : 0  train.loss : 6.907118797302246  train.ips : 116711.06782608696 imgs/s train.total_time : 0.00013709068298339844
TCAPPDLL 2025-11-27 20:15:31.856113 - Epoch: 0 Iteration: 53  rank : 0  train.loss : 6.9081010818481445  train.ips : 138084.08230452676 imgs/s train.total_time : 0.00011587142944335938
TCAPPDLL 2025-11-27 20:15:31.923105 - Epoch: 0 Iteration: 54  rank : 0  train.loss : 6.907519817352295  train.ips : 131586.00784313725 imgs/s train.total_time : 0.00012159347534179688
TCAPPDLL 2025-11-27 20:15:32.336475 - Epoch: 0 Iteration: 55  rank : 0  train.loss : 6.907768249511719  train.ips : 146206.67538126363 imgs/s train.total_time : 0.00010943412780761719
TCAPPDLL 2025-11-27 20:15:32.396965 - Epoch: 0 Iteration: 56  rank : 0  train.loss : 6.906955718994141  train.ips : 112598.76510067114 imgs/s train.total_time : 0.00014209747314453125
TCAPPDLL 2025-11-27 20:15:32.457565 - Epoch: 0 Iteration: 57  rank : 0  train.loss : 6.907487869262695  train.ips : 147168.56140350876 imgs/s train.total_time : 0.0001087188720703125
TCAPPDLL 2025-11-27 20:15:32.519435 - Epoch: 0 Iteration: 58  rank : 0  train.loss : 6.907131195068359  train.ips : 114520.2457337884 imgs/s train.total_time : 0.00013971328735351562
TCAPPDLL 2025-11-27 20:15:33.189762 - Epoch: 0 Iteration: 59  rank : 0  train.loss : 6.907800197601318  train.ips : 84947.92911392405 imgs/s train.total_time : 0.00018835067749023438
TCAPPDLL 2025-11-27 20:15:33.264845 - Epoch: 0 Iteration: 60  rank : 0  train.loss : 6.907374382019043  train.ips : 115904.7737478411 imgs/s train.total_time : 0.0001380443572998047
TCAPPDLL 2025-11-27 20:15:33.335393 - Epoch: 0 Iteration: 61  rank : 0  train.loss : 6.907529354095459  train.ips : 130816.49902534112 imgs/s train.total_time : 0.00012230873107910156
TCAPPDLL 2025-11-27 20:15:33.407704 - Epoch: 0 Iteration: 62  rank : 0  train.loss : 6.907895088195801  train.ips : 130308.47378640776 imgs/s train.total_time : 0.0001227855682373047
TCAPPDLL 2025-11-27 20:15:33.858765 - Epoch: 0 Iteration: 63  rank : 0  train.loss : 6.907486915588379  train.ips : 131072.0 imgs/s train.total_time : 0.0001220703125
TCAPPDLL 2025-11-27 20:15:33.918361 - Epoch: 0 Iteration: 64  rank : 0  train.loss : 6.907347202301025  train.ips : 142481.6645435244 imgs/s train.total_time : 0.00011229515075683594
TCAPPDLL 2025-11-27 20:15:33.978265 - Epoch: 0 Iteration: 65  rank : 0  train.loss : 6.906964302062988  train.ips : 143395.00854700856 imgs/s train.total_time : 0.00011157989501953125
TCAPPDLL 2025-11-27 20:15:34.036938 - Epoch: 0 Iteration: 66  rank : 0  train.loss : 6.907016754150391  train.ips : 143395.00854700856 imgs/s train.total_time : 0.00011157989501953125
TCAPPDLL 2025-11-27 20:15:34.429131 - Epoch: 0 Iteration: 67  rank : 0  train.loss : 6.907510280609131  train.ips : 145888.8347826087 imgs/s train.total_time : 0.00010967254638671875
TCAPPDLL 2025-11-27 20:15:34.537979 - Epoch: 0 Iteration: 68  rank : 0  train.loss : 6.907561779022217  train.ips : 112788.00672268908 imgs/s train.total_time : 0.0001418590545654297
TCAPPDLL 2025-11-27 20:15:34.602208 - Epoch: 0 Iteration: 69  rank : 0  train.loss : 6.9080939292907715  train.ips : 139810.13333333333 imgs/s train.total_time : 0.00011444091796875
TCAPPDLL 2025-11-27 20:15:34.665745 - Epoch: 0 Iteration: 70  rank : 0  train.loss : 6.907585144042969  train.ips : 124045.95933456562 imgs/s train.total_time : 0.0001289844512939453
TCAPPDLL 2025-11-27 20:15:35.034412 - Epoch: 0 Iteration: 71  rank : 0  train.loss : 6.906925678253174  train.ips : 82040.1760391198 imgs/s train.total_time : 0.00019502639770507812
TCAPPDLL 2025-11-27 20:15:35.208704 - Epoch: 0 Iteration: 72  rank : 0  train.loss : 6.90727424621582  train.ips : 122238.3679417122 imgs/s train.total_time : 0.0001308917999267578
TCAPPDLL 2025-11-27 20:15:35.277152 - Epoch: 0 Iteration: 73  rank : 0  train.loss : 6.907302379608154  train.ips : 121574.02898550725 imgs/s train.total_time : 0.0001316070556640625
TCAPPDLL 2025-11-27 20:15:35.343904 - Epoch: 0 Iteration: 74  rank : 0  train.loss : 6.9080681800842285  train.ips : 143702.0642398287 imgs/s train.total_time : 0.00011134147644042969
TCAPPDLL 2025-11-27 20:15:35.652680 - Epoch: 0 Iteration: 75  rank : 0  train.loss : 6.907371520996094  train.ips : 149462.94877505567 imgs/s train.total_time : 0.00010704994201660156
TCAPPDLL 2025-11-27 20:15:35.798578 - Epoch: 0 Iteration: 76  rank : 0  train.loss : 6.9067230224609375  train.ips : 144010.43776824034 imgs/s train.total_time : 0.00011110305786132812
TCAPPDLL 2025-11-27 20:15:35.864226 - Epoch: 0 Iteration: 77  rank : 0  train.loss : 6.907771110534668  train.ips : 129553.79150579151 imgs/s train.total_time : 0.00012350082397460938
TCAPPDLL 2025-11-27 20:15:35.926316 - Epoch: 0 Iteration: 78  rank : 0  train.loss : 6.906946182250977  train.ips : 63489.93755912961 imgs/s train.total_time : 0.00025200843811035156
TCAPPDLL 2025-11-27 20:15:36.243809 - Epoch: 0 Iteration: 79  rank : 0  train.loss : 6.908395767211914  train.ips : 137518.16393442624 imgs/s train.total_time : 0.0001163482666015625
TCAPPDLL 2025-11-27 20:15:36.569239 - Epoch: 0 Iteration: 80  rank : 0  train.loss : 6.907565116882324  train.ips : 119410.79003558718 imgs/s train.total_time : 0.00013399124145507812
TCAPPDLL 2025-11-27 20:15:36.648756 - Epoch: 0 Iteration: 81  rank : 0  train.loss : 6.9078826904296875  train.ips : 130055.93798449612 imgs/s train.total_time : 0.00012302398681640625
TCAPPDLL 2025-11-27 20:15:36.710332 - Epoch: 0 Iteration: 82  rank : 0  train.loss : 6.907301902770996  train.ips : 127100.12121212122 imgs/s train.total_time : 0.000125885009765625
TCAPPDLL 2025-11-27 20:15:36.905858 - Epoch: 0 Iteration: 83  rank : 0  train.loss : 6.907434940338135  train.ips : 132104.06299212598 imgs/s train.total_time : 0.00012111663818359375
TCAPPDLL 2025-11-27 20:15:37.231509 - Epoch: 0 Iteration: 84  rank : 0  train.loss : 6.907773017883301  train.ips : 94519.52676056339 imgs/s train.total_time : 0.00016927719116210938
TCAPPDLL 2025-11-27 20:15:37.373948 - Epoch: 0 Iteration: 85  rank : 0  train.loss : 6.908177852630615  train.ips : 109297.82410423453 imgs/s train.total_time : 0.00014638900756835938
TCAPPDLL 2025-11-27 20:15:37.436632 - Epoch: 0 Iteration: 86  rank : 0  train.loss : 6.907477855682373  train.ips : 141281.81894736842 imgs/s train.total_time : 0.00011324882507324219
TCAPPDLL 2025-11-27 20:15:37.541272 - Epoch: 0 Iteration: 87  rank : 0  train.loss : 6.908171653747559  train.ips : 129804.37911025145 imgs/s train.total_time : 0.0001232624053955078
TCAPPDLL 2025-11-27 20:15:37.853365 - Epoch: 0 Iteration: 88  rank : 0  train.loss : 6.907963752746582  train.ips : 118357.78483245149 imgs/s train.total_time : 0.00013518333435058594
TCAPPDLL 2025-11-27 20:15:37.944795 - Epoch: 0 Iteration: 89  rank : 0  train.loss : 6.90800142288208  train.ips : 115505.79001721171 imgs/s train.total_time : 0.0001385211944580078
TCAPPDLL 2025-11-27 20:15:38.010119 - Epoch: 0 Iteration: 90  rank : 0  train.loss : 6.907499313354492  train.ips : 117941.76449912126 imgs/s train.total_time : 0.00013566017150878906
TCAPPDLL 2025-11-27 20:15:38.077354 - Epoch: 0 Iteration: 91  rank : 0  train.loss : 6.906853675842285  train.ips : 151487.2776523702 imgs/s train.total_time : 0.00010561943054199219
TCAPPDLL 2025-11-27 20:15:38.466907 - Epoch: 0 Iteration: 92  rank : 0  train.loss : 6.908198356628418  train.ips : 138084.08230452676 imgs/s train.total_time : 0.00011587142944335938
TCAPPDLL 2025-11-27 20:15:38.535682 - Epoch: 0 Iteration: 93  rank : 0  train.loss : 6.907261848449707  train.ips : 113359.56756756757 imgs/s train.total_time : 0.000141143798828125
TCAPPDLL 2025-11-27 20:15:38.597761 - Epoch: 0 Iteration: 94  rank : 0  train.loss : 6.907641410827637  train.ips : 99273.4674556213 imgs/s train.total_time : 0.00016117095947265625
TCAPPDLL 2025-11-27 20:15:38.665994 - Epoch: 0 Iteration: 95  rank : 0  train.loss : 6.9075212478637695  train.ips : 133682.99601593625 imgs/s train.total_time : 0.00011968612670898438
TCAPPDLL 2025-11-27 20:15:39.170144 - Epoch: 0 Iteration: 96  rank : 0  train.loss : 6.907454490661621  train.ips : 115307.3264604811 imgs/s train.total_time : 0.00013875961303710938
TCAPPDLL 2025-11-27 20:15:39.241201 - Epoch: 0 Iteration: 97  rank : 0  train.loss : 6.907196044921875  train.ips : 87953.9501965924 imgs/s train.total_time : 0.0001819133758544922
TCAPPDLL 2025-11-27 20:15:39.310604 - Epoch: 0 Iteration: 98  rank : 0  train.loss : 6.908078193664551  train.ips : 120699.39568345324 imgs/s train.total_time : 0.00013256072998046875
TCAPPDLL 2025-11-27 20:15:39.388820 - Epoch: 0 Iteration: 99  rank : 0  train.loss : 6.907482147216797  train.ips : 121794.67150635208 imgs/s train.total_time : 0.00013136863708496094
TCAPPDLL 2025-11-27 20:15:39.772015 - Epoch: 0 Iteration: 100  rank : 0  train.loss : 6.907015800476074  train.ips : 116508.44444444444 imgs/s train.total_time : 0.0001373291015625
TCAPPDLL 2025-11-27 20:15:39.838739 - Epoch: 0 Iteration: 101  rank : 0  train.loss : 6.907201766967773  train.ips : 115307.3264604811 imgs/s train.total_time : 0.00013875961303710938
TCAPPDLL 2025-11-27 20:15:39.898545 - Epoch: 0 Iteration: 102  rank : 0  train.loss : 6.907747745513916  train.ips : 119837.25714285714 imgs/s train.total_time : 0.000133514404296875
TCAPPDLL 2025-11-27 20:15:40.105750 - Epoch: 0 Iteration: 103  rank : 0  train.loss : 6.90772819519043  train.ips : 140102.01252609602 imgs/s train.total_time : 0.00011420249938964844
TCAPPDLL 2025-11-27 20:15:40.571685 - Epoch: 0 Iteration: 104  rank : 0  train.loss : 6.907294750213623  train.ips : 142179.7966101695 imgs/s train.total_time : 0.0001125335693359375
TCAPPDLL 2025-11-27 20:15:40.633383 - Epoch: 0 Iteration: 105  rank : 0  train.loss : 6.906704902648926  train.ips : 136400.13008130083 imgs/s train.total_time : 0.00011730194091796875
TCAPPDLL 2025-11-27 20:15:40.713038 - Epoch: 0 Iteration: 106  rank : 0  train.loss : 6.907891750335693  train.ips : 70939.60253699789 imgs/s train.total_time : 0.00022554397583007812
TCAPPDLL 2025-11-27 20:15:41.106432 - Epoch: 0 Iteration: 107  rank : 0  train.loss : 6.908332347869873  train.ips : 114325.15161839864 imgs/s train.total_time : 0.0001399517059326172
TCAPPDLL 2025-11-27 20:15:41.260056 - Epoch: 0 Iteration: 108  rank : 0  train.loss : 6.907776355743408  train.ips : 118566.89752650177 imgs/s train.total_time : 0.00013494491577148438
TCAPPDLL 2025-11-27 20:15:41.319120 - Epoch: 0 Iteration: 109  rank : 0  train.loss : 6.906632423400879  train.ips : 135027.8953722334 imgs/s train.total_time : 0.00011849403381347656
TCAPPDLL 2025-11-27 20:15:41.384749 - Epoch: 0 Iteration: 110  rank : 0  train.loss : 6.907261848449707  train.ips : 140102.01252609602 imgs/s train.total_time : 0.00011420249938964844
TCAPPDLL 2025-11-27 20:15:41.884979 - Epoch: 0 Iteration: 111  rank : 0  train.loss : 6.907571315765381  train.ips : 116711.06782608696 imgs/s train.total_time : 0.00013709068298339844
TCAPPDLL 2025-11-27 20:15:41.953931 - Epoch: 0 Iteration: 112  rank : 0  train.loss : 6.907705307006836  train.ips : 121574.02898550725 imgs/s train.total_time : 0.0001316070556640625
TCAPPDLL 2025-11-27 20:15:42.017440 - Epoch: 0 Iteration: 113  rank : 0  train.loss : 6.908468246459961  train.ips : 107374.1824 imgs/s train.total_time : 0.00014901161193847656
TCAPPDLL 2025-11-27 20:15:42.079120 - Epoch: 0 Iteration: 114  rank : 0  train.loss : 6.907952785491943  train.ips : 135847.9028340081 imgs/s train.total_time : 0.00011777877807617188
TCAPPDLL 2025-11-27 20:15:42.531646 - Epoch: 0 Iteration: 115  rank : 0  train.loss : 6.907701015472412  train.ips : 116508.44444444444 imgs/s train.total_time : 0.0001373291015625
TCAPPDLL 2025-11-27 20:15:42.662967 - Epoch: 0 Iteration: 116  rank : 0  train.loss : 6.906760215759277  train.ips : 111291.64842454395 imgs/s train.total_time : 0.0001437664031982422
TCAPPDLL 2025-11-27 20:15:42.727656 - Epoch: 0 Iteration: 117  rank : 0  train.loss : 6.907235145568848  train.ips : 64527.75384615385 imgs/s train.total_time : 0.000247955322265625
TCAPPDLL 2025-11-27 20:15:42.796605 - Epoch: 0 Iteration: 118  rank : 0  train.loss : 6.907799243927002  train.ips : 139519.46777546778 imgs/s train.total_time : 0.00011467933654785156
TCAPPDLL 2025-11-27 20:15:43.242217 - Epoch: 0 Iteration: 119  rank : 0  train.loss : 6.907118797302246  train.ips : 88069.37532808399 imgs/s train.total_time : 0.00018167495727539062
TCAPPDLL 2025-11-27 20:15:43.351794 - Epoch: 0 Iteration: 120  rank : 0  train.loss : 6.907113075256348  train.ips : 70939.60253699789 imgs/s train.total_time : 0.00022554397583007812
TCAPPDLL 2025-11-27 20:15:43.426302 - Epoch: 0 Iteration: 121  rank : 0  train.loss : 6.9069976806640625  train.ips : 134756.7550200803 imgs/s train.total_time : 0.00011873245239257812
TCAPPDLL 2025-11-27 20:15:43.497410 - Epoch: 0 Iteration: 122  rank : 0  train.loss : 6.907631874084473  train.ips : 141879.20507399578 imgs/s train.total_time : 0.00011277198791503906
TCAPPDLL 2025-11-27 20:15:43.782142 - Epoch: 0 Iteration: 123  rank : 0  train.loss : 6.907698631286621  train.ips : 91929.95068493151 imgs/s train.total_time : 0.00017404556274414062
TCAPPDLL 2025-11-27 20:15:44.234419 - Epoch: 0 Iteration: 124  rank : 0  train.loss : 6.907668113708496  train.ips : 86816.12419146184 imgs/s train.total_time : 0.0001842975616455078
TCAPPDLL 2025-11-27 20:15:44.313507 - Epoch: 0 Iteration: 125  rank : 0  train.loss : 6.906741619110107  train.ips : 106522.00634920635 imgs/s train.total_time : 0.00015020370483398438
TCAPPDLL 2025-11-27 20:15:44.387893 - Epoch: 0 Iteration: 126  rank : 0  train.loss : 6.907430648803711  train.ips : 87041.32814526588 imgs/s train.total_time : 0.0001838207244873047
