Training with a single process on 1 device (cuda).
Model coat_lite_mini created, param count:11011560
Data processing configuration for current model + dataset:
	input_size: (3, 224, 224)
	interpolation: bicubic
	mean: (0.485, 0.456, 0.406)
	std: (0.229, 0.224, 0.225)
	crop_pct: 0.9
	crop_mode: center
Created SGD (sgd) optimizer: lr: 0.4, momentum: 0.9, dampening: 0, weight_decay: 2e-05, nesterov: True, maximize: False, foreach: None, differentiable: False, fused: None
Using native Torch AMP. Training in mixed precision.
Scheduled epochs: 1 (epochs + cooldown_epochs). Warmup within epochs when warmup_prefix=False. LR stepped per epoch.
TCAPPDLL 2025-11-27 00:56:17.344614 - Epoch: 0 Iteration: 0  rank : 0  train.loss : 6.944148063659668  train.ips : 154273.25057471264 imgs/s train.total_time : 0.00010371208190917969
TCAPPDLL 2025-11-27 00:56:17.478724 - Epoch: 0 Iteration: 1  rank : 0  train.loss : 7.062479019165039  train.ips : 186932.7688022284 imgs/s train.total_time : 8.559226989746094e-05
TCAPPDLL 2025-11-27 00:56:17.525253 - Epoch: 0 Iteration: 2  rank : 0  train.loss : 7.116995334625244  train.ips : 193956.2543352601 imgs/s train.total_time : 8.249282836914062e-05
TCAPPDLL 2025-11-27 00:56:17.620138 - Epoch: 0 Iteration: 3  rank : 0  train.loss : 6.847253799438477  train.ips : 148800.1419068736 imgs/s train.total_time : 0.00010752677917480469
TCAPPDLL 2025-11-27 00:56:17.666004 - Epoch: 0 Iteration: 4  rank : 0  train.loss : 7.01401424407959  train.ips : 185897.13019390582 imgs/s train.total_time : 8.606910705566406e-05
TCAPPDLL 2025-11-27 00:56:17.707489 - Epoch: 0 Iteration: 5  rank : 0  train.loss : 7.048425674438477  train.ips : 181866.84010840108 imgs/s train.total_time : 8.797645568847656e-05
TCAPPDLL 2025-11-27 00:56:17.752001 - Epoch: 0 Iteration: 6  rank : 0  train.loss : 7.130327224731445  train.ips : 198546.9349112426 imgs/s train.total_time : 8.058547973632812e-05
TCAPPDLL 2025-11-27 00:56:17.798190 - Epoch: 0 Iteration: 7  rank : 0  train.loss : 7.089230537414551  train.ips : 172074.01025641026 imgs/s train.total_time : 9.298324584960938e-05
TCAPPDLL 2025-11-27 00:56:17.841293 - Epoch: 0 Iteration: 8  rank : 0  train.loss : 7.035723686218262  train.ips : 180886.4258760108 imgs/s train.total_time : 8.845329284667969e-05
TCAPPDLL 2025-11-27 00:56:18.076142 - Epoch: 0 Iteration: 9  rank : 0  train.loss : 7.115693092346191  train.ips : 183859.90136986302 imgs/s train.total_time : 8.702278137207031e-05
TCAPPDLL 2025-11-27 00:56:18.319073 - Epoch: 0 Iteration: 10  rank : 0  train.loss : 6.8301496505737305  train.ips : 165292.7684729064 imgs/s train.total_time : 9.679794311523438e-05
TCAPPDLL 2025-11-27 00:56:18.365978 - Epoch: 0 Iteration: 11  rank : 0  train.loss : 6.997604846954346  train.ips : 183859.90136986302 imgs/s train.total_time : 8.702278137207031e-05
TCAPPDLL 2025-11-27 00:56:18.412055 - Epoch: 0 Iteration: 12  rank : 0  train.loss : 7.124050140380859  train.ips : 197961.25073746312 imgs/s train.total_time : 8.082389831542969e-05
TCAPPDLL 2025-11-27 00:56:18.609893 - Epoch: 0 Iteration: 13  rank : 0  train.loss : 6.982126235961914  train.ips : 179916.5254691689 imgs/s train.total_time : 8.893013000488281e-05
TCAPPDLL 2025-11-27 00:56:19.054779 - Epoch: 0 Iteration: 14  rank : 0  train.loss : 6.9543867111206055  train.ips : 172960.98969072165 imgs/s train.total_time : 9.250640869140625e-05
TCAPPDLL 2025-11-27 00:56:19.118239 - Epoch: 0 Iteration: 15  rank : 0  train.loss : 7.045680046081543  train.ips : 84626.56242118537 imgs/s train.total_time : 0.00018906593322753906
TCAPPDLL 2025-11-27 00:56:19.170187 - Epoch: 0 Iteration: 16  rank : 0  train.loss : 7.11320686340332  train.ips : 173857.16062176166 imgs/s train.total_time : 9.202957153320312e-05
TCAPPDLL 2025-11-27 00:56:19.324860 - Epoch: 0 Iteration: 17  rank : 0  train.loss : 7.137864589691162  train.ips : 163680.15609756098 imgs/s train.total_time : 9.775161743164062e-05
TCAPPDLL 2025-11-27 00:56:19.718768 - Epoch: 0 Iteration: 18  rank : 0  train.loss : 6.882420539855957  train.ips : 138368.79175257732 imgs/s train.total_time : 0.00011563301086425781
TCAPPDLL 2025-11-27 00:56:19.775628 - Epoch: 0 Iteration: 19  rank : 0  train.loss : 6.692342758178711  train.ips : 179435.4652406417 imgs/s train.total_time : 8.916854858398438e-05
TCAPPDLL 2025-11-27 00:56:19.833701 - Epoch: 0 Iteration: 20  rank : 0  train.loss : 6.744717597961426  train.ips : 185897.13019390582 imgs/s train.total_time : 8.606910705566406e-05
TCAPPDLL 2025-11-27 00:56:19.908436 - Epoch: 0 Iteration: 21  rank : 0  train.loss : 6.990172863006592  train.ips : 138654.67768595042 imgs/s train.total_time : 0.00011539459228515625
TCAPPDLL 2025-11-27 00:56:20.407977 - Epoch: 0 Iteration: 22  rank : 0  train.loss : 6.914996147155762  train.ips : 208412.6211180124 imgs/s train.total_time : 7.677078247070312e-05
TCAPPDLL 2025-11-27 00:56:20.452309 - Epoch: 0 Iteration: 23  rank : 0  train.loss : 7.011327743530273  train.ips : 215092.5128205128 imgs/s train.total_time : 7.43865966796875e-05
TCAPPDLL 2025-11-27 00:56:20.493453 - Epoch: 0 Iteration: 24  rank : 0  train.loss : 7.052995681762695  train.ips : 197379.01176470588 imgs/s train.total_time : 8.106231689453125e-05
TCAPPDLL 2025-11-27 00:56:20.539539 - Epoch: 0 Iteration: 25  rank : 0  train.loss : 7.107831954956055  train.ips : 168192.64160401002 imgs/s train.total_time : 9.512901306152344e-05
TCAPPDLL 2025-11-27 00:56:21.099523 - Epoch: 0 Iteration: 26  rank : 0  train.loss : 7.012885093688965  train.ips : 91804.19151846785 imgs/s train.total_time : 0.0001742839813232422
TCAPPDLL 2025-11-27 00:56:21.154041 - Epoch: 0 Iteration: 27  rank : 0  train.loss : 7.021014213562012  train.ips : 195652.66472303207 imgs/s train.total_time : 8.177757263183594e-05
TCAPPDLL 2025-11-27 00:56:21.190849 - Epoch: 0 Iteration: 28  rank : 0  train.loss : 6.986342906951904  train.ips : 224444.36120401337 imgs/s train.total_time : 7.128715515136719e-05
TCAPPDLL 2025-11-27 00:56:21.229066 - Epoch: 0 Iteration: 29  rank : 0  train.loss : 7.069258689880371  train.ips : 213044.0126984127 imgs/s train.total_time : 7.510185241699219e-05
TCAPPDLL 2025-11-27 00:56:21.967086 - Epoch: 0 Iteration: 30  rank : 0  train.loss : 6.931701183319092  train.ips : 106522.00634920635 imgs/s train.total_time : 0.00015020370483398438
TCAPPDLL 2025-11-27 00:56:22.023812 - Epoch: 0 Iteration: 31  rank : 0  train.loss : 6.80155086517334  train.ips : 156067.12558139535 imgs/s train.total_time : 0.00010251998901367188
TCAPPDLL 2025-11-27 00:56:22.068916 - Epoch: 0 Iteration: 32  rank : 0  train.loss : 7.122040748596191  train.ips : 175218.96605744126 imgs/s train.total_time : 9.131431579589844e-05
TCAPPDLL 2025-11-27 00:56:22.112663 - Epoch: 0 Iteration: 33  rank : 0  train.loss : 6.947017669677734  train.ips : 193956.2543352601 imgs/s train.total_time : 8.249282836914062e-05
TCAPPDLL 2025-11-27 00:56:22.536595 - Epoch: 0 Iteration: 34  rank : 0  train.loss : 7.100991249084473  train.ips : 127583.39163498099 imgs/s train.total_time : 0.00012540817260742188
TCAPPDLL 2025-11-27 00:56:22.599483 - Epoch: 0 Iteration: 35  rank : 0  train.loss : 7.108870029449463  train.ips : 168615.23618090453 imgs/s train.total_time : 9.489059448242188e-05
TCAPPDLL 2025-11-27 00:56:22.662893 - Epoch: 0 Iteration: 36  rank : 0  train.loss : 6.9062042236328125  train.ips : 219310.01307189543 imgs/s train.total_time : 7.295608520507812e-05
TCAPPDLL 2025-11-27 00:56:22.702193 - Epoch: 0 Iteration: 37  rank : 0  train.loss : 6.982350826263428  train.ips : 213044.0126984127 imgs/s train.total_time : 7.510185241699219e-05
TCAPPDLL 2025-11-27 00:56:23.100694 - Epoch: 0 Iteration: 38  rank : 0  train.loss : 6.956689357757568  train.ips : 115109.54373927959 imgs/s train.total_time : 0.00013899803161621094
TCAPPDLL 2025-11-27 00:56:23.165459 - Epoch: 0 Iteration: 39  rank : 0  train.loss : 6.9529948234558105  train.ips : 140689.4423480084 imgs/s train.total_time : 0.00011372566223144531
TCAPPDLL 2025-11-27 00:56:23.217938 - Epoch: 0 Iteration: 40  rank : 0  train.loss : 6.978799819946289  train.ips : 154985.82909930716 imgs/s train.total_time : 0.00010323524475097656
TCAPPDLL 2025-11-27 00:56:23.267514 - Epoch: 0 Iteration: 41  rank : 0  train.loss : 6.836688041687012  train.ips : 147816.88105726874 imgs/s train.total_time : 0.00010824203491210938
TCAPPDLL 2025-11-27 00:56:23.825489 - Epoch: 0 Iteration: 42  rank : 0  train.loss : 6.964480400085449  train.ips : 120916.87207207207 imgs/s train.total_time : 0.0001323223114013672
TCAPPDLL 2025-11-27 00:56:23.887233 - Epoch: 0 Iteration: 43  rank : 0  train.loss : 6.865340709686279  train.ips : 138941.7474120083 imgs/s train.total_time : 0.00011515617370605469
TCAPPDLL 2025-11-27 00:56:23.940854 - Epoch: 0 Iteration: 44  rank : 0  train.loss : 6.9924635887146  train.ips : 184872.90358126722 imgs/s train.total_time : 8.654594421386719e-05
TCAPPDLL 2025-11-27 00:56:23.989868 - Epoch: 0 Iteration: 45  rank : 0  train.loss : 6.985477447509766  train.ips : 182361.04347826086 imgs/s train.total_time : 8.7738037109375e-05
TCAPPDLL 2025-11-27 00:56:24.394639 - Epoch: 0 Iteration: 46  rank : 0  train.loss : 6.993646621704102  train.ips : 220752.84210526315 imgs/s train.total_time : 7.2479248046875e-05
TCAPPDLL 2025-11-27 00:56:24.432128 - Epoch: 0 Iteration: 47  rank : 0  train.loss : 6.962418556213379  train.ips : 227487.67457627118 imgs/s train.total_time : 7.033348083496094e-05
TCAPPDLL 2025-11-27 00:56:24.468778 - Epoch: 0 Iteration: 48  rank : 0  train.loss : 7.076890468597412  train.ips : 243148.0579710145 imgs/s train.total_time : 6.580352783203125e-05
TCAPPDLL 2025-11-27 00:56:24.505378 - Epoch: 0 Iteration: 49  rank : 0  train.loss : 7.012058734893799  train.ips : 237974.695035461 imgs/s train.total_time : 6.723403930664062e-05
TCAPPDLL 2025-11-27 00:56:24.965811 - Epoch: 0 Iteration: 50  rank : 0  train.loss : 7.003713607788086  train.ips : 190650.18181818182 imgs/s train.total_time : 8.392333984375e-05
TCAPPDLL 2025-11-27 00:56:25.010495 - Epoch: 0 Iteration: 51  rank : 0  train.loss : 6.971026420593262  train.ips : 190110.09631728046 imgs/s train.total_time : 8.416175842285156e-05
TCAPPDLL 2025-11-27 00:56:25.052703 - Epoch: 0 Iteration: 52  rank : 0  train.loss : 7.177452087402344  train.ips : 200924.74251497007 imgs/s train.total_time : 7.963180541992188e-05
TCAPPDLL 2025-11-27 00:56:25.091350 - Epoch: 0 Iteration: 53  rank : 0  train.loss : 7.105843544006348  train.ips : 215784.12861736334 imgs/s train.total_time : 7.414817810058594e-05
TCAPPDLL 2025-11-27 00:56:25.518267 - Epoch: 0 Iteration: 54  rank : 0  train.loss : 7.0554914474487305  train.ips : 126859.85633270322 imgs/s train.total_time : 0.00012612342834472656
TCAPPDLL 2025-11-27 00:56:25.583341 - Epoch: 0 Iteration: 55  rank : 0  train.loss : 7.08498477935791  train.ips : 162098.70531400965 imgs/s train.total_time : 9.870529174804688e-05
TCAPPDLL 2025-11-27 00:56:25.636646 - Epoch: 0 Iteration: 56  rank : 0  train.loss : 6.935091972351074  train.ips : 161708.1060240964 imgs/s train.total_time : 9.894371032714844e-05
TCAPPDLL 2025-11-27 00:56:25.689517 - Epoch: 0 Iteration: 57  rank : 0  train.loss : 7.036389350891113  train.ips : 182857.9400544959 imgs/s train.total_time : 8.749961853027344e-05
TCAPPDLL 2025-11-27 00:56:26.228932 - Epoch: 0 Iteration: 58  rank : 0  train.loss : 6.951472282409668  train.ips : 178956.97066666666 imgs/s train.total_time : 8.940696716308594e-05
TCAPPDLL 2025-11-27 00:56:26.268654 - Epoch: 0 Iteration: 59  rank : 0  train.loss : 7.109498977661133  train.ips : 226719.13513513515 imgs/s train.total_time : 7.05718994140625e-05
TCAPPDLL 2025-11-27 00:56:26.307629 - Epoch: 0 Iteration: 60  rank : 0  train.loss : 6.830110549926758  train.ips : 232210.60207612457 imgs/s train.total_time : 6.890296936035156e-05
TCAPPDLL 2025-11-27 00:56:26.344978 - Epoch: 0 Iteration: 61  rank : 0  train.loss : 6.970546722412109  train.ips : 237974.695035461 imgs/s train.total_time : 6.723403930664062e-05
TCAPPDLL 2025-11-27 00:56:27.015742 - Epoch: 0 Iteration: 62  rank : 0  train.loss : 7.075766563415527  train.ips : 127341.29791271347 imgs/s train.total_time : 0.00012564659118652344
TCAPPDLL 2025-11-27 00:56:27.070194 - Epoch: 0 Iteration: 63  rank : 0  train.loss : 7.0272603034973145  train.ips : 183859.90136986302 imgs/s train.total_time : 8.702278137207031e-05
TCAPPDLL 2025-11-27 00:56:27.116237 - Epoch: 0 Iteration: 64  rank : 0  train.loss : 6.893333911895752  train.ips : 194518.4463768116 imgs/s train.total_time : 8.225440979003906e-05
TCAPPDLL 2025-11-27 00:56:27.164651 - Epoch: 0 Iteration: 65  rank : 0  train.loss : 7.07432222366333  train.ips : 181866.84010840108 imgs/s train.total_time : 8.797645568847656e-05
TCAPPDLL 2025-11-27 00:56:27.744806 - Epoch: 0 Iteration: 66  rank : 0  train.loss : 6.750609874725342  train.ips : 185897.13019390582 imgs/s train.total_time : 8.606910705566406e-05
TCAPPDLL 2025-11-27 00:56:27.782360 - Epoch: 0 Iteration: 67  rank : 0  train.loss : 6.913250923156738  train.ips : 199136.09495548962 imgs/s train.total_time : 8.034706115722656e-05
TCAPPDLL 2025-11-27 00:56:27.819534 - Epoch: 0 Iteration: 68  rank : 0  train.loss : 6.8891282081604  train.ips : 192289.00859598853 imgs/s train.total_time : 8.320808410644531e-05
TCAPPDLL 2025-11-27 00:56:27.858519 - Epoch: 0 Iteration: 69  rank : 0  train.loss : 6.95793342590332  train.ips : 227487.67457627118 imgs/s train.total_time : 7.033348083496094e-05
TCAPPDLL 2025-11-27 00:56:28.305156 - Epoch: 0 Iteration: 70  rank : 0  train.loss : 7.1183295249938965  train.ips : 187980.0112044818 imgs/s train.total_time : 8.511543273925781e-05
TCAPPDLL 2025-11-27 00:56:28.346001 - Epoch: 0 Iteration: 71  rank : 0  train.loss : 7.144482612609863  train.ips : 186932.7688022284 imgs/s train.total_time : 8.559226989746094e-05
TCAPPDLL 2025-11-27 00:56:28.388098 - Epoch: 0 Iteration: 72  rank : 0  train.loss : 6.973529815673828  train.ips : 228261.44217687074 imgs/s train.total_time : 7.009506225585938e-05
TCAPPDLL 2025-11-27 00:56:28.433559 - Epoch: 0 Iteration: 73  rank : 0  train.loss : 6.912220478057861  train.ips : 225197.53020134228 imgs/s train.total_time : 7.104873657226562e-05
TCAPPDLL 2025-11-27 00:56:28.999434 - Epoch: 0 Iteration: 74  rank : 0  train.loss : 6.9243388175964355  train.ips : 225197.53020134228 imgs/s train.total_time : 7.104873657226562e-05
TCAPPDLL 2025-11-27 00:56:29.046720 - Epoch: 0 Iteration: 75  rank : 0  train.loss : 6.872580528259277  train.ips : 212369.82278481012 imgs/s train.total_time : 7.534027099609375e-05
TCAPPDLL 2025-11-27 00:56:29.093892 - Epoch: 0 Iteration: 76  rank : 0  train.loss : 6.902318954467773  train.ips : 200924.74251497007 imgs/s train.total_time : 7.963180541992188e-05
TCAPPDLL 2025-11-27 00:56:29.138807 - Epoch: 0 Iteration: 77  rank : 0  train.loss : 6.8823137283325195  train.ips : 183859.90136986302 imgs/s train.total_time : 8.702278137207031e-05
TCAPPDLL 2025-11-27 00:56:29.562673 - Epoch: 0 Iteration: 78  rank : 0  train.loss : 7.102450847625732  train.ips : 209715.2 imgs/s train.total_time : 7.62939453125e-05
TCAPPDLL 2025-11-27 00:56:29.605638 - Epoch: 0 Iteration: 79  rank : 0  train.loss : 7.019618988037109  train.ips : 175677.6544502618 imgs/s train.total_time : 9.107589721679688e-05
TCAPPDLL 2025-11-27 00:56:29.655366 - Epoch: 0 Iteration: 80  rank : 0  train.loss : 7.105319023132324  train.ips : 183859.90136986302 imgs/s train.total_time : 8.702278137207031e-05
TCAPPDLL 2025-11-27 00:56:29.702338 - Epoch: 0 Iteration: 81  rank : 0  train.loss : 7.0662360191345215  train.ips : 191739.61142857143 imgs/s train.total_time : 8.344650268554688e-05
TCAPPDLL 2025-11-27 00:56:30.435302 - Epoch: 0 Iteration: 82  rank : 0  train.loss : 6.937196254730225  train.ips : 217180.78964401296 imgs/s train.total_time : 7.367134094238281e-05
TCAPPDLL 2025-11-27 00:56:30.485313 - Epoch: 0 Iteration: 83  rank : 0  train.loss : 6.941983699798584  train.ips : 211699.88643533122 imgs/s train.total_time : 7.557868957519531e-05
TCAPPDLL 2025-11-27 00:56:30.533312 - Epoch: 0 Iteration: 84  rank : 0  train.loss : 6.977741718292236  train.ips : 168615.23618090453 imgs/s train.total_time : 9.489059448242188e-05
TCAPPDLL 2025-11-27 00:56:30.578012 - Epoch: 0 Iteration: 85  rank : 0  train.loss : 6.992895126342773  train.ips : 207126.1234567901 imgs/s train.total_time : 7.724761962890625e-05
TCAPPDLL 2025-11-27 00:56:31.082233 - Epoch: 0 Iteration: 86  rank : 0  train.loss : 7.161767482757568  train.ips : 217885.9220779221 imgs/s train.total_time : 7.343292236328125e-05
TCAPPDLL 2025-11-27 00:56:31.123360 - Epoch: 0 Iteration: 87  rank : 0  train.loss : 6.966513156890869  train.ips : 199136.09495548962 imgs/s train.total_time : 8.034706115722656e-05
TCAPPDLL 2025-11-27 00:56:31.162649 - Epoch: 0 Iteration: 88  rank : 0  train.loss : 6.913377285003662  train.ips : 206488.8123076923 imgs/s train.total_time : 7.748603820800781e-05
TCAPPDLL 2025-11-27 00:56:31.201132 - Epoch: 0 Iteration: 89  rank : 0  train.loss : 6.99000358581543  train.ips : 209061.8816199377 imgs/s train.total_time : 7.653236389160156e-05
TCAPPDLL 2025-11-27 00:56:31.732990 - Epoch: 0 Iteration: 90  rank : 0  train.loss : 6.939185619354248  train.ips : 179916.5254691689 imgs/s train.total_time : 8.893013000488281e-05
TCAPPDLL 2025-11-27 00:56:31.795693 - Epoch: 0 Iteration: 91  rank : 0  train.loss : 6.942729949951172  train.ips : 119837.25714285714 imgs/s train.total_time : 0.000133514404296875
TCAPPDLL 2025-11-27 00:56:31.850811 - Epoch: 0 Iteration: 92  rank : 0  train.loss : 6.955784797668457  train.ips : 158275.62264150943 imgs/s train.total_time : 0.0001010894775390625
TCAPPDLL 2025-11-27 00:56:31.897575 - Epoch: 0 Iteration: 93  rank : 0  train.loss : 7.070684909820557  train.ips : 179435.4652406417 imgs/s train.total_time : 8.916854858398438e-05
TCAPPDLL 2025-11-27 00:56:32.589575 - Epoch: 0 Iteration: 94  rank : 0  train.loss : 6.870058059692383  train.ips : 165700.8987654321 imgs/s train.total_time : 9.655952453613281e-05
TCAPPDLL 2025-11-27 00:56:32.631691 - Epoch: 0 Iteration: 95  rank : 0  train.loss : 6.963962554931641  train.ips : 194518.4463768116 imgs/s train.total_time : 8.225440979003906e-05
TCAPPDLL 2025-11-27 00:56:32.669522 - Epoch: 0 Iteration: 96  rank : 0  train.loss : 6.933450698852539  train.ips : 220029.06229508197 imgs/s train.total_time : 7.271766662597656e-05
TCAPPDLL 2025-11-27 00:56:32.706033 - Epoch: 0 Iteration: 97  rank : 0  train.loss : 6.832300186157227  train.ips : 224444.36120401337 imgs/s train.total_time : 7.128715515136719e-05
TCAPPDLL 2025-11-27 00:56:33.382444 - Epoch: 0 Iteration: 98  rank : 0  train.loss : 7.084299087524414  train.ips : 184365.010989011 imgs/s train.total_time : 8.678436279296875e-05
TCAPPDLL 2025-11-27 00:56:33.425091 - Epoch: 0 Iteration: 99  rank : 0  train.loss : 7.017005920410156  train.ips : 193397.30259365993 imgs/s train.total_time : 8.273124694824219e-05
TCAPPDLL 2025-11-27 00:56:33.472692 - Epoch: 0 Iteration: 100  rank : 0  train.loss : 6.914918899536133  train.ips : 214405.3162939297 imgs/s train.total_time : 7.462501525878906e-05
TCAPPDLL 2025-11-27 00:56:33.513159 - Epoch: 0 Iteration: 101  rank : 0  train.loss : 7.026573181152344  train.ips : 229824.87671232875 imgs/s train.total_time : 6.961822509765625e-05
TCAPPDLL 2025-11-27 00:56:34.038336 - Epoch: 0 Iteration: 102  rank : 0  train.loss : 6.767090797424316  train.ips : 102456.28091603053 imgs/s train.total_time : 0.00015616416931152344
TCAPPDLL 2025-11-27 00:56:34.100053 - Epoch: 0 Iteration: 103  rank : 0  train.loss : 7.067438125610352  train.ips : 158275.62264150943 imgs/s train.total_time : 0.0001010894775390625
TCAPPDLL 2025-11-27 00:56:34.157715 - Epoch: 0 Iteration: 104  rank : 0  train.loss : 6.929491996765137  train.ips : 215784.12861736334 imgs/s train.total_time : 7.414817810058594e-05
TCAPPDLL 2025-11-27 00:56:34.203824 - Epoch: 0 Iteration: 105  rank : 0  train.loss : 6.982964992523193  train.ips : 213044.0126984127 imgs/s train.total_time : 7.510185241699219e-05
TCAPPDLL 2025-11-27 00:56:34.489271 - Epoch: 0 Iteration: 106  rank : 0  train.loss : 7.049853324890137  train.ips : 145888.8347826087 imgs/s train.total_time : 0.00010967254638671875
TCAPPDLL 2025-11-27 00:56:34.536005 - Epoch: 0 Iteration: 107  rank : 0  train.loss : 7.081506729125977  train.ips : 169895.8582278481 imgs/s train.total_time : 9.417533874511719e-05
TCAPPDLL 2025-11-27 00:56:34.742590 - Epoch: 0 Iteration: 108  rank : 0  train.loss : 6.973879814147949  train.ips : 119623.64349376113 imgs/s train.total_time : 0.00013375282287597656
TCAPPDLL 2025-11-27 00:56:34.798270 - Epoch: 0 Iteration: 109  rank : 0  train.loss : 6.908688068389893  train.ips : 197379.01176470588 imgs/s train.total_time : 8.106231689453125e-05
TCAPPDLL 2025-11-27 00:56:35.068340 - Epoch: 0 Iteration: 110  rank : 0  train.loss : 6.9340691566467285  train.ips : 113936.95076400679 imgs/s train.total_time : 0.0001404285430908203
TCAPPDLL 2025-11-27 00:56:35.136014 - Epoch: 0 Iteration: 111  rank : 0  train.loss : 7.195637226104736  train.ips : 157532.54460093897 imgs/s train.total_time : 0.00010156631469726562
TCAPPDLL 2025-11-27 00:56:35.327943 - Epoch: 0 Iteration: 112  rank : 0  train.loss : 7.0360941886901855  train.ips : 169039.959697733 imgs/s train.total_time : 9.465217590332031e-05
TCAPPDLL 2025-11-27 00:56:35.370660 - Epoch: 0 Iteration: 113  rank : 0  train.loss : 7.184493064880371  train.ips : 194518.4463768116 imgs/s train.total_time : 8.225440979003906e-05
TCAPPDLL 2025-11-27 00:56:35.558543 - Epoch: 0 Iteration: 114  rank : 0  train.loss : 6.86733865737915  train.ips : 119410.79003558718 imgs/s train.total_time : 0.00013399124145507812
TCAPPDLL 2025-11-27 00:56:36.025226 - Epoch: 0 Iteration: 115  rank : 0  train.loss : 7.035645484924316  train.ips : 174308.73766233766 imgs/s train.total_time : 9.179115295410156e-05
TCAPPDLL 2025-11-27 00:56:36.077693 - Epoch: 0 Iteration: 116  rank : 0  train.loss : 6.876521587371826  train.ips : 166937.47263681592 imgs/s train.total_time : 9.584426879882812e-05
TCAPPDLL 2025-11-27 00:56:36.124977 - Epoch: 0 Iteration: 117  rank : 0  train.loss : 7.001405715942383  train.ips : 193956.2543352601 imgs/s train.total_time : 8.249282836914062e-05
TCAPPDLL 2025-11-27 00:56:36.164780 - Epoch: 0 Iteration: 118  rank : 0  train.loss : 6.995319366455078  train.ips : 205225.88379204893 imgs/s train.total_time : 7.796287536621094e-05
TCAPPDLL 2025-11-27 00:56:36.601507 - Epoch: 0 Iteration: 119  rank : 0  train.loss : 7.152536392211914  train.ips : 189573.06214689265 imgs/s train.total_time : 8.440017700195312e-05
TCAPPDLL 2025-11-27 00:56:36.655341 - Epoch: 0 Iteration: 120  rank : 0  train.loss : 7.031798362731934  train.ips : 156796.41121495326 imgs/s train.total_time : 0.00010204315185546875
TCAPPDLL 2025-11-27 00:56:36.707783 - Epoch: 0 Iteration: 121  rank : 0  train.loss : 7.009972095489502  train.ips : 215784.12861736334 imgs/s train.total_time : 7.414817810058594e-05
TCAPPDLL 2025-11-27 00:56:36.756106 - Epoch: 0 Iteration: 122  rank : 0  train.loss : 6.886056900024414  train.ips : 212369.82278481012 imgs/s train.total_time : 7.534027099609375e-05
TCAPPDLL 2025-11-27 00:56:37.038943 - Epoch: 0 Iteration: 123  rank : 0  train.loss : 6.935924053192139  train.ips : 131586.00784313725 imgs/s train.total_time : 0.00012159347534179688
TCAPPDLL 2025-11-27 00:56:37.352537 - Epoch: 0 Iteration: 124  rank : 0  train.loss : 6.987975597381592  train.ips : 173407.9173126615 imgs/s train.total_time : 9.226799011230469e-05
TCAPPDLL 2025-11-27 00:56:37.388000 - Epoch: 0 Iteration: 125  rank : 0  train.loss : 6.909502029418945  train.ips : 224444.36120401337 imgs/s train.total_time : 7.128715515136719e-05
TCAPPDLL 2025-11-27 00:56:37.430204 - Epoch: 0 Iteration: 126  rank : 0  train.loss : 6.952838897705078  train.ips : 236298.81690140846 imgs/s train.total_time : 6.771087646484375e-05
TCAPPDLL 2025-11-27 00:56:37.698018 - Epoch: 0 Iteration: 127  rank : 0  train.loss : 7.129250526428223  train.ips : 208412.6211180124 imgs/s train.total_time : 7.677078247070312e-05
TCAPPDLL 2025-11-27 00:56:37.841146 - Epoch: 0 Iteration: 128  rank : 0  train.loss : 7.119085311889648  train.ips : 150131.68680089485 imgs/s train.total_time : 0.00010657310485839844
TCAPPDLL 2025-11-27 00:56:37.905392 - Epoch: 0 Iteration: 129  rank : 0  train.loss : 6.944425106048584  train.ips : 213044.0126984127 imgs/s train.total_time : 7.510185241699219e-05
TCAPPDLL 2025-11-27 00:56:37.943440 - Epoch: 0 Iteration: 130  rank : 0  train.loss : 7.035080909729004  train.ips : 224444.36120401337 imgs/s train.total_time : 7.128715515136719e-05
TCAPPDLL 2025-11-27 00:56:38.358757 - Epoch: 0 Iteration: 131  rank : 0  train.loss : 6.942173004150391  train.ips : 192841.5632183908 imgs/s train.total_time : 8.296966552734375e-05
TCAPPDLL 2025-11-27 00:56:38.442346 - Epoch: 0 Iteration: 132  rank : 0  train.loss : 7.090747833251953  train.ips : 161319.38461538462 imgs/s train.total_time : 9.918212890625e-05
TCAPPDLL 2025-11-27 00:56:38.493795 - Epoch: 0 Iteration: 133  rank : 0  train.loss : 6.8260674476623535  train.ips : 208412.6211180124 imgs/s train.total_time : 7.677078247070312e-05
TCAPPDLL 2025-11-27 00:56:38.537442 - Epoch: 0 Iteration: 134  rank : 0  train.loss : 7.013319492340088  train.ips : 210372.6144200627 imgs/s train.total_time : 7.605552673339844e-05
TCAPPDLL 2025-11-27 00:56:39.036778 - Epoch: 0 Iteration: 135  rank : 0  train.loss : 6.822701454162598  train.ips : 127826.40761904762 imgs/s train.total_time : 0.0001251697540283203
TCAPPDLL 2025-11-27 00:56:39.098225 - Epoch: 0 Iteration: 136  rank : 0  train.loss : 7.254685401916504  train.ips : 150131.68680089485 imgs/s train.total_time : 0.00010657310485839844
TCAPPDLL 2025-11-27 00:56:39.151978 - Epoch: 0 Iteration: 137  rank : 0  train.loss : 6.873634338378906  train.ips : 173857.16062176166 imgs/s train.total_time : 9.202957153320312e-05
TCAPPDLL 2025-11-27 00:56:39.204115 - Epoch: 0 Iteration: 138  rank : 0  train.loss : 7.00820779800415  train.ips : 136123.45638945233 imgs/s train.total_time : 0.00011754035949707031
TCAPPDLL 2025-11-27 00:56:39.791801 - Epoch: 0 Iteration: 139  rank : 0  train.loss : 6.888864517211914  train.ips : 181866.84010840108 imgs/s train.total_time : 8.797645568847656e-05
TCAPPDLL 2025-11-27 00:56:39.838909 - Epoch: 0 Iteration: 140  rank : 0  train.loss : 7.0969157218933105  train.ips : 187454.92737430168 imgs/s train.total_time : 8.535385131835938e-05
TCAPPDLL 2025-11-27 00:56:39.885478 - Epoch: 0 Iteration: 141  rank : 0  train.loss : 7.134289264678955  train.ips : 180886.4258760108 imgs/s train.total_time : 8.845329284667969e-05
TCAPPDLL 2025-11-27 00:56:39.929614 - Epoch: 0 Iteration: 142  rank : 0  train.loss : 6.9985761642456055  train.ips : 184872.90358126722 imgs/s train.total_time : 8.654594421386719e-05
TCAPPDLL 2025-11-27 00:56:40.318548 - Epoch: 0 Iteration: 143  rank : 0  train.loss : 7.091052055358887  train.ips : 137518.16393442624 imgs/s train.total_time : 0.0001163482666015625
TCAPPDLL 2025-11-27 00:56:40.376173 - Epoch: 0 Iteration: 144  rank : 0  train.loss : 7.035855770111084  train.ips : 140395.11297071129 imgs/s train.total_time : 0.00011396408081054688
TCAPPDLL 2025-11-27 00:56:40.435649 - Epoch: 0 Iteration: 145  rank : 0  train.loss : 7.004929065704346  train.ips : 112598.76510067114 imgs/s train.total_time : 0.00014209747314453125
TCAPPDLL 2025-11-27 00:56:40.489666 - Epoch: 0 Iteration: 146  rank : 0  train.loss : 6.951873779296875  train.ips : 138941.7474120083 imgs/s train.total_time : 0.00011515617370605469
TCAPPDLL 2025-11-27 00:56:40.951561 - Epoch: 0 Iteration: 147  rank : 0  train.loss : 7.070068359375  train.ips : 163680.15609756098 imgs/s train.total_time : 9.775161743164062e-05
TCAPPDLL 2025-11-27 00:56:40.994088 - Epoch: 0 Iteration: 148  rank : 0  train.loss : 6.986494064331055  train.ips : 187980.0112044818 imgs/s train.total_time : 8.511543273925781e-05
TCAPPDLL 2025-11-27 00:56:41.035967 - Epoch: 0 Iteration: 149  rank : 0  train.loss : 6.975675582885742  train.ips : 185383.60220994474 imgs/s train.total_time : 8.630752563476562e-05
TCAPPDLL 2025-11-27 00:56:41.074396 - Epoch: 0 Iteration: 150  rank : 0  train.loss : 7.110548973083496  train.ips : 168192.64160401002 imgs/s train.total_time : 9.512901306152344e-05
TCAPPDLL 2025-11-27 00:56:41.414487 - Epoch: 0 Iteration: 151  rank : 0  train.loss : 7.022552967071533  train.ips : 158275.62264150943 imgs/s train.total_time : 0.0001010894775390625
TCAPPDLL 2025-11-27 00:56:41.511059 - Epoch: 0 Iteration: 152  rank : 0  train.loss : 6.976104736328125  train.ips : 170327.0659898477 imgs/s train.total_time : 9.393692016601562e-05
TCAPPDLL 2025-11-27 00:56:41.559167 - Epoch: 0 Iteration: 153  rank : 0  train.loss : 7.1531081199646  train.ips : 164886.64373464373 imgs/s train.total_time : 9.703636169433594e-05
TCAPPDLL 2025-11-27 00:56:41.607326 - Epoch: 0 Iteration: 154  rank : 0  train.loss : 6.968066215515137  train.ips : 168192.64160401002 imgs/s train.total_time : 9.512901306152344e-05
TCAPPDLL 2025-11-27 00:56:42.043468 - Epoch: 0 Iteration: 155  rank : 0  train.loss : 6.902768135070801  train.ips : 181866.84010840108 imgs/s train.total_time : 8.797645568847656e-05
TCAPPDLL 2025-11-27 00:56:42.207042 - Epoch: 0 Iteration: 156  rank : 0  train.loss : 6.8991289138793945  train.ips : 139810.13333333333 imgs/s train.total_time : 0.00011444091796875
TCAPPDLL 2025-11-27 00:56:42.246254 - Epoch: 0 Iteration: 157  rank : 0  train.loss : 7.03290319442749  train.ips : 195652.66472303207 imgs/s train.total_time : 8.177757263183594e-05
TCAPPDLL 2025-11-27 00:56:42.290651 - Epoch: 0 Iteration: 158  rank : 0  train.loss : 6.98239278793335  train.ips : 217885.9220779221 imgs/s train.total_time : 7.343292236328125e-05
TCAPPDLL 2025-11-27 00:56:42.946009 - Epoch: 0 Iteration: 159  rank : 0  train.loss : 6.962282180786133  train.ips : 196800.18768328446 imgs/s train.total_time : 8.130073547363281e-05
TCAPPDLL 2025-11-27 00:56:43.042258 - Epoch: 0 Iteration: 160  rank : 0  train.loss : 6.980103015899658  train.ips : 184872.90358126722 imgs/s train.total_time : 8.654594421386719e-05
TCAPPDLL 2025-11-27 00:56:43.089758 - Epoch: 0 Iteration: 161  rank : 0  train.loss : 7.124821662902832  train.ips : 170327.0659898477 imgs/s train.total_time : 9.393692016601562e-05
TCAPPDLL 2025-11-27 00:56:43.137732 - Epoch: 0 Iteration: 162  rank : 0  train.loss : 6.96034574508667  train.ips : 173407.9173126615 imgs/s train.total_time : 9.226799011230469e-05
TCAPPDLL 2025-11-27 00:56:43.439350 - Epoch: 0 Iteration: 163  rank : 0  train.loss : 7.036379814147949  train.ips : 220029.06229508197 imgs/s train.total_time : 7.271766662597656e-05
TCAPPDLL 2025-11-27 00:56:43.797037 - Epoch: 0 Iteration: 164  rank : 0  train.loss : 7.023373603820801  train.ips : 126144.48120300751 imgs/s train.total_time : 0.00012683868408203125
TCAPPDLL 2025-11-27 00:56:43.858822 - Epoch: 0 Iteration: 165  rank : 0  train.loss : 7.019733905792236  train.ips : 149796.57142857142 imgs/s train.total_time : 0.0001068115234375
TCAPPDLL 2025-11-27 00:56:43.920223 - Epoch: 0 Iteration: 166  rank : 0  train.loss : 7.072823524475098  train.ips : 157903.2094117647 imgs/s train.total_time : 0.00010132789611816406
