Training with a single process on 1 device (cuda).
Model mobilevit_s created, param count:5578632
Data processing configuration for current model + dataset:
	input_size: (3, 256, 256)
	interpolation: bicubic
	mean: (0.0, 0.0, 0.0)
	std: (1.0, 1.0, 1.0)
	crop_pct: 0.9
	crop_mode: center
Created SGD (sgd) optimizer: lr: 0.4, momentum: 0.9, dampening: 0, weight_decay: 2e-05, nesterov: True, maximize: False, foreach: None, differentiable: False, fused: None
Using native Torch AMP. Training in mixed precision.
Scheduled epochs: 2 (epochs + cooldown_epochs). Warmup within epochs when warmup_prefix=False. LR stepped per epoch.
TCAPPDLL 2025-11-24 09:10:00.496959 - Epoch: 0 Iteration: 0  rank : 0  train.loss : 6.9112138748168945  train.ips : 182361.04347826086 imgs/s train.total_time : 8.7738037109375e-05
TCAPPDLL 2025-11-24 09:10:00.549643 - Epoch: 0 Iteration: 1  rank : 0  train.loss : 6.906302452087402  train.ips : 229040.4914675768 imgs/s train.total_time : 6.985664367675781e-05
TCAPPDLL 2025-11-24 09:10:00.585029 - Epoch: 0 Iteration: 2  rank : 0  train.loss : 6.8983564376831055  train.ips : 195652.66472303207 imgs/s train.total_time : 8.177757263183594e-05
TCAPPDLL 2025-11-24 09:10:00.622861 - Epoch: 0 Iteration: 3  rank : 0  train.loss : 6.90408992767334  train.ips : 202745.81268882175 imgs/s train.total_time : 7.891654968261719e-05
TCAPPDLL 2025-11-24 09:10:00.658223 - Epoch: 0 Iteration: 4  rank : 0  train.loss : 6.899644374847412  train.ips : 199136.09495548962 imgs/s train.total_time : 8.034706115722656e-05
TCAPPDLL 2025-11-24 09:10:00.694113 - Epoch: 0 Iteration: 5  rank : 0  train.loss : 6.899324417114258  train.ips : 195083.90697674418 imgs/s train.total_time : 8.20159912109375e-05
TCAPPDLL 2025-11-24 09:10:00.732384 - Epoch: 0 Iteration: 6  rank : 0  train.loss : 6.916746139526367  train.ips : 179435.4652406417 imgs/s train.total_time : 8.916854858398438e-05
TCAPPDLL 2025-11-24 09:10:00.771012 - Epoch: 0 Iteration: 7  rank : 0  train.loss : 6.884677410125732  train.ips : 175218.96605744126 imgs/s train.total_time : 9.131431579589844e-05
TCAPPDLL 2025-11-24 09:10:00.810591 - Epoch: 0 Iteration: 8  rank : 0  train.loss : 6.897804260253906  train.ips : 179916.5254691689 imgs/s train.total_time : 8.893013000488281e-05
TCAPPDLL 2025-11-24 09:10:01.386035 - Epoch: 0 Iteration: 9  rank : 0  train.loss : 6.917454719543457  train.ips : 170327.0659898477 imgs/s train.total_time : 9.393692016601562e-05
TCAPPDLL 2025-11-24 09:10:01.430029 - Epoch: 0 Iteration: 10  rank : 0  train.loss : 6.908483982086182  train.ips : 166937.47263681592 imgs/s train.total_time : 9.584426879882812e-05
TCAPPDLL 2025-11-24 09:10:01.475378 - Epoch: 0 Iteration: 11  rank : 0  train.loss : 6.918101787567139  train.ips : 168192.64160401002 imgs/s train.total_time : 9.512901306152344e-05
TCAPPDLL 2025-11-24 09:10:01.610127 - Epoch: 0 Iteration: 12  rank : 0  train.loss : 6.890995979309082  train.ips : 138084.08230452676 imgs/s train.total_time : 0.00011587142944335938
TCAPPDLL 2025-11-24 09:10:02.261452 - Epoch: 0 Iteration: 13  rank : 0  train.loss : 6.916847229003906  train.ips : 121794.67150635208 imgs/s train.total_time : 0.00013136863708496094
TCAPPDLL 2025-11-24 09:10:02.320529 - Epoch: 0 Iteration: 14  rank : 0  train.loss : 6.896732330322266  train.ips : 127341.29791271347 imgs/s train.total_time : 0.00012564659118652344
TCAPPDLL 2025-11-24 09:10:02.378622 - Epoch: 0 Iteration: 15  rank : 0  train.loss : 6.908749103546143  train.ips : 149462.94877505567 imgs/s train.total_time : 0.00010704994201660156
TCAPPDLL 2025-11-24 09:10:02.692332 - Epoch: 0 Iteration: 16  rank : 0  train.loss : 6.942229270935059  train.ips : 161319.38461538462 imgs/s train.total_time : 9.918212890625e-05
TCAPPDLL 2025-11-24 09:10:03.282651 - Epoch: 0 Iteration: 17  rank : 0  train.loss : 6.90083122253418  train.ips : 86258.17994858611 imgs/s train.total_time : 0.00018548965454101562
TCAPPDLL 2025-11-24 09:10:03.349679 - Epoch: 0 Iteration: 18  rank : 0  train.loss : 6.929526329040527  train.ips : 143702.0642398287 imgs/s train.total_time : 0.00011134147644042969
TCAPPDLL 2025-11-24 09:10:03.410647 - Epoch: 0 Iteration: 19  rank : 0  train.loss : 6.922410488128662  train.ips : 143089.26226012793 imgs/s train.total_time : 0.00011181831359863281
TCAPPDLL 2025-11-24 09:10:04.001553 - Epoch: 0 Iteration: 20  rank : 0  train.loss : 6.916451454162598  train.ips : 169466.8282828283 imgs/s train.total_time : 9.441375732421875e-05
TCAPPDLL 2025-11-24 09:10:04.434727 - Epoch: 0 Iteration: 21  rank : 0  train.loss : 6.902563095092773  train.ips : 185897.13019390582 imgs/s train.total_time : 8.606910705566406e-05
TCAPPDLL 2025-11-24 09:10:04.522317 - Epoch: 0 Iteration: 22  rank : 0  train.loss : 6.919079780578613  train.ips : 143089.26226012793 imgs/s train.total_time : 0.00011181831359863281
TCAPPDLL 2025-11-24 09:10:04.574023 - Epoch: 0 Iteration: 23  rank : 0  train.loss : 6.906842231750488  train.ips : 171196.08163265305 imgs/s train.total_time : 9.34600830078125e-05
TCAPPDLL 2025-11-24 09:10:04.807076 - Epoch: 0 Iteration: 24  rank : 0  train.loss : 6.9231276512146  train.ips : 110740.699669967 imgs/s train.total_time : 0.00014448165893554688
TCAPPDLL 2025-11-24 09:10:05.331535 - Epoch: 0 Iteration: 25  rank : 0  train.loss : 6.908040523529053  train.ips : 150806.4359550562 imgs/s train.total_time : 0.00010609626770019531
TCAPPDLL 2025-11-24 09:10:05.429422 - Epoch: 0 Iteration: 26  rank : 0  train.loss : 6.905122756958008  train.ips : 183357.5519125683 imgs/s train.total_time : 8.726119995117188e-05
TCAPPDLL 2025-11-24 09:10:05.469245 - Epoch: 0 Iteration: 27  rank : 0  train.loss : 6.883994102478027  train.ips : 251344.05992509364 imgs/s train.total_time : 6.365776062011719e-05
TCAPPDLL 2025-11-24 09:10:05.561986 - Epoch: 0 Iteration: 28  rank : 0  train.loss : 6.906828880310059  train.ips : 180886.4258760108 imgs/s train.total_time : 8.845329284667969e-05
TCAPPDLL 2025-11-24 09:10:06.197708 - Epoch: 0 Iteration: 29  rank : 0  train.loss : 6.9051103591918945  train.ips : 169039.959697733 imgs/s train.total_time : 9.465217590332031e-05
TCAPPDLL 2025-11-24 09:10:06.289297 - Epoch: 0 Iteration: 30  rank : 0  train.loss : 6.900651931762695  train.ips : 128807.80038387715 imgs/s train.total_time : 0.00012421607971191406
TCAPPDLL 2025-11-24 09:10:06.345648 - Epoch: 0 Iteration: 31  rank : 0  train.loss : 6.920498847961426  train.ips : 154273.25057471264 imgs/s train.total_time : 0.00010371208190917969
TCAPPDLL 2025-11-24 09:10:06.804611 - Epoch: 0 Iteration: 32  rank : 0  train.loss : 6.9156389236450195  train.ips : 185383.60220994474 imgs/s train.total_time : 8.630752563476562e-05
TCAPPDLL 2025-11-24 09:10:07.232108 - Epoch: 0 Iteration: 33  rank : 0  train.loss : 6.887571334838867  train.ips : 177068.24274406332 imgs/s train.total_time : 9.036064147949219e-05
TCAPPDLL 2025-11-24 09:10:07.522053 - Epoch: 0 Iteration: 34  rank : 0  train.loss : 6.899604797363281  train.ips : 108766.39222042139 imgs/s train.total_time : 0.00014710426330566406
TCAPPDLL 2025-11-24 09:10:07.575461 - Epoch: 0 Iteration: 35  rank : 0  train.loss : 6.900276184082031  train.ips : 205225.88379204893 imgs/s train.total_time : 7.796287536621094e-05
TCAPPDLL 2025-11-24 09:10:07.640308 - Epoch: 0 Iteration: 36  rank : 0  train.loss : 6.899928092956543  train.ips : 200324.9671641791 imgs/s train.total_time : 7.987022399902344e-05
TCAPPDLL 2025-11-24 09:10:07.780368 - Epoch: 0 Iteration: 37  rank : 0  train.loss : 6.895964622497559  train.ips : 146846.5295404814 imgs/s train.total_time : 0.00010895729064941406
TCAPPDLL 2025-11-24 09:10:08.250611 - Epoch: 0 Iteration: 38  rank : 0  train.loss : 6.893656253814697  train.ips : 130308.47378640776 imgs/s train.total_time : 0.0001227855682373047
TCAPPDLL 2025-11-24 09:10:08.311819 - Epoch: 0 Iteration: 39  rank : 0  train.loss : 6.905892372131348  train.ips : 92691.80110497237 imgs/s train.total_time : 0.00017261505126953125
TCAPPDLL 2025-11-24 09:10:08.398469 - Epoch: 0 Iteration: 40  rank : 0  train.loss : 6.8991923332214355  train.ips : 133417.22465208746 imgs/s train.total_time : 0.00011992454528808594
TCAPPDLL 2025-11-24 09:10:08.476862 - Epoch: 0 Iteration: 41  rank : 0  train.loss : 6.899962902069092  train.ips : 160164.35322195705 imgs/s train.total_time : 9.989738464355469e-05
TCAPPDLL 2025-11-24 09:10:08.945571 - Epoch: 0 Iteration: 42  rank : 0  train.loss : 6.887413024902344  train.ips : 96838.18759018759 imgs/s train.total_time : 0.0001652240753173828
TCAPPDLL 2025-11-24 09:10:09.000805 - Epoch: 0 Iteration: 43  rank : 0  train.loss : 6.9192914962768555  train.ips : 170760.46819338424 imgs/s train.total_time : 9.369850158691406e-05
TCAPPDLL 2025-11-24 09:10:09.150514 - Epoch: 0 Iteration: 44  rank : 0  train.loss : 6.882746696472168  train.ips : 153216.58447488584 imgs/s train.total_time : 0.00010442733764648438
TCAPPDLL 2025-11-24 09:10:09.850846 - Epoch: 0 Iteration: 45  rank : 0  train.loss : 6.897377967834473  train.ips : 139519.46777546778 imgs/s train.total_time : 0.00011467933654785156
TCAPPDLL 2025-11-24 09:10:10.227189 - Epoch: 0 Iteration: 46  rank : 0  train.loss : 6.914309501647949  train.ips : 179916.5254691689 imgs/s train.total_time : 8.893013000488281e-05
TCAPPDLL 2025-11-24 09:10:10.266231 - Epoch: 0 Iteration: 47  rank : 0  train.loss : 6.895522594451904  train.ips : 179916.5254691689 imgs/s train.total_time : 8.893013000488281e-05
TCAPPDLL 2025-11-24 09:10:10.302803 - Epoch: 0 Iteration: 48  rank : 0  train.loss : 6.886787414550781  train.ips : 192841.5632183908 imgs/s train.total_time : 8.296966552734375e-05
TCAPPDLL 2025-11-24 09:10:10.340299 - Epoch: 0 Iteration: 49  rank : 0  train.loss : 6.936366558074951  train.ips : 187980.0112044818 imgs/s train.total_time : 8.511543273925781e-05
TCAPPDLL 2025-11-24 09:10:10.779328 - Epoch: 0 Iteration: 50  rank : 0  train.loss : 6.905970573425293  train.ips : 150468.30493273542 imgs/s train.total_time : 0.00010633468627929688
TCAPPDLL 2025-11-24 09:10:10.819418 - Epoch: 0 Iteration: 51  rank : 0  train.loss : 6.927615642547607  train.ips : 142784.8170212766 imgs/s train.total_time : 0.00011205673217773438
TCAPPDLL 2025-11-24 09:10:10.907170 - Epoch: 0 Iteration: 52  rank : 0  train.loss : 6.89852237701416  train.ips : 178956.97066666666 imgs/s train.total_time : 8.940696716308594e-05
TCAPPDLL 2025-11-24 09:10:10.942606 - Epoch: 0 Iteration: 53  rank : 0  train.loss : 6.921273708343506  train.ips : 182857.9400544959 imgs/s train.total_time : 8.749961853027344e-05
TCAPPDLL 2025-11-24 09:10:11.510072 - Epoch: 0 Iteration: 54  rank : 0  train.loss : 6.877951622009277  train.ips : 164080.3520782396 imgs/s train.total_time : 9.751319885253906e-05
TCAPPDLL 2025-11-24 09:10:11.560094 - Epoch: 0 Iteration: 55  rank : 0  train.loss : 6.9059858322143555  train.ips : 116508.44444444444 imgs/s train.total_time : 0.0001373291015625
TCAPPDLL 2025-11-24 09:10:11.663502 - Epoch: 0 Iteration: 56  rank : 0  train.loss : 6.909096717834473  train.ips : 153919.4128440367 imgs/s train.total_time : 0.00010395050048828125
TCAPPDLL 2025-11-24 09:10:11.700116 - Epoch: 0 Iteration: 57  rank : 0  train.loss : 6.924050807952881  train.ips : 226719.13513513515 imgs/s train.total_time : 7.05718994140625e-05
TCAPPDLL 2025-11-24 09:10:12.199061 - Epoch: 0 Iteration: 58  rank : 0  train.loss : 6.925527572631836  train.ips : 173857.16062176166 imgs/s train.total_time : 9.202957153320312e-05
TCAPPDLL 2025-11-24 09:10:12.245906 - Epoch: 0 Iteration: 59  rank : 0  train.loss : 6.933724403381348  train.ips : 172516.35989717222 imgs/s train.total_time : 9.274482727050781e-05
TCAPPDLL 2025-11-24 09:10:12.292263 - Epoch: 0 Iteration: 60  rank : 0  train.loss : 6.913750648498535  train.ips : 179435.4652406417 imgs/s train.total_time : 8.916854858398438e-05
TCAPPDLL 2025-11-24 09:10:12.335556 - Epoch: 0 Iteration: 61  rank : 0  train.loss : 6.910334587097168  train.ips : 160547.52153110047 imgs/s train.total_time : 9.965896606445312e-05
TCAPPDLL 2025-11-24 09:10:13.360476 - Epoch: 0 Iteration: 62  rank : 0  train.loss : 6.892546653747559  train.ips : 183859.90136986302 imgs/s train.total_time : 8.702278137207031e-05
TCAPPDLL 2025-11-24 09:10:13.402628 - Epoch: 0 Iteration: 63  rank : 0  train.loss : 6.913139343261719  train.ips : 178007.59681697612 imgs/s train.total_time : 8.988380432128906e-05
TCAPPDLL 2025-11-24 09:10:13.445400 - Epoch: 0 Iteration: 64  rank : 0  train.loss : 6.922259330749512  train.ips : 180886.4258760108 imgs/s train.total_time : 8.845329284667969e-05
TCAPPDLL 2025-11-24 09:10:13.491293 - Epoch: 0 Iteration: 65  rank : 0  train.loss : 6.93051815032959  train.ips : 179916.5254691689 imgs/s train.total_time : 8.893013000488281e-05
TCAPPDLL 2025-11-24 09:10:14.032101 - Epoch: 0 Iteration: 66  rank : 0  train.loss : 6.918474197387695  train.ips : 172516.35989717222 imgs/s train.total_time : 9.274482727050781e-05
TCAPPDLL 2025-11-24 09:10:14.071750 - Epoch: 0 Iteration: 67  rank : 0  train.loss : 6.910889148712158  train.ips : 170327.0659898477 imgs/s train.total_time : 9.393692016601562e-05
TCAPPDLL 2025-11-24 09:10:14.108427 - Epoch: 0 Iteration: 68  rank : 0  train.loss : 6.920082092285156  train.ips : 185897.13019390582 imgs/s train.total_time : 8.606910705566406e-05
TCAPPDLL 2025-11-24 09:10:14.156934 - Epoch: 0 Iteration: 69  rank : 0  train.loss : 6.898746490478516  train.ips : 169895.8582278481 imgs/s train.total_time : 9.417533874511719e-05
TCAPPDLL 2025-11-24 09:10:14.723301 - Epoch: 0 Iteration: 70  rank : 0  train.loss : 6.891498565673828  train.ips : 179916.5254691689 imgs/s train.total_time : 8.893013000488281e-05
TCAPPDLL 2025-11-24 09:10:14.759278 - Epoch: 0 Iteration: 71  rank : 0  train.loss : 6.8913254737854  train.ips : 168615.23618090453 imgs/s train.total_time : 9.489059448242188e-05
TCAPPDLL 2025-11-24 09:10:14.803530 - Epoch: 0 Iteration: 72  rank : 0  train.loss : 6.932586669921875  train.ips : 126144.48120300751 imgs/s train.total_time : 0.00012683868408203125
TCAPPDLL 2025-11-24 09:10:14.841258 - Epoch: 0 Iteration: 73  rank : 0  train.loss : 6.908270835876465  train.ips : 186932.7688022284 imgs/s train.total_time : 8.559226989746094e-05
TCAPPDLL 2025-11-24 09:10:15.864368 - Epoch: 0 Iteration: 74  rank : 0  train.loss : 6.894879341125488  train.ips : 163680.15609756098 imgs/s train.total_time : 9.775161743164062e-05
TCAPPDLL 2025-11-24 09:10:15.906411 - Epoch: 0 Iteration: 75  rank : 0  train.loss : 6.916448593139648  train.ips : 176602.27368421052 imgs/s train.total_time : 9.059906005859375e-05
TCAPPDLL 2025-11-24 09:10:15.948917 - Epoch: 0 Iteration: 76  rank : 0  train.loss : 6.900590896606445  train.ips : 180400.17204301077 imgs/s train.total_time : 8.869171142578125e-05
TCAPPDLL 2025-11-24 09:10:15.987147 - Epoch: 0 Iteration: 77  rank : 0  train.loss : 6.921481132507324  train.ips : 165700.8987654321 imgs/s train.total_time : 9.655952453613281e-05
TCAPPDLL 2025-11-24 09:10:16.571426 - Epoch: 0 Iteration: 78  rank : 0  train.loss : 6.926117897033691  train.ips : 126620.49811320755 imgs/s train.total_time : 0.00012636184692382812
TCAPPDLL 2025-11-24 09:10:16.619298 - Epoch: 0 Iteration: 79  rank : 0  train.loss : 6.9125518798828125  train.ips : 128807.80038387715 imgs/s train.total_time : 0.00012421607971191406
TCAPPDLL 2025-11-24 09:10:16.662814 - Epoch: 0 Iteration: 80  rank : 0  train.loss : 6.904178619384766  train.ips : 161319.38461538462 imgs/s train.total_time : 9.918212890625e-05
TCAPPDLL 2025-11-24 09:10:16.701578 - Epoch: 0 Iteration: 81  rank : 0  train.loss : 6.927967548370361  train.ips : 170327.0659898477 imgs/s train.total_time : 9.393692016601562e-05
TCAPPDLL 2025-11-24 09:10:17.255562 - Epoch: 0 Iteration: 82  rank : 0  train.loss : 6.8904314041137695  train.ips : 101680.09696969697 imgs/s train.total_time : 0.00015735626220703125
TCAPPDLL 2025-11-24 09:10:17.301666 - Epoch: 0 Iteration: 83  rank : 0  train.loss : 6.900069236755371  train.ips : 153919.4128440367 imgs/s train.total_time : 0.00010395050048828125
TCAPPDLL 2025-11-24 09:10:17.343094 - Epoch: 0 Iteration: 84  rank : 0  train.loss : 6.910163879394531  train.ips : 146206.67538126363 imgs/s train.total_time : 0.00010943412780761719
TCAPPDLL 2025-11-24 09:10:17.384568 - Epoch: 0 Iteration: 85  rank : 0  train.loss : 6.895923137664795  train.ips : 169039.959697733 imgs/s train.total_time : 9.465217590332031e-05
TCAPPDLL 2025-11-24 09:10:17.776845 - Epoch: 0 Iteration: 86  rank : 0  train.loss : 6.893551826477051  train.ips : 91804.19151846785 imgs/s train.total_time : 0.0001742839813232422
TCAPPDLL 2025-11-24 09:10:17.815127 - Epoch: 0 Iteration: 87  rank : 0  train.loss : 6.910710334777832  train.ips : 179435.4652406417 imgs/s train.total_time : 8.916854858398438e-05
TCAPPDLL 2025-11-24 09:10:17.859098 - Epoch: 0 Iteration: 88  rank : 0  train.loss : 6.89239501953125  train.ips : 154985.82909930716 imgs/s train.total_time : 0.00010323524475097656
TCAPPDLL 2025-11-24 09:10:18.068758 - Epoch: 0 Iteration: 89  rank : 0  train.loss : 6.913305759429932  train.ips : 121574.02898550725 imgs/s train.total_time : 0.0001316070556640625
TCAPPDLL 2025-11-24 09:10:19.015645 - Epoch: 0 Iteration: 90  rank : 0  train.loss : 6.933001518249512  train.ips : 173857.16062176166 imgs/s train.total_time : 9.202957153320312e-05
TCAPPDLL 2025-11-24 09:10:19.054622 - Epoch: 0 Iteration: 91  rank : 0  train.loss : 6.895453929901123  train.ips : 173857.16062176166 imgs/s train.total_time : 9.202957153320312e-05
TCAPPDLL 2025-11-24 09:10:19.091114 - Epoch: 0 Iteration: 92  rank : 0  train.loss : 6.901884078979492  train.ips : 177536.67724867724 imgs/s train.total_time : 9.012222290039062e-05
TCAPPDLL 2025-11-24 09:10:19.129229 - Epoch: 0 Iteration: 93  rank : 0  train.loss : 6.89697265625  train.ips : 160547.52153110047 imgs/s train.total_time : 9.965896606445312e-05
TCAPPDLL 2025-11-24 09:10:19.831390 - Epoch: 0 Iteration: 94  rank : 0  train.loss : 6.91322135925293  train.ips : 176602.27368421052 imgs/s train.total_time : 9.059906005859375e-05
TCAPPDLL 2025-11-24 09:10:19.871630 - Epoch: 0 Iteration: 95  rank : 0  train.loss : 6.9234843254089355  train.ips : 134756.7550200803 imgs/s train.total_time : 0.00011873245239257812
TCAPPDLL 2025-11-24 09:10:19.909312 - Epoch: 0 Iteration: 96  rank : 0  train.loss : 6.9056549072265625  train.ips : 187980.0112044818 imgs/s train.total_time : 8.511543273925781e-05
TCAPPDLL 2025-11-24 09:10:19.945987 - Epoch: 0 Iteration: 97  rank : 0  train.loss : 6.910869598388672  train.ips : 191193.34472934474 imgs/s train.total_time : 8.368492126464844e-05
TCAPPDLL 2025-11-24 09:10:20.384422 - Epoch: 0 Iteration: 98  rank : 0  train.loss : 6.938872337341309  train.ips : 189573.06214689265 imgs/s train.total_time : 8.440017700195312e-05
TCAPPDLL 2025-11-24 09:10:20.429760 - Epoch: 0 Iteration: 99  rank : 0  train.loss : 6.923276424407959  train.ips : 181375.30810810812 imgs/s train.total_time : 8.821487426757812e-05
TCAPPDLL 2025-11-24 09:10:20.474278 - Epoch: 0 Iteration: 100  rank : 0  train.loss : 6.908545017242432  train.ips : 172074.01025641026 imgs/s train.total_time : 9.298324584960938e-05

