/root/miniconda3/envs/wyc_mmlab2/lib/python3.9/site-packages/torch/utils/cpp_extension.py:28: UserWarning: pkg_resources is deprecated as an API. See https://setuptools.pypa.io/en/latest/pkg_resources.html. The pkg_resources package is slated for removal as early as 2025-11-30. Refrain from using this package or pin to Setuptools<81.
  from pkg_resources import packaging  # type: ignore[attr-defined]
06/30 01:41:03 - mmengine - INFO - 
------------------------------------------------------------
System environment:
    sys.platform: linux
    Python: 3.9.23 (main, Jun  5 2025, 13:40:20) [GCC 11.2.0]
    CUDA available: True
    MUSA available: False
    numpy_random_seed: 1015758077
    GPU 0: NVIDIA GeForce RTX 4090
    CUDA_HOME: /usr/local/cuda
    NVCC: Cuda compilation tools, release 12.9, V12.9.86
    GCC: gcc (Ubuntu 11.4.0-1ubuntu1~22.04) 11.4.0
    PyTorch: 2.1.0+cu121
    PyTorch compiling details: PyTorch built with:
  - GCC 9.3
  - C++ Version: 201703
  - Intel(R) oneAPI Math Kernel Library Version 2023.1-Product Build 20230303 for Intel(R) 64 architecture applications
  - Intel(R) MKL-DNN v3.1.1 (Git Hash 64f6bcbcbab628e96f33a62c3e975f8535a7bde4)
  - OpenMP 201511 (a.k.a. OpenMP 4.5)
  - LAPACK is enabled (usually provided by MKL)
  - NNPACK is enabled
  - CPU capability usage: AVX512
  - CUDA Runtime 12.1
  - NVCC architecture flags: -gencode;arch=compute_50,code=sm_50;-gencode;arch=compute_60,code=sm_60;-gencode;arch=compute_70,code=sm_70;-gencode;arch=compute_75,code=sm_75;-gencode;arch=compute_80,code=sm_80;-gencode;arch=compute_86,code=sm_86;-gencode;arch=compute_90,code=sm_90
  - CuDNN 8.9.2
  - Magma 2.6.1
  - Build settings: BLAS_INFO=mkl, BUILD_TYPE=Release, CUDA_VERSION=12.1, CUDNN_VERSION=8.9.2, CXX_COMPILER=/opt/rh/devtoolset-9/root/usr/bin/c++, CXX_FLAGS= -D_GLIBCXX_USE_CXX11_ABI=0 -fabi-version=11 -fvisibility-inlines-hidden -DUSE_PTHREADPOOL -DNDEBUG -DUSE_KINETO -DLIBKINETO_NOROCTRACER -DUSE_FBGEMM -DUSE_QNNPACK -DUSE_PYTORCH_QNNPACK -DUSE_XNNPACK -DSYMBOLICATE_MOBILE_DEBUG_HANDLE -O2 -fPIC -Wall -Wextra -Werror=return-type -Werror=non-virtual-dtor -Werror=bool-operation -Wnarrowing -Wno-missing-field-initializers -Wno-type-limits -Wno-array-bounds -Wno-unknown-pragmas -Wno-unused-parameter -Wno-unused-function -Wno-unused-result -Wno-strict-overflow -Wno-strict-aliasing -Wno-stringop-overflow -Wno-psabi -Wno-error=pedantic -Wno-error=old-style-cast -Wno-invalid-partial-specialization -Wno-unused-private-field -Wno-aligned-allocation-unavailable -Wno-missing-braces -fdiagnostics-color=always -faligned-new -Wno-unused-but-set-variable -Wno-maybe-uninitialized -fno-math-errno -fno-trapping-math -Werror=format -Werror=cast-function-type -Wno-stringop-overflow, LAPACK_INFO=mkl, PERF_WITH_AVX=1, PERF_WITH_AVX2=1, PERF_WITH_AVX512=1, TORCH_DISABLE_GPU_ASSERTS=ON, TORCH_VERSION=2.1.0, USE_CUDA=ON, USE_CUDNN=ON, USE_EXCEPTION_PTR=1, USE_GFLAGS=OFF, USE_GLOG=OFF, USE_MKL=ON, USE_MKLDNN=ON, USE_MPI=OFF, USE_NCCL=1, USE_NNPACK=ON, USE_OPENMP=ON, USE_ROCM=OFF, 

    TorchVision: 0.16.0+cu121
    OpenCV: 4.11.0
    MMEngine: 0.10.4

Runtime environment:
    cudnn_benchmark: False
    mp_cfg: {'mp_start_method': 'fork', 'opencv_num_threads': 0}
    dist_cfg: {'backend': 'nccl'}
    seed: 1015758077
    Distributed launcher: none
    Distributed training: False
    GPU number: 1
------------------------------------------------------------

06/30 01:41:04 - mmengine - INFO - Config:
auto_scale_lr = dict(base_batch_size=16, enable=False)
backend_args = None
data_root = '/home/01/wyc/datasets/coco/'
dataset_type = 'CocoDataset'
default_hooks = dict(
    checkpoint=dict(interval=1, type='CheckpointHook'),
    logger=dict(interval=50, type='LoggerHook'),
    param_scheduler=dict(type='ParamSchedulerHook'),
    sampler_seed=dict(type='DistSamplerSeedHook'),
    timer=dict(type='IterTimerHook'),
    visualization=dict(type='DetVisualizationHook'))
default_scope = 'mmdet'
env_cfg = dict(
    cudnn_benchmark=False,
    dist_cfg=dict(backend='nccl'),
    mp_cfg=dict(mp_start_method='fork', opencv_num_threads=0))
launcher = 'none'
load_from = None
log_level = 'INFO'
log_processor = dict(by_epoch=True, type='LogProcessor', window_size=50)
model = dict(
    backbone=dict(
        depth=50,
        frozen_stages=1,
        init_cfg=dict(checkpoint='torchvision://resnet50', type='Pretrained'),
        num_stages=4,
        out_indices=(
            0,
            1,
            2,
            3,
        ),
        style='pytorch',
        type='ResNet'),
    data_preprocessor=dict(
        bgr_to_rgb=True,
        mean=[
            123.675,
            116.28,
            103.53,
        ],
        pad_mask=True,
        pad_size_divisor=32,
        std=[
            58.395,
            57.12,
            57.375,
        ],
        type='DetDataPreprocessor'),
    mask_head=dict(
        cls_down_index=0,
        feat_channels=256,
        in_channels=256,
        loss_cls=dict(
            alpha=0.25,
            gamma=2.0,
            loss_weight=1.0,
            type='FocalLoss',
            use_sigmoid=True),
        loss_mask=dict(loss_weight=3.0, type='DiceLoss', use_sigmoid=True),
        norm_cfg=dict(num_groups=32, requires_grad=True, type='GN'),
        num_classes=80,
        num_grids=[
            40,
            36,
            24,
            16,
            12,
        ],
        pos_scale=0.2,
        scale_ranges=(
            (
                1,
                96,
            ),
            (
                48,
                192,
            ),
            (
                96,
                384,
            ),
            (
                192,
                768,
            ),
            (
                384,
                2048,
            ),
        ),
        stacked_convs=7,
        strides=[
            8,
            8,
            16,
            32,
            32,
        ],
        type='SOLOHead'),
    neck=dict(
        in_channels=[
            256,
            512,
            1024,
            2048,
        ],
        num_outs=5,
        out_channels=256,
        start_level=0,
        type='FPN'),
    test_cfg=dict(
        filter_thr=0.05,
        kernel='gaussian',
        mask_thr=0.5,
        max_per_img=100,
        nms_pre=500,
        score_thr=0.1,
        sigma=2.0),
    type='SOLO')
optim_wrapper = dict(
    optimizer=dict(lr=0.01, momentum=0.9, type='SGD', weight_decay=0.0001),
    type='OptimWrapper')
param_scheduler = [
    dict(
        begin=0, by_epoch=False, end=500, start_factor=0.001, type='LinearLR'),
    dict(
        begin=0,
        by_epoch=True,
        end=12,
        gamma=0.1,
        milestones=[
            8,
            11,
        ],
        type='MultiStepLR'),
]
resume = False
test_cfg = dict(type='TestLoop')
test_dataloader = dict(
    batch_size=1,
    dataset=dict(
        ann_file='annotations/instances_val2017.json',
        backend_args=None,
        data_prefix=dict(img='images/val2017/'),
        data_root='/home/01/wyc/datasets/coco/',
        pipeline=[
            dict(backend_args=None, type='LoadImageFromFile'),
            dict(keep_ratio=True, scale=(
                1333,
                800,
            ), type='Resize'),
            dict(type='LoadAnnotations', with_bbox=True, with_mask=True),
            dict(
                meta_keys=(
                    'img_id',
                    'img_path',
                    'ori_shape',
                    'img_shape',
                    'scale_factor',
                ),
                type='PackDetInputs'),
        ],
        test_mode=True,
        type='CocoDataset'),
    drop_last=False,
    num_workers=2,
    persistent_workers=True,
    sampler=dict(shuffle=False, type='DefaultSampler'))
test_evaluator = dict(
    ann_file='/home/01/wyc/datasets/coco/annotations/instances_val2017.json',
    backend_args=None,
    format_only=False,
    metric='segm',
    type='CocoMetric')
test_pipeline = [
    dict(backend_args=None, type='LoadImageFromFile'),
    dict(keep_ratio=True, scale=(
        1333,
        800,
    ), type='Resize'),
    dict(type='LoadAnnotations', with_bbox=True, with_mask=True),
    dict(
        meta_keys=(
            'img_id',
            'img_path',
            'ori_shape',
            'img_shape',
            'scale_factor',
        ),
        type='PackDetInputs'),
]
train_cfg = dict(max_epochs=12, type='EpochBasedTrainLoop', val_interval=1)
train_dataloader = dict(
    batch_sampler=dict(type='AspectRatioBatchSampler'),
    batch_size=2,
    dataset=dict(
        ann_file='annotations/instances_train2017.json',
        backend_args=None,
        data_prefix=dict(img='images/train2017/'),
        data_root='/home/01/wyc/datasets/coco/',
        filter_cfg=dict(filter_empty_gt=True, min_size=32),
        pipeline=[
            dict(backend_args=None, type='LoadImageFromFile'),
            dict(type='LoadAnnotations', with_bbox=True, with_mask=True),
            dict(keep_ratio=True, scale=(
                1333,
                800,
            ), type='Resize'),
            dict(prob=0.5, type='RandomFlip'),
            dict(type='PackDetInputs'),
        ],
        type='CocoDataset'),
    num_workers=2,
    persistent_workers=True,
    sampler=dict(shuffle=True, type='DefaultSampler'))
train_pipeline = [
    dict(backend_args=None, type='LoadImageFromFile'),
    dict(type='LoadAnnotations', with_bbox=True, with_mask=True),
    dict(keep_ratio=True, scale=(
        1333,
        800,
    ), type='Resize'),
    dict(prob=0.5, type='RandomFlip'),
    dict(type='PackDetInputs'),
]
val_cfg = dict(type='ValLoop')
val_dataloader = dict(
    batch_size=1,
    dataset=dict(
        ann_file='annotations/instances_val2017.json',
        backend_args=None,
        data_prefix=dict(img='images/val2017/'),
        data_root='/home/01/wyc/datasets/coco/',
        pipeline=[
            dict(backend_args=None, type='LoadImageFromFile'),
            dict(keep_ratio=True, scale=(
                1333,
                800,
            ), type='Resize'),
            dict(type='LoadAnnotations', with_bbox=True, with_mask=True),
            dict(
                meta_keys=(
                    'img_id',
                    'img_path',
                    'ori_shape',
                    'img_shape',
                    'scale_factor',
                ),
                type='PackDetInputs'),
        ],
        test_mode=True,
        type='CocoDataset'),
    drop_last=False,
    num_workers=2,
    persistent_workers=True,
    sampler=dict(shuffle=False, type='DefaultSampler'))
val_evaluator = dict(
    ann_file='/home/01/wyc/datasets/coco/annotations/instances_val2017.json',
    backend_args=None,
    format_only=False,
    metric='segm',
    type='CocoMetric')
vis_backends = [
    dict(type='LocalVisBackend'),
]
visualizer = dict(
    name='visualizer',
    type='DetLocalVisualizer',
    vis_backends=[
        dict(type='LocalVisBackend'),
    ])
work_dir = './work_dirs/solo_r50_fpn_1x_coco'

06/30 01:41:05 - mmengine - INFO - Distributed training is not used, all SyncBatchNorm (SyncBN) layers in the model will be automatically reverted to BatchNormXd layers if they are used.
06/30 01:41:05 - mmengine - INFO - Hooks will be executed in the following order:
before_run:
(VERY_HIGH   ) RuntimeInfoHook                    
(BELOW_NORMAL) LoggerHook                         
 -------------------- 
before_train:
(VERY_HIGH   ) RuntimeInfoHook                    
(NORMAL      ) IterTimerHook                      
(VERY_LOW    ) CheckpointHook                     
 -------------------- 
before_train_epoch:
(VERY_HIGH   ) RuntimeInfoHook                    
(NORMAL      ) IterTimerHook                      
(NORMAL      ) DistSamplerSeedHook                
 -------------------- 
before_train_iter:
(VERY_HIGH   ) RuntimeInfoHook                    
(NORMAL      ) IterTimerHook                      
 -------------------- 
after_train_iter:
(VERY_HIGH   ) RuntimeInfoHook                    
(NORMAL      ) IterTimerHook                      
(BELOW_NORMAL) LoggerHook                         
(LOW         ) ParamSchedulerHook                 
(VERY_LOW    ) CheckpointHook                     
 -------------------- 
after_train_epoch:
(NORMAL      ) IterTimerHook                      
(LOW         ) ParamSchedulerHook                 
(VERY_LOW    ) CheckpointHook                     
 -------------------- 
before_val:
(VERY_HIGH   ) RuntimeInfoHook                    
 -------------------- 
before_val_epoch:
(NORMAL      ) IterTimerHook                      
 -------------------- 
before_val_iter:
(NORMAL      ) IterTimerHook                      
 -------------------- 
after_val_iter:
(NORMAL      ) IterTimerHook                      
(NORMAL      ) DetVisualizationHook               
(BELOW_NORMAL) LoggerHook                         
 -------------------- 
after_val_epoch:
(VERY_HIGH   ) RuntimeInfoHook                    
(NORMAL      ) IterTimerHook                      
(BELOW_NORMAL) LoggerHook                         
(LOW         ) ParamSchedulerHook                 
(VERY_LOW    ) CheckpointHook                     
 -------------------- 
after_val:
(VERY_HIGH   ) RuntimeInfoHook                    
 -------------------- 
after_train:
(VERY_HIGH   ) RuntimeInfoHook                    
(VERY_LOW    ) CheckpointHook                     
 -------------------- 
before_test:
(VERY_HIGH   ) RuntimeInfoHook                    
 -------------------- 
before_test_epoch:
(NORMAL      ) IterTimerHook                      
 -------------------- 
before_test_iter:
(NORMAL      ) IterTimerHook                      
 -------------------- 
after_test_iter:
(NORMAL      ) IterTimerHook                      
(NORMAL      ) DetVisualizationHook               
(BELOW_NORMAL) LoggerHook                         
 -------------------- 
after_test_epoch:
(VERY_HIGH   ) RuntimeInfoHook                    
(NORMAL      ) IterTimerHook                      
(BELOW_NORMAL) LoggerHook                         
 -------------------- 
after_test:
(VERY_HIGH   ) RuntimeInfoHook                    
 -------------------- 
after_run:
(BELOW_NORMAL) LoggerHook                         
 -------------------- 
loading annotations into memory...
Done (t=17.47s)
creating index...
index created!
loading annotations into memory...
Done (t=0.65s)
creating index...
index created!
loading annotations into memory...
Done (t=0.65s)
creating index...
index created!
06/30 01:41:45 - mmengine - INFO - load model from: torchvision://resnet50
06/30 01:41:45 - mmengine - INFO - Loads checkpoint by torchvision backend from path: torchvision://resnet50
06/30 01:41:46 - mmengine - WARNING - The model and loaded state dict do not match exactly

unexpected key in source state_dict: fc.weight, fc.bias

06/30 01:41:46 - mmengine - WARNING - "FileClient" will be deprecated in future. Please use io functions in https://mmengine.readthedocs.io/en/latest/api/fileio.html#file-io
06/30 01:41:46 - mmengine - WARNING - "HardDiskBackend" is the alias of "LocalBackend" and the former will be deprecated in future.
06/30 01:41:46 - mmengine - INFO - Checkpoints will be saved to /home/01/wyc/mmdetection/work_dirs/solo_r50_fpn_1x_coco.
/root/miniconda3/envs/wyc_mmlab2/lib/python3.9/site-packages/torch/functional.py:504: UserWarning: torch.meshgrid: in an upcoming release, it will be required to pass the indexing argument. (Triggered internally at ../aten/src/ATen/native/TensorShape.cpp:3526.)
  return _VF.meshgrid(tensors, **kwargs)  # type: ignore[attr-defined]
TCAPPDLL 2025-06-30 01:41:48.013388 - Epoch: 0 Iteration: 0  rank : 0  train.loss : 4.045296669006348  train.ips : 1.0644683798526526 imgs/s train.total_time : 1.8788721561431885 
TCAPPDLL 2025-06-30 01:41:48.371424 - Epoch: 0 Iteration: 1  rank : 0  train.loss : 3.918365478515625  train.ips : 5.58837797560558 imgs/s train.total_time : 0.35788559913635254 
TCAPPDLL 2025-06-30 01:41:48.773338 - Epoch: 0 Iteration: 2  rank : 0  train.loss : 4.048455238342285  train.ips : 4.977640218886366 imgs/s train.total_time : 0.401796817779541 
TCAPPDLL 2025-06-30 01:41:49.087087 - Epoch: 0 Iteration: 3  rank : 0  train.loss : 4.122462749481201  train.ips : 6.376866151010091 imgs/s train.total_time : 0.31363368034362793 
TCAPPDLL 2025-06-30 01:41:49.559302 - Epoch: 0 Iteration: 4  rank : 0  train.loss : 4.028411865234375  train.ips : 4.236615074751544 imgs/s train.total_time : 0.4720749855041504 
TCAPPDLL 2025-06-30 01:41:49.740832 - Epoch: 0 Iteration: 5  rank : 0  train.loss : 4.04449987411499  train.ips : 11.025412601548545 imgs/s train.total_time : 0.18139910697937012 
TCAPPDLL 2025-06-30 01:41:50.052477 - Epoch: 0 Iteration: 6  rank : 0  train.loss : 4.125537872314453  train.ips : 6.420549166682612 imgs/s train.total_time : 0.31149983406066895 
TCAPPDLL 2025-06-30 01:41:50.336824 - Epoch: 0 Iteration: 7  rank : 0  train.loss : 4.068247318267822  train.ips : 7.037753451504433 imgs/s train.total_time : 0.2841815948486328 
TCAPPDLL 2025-06-30 01:41:50.739522 - Epoch: 0 Iteration: 8  rank : 0  train.loss : 4.014045238494873  train.ips : 4.967994646230745 imgs/s train.total_time : 0.40257692337036133 
TCAPPDLL 2025-06-30 01:41:50.953336 - Epoch: 0 Iteration: 9  rank : 0  train.loss : 4.075089454650879  train.ips : 9.36252604698558 imgs/s train.total_time : 0.21361756324768066 
TCAPPDLL 2025-06-30 01:41:51.134977 - Epoch: 0 Iteration: 10  rank : 0  train.loss : 3.9022915363311768  train.ips : 11.02051680217977 imgs/s train.total_time : 0.18147969245910645 
TCAPPDLL 2025-06-30 01:41:51.345403 - Epoch: 0 Iteration: 11  rank : 0  train.loss : 3.9977171421051025  train.ips : 9.51105517667534 imgs/s train.total_time : 0.2102816104888916 
TCAPPDLL 2025-06-30 01:41:51.570894 - Epoch: 0 Iteration: 12  rank : 0  train.loss : 3.9440369606018066  train.ips : 8.87491800711804 imgs/s train.total_time : 0.22535419464111328 
TCAPPDLL 2025-06-30 01:41:51.796139 - Epoch: 0 Iteration: 13  rank : 0  train.loss : 3.830900192260742  train.ips : 8.884797273323285 imgs/s train.total_time : 0.22510361671447754 
TCAPPDLL 2025-06-30 01:41:51.977969 - Epoch: 0 Iteration: 14  rank : 0  train.loss : 4.117702960968018  train.ips : 11.007574047732772 imgs/s train.total_time : 0.18169307708740234 
TCAPPDLL 2025-06-30 01:41:52.275997 - Epoch: 0 Iteration: 15  rank : 0  train.loss : 3.913156032562256  train.ips : 6.713888851094209 imgs/s train.total_time : 0.29788994789123535 
TCAPPDLL 2025-06-30 01:41:52.452377 - Epoch: 0 Iteration: 16  rank : 0  train.loss : 3.9960689544677734  train.ips : 11.348578216042977 imgs/s train.total_time : 0.17623353004455566 
TCAPPDLL 2025-06-30 01:41:52.859072 - Epoch: 0 Iteration: 17  rank : 0  train.loss : 3.8551599979400635  train.ips : 4.919447827899833 imgs/s train.total_time : 0.40654969215393066 
TCAPPDLL 2025-06-30 01:41:53.076026 - Epoch: 0 Iteration: 18  rank : 0  train.loss : 3.8957080841064453  train.ips : 9.224261524268012 imgs/s train.total_time : 0.21681952476501465 
TCAPPDLL 2025-06-30 01:41:53.316686 - Epoch: 0 Iteration: 19  rank : 0  train.loss : 4.0312089920043945  train.ips : 8.31532504041879 imgs/s train.total_time : 0.24051976203918457 
TCAPPDLL 2025-06-30 01:41:53.482983 - Epoch: 0 Iteration: 20  rank : 0  train.loss : 3.8244078159332275  train.ips : 12.036169022168018 imgs/s train.total_time : 0.16616582870483398 
TCAPPDLL 2025-06-30 01:41:53.725986 - Epoch: 0 Iteration: 21  rank : 0  train.loss : 3.974663734436035  train.ips : 8.234976282474163 imgs/s train.total_time : 0.24286651611328125 
TCAPPDLL 2025-06-30 01:41:53.913319 - Epoch: 0 Iteration: 22  rank : 0  train.loss : 3.8045551776885986  train.ips : 10.683688687547681 imgs/s train.total_time : 0.18720126152038574 
TCAPPDLL 2025-06-30 01:41:54.238959 - Epoch: 0 Iteration: 23  rank : 0  train.loss : 3.8893704414367676  train.ips : 6.144208507075802 imgs/s train.total_time : 0.32550978660583496 
TCAPPDLL 2025-06-30 01:41:54.614933 - Epoch: 0 Iteration: 24  rank : 0  train.loss : 4.081554412841797  train.ips : 5.3211676794844145 imgs/s train.total_time : 0.3758573532104492 
TCAPPDLL 2025-06-30 01:41:54.857621 - Epoch: 0 Iteration: 25  rank : 0  train.loss : 3.9124579429626465  train.ips : 8.245191145220042 imgs/s train.total_time : 0.24256563186645508 
TCAPPDLL 2025-06-30 01:41:55.026352 - Epoch: 0 Iteration: 26  rank : 0  train.loss : 4.0220208168029785  train.ips : 11.862826564696366 imgs/s train.total_time : 0.1685938835144043 
TCAPPDLL 2025-06-30 01:41:55.256956 - Epoch: 0 Iteration: 27  rank : 0  train.loss : 3.719466209411621  train.ips : 8.677705767649234 imgs/s train.total_time : 0.23047566413879395 
TCAPPDLL 2025-06-30 01:41:55.428929 - Epoch: 0 Iteration: 28  rank : 0  train.loss : 3.8410651683807373  train.ips : 11.642371385269609 imgs/s train.total_time : 0.17178630828857422 
TCAPPDLL 2025-06-30 01:41:55.675629 - Epoch: 0 Iteration: 29  rank : 0  train.loss : 3.9469375610351562  train.ips : 8.113785955888114 imgs/s train.total_time : 0.24649405479431152 
TCAPPDLL 2025-06-30 01:41:55.833044 - Epoch: 0 Iteration: 30  rank : 0  train.loss : 3.8976216316223145  train.ips : 12.717083590420733 imgs/s train.total_time : 0.15726876258850098 
TCAPPDLL 2025-06-30 01:41:56.063605 - Epoch: 0 Iteration: 31  rank : 0  train.loss : 3.924853801727295  train.ips : 8.679070450776125 imgs/s train.total_time : 0.2304394245147705 
TCAPPDLL 2025-06-30 01:41:56.245150 - Epoch: 0 Iteration: 32  rank : 0  train.loss : 3.696958065032959  train.ips : 11.024919927925275 imgs/s train.total_time : 0.18140721321105957 
TCAPPDLL 2025-06-30 01:41:56.470006 - Epoch: 0 Iteration: 33  rank : 0  train.loss : 3.8163304328918457  train.ips : 8.899813274486505 imgs/s train.total_time : 0.22472381591796875 
TCAPPDLL 2025-06-30 01:41:56.648218 - Epoch: 0 Iteration: 34  rank : 0  train.loss : 3.8097496032714844  train.ips : 11.230736893402755 imgs/s train.total_time : 0.17808270454406738 
TCAPPDLL 2025-06-30 01:41:56.837481 - Epoch: 0 Iteration: 35  rank : 0  train.loss : 3.8569087982177734  train.ips : 10.57362683903236 imgs/s train.total_time : 0.1891498565673828 
TCAPPDLL 2025-06-30 01:41:57.065054 - Epoch: 0 Iteration: 36  rank : 0  train.loss : 4.001996994018555  train.ips : 8.792905809102535 imgs/s train.total_time : 0.22745609283447266 
TCAPPDLL 2025-06-30 01:41:57.290135 - Epoch: 0 Iteration: 37  rank : 0  train.loss : 4.012478828430176  train.ips : 8.890861666396399 imgs/s train.total_time : 0.22495007514953613 
TCAPPDLL 2025-06-30 01:41:57.450873 - Epoch: 0 Iteration: 38  rank : 0  train.loss : 3.9826974868774414  train.ips : 12.453396674584322 imgs/s train.total_time : 0.1605987548828125 
TCAPPDLL 2025-06-30 01:41:57.680298 - Epoch: 0 Iteration: 39  rank : 0  train.loss : 3.9012904167175293  train.ips : 8.722587138963783 imgs/s train.total_time : 0.22928977012634277 
TCAPPDLL 2025-06-30 01:41:58.036656 - Epoch: 0 Iteration: 40  rank : 0  train.loss : 3.8889822959899902  train.ips : 5.614199656399476 imgs/s train.total_time : 0.35623955726623535 
TCAPPDLL 2025-06-30 01:41:58.311786 - Epoch: 0 Iteration: 41  rank : 0  train.loss : 3.7692410945892334  train.ips : 7.272567122021676 imgs/s train.total_time : 0.2750060558319092 
TCAPPDLL 2025-06-30 01:41:58.480197 - Epoch: 0 Iteration: 42  rank : 0  train.loss : 3.733258008956909  train.ips : 11.885029037436261 imgs/s train.total_time : 0.16827893257141113 
TCAPPDLL 2025-06-30 01:41:58.936130 - Epoch: 0 Iteration: 43  rank : 0  train.loss : 3.8658454418182373  train.ips : 4.387758058939618 imgs/s train.total_time : 0.4558136463165283 
TCAPPDLL 2025-06-30 01:41:59.344910 - Epoch: 0 Iteration: 44  rank : 0  train.loss : 3.7389817237854004  train.ips : 4.893850576858455 imgs/s train.total_time : 0.4086761474609375 
TCAPPDLL 2025-06-30 01:41:59.513971 - Epoch: 0 Iteration: 45  rank : 0  train.loss : 4.158095836639404  train.ips : 11.837799469115716 imgs/s train.total_time : 0.16895031929016113 
TCAPPDLL 2025-06-30 01:41:59.670332 - Epoch: 0 Iteration: 46  rank : 0  train.loss : 3.961045742034912  train.ips : 12.806409457858548 imgs/s train.total_time : 0.1561717987060547 
TCAPPDLL 2025-06-30 01:41:59.854412 - Epoch: 0 Iteration: 47  rank : 0  train.loss : 3.8916854858398438  train.ips : 10.871959169602194 imgs/s train.total_time : 0.1839594841003418 
TCAPPDLL 2025-06-30 01:42:00.109598 - Epoch: 0 Iteration: 48  rank : 0  train.loss : 3.8106226921081543  train.ips : 7.8412642327606115 imgs/s train.total_time : 0.25506091117858887 
TCAPPDLL 2025-06-30 01:42:00.281458 - Epoch: 0 Iteration: 49  rank : 0  train.loss : 4.015147686004639  train.ips : 11.645943443245413 imgs/s train.total_time : 0.17173361778259277 
06/30 01:42:00 - mmengine - INFO - Epoch(train)  [1][   50/58633]  lr: 9.9098e-04  eta: 2 days, 7:15:55  time: 0.2828  data_time: 0.0399  memory: 6841  loss: 3.9345  loss_mask: 2.9409  loss_cls: 0.9935
TCAPPDLL 2025-06-30 01:42:00.487219 - Epoch: 0 Iteration: 50  rank : 0  train.loss : 3.7667999267578125  train.ips : 9.725719347306375 imgs/s train.total_time : 0.20564031600952148 
TCAPPDLL 2025-06-30 01:42:00.685629 - Epoch: 0 Iteration: 51  rank : 0  train.loss : 3.9080617427825928  train.ips : 10.087129260535225 imgs/s train.total_time : 0.1982724666595459 
TCAPPDLL 2025-06-30 01:42:00.998234 - Epoch: 0 Iteration: 52  rank : 0  train.loss : 3.684121608734131  train.ips : 6.400258799527264 imgs/s train.total_time : 0.3124873638153076 
TCAPPDLL 2025-06-30 01:42:01.355482 - Epoch: 0 Iteration: 53  rank : 0  train.loss : 3.8240699768066406  train.ips : 5.600010147113113 imgs/s train.total_time : 0.35714221000671387 
TCAPPDLL 2025-06-30 01:42:01.611367 - Epoch: 0 Iteration: 54  rank : 0  train.loss : 3.916198968887329  train.ips : 7.819635669421549 imgs/s train.total_time : 0.2557663917541504 
TCAPPDLL 2025-06-30 01:42:01.752618 - Epoch: 0 Iteration: 55  rank : 0  train.loss : 4.3105926513671875  train.ips : 14.17404013659351 imgs/s train.total_time : 0.14110302925109863 
TCAPPDLL 2025-06-30 01:42:01.962475 - Epoch: 0 Iteration: 56  rank : 0  train.loss : 3.8103837966918945  train.ips : 9.536800651202132 imgs/s train.total_time : 0.20971393585205078 
TCAPPDLL 2025-06-30 01:42:02.134157 - Epoch: 0 Iteration: 57  rank : 0  train.loss : 4.007989406585693  train.ips : 11.661955696677667 imgs/s train.total_time : 0.17149782180786133 
TCAPPDLL 2025-06-30 01:42:02.313905 - Epoch: 0 Iteration: 58  rank : 0  train.loss : 3.9693028926849365  train.ips : 11.138237980922437 imgs/s train.total_time : 0.17956161499023438 
TCAPPDLL 2025-06-30 01:42:02.745683 - Epoch: 0 Iteration: 59  rank : 0  train.loss : 4.002994537353516  train.ips : 4.633758026873628 imgs/s train.total_time : 0.43161511421203613 
TCAPPDLL 2025-06-30 01:42:02.976871 - Epoch: 0 Iteration: 60  rank : 0  train.loss : 3.943525791168213  train.ips : 8.656295275086784 imgs/s train.total_time : 0.23104572296142578 
TCAPPDLL 2025-06-30 01:42:03.175890 - Epoch: 0 Iteration: 61  rank : 0  train.loss : 3.8641748428344727  train.ips : 10.055967930644265 imgs/s train.total_time : 0.19888687133789062 
TCAPPDLL 2025-06-30 01:42:03.416354 - Epoch: 0 Iteration: 62  rank : 0  train.loss : 3.826921224594116  train.ips : 8.323039097986065 imgs/s train.total_time : 0.2402968406677246 
TCAPPDLL 2025-06-30 01:42:03.654863 - Epoch: 0 Iteration: 63  rank : 0  train.loss : 4.17656946182251  train.ips : 8.39072246206044 imgs/s train.total_time : 0.2383584976196289 
TCAPPDLL 2025-06-30 01:42:03.866318 - Epoch: 0 Iteration: 64  rank : 0  train.loss : 4.021553039550781  train.ips : 9.46445108357177 imgs/s train.total_time : 0.2113170623779297 
TCAPPDLL 2025-06-30 01:42:04.043463 - Epoch: 0 Iteration: 65  rank : 0  train.loss : 3.784806489944458  train.ips : 11.298671141988196 imgs/s train.total_time : 0.17701196670532227 
TCAPPDLL 2025-06-30 01:42:04.225264 - Epoch: 0 Iteration: 66  rank : 0  train.loss : 3.8717620372772217  train.ips : 11.008065172260846 imgs/s train.total_time : 0.1816849708557129 
TCAPPDLL 2025-06-30 01:42:04.368794 - Epoch: 0 Iteration: 67  rank : 0  train.loss : 4.235368728637695  train.ips : 13.94693631892742 imgs/s train.total_time : 0.1434006690979004 
TCAPPDLL 2025-06-30 01:42:04.599709 - Epoch: 0 Iteration: 68  rank : 0  train.loss : 3.973625659942627  train.ips : 8.666203841449304 imgs/s train.total_time : 0.23078155517578125 
TCAPPDLL 2025-06-30 01:42:04.777552 - Epoch: 0 Iteration: 69  rank : 0  train.loss : 3.9207921028137207  train.ips : 11.254045554920538 imgs/s train.total_time : 0.17771387100219727 
TCAPPDLL 2025-06-30 01:42:05.143593 - Epoch: 0 Iteration: 70  rank : 0  train.loss : 3.980250358581543  train.ips : 5.465834818388842 imgs/s train.total_time : 0.3659093379974365 
TCAPPDLL 2025-06-30 01:42:05.286448 - Epoch: 0 Iteration: 71  rank : 0  train.loss : 3.99005126953125  train.ips : 14.011301095868903 imgs/s train.total_time : 0.14274191856384277 
TCAPPDLL 2025-06-30 01:42:05.485116 - Epoch: 0 Iteration: 72  rank : 0  train.loss : 4.001486301422119  train.ips : 10.072885033579853 imgs/s train.total_time : 0.19855284690856934 
TCAPPDLL 2025-06-30 01:42:05.660554 - Epoch: 0 Iteration: 73  rank : 0  train.loss : 3.715627908706665  train.ips : 11.412435496795418 imgs/s train.total_time : 0.1752474308013916 
TCAPPDLL 2025-06-30 01:42:05.897702 - Epoch: 0 Iteration: 74  rank : 0  train.loss : 3.977203845977783  train.ips : 8.438538834282449 imgs/s train.total_time : 0.23700785636901855 
TCAPPDLL 2025-06-30 01:42:06.081161 - Epoch: 0 Iteration: 75  rank : 0  train.loss : 3.7607572078704834  train.ips : 10.909186434991136 imgs/s train.total_time : 0.18333172798156738 
TCAPPDLL 2025-06-30 01:42:06.322831 - Epoch: 0 Iteration: 76  rank : 0  train.loss : 3.7166175842285156  train.ips : 8.28065312520668 imgs/s train.total_time : 0.24152684211730957 
TCAPPDLL 2025-06-30 01:42:06.509087 - Epoch: 0 Iteration: 77  rank : 0  train.loss : 3.8345541954040527  train.ips : 10.74549197284872 imgs/s train.total_time : 0.18612456321716309 
TCAPPDLL 2025-06-30 01:42:06.730426 - Epoch: 0 Iteration: 78  rank : 0  train.loss : 4.1425275802612305  train.ips : 9.040461431022441 imgs/s train.total_time : 0.22122764587402344 
TCAPPDLL 2025-06-30 01:42:06.984594 - Epoch: 0 Iteration: 79  rank : 0  train.loss : 3.781132459640503  train.ips : 7.872701967375891 imgs/s train.total_time : 0.254042387008667 
TCAPPDLL 2025-06-30 01:42:07.139404 - Epoch: 0 Iteration: 80  rank : 0  train.loss : 3.970410108566284  train.ips : 12.930456818363988 imgs/s train.total_time : 0.15467357635498047 
TCAPPDLL 2025-06-30 01:42:07.375303 - Epoch: 0 Iteration: 81  rank : 0  train.loss : 3.88398814201355  train.ips : 8.481874694136728 imgs/s train.total_time : 0.23579692840576172 
TCAPPDLL 2025-06-30 01:42:07.573905 - Epoch: 0 Iteration: 82  rank : 0  train.loss : 3.754239797592163  train.ips : 10.076551253591644 imgs/s train.total_time : 0.19848060607910156 
TCAPPDLL 2025-06-30 01:42:07.789498 - Epoch: 0 Iteration: 83  rank : 0  train.loss : 3.7836427688598633  train.ips : 9.282647642380603 imgs/s train.total_time : 0.2154557704925537 
TCAPPDLL 2025-06-30 01:42:07.962794 - Epoch: 0 Iteration: 84  rank : 0  train.loss : 3.8936078548431396  train.ips : 11.550229115262601 imgs/s train.total_time : 0.17315673828125 
TCAPPDLL 2025-06-30 01:42:08.171695 - Epoch: 0 Iteration: 85  rank : 0  train.loss : 3.92391300201416  train.ips : 9.580575272532078 imgs/s train.total_time : 0.2087557315826416 
TCAPPDLL 2025-06-30 01:42:08.499426 - Epoch: 0 Iteration: 86  rank : 0  train.loss : 3.8358101844787598  train.ips : 6.105379302313733 imgs/s train.total_time : 0.32757997512817383 
TCAPPDLL 2025-06-30 01:42:08.706874 - Epoch: 0 Iteration: 87  rank : 0  train.loss : 3.853257417678833  train.ips : 9.647101306772377 imgs/s train.total_time : 0.20731616020202637 
TCAPPDLL 2025-06-30 01:42:08.893950 - Epoch: 0 Iteration: 88  rank : 0  train.loss : 3.8365657329559326  train.ips : 10.698622467264308 imgs/s train.total_time : 0.18693995475769043 
TCAPPDLL 2025-06-30 01:42:09.155768 - Epoch: 0 Iteration: 89  rank : 0  train.loss : 3.686924934387207  train.ips : 7.642946822138522 imgs/s train.total_time : 0.26167917251586914 
TCAPPDLL 2025-06-30 01:42:09.461278 - Epoch: 0 Iteration: 90  rank : 0  train.loss : 3.671705722808838  train.ips : 6.5493940610014505 imgs/s train.total_time : 0.3053717613220215 
TCAPPDLL 2025-06-30 01:42:09.672284 - Epoch: 0 Iteration: 91  rank : 0  train.loss : 4.365682601928711  train.ips : 9.484558182552075 imgs/s train.total_time : 0.21086907386779785 
TCAPPDLL 2025-06-30 01:42:09.881537 - Epoch: 0 Iteration: 92  rank : 0  train.loss : 3.9465579986572266  train.ips : 9.564223185517431 imgs/s train.total_time : 0.20911264419555664 
TCAPPDLL 2025-06-30 01:42:10.047634 - Epoch: 0 Iteration: 93  rank : 0  train.loss : 3.9236156940460205  train.ips : 12.052164792931288 imgs/s train.total_time : 0.16594529151916504 
TCAPPDLL 2025-06-30 01:42:10.240820 - Epoch: 0 Iteration: 94  rank : 0  train.loss : 3.970526695251465  train.ips : 10.360104877961426 imgs/s train.total_time : 0.19304823875427246 
TCAPPDLL 2025-06-30 01:42:10.394455 - Epoch: 0 Iteration: 95  rank : 0  train.loss : 4.3577375411987305  train.ips : 13.03013894390208 imgs/s train.total_time : 0.15349030494689941 
TCAPPDLL 2025-06-30 01:42:10.572654 - Epoch: 0 Iteration: 96  rank : 0  train.loss : 4.158730506896973  train.ips : 11.241091062586683 imgs/s train.total_time : 0.1779186725616455 
TCAPPDLL 2025-06-30 01:42:10.832329 - Epoch: 0 Iteration: 97  rank : 0  train.loss : 4.0988450050354  train.ips : 7.706236197209494 imgs/s train.total_time : 0.25953006744384766 
TCAPPDLL 2025-06-30 01:42:11.133270 - Epoch: 0 Iteration: 98  rank : 0  train.loss : 4.177036285400391  train.ips : 6.649023881803698 imgs/s train.total_time : 0.3007960319519043 
TCAPPDLL 2025-06-30 01:42:11.352724 - Epoch: 0 Iteration: 99  rank : 0  train.loss : 4.1705098152160645  train.ips : 9.121522318273255 imgs/s train.total_time : 0.21926164627075195 
06/30 01:42:11 - mmengine - INFO - Epoch(train)  [1][  100/58633]  lr: 1.9920e-03  eta: 2 days, 1:14:58  time: 0.2213  data_time: 0.0222  memory: 6841  loss: 3.9397  loss_mask: 2.9399  loss_cls: 0.9998
