Training with a single process on 1 device (cuda).
Model maxvit_base_tf_224 created, param count:119467708
Data processing configuration for current model + dataset:
	input_size: (3, 224, 224)
	interpolation: bicubic
	mean: (0.485, 0.456, 0.406)
	std: (0.229, 0.224, 0.225)
	crop_pct: 0.95
	crop_mode: center
Created SGD (sgd) optimizer: lr: 0.4, momentum: 0.9, dampening: 0, weight_decay: 2e-05, nesterov: True, maximize: False, foreach: None, differentiable: False, fused: None
Using native Torch AMP. Training in mixed precision.
Scheduled epochs: 1 (epochs + cooldown_epochs). Warmup within epochs when warmup_prefix=False. LR stepped per epoch.
TCAPPDLL 2025-12-12 17:08:11.832879 - Epoch: 0 Iteration: 0  rank : 0  train.loss : 7.047321319580078  train.ips : 53687.0912 imgs/s train.total_time : 0.0002980232238769531
TCAPPDLL 2025-12-12 17:08:12.169566 - Epoch: 0 Iteration: 1  rank : 0  train.loss : 7.017902374267578  train.ips : 39406.261890780974 imgs/s train.total_time : 0.00040602684020996094
TCAPPDLL 2025-12-12 17:08:12.362702 - Epoch: 0 Iteration: 2  rank : 0  train.loss : 6.993882179260254  train.ips : 36974.58071625344 imgs/s train.total_time : 0.00043272972106933594
TCAPPDLL 2025-12-12 17:08:12.556183 - Epoch: 0 Iteration: 3  rank : 0  train.loss : 6.9971418380737305  train.ips : 36041.28034371643 imgs/s train.total_time : 0.0004439353942871094
TCAPPDLL 2025-12-12 17:08:12.754396 - Epoch: 0 Iteration: 4  rank : 0  train.loss : 7.071817398071289  train.ips : 25257.382009785473 imgs/s train.total_time : 0.0006334781646728516
TCAPPDLL 2025-12-12 17:08:12.979814 - Epoch: 0 Iteration: 5  rank : 0  train.loss : 6.886061668395996  train.ips : 27548.7947454844 imgs/s train.total_time : 0.0005807876586914062
TCAPPDLL 2025-12-12 17:08:13.170888 - Epoch: 0 Iteration: 6  rank : 0  train.loss : 6.8519439697265625  train.ips : 22089.81698485846 imgs/s train.total_time : 0.0007243156433105469
TCAPPDLL 2025-12-12 17:08:13.372005 - Epoch: 0 Iteration: 7  rank : 0  train.loss : 6.896421909332275  train.ips : 35007.23213354199 imgs/s train.total_time : 0.0004570484161376953
TCAPPDLL 2025-12-12 17:08:13.566188 - Epoch: 0 Iteration: 8  rank : 0  train.loss : 6.863401412963867  train.ips : 33255.13577799802 imgs/s train.total_time : 0.0004811286926269531
TCAPPDLL 2025-12-12 17:08:14.363521 - Epoch: 0 Iteration: 9  rank : 0  train.loss : 6.882208824157715  train.ips : 31213.42511627907 imgs/s train.total_time : 0.0005125999450683594
TCAPPDLL 2025-12-12 17:08:14.562049 - Epoch: 0 Iteration: 10  rank : 0  train.loss : 6.846015453338623  train.ips : 34065.413197969545 imgs/s train.total_time : 0.0004696846008300781
TCAPPDLL 2025-12-12 17:08:14.758889 - Epoch: 0 Iteration: 11  rank : 0  train.loss : 6.869150161743164  train.ips : 33189.34915924827 imgs/s train.total_time : 0.0004820823669433594
TCAPPDLL 2025-12-12 17:08:15.814778 - Epoch: 0 Iteration: 12  rank : 0  train.loss : 6.793939590454102  train.ips : 34952.53333333333 imgs/s train.total_time : 0.000457763671875
TCAPPDLL 2025-12-12 17:08:17.058286 - Epoch: 0 Iteration: 13  rank : 0  train.loss : 6.906496047973633  train.ips : 34256.694231750895 imgs/s train.total_time : 0.00046706199645996094
TCAPPDLL 2025-12-12 17:08:17.249223 - Epoch: 0 Iteration: 14  rank : 0  train.loss : 6.847156524658203  train.ips : 35339.05423907319 imgs/s train.total_time : 0.0004527568817138672
TCAPPDLL 2025-12-12 17:08:17.442880 - Epoch: 0 Iteration: 15  rank : 0  train.loss : 6.902179718017578  train.ips : 33910.4921677615 imgs/s train.total_time : 0.0004718303680419922
TCAPPDLL 2025-12-12 17:08:17.644208 - Epoch: 0 Iteration: 16  rank : 0  train.loss : 6.979630470275879  train.ips : 36432.608034744844 imgs/s train.total_time : 0.0004391670227050781
TCAPPDLL 2025-12-12 17:08:20.037100 - Epoch: 0 Iteration: 17  rank : 0  train.loss : 6.880268096923828  train.ips : 40184.94850299401 imgs/s train.total_time : 0.0003981590270996094
TCAPPDLL 2025-12-12 17:08:20.234126 - Epoch: 0 Iteration: 18  rank : 0  train.loss : 6.975266933441162  train.ips : 33205.771400296886 imgs/s train.total_time : 0.0004818439483642578
TCAPPDLL 2025-12-12 17:08:20.426306 - Epoch: 0 Iteration: 19  rank : 0  train.loss : 6.9327392578125  train.ips : 38903.68927536232 imgs/s train.total_time : 0.0004112720489501953
TCAPPDLL 2025-12-12 17:08:20.627610 - Epoch: 0 Iteration: 20  rank : 0  train.loss : 6.917036533355713  train.ips : 36913.56655665566 imgs/s train.total_time : 0.0004334449768066406
TCAPPDLL 2025-12-12 17:08:22.923778 - Epoch: 0 Iteration: 21  rank : 0  train.loss : 6.939014911651611  train.ips : 26452.055183287346 imgs/s train.total_time : 0.0006048679351806641
TCAPPDLL 2025-12-12 17:08:23.127985 - Epoch: 0 Iteration: 22  rank : 0  train.loss : 6.864054203033447  train.ips : 36832.5268935236 imgs/s train.total_time : 0.0004343986511230469
TCAPPDLL 2025-12-12 17:08:23.328442 - Epoch: 0 Iteration: 23  rank : 0  train.loss : 6.990869522094727  train.ips : 23679.90966831334 imgs/s train.total_time : 0.0006756782531738281
TCAPPDLL 2025-12-12 17:08:23.530039 - Epoch: 0 Iteration: 24  rank : 0  train.loss : 6.847323417663574  train.ips : 30093.660986547085 imgs/s train.total_time : 0.0005316734313964844
TCAPPDLL 2025-12-12 17:08:25.578054 - Epoch: 0 Iteration: 25  rank : 0  train.loss : 6.932096481323242  train.ips : 34379.54098360656 imgs/s train.total_time : 0.00046539306640625
TCAPPDLL 2025-12-12 17:08:25.785290 - Epoch: 0 Iteration: 26  rank : 0  train.loss : 7.070197105407715  train.ips : 30840.470588235294 imgs/s train.total_time : 0.000518798828125
TCAPPDLL 2025-12-12 17:08:25.983115 - Epoch: 0 Iteration: 27  rank : 0  train.loss : 6.928079605102539  train.ips : 35753.257325519444 imgs/s train.total_time : 0.0004475116729736328
TCAPPDLL 2025-12-12 17:08:26.181165 - Epoch: 0 Iteration: 28  rank : 0  train.loss : 6.876579284667969  train.ips : 32864.28207639569 imgs/s train.total_time : 0.0004868507385253906
TCAPPDLL 2025-12-12 17:08:28.040711 - Epoch: 0 Iteration: 29  rank : 0  train.loss : 6.977873802185059  train.ips : 43548.905905256324 imgs/s train.total_time : 0.0003674030303955078
TCAPPDLL 2025-12-12 17:08:28.235408 - Epoch: 0 Iteration: 30  rank : 0  train.loss : 6.97837495803833  train.ips : 42935.933461292385 imgs/s train.total_time : 0.0003726482391357422
TCAPPDLL 2025-12-12 17:08:28.428238 - Epoch: 0 Iteration: 31  rank : 0  train.loss : 7.029677391052246  train.ips : 33454.06979062811 imgs/s train.total_time : 0.0004782676696777344
TCAPPDLL 2025-12-12 17:08:28.622426 - Epoch: 0 Iteration: 32  rank : 0  train.loss : 6.99992036819458  train.ips : 32217.40950552088 imgs/s train.total_time : 0.0004966259002685547
TCAPPDLL 2025-12-12 17:08:29.446282 - Epoch: 0 Iteration: 33  rank : 0  train.loss : 6.890172958374023  train.ips : 42744.49936305732 imgs/s train.total_time : 0.0003743171691894531
TCAPPDLL 2025-12-12 17:08:29.637380 - Epoch: 0 Iteration: 34  rank : 0  train.loss : 6.932170867919922  train.ips : 40696.70345664039 imgs/s train.total_time : 0.00039315223693847656
TCAPPDLL 2025-12-12 17:08:29.824879 - Epoch: 0 Iteration: 35  rank : 0  train.loss : 6.960158348083496  train.ips : 38022.01926345609 imgs/s train.total_time : 0.0004208087921142578
TCAPPDLL 2025-12-12 17:08:31.331155 - Epoch: 0 Iteration: 36  rank : 0  train.loss : 6.841459274291992  train.ips : 32155.660757067562 imgs/s train.total_time : 0.0004975795745849609
TCAPPDLL 2025-12-12 17:08:32.049576 - Epoch: 0 Iteration: 37  rank : 0  train.loss : 6.911596298217773  train.ips : 29760.028381374723 imgs/s train.total_time : 0.0005376338958740234
TCAPPDLL 2025-12-12 17:08:32.243756 - Epoch: 0 Iteration: 38  rank : 0  train.loss : 6.968437671661377  train.ips : 33825.032258064515 imgs/s train.total_time : 0.0004730224609375
TCAPPDLL 2025-12-12 17:08:32.441896 - Epoch: 0 Iteration: 39  rank : 0  train.loss : 7.039979934692383  train.ips : 37893.20383963862 imgs/s train.total_time : 0.0004222393035888672
TCAPPDLL 2025-12-12 17:08:33.939390 - Epoch: 0 Iteration: 40  rank : 0  train.loss : 6.881856441497803  train.ips : 35264.77351550184 imgs/s train.total_time : 0.00045371055603027344
TCAPPDLL 2025-12-12 17:08:34.834952 - Epoch: 0 Iteration: 41  rank : 0  train.loss : 6.899075031280518  train.ips : 34134.722278738554 imgs/s train.total_time : 0.0004687309265136719
TCAPPDLL 2025-12-12 17:08:35.030000 - Epoch: 0 Iteration: 42  rank : 0  train.loss : 6.943760871887207  train.ips : 33420.74900398406 imgs/s train.total_time : 0.0004787445068359375
TCAPPDLL 2025-12-12 17:08:35.225671 - Epoch: 0 Iteration: 43  rank : 0  train.loss : 6.999246597290039  train.ips : 29511.373790677222 imgs/s train.total_time : 0.0005421638488769531
TCAPPDLL 2025-12-12 17:08:35.417473 - Epoch: 0 Iteration: 44  rank : 0  train.loss : 6.991986274719238  train.ips : 38282.295493439815 imgs/s train.total_time : 0.00041794776916503906
TCAPPDLL 2025-12-12 17:08:37.467059 - Epoch: 0 Iteration: 45  rank : 0  train.loss : 6.896910190582275  train.ips : 29602.498456109395 imgs/s train.total_time : 0.0005404949188232422
TCAPPDLL 2025-12-12 17:08:37.667525 - Epoch: 0 Iteration: 46  rank : 0  train.loss : 6.821564674377441  train.ips : 28679.00170940171 imgs/s train.total_time : 0.0005578994750976562
TCAPPDLL 2025-12-12 17:08:37.862671 - Epoch: 0 Iteration: 47  rank : 0  train.loss : 6.912021636962891  train.ips : 30242.840919333034 imgs/s train.total_time : 0.0005290508270263672
TCAPPDLL 2025-12-12 17:08:38.063907 - Epoch: 0 Iteration: 48  rank : 0  train.loss : 6.945731163024902  train.ips : 31820.229492650546 imgs/s train.total_time : 0.0005028247833251953
TCAPPDLL 2025-12-12 17:08:40.157462 - Epoch: 0 Iteration: 49  rank : 0  train.loss : 6.841132164001465  train.ips : 32419.74106280193 imgs/s train.total_time : 0.0004935264587402344
TCAPPDLL 2025-12-12 17:08:40.363187 - Epoch: 0 Iteration: 50  rank : 0  train.loss : 6.964629173278809  train.ips : 37449.142857142855 imgs/s train.total_time : 0.00042724609375
TCAPPDLL 2025-12-12 17:08:40.557477 - Epoch: 0 Iteration: 51  rank : 0  train.loss : 7.001719951629639  train.ips : 34735.43685300207 imgs/s train.total_time : 0.00046062469482421875
TCAPPDLL 2025-12-12 17:08:41.103347 - Epoch: 0 Iteration: 52  rank : 0  train.loss : 6.996402740478516  train.ips : 37744.017997750285 imgs/s train.total_time : 0.0004239082336425781
TCAPPDLL 2025-12-12 17:08:43.002963 - Epoch: 0 Iteration: 53  rank : 0  train.loss : 6.928524017333984  train.ips : 37386.553760445684 imgs/s train.total_time : 0.0004279613494873047
TCAPPDLL 2025-12-12 17:08:43.199316 - Epoch: 0 Iteration: 54  rank : 0  train.loss : 6.911284923553467  train.ips : 32232.88376560999 imgs/s train.total_time : 0.0004963874816894531
TCAPPDLL 2025-12-12 17:08:43.395215 - Epoch: 0 Iteration: 55  rank : 0  train.loss : 7.094724655151367  train.ips : 39732.89757252812 imgs/s train.total_time : 0.00040268898010253906
TCAPPDLL 2025-12-12 17:08:43.644116 - Epoch: 0 Iteration: 56  rank : 0  train.loss : 6.973653316497803  train.ips : 29511.373790677222 imgs/s train.total_time : 0.0005421638488769531
TCAPPDLL 2025-12-12 17:08:45.684636 - Epoch: 0 Iteration: 57  rank : 0  train.loss : 7.0024638175964355  train.ips : 45039.506040268454 imgs/s train.total_time : 0.0003552436828613281
TCAPPDLL 2025-12-12 17:08:45.886606 - Epoch: 0 Iteration: 58  rank : 0  train.loss : 6.732375144958496  train.ips : 39945.752380952385 imgs/s train.total_time : 0.000400543212890625
TCAPPDLL 2025-12-12 17:08:46.078301 - Epoch: 0 Iteration: 59  rank : 0  train.loss : 6.971175193786621  train.ips : 37722.80157391793 imgs/s train.total_time : 0.0004241466522216797
TCAPPDLL 2025-12-12 17:08:46.280456 - Epoch: 0 Iteration: 60  rank : 0  train.loss : 6.972291946411133  train.ips : 36631.47598253275 imgs/s train.total_time : 0.0004367828369140625
TCAPPDLL 2025-12-12 17:08:47.201349 - Epoch: 0 Iteration: 61  rank : 0  train.loss : 6.983884811401367  train.ips : 43240.24742268041 imgs/s train.total_time : 0.000370025634765625
TCAPPDLL 2025-12-12 17:08:47.398924 - Epoch: 0 Iteration: 62  rank : 0  train.loss : 7.041680335998535  train.ips : 37344.94379521425 imgs/s train.total_time : 0.0004284381866455078
TCAPPDLL 2025-12-12 17:08:47.597246 - Epoch: 0 Iteration: 63  rank : 0  train.loss : 7.023531913757324  train.ips : 35209.26757607555 imgs/s train.total_time : 0.0004544258117675781
TCAPPDLL 2025-12-12 17:08:48.840796 - Epoch: 0 Iteration: 64  rank : 0  train.loss : 6.929725646972656  train.ips : 35451.063919704175 imgs/s train.total_time : 0.0004513263702392578
TCAPPDLL 2025-12-12 17:08:49.762276 - Epoch: 0 Iteration: 65  rank : 0  train.loss : 6.970473289489746  train.ips : 42662.977749523205 imgs/s train.total_time : 0.0003750324249267578
TCAPPDLL 2025-12-12 17:08:49.952423 - Epoch: 0 Iteration: 66  rank : 0  train.loss : 6.932281494140625  train.ips : 44442.95629139073 imgs/s train.total_time : 0.0003600120544433594
TCAPPDLL 2025-12-12 17:08:50.141997 - Epoch: 0 Iteration: 67  rank : 0  train.loss : 6.93554162979126  train.ips : 46250.07856650586 imgs/s train.total_time : 0.0003459453582763672
TCAPPDLL 2025-12-12 17:08:50.520353 - Epoch: 0 Iteration: 68  rank : 0  train.loss : 6.937444686889648  train.ips : 45221.6064690027 imgs/s train.total_time : 0.00035381317138671875
TCAPPDLL 2025-12-12 17:08:52.311679 - Epoch: 0 Iteration: 69  rank : 0  train.loss : 6.8764190673828125  train.ips : 28593.465700894758 imgs/s train.total_time : 0.0005595684051513672
TCAPPDLL 2025-12-12 17:08:52.511383 - Epoch: 0 Iteration: 70  rank : 0  train.loss : 6.998195648193359  train.ips : 31729.959338061464 imgs/s train.total_time : 0.0005042552947998047
TCAPPDLL 2025-12-12 17:08:52.706933 - Epoch: 0 Iteration: 71  rank : 0  train.loss : 6.994893550872803  train.ips : 29382.1646234676 imgs/s train.total_time : 0.0005445480346679688
TCAPPDLL 2025-12-12 17:08:53.429127 - Epoch: 0 Iteration: 72  rank : 0  train.loss : 6.877873420715332  train.ips : 31506.508920187793 imgs/s train.total_time : 0.0005078315734863281
TCAPPDLL 2025-12-12 17:08:54.970767 - Epoch: 0 Iteration: 73  rank : 0  train.loss : 6.840775489807129  train.ips : 35867.91234633885 imgs/s train.total_time : 0.00044608116149902344
TCAPPDLL 2025-12-12 17:08:55.168328 - Epoch: 0 Iteration: 74  rank : 0  train.loss : 6.964714050292969  train.ips : 32736.031219512195 imgs/s train.total_time : 0.0004887580871582031
TCAPPDLL 2025-12-12 17:08:55.366446 - Epoch: 0 Iteration: 75  rank : 0  train.loss : 6.974574089050293  train.ips : 34988.98018769552 imgs/s train.total_time : 0.0004572868347167969
TCAPPDLL 2025-12-12 17:08:55.889377 - Epoch: 0 Iteration: 76  rank : 0  train.loss : 6.954623699188232  train.ips : 34681.5834625323 imgs/s train.total_time : 0.00046133995056152344
TCAPPDLL 2025-12-12 17:08:58.053303 - Epoch: 0 Iteration: 77  rank : 0  train.loss : 6.855569839477539  train.ips : 25343.22658610272 imgs/s train.total_time : 0.0006313323974609375
TCAPPDLL 2025-12-12 17:08:58.252100 - Epoch: 0 Iteration: 78  rank : 0  train.loss : 6.852811813354492  train.ips : 30699.388838060386 imgs/s train.total_time : 0.0005211830139160156
TCAPPDLL 2025-12-12 17:08:58.444054 - Epoch: 0 Iteration: 79  rank : 0  train.loss : 6.908695220947266  train.ips : 36751.84227820372 imgs/s train.total_time : 0.0004353523254394531
TCAPPDLL 2025-12-12 17:08:58.637828 - Epoch: 0 Iteration: 80  rank : 0  train.loss : 6.934844017028809  train.ips : 32357.215043394408 imgs/s train.total_time : 0.0004944801330566406
TCAPPDLL 2025-12-12 17:08:59.474955 - Epoch: 0 Iteration: 81  rank : 0  train.loss : 6.87447452545166  train.ips : 35563.78590355061 imgs/s train.total_time : 0.00044989585876464844
TCAPPDLL 2025-12-12 17:08:59.669522 - Epoch: 0 Iteration: 82  rank : 0  train.loss : 7.021970748901367  train.ips : 31141.004176334107 imgs/s train.total_time : 0.0005137920379638672
TCAPPDLL 2025-12-12 17:08:59.863563 - Epoch: 0 Iteration: 83  rank : 0  train.loss : 6.8883466720581055  train.ips : 44442.95629139073 imgs/s train.total_time : 0.0003600120544433594
TCAPPDLL 2025-12-12 17:09:01.011920 - Epoch: 0 Iteration: 84  rank : 0  train.loss : 7.004211902618408  train.ips : 42990.94426649583 imgs/s train.total_time : 0.00037217140197753906
TCAPPDLL 2025-12-12 17:09:01.929306 - Epoch: 0 Iteration: 85  rank : 0  train.loss : 6.976973056793213  train.ips : 39615.62219598583 imgs/s train.total_time : 0.0004038810729980469
TCAPPDLL 2025-12-12 17:09:02.121474 - Epoch: 0 Iteration: 86  rank : 0  train.loss : 7.013452529907227  train.ips : 36792.14035087719 imgs/s train.total_time : 0.00043487548828125
TCAPPDLL 2025-12-12 17:09:02.320940 - Epoch: 0 Iteration: 87  rank : 0  train.loss : 6.9020256996154785  train.ips : 42554.76474318326 imgs/s train.total_time : 0.00037598609924316406
TCAPPDLL 2025-12-12 17:09:02.542797 - Epoch: 0 Iteration: 88  rank : 0  train.loss : 6.957179069519043  train.ips : 41656.650527622594 imgs/s train.total_time : 0.0003840923309326172
TCAPPDLL 2025-12-12 17:09:04.576915 - Epoch: 0 Iteration: 89  rank : 0  train.loss : 7.025763511657715  train.ips : 38701.76701268743 imgs/s train.total_time : 0.0004134178161621094
TCAPPDLL 2025-12-12 17:09:04.771145 - Epoch: 0 Iteration: 90  rank : 0  train.loss : 6.971981525421143  train.ips : 37344.94379521425 imgs/s train.total_time : 0.0004284381866455078
TCAPPDLL 2025-12-12 17:09:04.966426 - Epoch: 0 Iteration: 91  rank : 0  train.loss : 6.9818315505981445  train.ips : 38108.383872799546 imgs/s train.total_time : 0.00041985511779785156
TCAPPDLL 2025-12-12 17:09:05.163039 - Epoch: 0 Iteration: 92  rank : 0  train.loss : 6.886798858642578  train.ips : 39993.36352800953 imgs/s train.total_time : 0.0004000663757324219
TCAPPDLL 2025-12-12 17:09:07.168341 - Epoch: 0 Iteration: 93  rank : 0  train.loss : 6.96993350982666  train.ips : 16372.00878262991 imgs/s train.total_time : 0.0009772777557373047
TCAPPDLL 2025-12-12 17:09:07.610804 - Epoch: 0 Iteration: 94  rank : 0  train.loss : 6.902074337005615  train.ips : 20693.451742213998 imgs/s train.total_time : 0.0007731914520263672
TCAPPDLL 2025-12-12 17:09:08.090632 - Epoch: 0 Iteration: 95  rank : 0  train.loss : 6.937217712402344  train.ips : 20068.44019138756 imgs/s train.total_time : 0.000797271728515625
TCAPPDLL 2025-12-12 17:09:08.336144 - Epoch: 0 Iteration: 96  rank : 0  train.loss : 6.931379318237305  train.ips : 29760.028381374723 imgs/s train.total_time : 0.0005376338958740234
TCAPPDLL 2025-12-12 17:09:09.799175 - Epoch: 0 Iteration: 97  rank : 0  train.loss : 6.892765522003174  train.ips : 26410.414797323887 imgs/s train.total_time : 0.0006058216094970703
TCAPPDLL 2025-12-12 17:09:10.022363 - Epoch: 0 Iteration: 98  rank : 0  train.loss : 6.883724212646484  train.ips : 31097.712696941613 imgs/s train.total_time : 0.0005145072937011719
TCAPPDLL 2025-12-12 17:09:10.221475 - Epoch: 0 Iteration: 99  rank : 0  train.loss : 6.909898281097412  train.ips : 35098.77824267782 imgs/s train.total_time : 0.0004558563232421875
TCAPPDLL 2025-12-12 17:09:10.430032 - Epoch: 0 Iteration: 100  rank : 0  train.loss : 6.884115219116211  train.ips : 25555.546077684692 imgs/s train.total_time : 0.0006260871887207031
TCAPPDLL 2025-12-12 17:09:11.307174 - Epoch: 0 Iteration: 101  rank : 0  train.loss : 6.9269795417785645  train.ips : 21216.839709136897 imgs/s train.total_time : 0.0007541179656982422
TCAPPDLL 2025-12-12 17:09:11.518011 - Epoch: 0 Iteration: 102  rank : 0  train.loss : 6.827544212341309  train.ips : 21136.650078740156 imgs/s train.total_time : 0.0007569789886474609
TCAPPDLL 2025-12-12 17:09:11.723791 - Epoch: 0 Iteration: 103  rank : 0  train.loss : 7.0028228759765625  train.ips : 19141.147746719907 imgs/s train.total_time : 0.0008358955383300781
TCAPPDLL 2025-12-12 17:09:11.942732 - Epoch: 0 Iteration: 104  rank : 0  train.loss : 6.971094131469727  train.ips : 16448.250980392157 imgs/s train.total_time : 0.000972747802734375
TCAPPDLL 2025-12-12 17:09:14.123441 - Epoch: 0 Iteration: 105  rank : 0  train.loss : 6.904315948486328  train.ips : 35376.31207169215 imgs/s train.total_time : 0.00045228004455566406
TCAPPDLL 2025-12-12 17:09:14.320216 - Epoch: 0 Iteration: 106  rank : 0  train.loss : 6.945077896118164  train.ips : 34450.135523613964 imgs/s train.total_time : 0.00046443939208984375
TCAPPDLL 2025-12-12 17:09:14.516807 - Epoch: 0 Iteration: 107  rank : 0  train.loss : 6.827695369720459  train.ips : 38501.93000573723 imgs/s train.total_time : 0.00041556358337402344
TCAPPDLL 2025-12-12 17:09:14.711179 - Epoch: 0 Iteration: 108  rank : 0  train.loss : 6.963404655456543  train.ips : 36812.322545255076 imgs/s train.total_time : 0.00043463706970214844
TCAPPDLL 2025-12-12 17:09:16.959237 - Epoch: 0 Iteration: 109  rank : 0  train.loss : 6.922397613525391  train.ips : 35283.31440588854 imgs/s train.total_time : 0.0004534721374511719
TCAPPDLL 2025-12-12 17:09:17.151002 - Epoch: 0 Iteration: 110  rank : 0  train.loss : 6.99005126953125  train.ips : 44237.88002636783 imgs/s train.total_time : 0.0003616809844970703
TCAPPDLL 2025-12-12 17:09:17.336228 - Epoch: 0 Iteration: 111  rank : 0  train.loss : 6.932546615600586  train.ips : 47259.76338028169 imgs/s train.total_time : 0.00033855438232421875
TCAPPDLL 2025-12-12 17:09:17.525131 - Epoch: 0 Iteration: 112  rank : 0  train.loss : 7.0236310958862305  train.ips : 43976.9750982962 imgs/s train.total_time : 0.0003638267517089844
TCAPPDLL 2025-12-12 17:09:19.535080 - Epoch: 0 Iteration: 113  rank : 0  train.loss : 6.934460639953613  train.ips : 46571.03678001388 imgs/s train.total_time : 0.00034356117248535156
TCAPPDLL 2025-12-12 17:09:19.722449 - Epoch: 0 Iteration: 114  rank : 0  train.loss : 7.024089813232422  train.ips : 35753.257325519444 imgs/s train.total_time : 0.0004475116729736328
TCAPPDLL 2025-12-12 17:09:19.910332 - Epoch: 0 Iteration: 115  rank : 0  train.loss : 6.913890838623047  train.ips : 48735.558460421205 imgs/s train.total_time : 0.00032830238342285156
TCAPPDLL 2025-12-12 17:09:20.098964 - Epoch: 0 Iteration: 116  rank : 0  train.loss : 6.952531337738037  train.ips : 46733.1922005571 imgs/s train.total_time : 0.00034236907958984375
TCAPPDLL 2025-12-12 17:09:22.267583 - Epoch: 0 Iteration: 117  rank : 0  train.loss : 6.9162139892578125  train.ips : 36954.220264317184 imgs/s train.total_time : 0.0004329681396484375
TCAPPDLL 2025-12-12 17:09:22.457274 - Epoch: 0 Iteration: 118  rank : 0  train.loss : 6.922295093536377  train.ips : 44150.56842105263 imgs/s train.total_time : 0.000362396240234375
TCAPPDLL 2025-12-12 17:09:22.648938 - Epoch: 0 Iteration: 119  rank : 0  train.loss : 6.948993682861328  train.ips : 41890.67665418227 imgs/s train.total_time : 0.0003819465637207031
TCAPPDLL 2025-12-12 17:09:22.846567 - Epoch: 0 Iteration: 120  rank : 0  train.loss : 6.869259357452393  train.ips : 59126.75242290749 imgs/s train.total_time : 0.00027060508728027344
TCAPPDLL 2025-12-12 17:09:24.859347 - Epoch: 0 Iteration: 121  rank : 0  train.loss : 6.822811126708984  train.ips : 44150.56842105263 imgs/s train.total_time : 0.000362396240234375
TCAPPDLL 2025-12-12 17:09:25.045406 - Epoch: 0 Iteration: 122  rank : 0  train.loss : 6.929376602172852  train.ips : 42473.964556962026 imgs/s train.total_time : 0.00037670135498046875
TCAPPDLL 2025-12-12 17:09:25.230702 - Epoch: 0 Iteration: 123  rank : 0  train.loss : 6.927865982055664  train.ips : 47027.93552908199 imgs/s train.total_time : 0.0003402233123779297
TCAPPDLL 2025-12-12 17:09:25.416559 - Epoch: 0 Iteration: 124  rank : 0  train.loss : 6.939099311828613  train.ips : 41995.53441802253 imgs/s train.total_time : 0.0003809928894042969
TCAPPDLL 2025-12-12 17:09:26.366155 - Epoch: 0 Iteration: 125  rank : 0  train.loss : 6.984837532043457  train.ips : 40233.13189448441 imgs/s train.total_time : 0.00039768218994140625
TCAPPDLL 2025-12-12 17:09:26.559115 - Epoch: 0 Iteration: 126  rank : 0  train.loss : 6.981561660766602  train.ips : 27650.953440461475 imgs/s train.total_time : 0.0005786418914794922
TCAPPDLL 2025-12-12 17:09:26.751204 - Epoch: 0 Iteration: 127  rank : 0  train.loss : 6.944780349731445  train.ips : 45870.72043745728 imgs/s train.total_time : 0.00034880638122558594
TCAPPDLL 2025-12-12 17:09:26.937307 - Epoch: 0 Iteration: 128  rank : 0  train.loss : 6.968367099761963  train.ips : 45776.85129604366 imgs/s train.total_time : 0.0003495216369628906
TCAPPDLL 2025-12-12 17:09:28.929715 - Epoch: 0 Iteration: 129  rank : 0  train.loss : 6.981825828552246  train.ips : 47127.011235955055 imgs/s train.total_time : 0.000339508056640625
TCAPPDLL 2025-12-12 17:09:29.115800 - Epoch: 0 Iteration: 130  rank : 0  train.loss : 6.982996940612793  train.ips : 34934.33836543467 imgs/s train.total_time : 0.00045800209045410156
TCAPPDLL 2025-12-12 17:09:29.307727 - Epoch: 0 Iteration: 131  rank : 0  train.loss : 6.902012825012207  train.ips : 41604.999380037196 imgs/s train.total_time : 0.0003845691680908203
TCAPPDLL 2025-12-12 17:09:29.494394 - Epoch: 0 Iteration: 132  rank : 0  train.loss : 6.917138576507568  train.ips : 49236.14380044021 imgs/s train.total_time : 0.0003249645233154297
TCAPPDLL 2025-12-12 17:09:31.413261 - Epoch: 0 Iteration: 133  rank : 0  train.loss : 6.902743339538574  train.ips : 41221.66093366093 imgs/s train.total_time : 0.00038814544677734375
TCAPPDLL 2025-12-12 17:09:31.596924 - Epoch: 0 Iteration: 134  rank : 0  train.loss : 6.882089614868164  train.ips : 47027.93552908199 imgs/s train.total_time : 0.0003402233123779297
TCAPPDLL 2025-12-12 17:09:31.786995 - Epoch: 0 Iteration: 135  rank : 0  train.loss : 6.957762241363525  train.ips : 41221.66093366093 imgs/s train.total_time : 0.00038814544677734375
TCAPPDLL 2025-12-12 17:09:31.974798 - Epoch: 0 Iteration: 136  rank : 0  train.loss : 6.959281921386719  train.ips : 35507.33544973545 imgs/s train.total_time : 0.0004506111145019531
TCAPPDLL 2025-12-12 17:09:33.920261 - Epoch: 0 Iteration: 137  rank : 0  train.loss : 6.967475891113281  train.ips : 31141.004176334107 imgs/s train.total_time : 0.0005137920379638672
TCAPPDLL 2025-12-12 17:09:34.117522 - Epoch: 0 Iteration: 138  rank : 0  train.loss : 6.908565998077393  train.ips : 27673.758350515465 imgs/s train.total_time : 0.0005781650543212891
TCAPPDLL 2025-12-12 17:09:34.320883 - Epoch: 0 Iteration: 139  rank : 0  train.loss : 6.858015537261963  train.ips : 34152.093638676844 imgs/s train.total_time : 0.0004684925079345703
TCAPPDLL 2025-12-12 17:09:34.522565 - Epoch: 0 Iteration: 140  rank : 0  train.loss : 6.889682769775391  train.ips : 32736.031219512195 imgs/s train.total_time : 0.0004887580871582031
TCAPPDLL 2025-12-12 17:09:35.384939 - Epoch: 0 Iteration: 141  rank : 0  train.loss : 6.839075088500977  train.ips : 43156.82572347267 imgs/s train.total_time : 0.0003707408905029297
TCAPPDLL 2025-12-12 17:09:35.574855 - Epoch: 0 Iteration: 142  rank : 0  train.loss : 6.894445419311523  train.ips : 42473.964556962026 imgs/s train.total_time : 0.00037670135498046875
TCAPPDLL 2025-12-12 17:09:35.761645 - Epoch: 0 Iteration: 143  rank : 0  train.loss : 6.946590900421143  train.ips : 47561.207654146 imgs/s train.total_time : 0.0003364086151123047
TCAPPDLL 2025-12-12 17:09:35.951576 - Epoch: 0 Iteration: 144  rank : 0  train.loss : 6.897085666656494  train.ips : 39945.752380952385 imgs/s train.total_time : 0.000400543212890625
TCAPPDLL 2025-12-12 17:09:37.664999 - Epoch: 0 Iteration: 145  rank : 0  train.loss : 6.944761276245117  train.ips : 45590.260869565216 imgs/s train.total_time : 0.0003509521484375
TCAPPDLL 2025-12-12 17:09:37.856721 - Epoch: 0 Iteration: 146  rank : 0  train.loss : 6.937917709350586  train.ips : 45559.31025118805 imgs/s train.total_time : 0.00035119056701660156
TCAPPDLL 2025-12-12 17:09:38.047870 - Epoch: 0 Iteration: 147  rank : 0  train.loss : 6.94180965423584  train.ips : 39107.729603729604 imgs/s train.total_time : 0.00040912628173828125
TCAPPDLL 2025-12-12 17:09:38.244636 - Epoch: 0 Iteration: 148  rank : 0  train.loss : 6.992681503295898  train.ips : 38108.383872799546 imgs/s train.total_time : 0.00041985511779785156
TCAPPDLL 2025-12-12 17:09:40.589954 - Epoch: 0 Iteration: 149  rank : 0  train.loss : 7.018852233886719  train.ips : 34221.75624681285 imgs/s train.total_time : 0.00046753883361816406
TCAPPDLL 2025-12-12 17:09:40.780421 - Epoch: 0 Iteration: 150  rank : 0  train.loss : 6.885474681854248  train.ips : 42021.83093299937 imgs/s train.total_time : 0.0003807544708251953
TCAPPDLL 2025-12-12 17:09:40.969320 - Epoch: 0 Iteration: 151  rank : 0  train.loss : 6.8694658279418945  train.ips : 42206.83270440251 imgs/s train.total_time : 0.0003790855407714844
TCAPPDLL 2025-12-12 17:09:41.152524 - Epoch: 0 Iteration: 152  rank : 0  train.loss : 6.945208549499512  train.ips : 42554.76474318326 imgs/s train.total_time : 0.00037598609924316406
TCAPPDLL 2025-12-12 17:09:42.976945 - Epoch: 0 Iteration: 153  rank : 0  train.loss : 6.9160237312316895  train.ips : 44649.94278110446 imgs/s train.total_time : 0.00035834312438964844
TCAPPDLL 2025-12-12 17:09:43.166081 - Epoch: 0 Iteration: 154  rank : 0  train.loss : 6.932845115661621  train.ips : 37936.04522328999 imgs/s train.total_time : 0.00042176246643066406
TCAPPDLL 2025-12-12 17:09:43.356612 - Epoch: 0 Iteration: 155  rank : 0  train.loss : 7.06480598449707  train.ips : 42527.79721166033 imgs/s train.total_time : 0.0003762245178222656
TCAPPDLL 2025-12-12 17:09:43.549690 - Epoch: 0 Iteration: 156  rank : 0  train.loss : 6.926937580108643  train.ips : 45839.38797814208 imgs/s train.total_time : 0.0003490447998046875
TCAPPDLL 2025-12-12 17:09:44.476317 - Epoch: 0 Iteration: 157  rank : 0  train.loss : 6.994992256164551  train.ips : 43351.97932816538 imgs/s train.total_time : 0.00036907196044921875
TCAPPDLL 2025-12-12 17:09:44.661606 - Epoch: 0 Iteration: 158  rank : 0  train.loss : 7.027039527893066  train.ips : 49272.29368575624 imgs/s train.total_time : 0.0003247261047363281
TCAPPDLL 2025-12-12 17:09:44.848528 - Epoch: 0 Iteration: 159  rank : 0  train.loss : 6.998828411102295  train.ips : 45009.29845741113 imgs/s train.total_time : 0.0003554821014404297
TCAPPDLL 2025-12-12 17:09:45.035271 - Epoch: 0 Iteration: 160  rank : 0  train.loss : 6.915343761444092  train.ips : 37386.553760445684 imgs/s train.total_time : 0.0004279613494873047
TCAPPDLL 2025-12-12 17:09:46.892587 - Epoch: 0 Iteration: 161  rank : 0  train.loss : 6.854196071624756  train.ips : 36432.608034744844 imgs/s train.total_time : 0.0004391670227050781
TCAPPDLL 2025-12-12 17:09:47.081211 - Epoch: 0 Iteration: 162  rank : 0  train.loss : 7.061132431030273  train.ips : 43833.3533638145 imgs/s train.total_time : 0.0003650188446044922
TCAPPDLL 2025-12-12 17:09:47.272250 - Epoch: 0 Iteration: 163  rank : 0  train.loss : 6.941399097442627  train.ips : 30297.45553047404 imgs/s train.total_time : 0.0005280971527099609
TCAPPDLL 2025-12-12 17:09:47.461440 - Epoch: 0 Iteration: 164  rank : 0  train.loss : 6.916878700256348  train.ips : 43833.3533638145 imgs/s train.total_time : 0.0003650188446044922
TCAPPDLL 2025-12-12 17:09:49.379919 - Epoch: 0 Iteration: 165  rank : 0  train.loss : 6.961156368255615  train.ips : 38065.15258082814 imgs/s train.total_time : 0.0004203319549560547
TCAPPDLL 2025-12-12 17:09:49.571972 - Epoch: 0 Iteration: 166  rank : 0  train.loss : 6.967145919799805  train.ips : 40451.39481615431 imgs/s train.total_time : 0.0003955364227294922
TCAPPDLL 2025-12-12 17:09:49.762188 - Epoch: 0 Iteration: 167  rank : 0  train.loss : 6.8655853271484375  train.ips : 44296.2798679868 imgs/s train.total_time : 0.0003612041473388672
TCAPPDLL 2025-12-12 17:09:49.954380 - Epoch: 0 Iteration: 168  rank : 0  train.loss : 6.799294471740723  train.ips : 42881.06325878594 imgs/s train.total_time : 0.0003731250762939453
TCAPPDLL 2025-12-12 17:09:50.870840 - Epoch: 0 Iteration: 169  rank : 0  train.loss : 6.9420084953308105  train.ips : 37449.142857142855 imgs/s train.total_time : 0.00042724609375
TCAPPDLL 2025-12-12 17:09:52.081525 - Epoch: 0 Iteration: 170  rank : 0  train.loss : 6.902922630310059  train.ips : 38413.77447052089 imgs/s train.total_time : 0.0004165172576904297
TCAPPDLL 2025-12-12 17:09:52.272241 - Epoch: 0 Iteration: 171  rank : 0  train.loss : 6.946148872375488  train.ips : 41171.08220858896 imgs/s train.total_time : 0.0003886222839355469
TCAPPDLL 2025-12-12 17:09:52.464329 - Epoch: 0 Iteration: 172  rank : 0  train.loss : 6.953275680541992  train.ips : 31744.968779564806 imgs/s train.total_time : 0.0005040168762207031
TCAPPDLL 2025-12-12 17:09:53.462014 - Epoch: 0 Iteration: 173  rank : 0  train.loss : 6.930398464202881  train.ips : 38813.68652400231 imgs/s train.total_time : 0.00041222572326660156
TCAPPDLL 2025-12-12 17:09:53.655289 - Epoch: 0 Iteration: 174  rank : 0  train.loss : 6.973050594329834  train.ips : 39685.904198699 imgs/s train.total_time : 0.0004031658172607422
TCAPPDLL 2025-12-12 17:09:53.847325 - Epoch: 0 Iteration: 175  rank : 0  train.loss : 6.908932685852051  train.ips : 39685.904198699 imgs/s train.total_time : 0.0004031658172607422
TCAPPDLL 2025-12-12 17:09:54.039881 - Epoch: 0 Iteration: 176  rank : 0  train.loss : 6.934511184692383  train.ips : 47594.9390070922 imgs/s train.total_time : 0.0003361701965332031
TCAPPDLL 2025-12-12 17:09:55.866120 - Epoch: 0 Iteration: 177  rank : 0  train.loss : 7.020835876464844  train.ips : 43804.741514360314 imgs/s train.total_time : 0.00036525726318359375
TCAPPDLL 2025-12-12 17:09:56.059162 - Epoch: 0 Iteration: 178  rank : 0  train.loss : 6.973302841186523  train.ips : 44296.2798679868 imgs/s train.total_time : 0.0003612041473388672
TCAPPDLL 2025-12-12 17:09:56.249877 - Epoch: 0 Iteration: 179  rank : 0  train.loss : 6.907173156738281  train.ips : 44179.63396971692 imgs/s train.total_time : 0.00036215782165527344
TCAPPDLL 2025-12-12 17:09:56.445143 - Epoch: 0 Iteration: 180  rank : 0  train.loss : 6.9016242027282715  train.ips : 40017.21168753727 imgs/s train.total_time : 0.0003998279571533203
TCAPPDLL 2025-12-12 17:09:58.665395 - Epoch: 0 Iteration: 181  rank : 0  train.loss : 6.896449089050293  train.ips : 40970.00244200244 imgs/s train.total_time : 0.0003905296325683594
TCAPPDLL 2025-12-12 17:09:58.849115 - Epoch: 0 Iteration: 182  rank : 0  train.loss : 6.942689895629883  train.ips : 47293.06835799859 imgs/s train.total_time : 0.0003383159637451172
TCAPPDLL 2025-12-12 17:09:59.033890 - Epoch: 0 Iteration: 183  rank : 0  train.loss : 6.962883472442627  train.ips : 37914.61242937853 imgs/s train.total_time : 0.0004220008850097656
TCAPPDLL 2025-12-12 17:09:59.226508 - Epoch: 0 Iteration: 184  rank : 0  train.loss : 6.94467830657959  train.ips : 43776.166992824525 imgs/s train.total_time : 0.0003654956817626953
TCAPPDLL 2025-12-12 17:10:01.396416 - Epoch: 0 Iteration: 185  rank : 0  train.loss : 6.877401351928711  train.ips : 35320.454736842104 imgs/s train.total_time : 0.00045299530029296875
TCAPPDLL 2025-12-12 17:10:01.579934 - Epoch: 0 Iteration: 186  rank : 0  train.loss : 6.861983776092529  train.ips : 46059.61839396019 imgs/s train.total_time : 0.00034737586975097656
TCAPPDLL 2025-12-12 17:10:01.763150 - Epoch: 0 Iteration: 187  rank : 0  train.loss : 6.941862106323242  train.ips : 46635.763724808894 imgs/s train.total_time : 0.00034308433532714844
TCAPPDLL 2025-12-12 17:10:01.951518 - Epoch: 0 Iteration: 188  rank : 0  train.loss : 6.960783004760742  train.ips : 39639.021854695806 imgs/s train.total_time : 0.0004036426544189453
TCAPPDLL 2025-12-12 17:10:04.298048 - Epoch: 0 Iteration: 189  rank : 0  train.loss : 6.947946548461914  train.ips : 45996.479780671696 imgs/s train.total_time : 0.0003478527069091797
TCAPPDLL 2025-12-12 17:10:04.487357 - Epoch: 0 Iteration: 190  rank : 0  train.loss : 6.891000270843506  train.ips : 44384.16931216931 imgs/s train.total_time : 0.0003604888916015625
TCAPPDLL 2025-12-12 17:10:04.679773 - Epoch: 0 Iteration: 191  rank : 0  train.loss : 6.99000883102417  train.ips : 49092.07315288954 imgs/s train.total_time : 0.00032591819763183594
TCAPPDLL 2025-12-12 17:10:04.868780 - Epoch: 0 Iteration: 192  rank : 0  train.loss : 6.883868217468262  train.ips : 55831.00166389351 imgs/s train.total_time : 0.0002865791320800781
TCAPPDLL 2025-12-12 17:10:05.592035 - Epoch: 0 Iteration: 193  rank : 0  train.loss : 6.957663059234619  train.ips : 42744.49936305732 imgs/s train.total_time : 0.0003743171691894531
TCAPPDLL 2025-12-12 17:10:05.775411 - Epoch: 0 Iteration: 194  rank : 0  train.loss : 6.998124122619629  train.ips : 71165.28525980913 imgs/s train.total_time : 0.00022482872009277344
TCAPPDLL 2025-12-12 17:10:05.966258 - Epoch: 0 Iteration: 195  rank : 0  train.loss : 6.970048904418945  train.ips : 41579.221809169765 imgs/s train.total_time : 0.0003848075866699219
TCAPPDLL 2025-12-12 17:10:06.159164 - Epoch: 0 Iteration: 196  rank : 0  train.loss : 6.924886703491211  train.ips : 43948.17550753111 imgs/s train.total_time : 0.00036406517028808594
TCAPPDLL 2025-12-12 17:10:08.258096 - Epoch: 0 Iteration: 197  rank : 0  train.loss : 6.9564208984375  train.ips : 48037.84108804581 imgs/s train.total_time : 0.0003330707550048828
TCAPPDLL 2025-12-12 17:10:08.446451 - Epoch: 0 Iteration: 198  rank : 0  train.loss : 6.972835063934326  train.ips : 38086.75595913734 imgs/s train.total_time : 0.0004200935363769531
TCAPPDLL 2025-12-12 17:10:08.635129 - Epoch: 0 Iteration: 199  rank : 0  train.loss : 7.003039836883545  train.ips : 37282.70222222222 imgs/s train.total_time : 0.0004291534423828125
TCAPPDLL 2025-12-12 17:10:08.819324 - Epoch: 0 Iteration: 200  rank : 0  train.loss : 6.97929048538208  train.ips : 46091.25274725275 imgs/s train.total_time : 0.000347137451171875
TCAPPDLL 2025-12-12 17:10:10.991415 - Epoch: 0 Iteration: 201  rank : 0  train.loss : 6.901327133178711  train.ips : 36731.726327312535 imgs/s train.total_time : 0.0004355907440185547
TCAPPDLL 2025-12-12 17:10:11.190214 - Epoch: 0 Iteration: 202  rank : 0  train.loss : 6.957385063171387  train.ips : 43976.9750982962 imgs/s train.total_time : 0.0003638267517089844
TCAPPDLL 2025-12-12 17:10:11.382853 - Epoch: 0 Iteration: 203  rank : 0  train.loss : 7.038450241088867  train.ips : 34988.98018769552 imgs/s train.total_time : 0.0004572868347167969
TCAPPDLL 2025-12-12 17:10:11.581270 - Epoch: 0 Iteration: 204  rank : 0  train.loss : 6.964988708496094  train.ips : 46345.900552486186 imgs/s train.total_time : 0.0003452301025390625
TCAPPDLL 2025-12-12 17:10:13.222487 - Epoch: 0 Iteration: 205  rank : 0  train.loss : 6.9108428955078125  train.ips : 37386.553760445684 imgs/s train.total_time : 0.0004279613494873047
TCAPPDLL 2025-12-12 17:10:13.412836 - Epoch: 0 Iteration: 206  rank : 0  train.loss : 6.847441673278809  train.ips : 41502.080395794685 imgs/s train.total_time : 0.00038552284240722656
TCAPPDLL 2025-12-12 17:10:13.603928 - Epoch: 0 Iteration: 207  rank : 0  train.loss : 6.879273414611816  train.ips : 41995.53441802253 imgs/s train.total_time : 0.0003809928894042969
TCAPPDLL 2025-12-12 17:10:13.794382 - Epoch: 0 Iteration: 208  rank : 0  train.loss : 7.015047550201416  train.ips : 38746.45727482679 imgs/s train.total_time : 0.00041294097900390625
