Training with a single process on 1 device (cuda).
Model hardcorenas_a created, param count:5260232
Data processing configuration for current model + dataset:
	input_size: (3, 224, 224)
	interpolation: bilinear
	mean: (0.485, 0.456, 0.406)
	std: (0.229, 0.224, 0.225)
	crop_pct: 0.875
	crop_mode: center
Created SGD (sgd) optimizer: lr: 0.4, momentum: 0.9, dampening: 0, weight_decay: 2e-05, nesterov: True, maximize: False, foreach: None, differentiable: False, fused: None
Using native Torch AMP. Training in mixed precision.
Scheduled epochs: 1 (epochs + cooldown_epochs). Warmup within epochs when warmup_prefix=False. LR stepped per epoch.
TCAPPDLL 2025-12-12 10:13:58.582932 - Epoch: 0 Iteration: 0  rank : 0  train.loss : 6.890262603759766  train.ips : 225955.77104377103 imgs/s train.total_time : 7.081031799316406e-05
TCAPPDLL 2025-12-12 10:13:58.626059 - Epoch: 0 Iteration: 1  rank : 0  train.loss : 6.932635307312012  train.ips : 261123.98443579767 imgs/s train.total_time : 6.127357482910156e-05
TCAPPDLL 2025-12-12 10:13:58.657158 - Epoch: 0 Iteration: 2  rank : 0  train.loss : 6.894781112670898  train.ips : 264208.12598425196 imgs/s train.total_time : 6.0558319091796875e-05
TCAPPDLL 2025-12-12 10:13:58.701405 - Epoch: 0 Iteration: 3  rank : 0  train.loss : 6.912721633911133  train.ips : 266305.01587301586 imgs/s train.total_time : 6.008148193359375e-05
TCAPPDLL 2025-12-12 10:13:58.740241 - Epoch: 0 Iteration: 4  rank : 0  train.loss : 6.910813331604004  train.ips : 224444.36120401337 imgs/s train.total_time : 7.128715515136719e-05
TCAPPDLL 2025-12-12 10:13:58.772075 - Epoch: 0 Iteration: 5  rank : 0  train.loss : 6.935705661773682  train.ips : 215784.12861736334 imgs/s train.total_time : 7.414817810058594e-05
TCAPPDLL 2025-12-12 10:13:58.803007 - Epoch: 0 Iteration: 6  rank : 0  train.loss : 6.909350395202637  train.ips : 229824.87671232875 imgs/s train.total_time : 6.961822509765625e-05
TCAPPDLL 2025-12-12 10:13:58.838345 - Epoch: 0 Iteration: 7  rank : 0  train.loss : 6.924051284790039  train.ips : 241398.7913669065 imgs/s train.total_time : 6.628036499023438e-05
TCAPPDLL 2025-12-12 10:13:58.875412 - Epoch: 0 Iteration: 8  rank : 0  train.loss : 6.9226789474487305  train.ips : 212369.82278481012 imgs/s train.total_time : 7.534027099609375e-05
TCAPPDLL 2025-12-12 10:14:01.983383 - Epoch: 0 Iteration: 9  rank : 0  train.loss : 6.90876579284668  train.ips : 117118.43630017452 imgs/s train.total_time : 0.0001366138458251953
TCAPPDLL 2025-12-12 10:14:02.528945 - Epoch: 0 Iteration: 10  rank : 0  train.loss : 6.920689582824707  train.ips : 104044.7503875969 imgs/s train.total_time : 0.0001537799835205078
TCAPPDLL 2025-12-12 10:14:02.578780 - Epoch: 0 Iteration: 11  rank : 0  train.loss : 6.960222244262695  train.ips : 129304.16955684008 imgs/s train.total_time : 0.00012373924255371094
TCAPPDLL 2025-12-12 10:14:02.625466 - Epoch: 0 Iteration: 12  rank : 0  train.loss : 6.855292320251465  train.ips : 148800.1419068736 imgs/s train.total_time : 0.00010752677917480469
TCAPPDLL 2025-12-12 10:14:04.932327 - Epoch: 0 Iteration: 13  rank : 0  train.loss : 6.928778648376465  train.ips : 108766.39222042139 imgs/s train.total_time : 0.00014710426330566406
TCAPPDLL 2025-12-12 10:14:05.418381 - Epoch: 0 Iteration: 14  rank : 0  train.loss : 6.906041145324707  train.ips : 122461.4306569343 imgs/s train.total_time : 0.00013065338134765625
TCAPPDLL 2025-12-12 10:14:05.467233 - Epoch: 0 Iteration: 15  rank : 0  train.loss : 6.921675682067871  train.ips : 128561.04214559386 imgs/s train.total_time : 0.00012445449829101562
TCAPPDLL 2025-12-12 10:14:05.505022 - Epoch: 0 Iteration: 16  rank : 0  train.loss : 6.91032600402832  train.ips : 145888.8347826087 imgs/s train.total_time : 0.00010967254638671875
TCAPPDLL 2025-12-12 10:14:07.650962 - Epoch: 0 Iteration: 17  rank : 0  train.loss : 6.908283233642578  train.ips : 238821.58007117437 imgs/s train.total_time : 6.699562072753906e-05
TCAPPDLL 2025-12-12 10:14:08.149444 - Epoch: 0 Iteration: 18  rank : 0  train.loss : 6.894412040710449  train.ips : 227487.67457627118 imgs/s train.total_time : 7.033348083496094e-05
TCAPPDLL 2025-12-12 10:14:08.319549 - Epoch: 0 Iteration: 19  rank : 0  train.loss : 6.874195575714111  train.ips : 102770.08269525268 imgs/s train.total_time : 0.0001556873321533203
TCAPPDLL 2025-12-12 10:14:08.370230 - Epoch: 0 Iteration: 20  rank : 0  train.loss : 6.904020309448242  train.ips : 133152.50793650793 imgs/s train.total_time : 0.0001201629638671875
TCAPPDLL 2025-12-12 10:14:10.635193 - Epoch: 0 Iteration: 21  rank : 0  train.loss : 6.8721113204956055  train.ips : 117734.84912280702 imgs/s train.total_time : 0.00013589859008789062
TCAPPDLL 2025-12-12 10:14:10.761041 - Epoch: 0 Iteration: 22  rank : 0  train.loss : 6.896918296813965  train.ips : 126859.85633270322 imgs/s train.total_time : 0.00012612342834472656
TCAPPDLL 2025-12-12 10:14:10.919162 - Epoch: 0 Iteration: 23  rank : 0  train.loss : 6.90610408782959  train.ips : 200924.74251497007 imgs/s train.total_time : 7.963180541992188e-05
TCAPPDLL 2025-12-12 10:14:10.942235 - Epoch: 0 Iteration: 24  rank : 0  train.loss : 6.915174961090088  train.ips : 263172.0156862745 imgs/s train.total_time : 6.079673767089844e-05
TCAPPDLL 2025-12-12 10:14:13.458457 - Epoch: 0 Iteration: 25  rank : 0  train.loss : 6.940275192260742  train.ips : 197379.01176470588 imgs/s train.total_time : 8.106231689453125e-05
TCAPPDLL 2025-12-12 10:14:13.685199 - Epoch: 0 Iteration: 26  rank : 0  train.loss : 6.893482208251953  train.ips : 225197.53020134228 imgs/s train.total_time : 7.104873657226562e-05
TCAPPDLL 2025-12-12 10:14:13.737106 - Epoch: 0 Iteration: 27  rank : 0  train.loss : 6.898698806762695  train.ips : 188508.04494382022 imgs/s train.total_time : 8.487701416015625e-05
TCAPPDLL 2025-12-12 10:14:13.783332 - Epoch: 0 Iteration: 28  rank : 0  train.loss : 6.926295280456543  train.ips : 137236.94069529654 imgs/s train.total_time : 0.00011658668518066406
TCAPPDLL 2025-12-12 10:14:16.496162 - Epoch: 0 Iteration: 29  rank : 0  train.loss : 6.8978118896484375  train.ips : 159403.47743467934 imgs/s train.total_time : 0.00010037422180175781
TCAPPDLL 2025-12-12 10:14:16.540827 - Epoch: 0 Iteration: 30  rank : 0  train.loss : 6.931262969970703  train.ips : 189039.05352112677 imgs/s train.total_time : 8.463859558105469e-05
TCAPPDLL 2025-12-12 10:14:16.582682 - Epoch: 0 Iteration: 31  rank : 0  train.loss : 6.900537490844727  train.ips : 158275.62264150943 imgs/s train.total_time : 0.0001010894775390625
TCAPPDLL 2025-12-12 10:14:16.620969 - Epoch: 0 Iteration: 32  rank : 0  train.loss : 6.90802001953125  train.ips : 183859.90136986302 imgs/s train.total_time : 8.702278137207031e-05
TCAPPDLL 2025-12-12 10:14:18.101133 - Epoch: 0 Iteration: 33  rank : 0  train.loss : 6.929080963134766  train.ips : 237974.695035461 imgs/s train.total_time : 6.723403930664062e-05
TCAPPDLL 2025-12-12 10:14:18.248508 - Epoch: 0 Iteration: 34  rank : 0  train.loss : 6.947937488555908  train.ips : 85598.04081632652 imgs/s train.total_time : 0.000186920166015625
TCAPPDLL 2025-12-12 10:14:18.302921 - Epoch: 0 Iteration: 35  rank : 0  train.loss : 6.906318664550781  train.ips : 129304.16955684008 imgs/s train.total_time : 0.00012373924255371094
TCAPPDLL 2025-12-12 10:14:18.350771 - Epoch: 0 Iteration: 36  rank : 0  train.loss : 6.9789042472839355  train.ips : 132364.62327416174 imgs/s train.total_time : 0.00012087821960449219
TCAPPDLL 2025-12-12 10:14:20.939245 - Epoch: 0 Iteration: 37  rank : 0  train.loss : 6.938015937805176  train.ips : 136677.93075356414 imgs/s train.total_time : 0.00011706352233886719
TCAPPDLL 2025-12-12 10:14:20.979606 - Epoch: 0 Iteration: 38  rank : 0  train.loss : 6.951710224151611  train.ips : 153216.58447488584 imgs/s train.total_time : 0.00010442733764648438
TCAPPDLL 2025-12-12 10:14:21.038080 - Epoch: 0 Iteration: 39  rank : 0  train.loss : 6.902376174926758  train.ips : 150806.4359550562 imgs/s train.total_time : 0.00010609626770019531
TCAPPDLL 2025-12-12 10:14:21.091107 - Epoch: 0 Iteration: 40  rank : 0  train.loss : 6.886557579040527  train.ips : 169039.959697733 imgs/s train.total_time : 9.465217590332031e-05
TCAPPDLL 2025-12-12 10:14:23.783220 - Epoch: 0 Iteration: 41  rank : 0  train.loss : 6.90101432800293  train.ips : 181375.30810810812 imgs/s train.total_time : 8.821487426757812e-05
TCAPPDLL 2025-12-12 10:14:23.874469 - Epoch: 0 Iteration: 42  rank : 0  train.loss : 6.893133163452148  train.ips : 159025.7440758294 imgs/s train.total_time : 0.00010061264038085938
TCAPPDLL 2025-12-12 10:14:23.904764 - Epoch: 0 Iteration: 43  rank : 0  train.loss : 6.917071342468262  train.ips : 164886.64373464373 imgs/s train.total_time : 9.703636169433594e-05
TCAPPDLL 2025-12-12 10:14:23.930903 - Epoch: 0 Iteration: 44  rank : 0  train.loss : 6.898982048034668  train.ips : 166937.47263681592 imgs/s train.total_time : 9.584426879882812e-05
TCAPPDLL 2025-12-12 10:14:26.578770 - Epoch: 0 Iteration: 45  rank : 0  train.loss : 6.963979244232178  train.ips : 101834.39150227618 imgs/s train.total_time : 0.0001571178436279297
TCAPPDLL 2025-12-12 10:14:26.843949 - Epoch: 0 Iteration: 46  rank : 0  train.loss : 6.954220771789551  train.ips : 94786.53107344633 imgs/s train.total_time : 0.00016880035400390625
TCAPPDLL 2025-12-12 10:14:26.943334 - Epoch: 0 Iteration: 47  rank : 0  train.loss : 6.8769636154174805  train.ips : 231409.87586206896 imgs/s train.total_time : 6.914138793945312e-05
TCAPPDLL 2025-12-12 10:14:26.965469 - Epoch: 0 Iteration: 48  rank : 0  train.loss : 6.876372337341309  train.ips : 238821.58007117437 imgs/s train.total_time : 6.699562072753906e-05
TCAPPDLL 2025-12-12 10:14:29.549498 - Epoch: 0 Iteration: 49  rank : 0  train.loss : 6.892494201660156  train.ips : 92436.45179063361 imgs/s train.total_time : 0.00017309188842773438
TCAPPDLL 2025-12-12 10:14:29.601774 - Epoch: 0 Iteration: 50  rank : 0  train.loss : 6.9016265869140625  train.ips : 130561.99221789883 imgs/s train.total_time : 0.00012254714965820312
TCAPPDLL 2025-12-12 10:14:29.711760 - Epoch: 0 Iteration: 51  rank : 0  train.loss : 6.88079309463501  train.ips : 117941.76449912126 imgs/s train.total_time : 0.00013566017150878906
TCAPPDLL 2025-12-12 10:14:29.764299 - Epoch: 0 Iteration: 52  rank : 0  train.loss : 6.912797927856445  train.ips : 142784.8170212766 imgs/s train.total_time : 0.00011205673217773438
TCAPPDLL 2025-12-12 10:14:31.986580 - Epoch: 0 Iteration: 53  rank : 0  train.loss : 6.933382034301758  train.ips : 104530.94080996884 imgs/s train.total_time : 0.00015306472778320312
TCAPPDLL 2025-12-12 10:14:32.128213 - Epoch: 0 Iteration: 54  rank : 0  train.loss : 6.938971519470215  train.ips : 94786.53107344633 imgs/s train.total_time : 0.00016880035400390625
TCAPPDLL 2025-12-12 10:14:32.415943 - Epoch: 0 Iteration: 55  rank : 0  train.loss : 6.956116676330566  train.ips : 94786.53107344633 imgs/s train.total_time : 0.00016880035400390625
TCAPPDLL 2025-12-12 10:14:32.473937 - Epoch: 0 Iteration: 56  rank : 0  train.loss : 6.899163722991943  train.ips : 117941.76449912126 imgs/s train.total_time : 0.00013566017150878906
TCAPPDLL 2025-12-12 10:14:34.847800 - Epoch: 0 Iteration: 57  rank : 0  train.loss : 6.937115669250488  train.ips : 179435.4652406417 imgs/s train.total_time : 8.916854858398438e-05
TCAPPDLL 2025-12-12 10:14:34.987679 - Epoch: 0 Iteration: 58  rank : 0  train.loss : 6.92357063293457  train.ips : 135573.46262626263 imgs/s train.total_time : 0.00011801719665527344
TCAPPDLL 2025-12-12 10:14:35.285747 - Epoch: 0 Iteration: 59  rank : 0  train.loss : 6.9078521728515625  train.ips : 140689.4423480084 imgs/s train.total_time : 0.00011372566223144531
TCAPPDLL 2025-12-12 10:14:35.318841 - Epoch: 0 Iteration: 60  rank : 0  train.loss : 6.899648189544678  train.ips : 215784.12861736334 imgs/s train.total_time : 7.414817810058594e-05
TCAPPDLL 2025-12-12 10:14:36.424832 - Epoch: 0 Iteration: 61  rank : 0  train.loss : 6.934963226318359  train.ips : 89717.73262032085 imgs/s train.total_time : 0.00017833709716796875
TCAPPDLL 2025-12-12 10:14:37.687430 - Epoch: 0 Iteration: 62  rank : 0  train.loss : 6.872123718261719  train.ips : 100764.06006006006 imgs/s train.total_time : 0.00015878677368164062
TCAPPDLL 2025-12-12 10:14:37.959157 - Epoch: 0 Iteration: 63  rank : 0  train.loss : 6.910427093505859  train.ips : 106691.35771065184 imgs/s train.total_time : 0.0001499652862548828
TCAPPDLL 2025-12-12 10:14:38.014454 - Epoch: 0 Iteration: 64  rank : 0  train.loss : 6.883283615112305  train.ips : 126620.49811320755 imgs/s train.total_time : 0.00012636184692382812
TCAPPDLL 2025-12-12 10:14:38.821592 - Epoch: 0 Iteration: 65  rank : 0  train.loss : 6.85495138168335  train.ips : 98689.50588235294 imgs/s train.total_time : 0.0001621246337890625
TCAPPDLL 2025-12-12 10:14:39.193629 - Epoch: 0 Iteration: 66  rank : 0  train.loss : 6.889202117919922  train.ips : 100462.37125748504 imgs/s train.total_time : 0.00015926361083984375
TCAPPDLL 2025-12-12 10:14:40.700336 - Epoch: 0 Iteration: 67  rank : 0  train.loss : 6.942240238189697  train.ips : 101220.00603318251 imgs/s train.total_time : 0.00015807151794433594
TCAPPDLL 2025-12-12 10:14:40.758621 - Epoch: 0 Iteration: 68  rank : 0  train.loss : 6.858165264129639  train.ips : 106353.19175911252 imgs/s train.total_time : 0.00015044212341308594
TCAPPDLL 2025-12-12 10:14:41.445178 - Epoch: 0 Iteration: 69  rank : 0  train.loss : 6.936300754547119  train.ips : 150131.68680089485 imgs/s train.total_time : 0.00010657310485839844
TCAPPDLL 2025-12-12 10:14:41.888262 - Epoch: 0 Iteration: 70  rank : 0  train.loss : 6.88723087310791  train.ips : 106353.19175911252 imgs/s train.total_time : 0.00015044212341308594
TCAPPDLL 2025-12-12 10:14:42.376325 - Epoch: 0 Iteration: 71  rank : 0  train.loss : 6.896735191345215  train.ips : 100915.58496240602 imgs/s train.total_time : 0.00015854835510253906
TCAPPDLL 2025-12-12 10:14:42.428707 - Epoch: 0 Iteration: 72  rank : 0  train.loss : 6.869123935699463  train.ips : 120266.78136200717 imgs/s train.total_time : 0.00013303756713867188
TCAPPDLL 2025-12-12 10:14:44.286123 - Epoch: 0 Iteration: 73  rank : 0  train.loss : 6.939230442047119  train.ips : 157532.54460093897 imgs/s train.total_time : 0.00010156631469726562
TCAPPDLL 2025-12-12 10:14:44.610291 - Epoch: 0 Iteration: 74  rank : 0  train.loss : 6.902914524078369  train.ips : 86369.19433719433 imgs/s train.total_time : 0.00018525123596191406
TCAPPDLL 2025-12-12 10:14:45.209631 - Epoch: 0 Iteration: 75  rank : 0  train.loss : 6.9535346031188965  train.ips : 112222.18060200669 imgs/s train.total_time : 0.00014257431030273438
TCAPPDLL 2025-12-12 10:14:45.268481 - Epoch: 0 Iteration: 76  rank : 0  train.loss : 6.973760604858398  train.ips : 130561.99221789883 imgs/s train.total_time : 0.00012254714965820312
TCAPPDLL 2025-12-12 10:14:47.103092 - Epoch: 0 Iteration: 77  rank : 0  train.loss : 6.9034528732299805  train.ips : 99864.38095238095 imgs/s train.total_time : 0.00016021728515625
TCAPPDLL 2025-12-12 10:14:47.621237 - Epoch: 0 Iteration: 78  rank : 0  train.loss : 6.870160102844238  train.ips : 218595.64820846907 imgs/s train.total_time : 7.319450378417969e-05
TCAPPDLL 2025-12-12 10:14:47.895934 - Epoch: 0 Iteration: 79  rank : 0  train.loss : 6.927456378936768  train.ips : 200924.74251497007 imgs/s train.total_time : 7.963180541992188e-05
TCAPPDLL 2025-12-12 10:14:47.918415 - Epoch: 0 Iteration: 80  rank : 0  train.loss : 6.94888973236084  train.ips : 229824.87671232875 imgs/s train.total_time : 6.961822509765625e-05
TCAPPDLL 2025-12-12 10:14:49.780775 - Epoch: 0 Iteration: 81  rank : 0  train.loss : 6.909091949462891  train.ips : 86480.49484536082 imgs/s train.total_time : 0.0001850128173828125
TCAPPDLL 2025-12-12 10:14:50.562947 - Epoch: 0 Iteration: 82  rank : 0  train.loss : 6.9474406242370605  train.ips : 207126.1234567901 imgs/s train.total_time : 7.724761962890625e-05
TCAPPDLL 2025-12-12 10:14:50.676441 - Epoch: 0 Iteration: 83  rank : 0  train.loss : 6.907132148742676  train.ips : 124045.95933456562 imgs/s train.total_time : 0.0001289844512939453
TCAPPDLL 2025-12-12 10:14:50.729763 - Epoch: 0 Iteration: 84  rank : 0  train.loss : 6.973174095153809  train.ips : 145572.37310195228 imgs/s train.total_time : 0.00010991096496582031
TCAPPDLL 2025-12-12 10:14:51.210687 - Epoch: 0 Iteration: 85  rank : 0  train.loss : 6.930446624755859  train.ips : 110014.53114754098 imgs/s train.total_time : 0.00014543533325195312
TCAPPDLL 2025-12-12 10:14:53.222398 - Epoch: 0 Iteration: 86  rank : 0  train.loss : 6.9059157371521  train.ips : 111848.10666666667 imgs/s train.total_time : 0.0001430511474609375
TCAPPDLL 2025-12-12 10:14:53.419044 - Epoch: 0 Iteration: 87  rank : 0  train.loss : 6.938624858856201  train.ips : 121135.13357400722 imgs/s train.total_time : 0.00013208389282226562
TCAPPDLL 2025-12-12 10:14:53.456175 - Epoch: 0 Iteration: 88  rank : 0  train.loss : 6.932419776916504  train.ips : 151487.2776523702 imgs/s train.total_time : 0.00010561943054199219
TCAPPDLL 2025-12-12 10:14:54.090045 - Epoch: 0 Iteration: 89  rank : 0  train.loss : 6.878565788269043  train.ips : 193956.2543352601 imgs/s train.total_time : 8.249282836914062e-05
TCAPPDLL 2025-12-12 10:14:56.000319 - Epoch: 0 Iteration: 90  rank : 0  train.loss : 6.924982070922852  train.ips : 115904.7737478411 imgs/s train.total_time : 0.0001380443572998047
TCAPPDLL 2025-12-12 10:14:56.057063 - Epoch: 0 Iteration: 91  rank : 0  train.loss : 6.894889831542969  train.ips : 137236.94069529654 imgs/s train.total_time : 0.00011658668518066406
TCAPPDLL 2025-12-12 10:14:56.107443 - Epoch: 0 Iteration: 92  rank : 0  train.loss : 6.893298625946045  train.ips : 135573.46262626263 imgs/s train.total_time : 0.00011801719665527344
TCAPPDLL 2025-12-12 10:14:57.026264 - Epoch: 0 Iteration: 93  rank : 0  train.loss : 6.917817115783691  train.ips : 107892.06430868167 imgs/s train.total_time : 0.00014829635620117188
TCAPPDLL 2025-12-12 10:14:58.772074 - Epoch: 0 Iteration: 94  rank : 0  train.loss : 6.953455924987793  train.ips : 140985.00840336134 imgs/s train.total_time : 0.00011348724365234375
TCAPPDLL 2025-12-12 10:14:58.824001 - Epoch: 0 Iteration: 95  rank : 0  train.loss : 6.91344690322876  train.ips : 128315.2275334608 imgs/s train.total_time : 0.0001246929168701172
TCAPPDLL 2025-12-12 10:14:58.871358 - Epoch: 0 Iteration: 96  rank : 0  train.loss : 6.923223495483398  train.ips : 158275.62264150943 imgs/s train.total_time : 0.0001010894775390625
TCAPPDLL 2025-12-12 10:14:59.810285 - Epoch: 0 Iteration: 97  rank : 0  train.loss : 6.929925441741943  train.ips : 108590.39482200648 imgs/s train.total_time : 0.00014734268188476562
TCAPPDLL 2025-12-12 10:15:01.954560 - Epoch: 0 Iteration: 98  rank : 0  train.loss : 6.926920413970947  train.ips : 79137.81132075471 imgs/s train.total_time : 0.000202178955078125
TCAPPDLL 2025-12-12 10:15:02.013872 - Epoch: 0 Iteration: 99  rank : 0  train.loss : 6.923745155334473  train.ips : 140985.00840336134 imgs/s train.total_time : 0.00011348724365234375
TCAPPDLL 2025-12-12 10:15:02.069278 - Epoch: 0 Iteration: 100  rank : 0  train.loss : 6.90598726272583  train.ips : 132888.8396039604 imgs/s train.total_time : 0.00012040138244628906
TCAPPDLL 2025-12-12 10:15:02.473985 - Epoch: 0 Iteration: 101  rank : 0  train.loss : 6.895944595336914  train.ips : 240533.56272401434 imgs/s train.total_time : 6.651878356933594e-05
TCAPPDLL 2025-12-12 10:15:04.581876 - Epoch: 0 Iteration: 102  rank : 0  train.loss : 6.930909156799316  train.ips : 93596.7419804742 imgs/s train.total_time : 0.0001709461212158203
TCAPPDLL 2025-12-12 10:15:04.636950 - Epoch: 0 Iteration: 103  rank : 0  train.loss : 6.914192199707031  train.ips : 133682.99601593625 imgs/s train.total_time : 0.00011968612670898438
TCAPPDLL 2025-12-12 10:15:04.685364 - Epoch: 0 Iteration: 104  rank : 0  train.loss : 6.902888298034668  train.ips : 128561.04214559386 imgs/s train.total_time : 0.00012445449829101562
TCAPPDLL 2025-12-12 10:15:05.684924 - Epoch: 0 Iteration: 105  rank : 0  train.loss : 6.949066638946533  train.ips : 128070.35114503816 imgs/s train.total_time : 0.00012493133544921875
TCAPPDLL 2025-12-12 10:15:06.513834 - Epoch: 0 Iteration: 106  rank : 0  train.loss : 6.910621643066406  train.ips : 102770.08269525268 imgs/s train.total_time : 0.0001556873321533203
TCAPPDLL 2025-12-12 10:15:06.577838 - Epoch: 0 Iteration: 107  rank : 0  train.loss : 6.9556474685668945  train.ips : 117734.84912280702 imgs/s train.total_time : 0.00013589859008789062
TCAPPDLL 2025-12-12 10:15:06.627400 - Epoch: 0 Iteration: 108  rank : 0  train.loss : 6.914399147033691  train.ips : 158275.62264150943 imgs/s train.total_time : 0.0001010894775390625
TCAPPDLL 2025-12-12 10:15:08.481220 - Epoch: 0 Iteration: 109  rank : 0  train.loss : 6.928928375244141  train.ips : 96698.65129682996 imgs/s train.total_time : 0.00016546249389648438
TCAPPDLL 2025-12-12 10:15:09.095873 - Epoch: 0 Iteration: 110  rank : 0  train.loss : 6.935466766357422  train.ips : 104530.94080996884 imgs/s train.total_time : 0.00015306472778320312
TCAPPDLL 2025-12-12 10:15:09.150451 - Epoch: 0 Iteration: 111  rank : 0  train.loss : 6.909244537353516  train.ips : 140985.00840336134 imgs/s train.total_time : 0.00011348724365234375
TCAPPDLL 2025-12-12 10:15:09.203590 - Epoch: 0 Iteration: 112  rank : 0  train.loss : 6.912832736968994  train.ips : 125907.81238273921 imgs/s train.total_time : 0.0001270771026611328
TCAPPDLL 2025-12-12 10:15:11.024768 - Epoch: 0 Iteration: 113  rank : 0  train.loss : 6.9074859619140625  train.ips : 233828.7944250871 imgs/s train.total_time : 6.842613220214844e-05
TCAPPDLL 2025-12-12 10:15:11.734614 - Epoch: 0 Iteration: 114  rank : 0  train.loss : 6.927206516265869  train.ips : 206488.8123076923 imgs/s train.total_time : 7.748603820800781e-05
TCAPPDLL 2025-12-12 10:15:11.773581 - Epoch: 0 Iteration: 115  rank : 0  train.loss : 6.882741928100586  train.ips : 185383.60220994474 imgs/s train.total_time : 8.630752563476562e-05
TCAPPDLL 2025-12-12 10:15:11.811235 - Epoch: 0 Iteration: 116  rank : 0  train.loss : 6.949873447418213  train.ips : 212369.82278481012 imgs/s train.total_time : 7.534027099609375e-05
TCAPPDLL 2025-12-12 10:15:13.934846 - Epoch: 0 Iteration: 117  rank : 0  train.loss : 6.948364734649658  train.ips : 213722.49681528663 imgs/s train.total_time : 7.486343383789062e-05
TCAPPDLL 2025-12-12 10:15:14.767030 - Epoch: 0 Iteration: 118  rank : 0  train.loss : 6.965970993041992  train.ips : 189573.06214689265 imgs/s train.total_time : 8.440017700195312e-05
TCAPPDLL 2025-12-12 10:15:14.792421 - Epoch: 0 Iteration: 119  rank : 0  train.loss : 6.953767776489258  train.ips : 188508.04494382022 imgs/s train.total_time : 8.487701416015625e-05
TCAPPDLL 2025-12-12 10:15:14.823626 - Epoch: 0 Iteration: 120  rank : 0  train.loss : 6.882839679718018  train.ips : 152520.14545454545 imgs/s train.total_time : 0.0001049041748046875
TCAPPDLL 2025-12-12 10:15:15.419536 - Epoch: 0 Iteration: 121  rank : 0  train.loss : 6.930943012237549  train.ips : 19395.625433526013 imgs/s train.total_time : 0.0008249282836914062
TCAPPDLL 2025-12-12 10:15:17.492589 - Epoch: 0 Iteration: 122  rank : 0  train.loss : 6.939467906951904  train.ips : 226719.13513513515 imgs/s train.total_time : 7.05718994140625e-05
TCAPPDLL 2025-12-12 10:15:17.513716 - Epoch: 0 Iteration: 123  rank : 0  train.loss : 6.913088798522949  train.ips : 242270.26714801445 imgs/s train.total_time : 6.604194641113281e-05
TCAPPDLL 2025-12-12 10:15:17.539217 - Epoch: 0 Iteration: 124  rank : 0  train.loss : 6.886147499084473  train.ips : 241398.7913669065 imgs/s train.total_time : 6.628036499023438e-05
TCAPPDLL 2025-12-12 10:15:18.208867 - Epoch: 0 Iteration: 125  rank : 0  train.loss : 6.927172660827637  train.ips : 228261.44217687074 imgs/s train.total_time : 7.009506225585938e-05
TCAPPDLL 2025-12-12 10:15:20.636491 - Epoch: 0 Iteration: 126  rank : 0  train.loss : 6.929189682006836  train.ips : 240533.56272401434 imgs/s train.total_time : 6.651878356933594e-05
TCAPPDLL 2025-12-12 10:15:20.666312 - Epoch: 0 Iteration: 127  rank : 0  train.loss : 6.9385833740234375  train.ips : 243148.0579710145 imgs/s train.total_time : 6.580352783203125e-05
TCAPPDLL 2025-12-12 10:15:20.697762 - Epoch: 0 Iteration: 128  rank : 0  train.loss : 6.904168605804443  train.ips : 241398.7913669065 imgs/s train.total_time : 6.628036499023438e-05
TCAPPDLL 2025-12-12 10:15:21.082501 - Epoch: 0 Iteration: 129  rank : 0  train.loss : 6.919964790344238  train.ips : 100312.20328849029 imgs/s train.total_time : 0.0001595020294189453
TCAPPDLL 2025-12-12 10:15:23.109858 - Epoch: 0 Iteration: 130  rank : 0  train.loss : 6.884692192077637  train.ips : 235469.69824561404 imgs/s train.total_time : 6.794929504394531e-05
TCAPPDLL 2025-12-12 10:15:23.138341 - Epoch: 0 Iteration: 131  rank : 0  train.loss : 6.9139814376831055  train.ips : 251344.05992509364 imgs/s train.total_time : 6.365776062011719e-05
TCAPPDLL 2025-12-12 10:15:23.170144 - Epoch: 0 Iteration: 132  rank : 0  train.loss : 6.92019510269165  train.ips : 219310.01307189543 imgs/s train.total_time : 7.295608520507812e-05
TCAPPDLL 2025-12-12 10:15:23.951894 - Epoch: 0 Iteration: 133  rank : 0  train.loss : 6.92097806930542  train.ips : 100764.06006006006 imgs/s train.total_time : 0.00015878677368164062
TCAPPDLL 2025-12-12 10:15:25.997126 - Epoch: 0 Iteration: 134  rank : 0  train.loss : 6.921396255493164  train.ips : 110014.53114754098 imgs/s train.total_time : 0.00014543533325195312
TCAPPDLL 2025-12-12 10:15:26.030977 - Epoch: 0 Iteration: 135  rank : 0  train.loss : 6.905276298522949  train.ips : 149796.57142857142 imgs/s train.total_time : 0.0001068115234375
TCAPPDLL 2025-12-12 10:15:26.061297 - Epoch: 0 Iteration: 136  rank : 0  train.loss : 6.90457010269165  train.ips : 156430.91841491841 imgs/s train.total_time : 0.00010228157043457031
TCAPPDLL 2025-12-12 10:15:26.670842 - Epoch: 0 Iteration: 137  rank : 0  train.loss : 6.915864944458008  train.ips : 115109.54373927959 imgs/s train.total_time : 0.00013899803161621094
TCAPPDLL 2025-12-12 10:15:28.824957 - Epoch: 0 Iteration: 138  rank : 0  train.loss : 6.945777893066406  train.ips : 101372.90634441088 imgs/s train.total_time : 0.00015783309936523438
TCAPPDLL 2025-12-12 10:15:28.880337 - Epoch: 0 Iteration: 139  rank : 0  train.loss : 6.880384922027588  train.ips : 118987.3475177305 imgs/s train.total_time : 0.00013446807861328125
TCAPPDLL 2025-12-12 10:15:28.926784 - Epoch: 0 Iteration: 140  rank : 0  train.loss : 6.891876220703125  train.ips : 129055.5076923077 imgs/s train.total_time : 0.0001239776611328125
TCAPPDLL 2025-12-12 10:15:29.332188 - Epoch: 0 Iteration: 141  rank : 0  train.loss : 6.900626182556152  train.ips : 74981.97094972066 imgs/s train.total_time : 0.00021338462829589844
TCAPPDLL 2025-12-12 10:15:30.321676 - Epoch: 0 Iteration: 142  rank : 0  train.loss : 6.887352466583252  train.ips : 101680.09696969697 imgs/s train.total_time : 0.00015735626220703125
TCAPPDLL 2025-12-12 10:15:30.378033 - Epoch: 0 Iteration: 143  rank : 0  train.loss : 6.922591686248779  train.ips : 139230.0082987552 imgs/s train.total_time : 0.00011491775512695312
TCAPPDLL 2025-12-12 10:15:30.429936 - Epoch: 0 Iteration: 144  rank : 0  train.loss : 6.882691860198975  train.ips : 155344.59259259258 imgs/s train.total_time : 0.000102996826171875
TCAPPDLL 2025-12-12 10:15:30.498960 - Epoch: 0 Iteration: 145  rank : 0  train.loss : 6.924835205078125  train.ips : 138368.79175257732 imgs/s train.total_time : 0.00011563301086425781
TCAPPDLL 2025-12-12 10:15:33.107455 - Epoch: 0 Iteration: 146  rank : 0  train.loss : 6.859158039093018  train.ips : 82952.86032138442 imgs/s train.total_time : 0.00019288063049316406
TCAPPDLL 2025-12-12 10:15:33.150726 - Epoch: 0 Iteration: 147  rank : 0  train.loss : 6.906275749206543  train.ips : 133152.50793650793 imgs/s train.total_time : 0.0001201629638671875
TCAPPDLL 2025-12-12 10:15:33.183464 - Epoch: 0 Iteration: 148  rank : 0  train.loss : 6.8774919509887695  train.ips : 174762.66666666666 imgs/s train.total_time : 9.1552734375e-05
TCAPPDLL 2025-12-12 10:15:33.381581 - Epoch: 0 Iteration: 149  rank : 0  train.loss : 6.893094539642334  train.ips : 100764.06006006006 imgs/s train.total_time : 0.00015878677368164062
TCAPPDLL 2025-12-12 10:15:36.072724 - Epoch: 0 Iteration: 150  rank : 0  train.loss : 6.943183422088623  train.ips : 96978.12716763005 imgs/s train.total_time : 0.00016498565673828125
TCAPPDLL 2025-12-12 10:15:36.127921 - Epoch: 0 Iteration: 151  rank : 0  train.loss : 6.9380388259887695  train.ips : 118987.3475177305 imgs/s train.total_time : 0.00013446807861328125
TCAPPDLL 2025-12-12 10:15:36.181275 - Epoch: 0 Iteration: 152  rank : 0  train.loss : 6.999541759490967  train.ips : 142481.6645435244 imgs/s train.total_time : 0.00011229515075683594
TCAPPDLL 2025-12-12 10:15:36.340534 - Epoch: 0 Iteration: 153  rank : 0  train.loss : 6.919626235961914  train.ips : 101067.56626506025 imgs/s train.total_time : 0.0001583099365234375
TCAPPDLL 2025-12-12 10:15:39.266233 - Epoch: 0 Iteration: 154  rank : 0  train.loss : 6.931150436401367  train.ips : 130055.93798449612 imgs/s train.total_time : 0.00012302398681640625
TCAPPDLL 2025-12-12 10:15:39.312616 - Epoch: 0 Iteration: 155  rank : 0  train.loss : 6.873851776123047  train.ips : 148470.93805309734 imgs/s train.total_time : 0.00010776519775390625
TCAPPDLL 2025-12-12 10:15:39.359194 - Epoch: 0 Iteration: 156  rank : 0  train.loss : 6.897734642028809  train.ips : 150468.30493273542 imgs/s train.total_time : 0.00010633468627929688
TCAPPDLL 2025-12-12 10:15:39.413601 - Epoch: 0 Iteration: 157  rank : 0  train.loss : 6.918420791625977  train.ips : 166111.0495049505 imgs/s train.total_time : 9.632110595703125e-05
TCAPPDLL 2025-12-12 10:15:42.102709 - Epoch: 0 Iteration: 158  rank : 0  train.loss : 6.901492118835449  train.ips : 95869.80571428571 imgs/s train.total_time : 0.00016689300537109375
TCAPPDLL 2025-12-12 10:15:42.158345 - Epoch: 0 Iteration: 159  rank : 0  train.loss : 6.908635139465332  train.ips : 140985.00840336134 imgs/s train.total_time : 0.00011348724365234375
TCAPPDLL 2025-12-12 10:15:42.213758 - Epoch: 0 Iteration: 160  rank : 0  train.loss : 6.902620315551758  train.ips : 137800.54209445586 imgs/s train.total_time : 0.00011610984802246094
TCAPPDLL 2025-12-12 10:15:42.247913 - Epoch: 0 Iteration: 161  rank : 0  train.loss : 6.913027763366699  train.ips : 150131.68680089485 imgs/s train.total_time : 0.00010657310485839844
TCAPPDLL 2025-12-12 10:15:44.901567 - Epoch: 0 Iteration: 162  rank : 0  train.loss : 6.919422149658203  train.ips : 119410.79003558718 imgs/s train.total_time : 0.00013399124145507812
TCAPPDLL 2025-12-12 10:15:44.936484 - Epoch: 0 Iteration: 163  rank : 0  train.loss : 6.959599494934082  train.ips : 158275.62264150943 imgs/s train.total_time : 0.0001010894775390625
TCAPPDLL 2025-12-12 10:15:44.977484 - Epoch: 0 Iteration: 164  rank : 0  train.loss : 6.872391700744629  train.ips : 166937.47263681592 imgs/s train.total_time : 9.584426879882812e-05
TCAPPDLL 2025-12-12 10:15:45.017835 - Epoch: 0 Iteration: 165  rank : 0  train.loss : 6.909589767456055  train.ips : 171633.9232736573 imgs/s train.total_time : 9.322166442871094e-05
TCAPPDLL 2025-12-12 10:15:47.690828 - Epoch: 0 Iteration: 166  rank : 0  train.loss : 6.91204309463501  train.ips : 115109.54373927959 imgs/s train.total_time : 0.00013899803161621094
TCAPPDLL 2025-12-12 10:15:47.742409 - Epoch: 0 Iteration: 167  rank : 0  train.loss : 6.921106815338135  train.ips : 127100.12121212122 imgs/s train.total_time : 0.000125885009765625
TCAPPDLL 2025-12-12 10:15:47.791449 - Epoch: 0 Iteration: 168  rank : 0  train.loss : 6.893610954284668  train.ips : 114912.43835616438 imgs/s train.total_time : 0.0001392364501953125
TCAPPDLL 2025-12-12 10:15:47.836094 - Epoch: 0 Iteration: 169  rank : 0  train.loss : 6.897820472717285  train.ips : 135300.12903225806 imgs/s train.total_time : 0.000118255615234375
TCAPPDLL 2025-12-12 10:15:50.397728 - Epoch: 0 Iteration: 170  rank : 0  train.loss : 6.949271202087402  train.ips : 149462.94877505567 imgs/s train.total_time : 0.00010704994201660156
TCAPPDLL 2025-12-12 10:15:50.432522 - Epoch: 0 Iteration: 171  rank : 0  train.loss : 7.021419048309326  train.ips : 167353.77556109725 imgs/s train.total_time : 9.560585021972656e-05
TCAPPDLL 2025-12-12 10:15:50.464643 - Epoch: 0 Iteration: 172  rank : 0  train.loss : 6.884269714355469  train.ips : 174308.73766233766 imgs/s train.total_time : 9.179115295410156e-05
TCAPPDLL 2025-12-12 10:15:50.494251 - Epoch: 0 Iteration: 173  rank : 0  train.loss : 6.8943610191345215  train.ips : 186413.51111111112 imgs/s train.total_time : 8.58306884765625e-05
TCAPPDLL 2025-12-12 10:15:53.114155 - Epoch: 0 Iteration: 174  rank : 0  train.loss : 6.926633834838867  train.ips : 101834.39150227618 imgs/s train.total_time : 0.0001571178436279297
TCAPPDLL 2025-12-12 10:15:53.164588 - Epoch: 0 Iteration: 175  rank : 0  train.loss : 6.895020484924316  train.ips : 121574.02898550725 imgs/s train.total_time : 0.0001316070556640625
TCAPPDLL 2025-12-12 10:15:53.213627 - Epoch: 0 Iteration: 176  rank : 0  train.loss : 6.9408793449401855  train.ips : 166111.0495049505 imgs/s train.total_time : 9.632110595703125e-05
TCAPPDLL 2025-12-12 10:15:53.254989 - Epoch: 0 Iteration: 177  rank : 0  train.loss : 6.886590957641602  train.ips : 138654.67768595042 imgs/s train.total_time : 0.00011539459228515625
TCAPPDLL 2025-12-12 10:15:54.667499 - Epoch: 0 Iteration: 178  rank : 0  train.loss : 6.912500381469727  train.ips : 79137.81132075471 imgs/s train.total_time : 0.000202178955078125
TCAPPDLL 2025-12-12 10:15:54.729850 - Epoch: 0 Iteration: 179  rank : 0  train.loss : 6.938587188720703  train.ips : 92820.00553250346 imgs/s train.total_time : 0.0001723766326904297
TCAPPDLL 2025-12-12 10:15:54.775368 - Epoch: 0 Iteration: 180  rank : 0  train.loss : 6.902162551879883  train.ips : 179916.5254691689 imgs/s train.total_time : 8.893013000488281e-05
TCAPPDLL 2025-12-12 10:15:54.809281 - Epoch: 0 Iteration: 181  rank : 0  train.loss : 6.917260646820068  train.ips : 166523.23573200993 imgs/s train.total_time : 9.608268737792969e-05
TCAPPDLL 2025-12-12 10:15:57.250470 - Epoch: 0 Iteration: 182  rank : 0  train.loss : 6.91506290435791  train.ips : 233828.7944250871 imgs/s train.total_time : 6.842613220214844e-05
TCAPPDLL 2025-12-12 10:15:57.282983 - Epoch: 0 Iteration: 183  rank : 0  train.loss : 6.919403076171875  train.ips : 235469.69824561404 imgs/s train.total_time : 6.794929504394531e-05
TCAPPDLL 2025-12-12 10:15:57.313675 - Epoch: 0 Iteration: 184  rank : 0  train.loss : 6.901951789855957  train.ips : 244032.23272727273 imgs/s train.total_time : 6.556510925292969e-05
TCAPPDLL 2025-12-12 10:15:57.343830 - Epoch: 0 Iteration: 185  rank : 0  train.loss : 6.8773579597473145  train.ips : 242270.26714801445 imgs/s train.total_time : 6.604194641113281e-05
TCAPPDLL 2025-12-12 10:16:00.445802 - Epoch: 0 Iteration: 186  rank : 0  train.loss : 6.908748149871826  train.ips : 95869.80571428571 imgs/s train.total_time : 0.00016689300537109375
TCAPPDLL 2025-12-12 10:16:00.487153 - Epoch: 0 Iteration: 187  rank : 0  train.loss : 6.908865928649902  train.ips : 151830.00904977377 imgs/s train.total_time : 0.00010538101196289062
TCAPPDLL 2025-12-12 10:16:00.522094 - Epoch: 0 Iteration: 188  rank : 0  train.loss : 6.911224365234375  train.ips : 167772.16 imgs/s train.total_time : 9.5367431640625e-05
TCAPPDLL 2025-12-12 10:16:00.554212 - Epoch: 0 Iteration: 189  rank : 0  train.loss : 6.900153160095215  train.ips : 178956.97066666666 imgs/s train.total_time : 8.940696716308594e-05
TCAPPDLL 2025-12-12 10:16:03.331520 - Epoch: 0 Iteration: 190  rank : 0  train.loss : 6.927026748657227  train.ips : 88069.37532808399 imgs/s train.total_time : 0.00018167495727539062
TCAPPDLL 2025-12-12 10:16:03.386576 - Epoch: 0 Iteration: 191  rank : 0  train.loss : 6.866338729858398  train.ips : 133417.22465208746 imgs/s train.total_time : 0.00011992454528808594
TCAPPDLL 2025-12-12 10:16:03.432043 - Epoch: 0 Iteration: 192  rank : 0  train.loss : 6.8863372802734375  train.ips : 140102.01252609602 imgs/s train.total_time : 0.00011420249938964844
TCAPPDLL 2025-12-12 10:16:03.476871 - Epoch: 0 Iteration: 193  rank : 0  train.loss : 6.911365509033203  train.ips : 145572.37310195228 imgs/s train.total_time : 0.00010991096496582031
