/root/miniconda3/envs/wyc_mmlab2/lib/python3.9/site-packages/torch/utils/cpp_extension.py:28: UserWarning: pkg_resources is deprecated as an API. See https://setuptools.pypa.io/en/latest/pkg_resources.html. The pkg_resources package is slated for removal as early as 2025-11-30. Refrain from using this package or pin to Setuptools<81.
  from pkg_resources import packaging  # type: ignore[attr-defined]
06/26 13:15:30 - mmengine - INFO - 
------------------------------------------------------------
System environment:
    sys.platform: linux
    Python: 3.9.23 (main, Jun  5 2025, 13:40:20) [GCC 11.2.0]
    CUDA available: True
    MUSA available: False
    numpy_random_seed: 518110627
    GPU 0: NVIDIA GeForce RTX 4090
    CUDA_HOME: /usr/local/cuda
    NVCC: Cuda compilation tools, release 12.9, V12.9.86
    GCC: gcc (Ubuntu 11.4.0-1ubuntu1~22.04) 11.4.0
    PyTorch: 2.1.0+cu121
    PyTorch compiling details: PyTorch built with:
  - GCC 9.3
  - C++ Version: 201703
  - Intel(R) oneAPI Math Kernel Library Version 2023.1-Product Build 20230303 for Intel(R) 64 architecture applications
  - Intel(R) MKL-DNN v3.1.1 (Git Hash 64f6bcbcbab628e96f33a62c3e975f8535a7bde4)
  - OpenMP 201511 (a.k.a. OpenMP 4.5)
  - LAPACK is enabled (usually provided by MKL)
  - NNPACK is enabled
  - CPU capability usage: AVX512
  - CUDA Runtime 12.1
  - NVCC architecture flags: -gencode;arch=compute_50,code=sm_50;-gencode;arch=compute_60,code=sm_60;-gencode;arch=compute_70,code=sm_70;-gencode;arch=compute_75,code=sm_75;-gencode;arch=compute_80,code=sm_80;-gencode;arch=compute_86,code=sm_86;-gencode;arch=compute_90,code=sm_90
  - CuDNN 8.9.2
  - Magma 2.6.1
  - Build settings: BLAS_INFO=mkl, BUILD_TYPE=Release, CUDA_VERSION=12.1, CUDNN_VERSION=8.9.2, CXX_COMPILER=/opt/rh/devtoolset-9/root/usr/bin/c++, CXX_FLAGS= -D_GLIBCXX_USE_CXX11_ABI=0 -fabi-version=11 -fvisibility-inlines-hidden -DUSE_PTHREADPOOL -DNDEBUG -DUSE_KINETO -DLIBKINETO_NOROCTRACER -DUSE_FBGEMM -DUSE_QNNPACK -DUSE_PYTORCH_QNNPACK -DUSE_XNNPACK -DSYMBOLICATE_MOBILE_DEBUG_HANDLE -O2 -fPIC -Wall -Wextra -Werror=return-type -Werror=non-virtual-dtor -Werror=bool-operation -Wnarrowing -Wno-missing-field-initializers -Wno-type-limits -Wno-array-bounds -Wno-unknown-pragmas -Wno-unused-parameter -Wno-unused-function -Wno-unused-result -Wno-strict-overflow -Wno-strict-aliasing -Wno-stringop-overflow -Wno-psabi -Wno-error=pedantic -Wno-error=old-style-cast -Wno-invalid-partial-specialization -Wno-unused-private-field -Wno-aligned-allocation-unavailable -Wno-missing-braces -fdiagnostics-color=always -faligned-new -Wno-unused-but-set-variable -Wno-maybe-uninitialized -fno-math-errno -fno-trapping-math -Werror=format -Werror=cast-function-type -Wno-stringop-overflow, LAPACK_INFO=mkl, PERF_WITH_AVX=1, PERF_WITH_AVX2=1, PERF_WITH_AVX512=1, TORCH_DISABLE_GPU_ASSERTS=ON, TORCH_VERSION=2.1.0, USE_CUDA=ON, USE_CUDNN=ON, USE_EXCEPTION_PTR=1, USE_GFLAGS=OFF, USE_GLOG=OFF, USE_MKL=ON, USE_MKLDNN=ON, USE_MPI=OFF, USE_NCCL=1, USE_NNPACK=ON, USE_OPENMP=ON, USE_ROCM=OFF, 

    TorchVision: 0.16.0+cu121
    OpenCV: 4.11.0
    MMEngine: 0.10.4

Runtime environment:
    cudnn_benchmark: False
    mp_cfg: {'mp_start_method': 'fork', 'opencv_num_threads': 0}
    dist_cfg: {'backend': 'nccl'}
    seed: 518110627
    Distributed launcher: none
    Distributed training: False
    GPU number: 1
------------------------------------------------------------

06/26 13:15:31 - mmengine - INFO - Config:
auto_scale_lr = dict(base_batch_size=16, enable=False)
backend_args = None
data_root = '/home/01/wyc/datasets/coco/'
dataset_type = 'CocoDataset'
default_hooks = dict(
    checkpoint=dict(interval=1, type='CheckpointHook'),
    logger=dict(interval=50, type='LoggerHook'),
    param_scheduler=dict(type='ParamSchedulerHook'),
    sampler_seed=dict(type='DistSamplerSeedHook'),
    timer=dict(type='IterTimerHook'),
    visualization=dict(type='DetVisualizationHook'))
default_scope = 'mmdet'
env_cfg = dict(
    cudnn_benchmark=False,
    dist_cfg=dict(backend='nccl'),
    mp_cfg=dict(mp_start_method='fork', opencv_num_threads=0))
launcher = 'none'
load_from = None
log_level = 'INFO'
log_processor = dict(by_epoch=True, type='LogProcessor', window_size=50)
model = dict(
    backbone=dict(
        depth=50,
        frozen_stages=1,
        init_cfg=dict(checkpoint='torchvision://resnet50', type='Pretrained'),
        norm_cfg=dict(requires_grad=True, type='BN'),
        norm_eval=True,
        num_stages=4,
        out_indices=(
            0,
            1,
            2,
            3,
        ),
        style='pytorch',
        type='ResNet'),
    data_preprocessor=dict(
        bgr_to_rgb=True,
        mean=[
            123.675,
            116.28,
            103.53,
        ],
        pad_mask=True,
        pad_size_divisor=32,
        std=[
            58.395,
            57.12,
            57.375,
        ],
        type='DetDataPreprocessor'),
    neck=dict(
        in_channels=[
            256,
            512,
            1024,
            2048,
        ],
        num_outs=5,
        out_channels=256,
        type='FPN'),
    roi_head=dict(
        bbox_head=dict(
            bbox_coder=dict(
                target_means=[
                    0.0,
                    0.0,
                    0.0,
                    0.0,
                ],
                target_stds=[
                    0.1,
                    0.1,
                    0.2,
                    0.2,
                ],
                type='DeltaXYWHBBoxCoder'),
            fc_out_channels=1024,
            in_channels=256,
            loss_bbox=dict(loss_weight=1.0, type='L1Loss'),
            loss_cls=dict(
                loss_weight=1.0, type='CrossEntropyLoss', use_sigmoid=False),
            num_classes=80,
            reg_class_agnostic=False,
            roi_feat_size=7,
            type='Shared2FCBBoxHead'),
        bbox_roi_extractor=dict(
            featmap_strides=[
                4,
                8,
                16,
                32,
            ],
            out_channels=256,
            roi_layer=dict(output_size=7, sampling_ratio=0, type='RoIAlign'),
            type='SingleRoIExtractor'),
        mask_head=dict(
            conv_out_channels=256,
            in_channels=256,
            loss_mask=dict(
                loss_weight=1.0, type='CrossEntropyLoss', use_mask=True),
            num_classes=80,
            num_convs=4,
            type='FCNMaskHead'),
        mask_iou_head=dict(
            conv_out_channels=256,
            fc_out_channels=1024,
            in_channels=256,
            num_classes=80,
            num_convs=4,
            num_fcs=2,
            roi_feat_size=14,
            type='MaskIoUHead'),
        mask_roi_extractor=dict(
            featmap_strides=[
                4,
                8,
                16,
                32,
            ],
            out_channels=256,
            roi_layer=dict(output_size=14, sampling_ratio=0, type='RoIAlign'),
            type='SingleRoIExtractor'),
        type='MaskScoringRoIHead'),
    rpn_head=dict(
        anchor_generator=dict(
            ratios=[
                0.5,
                1.0,
                2.0,
            ],
            scales=[
                8,
            ],
            strides=[
                4,
                8,
                16,
                32,
                64,
            ],
            type='AnchorGenerator'),
        bbox_coder=dict(
            target_means=[
                0.0,
                0.0,
                0.0,
                0.0,
            ],
            target_stds=[
                1.0,
                1.0,
                1.0,
                1.0,
            ],
            type='DeltaXYWHBBoxCoder'),
        feat_channels=256,
        in_channels=256,
        loss_bbox=dict(loss_weight=1.0, type='L1Loss'),
        loss_cls=dict(
            loss_weight=1.0, type='CrossEntropyLoss', use_sigmoid=True),
        type='RPNHead'),
    test_cfg=dict(
        rcnn=dict(
            mask_thr_binary=0.5,
            max_per_img=100,
            nms=dict(iou_threshold=0.5, type='nms'),
            score_thr=0.05),
        rpn=dict(
            max_per_img=1000,
            min_bbox_size=0,
            nms=dict(iou_threshold=0.7, type='nms'),
            nms_pre=1000)),
    train_cfg=dict(
        rcnn=dict(
            assigner=dict(
                ignore_iof_thr=-1,
                match_low_quality=True,
                min_pos_iou=0.5,
                neg_iou_thr=0.5,
                pos_iou_thr=0.5,
                type='MaxIoUAssigner'),
            debug=False,
            mask_size=28,
            mask_thr_binary=0.5,
            pos_weight=-1,
            sampler=dict(
                add_gt_as_proposals=True,
                neg_pos_ub=-1,
                num=512,
                pos_fraction=0.25,
                type='RandomSampler')),
        rpn=dict(
            allowed_border=-1,
            assigner=dict(
                ignore_iof_thr=-1,
                match_low_quality=True,
                min_pos_iou=0.3,
                neg_iou_thr=0.3,
                pos_iou_thr=0.7,
                type='MaxIoUAssigner'),
            debug=False,
            pos_weight=-1,
            sampler=dict(
                add_gt_as_proposals=False,
                neg_pos_ub=-1,
                num=256,
                pos_fraction=0.5,
                type='RandomSampler')),
        rpn_proposal=dict(
            max_per_img=1000,
            min_bbox_size=0,
            nms=dict(iou_threshold=0.7, type='nms'),
            nms_pre=2000)),
    type='MaskScoringRCNN')
optim_wrapper = dict(
    optimizer=dict(lr=0.001, momentum=0.9, type='SGD', weight_decay=0.0001),
    type='OptimWrapper')
param_scheduler = [
    dict(
        begin=0, by_epoch=False, end=500, start_factor=0.001, type='LinearLR'),
    dict(
        begin=0,
        by_epoch=True,
        end=12,
        gamma=0.1,
        milestones=[
            8,
            11,
        ],
        type='MultiStepLR'),
]
resume = False
test_cfg = dict(type='TestLoop')
test_dataloader = dict(
    batch_size=1,
    dataset=dict(
        ann_file='annotations/instances_val2017.json',
        backend_args=None,
        data_prefix=dict(img='images/val2017/'),
        data_root='/home/01/wyc/datasets/coco/',
        pipeline=[
            dict(backend_args=None, type='LoadImageFromFile'),
            dict(keep_ratio=True, scale=(
                1333,
                800,
            ), type='Resize'),
            dict(type='LoadAnnotations', with_bbox=True, with_mask=True),
            dict(
                meta_keys=(
                    'img_id',
                    'img_path',
                    'ori_shape',
                    'img_shape',
                    'scale_factor',
                ),
                type='PackDetInputs'),
        ],
        test_mode=True,
        type='CocoDataset'),
    drop_last=False,
    num_workers=2,
    persistent_workers=True,
    sampler=dict(shuffle=False, type='DefaultSampler'))
test_evaluator = dict(
    ann_file='/home/01/wyc/datasets/coco/annotations/instances_val2017.json',
    backend_args=None,
    format_only=False,
    metric=[
        'bbox',
        'segm',
    ],
    type='CocoMetric')
test_pipeline = [
    dict(backend_args=None, type='LoadImageFromFile'),
    dict(keep_ratio=True, scale=(
        1333,
        800,
    ), type='Resize'),
    dict(type='LoadAnnotations', with_bbox=True, with_mask=True),
    dict(
        meta_keys=(
            'img_id',
            'img_path',
            'ori_shape',
            'img_shape',
            'scale_factor',
        ),
        type='PackDetInputs'),
]
train_cfg = dict(max_epochs=12, type='EpochBasedTrainLoop', val_interval=1)
train_dataloader = dict(
    batch_sampler=dict(type='AspectRatioBatchSampler'),
    batch_size=4,
    dataset=dict(
        ann_file='annotations/instances_train2017.json',
        backend_args=None,
        data_prefix=dict(img='images/train2017/'),
        data_root='/home/01/wyc/datasets/coco/',
        filter_cfg=dict(filter_empty_gt=True, min_size=32),
        pipeline=[
            dict(backend_args=None, type='LoadImageFromFile'),
            dict(type='LoadAnnotations', with_bbox=True, with_mask=True),
            dict(keep_ratio=True, scale=(
                1333,
                800,
            ), type='Resize'),
            dict(prob=0.5, type='RandomFlip'),
            dict(type='PackDetInputs'),
        ],
        type='CocoDataset'),
    num_workers=4,
    persistent_workers=True,
    sampler=dict(shuffle=True, type='DefaultSampler'))
train_pipeline = [
    dict(backend_args=None, type='LoadImageFromFile'),
    dict(type='LoadAnnotations', with_bbox=True, with_mask=True),
    dict(keep_ratio=True, scale=(
        1333,
        800,
    ), type='Resize'),
    dict(prob=0.5, type='RandomFlip'),
    dict(type='PackDetInputs'),
]
val_cfg = dict(type='ValLoop')
val_dataloader = dict(
    batch_size=1,
    dataset=dict(
        ann_file='annotations/instances_val2017.json',
        backend_args=None,
        data_prefix=dict(img='images/val2017/'),
        data_root='/home/01/wyc/datasets/coco/',
        pipeline=[
            dict(backend_args=None, type='LoadImageFromFile'),
            dict(keep_ratio=True, scale=(
                1333,
                800,
            ), type='Resize'),
            dict(type='LoadAnnotations', with_bbox=True, with_mask=True),
            dict(
                meta_keys=(
                    'img_id',
                    'img_path',
                    'ori_shape',
                    'img_shape',
                    'scale_factor',
                ),
                type='PackDetInputs'),
        ],
        test_mode=True,
        type='CocoDataset'),
    drop_last=False,
    num_workers=2,
    persistent_workers=True,
    sampler=dict(shuffle=False, type='DefaultSampler'))
val_evaluator = dict(
    ann_file='/home/01/wyc/datasets/coco/annotations/instances_val2017.json',
    backend_args=None,
    format_only=False,
    metric=[
        'bbox',
        'segm',
    ],
    type='CocoMetric')
vis_backends = [
    dict(type='LocalVisBackend'),
]
visualizer = dict(
    name='visualizer',
    type='DetLocalVisualizer',
    vis_backends=[
        dict(type='LocalVisBackend'),
    ])
work_dir = './work_dirs/ms-rcnn_r50_fpn_1x_coco'

06/26 13:15:33 - mmengine - INFO - Distributed training is not used, all SyncBatchNorm (SyncBN) layers in the model will be automatically reverted to BatchNormXd layers if they are used.
06/26 13:15:33 - mmengine - INFO - Hooks will be executed in the following order:
before_run:
(VERY_HIGH   ) RuntimeInfoHook                    
(BELOW_NORMAL) LoggerHook                         
 -------------------- 
before_train:
(VERY_HIGH   ) RuntimeInfoHook                    
(NORMAL      ) IterTimerHook                      
(VERY_LOW    ) CheckpointHook                     
 -------------------- 
before_train_epoch:
(VERY_HIGH   ) RuntimeInfoHook                    
(NORMAL      ) IterTimerHook                      
(NORMAL      ) DistSamplerSeedHook                
 -------------------- 
before_train_iter:
(VERY_HIGH   ) RuntimeInfoHook                    
(NORMAL      ) IterTimerHook                      
 -------------------- 
after_train_iter:
(VERY_HIGH   ) RuntimeInfoHook                    
(NORMAL      ) IterTimerHook                      
(BELOW_NORMAL) LoggerHook                         
(LOW         ) ParamSchedulerHook                 
(VERY_LOW    ) CheckpointHook                     
 -------------------- 
after_train_epoch:
(NORMAL      ) IterTimerHook                      
(LOW         ) ParamSchedulerHook                 
(VERY_LOW    ) CheckpointHook                     
 -------------------- 
before_val:
(VERY_HIGH   ) RuntimeInfoHook                    
 -------------------- 
before_val_epoch:
(NORMAL      ) IterTimerHook                      
 -------------------- 
before_val_iter:
(NORMAL      ) IterTimerHook                      
 -------------------- 
after_val_iter:
(NORMAL      ) IterTimerHook                      
(NORMAL      ) DetVisualizationHook               
(BELOW_NORMAL) LoggerHook                         
 -------------------- 
after_val_epoch:
(VERY_HIGH   ) RuntimeInfoHook                    
(NORMAL      ) IterTimerHook                      
(BELOW_NORMAL) LoggerHook                         
(LOW         ) ParamSchedulerHook                 
(VERY_LOW    ) CheckpointHook                     
 -------------------- 
after_val:
(VERY_HIGH   ) RuntimeInfoHook                    
 -------------------- 
after_train:
(VERY_HIGH   ) RuntimeInfoHook                    
(VERY_LOW    ) CheckpointHook                     
 -------------------- 
before_test:
(VERY_HIGH   ) RuntimeInfoHook                    
 -------------------- 
before_test_epoch:
(NORMAL      ) IterTimerHook                      
 -------------------- 
before_test_iter:
(NORMAL      ) IterTimerHook                      
 -------------------- 
after_test_iter:
(NORMAL      ) IterTimerHook                      
(NORMAL      ) DetVisualizationHook               
(BELOW_NORMAL) LoggerHook                         
 -------------------- 
after_test_epoch:
(VERY_HIGH   ) RuntimeInfoHook                    
(NORMAL      ) IterTimerHook                      
(BELOW_NORMAL) LoggerHook                         
 -------------------- 
after_test:
(VERY_HIGH   ) RuntimeInfoHook                    
 -------------------- 
after_run:
(BELOW_NORMAL) LoggerHook                         
 -------------------- 
loading annotations into memory...
Done (t=15.84s)
creating index...
index created!
loading annotations into memory...
Done (t=0.59s)
creating index...
index created!
loading annotations into memory...
Done (t=0.61s)
creating index...
index created!
06/26 13:16:06 - mmengine - INFO - load model from: torchvision://resnet50
06/26 13:16:06 - mmengine - INFO - Loads checkpoint by torchvision backend from path: torchvision://resnet50
06/26 13:16:07 - mmengine - WARNING - The model and loaded state dict do not match exactly

unexpected key in source state_dict: fc.weight, fc.bias

06/26 13:16:07 - mmengine - WARNING - "FileClient" will be deprecated in future. Please use io functions in https://mmengine.readthedocs.io/en/latest/api/fileio.html#file-io
06/26 13:16:07 - mmengine - WARNING - "HardDiskBackend" is the alias of "LocalBackend" and the former will be deprecated in future.
06/26 13:16:07 - mmengine - INFO - Checkpoints will be saved to /home/01/wyc/mmdetection/work_dirs/ms-rcnn_r50_fpn_1x_coco.
TCAPPDLL 2025-06-26 13:16:10.116357 - Epoch: 0 Iteration: 0  rank : 0  train.loss : 6.2719807624816895  train.ips : 1.3223454829600358 imgs/s train.total_time : 3.024928092956543 
TCAPPDLL 2025-06-26 13:16:10.417546 - Epoch: 0 Iteration: 1  rank : 0  train.loss : 6.123961925506592  train.ips : 13.287273700692115 imgs/s train.total_time : 0.3010399341583252 
TCAPPDLL 2025-06-26 13:16:10.887725 - Epoch: 0 Iteration: 2  rank : 0  train.loss : 6.252193450927734  train.ips : 8.509377337867686 imgs/s train.total_time : 0.47006964683532715 
TCAPPDLL 2025-06-26 13:16:11.330393 - Epoch: 0 Iteration: 3  rank : 0  train.loss : 6.337791919708252  train.ips : 9.038313616878915 imgs/s train.total_time : 0.44256043434143066 
TCAPPDLL 2025-06-26 13:16:11.892612 - Epoch: 0 Iteration: 4  rank : 0  train.loss : 6.353533744812012  train.ips : 7.116190450337036 imgs/s train.total_time : 0.562098503112793 
TCAPPDLL 2025-06-26 13:16:12.201928 - Epoch: 0 Iteration: 5  rank : 0  train.loss : 6.236687183380127  train.ips : 12.936718309033765 imgs/s train.total_time : 0.30919742584228516 
TCAPPDLL 2025-06-26 13:16:12.698636 - Epoch: 0 Iteration: 6  rank : 0  train.loss : 6.2145538330078125  train.ips : 8.054870548561453 imgs/s train.total_time : 0.4965939521789551 
TCAPPDLL 2025-06-26 13:16:13.204283 - Epoch: 0 Iteration: 7  rank : 0  train.loss : 6.325808048248291  train.ips : 7.9123554152034865 imgs/s train.total_time : 0.5055384635925293 
TCAPPDLL 2025-06-26 13:16:13.870413 - Epoch: 0 Iteration: 8  rank : 0  train.loss : 6.028830051422119  train.ips : 6.005852202881139 imgs/s train.total_time : 0.6660170555114746 
TCAPPDLL 2025-06-26 13:16:14.196066 - Epoch: 0 Iteration: 9  rank : 0  train.loss : 6.231341361999512  train.ips : 12.289020084674997 imgs/s train.total_time : 0.32549381256103516 
TCAPPDLL 2025-06-26 13:16:14.585510 - Epoch: 0 Iteration: 10  rank : 0  train.loss : 6.136585235595703  train.ips : 10.275661260943435 imgs/s train.total_time : 0.3892693519592285 
TCAPPDLL 2025-06-26 13:16:14.960993 - Epoch: 0 Iteration: 11  rank : 0  train.loss : 6.062216281890869  train.ips : 10.656591827362513 imgs/s train.total_time : 0.375354528427124 
TCAPPDLL 2025-06-26 13:16:15.521467 - Epoch: 0 Iteration: 12  rank : 0  train.loss : 5.873682022094727  train.ips : 7.138675832466026 imgs/s train.total_time : 0.5603280067443848 
TCAPPDLL 2025-06-26 13:16:15.793078 - Epoch: 0 Iteration: 13  rank : 0  train.loss : 5.943202018737793  train.ips : 14.735663500344739 imgs/s train.total_time : 0.2714502811431885 
TCAPPDLL 2025-06-26 13:16:16.121806 - Epoch: 0 Iteration: 14  rank : 0  train.loss : 5.878426551818848  train.ips : 12.173166266752672 imgs/s train.total_time : 0.32859158515930176 
TCAPPDLL 2025-06-26 13:16:16.494005 - Epoch: 0 Iteration: 15  rank : 0  train.loss : 5.814207553863525  train.ips : 10.751324433074716 imgs/s train.total_time : 0.37204718589782715 
TCAPPDLL 2025-06-26 13:16:16.972990 - Epoch: 0 Iteration: 16  rank : 0  train.loss : 5.612453460693359  train.ips : 8.353369311559188 imgs/s train.total_time : 0.4788486957550049 
TCAPPDLL 2025-06-26 13:16:17.285712 - Epoch: 0 Iteration: 17  rank : 0  train.loss : 5.447577476501465  train.ips : 12.796495100600346 imgs/s train.total_time : 0.31258559226989746 
TCAPPDLL 2025-06-26 13:16:17.610425 - Epoch: 0 Iteration: 18  rank : 0  train.loss : 5.347255229949951  train.ips : 12.323900581479055 imgs/s train.total_time : 0.3245725631713867 
TCAPPDLL 2025-06-26 13:16:17.903401 - Epoch: 0 Iteration: 19  rank : 0  train.loss : 5.2042927742004395  train.ips : 13.65925812547272 imgs/s train.total_time : 0.29284167289733887 
TCAPPDLL 2025-06-26 13:16:18.517982 - Epoch: 0 Iteration: 20  rank : 0  train.loss : 5.0511040687561035  train.ips : 6.509950274817483 imgs/s train.total_time : 0.6144440174102783 
TCAPPDLL 2025-06-26 13:16:18.838867 - Epoch: 0 Iteration: 21  rank : 0  train.loss : 5.036056041717529  train.ips : 12.470836591551725 imgs/s train.total_time : 0.32074832916259766 
TCAPPDLL 2025-06-26 13:16:19.087294 - Epoch: 0 Iteration: 22  rank : 0  train.loss : 4.609818935394287  train.ips : 16.109833910586147 imgs/s train.total_time : 0.24829554557800293 
TCAPPDLL 2025-06-26 13:16:19.532720 - Epoch: 0 Iteration: 23  rank : 0  train.loss : 4.777253150939941  train.ips : 8.982759128409986 imgs/s train.total_time : 0.4452974796295166 
TCAPPDLL 2025-06-26 13:16:20.139413 - Epoch: 0 Iteration: 24  rank : 0  train.loss : 4.291749954223633  train.ips : 6.594594679582372 imgs/s train.total_time : 0.6065573692321777 
TCAPPDLL 2025-06-26 13:16:20.447062 - Epoch: 0 Iteration: 25  rank : 0  train.loss : 4.112359046936035  train.ips : 13.007297855300424 imgs/s train.total_time : 0.30751967430114746 
TCAPPDLL 2025-06-26 13:16:20.770604 - Epoch: 0 Iteration: 26  rank : 0  train.loss : 3.997779369354248  train.ips : 12.368564772492702 imgs/s train.total_time : 0.32340049743652344 
TCAPPDLL 2025-06-26 13:16:21.047364 - Epoch: 0 Iteration: 27  rank : 0  train.loss : 3.779635190963745  train.ips : 14.460262586092918 imgs/s train.total_time : 0.27662014961242676 
TCAPPDLL 2025-06-26 13:16:21.575340 - Epoch: 0 Iteration: 28  rank : 0  train.loss : 3.56811261177063  train.ips : 7.578069096537946 imgs/s train.total_time : 0.527838945388794 
TCAPPDLL 2025-06-26 13:16:22.125425 - Epoch: 0 Iteration: 29  rank : 0  train.loss : 3.1270697116851807  train.ips : 7.2737684242654685 imgs/s train.total_time : 0.5499212741851807 
TCAPPDLL 2025-06-26 13:16:22.420275 - Epoch: 0 Iteration: 30  rank : 0  train.loss : 2.993678092956543  train.ips : 13.571767979711774 imgs/s train.total_time : 0.29472947120666504 
TCAPPDLL 2025-06-26 13:16:22.678473 - Epoch: 0 Iteration: 31  rank : 0  train.loss : 2.729872226715088  train.ips : 15.501604469785796 imgs/s train.total_time : 0.258037805557251 
TCAPPDLL 2025-06-26 13:16:23.147131 - Epoch: 0 Iteration: 32  rank : 0  train.loss : 2.500150442123413  train.ips : 8.537888715241643 imgs/s train.total_time : 0.46849989891052246 
TCAPPDLL 2025-06-26 13:16:23.439105 - Epoch: 0 Iteration: 33  rank : 0  train.loss : 2.2905712127685547  train.ips : 13.70661825799025 imgs/s train.total_time : 0.29182982444763184 
TCAPPDLL 2025-06-26 13:16:23.712309 - Epoch: 0 Iteration: 34  rank : 0  train.loss : 2.0480706691741943  train.ips : 14.649046475219532 imgs/s train.total_time : 0.2730553150177002 
TCAPPDLL 2025-06-26 13:16:24.015469 - Epoch: 0 Iteration: 35  rank : 0  train.loss : 1.959855556488037  train.ips : 13.200853870309595 imgs/s train.total_time : 0.3030107021331787 
TCAPPDLL 2025-06-26 13:16:24.603596 - Epoch: 0 Iteration: 36  rank : 0  train.loss : 2.0449018478393555  train.ips : 6.802747987727071 imgs/s train.total_time : 0.5879976749420166 
TCAPPDLL 2025-06-26 13:16:24.878782 - Epoch: 0 Iteration: 37  rank : 0  train.loss : 1.8813419342041016  train.ips : 14.542322754450533 imgs/s train.total_time : 0.27505922317504883 
TCAPPDLL 2025-06-26 13:16:25.154040 - Epoch: 0 Iteration: 38  rank : 0  train.loss : 1.877085566520691  train.ips : 14.539134353321462 imgs/s train.total_time : 0.2751195430755615 
TCAPPDLL 2025-06-26 13:16:25.489890 - Epoch: 0 Iteration: 39  rank : 0  train.loss : 1.759636640548706  train.ips : 11.916220326138141 imgs/s train.total_time : 0.335676908493042 
TCAPPDLL 2025-06-26 13:16:25.941967 - Epoch: 0 Iteration: 40  rank : 0  train.loss : 2.1295106410980225  train.ips : 8.850955354872474 imgs/s train.total_time : 0.45192861557006836 
TCAPPDLL 2025-06-26 13:16:26.335881 - Epoch: 0 Iteration: 41  rank : 0  train.loss : 1.9286584854125977  train.ips : 10.158122457777461 imgs/s train.total_time : 0.39377355575561523 
TCAPPDLL 2025-06-26 13:16:26.657590 - Epoch: 0 Iteration: 42  rank : 0  train.loss : 2.0020651817321777  train.ips : 12.438282757664567 imgs/s train.total_time : 0.32158780097961426 
TCAPPDLL 2025-06-26 13:16:27.018413 - Epoch: 0 Iteration: 43  rank : 0  train.loss : 2.0236005783081055  train.ips : 11.089514769745321 imgs/s train.total_time : 0.3607010841369629 
TCAPPDLL 2025-06-26 13:16:27.673581 - Epoch: 0 Iteration: 44  rank : 0  train.loss : 1.940150260925293  train.ips : 6.106337049305389 imgs/s train.total_time : 0.6550571918487549 
TCAPPDLL 2025-06-26 13:16:27.939651 - Epoch: 0 Iteration: 45  rank : 0  train.loss : 1.7301404476165771  train.ips : 15.039951233068283 imgs/s train.total_time : 0.265958309173584 
TCAPPDLL 2025-06-26 13:16:28.285419 - Epoch: 0 Iteration: 46  rank : 0  train.loss : 1.807052493095398  train.ips : 11.575187731300693 imgs/s train.total_time : 0.3455667495727539 
TCAPPDLL 2025-06-26 13:16:28.721267 - Epoch: 0 Iteration: 47  rank : 0  train.loss : 2.082078456878662  train.ips : 9.180173007673119 imgs/s train.total_time : 0.43572163581848145 
TCAPPDLL 2025-06-26 13:16:29.197777 - Epoch: 0 Iteration: 48  rank : 0  train.loss : 1.9228270053863525  train.ips : 8.396542732882574 imgs/s train.total_time : 0.47638654708862305 
TCAPPDLL 2025-06-26 13:16:29.587531 - Epoch: 0 Iteration: 49  rank : 0  train.loss : 2.249133586883545  train.ips : 10.266575039515738 imgs/s train.total_time : 0.3896138668060303 
06/26 13:16:29 - mmengine - INFO - Epoch(train)  [1][   50/29317]  lr: 9.9098e-05  eta: 1 day, 19:56:48  time: 0.4498  data_time: 0.0844  memory: 7241  loss: 4.0790  loss_rpn_cls: 0.6823  loss_rpn_bbox: 0.1051  loss_cls: 2.3975  acc: 96.8750  loss_bbox: 0.0104  loss_mask: 0.8405  loss_mask_iou: 0.0431
TCAPPDLL 2025-06-26 13:16:29.877940 - Epoch: 0 Iteration: 50  rank : 0  train.loss : 1.7404924631118774  train.ips : 13.779590173965394 imgs/s train.total_time : 0.2902843952178955 
TCAPPDLL 2025-06-26 13:16:30.176809 - Epoch: 0 Iteration: 51  rank : 0  train.loss : 1.8235946893692017  train.ips : 13.389830021500709 imgs/s train.total_time : 0.298734188079834 
TCAPPDLL 2025-06-26 13:16:30.626848 - Epoch: 0 Iteration: 52  rank : 0  train.loss : 1.9483189582824707  train.ips : 8.891031286996908 imgs/s train.total_time : 0.4498915672302246 
TCAPPDLL 2025-06-26 13:16:30.904089 - Epoch: 0 Iteration: 53  rank : 0  train.loss : 1.663925290107727  train.ips : 14.435329232606543 imgs/s train.total_time : 0.2770979404449463 
TCAPPDLL 2025-06-26 13:16:31.292110 - Epoch: 0 Iteration: 54  rank : 0  train.loss : 2.044127941131592  train.ips : 10.31427232967868 imgs/s train.total_time : 0.38781213760375977 
TCAPPDLL 2025-06-26 13:16:31.611536 - Epoch: 0 Iteration: 55  rank : 0  train.loss : 1.6843916177749634  train.ips : 12.528266832144892 imgs/s train.total_time : 0.3192780017852783 
TCAPPDLL 2025-06-26 13:16:32.089937 - Epoch: 0 Iteration: 56  rank : 0  train.loss : 2.195970058441162  train.ips : 8.363630018948411 imgs/s train.total_time : 0.47826123237609863 
TCAPPDLL 2025-06-26 13:16:32.593043 - Epoch: 0 Iteration: 57  rank : 0  train.loss : 1.752541184425354  train.ips : 7.952410340417746 imgs/s train.total_time : 0.5029921531677246 
TCAPPDLL 2025-06-26 13:16:32.887639 - Epoch: 0 Iteration: 58  rank : 0  train.loss : 1.622979760169983  train.ips : 13.583272476435832 imgs/s train.total_time : 0.2944798469543457 
TCAPPDLL 2025-06-26 13:16:33.317655 - Epoch: 0 Iteration: 59  rank : 0  train.loss : 2.524013042449951  train.ips : 9.305058565596296 imgs/s train.total_time : 0.4298737049102783 
TCAPPDLL 2025-06-26 13:16:33.711264 - Epoch: 0 Iteration: 60  rank : 0  train.loss : 1.8901363611221313  train.ips : 10.16613666330567 imgs/s train.total_time : 0.393463134765625 
TCAPPDLL 2025-06-26 13:16:34.016557 - Epoch: 0 Iteration: 61  rank : 0  train.loss : 1.6896265745162964  train.ips : 13.108070457803839 imgs/s train.total_time : 0.30515551567077637 
TCAPPDLL 2025-06-26 13:16:34.309696 - Epoch: 0 Iteration: 62  rank : 0  train.loss : 1.766497015953064  train.ips : 13.651666870092356 imgs/s train.total_time : 0.29300451278686523 
TCAPPDLL 2025-06-26 13:16:34.627712 - Epoch: 0 Iteration: 63  rank : 0  train.loss : 1.8719866275787354  train.ips : 12.582981206396635 imgs/s train.total_time : 0.3178896903991699 
TCAPPDLL 2025-06-26 13:16:34.956534 - Epoch: 0 Iteration: 64  rank : 0  train.loss : 1.7611467838287354  train.ips : 12.170146276354588 imgs/s train.total_time : 0.3286731243133545 
TCAPPDLL 2025-06-26 13:16:35.227938 - Epoch: 0 Iteration: 65  rank : 0  train.loss : 1.9986895322799683  train.ips : 14.745765601859787 imgs/s train.total_time : 0.27126431465148926 
TCAPPDLL 2025-06-26 13:16:35.498745 - Epoch: 0 Iteration: 66  rank : 0  train.loss : 1.6877115964889526  train.ips : 14.779591617400527 imgs/s train.total_time : 0.2706434726715088 
TCAPPDLL 2025-06-26 13:16:35.946306 - Epoch: 0 Iteration: 67  rank : 0  train.loss : 1.777531385421753  train.ips : 8.940452990619493 imgs/s train.total_time : 0.4474046230316162 
TCAPPDLL 2025-06-26 13:16:36.340582 - Epoch: 0 Iteration: 68  rank : 0  train.loss : 1.971258521080017  train.ips : 10.148678003052368 imgs/s train.total_time : 0.39414000511169434 
TCAPPDLL 2025-06-26 13:16:36.816013 - Epoch: 0 Iteration: 69  rank : 0  train.loss : 2.0313100814819336  train.ips : 8.416394727191824 imgs/s train.total_time : 0.4752628803253174 
TCAPPDLL 2025-06-26 13:16:37.295253 - Epoch: 0 Iteration: 70  rank : 0  train.loss : 1.833255410194397  train.ips : 8.349012806763922 imgs/s train.total_time : 0.4790985584259033 
TCAPPDLL 2025-06-26 13:16:37.656370 - Epoch: 0 Iteration: 71  rank : 0  train.loss : 1.9263781309127808  train.ips : 11.081969985203974 imgs/s train.total_time : 0.3609466552734375 
TCAPPDLL 2025-06-26 13:16:38.139949 - Epoch: 0 Iteration: 72  rank : 0  train.loss : 1.9148873090744019  train.ips : 8.27401700153721 imgs/s train.total_time : 0.4834411144256592 
TCAPPDLL 2025-06-26 13:16:38.435305 - Epoch: 0 Iteration: 73  rank : 0  train.loss : 1.9651120901107788  train.ips : 13.548729817885514 imgs/s train.total_time : 0.2952306270599365 
TCAPPDLL 2025-06-26 13:16:38.742855 - Epoch: 0 Iteration: 74  rank : 0  train.loss : 1.838830590248108  train.ips : 13.011665909207242 imgs/s train.total_time : 0.3074164390563965 
TCAPPDLL 2025-06-26 13:16:39.082032 - Epoch: 0 Iteration: 75  rank : 0  train.loss : 2.3173675537109375  train.ips : 11.797842282101012 imgs/s train.total_time : 0.33904504776000977 
TCAPPDLL 2025-06-26 13:16:39.510025 - Epoch: 0 Iteration: 76  rank : 0  train.loss : 1.811610460281372  train.ips : 9.348648790213383 imgs/s train.total_time : 0.4278693199157715 
TCAPPDLL 2025-06-26 13:16:39.789863 - Epoch: 0 Iteration: 77  rank : 0  train.loss : 1.7413500547409058  train.ips : 14.299998636245858 imgs/s train.total_time : 0.2797203063964844 
TCAPPDLL 2025-06-26 13:16:40.069172 - Epoch: 0 Iteration: 78  rank : 0  train.loss : 1.9936758279800415  train.ips : 14.328601320363143 imgs/s train.total_time : 0.2791619300842285 
TCAPPDLL 2025-06-26 13:16:40.350997 - Epoch: 0 Iteration: 79  rank : 0  train.loss : 1.8890197277069092  train.ips : 14.199796701004054 imgs/s train.total_time : 0.2816941738128662 
TCAPPDLL 2025-06-26 13:16:41.028882 - Epoch: 0 Iteration: 80  rank : 0  train.loss : 2.2899177074432373  train.ips : 5.9018906421217965 imgs/s train.total_time : 0.6777489185333252 
TCAPPDLL 2025-06-26 13:16:41.461775 - Epoch: 0 Iteration: 81  rank : 0  train.loss : 1.8634827136993408  train.ips : 9.243079899796761 imgs/s train.total_time : 0.4327561855316162 
TCAPPDLL 2025-06-26 13:16:41.848050 - Epoch: 0 Iteration: 82  rank : 0  train.loss : 1.8090165853500366  train.ips : 10.359036610267028 imgs/s train.total_time : 0.3861362934112549 
TCAPPDLL 2025-06-26 13:16:42.151518 - Epoch: 0 Iteration: 83  rank : 0  train.loss : 1.8776147365570068  train.ips : 13.186846492369146 imgs/s train.total_time : 0.3033325672149658 
TCAPPDLL 2025-06-26 13:16:42.602672 - Epoch: 0 Iteration: 84  rank : 0  train.loss : 1.748259425163269  train.ips : 8.868790948314597 imgs/s train.total_time : 0.4510197639465332 
TCAPPDLL 2025-06-26 13:16:42.876771 - Epoch: 0 Iteration: 85  rank : 0  train.loss : 1.6222459077835083  train.ips : 14.600995956645773 imgs/s train.total_time : 0.273953914642334 
TCAPPDLL 2025-06-26 13:16:43.209477 - Epoch: 0 Iteration: 86  rank : 0  train.loss : 1.7916538715362549  train.ips : 12.028212918924423 imgs/s train.total_time : 0.3325514793395996 
TCAPPDLL 2025-06-26 13:16:43.616521 - Epoch: 0 Iteration: 87  rank : 0  train.loss : 2.1004953384399414  train.ips : 9.8313140049739 imgs/s train.total_time : 0.4068632125854492 
TCAPPDLL 2025-06-26 13:16:44.012808 - Epoch: 0 Iteration: 88  rank : 0  train.loss : 1.598844289779663  train.ips : 10.097395246214504 imgs/s train.total_time : 0.39614176750183105 
TCAPPDLL 2025-06-26 13:16:44.327787 - Epoch: 0 Iteration: 89  rank : 0  train.loss : 1.7840379476547241  train.ips : 12.705882709331588 imgs/s train.total_time : 0.31481480598449707 
TCAPPDLL 2025-06-26 13:16:44.608863 - Epoch: 0 Iteration: 90  rank : 0  train.loss : 1.6679601669311523  train.ips : 14.239012371664247 imgs/s train.total_time : 0.2809183597564697 
TCAPPDLL 2025-06-26 13:16:45.017755 - Epoch: 0 Iteration: 91  rank : 0  train.loss : 2.0816891193389893  train.ips : 9.786456516539989 imgs/s train.total_time : 0.40872812271118164 
TCAPPDLL 2025-06-26 13:16:45.312227 - Epoch: 0 Iteration: 92  rank : 0  train.loss : 1.5316686630249023  train.ips : 13.59136035800302 imgs/s train.total_time : 0.29430460929870605 
TCAPPDLL 2025-06-26 13:16:45.859443 - Epoch: 0 Iteration: 93  rank : 0  train.loss : 1.7773772478103638  train.ips : 7.311553954320045 imgs/s train.total_time : 0.54707932472229 
TCAPPDLL 2025-06-26 13:16:46.152448 - Epoch: 0 Iteration: 94  rank : 0  train.loss : 1.51776123046875  train.ips : 13.658201735319068 imgs/s train.total_time : 0.2928643226623535 
TCAPPDLL 2025-06-26 13:16:46.528853 - Epoch: 0 Iteration: 95  rank : 0  train.loss : 1.9996618032455444  train.ips : 10.631026330413645 imgs/s train.total_time : 0.37625718116760254 
TCAPPDLL 2025-06-26 13:16:46.918263 - Epoch: 0 Iteration: 96  rank : 0  train.loss : 1.8380979299545288  train.ips : 10.277008269525268 imgs/s train.total_time : 0.3892183303833008 
TCAPPDLL 2025-06-26 13:16:47.425174 - Epoch: 0 Iteration: 97  rank : 0  train.loss : 1.6739712953567505  train.ips : 7.893269800316065 imgs/s train.total_time : 0.506760835647583 
TCAPPDLL 2025-06-26 13:16:47.938238 - Epoch: 0 Iteration: 98  rank : 0  train.loss : 2.1856510639190674  train.ips : 7.798517570958299 imgs/s train.total_time : 0.5129179954528809 
TCAPPDLL 2025-06-26 13:16:48.195300 - Epoch: 0 Iteration: 99  rank : 0  train.loss : 1.7626432180404663  train.ips : 15.568811553641043 imgs/s train.total_time : 0.2569239139556885 
06/26 13:16:48 - mmengine - INFO - Epoch(train)  [1][  100/29317]  lr: 1.9920e-04  eta: 1 day, 16:08:29  time: 0.3720  data_time: 0.0530  memory: 7241  loss: 1.8640  loss_rpn_cls: 0.6112  loss_rpn_bbox: 0.1103  loss_cls: 0.2715  acc: 98.8281  loss_bbox: 0.0277  loss_mask: 0.8177  loss_mask_iou: 0.0257
