--------------+------------------------------------------------
 Host IP      | 10.244.54.9
 PyTorch      | 2.4.0a0+git4451b0e
 Torch-SDAA   | 2.2.0b0+git0636d14
--------------+------------------------------------------------
 SDAA Driver  | 2.1.0 (N/A)
 SDAA Runtime | 2.1.0 (/opt/tecoai/lib64/libsdaart.so)
 SDPTI        | 1.4.0b0 (/opt/tecoai/lib64/libsdpti.so)
 TecoDNN      | 2.2.0b0 (/opt/tecoai/lib64/libtecodnn.so)
 TecoBLAS     | 2.2.0b0 (/opt/tecoai/lib64/libtecoblas.so)
 CustomDNN    | 1.20.0a0 (/opt/tecoai/lib64/libtecodnn_ext.so)
 TecoRAND     | 2.0.1 (/opt/tecoai/lib64/libtecorand.so)
 TCCL         | 1.23.0 (/opt/tecoai/lib64/libtccl.so)
--------------+------------------------------------------------
/data/bigc-data/wyc/wyc_mmlab/lib/python3.10/site-packages/torch/distributed/launch.py:208: FutureWarning: The module torch.distributed.launch is deprecated
and will be removed in future. Use torchrun.
Note that --use-env is set by default in torchrun.
If your script expects `--local-rank` argument to be set, please
change it to read from `os.environ['LOCAL_RANK']` instead. See 
https://pytorch.org/docs/stable/distributed.html#launch-utility for 
further instructions

  main()
--------------+------------------------------------------------
 Host IP      | 10.244.54.9
 PyTorch      | 2.4.0a0+git4451b0e
 Torch-SDAA   | 2.2.0b0+git0636d14
--------------+------------------------------------------------
 SDAA Driver  | 2.1.0 (N/A)
 SDAA Runtime | 2.1.0 (/opt/tecoai/lib64/libsdaart.so)
 SDPTI        | 1.4.0b0 (/opt/tecoai/lib64/libsdpti.so)
 TecoDNN      | 2.2.0b0 (/opt/tecoai/lib64/libtecodnn.so)
 TecoBLAS     | 2.2.0b0 (/opt/tecoai/lib64/libtecoblas.so)
 CustomDNN    | 1.20.0a0 (/opt/tecoai/lib64/libtecodnn_ext.so)
 TecoRAND     | 2.0.1 (/opt/tecoai/lib64/libtecorand.so)
 TCCL         | 1.23.0 (/opt/tecoai/lib64/libtccl.so)
--------------+------------------------------------------------
/data/bigc-data/wyc/wyc_mmlab/lib/python3.10/site-packages/mmengine/optim/optimizer/zero_optimizer.py:11: DeprecationWarning: `TorchScript` support for functional optimizers is deprecated and will be removed in a future PyTorch release. Consider using the `torch.compile` optimizer instead.
  from torch.distributed.optim import \
/data/bigc-data/wyc/wyc_mmlab/lib/python3.10/site-packages/mmengine/utils/dl_utils/setup_env.py:46: UserWarning: Setting OMP_NUM_THREADS environment variable for each process to be 1 in default, to avoid your system being overloaded, please further tune the variable for optimal performance in your application as needed.
  warnings.warn(
/data/bigc-data/wyc/wyc_mmlab/lib/python3.10/site-packages/mmengine/utils/dl_utils/setup_env.py:56: UserWarning: Setting MKL_NUM_THREADS environment variable for each process to be 1 in default, to avoid your system being overloaded, please further tune the variable for optimal performance in your application as needed.
  warnings.warn(
06/26 12:57:24 - mmengine - INFO - 
------------------------------------------------------------
System environment:
    sys.platform: linux
    Python: 3.10.16 (main, Dec 11 2024, 16:24:50) [GCC 11.2.0]
    CUDA available: False
    MUSA available: False
    numpy_random_seed: 1353006027
    GCC: gcc (Ubuntu 11.4.0-1ubuntu1~22.04) 11.4.0
    PyTorch: 2.4.0a0+git4451b0e
    PyTorch compiling details: PyTorch built with:
  - GCC 11.5
  - C++ Version: 201703
  - Intel(R) oneAPI Math Kernel Library Version 2025.0-Product Build 20241009 for Intel(R) 64 architecture applications
  - Intel(R) MKL-DNN v3.4.2 (Git Hash 1137e04ec0b5251ca2b4400a4fd3c667ce843d67)
  - OpenMP 201511 (a.k.a. OpenMP 4.5)
  - LAPACK is enabled (usually provided by MKL)
  - NNPACK is enabled
  - CPU capability usage: AVX512
  - Build settings: BLAS_INFO=mkl, BUILD_TYPE=Release, CXX_COMPILER=/usr/bin/g++, CXX_FLAGS= -D_GLIBCXX_USE_CXX11_ABI=1 -fvisibility-inlines-hidden -DUSE_PTHREADPOOL -DNDEBUG -DUSE_KINETO -DLIBKINETO_NOCUPTI -DLIBKINETO_NOROCTRACER -DUSE_FBGEMM -DUSE_PYTORCH_QNNPACK -DUSE_XNNPACK -DSYMBOLICATE_MOBILE_DEBUG_HANDLE -O2 -fPIC -Wall -Wextra -Werror=return-type -Werror=non-virtual-dtor -Werror=range-loop-construct -Werror=bool-operation -Wnarrowing -Wno-missing-field-initializers -Wno-type-limits -Wno-array-bounds -Wno-unknown-pragmas -Wno-unused-parameter -Wno-unused-function -Wno-unused-result -Wno-strict-overflow -Wno-strict-aliasing -Wno-stringop-overflow -Wsuggest-override -Wno-psabi -Wno-error=pedantic -Wno-error=old-style-cast -Wno-missing-braces -fdiagnostics-color=always -faligned-new -Wno-unused-but-set-variable -Wno-maybe-uninitialized -fno-math-errno -fno-trapping-math -Werror=format -Wno-stringop-overflow, FORCE_FALLBACK_CUDA_MPI=1, LAPACK_INFO=mkl, PERF_WITH_AVX=1, PERF_WITH_AVX2=1, PERF_WITH_AVX512=1, TORCH_VERSION=2.4.0, USE_CUDA=OFF, USE_CUDNN=OFF, USE_CUSPARSELT=OFF, USE_EXCEPTION_PTR=1, USE_GFLAGS=OFF, USE_GLOG=OFF, USE_GLOO=ON, USE_MKL=ON, USE_MKLDNN=1, USE_MPI=ON, USE_NCCL=OFF, USE_NNPACK=ON, USE_OPENMP=ON, USE_ROCM=OFF, USE_ROCM_KERNEL_ASSERT=OFF, 

    TorchVision: 0.15.1a0+42759b1
    OpenCV: 4.11.0
    MMEngine: 0.10.4

Runtime environment:
    cudnn_benchmark: False
    mp_cfg: {'mp_start_method': 'fork', 'opencv_num_threads': 0}
    dist_cfg: {'backend': 'tccl'}
    seed: 1353006027
    Distributed launcher: pytorch
    Distributed training: True
    GPU number: 1
------------------------------------------------------------

06/26 12:57:25 - mmengine - INFO - Config:
auto_scale_lr = dict(base_batch_size=16, enable=False)
backend_args = None
data_root = '/data/teco-data/coco/'
dataset_type = 'CocoDataset'
default_hooks = dict(
    checkpoint=dict(interval=1, type='CheckpointHook'),
    logger=dict(interval=50, type='LoggerHook'),
    param_scheduler=dict(type='ParamSchedulerHook'),
    sampler_seed=dict(type='DistSamplerSeedHook'),
    timer=dict(type='IterTimerHook'),
    visualization=dict(type='DetVisualizationHook'))
default_scope = 'mmdet'
env_cfg = dict(
    cudnn_benchmark=False,
    dist_cfg=dict(backend='nccl'),
    mp_cfg=dict(mp_start_method='fork', opencv_num_threads=0))
launcher = 'pytorch'
load_from = None
log_level = 'INFO'
log_processor = dict(by_epoch=True, type='LogProcessor', window_size=50)
model = dict(
    backbone=dict(
        depth=50,
        frozen_stages=1,
        init_cfg=dict(checkpoint='torchvision://resnet50', type='Pretrained'),
        norm_cfg=dict(requires_grad=True, type='BN'),
        norm_eval=True,
        num_stages=4,
        out_indices=(
            0,
            1,
            2,
            3,
        ),
        style='pytorch',
        type='ResNet'),
    data_preprocessor=dict(
        bgr_to_rgb=True,
        mean=[
            123.675,
            116.28,
            103.53,
        ],
        pad_mask=True,
        pad_size_divisor=32,
        std=[
            58.395,
            57.12,
            57.375,
        ],
        type='DetDataPreprocessor'),
    neck=dict(
        in_channels=[
            256,
            512,
            1024,
            2048,
        ],
        num_outs=5,
        out_channels=256,
        type='FPN'),
    roi_head=dict(
        bbox_head=dict(
            bbox_coder=dict(
                target_means=[
                    0.0,
                    0.0,
                    0.0,
                    0.0,
                ],
                target_stds=[
                    0.1,
                    0.1,
                    0.2,
                    0.2,
                ],
                type='DeltaXYWHBBoxCoder'),
            fc_out_channels=1024,
            in_channels=256,
            loss_bbox=dict(loss_weight=1.0, type='L1Loss'),
            loss_cls=dict(
                loss_weight=1.0, type='CrossEntropyLoss', use_sigmoid=False),
            num_classes=80,
            reg_class_agnostic=False,
            roi_feat_size=7,
            type='Shared2FCBBoxHead'),
        bbox_roi_extractor=dict(
            featmap_strides=[
                4,
                8,
                16,
                32,
            ],
            out_channels=256,
            roi_layer=dict(output_size=7, sampling_ratio=0, type='RoIAlign'),
            type='SingleRoIExtractor'),
        mask_head=dict(
            conv_out_channels=256,
            in_channels=256,
            loss_mask=dict(
                loss_weight=1.0, type='CrossEntropyLoss', use_mask=True),
            num_classes=80,
            num_convs=4,
            type='FCNMaskHead'),
        mask_iou_head=dict(
            conv_out_channels=256,
            fc_out_channels=1024,
            in_channels=256,
            num_classes=80,
            num_convs=4,
            num_fcs=2,
            roi_feat_size=14,
            type='MaskIoUHead'),
        mask_roi_extractor=dict(
            featmap_strides=[
                4,
                8,
                16,
                32,
            ],
            out_channels=256,
            roi_layer=dict(output_size=14, sampling_ratio=0, type='RoIAlign'),
            type='SingleRoIExtractor'),
        type='MaskScoringRoIHead'),
    rpn_head=dict(
        anchor_generator=dict(
            ratios=[
                0.5,
                1.0,
                2.0,
            ],
            scales=[
                8,
            ],
            strides=[
                4,
                8,
                16,
                32,
                64,
            ],
            type='AnchorGenerator'),
        bbox_coder=dict(
            target_means=[
                0.0,
                0.0,
                0.0,
                0.0,
            ],
            target_stds=[
                1.0,
                1.0,
                1.0,
                1.0,
            ],
            type='DeltaXYWHBBoxCoder'),
        feat_channels=256,
        in_channels=256,
        loss_bbox=dict(loss_weight=1.0, type='L1Loss'),
        loss_cls=dict(
            loss_weight=1.0, type='CrossEntropyLoss', use_sigmoid=True),
        type='RPNHead'),
    test_cfg=dict(
        rcnn=dict(
            mask_thr_binary=0.5,
            max_per_img=100,
            nms=dict(iou_threshold=0.5, type='nms'),
            score_thr=0.05),
        rpn=dict(
            max_per_img=1000,
            min_bbox_size=0,
            nms=dict(iou_threshold=0.7, type='nms'),
            nms_pre=1000)),
    train_cfg=dict(
        rcnn=dict(
            assigner=dict(
                ignore_iof_thr=-1,
                match_low_quality=True,
                min_pos_iou=0.5,
                neg_iou_thr=0.5,
                pos_iou_thr=0.5,
                type='MaxIoUAssigner'),
            debug=False,
            mask_size=28,
            mask_thr_binary=0.5,
            pos_weight=-1,
            sampler=dict(
                add_gt_as_proposals=True,
                neg_pos_ub=-1,
                num=512,
                pos_fraction=0.25,
                type='RandomSampler')),
        rpn=dict(
            allowed_border=-1,
            assigner=dict(
                ignore_iof_thr=-1,
                match_low_quality=True,
                min_pos_iou=0.3,
                neg_iou_thr=0.3,
                pos_iou_thr=0.7,
                type='MaxIoUAssigner'),
            debug=False,
            pos_weight=-1,
            sampler=dict(
                add_gt_as_proposals=False,
                neg_pos_ub=-1,
                num=256,
                pos_fraction=0.5,
                type='RandomSampler')),
        rpn_proposal=dict(
            max_per_img=1000,
            min_bbox_size=0,
            nms=dict(iou_threshold=0.7, type='nms'),
            nms_pre=2000)),
    type='MaskScoringRCNN')
optim_wrapper = dict(
    optimizer=dict(lr=0.01, momentum=0.9, type='SGD', weight_decay=0.0001),
    type='OptimWrapper')
param_scheduler = [
    dict(
        begin=0, by_epoch=False, end=500, start_factor=0.001, type='LinearLR'),
    dict(
        begin=0,
        by_epoch=True,
        end=12,
        gamma=0.1,
        milestones=[
            8,
            11,
        ],
        type='MultiStepLR'),
]
resume = False
test_cfg = dict(type='TestLoop')
test_dataloader = dict(
    batch_size=1,
    dataset=dict(
        ann_file='annotations/instances_val2017.json',
        backend_args=None,
        data_prefix=dict(img='val2017/'),
        data_root='/data/teco-data/coco/',
        pipeline=[
            dict(backend_args=None, type='LoadImageFromFile'),
            dict(keep_ratio=True, scale=(
                1333,
                800,
            ), type='Resize'),
            dict(type='LoadAnnotations', with_bbox=True, with_mask=True),
            dict(
                meta_keys=(
                    'img_id',
                    'img_path',
                    'ori_shape',
                    'img_shape',
                    'scale_factor',
                ),
                type='PackDetInputs'),
        ],
        test_mode=True,
        type='CocoDataset'),
    drop_last=False,
    num_workers=2,
    persistent_workers=True,
    sampler=dict(shuffle=False, type='DefaultSampler'))
test_evaluator = dict(
    ann_file='/data/teco-data/coco/annotations/instances_val2017.json',
    backend_args=None,
    format_only=False,
    metric=[
        'bbox',
        'segm',
    ],
    type='CocoMetric')
test_pipeline = [
    dict(backend_args=None, type='LoadImageFromFile'),
    dict(keep_ratio=True, scale=(
        1333,
        800,
    ), type='Resize'),
    dict(type='LoadAnnotations', with_bbox=True, with_mask=True),
    dict(
        meta_keys=(
            'img_id',
            'img_path',
            'ori_shape',
            'img_shape',
            'scale_factor',
        ),
        type='PackDetInputs'),
]
train_cfg = dict(max_epochs=12, type='EpochBasedTrainLoop', val_interval=1)
train_dataloader = dict(
    batch_sampler=dict(type='AspectRatioBatchSampler'),
    batch_size=4,
    dataset=dict(
        ann_file='annotations/instances_train2017.json',
        backend_args=None,
        data_prefix=dict(img='train2017/'),
        data_root='/data/teco-data/coco/',
        filter_cfg=dict(filter_empty_gt=True, min_size=32),
        pipeline=[
            dict(backend_args=None, type='LoadImageFromFile'),
            dict(type='LoadAnnotations', with_bbox=True, with_mask=True),
            dict(keep_ratio=True, scale=(
                1333,
                800,
            ), type='Resize'),
            dict(prob=0.5, type='RandomFlip'),
            dict(type='PackDetInputs'),
        ],
        type='CocoDataset'),
    num_workers=4,
    persistent_workers=True,
    sampler=dict(shuffle=True, type='DefaultSampler'))
train_pipeline = [
    dict(backend_args=None, type='LoadImageFromFile'),
    dict(type='LoadAnnotations', with_bbox=True, with_mask=True),
    dict(keep_ratio=True, scale=(
        1333,
        800,
    ), type='Resize'),
    dict(prob=0.5, type='RandomFlip'),
    dict(type='PackDetInputs'),
]
val_cfg = dict(type='ValLoop')
val_dataloader = dict(
    batch_size=1,
    dataset=dict(
        ann_file='annotations/instances_val2017.json',
        backend_args=None,
        data_prefix=dict(img='val2017/'),
        data_root='/data/teco-data/coco/',
        pipeline=[
            dict(backend_args=None, type='LoadImageFromFile'),
            dict(keep_ratio=True, scale=(
                1333,
                800,
            ), type='Resize'),
            dict(type='LoadAnnotations', with_bbox=True, with_mask=True),
            dict(
                meta_keys=(
                    'img_id',
                    'img_path',
                    'ori_shape',
                    'img_shape',
                    'scale_factor',
                ),
                type='PackDetInputs'),
        ],
        test_mode=True,
        type='CocoDataset'),
    drop_last=False,
    num_workers=2,
    persistent_workers=True,
    sampler=dict(shuffle=False, type='DefaultSampler'))
val_evaluator = dict(
    ann_file='/data/teco-data/coco/annotations/instances_val2017.json',
    backend_args=None,
    format_only=False,
    metric=[
        'bbox',
        'segm',
    ],
    type='CocoMetric')
vis_backends = [
    dict(type='LocalVisBackend'),
]
visualizer = dict(
    name='visualizer',
    type='DetLocalVisualizer',
    vis_backends=[
        dict(type='LocalVisBackend'),
    ])
work_dir = './work_dirs/ms-rcnn_r50_fpn_1x_coco'

06/26 12:57:35 - mmengine - INFO - Hooks will be executed in the following order:
before_run:
(VERY_HIGH   ) RuntimeInfoHook                    
(BELOW_NORMAL) LoggerHook                         
 -------------------- 
before_train:
(VERY_HIGH   ) RuntimeInfoHook                    
(NORMAL      ) IterTimerHook                      
(VERY_LOW    ) CheckpointHook                     
 -------------------- 
before_train_epoch:
(VERY_HIGH   ) RuntimeInfoHook                    
(NORMAL      ) IterTimerHook                      
(NORMAL      ) DistSamplerSeedHook                
 -------------------- 
before_train_iter:
(VERY_HIGH   ) RuntimeInfoHook                    
(NORMAL      ) IterTimerHook                      
 -------------------- 
after_train_iter:
(VERY_HIGH   ) RuntimeInfoHook                    
(NORMAL      ) IterTimerHook                      
(BELOW_NORMAL) LoggerHook                         
(LOW         ) ParamSchedulerHook                 
(VERY_LOW    ) CheckpointHook                     
 -------------------- 
after_train_epoch:
(NORMAL      ) IterTimerHook                      
(LOW         ) ParamSchedulerHook                 
(VERY_LOW    ) CheckpointHook                     
 -------------------- 
before_val:
(VERY_HIGH   ) RuntimeInfoHook                    
 -------------------- 
before_val_epoch:
(NORMAL      ) IterTimerHook                      
 -------------------- 
before_val_iter:
(NORMAL      ) IterTimerHook                      
 -------------------- 
after_val_iter:
(NORMAL      ) IterTimerHook                      
(NORMAL      ) DetVisualizationHook               
(BELOW_NORMAL) LoggerHook                         
 -------------------- 
after_val_epoch:
(VERY_HIGH   ) RuntimeInfoHook                    
(NORMAL      ) IterTimerHook                      
(BELOW_NORMAL) LoggerHook                         
(LOW         ) ParamSchedulerHook                 
(VERY_LOW    ) CheckpointHook                     
 -------------------- 
after_val:
(VERY_HIGH   ) RuntimeInfoHook                    
 -------------------- 
after_train:
(VERY_HIGH   ) RuntimeInfoHook                    
(VERY_LOW    ) CheckpointHook                     
 -------------------- 
before_test:
(VERY_HIGH   ) RuntimeInfoHook                    
 -------------------- 
before_test_epoch:
(NORMAL      ) IterTimerHook                      
 -------------------- 
before_test_iter:
(NORMAL      ) IterTimerHook                      
 -------------------- 
after_test_iter:
(NORMAL      ) IterTimerHook                      
(NORMAL      ) DetVisualizationHook               
(BELOW_NORMAL) LoggerHook                         
 -------------------- 
after_test_epoch:
(VERY_HIGH   ) RuntimeInfoHook                    
(NORMAL      ) IterTimerHook                      
(BELOW_NORMAL) LoggerHook                         
 -------------------- 
after_test:
(VERY_HIGH   ) RuntimeInfoHook                    
 -------------------- 
after_run:
(BELOW_NORMAL) LoggerHook                         
 -------------------- 
loading annotations into memory...
Done (t=13.23s)
creating index...
index created!
loading annotations into memory...
Done (t=0.36s)
creating index...
index created!
loading annotations into memory...
Done (t=0.36s)
creating index...
index created!
06/26 12:58:02 - mmengine - INFO - load model from: torchvision://resnet50
06/26 12:58:02 - mmengine - INFO - Loads checkpoint by torchvision backend from path: torchvision://resnet50
06/26 12:58:02 - mmengine - WARNING - The model and loaded state dict do not match exactly

unexpected key in source state_dict: fc.weight, fc.bias

06/26 12:58:03 - mmengine - WARNING - "FileClient" will be deprecated in future. Please use io functions in https://mmengine.readthedocs.io/en/latest/api/fileio.html#file-io
06/26 12:58:03 - mmengine - WARNING - "HardDiskBackend" is the alias of "LocalBackend" and the former will be deprecated in future.
06/26 12:58:03 - mmengine - INFO - Checkpoints will be saved to /data/bigc-data/wyc/mask_scoring_rcnn/run_scripts/work_dirs/ms-rcnn_r50_fpn_1x_coco.
TCAPPDLL 2025-06-26 12:58:13.937864 - Epoch: 0 Iteration: 0  rank : 0  train.loss : 5.975067615509033  train.ips : 0.37955315967546305 imgs/s train.total_time : 10.538708209991455 
TCAPPDLL 2025-06-26 12:58:23.324602 - Epoch: 0 Iteration: 1  rank : 0  train.loss : 5.943679332733154  train.ips : 0.42615604801934737 imgs/s train.total_time : 9.38623309135437 
TCAPPDLL 2025-06-26 12:58:31.752493 - Epoch: 0 Iteration: 2  rank : 0  train.loss : 5.925886154174805  train.ips : 0.47463520933146214 imgs/s train.total_time : 8.42752480506897 
TCAPPDLL 2025-06-26 12:58:39.991629 - Epoch: 0 Iteration: 3  rank : 0  train.loss : 5.856424331665039  train.ips : 0.48550547379610764 imgs/s train.total_time : 8.23883605003357 
TCAPPDLL 2025-06-26 12:58:49.154354 - Epoch: 0 Iteration: 4  rank : 0  train.loss : 5.946136951446533  train.ips : 0.4365662245938681 imgs/s train.total_time : 9.162412881851196 
TCAPPDLL 2025-06-26 12:58:57.352111 - Epoch: 0 Iteration: 5  rank : 0  train.loss : 5.808862686157227  train.ips : 0.4879645728960154 imgs/s train.total_time : 8.197316408157349 
TCAPPDLL 2025-06-26 12:59:05.818654 - Epoch: 0 Iteration: 6  rank : 0  train.loss : 5.895913124084473  train.ips : 0.47246777836300036 imgs/s train.total_time : 8.466185808181763 
TCAPPDLL 2025-06-26 12:59:14.705649 - Epoch: 0 Iteration: 7  rank : 0  train.loss : 5.859943866729736  train.ips : 0.4501113029871665 imgs/s train.total_time : 8.886690855026245 
TCAPPDLL 2025-06-26 12:59:23.577468 - Epoch: 0 Iteration: 8  rank : 0  train.loss : 5.852841854095459  train.ips : 0.45088192815560274 imgs/s train.total_time : 8.871502161026001 
TCAPPDLL 2025-06-26 12:59:31.586569 - Epoch: 0 Iteration: 9  rank : 0  train.loss : 5.638673305511475  train.ips : 0.4994556280604176 imgs/s train.total_time : 8.008719444274902 
TCAPPDLL 2025-06-26 12:59:39.577989 - Epoch: 0 Iteration: 10  rank : 0  train.loss : 5.610019683837891  train.ips : 0.500559836910951 imgs/s train.total_time : 7.991052627563477 
TCAPPDLL 2025-06-26 12:59:47.345333 - Epoch: 0 Iteration: 11  rank : 0  train.loss : 5.560824871063232  train.ips : 0.5149956122951018 imgs/s train.total_time : 7.767056465148926 
TCAPPDLL 2025-06-26 12:59:55.705826 - Epoch: 0 Iteration: 12  rank : 0  train.loss : 5.697836875915527  train.ips : 0.4784548784244895 imgs/s train.total_time : 8.360244989395142 
TCAPPDLL 2025-06-26 13:00:01.838222 - Epoch: 0 Iteration: 13  rank : 0  train.loss : 5.420169830322266  train.ips : 0.6523009379256771 imgs/s train.total_time : 6.132138967514038 
TCAPPDLL 2025-06-26 13:00:08.674813 - Epoch: 0 Iteration: 14  rank : 0  train.loss : 5.465751647949219  train.ips : 0.5851098181921159 imgs/s train.total_time : 6.836323499679565 
TCAPPDLL 2025-06-26 13:00:15.195774 - Epoch: 0 Iteration: 15  rank : 0  train.loss : 5.2618937492370605  train.ips : 0.6134422677524568 imgs/s train.total_time : 6.520581007003784 
TCAPPDLL 2025-06-26 13:00:24.089749 - Epoch: 0 Iteration: 16  rank : 0  train.loss : 5.044219970703125  train.ips : 0.44976091562283416 imgs/s train.total_time : 8.893614053726196 
TCAPPDLL 2025-06-26 13:00:32.424890 - Epoch: 0 Iteration: 17  rank : 0  train.loss : 4.933933734893799  train.ips : 0.47991355774531236 imgs/s train.total_time : 8.334834337234497 
TCAPPDLL 2025-06-26 13:00:40.689878 - Epoch: 0 Iteration: 18  rank : 0  train.loss : 4.8488006591796875  train.ips : 0.4839856246840626 imgs/s train.total_time : 8.264708280563354 
TCAPPDLL 2025-06-26 13:00:49.455344 - Epoch: 0 Iteration: 19  rank : 0  train.loss : 4.673243045806885  train.ips : 0.4563542009397125 imgs/s train.total_time : 8.765121459960938 
TCAPPDLL 2025-06-26 13:01:00.014331 - Epoch: 0 Iteration: 20  rank : 0  train.loss : 4.549223899841309  train.ips : 0.37883751512073316 imgs/s train.total_time : 10.558616399765015 
TCAPPDLL 2025-06-26 13:01:06.171816 - Epoch: 0 Iteration: 21  rank : 0  train.loss : 4.430582523345947  train.ips : 0.6496489764510796 imgs/s train.total_time : 6.157171249389648 
TCAPPDLL 2025-06-26 13:01:13.258796 - Epoch: 0 Iteration: 22  rank : 0  train.loss : 4.168485164642334  train.ips : 0.5644368328897216 imgs/s train.total_time : 7.08670973777771 
TCAPPDLL 2025-06-26 13:01:20.137010 - Epoch: 0 Iteration: 23  rank : 0  train.loss : 4.185762882232666  train.ips : 0.5815676319922624 imgs/s train.total_time : 6.877961874008179 
TCAPPDLL 2025-06-26 13:01:27.632132 - Epoch: 0 Iteration: 24  rank : 0  train.loss : 4.1150407791137695  train.ips : 0.5336995582155749 imgs/s train.total_time : 7.494853496551514 
TCAPPDLL 2025-06-26 13:01:35.169368 - Epoch: 0 Iteration: 25  rank : 0  train.loss : 3.5358216762542725  train.ips : 0.5307197260196665 imgs/s train.total_time : 7.536934852600098 
TCAPPDLL 2025-06-26 13:01:42.884782 - Epoch: 0 Iteration: 26  rank : 0  train.loss : 3.2698793411254883  train.ips : 0.5184691878998755 imgs/s train.total_time : 7.715019702911377 
TCAPPDLL 2025-06-26 13:01:50.995213 - Epoch: 0 Iteration: 27  rank : 0  train.loss : 3.214047908782959  train.ips : 0.49321436957170217 imgs/s train.total_time : 8.110063791275024 
TCAPPDLL 2025-06-26 13:02:00.588982 - Epoch: 0 Iteration: 28  rank : 0  train.loss : 3.1577541828155518  train.ips : 0.41695027552361663 imgs/s train.total_time : 9.593470096588135 
TCAPPDLL 2025-06-26 13:02:09.248312 - Epoch: 0 Iteration: 29  rank : 0  train.loss : 3.0215206146240234  train.ips : 0.4619468442239312 imgs/s train.total_time : 8.659004926681519 
TCAPPDLL 2025-06-26 13:02:17.395733 - Epoch: 0 Iteration: 30  rank : 0  train.loss : 2.770575523376465  train.ips : 0.4909792611414745 imgs/s train.total_time : 8.146983623504639 
TCAPPDLL 2025-06-26 13:02:26.034059 - Epoch: 0 Iteration: 31  rank : 0  train.loss : 2.5674757957458496  train.ips : 0.4630735926996009 imgs/s train.total_time : 8.637935876846313 
TCAPPDLL 2025-06-26 13:02:35.661858 - Epoch: 0 Iteration: 32  rank : 0  train.loss : 2.5022411346435547  train.ips : 0.4154761267375814 imgs/s train.total_time : 9.627508640289307 
TCAPPDLL 2025-06-26 13:02:44.709963 - Epoch: 0 Iteration: 33  rank : 0  train.loss : 2.553563356399536  train.ips : 0.442095987060196 imgs/s train.total_time : 9.04780888557434 
TCAPPDLL 2025-06-26 13:02:53.703857 - Epoch: 0 Iteration: 34  rank : 0  train.loss : 2.3934507369995117  train.ips : 0.44475986338463547 imgs/s train.total_time : 8.993617296218872 
TCAPPDLL 2025-06-26 13:03:02.831233 - Epoch: 0 Iteration: 35  rank : 0  train.loss : 2.2308871746063232  train.ips : 0.43826241547060774 imgs/s train.total_time : 9.126951932907104 
TCAPPDLL 2025-06-26 13:03:13.338831 - Epoch: 0 Iteration: 36  rank : 0  train.loss : 2.1243560314178467  train.ips : 0.38068997052884457 imgs/s train.total_time : 10.507237672805786 
TCAPPDLL 2025-06-26 13:03:22.277477 - Epoch: 0 Iteration: 37  rank : 0  train.loss : 1.9794484376907349  train.ips : 0.44751034265855494 imgs/s train.total_time : 8.938340902328491 
TCAPPDLL 2025-06-26 13:03:31.667897 - Epoch: 0 Iteration: 38  rank : 0  train.loss : 2.09798002243042  train.ips : 0.4259784988870417 imgs/s train.total_time : 9.390145301818848 
TCAPPDLL 2025-06-26 13:03:42.609363 - Epoch: 0 Iteration: 39  rank : 0  train.loss : 2.39621639251709  train.ips : 0.3655913519244649 imgs/s train.total_time : 10.94117784500122 
TCAPPDLL 2025-06-26 13:03:53.565988 - Epoch: 0 Iteration: 40  rank : 0  train.loss : 2.2970237731933594  train.ips : 0.3650854342666557 imgs/s train.total_time : 10.956339597702026 
TCAPPDLL 2025-06-26 13:04:01.651073 - Epoch: 0 Iteration: 41  rank : 0  train.loss : 1.9783892631530762  train.ips : 0.4947574288079118 imgs/s train.total_time : 8.08476996421814 
TCAPPDLL 2025-06-26 13:04:09.311771 - Epoch: 0 Iteration: 42  rank : 0  train.loss : 2.044672727584839  train.ips : 0.5221658852071503 imgs/s train.total_time : 7.660400867462158 
TCAPPDLL 2025-06-26 13:04:17.349840 - Epoch: 0 Iteration: 43  rank : 0  train.loss : 1.9670039415359497  train.ips : 0.4976481924408696 imgs/s train.total_time : 8.037806749343872 
TCAPPDLL 2025-06-26 13:04:26.257212 - Epoch: 0 Iteration: 44  rank : 0  train.loss : 1.965856671333313  train.ips : 0.4490789877129213 imgs/s train.total_time : 8.907119035720825 
TCAPPDLL 2025-06-26 13:04:34.594623 - Epoch: 0 Iteration: 45  rank : 0  train.loss : 1.9985932111740112  train.ips : 0.47978010414099775 imgs/s train.total_time : 8.33715271949768 
TCAPPDLL 2025-06-26 13:04:42.837484 - Epoch: 0 Iteration: 46  rank : 0  train.loss : 1.8206493854522705  train.ips : 0.48528394023850197 imgs/s train.total_time : 8.242597103118896 
TCAPPDLL 2025-06-26 13:04:52.482373 - Epoch: 0 Iteration: 47  rank : 0  train.loss : 1.6546119451522827  train.ips : 0.4147432824788855 imgs/s train.total_time : 9.644520282745361 
TCAPPDLL 2025-06-26 13:05:04.331321 - Epoch: 0 Iteration: 48  rank : 0  train.loss : 1.7594574689865112  train.ips : 0.33759198418004405 imgs/s train.total_time : 11.848622560501099 
TCAPPDLL 2025-06-26 13:05:13.466942 - Epoch: 0 Iteration: 49  rank : 0  train.loss : 1.8275443315505981  train.ips : 0.4378589528762881 imgs/s train.total_time : 9.135361909866333 
06/26 13:05:13 - mmengine - INFO - Epoch(train)  [1][   50/29317]  lr: 9.9098e-04  eta: 35 days, 0:23:59  time: 8.6010  data_time: 0.2692  memory: 6684  loss: 3.8360  loss_rpn_cls: 0.6801  loss_rpn_bbox: 0.0991  loss_cls: 2.2813  acc: 98.0957  loss_bbox: 0.0175  loss_mask: 0.7416  loss_mask_iou: 0.0164
TCAPPDLL 2025-06-26 13:05:25.325382 - Epoch: 0 Iteration: 50  rank : 0  train.loss : 1.8672093152999878  train.ips : 0.33732033178607357 imgs/s train.total_time : 11.858164548873901 
TCAPPDLL 2025-06-26 13:05:36.723657 - Epoch: 0 Iteration: 51  rank : 0  train.loss : 1.867360234260559  train.ips : 0.3509393043467238 imgs/s train.total_time : 11.397982358932495 
TCAPPDLL 2025-06-26 13:05:46.456483 - Epoch: 0 Iteration: 52  rank : 0  train.loss : 1.9507580995559692  train.ips : 0.41099439078392774 imgs/s train.total_time : 9.732492923736572 
TCAPPDLL 2025-06-26 13:05:55.558611 - Epoch: 0 Iteration: 53  rank : 0  train.loss : 1.8621934652328491  train.ips : 0.43947680484542023 imgs/s train.total_time : 9.101731777191162 
TCAPPDLL 2025-06-26 13:06:05.888862 - Epoch: 0 Iteration: 54  rank : 0  train.loss : 1.4476945400238037  train.ips : 0.3872274965142588 imgs/s train.total_time : 10.329844951629639 
TCAPPDLL 2025-06-26 13:06:15.131954 - Epoch: 0 Iteration: 55  rank : 0  train.loss : 1.5237632989883423  train.ips : 0.4327749283610266 imgs/s train.total_time : 9.242679595947266 
TCAPPDLL 2025-06-26 13:06:24.818906 - Epoch: 0 Iteration: 56  rank : 0  train.loss : 1.674179196357727  train.ips : 0.41294033038591543 imgs/s train.total_time : 9.6866295337677 
TCAPPDLL 2025-06-26 13:06:33.514306 - Epoch: 0 Iteration: 57  rank : 0  train.loss : 1.5411102771759033  train.ips : 0.46003084802059174 imgs/s train.total_time : 8.695069074630737 
TCAPPDLL 2025-06-26 13:06:42.838281 - Epoch: 0 Iteration: 58  rank : 0  train.loss : 1.667187213897705  train.ips : 0.4290208829753398 imgs/s train.total_time : 9.32355546951294 
TCAPPDLL 2025-06-26 13:06:54.373084 - Epoch: 0 Iteration: 59  rank : 0  train.loss : 1.818711757659912  train.ips : 0.3467871597180595 imgs/s train.total_time : 11.534452438354492 
TCAPPDLL 2025-06-26 13:07:06.171102 - Epoch: 0 Iteration: 60  rank : 0  train.loss : 1.7244309186935425  train.ips : 0.3390504474581739 imgs/s train.total_time : 11.797654390335083 
TCAPPDLL 2025-06-26 13:07:15.069021 - Epoch: 0 Iteration: 61  rank : 0  train.loss : 1.5992354154586792  train.ips : 0.4495635789859266 imgs/s train.total_time : 8.897517919540405 
TCAPPDLL 2025-06-26 13:07:26.346991 - Epoch: 0 Iteration: 62  rank : 0  train.loss : 1.6123604774475098  train.ips : 0.35468660722347595 imgs/s train.total_time : 11.27756142616272 
TCAPPDLL 2025-06-26 13:07:37.294540 - Epoch: 0 Iteration: 63  rank : 0  train.loss : 1.4500055313110352  train.ips : 0.36539220036537445 imgs/s train.total_time : 10.947141170501709 
TCAPPDLL 2025-06-26 13:07:46.783577 - Epoch: 0 Iteration: 64  rank : 0  train.loss : 1.7781825065612793  train.ips : 0.42155614957876963 imgs/s train.total_time : 9.48865294456482 
TCAPPDLL 2025-06-26 13:07:56.217149 - Epoch: 0 Iteration: 65  rank : 0  train.loss : 1.3952033519744873  train.ips : 0.42403502817356387 imgs/s train.total_time : 9.433182954788208 
TCAPPDLL 2025-06-26 13:08:07.036706 - Epoch: 0 Iteration: 66  rank : 0  train.loss : 1.3712104558944702  train.ips : 0.36971198513608156 imgs/s train.total_time : 10.819232702255249 
TCAPPDLL 2025-06-26 13:08:18.034752 - Epoch: 0 Iteration: 67  rank : 0  train.loss : 1.6379854679107666  train.ips : 0.3637120428000988 imgs/s train.total_time : 10.997711181640625 
TCAPPDLL 2025-06-26 13:08:28.167113 - Epoch: 0 Iteration: 68  rank : 0  train.loss : 1.5254637002944946  train.ips : 0.3947871448870405 imgs/s train.total_time : 10.132042169570923 
TCAPPDLL 2025-06-26 13:08:39.897720 - Epoch: 0 Iteration: 69  rank : 0  train.loss : 1.5248316526412964  train.ips : 0.3409980796061424 imgs/s train.total_time : 11.730271339416504 
TCAPPDLL 2025-06-26 13:08:48.433048 - Epoch: 0 Iteration: 70  rank : 0  train.loss : 1.4527153968811035  train.ips : 0.4686570989071634 imgs/s train.total_time : 8.535024881362915 
TCAPPDLL 2025-06-26 13:08:59.619500 - Epoch: 0 Iteration: 71  rank : 0  train.loss : 2.172053575515747  train.ips : 0.3575858015306061 imgs/s train.total_time : 11.186126470565796 
TCAPPDLL 2025-06-26 13:09:12.614203 - Epoch: 0 Iteration: 72  rank : 0  train.loss : 1.9703686237335205  train.ips : 0.3078264956836683 imgs/s train.total_time : 12.994333028793335 
TCAPPDLL 2025-06-26 13:09:24.308592 - Epoch: 0 Iteration: 73  rank : 0  train.loss : 1.520268201828003  train.ips : 0.3420553434628147 imgs/s train.total_time : 11.694014072418213 
TCAPPDLL 2025-06-26 13:09:35.646052 - Epoch: 0 Iteration: 74  rank : 0  train.loss : 1.725240707397461  train.ips : 0.3528226743891995 imgs/s train.total_time : 11.33713984489441 
TCAPPDLL 2025-06-26 13:09:44.817973 - Epoch: 0 Iteration: 75  rank : 0  train.loss : 1.6192808151245117  train.ips : 0.43613153372620456 imgs/s train.total_time : 9.171545028686523 
TCAPPDLL 2025-06-26 13:09:57.260691 - Epoch: 0 Iteration: 76  rank : 0  train.loss : 1.3907898664474487  train.ips : 0.32148168246748815 imgs/s train.total_time : 12.442388534545898 
TCAPPDLL 2025-06-26 13:10:06.130630 - Epoch: 0 Iteration: 77  rank : 0  train.loss : 1.491731882095337  train.ips : 0.4509740505501614 imgs/s train.total_time : 8.86968994140625 
TCAPPDLL 2025-06-26 13:10:14.947736 - Epoch: 0 Iteration: 78  rank : 0  train.loss : 1.9385881423950195  train.ips : 0.4536771619498992 imgs/s train.total_time : 8.816842317581177 
TCAPPDLL 2025-06-26 13:10:24.285641 - Epoch: 0 Iteration: 79  rank : 0  train.loss : 1.632827639579773  train.ips : 0.42837698916210215 imgs/s train.total_time : 9.33756971359253 
TCAPPDLL 2025-06-26 13:10:34.119632 - Epoch: 0 Iteration: 80  rank : 0  train.loss : 1.4487653970718384  train.ips : 0.4067654821466632 imgs/s train.total_time : 9.833676099777222 
TCAPPDLL 2025-06-26 13:10:43.467186 - Epoch: 0 Iteration: 81  rank : 0  train.loss : 1.8202900886535645  train.ips : 0.4279311233867406 imgs/s train.total_time : 9.347298622131348 
TCAPPDLL 2025-06-26 13:10:52.573174 - Epoch: 0 Iteration: 82  rank : 0  train.loss : 1.4737213850021362  train.ips : 0.43928369480144275 imgs/s train.total_time : 9.105732917785645 
TCAPPDLL 2025-06-26 13:11:01.605373 - Epoch: 0 Iteration: 83  rank : 0  train.loss : 1.6534501314163208  train.ips : 0.44287726344073747 imgs/s train.total_time : 9.031847715377808 
TCAPPDLL 2025-06-26 13:11:11.414948 - Epoch: 0 Iteration: 84  rank : 0  train.loss : 1.64262855052948  train.ips : 0.4077776540090648 imgs/s train.total_time : 9.809267282485962 
TCAPPDLL 2025-06-26 13:11:22.780515 - Epoch: 0 Iteration: 85  rank : 0  train.loss : 1.4584763050079346  train.ips : 0.3519483658515843 imgs/s train.total_time : 11.36530351638794 
TCAPPDLL 2025-06-26 13:11:34.534598 - Epoch: 0 Iteration: 86  rank : 0  train.loss : 1.814483642578125  train.ips : 0.34031769770424725 imgs/s train.total_time : 11.75372314453125 
TCAPPDLL 2025-06-26 13:11:46.056172 - Epoch: 0 Iteration: 87  rank : 0  train.loss : 1.657867431640625  train.ips : 0.3471842338792611 imgs/s train.total_time : 11.521260499954224 
TCAPPDLL 2025-06-26 13:11:56.171721 - Epoch: 0 Iteration: 88  rank : 0  train.loss : 1.680554986000061  train.ips : 0.39544107587814803 imgs/s train.total_time : 10.115287065505981 
TCAPPDLL 2025-06-26 13:12:04.852237 - Epoch: 0 Iteration: 89  rank : 0  train.loss : 1.6215200424194336  train.ips : 0.46081602196331245 imgs/s train.total_time : 8.680253744125366 
TCAPPDLL 2025-06-26 13:12:14.561225 - Epoch: 0 Iteration: 90  rank : 0  train.loss : 1.3644112348556519  train.ips : 0.4120040881123874 imgs/s train.total_time : 9.708641529083252 
TCAPPDLL 2025-06-26 13:12:24.096928 - Epoch: 0 Iteration: 91  rank : 0  train.loss : 2.1908581256866455  train.ips : 0.4194893802068571 imgs/s train.total_time : 9.535402297973633 
TCAPPDLL 2025-06-26 13:12:33.898032 - Epoch: 0 Iteration: 92  rank : 0  train.loss : 1.837043285369873  train.ips : 0.4081285153559752 imgs/s train.total_time : 9.80083441734314 
TCAPPDLL 2025-06-26 13:12:45.622628 - Epoch: 0 Iteration: 93  rank : 0  train.loss : 1.6096601486206055  train.ips : 0.34117070946142636 imgs/s train.total_time : 11.72433590888977 
TCAPPDLL 2025-06-26 13:12:54.983981 - Epoch: 0 Iteration: 94  rank : 0  train.loss : 1.6761753559112549  train.ips : 0.42730155094941885 imgs/s train.total_time : 9.36107063293457 
TCAPPDLL 2025-06-26 13:13:04.161930 - Epoch: 0 Iteration: 95  rank : 0  train.loss : 1.3946754932403564  train.ips : 0.4358449529014503 imgs/s train.total_time : 9.177575588226318 
TCAPPDLL 2025-06-26 13:13:14.156556 - Epoch: 0 Iteration: 96  rank : 0  train.loss : 1.7908604145050049  train.ips : 0.400228229971038 imgs/s train.total_time : 9.994297504425049 
TCAPPDLL 2025-06-26 13:13:23.355434 - Epoch: 0 Iteration: 97  rank : 0  train.loss : 1.839926838874817  train.ips : 0.43484814762698487 imgs/s train.total_time : 9.198613405227661 
TCAPPDLL 2025-06-26 13:13:32.401036 - Epoch: 0 Iteration: 98  rank : 0  train.loss : 1.825810194015503  train.ips : 0.4422162792221543 imgs/s train.total_time : 9.045347690582275 
TCAPPDLL 2025-06-26 13:13:41.406317 - Epoch: 0 Iteration: 99  rank : 0  train.loss : 1.740772008895874  train.ips : 0.44419625103932164 imgs/s train.total_time : 9.00502872467041 
06/26 13:13:41 - mmengine - INFO - Epoch(train)  [1][  100/29317]  lr: 1.9920e-03  eta: 38 days, 4:21:24  time: 10.1584  data_time: 0.2074  memory: 6684  loss: 1.6659  loss_rpn_cls: 0.5625  loss_rpn_bbox: 0.1150  loss_cls: 0.2260  acc: 97.8516  loss_bbox: 0.0090  loss_mask: 0.7451  loss_mask_iou: 0.0082
TCAPPDLL 2025-06-26 13:13:51.295576 - Epoch: 0 Iteration: 100  rank : 0  train.loss : 1.2444010972976685  train.ips : 0.40448987869751357 imgs/s train.total_time : 9.888998985290527 
TCAPPDLL 2025-06-26 13:14:00.354540 - Epoch: 0 Iteration: 101  rank : 0  train.loss : 1.5036941766738892  train.ips : 0.44157152484894197 imgs/s train.total_time : 9.058555126190186 
