2025/07/24 14:30:27 - mmengine - INFO - 
------------------------------------------------------------
System environment:
    sys.platform: linux
    Python: 3.10.16 (main, Dec 11 2024, 16:24:50) [GCC 11.2.0]
    CUDA available: True
    MUSA available: False
    numpy_random_seed: 1571524242
    GPU 0: /dev/tcaicard4
    GPU 1: /dev/tcaicard5
    GPU 2: /dev/tcaicard6
    GPU 3: /dev/tcaicard7
    CUDA_HOME: None
    GCC: gcc (Ubuntu 11.4.0-1ubuntu1~22.04) 11.4.0
    PyTorch: 2.4.0a0+git4451b0e
    PyTorch compiling details: PyTorch built with:
  - GCC 11.5
  - C++ Version: 201703
  - Intel(R) oneAPI Math Kernel Library Version 2025.0-Product Build 20241009 for Intel(R) 64 architecture applications
  - Intel(R) MKL-DNN v3.4.2 (Git Hash 1137e04ec0b5251ca2b4400a4fd3c667ce843d67)
  - OpenMP 201511 (a.k.a. OpenMP 4.5)
  - LAPACK is enabled (usually provided by MKL)
  - NNPACK is enabled
  - CPU capability usage: AVX512
  - Build settings: BLAS_INFO=mkl, BUILD_TYPE=Release, CXX_COMPILER=/usr/bin/g++, CXX_FLAGS= -D_GLIBCXX_USE_CXX11_ABI=1 -fvisibility-inlines-hidden -DUSE_PTHREADPOOL -DNDEBUG -DUSE_KINETO -DLIBKINETO_NOCUPTI -DLIBKINETO_NOROCTRACER -DUSE_FBGEMM -DUSE_PYTORCH_QNNPACK -DUSE_XNNPACK -DSYMBOLICATE_MOBILE_DEBUG_HANDLE -O2 -fPIC -Wall -Wextra -Werror=return-type -Werror=non-virtual-dtor -Werror=range-loop-construct -Werror=bool-operation -Wnarrowing -Wno-missing-field-initializers -Wno-type-limits -Wno-array-bounds -Wno-unknown-pragmas -Wno-unused-parameter -Wno-unused-function -Wno-unused-result -Wno-strict-overflow -Wno-strict-aliasing -Wno-stringop-overflow -Wsuggest-override -Wno-psabi -Wno-error=pedantic -Wno-error=old-style-cast -Wno-missing-braces -fdiagnostics-color=always -faligned-new -Wno-unused-but-set-variable -Wno-maybe-uninitialized -fno-math-errno -fno-trapping-math -Werror=format -Wno-stringop-overflow, FORCE_FALLBACK_CUDA_MPI=1, LAPACK_INFO=mkl, PERF_WITH_AVX=1, PERF_WITH_AVX2=1, PERF_WITH_AVX512=1, TORCH_VERSION=2.4.0, USE_CUDA=OFF, USE_CUDNN=OFF, USE_CUSPARSELT=OFF, USE_EXCEPTION_PTR=1, USE_GFLAGS=OFF, USE_GLOG=OFF, USE_GLOO=ON, USE_MKL=ON, USE_MKLDNN=1, USE_MPI=ON, USE_NCCL=OFF, USE_NNPACK=ON, USE_OPENMP=ON, USE_ROCM=OFF, USE_ROCM_KERNEL_ASSERT=OFF, 

    TorchVision: 0.15.1a0+42759b1
    OpenCV: 4.12.0
    MMEngine: 0.10.4

Runtime environment:
    cudnn_benchmark: True
    dist_cfg: {'backend': 'nccl'}
    mp_cfg: {'mp_start_method': 'fork', 'opencv_num_threads': 0}
    seed: 1571524242
    Distributed launcher: pytorch
    Distributed training: True
    GPU number: 4
------------------------------------------------------------

2025/07/24 14:30:27 - mmengine - INFO - Config:
crop_size = (
    512,
    512,
)
data_preprocessor = dict(
    bgr_to_rgb=True,
    mean=[
        123.675,
        116.28,
        103.53,
    ],
    pad_val=0,
    seg_pad_val=255,
    size=(
        512,
        512,
    ),
    std=[
        58.395,
        57.12,
        57.375,
    ],
    type='SegDataPreProcessor')
data_root = '/data/suda-data/lf/ADEChallengeData2016'
dataset_type = 'ADE20KDataset'
default_hooks = dict(
    checkpoint=dict(by_epoch=False, interval=16000, type='CheckpointHook'),
    logger=dict(interval=1, log_metric_by_epoch=False, type='LoggerHook'),
    param_scheduler=dict(type='ParamSchedulerHook'),
    sampler_seed=dict(type='DistSamplerSeedHook'),
    timer=dict(type='IterTimerHook'),
    visualization=dict(type='SegVisualizationHook'))
default_scope = 'mmseg'
env_cfg = dict(
    cudnn_benchmark=True,
    dist_cfg=dict(backend='nccl'),
    mp_cfg=dict(mp_start_method='fork', opencv_num_threads=0))
img_ratios = [
    0.5,
    0.75,
    1.0,
    1.25,
    1.5,
    1.75,
]
launcher = 'pytorch'
load_from = None
log_level = 'INFO'
log_processor = dict(by_epoch=False)
model = dict(
    auxiliary_head=None,
    backbone=dict(
        embed_dims=768,
        final_norm=False,
        img_size=224,
        num_heads=12,
        num_layers=12,
        out_indices=(
            2,
            5,
            8,
            11,
        ),
        output_cls_token=True,
        type='VisionTransformer',
        with_cls_token=True),
    data_preprocessor=dict(
        bgr_to_rgb=True,
        mean=[
            123.675,
            116.28,
            103.53,
        ],
        pad_val=0,
        seg_pad_val=255,
        size=(
            512,
            512,
        ),
        std=[
            58.395,
            57.12,
            57.375,
        ],
        type='SegDataPreProcessor'),
    decode_head=dict(
        channels=256,
        embed_dims=768,
        in_channels=(
            768,
            768,
            768,
            768,
        ),
        in_index=(
            0,
            1,
            2,
            3,
        ),
        input_transform='multiple_select',
        loss_decode=dict(
            loss_weight=1.0, type='CrossEntropyLoss', use_sigmoid=False),
        norm_cfg=dict(requires_grad=True, type='SyncBN'),
        num_classes=150,
        post_process_channels=[
            96,
            192,
            384,
            768,
        ],
        readout_type='project',
        type='DPTHead'),
    pretrained='pretrain/jx_vit_base_p16_224-80ecf9dd.pth',
    test_cfg=dict(mode='whole'),
    train_cfg=dict(),
    type='EncoderDecoder')
norm_cfg = dict(requires_grad=True, type='SyncBN')
optim_wrapper = dict(
    optimizer=dict(
        betas=(
            0.9,
            0.999,
        ), lr=6e-05, type='AdamW', weight_decay=0.01),
    paramwise_cfg=dict(
        custom_keys=dict(
            cls_token=dict(decay_mult=0.0),
            norm=dict(decay_mult=0.0),
            pos_embed=dict(decay_mult=0.0))),
    type='OptimWrapper')
optimizer = dict(lr=0.01, momentum=0.9, type='SGD', weight_decay=0.0005)
param_scheduler = [
    dict(
        begin=0, by_epoch=False, end=1500, start_factor=1e-06,
        type='LinearLR'),
    dict(
        begin=1500,
        by_epoch=False,
        end=160000,
        eta_min=0.0,
        power=1.0,
        type='PolyLR'),
]
resume = False
test_cfg = dict(type='TestLoop')
test_dataloader = dict(
    batch_size=1,
    dataset=dict(
        data_prefix=dict(
            img_path='images/validation',
            seg_map_path='annotations/validation'),
        data_root='/data/suda-data/lf/ADEChallengeData2016',
        pipeline=[
            dict(type='LoadImageFromFile'),
            dict(keep_ratio=True, scale=(
                2048,
                512,
            ), type='Resize'),
            dict(reduce_zero_label=True, type='LoadAnnotations'),
            dict(type='PackSegInputs'),
        ],
        type='ADE20KDataset'),
    num_workers=4,
    persistent_workers=True,
    sampler=dict(shuffle=False, type='DefaultSampler'))
test_evaluator = dict(
    iou_metrics=[
        'mIoU',
    ], type='IoUMetric')
test_pipeline = [
    dict(type='LoadImageFromFile'),
    dict(keep_ratio=True, scale=(
        2048,
        512,
    ), type='Resize'),
    dict(reduce_zero_label=True, type='LoadAnnotations'),
    dict(type='PackSegInputs'),
]
train_cfg = dict(
    max_iters=160000, type='IterBasedTrainLoop', val_interval=16000)
train_dataloader = dict(
    batch_size=2,
    dataset=dict(
        data_prefix=dict(
            img_path='images/training', seg_map_path='annotations/training'),
        data_root='/data/suda-data/lf/ADEChallengeData2016',
        pipeline=[
            dict(type='LoadImageFromFile'),
            dict(reduce_zero_label=True, type='LoadAnnotations'),
            dict(
                keep_ratio=True,
                ratio_range=(
                    0.5,
                    2.0,
                ),
                scale=(
                    2048,
                    512,
                ),
                type='RandomResize'),
            dict(
                cat_max_ratio=0.75, crop_size=(
                    512,
                    512,
                ), type='RandomCrop'),
            dict(prob=0.5, type='RandomFlip'),
            dict(type='PhotoMetricDistortion'),
            dict(type='PackSegInputs'),
        ],
        type='ADE20KDataset'),
    num_workers=2,
    persistent_workers=True,
    sampler=dict(shuffle=True, type='InfiniteSampler'))
train_pipeline = [
    dict(type='LoadImageFromFile'),
    dict(reduce_zero_label=True, type='LoadAnnotations'),
    dict(
        keep_ratio=True,
        ratio_range=(
            0.5,
            2.0,
        ),
        scale=(
            2048,
            512,
        ),
        type='RandomResize'),
    dict(cat_max_ratio=0.75, crop_size=(
        512,
        512,
    ), type='RandomCrop'),
    dict(prob=0.5, type='RandomFlip'),
    dict(type='PhotoMetricDistortion'),
    dict(type='PackSegInputs'),
]
tta_model = dict(type='SegTTAModel')
tta_pipeline = [
    dict(backend_args=None, type='LoadImageFromFile'),
    dict(
        transforms=[
            [
                dict(keep_ratio=True, scale_factor=0.5, type='Resize'),
                dict(keep_ratio=True, scale_factor=0.75, type='Resize'),
                dict(keep_ratio=True, scale_factor=1.0, type='Resize'),
                dict(keep_ratio=True, scale_factor=1.25, type='Resize'),
                dict(keep_ratio=True, scale_factor=1.5, type='Resize'),
                dict(keep_ratio=True, scale_factor=1.75, type='Resize'),
            ],
            [
                dict(direction='horizontal', prob=0.0, type='RandomFlip'),
                dict(direction='horizontal', prob=1.0, type='RandomFlip'),
            ],
            [
                dict(type='LoadAnnotations'),
            ],
            [
                dict(type='PackSegInputs'),
            ],
        ],
        type='TestTimeAug'),
]
val_cfg = dict(type='ValLoop')
val_dataloader = dict(
    batch_size=1,
    dataset=dict(
        data_prefix=dict(
            img_path='images/validation',
            seg_map_path='annotations/validation'),
        data_root='/data/suda-data/lf/ADEChallengeData2016',
        pipeline=[
            dict(type='LoadImageFromFile'),
            dict(keep_ratio=True, scale=(
                2048,
                512,
            ), type='Resize'),
            dict(reduce_zero_label=True, type='LoadAnnotations'),
            dict(type='PackSegInputs'),
        ],
        type='ADE20KDataset'),
    num_workers=4,
    persistent_workers=True,
    sampler=dict(shuffle=False, type='DefaultSampler'))
val_evaluator = dict(
    iou_metrics=[
        'mIoU',
    ], type='IoUMetric')
vis_backends = [
    dict(type='LocalVisBackend'),
]
visualizer = dict(
    name='visualizer',
    type='SegLocalVisualizer',
    vis_backends=[
        dict(type='LocalVisBackend'),
    ])
work_dir = './work_dirs/dpt_vit-b16_8xb2-160k_ade20k-512x512'

2025/07/24 14:30:32 - mmengine - INFO - Hooks will be executed in the following order:
before_run:
(VERY_HIGH   ) RuntimeInfoHook                    
(BELOW_NORMAL) LoggerHook                         
 -------------------- 
before_train:
(VERY_HIGH   ) RuntimeInfoHook                    
(NORMAL      ) IterTimerHook                      
(VERY_LOW    ) CheckpointHook                     
 -------------------- 
before_train_epoch:
(VERY_HIGH   ) RuntimeInfoHook                    
(NORMAL      ) IterTimerHook                      
(NORMAL      ) DistSamplerSeedHook                
 -------------------- 
before_train_iter:
(VERY_HIGH   ) RuntimeInfoHook                    
(NORMAL      ) IterTimerHook                      
 -------------------- 
after_train_iter:
(VERY_HIGH   ) RuntimeInfoHook                    
(NORMAL      ) IterTimerHook                      
(BELOW_NORMAL) LoggerHook                         
(LOW         ) ParamSchedulerHook                 
(VERY_LOW    ) CheckpointHook                     
 -------------------- 
after_train_epoch:
(NORMAL      ) IterTimerHook                      
(LOW         ) ParamSchedulerHook                 
(VERY_LOW    ) CheckpointHook                     
 -------------------- 
before_val:
(VERY_HIGH   ) RuntimeInfoHook                    
 -------------------- 
before_val_epoch:
(NORMAL      ) IterTimerHook                      
 -------------------- 
before_val_iter:
(NORMAL      ) IterTimerHook                      
 -------------------- 
after_val_iter:
(NORMAL      ) IterTimerHook                      
(NORMAL      ) SegVisualizationHook               
(BELOW_NORMAL) LoggerHook                         
 -------------------- 
after_val_epoch:
(VERY_HIGH   ) RuntimeInfoHook                    
(NORMAL      ) IterTimerHook                      
(BELOW_NORMAL) LoggerHook                         
(LOW         ) ParamSchedulerHook                 
(VERY_LOW    ) CheckpointHook                     
 -------------------- 
after_val:
(VERY_HIGH   ) RuntimeInfoHook                    
 -------------------- 
after_train:
(VERY_HIGH   ) RuntimeInfoHook                    
(VERY_LOW    ) CheckpointHook                     
 -------------------- 
before_test:
(VERY_HIGH   ) RuntimeInfoHook                    
 -------------------- 
before_test_epoch:
(NORMAL      ) IterTimerHook                      
 -------------------- 
before_test_iter:
(NORMAL      ) IterTimerHook                      
 -------------------- 
after_test_iter:
(NORMAL      ) IterTimerHook                      
(NORMAL      ) SegVisualizationHook               
(BELOW_NORMAL) LoggerHook                         
 -------------------- 
after_test_epoch:
(VERY_HIGH   ) RuntimeInfoHook                    
(NORMAL      ) IterTimerHook                      
(BELOW_NORMAL) LoggerHook                         
 -------------------- 
after_test:
(VERY_HIGH   ) RuntimeInfoHook                    
 -------------------- 
after_run:
(BELOW_NORMAL) LoggerHook                         
 -------------------- 
2025/07/24 14:30:33 - mmengine - INFO - paramwise_options -- backbone.cls_token:lr=6e-05
2025/07/24 14:30:33 - mmengine - INFO - paramwise_options -- backbone.cls_token:weight_decay=0.0
2025/07/24 14:30:33 - mmengine - INFO - paramwise_options -- backbone.cls_token:decay_mult=0.0
2025/07/24 14:30:33 - mmengine - INFO - paramwise_options -- backbone.pos_embed:lr=6e-05
2025/07/24 14:30:33 - mmengine - INFO - paramwise_options -- backbone.pos_embed:weight_decay=0.0
2025/07/24 14:30:33 - mmengine - INFO - paramwise_options -- backbone.pos_embed:decay_mult=0.0
2025/07/24 14:30:33 - mmengine - WARNING - The prefix is not set in metric class IoUMetric.
Name of parameter - Initialization information

backbone.cls_token - torch.Size([1, 1, 768]): 
Initialized by user-defined `init_weights` in VisionTransformer  

backbone.pos_embed - torch.Size([1, 197, 768]): 
Initialized by user-defined `init_weights` in VisionTransformer  

backbone.patch_embed.projection.weight - torch.Size([768, 3, 16, 16]): 
Initialized by user-defined `init_weights` in VisionTransformer  

backbone.layers.0.ln1.weight - torch.Size([768]): 
Initialized by user-defined `init_weights` in VisionTransformer  

backbone.layers.0.ln1.bias - torch.Size([768]): 
Initialized by user-defined `init_weights` in VisionTransformer  

backbone.layers.0.attn.attn.in_proj_weight - torch.Size([2304, 768]): 
Initialized by user-defined `init_weights` in VisionTransformer  

backbone.layers.0.attn.attn.in_proj_bias - torch.Size([2304]): 
Initialized by user-defined `init_weights` in VisionTransformer  

backbone.layers.0.attn.attn.out_proj.weight - torch.Size([768, 768]): 
Initialized by user-defined `init_weights` in VisionTransformer  

backbone.layers.0.attn.attn.out_proj.bias - torch.Size([768]): 
Initialized by user-defined `init_weights` in VisionTransformer  

backbone.layers.0.ln2.weight - torch.Size([768]): 
Initialized by user-defined `init_weights` in VisionTransformer  

backbone.layers.0.ln2.bias - torch.Size([768]): 
Initialized by user-defined `init_weights` in VisionTransformer  

backbone.layers.0.ffn.layers.0.0.weight - torch.Size([3072, 768]): 
Initialized by user-defined `init_weights` in VisionTransformer  

backbone.layers.0.ffn.layers.0.0.bias - torch.Size([3072]): 
Initialized by user-defined `init_weights` in VisionTransformer  

backbone.layers.0.ffn.layers.1.weight - torch.Size([768, 3072]): 
Initialized by user-defined `init_weights` in VisionTransformer  

backbone.layers.0.ffn.layers.1.bias - torch.Size([768]): 
Initialized by user-defined `init_weights` in VisionTransformer  

backbone.layers.1.ln1.weight - torch.Size([768]): 
Initialized by user-defined `init_weights` in VisionTransformer  

backbone.layers.1.ln1.bias - torch.Size([768]): 
Initialized by user-defined `init_weights` in VisionTransformer  

backbone.layers.1.attn.attn.in_proj_weight - torch.Size([2304, 768]): 
Initialized by user-defined `init_weights` in VisionTransformer  

backbone.layers.1.attn.attn.in_proj_bias - torch.Size([2304]): 
Initialized by user-defined `init_weights` in VisionTransformer  

backbone.layers.1.attn.attn.out_proj.weight - torch.Size([768, 768]): 
Initialized by user-defined `init_weights` in VisionTransformer  

backbone.layers.1.attn.attn.out_proj.bias - torch.Size([768]): 
Initialized by user-defined `init_weights` in VisionTransformer  

backbone.layers.1.ln2.weight - torch.Size([768]): 
Initialized by user-defined `init_weights` in VisionTransformer  

backbone.layers.1.ln2.bias - torch.Size([768]): 
Initialized by user-defined `init_weights` in VisionTransformer  

backbone.layers.1.ffn.layers.0.0.weight - torch.Size([3072, 768]): 
Initialized by user-defined `init_weights` in VisionTransformer  

backbone.layers.1.ffn.layers.0.0.bias - torch.Size([3072]): 
Initialized by user-defined `init_weights` in VisionTransformer  

backbone.layers.1.ffn.layers.1.weight - torch.Size([768, 3072]): 
Initialized by user-defined `init_weights` in VisionTransformer  

backbone.layers.1.ffn.layers.1.bias - torch.Size([768]): 
Initialized by user-defined `init_weights` in VisionTransformer  

backbone.layers.2.ln1.weight - torch.Size([768]): 
Initialized by user-defined `init_weights` in VisionTransformer  

backbone.layers.2.ln1.bias - torch.Size([768]): 
Initialized by user-defined `init_weights` in VisionTransformer  

backbone.layers.2.attn.attn.in_proj_weight - torch.Size([2304, 768]): 
Initialized by user-defined `init_weights` in VisionTransformer  

backbone.layers.2.attn.attn.in_proj_bias - torch.Size([2304]): 
Initialized by user-defined `init_weights` in VisionTransformer  

backbone.layers.2.attn.attn.out_proj.weight - torch.Size([768, 768]): 
Initialized by user-defined `init_weights` in VisionTransformer  

backbone.layers.2.attn.attn.out_proj.bias - torch.Size([768]): 
Initialized by user-defined `init_weights` in VisionTransformer  

backbone.layers.2.ln2.weight - torch.Size([768]): 
Initialized by user-defined `init_weights` in VisionTransformer  

backbone.layers.2.ln2.bias - torch.Size([768]): 
Initialized by user-defined `init_weights` in VisionTransformer  

backbone.layers.2.ffn.layers.0.0.weight - torch.Size([3072, 768]): 
Initialized by user-defined `init_weights` in VisionTransformer  

backbone.layers.2.ffn.layers.0.0.bias - torch.Size([3072]): 
Initialized by user-defined `init_weights` in VisionTransformer  

backbone.layers.2.ffn.layers.1.weight - torch.Size([768, 3072]): 
Initialized by user-defined `init_weights` in VisionTransformer  

backbone.layers.2.ffn.layers.1.bias - torch.Size([768]): 
Initialized by user-defined `init_weights` in VisionTransformer  

backbone.layers.3.ln1.weight - torch.Size([768]): 
Initialized by user-defined `init_weights` in VisionTransformer  

backbone.layers.3.ln1.bias - torch.Size([768]): 
Initialized by user-defined `init_weights` in VisionTransformer  

backbone.layers.3.attn.attn.in_proj_weight - torch.Size([2304, 768]): 
Initialized by user-defined `init_weights` in VisionTransformer  

backbone.layers.3.attn.attn.in_proj_bias - torch.Size([2304]): 
Initialized by user-defined `init_weights` in VisionTransformer  

backbone.layers.3.attn.attn.out_proj.weight - torch.Size([768, 768]): 
Initialized by user-defined `init_weights` in VisionTransformer  

backbone.layers.3.attn.attn.out_proj.bias - torch.Size([768]): 
Initialized by user-defined `init_weights` in VisionTransformer  

backbone.layers.3.ln2.weight - torch.Size([768]): 
Initialized by user-defined `init_weights` in VisionTransformer  

backbone.layers.3.ln2.bias - torch.Size([768]): 
Initialized by user-defined `init_weights` in VisionTransformer  

backbone.layers.3.ffn.layers.0.0.weight - torch.Size([3072, 768]): 
Initialized by user-defined `init_weights` in VisionTransformer  

backbone.layers.3.ffn.layers.0.0.bias - torch.Size([3072]): 
Initialized by user-defined `init_weights` in VisionTransformer  

backbone.layers.3.ffn.layers.1.weight - torch.Size([768, 3072]): 
Initialized by user-defined `init_weights` in VisionTransformer  

backbone.layers.3.ffn.layers.1.bias - torch.Size([768]): 
Initialized by user-defined `init_weights` in VisionTransformer  

backbone.layers.4.ln1.weight - torch.Size([768]): 
Initialized by user-defined `init_weights` in VisionTransformer  

backbone.layers.4.ln1.bias - torch.Size([768]): 
Initialized by user-defined `init_weights` in VisionTransformer  

backbone.layers.4.attn.attn.in_proj_weight - torch.Size([2304, 768]): 
Initialized by user-defined `init_weights` in VisionTransformer  

backbone.layers.4.attn.attn.in_proj_bias - torch.Size([2304]): 
Initialized by user-defined `init_weights` in VisionTransformer  

backbone.layers.4.attn.attn.out_proj.weight - torch.Size([768, 768]): 
Initialized by user-defined `init_weights` in VisionTransformer  

backbone.layers.4.attn.attn.out_proj.bias - torch.Size([768]): 
Initialized by user-defined `init_weights` in VisionTransformer  

backbone.layers.4.ln2.weight - torch.Size([768]): 
Initialized by user-defined `init_weights` in VisionTransformer  

backbone.layers.4.ln2.bias - torch.Size([768]): 
Initialized by user-defined `init_weights` in VisionTransformer  

backbone.layers.4.ffn.layers.0.0.weight - torch.Size([3072, 768]): 
Initialized by user-defined `init_weights` in VisionTransformer  

backbone.layers.4.ffn.layers.0.0.bias - torch.Size([3072]): 
Initialized by user-defined `init_weights` in VisionTransformer  

backbone.layers.4.ffn.layers.1.weight - torch.Size([768, 3072]): 
Initialized by user-defined `init_weights` in VisionTransformer  

backbone.layers.4.ffn.layers.1.bias - torch.Size([768]): 
Initialized by user-defined `init_weights` in VisionTransformer  

backbone.layers.5.ln1.weight - torch.Size([768]): 
Initialized by user-defined `init_weights` in VisionTransformer  

backbone.layers.5.ln1.bias - torch.Size([768]): 
Initialized by user-defined `init_weights` in VisionTransformer  

backbone.layers.5.attn.attn.in_proj_weight - torch.Size([2304, 768]): 
Initialized by user-defined `init_weights` in VisionTransformer  

backbone.layers.5.attn.attn.in_proj_bias - torch.Size([2304]): 
Initialized by user-defined `init_weights` in VisionTransformer  

backbone.layers.5.attn.attn.out_proj.weight - torch.Size([768, 768]): 
Initialized by user-defined `init_weights` in VisionTransformer  

backbone.layers.5.attn.attn.out_proj.bias - torch.Size([768]): 
Initialized by user-defined `init_weights` in VisionTransformer  

backbone.layers.5.ln2.weight - torch.Size([768]): 
Initialized by user-defined `init_weights` in VisionTransformer  

backbone.layers.5.ln2.bias - torch.Size([768]): 
Initialized by user-defined `init_weights` in VisionTransformer  

backbone.layers.5.ffn.layers.0.0.weight - torch.Size([3072, 768]): 
Initialized by user-defined `init_weights` in VisionTransformer  

backbone.layers.5.ffn.layers.0.0.bias - torch.Size([3072]): 
Initialized by user-defined `init_weights` in VisionTransformer  

backbone.layers.5.ffn.layers.1.weight - torch.Size([768, 3072]): 
Initialized by user-defined `init_weights` in VisionTransformer  

backbone.layers.5.ffn.layers.1.bias - torch.Size([768]): 
Initialized by user-defined `init_weights` in VisionTransformer  

backbone.layers.6.ln1.weight - torch.Size([768]): 
Initialized by user-defined `init_weights` in VisionTransformer  

backbone.layers.6.ln1.bias - torch.Size([768]): 
Initialized by user-defined `init_weights` in VisionTransformer  

backbone.layers.6.attn.attn.in_proj_weight - torch.Size([2304, 768]): 
Initialized by user-defined `init_weights` in VisionTransformer  

backbone.layers.6.attn.attn.in_proj_bias - torch.Size([2304]): 
Initialized by user-defined `init_weights` in VisionTransformer  

backbone.layers.6.attn.attn.out_proj.weight - torch.Size([768, 768]): 
Initialized by user-defined `init_weights` in VisionTransformer  

backbone.layers.6.attn.attn.out_proj.bias - torch.Size([768]): 
Initialized by user-defined `init_weights` in VisionTransformer  

backbone.layers.6.ln2.weight - torch.Size([768]): 
Initialized by user-defined `init_weights` in VisionTransformer  

backbone.layers.6.ln2.bias - torch.Size([768]): 
Initialized by user-defined `init_weights` in VisionTransformer  

backbone.layers.6.ffn.layers.0.0.weight - torch.Size([3072, 768]): 
Initialized by user-defined `init_weights` in VisionTransformer  

backbone.layers.6.ffn.layers.0.0.bias - torch.Size([3072]): 
Initialized by user-defined `init_weights` in VisionTransformer  

backbone.layers.6.ffn.layers.1.weight - torch.Size([768, 3072]): 
Initialized by user-defined `init_weights` in VisionTransformer  

backbone.layers.6.ffn.layers.1.bias - torch.Size([768]): 
Initialized by user-defined `init_weights` in VisionTransformer  

backbone.layers.7.ln1.weight - torch.Size([768]): 
Initialized by user-defined `init_weights` in VisionTransformer  

backbone.layers.7.ln1.bias - torch.Size([768]): 
Initialized by user-defined `init_weights` in VisionTransformer  

backbone.layers.7.attn.attn.in_proj_weight - torch.Size([2304, 768]): 
Initialized by user-defined `init_weights` in VisionTransformer  

backbone.layers.7.attn.attn.in_proj_bias - torch.Size([2304]): 
Initialized by user-defined `init_weights` in VisionTransformer  

backbone.layers.7.attn.attn.out_proj.weight - torch.Size([768, 768]): 
Initialized by user-defined `init_weights` in VisionTransformer  

backbone.layers.7.attn.attn.out_proj.bias - torch.Size([768]): 
Initialized by user-defined `init_weights` in VisionTransformer  

backbone.layers.7.ln2.weight - torch.Size([768]): 
Initialized by user-defined `init_weights` in VisionTransformer  

backbone.layers.7.ln2.bias - torch.Size([768]): 
Initialized by user-defined `init_weights` in VisionTransformer  

backbone.layers.7.ffn.layers.0.0.weight - torch.Size([3072, 768]): 
Initialized by user-defined `init_weights` in VisionTransformer  

backbone.layers.7.ffn.layers.0.0.bias - torch.Size([3072]): 
Initialized by user-defined `init_weights` in VisionTransformer  

backbone.layers.7.ffn.layers.1.weight - torch.Size([768, 3072]): 
Initialized by user-defined `init_weights` in VisionTransformer  

backbone.layers.7.ffn.layers.1.bias - torch.Size([768]): 
Initialized by user-defined `init_weights` in VisionTransformer  

backbone.layers.8.ln1.weight - torch.Size([768]): 
Initialized by user-defined `init_weights` in VisionTransformer  

backbone.layers.8.ln1.bias - torch.Size([768]): 
Initialized by user-defined `init_weights` in VisionTransformer  

backbone.layers.8.attn.attn.in_proj_weight - torch.Size([2304, 768]): 
Initialized by user-defined `init_weights` in VisionTransformer  

backbone.layers.8.attn.attn.in_proj_bias - torch.Size([2304]): 
Initialized by user-defined `init_weights` in VisionTransformer  

backbone.layers.8.attn.attn.out_proj.weight - torch.Size([768, 768]): 
Initialized by user-defined `init_weights` in VisionTransformer  

backbone.layers.8.attn.attn.out_proj.bias - torch.Size([768]): 
Initialized by user-defined `init_weights` in VisionTransformer  

backbone.layers.8.ln2.weight - torch.Size([768]): 
Initialized by user-defined `init_weights` in VisionTransformer  

backbone.layers.8.ln2.bias - torch.Size([768]): 
Initialized by user-defined `init_weights` in VisionTransformer  

backbone.layers.8.ffn.layers.0.0.weight - torch.Size([3072, 768]): 
Initialized by user-defined `init_weights` in VisionTransformer  

backbone.layers.8.ffn.layers.0.0.bias - torch.Size([3072]): 
Initialized by user-defined `init_weights` in VisionTransformer  

backbone.layers.8.ffn.layers.1.weight - torch.Size([768, 3072]): 
Initialized by user-defined `init_weights` in VisionTransformer  

backbone.layers.8.ffn.layers.1.bias - torch.Size([768]): 
Initialized by user-defined `init_weights` in VisionTransformer  

backbone.layers.9.ln1.weight - torch.Size([768]): 
Initialized by user-defined `init_weights` in VisionTransformer  

backbone.layers.9.ln1.bias - torch.Size([768]): 
Initialized by user-defined `init_weights` in VisionTransformer  

backbone.layers.9.attn.attn.in_proj_weight - torch.Size([2304, 768]): 
Initialized by user-defined `init_weights` in VisionTransformer  

backbone.layers.9.attn.attn.in_proj_bias - torch.Size([2304]): 
Initialized by user-defined `init_weights` in VisionTransformer  

backbone.layers.9.attn.attn.out_proj.weight - torch.Size([768, 768]): 
Initialized by user-defined `init_weights` in VisionTransformer  

backbone.layers.9.attn.attn.out_proj.bias - torch.Size([768]): 
Initialized by user-defined `init_weights` in VisionTransformer  

backbone.layers.9.ln2.weight - torch.Size([768]): 
Initialized by user-defined `init_weights` in VisionTransformer  

backbone.layers.9.ln2.bias - torch.Size([768]): 
Initialized by user-defined `init_weights` in VisionTransformer  

backbone.layers.9.ffn.layers.0.0.weight - torch.Size([3072, 768]): 
Initialized by user-defined `init_weights` in VisionTransformer  

backbone.layers.9.ffn.layers.0.0.bias - torch.Size([3072]): 
Initialized by user-defined `init_weights` in VisionTransformer  

backbone.layers.9.ffn.layers.1.weight - torch.Size([768, 3072]): 
Initialized by user-defined `init_weights` in VisionTransformer  

backbone.layers.9.ffn.layers.1.bias - torch.Size([768]): 
Initialized by user-defined `init_weights` in VisionTransformer  

backbone.layers.10.ln1.weight - torch.Size([768]): 
Initialized by user-defined `init_weights` in VisionTransformer  

backbone.layers.10.ln1.bias - torch.Size([768]): 
Initialized by user-defined `init_weights` in VisionTransformer  

backbone.layers.10.attn.attn.in_proj_weight - torch.Size([2304, 768]): 
Initialized by user-defined `init_weights` in VisionTransformer  

backbone.layers.10.attn.attn.in_proj_bias - torch.Size([2304]): 
Initialized by user-defined `init_weights` in VisionTransformer  

backbone.layers.10.attn.attn.out_proj.weight - torch.Size([768, 768]): 
Initialized by user-defined `init_weights` in VisionTransformer  

backbone.layers.10.attn.attn.out_proj.bias - torch.Size([768]): 
Initialized by user-defined `init_weights` in VisionTransformer  

backbone.layers.10.ln2.weight - torch.Size([768]): 
Initialized by user-defined `init_weights` in VisionTransformer  

backbone.layers.10.ln2.bias - torch.Size([768]): 
Initialized by user-defined `init_weights` in VisionTransformer  

backbone.layers.10.ffn.layers.0.0.weight - torch.Size([3072, 768]): 
Initialized by user-defined `init_weights` in VisionTransformer  

backbone.layers.10.ffn.layers.0.0.bias - torch.Size([3072]): 
Initialized by user-defined `init_weights` in VisionTransformer  

backbone.layers.10.ffn.layers.1.weight - torch.Size([768, 3072]): 
Initialized by user-defined `init_weights` in VisionTransformer  

backbone.layers.10.ffn.layers.1.bias - torch.Size([768]): 
Initialized by user-defined `init_weights` in VisionTransformer  

backbone.layers.11.ln1.weight - torch.Size([768]): 
Initialized by user-defined `init_weights` in VisionTransformer  

backbone.layers.11.ln1.bias - torch.Size([768]): 
Initialized by user-defined `init_weights` in VisionTransformer  

backbone.layers.11.attn.attn.in_proj_weight - torch.Size([2304, 768]): 
Initialized by user-defined `init_weights` in VisionTransformer  

backbone.layers.11.attn.attn.in_proj_bias - torch.Size([2304]): 
Initialized by user-defined `init_weights` in VisionTransformer  

backbone.layers.11.attn.attn.out_proj.weight - torch.Size([768, 768]): 
Initialized by user-defined `init_weights` in VisionTransformer  

backbone.layers.11.attn.attn.out_proj.bias - torch.Size([768]): 
Initialized by user-defined `init_weights` in VisionTransformer  

backbone.layers.11.ln2.weight - torch.Size([768]): 
Initialized by user-defined `init_weights` in VisionTransformer  

backbone.layers.11.ln2.bias - torch.Size([768]): 
Initialized by user-defined `init_weights` in VisionTransformer  

backbone.layers.11.ffn.layers.0.0.weight - torch.Size([3072, 768]): 
Initialized by user-defined `init_weights` in VisionTransformer  

backbone.layers.11.ffn.layers.0.0.bias - torch.Size([3072]): 
Initialized by user-defined `init_weights` in VisionTransformer  

backbone.layers.11.ffn.layers.1.weight - torch.Size([768, 3072]): 
Initialized by user-defined `init_weights` in VisionTransformer  

backbone.layers.11.ffn.layers.1.bias - torch.Size([768]): 
Initialized by user-defined `init_weights` in VisionTransformer  

decode_head.conv_seg.weight - torch.Size([150, 256, 1, 1]): 
NormalInit: mean=0, std=0.01, bias=0 

decode_head.conv_seg.bias - torch.Size([150]): 
NormalInit: mean=0, std=0.01, bias=0 

decode_head.reassemble_blocks.projects.0.conv.weight - torch.Size([96, 768, 1, 1]): 
The value is the same before and after calling `init_weights` of EncoderDecoder  

decode_head.reassemble_blocks.projects.0.conv.bias - torch.Size([96]): 
The value is the same before and after calling `init_weights` of EncoderDecoder  

decode_head.reassemble_blocks.projects.1.conv.weight - torch.Size([192, 768, 1, 1]): 
The value is the same before and after calling `init_weights` of EncoderDecoder  

decode_head.reassemble_blocks.projects.1.conv.bias - torch.Size([192]): 
The value is the same before and after calling `init_weights` of EncoderDecoder  

decode_head.reassemble_blocks.projects.2.conv.weight - torch.Size([384, 768, 1, 1]): 
The value is the same before and after calling `init_weights` of EncoderDecoder  

decode_head.reassemble_blocks.projects.2.conv.bias - torch.Size([384]): 
The value is the same before and after calling `init_weights` of EncoderDecoder  

decode_head.reassemble_blocks.projects.3.conv.weight - torch.Size([768, 768, 1, 1]): 
The value is the same before and after calling `init_weights` of EncoderDecoder  

decode_head.reassemble_blocks.projects.3.conv.bias - torch.Size([768]): 
The value is the same before and after calling `init_weights` of EncoderDecoder  

decode_head.reassemble_blocks.resize_layers.0.weight - torch.Size([96, 96, 4, 4]): 
The value is the same before and after calling `init_weights` of EncoderDecoder  

decode_head.reassemble_blocks.resize_layers.0.bias - torch.Size([96]): 
The value is the same before and after calling `init_weights` of EncoderDecoder  

decode_head.reassemble_blocks.resize_layers.1.weight - torch.Size([192, 192, 2, 2]): 
The value is the same before and after calling `init_weights` of EncoderDecoder  

decode_head.reassemble_blocks.resize_layers.1.bias - torch.Size([192]): 
The value is the same before and after calling `init_weights` of EncoderDecoder  

decode_head.reassemble_blocks.resize_layers.3.weight - torch.Size([768, 768, 3, 3]): 
The value is the same before and after calling `init_weights` of EncoderDecoder  

decode_head.reassemble_blocks.resize_layers.3.bias - torch.Size([768]): 
The value is the same before and after calling `init_weights` of EncoderDecoder  

decode_head.reassemble_blocks.readout_projects.0.0.weight - torch.Size([768, 1536]): 
The value is the same before and after calling `init_weights` of EncoderDecoder  

decode_head.reassemble_blocks.readout_projects.0.0.bias - torch.Size([768]): 
The value is the same before and after calling `init_weights` of EncoderDecoder  

decode_head.reassemble_blocks.readout_projects.1.0.weight - torch.Size([768, 1536]): 
The value is the same before and after calling `init_weights` of EncoderDecoder  

decode_head.reassemble_blocks.readout_projects.1.0.bias - torch.Size([768]): 
The value is the same before and after calling `init_weights` of EncoderDecoder  

decode_head.reassemble_blocks.readout_projects.2.0.weight - torch.Size([768, 1536]): 
The value is the same before and after calling `init_weights` of EncoderDecoder  

decode_head.reassemble_blocks.readout_projects.2.0.bias - torch.Size([768]): 
The value is the same before and after calling `init_weights` of EncoderDecoder  

decode_head.reassemble_blocks.readout_projects.3.0.weight - torch.Size([768, 1536]): 
The value is the same before and after calling `init_weights` of EncoderDecoder  

decode_head.reassemble_blocks.readout_projects.3.0.bias - torch.Size([768]): 
The value is the same before and after calling `init_weights` of EncoderDecoder  

decode_head.convs.0.conv.weight - torch.Size([256, 96, 3, 3]): 
The value is the same before and after calling `init_weights` of EncoderDecoder  

decode_head.convs.1.conv.weight - torch.Size([256, 192, 3, 3]): 
The value is the same before and after calling `init_weights` of EncoderDecoder  

decode_head.convs.2.conv.weight - torch.Size([256, 384, 3, 3]): 
The value is the same before and after calling `init_weights` of EncoderDecoder  

decode_head.convs.3.conv.weight - torch.Size([256, 768, 3, 3]): 
The value is the same before and after calling `init_weights` of EncoderDecoder  

decode_head.fusion_blocks.0.project.conv.weight - torch.Size([256, 256, 1, 1]): 
The value is the same before and after calling `init_weights` of EncoderDecoder  

decode_head.fusion_blocks.0.project.conv.bias - torch.Size([256]): 
The value is the same before and after calling `init_weights` of EncoderDecoder  

decode_head.fusion_blocks.0.res_conv_unit2.conv1.conv.weight - torch.Size([256, 256, 3, 3]): 
The value is the same before and after calling `init_weights` of EncoderDecoder  

decode_head.fusion_blocks.0.res_conv_unit2.conv1.bn.weight - torch.Size([256]): 
The value is the same before and after calling `init_weights` of EncoderDecoder  

decode_head.fusion_blocks.0.res_conv_unit2.conv1.bn.bias - torch.Size([256]): 
The value is the same before and after calling `init_weights` of EncoderDecoder  

decode_head.fusion_blocks.0.res_conv_unit2.conv2.conv.weight - torch.Size([256, 256, 3, 3]): 
The value is the same before and after calling `init_weights` of EncoderDecoder  

decode_head.fusion_blocks.0.res_conv_unit2.conv2.bn.weight - torch.Size([256]): 
The value is the same before and after calling `init_weights` of EncoderDecoder  

decode_head.fusion_blocks.0.res_conv_unit2.conv2.bn.bias - torch.Size([256]): 
The value is the same before and after calling `init_weights` of EncoderDecoder  

decode_head.fusion_blocks.1.project.conv.weight - torch.Size([256, 256, 1, 1]): 
The value is the same before and after calling `init_weights` of EncoderDecoder  

decode_head.fusion_blocks.1.project.conv.bias - torch.Size([256]): 
The value is the same before and after calling `init_weights` of EncoderDecoder  

decode_head.fusion_blocks.1.res_conv_unit1.conv1.conv.weight - torch.Size([256, 256, 3, 3]): 
The value is the same before and after calling `init_weights` of EncoderDecoder  

decode_head.fusion_blocks.1.res_conv_unit1.conv1.bn.weight - torch.Size([256]): 
The value is the same before and after calling `init_weights` of EncoderDecoder  

decode_head.fusion_blocks.1.res_conv_unit1.conv1.bn.bias - torch.Size([256]): 
The value is the same before and after calling `init_weights` of EncoderDecoder  

decode_head.fusion_blocks.1.res_conv_unit1.conv2.conv.weight - torch.Size([256, 256, 3, 3]): 
The value is the same before and after calling `init_weights` of EncoderDecoder  

decode_head.fusion_blocks.1.res_conv_unit1.conv2.bn.weight - torch.Size([256]): 
The value is the same before and after calling `init_weights` of EncoderDecoder  

decode_head.fusion_blocks.1.res_conv_unit1.conv2.bn.bias - torch.Size([256]): 
The value is the same before and after calling `init_weights` of EncoderDecoder  

decode_head.fusion_blocks.1.res_conv_unit2.conv1.conv.weight - torch.Size([256, 256, 3, 3]): 
The value is the same before and after calling `init_weights` of EncoderDecoder  

decode_head.fusion_blocks.1.res_conv_unit2.conv1.bn.weight - torch.Size([256]): 
The value is the same before and after calling `init_weights` of EncoderDecoder  

decode_head.fusion_blocks.1.res_conv_unit2.conv1.bn.bias - torch.Size([256]): 
The value is the same before and after calling `init_weights` of EncoderDecoder  

decode_head.fusion_blocks.1.res_conv_unit2.conv2.conv.weight - torch.Size([256, 256, 3, 3]): 
The value is the same before and after calling `init_weights` of EncoderDecoder  

decode_head.fusion_blocks.1.res_conv_unit2.conv2.bn.weight - torch.Size([256]): 
The value is the same before and after calling `init_weights` of EncoderDecoder  

decode_head.fusion_blocks.1.res_conv_unit2.conv2.bn.bias - torch.Size([256]): 
The value is the same before and after calling `init_weights` of EncoderDecoder  

decode_head.fusion_blocks.2.project.conv.weight - torch.Size([256, 256, 1, 1]): 
The value is the same before and after calling `init_weights` of EncoderDecoder  

decode_head.fusion_blocks.2.project.conv.bias - torch.Size([256]): 
The value is the same before and after calling `init_weights` of EncoderDecoder  

decode_head.fusion_blocks.2.res_conv_unit1.conv1.conv.weight - torch.Size([256, 256, 3, 3]): 
The value is the same before and after calling `init_weights` of EncoderDecoder  

decode_head.fusion_blocks.2.res_conv_unit1.conv1.bn.weight - torch.Size([256]): 
The value is the same before and after calling `init_weights` of EncoderDecoder  

decode_head.fusion_blocks.2.res_conv_unit1.conv1.bn.bias - torch.Size([256]): 
The value is the same before and after calling `init_weights` of EncoderDecoder  

decode_head.fusion_blocks.2.res_conv_unit1.conv2.conv.weight - torch.Size([256, 256, 3, 3]): 
The value is the same before and after calling `init_weights` of EncoderDecoder  

decode_head.fusion_blocks.2.res_conv_unit1.conv2.bn.weight - torch.Size([256]): 
The value is the same before and after calling `init_weights` of EncoderDecoder  

decode_head.fusion_blocks.2.res_conv_unit1.conv2.bn.bias - torch.Size([256]): 
The value is the same before and after calling `init_weights` of EncoderDecoder  

decode_head.fusion_blocks.2.res_conv_unit2.conv1.conv.weight - torch.Size([256, 256, 3, 3]): 
The value is the same before and after calling `init_weights` of EncoderDecoder  

decode_head.fusion_blocks.2.res_conv_unit2.conv1.bn.weight - torch.Size([256]): 
The value is the same before and after calling `init_weights` of EncoderDecoder  

decode_head.fusion_blocks.2.res_conv_unit2.conv1.bn.bias - torch.Size([256]): 
The value is the same before and after calling `init_weights` of EncoderDecoder  

decode_head.fusion_blocks.2.res_conv_unit2.conv2.conv.weight - torch.Size([256, 256, 3, 3]): 
The value is the same before and after calling `init_weights` of EncoderDecoder  

decode_head.fusion_blocks.2.res_conv_unit2.conv2.bn.weight - torch.Size([256]): 
The value is the same before and after calling `init_weights` of EncoderDecoder  

decode_head.fusion_blocks.2.res_conv_unit2.conv2.bn.bias - torch.Size([256]): 
The value is the same before and after calling `init_weights` of EncoderDecoder  

decode_head.fusion_blocks.3.project.conv.weight - torch.Size([256, 256, 1, 1]): 
The value is the same before and after calling `init_weights` of EncoderDecoder  

decode_head.fusion_blocks.3.project.conv.bias - torch.Size([256]): 
The value is the same before and after calling `init_weights` of EncoderDecoder  

decode_head.fusion_blocks.3.res_conv_unit1.conv1.conv.weight - torch.Size([256, 256, 3, 3]): 
The value is the same before and after calling `init_weights` of EncoderDecoder  

decode_head.fusion_blocks.3.res_conv_unit1.conv1.bn.weight - torch.Size([256]): 
The value is the same before and after calling `init_weights` of EncoderDecoder  

decode_head.fusion_blocks.3.res_conv_unit1.conv1.bn.bias - torch.Size([256]): 
The value is the same before and after calling `init_weights` of EncoderDecoder  

decode_head.fusion_blocks.3.res_conv_unit1.conv2.conv.weight - torch.Size([256, 256, 3, 3]): 
The value is the same before and after calling `init_weights` of EncoderDecoder  

decode_head.fusion_blocks.3.res_conv_unit1.conv2.bn.weight - torch.Size([256]): 
The value is the same before and after calling `init_weights` of EncoderDecoder  

decode_head.fusion_blocks.3.res_conv_unit1.conv2.bn.bias - torch.Size([256]): 
The value is the same before and after calling `init_weights` of EncoderDecoder  

decode_head.fusion_blocks.3.res_conv_unit2.conv1.conv.weight - torch.Size([256, 256, 3, 3]): 
The value is the same before and after calling `init_weights` of EncoderDecoder  

decode_head.fusion_blocks.3.res_conv_unit2.conv1.bn.weight - torch.Size([256]): 
The value is the same before and after calling `init_weights` of EncoderDecoder  

decode_head.fusion_blocks.3.res_conv_unit2.conv1.bn.bias - torch.Size([256]): 
The value is the same before and after calling `init_weights` of EncoderDecoder  

decode_head.fusion_blocks.3.res_conv_unit2.conv2.conv.weight - torch.Size([256, 256, 3, 3]): 
The value is the same before and after calling `init_weights` of EncoderDecoder  

decode_head.fusion_blocks.3.res_conv_unit2.conv2.bn.weight - torch.Size([256]): 
The value is the same before and after calling `init_weights` of EncoderDecoder  

decode_head.fusion_blocks.3.res_conv_unit2.conv2.bn.bias - torch.Size([256]): 
The value is the same before and after calling `init_weights` of EncoderDecoder  

decode_head.project.conv.weight - torch.Size([256, 256, 3, 3]): 
Initialized by user-defined `init_weights` in ConvModule  

decode_head.project.bn.weight - torch.Size([256]): 
The value is the same before and after calling `init_weights` of EncoderDecoder  

decode_head.project.bn.bias - torch.Size([256]): 
The value is the same before and after calling `init_weights` of EncoderDecoder  
2025/07/24 14:30:35 - mmengine - WARNING - "FileClient" will be deprecated in future. Please use io functions in https://mmengine.readthedocs.io/en/latest/api/fileio.html#file-io
2025/07/24 14:30:35 - mmengine - WARNING - "HardDiskBackend" is the alias of "LocalBackend" and the former will be deprecated in future.
2025/07/24 14:30:35 - mmengine - INFO - Checkpoints will be saved to /data/suda-data/lf/mmsegmentation-main/work_dirs/dpt_vit-b16_8xb2-160k_ade20k-512x512.
2025/07/24 14:30:41 - mmengine - INFO - Iter(train) [     1/160000]  base_lr: 6.0000e-11 lr: 6.0000e-11  eta: 11 days, 13:09:08  time: 6.2360  data_time: 0.0245  memory: 5466  loss: 4.0582  decode.loss_ce: 4.0582  decode.acc_seg: 2.5199
2025/07/24 14:30:47 - mmengine - INFO - Iter(train) [     2/160000]  base_lr: 4.0087e-08 lr: 4.0087e-08  eta: 11 days, 3:13:30  time: 6.0126  data_time: 0.0196  memory: 6313  loss: 4.1958  decode.loss_ce: 4.1958  decode.acc_seg: 0.1357
2025/07/24 14:30:53 - mmengine - INFO - Iter(train) [     3/160000]  base_lr: 8.0113e-08 lr: 8.0113e-08  eta: 10 days, 23:29:18  time: 5.9286  data_time: 0.0229  memory: 6313  loss: 4.4423  decode.loss_ce: 4.4423  decode.acc_seg: 1.9746
2025/07/24 14:30:59 - mmengine - INFO - Iter(train) [     4/160000]  base_lr: 1.2014e-07 lr: 1.2014e-07  eta: 11 days, 0:55:30  time: 5.9610  data_time: 0.0206  memory: 6313  loss: 4.2064  decode.loss_ce: 4.2064  decode.acc_seg: 0.0071
2025/07/24 14:31:05 - mmengine - INFO - Iter(train) [     5/160000]  base_lr: 1.6017e-07 lr: 1.6017e-07  eta: 11 days, 0:34:25  time: 5.9531  data_time: 0.0203  memory: 6313  loss: 4.3403  decode.loss_ce: 4.3403  decode.acc_seg: 0.4367
2025/07/24 14:31:11 - mmengine - INFO - Iter(train) [     6/160000]  base_lr: 2.0019e-07 lr: 2.0019e-07  eta: 11 days, 5:27:10  time: 6.0629  data_time: 0.0203  memory: 6313  loss: 4.3561  decode.loss_ce: 4.3561  decode.acc_seg: 0.4283
2025/07/24 14:31:17 - mmengine - INFO - Iter(train) [     7/160000]  base_lr: 2.4022e-07 lr: 2.4022e-07  eta: 11 days, 6:05:36  time: 6.0774  data_time: 0.0202  memory: 6313  loss: 4.4424  decode.loss_ce: 4.4424  decode.acc_seg: 0.1387
2025/07/24 14:31:23 - mmengine - INFO - Iter(train) [     8/160000]  base_lr: 2.8025e-07 lr: 2.8025e-07  eta: 11 days, 4:56:56  time: 6.0517  data_time: 0.0197  memory: 6313  loss: 4.3316  decode.loss_ce: 4.3316  decode.acc_seg: 0.4485
2025/07/24 14:31:29 - mmengine - INFO - Iter(train) [     9/160000]  base_lr: 3.2027e-07 lr: 3.2027e-07  eta: 11 days, 3:02:30  time: 6.0088  data_time: 0.0198  memory: 6313  loss: 4.2204  decode.loss_ce: 4.2204  decode.acc_seg: 3.3750
2025/07/24 14:31:35 - mmengine - INFO - Iter(train) [    10/160000]  base_lr: 3.6030e-07 lr: 3.6030e-07  eta: 11 days, 2:18:57  time: 5.9925  data_time: 0.0198  memory: 6313  loss: 4.2720  decode.loss_ce: 4.2720  decode.acc_seg: 0.6820
2025/07/24 14:31:42 - mmengine - INFO - Iter(train) [    11/160000]  base_lr: 4.0033e-07 lr: 4.0033e-07  eta: 11 days, 5:41:57  time: 6.0519  data_time: 0.0193  memory: 6313  loss: 4.3364  decode.loss_ce: 4.3364  decode.acc_seg: 0.0029
2025/07/24 14:31:48 - mmengine - INFO - Iter(train) [    12/160000]  base_lr: 4.4035e-07 lr: 4.4035e-07  eta: 11 days, 8:43:40  time: 6.1617  data_time: 0.0201  memory: 6313  loss: 4.3963  decode.loss_ce: 4.3963  decode.acc_seg: 3.4753
2025/07/24 14:31:55 - mmengine - INFO - Iter(train) [    13/160000]  base_lr: 4.8038e-07 lr: 4.8038e-07  eta: 11 days, 10:50:23  time: 6.2611  data_time: 0.0195  memory: 6313  loss: 4.3829  decode.loss_ce: 4.3829  decode.acc_seg: 0.3371
2025/07/24 14:32:02 - mmengine - INFO - Iter(train) [    14/160000]  base_lr: 5.2041e-07 lr: 5.2041e-07  eta: 11 days, 11:58:00  time: 6.3093  data_time: 0.0202  memory: 6313  loss: 4.3939  decode.loss_ce: 4.3939  decode.acc_seg: 0.0000
2025/07/24 14:32:08 - mmengine - INFO - Iter(train) [    15/160000]  base_lr: 5.6043e-07 lr: 5.6043e-07  eta: 11 days, 12:45:10  time: 6.3647  data_time: 0.0205  memory: 6313  loss: 4.2374  decode.loss_ce: 4.2374  decode.acc_seg: 0.0169
2025/07/24 14:32:15 - mmengine - INFO - Iter(train) [    16/160000]  base_lr: 6.0046e-07 lr: 6.0046e-07  eta: 11 days, 12:54:03  time: 6.3317  data_time: 0.0210  memory: 6313  loss: 4.2836  decode.loss_ce: 4.2836  decode.acc_seg: 13.0191
2025/07/24 14:32:21 - mmengine - INFO - Iter(train) [    17/160000]  base_lr: 6.4049e-07 lr: 6.4049e-07  eta: 11 days, 13:08:43  time: 6.3478  data_time: 0.0208  memory: 6313  loss: 4.2767  decode.loss_ce: 4.2767  decode.acc_seg: 0.0342
2025/07/24 14:32:27 - mmengine - INFO - Iter(train) [    18/160000]  base_lr: 6.8051e-07 lr: 6.8051e-07  eta: 11 days, 13:06:48  time: 6.3830  data_time: 0.0218  memory: 6313  loss: 4.2308  decode.loss_ce: 4.2308  decode.acc_seg: 1.8612
2025/07/24 14:32:33 - mmengine - INFO - Iter(train) [    19/160000]  base_lr: 7.2054e-07 lr: 7.2054e-07  eta: 11 days, 13:11:44  time: 6.4436  data_time: 0.0216  memory: 6313  loss: 4.1927  decode.loss_ce: 4.1927  decode.acc_seg: 21.7530
2025/07/24 14:32:40 - mmengine - INFO - Iter(train) [    20/160000]  base_lr: 7.6057e-07 lr: 7.6057e-07  eta: 11 days, 13:00:49  time: 6.4747  data_time: 0.0217  memory: 6313  loss: 4.2061  decode.loss_ce: 4.2061  decode.acc_seg: 0.1948
2025/07/24 14:32:46 - mmengine - INFO - Iter(train) [    21/160000]  base_lr: 8.0059e-07 lr: 8.0059e-07  eta: 11 days, 12:57:48  time: 6.4127  data_time: 0.0213  memory: 6313  loss: 4.2184  decode.loss_ce: 4.2184  decode.acc_seg: 0.0835
2025/07/24 14:32:52 - mmengine - INFO - Iter(train) [    22/160000]  base_lr: 8.4062e-07 lr: 8.4062e-07  eta: 11 days, 12:41:19  time: 6.3338  data_time: 0.0206  memory: 6313  loss: 4.1122  decode.loss_ce: 4.1122  decode.acc_seg: 0.1304
2025/07/24 14:32:58 - mmengine - INFO - Iter(train) [    23/160000]  base_lr: 8.8065e-07 lr: 8.8065e-07  eta: 11 days, 12:28:10  time: 6.2696  data_time: 0.0204  memory: 6313  loss: 4.0867  decode.loss_ce: 4.0867  decode.acc_seg: 0.0044
2025/07/24 14:33:04 - mmengine - INFO - Iter(train) [    24/160000]  base_lr: 9.2067e-07 lr: 9.2067e-07  eta: 11 days, 12:07:50  time: 6.2196  data_time: 0.0208  memory: 6313  loss: 4.0861  decode.loss_ce: 4.0861  decode.acc_seg: 0.0056
2025/07/24 14:33:10 - mmengine - INFO - Iter(train) [    25/160000]  base_lr: 9.6070e-07 lr: 9.6070e-07  eta: 11 days, 11:41:19  time: 6.1686  data_time: 0.0212  memory: 6313  loss: 4.2586  decode.loss_ce: 4.2586  decode.acc_seg: 0.5726
2025/07/24 14:33:16 - mmengine - INFO - Iter(train) [    26/160000]  base_lr: 1.0007e-06 lr: 1.0007e-06  eta: 11 days, 11:05:26  time: 6.1260  data_time: 0.0210  memory: 6313  loss: 4.2625  decode.loss_ce: 4.2625  decode.acc_seg: 2.3136
2025/07/24 14:33:22 - mmengine - INFO - Iter(train) [    27/160000]  base_lr: 1.0408e-06 lr: 1.0408e-06  eta: 11 days, 10:21:03  time: 6.0677  data_time: 0.0213  memory: 6313  loss: 4.2644  decode.loss_ce: 4.2644  decode.acc_seg: 3.9924
2025/07/24 14:33:27 - mmengine - INFO - Iter(train) [    28/160000]  base_lr: 1.0808e-06 lr: 1.0808e-06  eta: 11 days, 9:39:08  time: 6.0188  data_time: 0.0215  memory: 6313  loss: 4.4124  decode.loss_ce: 4.4124  decode.acc_seg: 0.4030
2025/07/24 14:33:33 - mmengine - INFO - Iter(train) [    29/160000]  base_lr: 1.1208e-06 lr: 1.1208e-06  eta: 11 days, 8:58:27  time: 5.9633  data_time: 0.0221  memory: 6313  loss: 4.6029  decode.loss_ce: 4.6029  decode.acc_seg: 0.5619
2025/07/24 14:33:39 - mmengine - INFO - Iter(train) [    30/160000]  base_lr: 1.1608e-06 lr: 1.1608e-06  eta: 11 days, 8:15:24  time: 5.9136  data_time: 0.0219  memory: 6313  loss: 4.5754  decode.loss_ce: 4.5754  decode.acc_seg: 0.0677
2025/07/24 14:33:44 - mmengine - INFO - Iter(train) [    31/160000]  base_lr: 1.2009e-06 lr: 1.2009e-06  eta: 11 days, 7:29:02  time: 5.8514  data_time: 0.0231  memory: 6313  loss: 4.5896  decode.loss_ce: 4.5896  decode.acc_seg: 0.1405
2025/07/24 14:33:51 - mmengine - INFO - Iter(train) [    32/160000]  base_lr: 1.2409e-06 lr: 1.2409e-06  eta: 11 days, 7:55:58  time: 5.8851  data_time: 0.0230  memory: 6313  loss: 4.5582  decode.loss_ce: 4.5582  decode.acc_seg: 0.7554
2025/07/24 14:33:57 - mmengine - INFO - Iter(train) [    33/160000]  base_lr: 1.2809e-06 lr: 1.2809e-06  eta: 11 days, 8:13:27  time: 5.9075  data_time: 0.0225  memory: 6313  loss: 4.5616  decode.loss_ce: 4.5616  decode.acc_seg: 0.1198
2025/07/24 14:34:04 - mmengine - INFO - Iter(train) [    34/160000]  base_lr: 1.3209e-06 lr: 1.3209e-06  eta: 11 days, 8:40:33  time: 5.9509  data_time: 0.0222  memory: 6313  loss: 4.5081  decode.loss_ce: 4.5081  decode.acc_seg: 1.6455
2025/07/24 14:34:10 - mmengine - INFO - Iter(train) [    35/160000]  base_lr: 1.3610e-06 lr: 1.3610e-06  eta: 11 days, 8:39:16  time: 5.9663  data_time: 0.0218  memory: 6313  loss: 4.4850  decode.loss_ce: 4.4850  decode.acc_seg: 3.9506
2025/07/24 14:34:16 - mmengine - INFO - Iter(train) [    36/160000]  base_lr: 1.4010e-06 lr: 1.4010e-06  eta: 11 days, 8:24:44  time: 5.9749  data_time: 0.0215  memory: 6313  loss: 4.4704  decode.loss_ce: 4.4704  decode.acc_seg: 5.8328
2025/07/24 14:34:21 - mmengine - INFO - Iter(train) [    37/160000]  base_lr: 1.4410e-06 lr: 1.4410e-06  eta: 11 days, 8:09:15  time: 5.9925  data_time: 0.0221  memory: 6313  loss: 4.4757  decode.loss_ce: 4.4757  decode.acc_seg: 1.0216
2025/07/24 14:34:27 - mmengine - INFO - Iter(train) [    38/160000]  base_lr: 1.4810e-06 lr: 1.4810e-06  eta: 11 days, 7:54:53  time: 6.0111  data_time: 0.0209  memory: 6313  loss: 4.5100  decode.loss_ce: 4.5100  decode.acc_seg: 0.1177
2025/07/24 14:34:33 - mmengine - INFO - Iter(train) [    39/160000]  base_lr: 1.5211e-06 lr: 1.5211e-06  eta: 11 days, 7:52:00  time: 6.0473  data_time: 0.0206  memory: 6313  loss: 4.4756  decode.loss_ce: 4.4756  decode.acc_seg: 0.0017
2025/07/24 14:34:39 - mmengine - INFO - Iter(train) [    40/160000]  base_lr: 1.5611e-06 lr: 1.5611e-06  eta: 11 days, 7:38:56  time: 6.0737  data_time: 0.0205  memory: 6313  loss: 4.3828  decode.loss_ce: 4.3828  decode.acc_seg: 0.2982
2025/07/24 14:34:45 - mmengine - INFO - Iter(train) [    41/160000]  base_lr: 1.6011e-06 lr: 1.6011e-06  eta: 11 days, 7:13:28  time: 6.0872  data_time: 0.0205  memory: 6313  loss: 4.3745  decode.loss_ce: 4.3745  decode.acc_seg: 0.1162
2025/07/24 14:34:51 - mmengine - INFO - Iter(train) [    42/160000]  base_lr: 1.6412e-06 lr: 1.6412e-06  eta: 11 days, 6:45:58  time: 6.0110  data_time: 0.0211  memory: 6313  loss: 4.1607  decode.loss_ce: 4.1607  decode.acc_seg: 0.0000
2025/07/24 14:34:57 - mmengine - INFO - Iter(train) [    43/160000]  base_lr: 1.6812e-06 lr: 1.6812e-06  eta: 11 days, 6:27:15  time: 5.9567  data_time: 0.0210  memory: 6313  loss: 3.9668  decode.loss_ce: 3.9668  decode.acc_seg: 0.0526
2025/07/24 14:35:03 - mmengine - INFO - Iter(train) [    44/160000]  base_lr: 1.7212e-06 lr: 1.7212e-06  eta: 11 days, 6:40:42  time: 5.9404  data_time: 0.0206  memory: 6313  loss: 4.0917  decode.loss_ce: 4.0917  decode.acc_seg: 0.2624
2025/07/24 14:35:09 - mmengine - INFO - Iter(train) [    45/160000]  base_lr: 1.7612e-06 lr: 1.7612e-06  eta: 11 days, 6:38:11  time: 5.9334  data_time: 0.0205  memory: 6313  loss: 3.9292  decode.loss_ce: 3.9292  decode.acc_seg: 0.0289
2025/07/24 14:35:15 - mmengine - INFO - Iter(train) [    46/160000]  base_lr: 1.8013e-06 lr: 1.8013e-06  eta: 11 days, 6:21:07  time: 5.9191  data_time: 0.0206  memory: 6313  loss: 3.8005  decode.loss_ce: 3.8005  decode.acc_seg: 0.2071
2025/07/24 14:35:21 - mmengine - INFO - Iter(train) [    47/160000]  base_lr: 1.8413e-06 lr: 1.8413e-06  eta: 11 days, 6:04:56  time: 5.9075  data_time: 0.0201  memory: 6313  loss: 3.7616  decode.loss_ce: 3.7616  decode.acc_seg: 6.3987
2025/07/24 14:35:26 - mmengine - INFO - Iter(train) [    48/160000]  base_lr: 1.8813e-06 lr: 1.8813e-06  eta: 11 days, 5:52:24  time: 5.9008  data_time: 0.0205  memory: 6313  loss: 3.6629  decode.loss_ce: 3.6629  decode.acc_seg: 0.7902
2025/07/24 14:35:32 - mmengine - INFO - Iter(train) [    49/160000]  base_lr: 1.9213e-06 lr: 1.9213e-06  eta: 11 days, 5:42:03  time: 5.8815  data_time: 0.0204  memory: 6313  loss: 3.6443  decode.loss_ce: 3.6443  decode.acc_seg: 0.0076
2025/07/24 14:35:38 - mmengine - INFO - Iter(train) [    50/160000]  base_lr: 1.9614e-06 lr: 1.9614e-06  eta: 11 days, 5:31:16  time: 5.8761  data_time: 0.0201  memory: 6313  loss: 3.6265  decode.loss_ce: 3.6265  decode.acc_seg: 0.0077
2025/07/24 14:35:44 - mmengine - INFO - Iter(train) [    51/160000]  base_lr: 2.0014e-06 lr: 2.0014e-06  eta: 11 days, 5:09:11  time: 5.8683  data_time: 0.0196  memory: 6313  loss: 3.6355  decode.loss_ce: 3.6355  decode.acc_seg: 3.8212
2025/07/24 14:35:50 - mmengine - INFO - Iter(train) [    52/160000]  base_lr: 2.0414e-06 lr: 2.0414e-06  eta: 11 days, 4:52:12  time: 5.8739  data_time: 0.0190  memory: 6313  loss: 3.9792  decode.loss_ce: 3.9792  decode.acc_seg: 2.5793
2025/07/24 14:35:55 - mmengine - INFO - Iter(train) [    53/160000]  base_lr: 2.0814e-06 lr: 2.0814e-06  eta: 11 days, 4:28:42  time: 5.8532  data_time: 0.0197  memory: 6313  loss: 4.2106  decode.loss_ce: 4.2106  decode.acc_seg: 0.1824
2025/07/24 14:36:02 - mmengine - INFO - Iter(train) [    54/160000]  base_lr: 2.1215e-06 lr: 2.1215e-06  eta: 11 days, 5:11:46  time: 5.9138  data_time: 0.0190  memory: 6313  loss: 4.1682  decode.loss_ce: 4.1682  decode.acc_seg: 0.4360
2025/07/24 14:36:09 - mmengine - INFO - Iter(train) [    55/160000]  base_lr: 2.1615e-06 lr: 2.1615e-06  eta: 11 days, 5:41:10  time: 5.9755  data_time: 0.0185  memory: 6313  loss: 4.3299  decode.loss_ce: 4.3299  decode.acc_seg: 4.5775
2025/07/24 14:36:15 - mmengine - INFO - Iter(train) [    56/160000]  base_lr: 2.2015e-06 lr: 2.2015e-06  eta: 11 days, 6:01:22  time: 6.0453  data_time: 0.0187  memory: 6313  loss: 4.3811  decode.loss_ce: 4.3811  decode.acc_seg: 0.2329
2025/07/24 14:36:22 - mmengine - INFO - Iter(train) [    57/160000]  base_lr: 2.2416e-06 lr: 2.2416e-06  eta: 11 days, 6:20:29  time: 6.1141  data_time: 0.0176  memory: 6313  loss: 4.2808  decode.loss_ce: 4.2808  decode.acc_seg: 0.0024
2025/07/24 14:36:28 - mmengine - INFO - Iter(train) [    58/160000]  base_lr: 2.2816e-06 lr: 2.2816e-06  eta: 11 days, 6:22:40  time: 6.1420  data_time: 0.0176  memory: 6313  loss: 4.1611  decode.loss_ce: 4.1611  decode.acc_seg: 0.5647
2025/07/24 14:36:34 - mmengine - INFO - Iter(train) [    59/160000]  base_lr: 2.3216e-06 lr: 2.3216e-06  eta: 11 days, 6:17:34  time: 6.1510  data_time: 0.0183  memory: 6313  loss: 4.1275  decode.loss_ce: 4.1275  decode.acc_seg: 0.0364
2025/07/24 14:36:40 - mmengine - INFO - Iter(train) [    60/160000]  base_lr: 2.3616e-06 lr: 2.3616e-06  eta: 11 days, 6:13:51  time: 6.1642  data_time: 0.0186  memory: 6313  loss: 4.2715  decode.loss_ce: 4.2715  decode.acc_seg: 0.1285
2025/07/24 14:36:46 - mmengine - INFO - Iter(train) [    61/160000]  base_lr: 2.4017e-06 lr: 2.4017e-06  eta: 11 days, 6:09:21  time: 6.1979  data_time: 0.0194  memory: 6313  loss: 4.1109  decode.loss_ce: 4.1109  decode.acc_seg: 0.0225
2025/07/24 14:36:52 - mmengine - INFO - Iter(train) [    62/160000]  base_lr: 2.4417e-06 lr: 2.4417e-06  eta: 11 days, 5:59:41  time: 6.2108  data_time: 0.0202  memory: 6313  loss: 4.1086  decode.loss_ce: 4.1086  decode.acc_seg: 0.0177
2025/07/24 14:36:58 - mmengine - INFO - Iter(train) [    63/160000]  base_lr: 2.4817e-06 lr: 2.4817e-06  eta: 11 days, 5:52:43  time: 6.2437  data_time: 0.0205  memory: 6313  loss: 4.0237  decode.loss_ce: 4.0237  decode.acc_seg: 0.6788
2025/07/24 14:37:03 - mmengine - INFO - Iter(train) [    64/160000]  base_lr: 2.5217e-06 lr: 2.5217e-06  eta: 11 days, 5:41:39  time: 6.1332  data_time: 0.0218  memory: 6313  loss: 4.0859  decode.loss_ce: 4.0859  decode.acc_seg: 5.4642
2025/07/24 14:37:09 - mmengine - INFO - Iter(train) [    65/160000]  base_lr: 2.5618e-06 lr: 2.5618e-06  eta: 11 days, 5:29:13  time: 6.0434  data_time: 0.0227  memory: 6313  loss: 3.9895  decode.loss_ce: 3.9895  decode.acc_seg: 0.0000
2025/07/24 14:37:15 - mmengine - INFO - Iter(train) [    66/160000]  base_lr: 2.6018e-06 lr: 2.6018e-06  eta: 11 days, 5:14:09  time: 5.9632  data_time: 0.0229  memory: 6313  loss: 3.8768  decode.loss_ce: 3.8768  decode.acc_seg: 0.6934
2025/07/24 14:37:21 - mmengine - INFO - Iter(train) [    67/160000]  base_lr: 2.6418e-06 lr: 2.6418e-06  eta: 11 days, 5:07:05  time: 5.9029  data_time: 0.0238  memory: 6313  loss: 3.9298  decode.loss_ce: 3.9298  decode.acc_seg: 0.0709
2025/07/24 14:37:27 - mmengine - INFO - Iter(train) [    68/160000]  base_lr: 2.6818e-06 lr: 2.6818e-06  eta: 11 days, 4:58:01  time: 5.8723  data_time: 0.0240  memory: 6313  loss: 3.9116  decode.loss_ce: 3.9116  decode.acc_seg: 0.1612
2025/07/24 14:37:32 - mmengine - INFO - Iter(train) [    69/160000]  base_lr: 2.7219e-06 lr: 2.7219e-06  eta: 11 days, 4:44:51  time: 5.8465  data_time: 0.0235  memory: 6313  loss: 3.7074  decode.loss_ce: 3.7074  decode.acc_seg: 3.3031
2025/07/24 14:37:38 - mmengine - INFO - Iter(train) [    70/160000]  base_lr: 2.7619e-06 lr: 2.7619e-06  eta: 11 days, 4:30:27  time: 5.8136  data_time: 0.0236  memory: 6313  loss: 3.6759  decode.loss_ce: 3.6759  decode.acc_seg: 1.0274
2025/07/24 14:37:44 - mmengine - INFO - Iter(train) [    71/160000]  base_lr: 2.8019e-06 lr: 2.8019e-06  eta: 11 days, 4:23:31  time: 5.8016  data_time: 0.0224  memory: 6313  loss: 3.7345  decode.loss_ce: 3.7345  decode.acc_seg: 0.0345
2025/07/24 14:37:50 - mmengine - INFO - Iter(train) [    72/160000]  base_lr: 2.8420e-06 lr: 2.8420e-06  eta: 11 days, 4:14:48  time: 5.7966  data_time: 0.0221  memory: 6313  loss: 3.7183  decode.loss_ce: 3.7183  decode.acc_seg: 1.3708
2025/07/24 14:37:56 - mmengine - INFO - Iter(train) [    73/160000]  base_lr: 2.8820e-06 lr: 2.8820e-06  eta: 11 days, 4:32:36  time: 5.8580  data_time: 0.0218  memory: 6313  loss: 3.7336  decode.loss_ce: 3.7336  decode.acc_seg: 0.1004
2025/07/24 14:38:03 - mmengine - INFO - Iter(train) [    74/160000]  base_lr: 2.9220e-06 lr: 2.9220e-06  eta: 11 days, 4:47:47  time: 5.9238  data_time: 0.0215  memory: 6313  loss: 3.7091  decode.loss_ce: 3.7091  decode.acc_seg: 0.0602
2025/07/24 14:38:09 - mmengine - INFO - Iter(train) [    75/160000]  base_lr: 2.9620e-06 lr: 2.9620e-06  eta: 11 days, 4:48:12  time: 5.9534  data_time: 0.0209  memory: 6313  loss: 3.8048  decode.loss_ce: 3.8048  decode.acc_seg: 1.0687
2025/07/24 14:38:15 - mmengine - INFO - Iter(train) [    76/160000]  base_lr: 3.0021e-06 lr: 3.0021e-06  eta: 11 days, 4:46:21  time: 5.9839  data_time: 0.0200  memory: 6313  loss: 3.8633  decode.loss_ce: 3.8633  decode.acc_seg: 0.0811
2025/07/24 14:38:21 - mmengine - INFO - Iter(train) [    77/160000]  base_lr: 3.0421e-06 lr: 3.0421e-06  eta: 11 days, 4:43:17  time: 5.9919  data_time: 0.0203  memory: 6313  loss: 3.9406  decode.loss_ce: 3.9406  decode.acc_seg: 0.0649
2025/07/24 14:38:27 - mmengine - INFO - Iter(train) [    78/160000]  base_lr: 3.0821e-06 lr: 3.0821e-06  eta: 11 days, 4:41:02  time: 6.0076  data_time: 0.0201  memory: 6313  loss: 4.1831  decode.loss_ce: 4.1831  decode.acc_seg: 1.2789
2025/07/24 14:38:33 - mmengine - INFO - Iter(train) [    79/160000]  base_lr: 3.1221e-06 lr: 3.1221e-06  eta: 11 days, 5:07:20  time: 6.1190  data_time: 0.0205  memory: 6313  loss: 4.2797  decode.loss_ce: 4.2797  decode.acc_seg: 0.2736
2025/07/24 14:38:40 - mmengine - INFO - Iter(train) [    80/160000]  base_lr: 3.1622e-06 lr: 3.1622e-06  eta: 11 days, 5:25:50  time: 6.2133  data_time: 0.0204  memory: 6313  loss: 4.3153  decode.loss_ce: 4.3153  decode.acc_seg: 1.4115
2025/07/24 14:38:46 - mmengine - INFO - Iter(train) [    81/160000]  base_lr: 3.2022e-06 lr: 3.2022e-06  eta: 11 days, 5:28:17  time: 6.2414  data_time: 0.0207  memory: 6313  loss: 4.4009  decode.loss_ce: 4.4009  decode.acc_seg: 0.0000
2025/07/24 14:38:52 - mmengine - INFO - Iter(train) [    82/160000]  base_lr: 3.2422e-06 lr: 3.2422e-06  eta: 11 days, 5:22:20  time: 6.2492  data_time: 0.0211  memory: 6313  loss: 4.3704  decode.loss_ce: 4.3704  decode.acc_seg: 0.0521
2025/07/24 14:38:58 - mmengine - INFO - Iter(train) [    83/160000]  base_lr: 3.2822e-06 lr: 3.2822e-06  eta: 11 days, 5:16:58  time: 6.1863  data_time: 0.0207  memory: 6313  loss: 4.2437  decode.loss_ce: 4.2437  decode.acc_seg: 0.0270
2025/07/24 14:39:04 - mmengine - INFO - Iter(train) [    84/160000]  base_lr: 3.3223e-06 lr: 3.3223e-06  eta: 11 days, 5:15:12  time: 6.1403  data_time: 0.0207  memory: 6313  loss: 4.1957  decode.loss_ce: 4.1957  decode.acc_seg: 0.0680
2025/07/24 14:39:10 - mmengine - INFO - Iter(train) [    85/160000]  base_lr: 3.3623e-06 lr: 3.3623e-06  eta: 11 days, 5:10:09  time: 6.1241  data_time: 0.0207  memory: 6313  loss: 4.0718  decode.loss_ce: 4.0718  decode.acc_seg: 0.8537
2025/07/24 14:39:16 - mmengine - INFO - Iter(train) [    86/160000]  base_lr: 3.4023e-06 lr: 3.4023e-06  eta: 11 days, 5:07:51  time: 6.1229  data_time: 0.0214  memory: 6313  loss: 4.2027  decode.loss_ce: 4.2027  decode.acc_seg: 0.0185
2025/07/24 14:39:22 - mmengine - INFO - Iter(train) [    87/160000]  base_lr: 3.4424e-06 lr: 3.4424e-06  eta: 11 days, 4:55:57  time: 6.0938  data_time: 0.0212  memory: 6313  loss: 4.0686  decode.loss_ce: 4.0686  decode.acc_seg: 0.0000
2025/07/24 14:39:27 - mmengine - INFO - Iter(train) [    88/160000]  base_lr: 3.4824e-06 lr: 3.4824e-06  eta: 11 days, 4:46:43  time: 6.0704  data_time: 0.0213  memory: 6313  loss: 4.0664  decode.loss_ce: 4.0664  decode.acc_seg: 0.5375
2025/07/24 14:39:34 - mmengine - INFO - Iter(train) [    89/160000]  base_lr: 3.5224e-06 lr: 3.5224e-06  eta: 11 days, 4:53:21  time: 6.0149  data_time: 0.0212  memory: 6313  loss: 4.1745  decode.loss_ce: 4.1745  decode.acc_seg: 0.5862
2025/07/24 14:39:41 - mmengine - INFO - Iter(train) [    90/160000]  base_lr: 3.5624e-06 lr: 3.5624e-06  eta: 11 days, 5:22:56  time: 6.0588  data_time: 0.0212  memory: 6313  loss: 4.1362  decode.loss_ce: 4.1362  decode.acc_seg: 0.3462
2025/07/24 14:39:47 - mmengine - INFO - Iter(train) [    91/160000]  base_lr: 3.6025e-06 lr: 3.6025e-06  eta: 11 days, 5:27:55  time: 6.0684  data_time: 0.0205  memory: 6313  loss: 4.1528  decode.loss_ce: 4.1528  decode.acc_seg: 1.3127
2025/07/24 14:39:53 - mmengine - INFO - Iter(train) [    92/160000]  base_lr: 3.6425e-06 lr: 3.6425e-06  eta: 11 days, 5:27:47  time: 6.0863  data_time: 0.0202  memory: 6313  loss: 4.2079  decode.loss_ce: 4.2079  decode.acc_seg: 14.4840
2025/07/24 14:39:59 - mmengine - INFO - Iter(train) [    93/160000]  base_lr: 3.6825e-06 lr: 3.6825e-06  eta: 11 days, 5:22:24  time: 6.0845  data_time: 0.0205  memory: 6313  loss: 4.3978  decode.loss_ce: 4.3978  decode.acc_seg: 1.1089
2025/07/24 14:40:05 - mmengine - INFO - Iter(train) [    94/160000]  base_lr: 3.7225e-06 lr: 3.7225e-06  eta: 11 days, 5:35:23  time: 6.1361  data_time: 0.0211  memory: 6313  loss: 4.4092  decode.loss_ce: 4.4092  decode.acc_seg: 0.0000
2025/07/24 14:40:12 - mmengine - INFO - Iter(train) [    95/160000]  base_lr: 3.7626e-06 lr: 3.7626e-06  eta: 11 days, 5:51:13  time: 6.2095  data_time: 0.0213  memory: 6313  loss: 4.5043  decode.loss_ce: 4.5043  decode.acc_seg: 0.1091
2025/07/24 14:40:18 - mmengine - INFO - Iter(train) [    96/160000]  base_lr: 3.8026e-06 lr: 3.8026e-06  eta: 11 days, 6:00:34  time: 6.2523  data_time: 0.0215  memory: 6313  loss: 4.4709  decode.loss_ce: 4.4709  decode.acc_seg: 0.2273
2025/07/24 14:40:24 - mmengine - INFO - Iter(train) [    97/160000]  base_lr: 3.8426e-06 lr: 3.8426e-06  eta: 11 days, 5:58:21  time: 6.2851  data_time: 0.0215  memory: 6313  loss: 4.4913  decode.loss_ce: 4.4913  decode.acc_seg: 4.5541
2025/07/24 14:40:30 - mmengine - INFO - Iter(train) [    98/160000]  base_lr: 3.8826e-06 lr: 3.8826e-06  eta: 11 days, 5:51:13  time: 6.2918  data_time: 0.0216  memory: 6313  loss: 4.4058  decode.loss_ce: 4.4058  decode.acc_seg: 0.0557
2025/07/24 14:40:36 - mmengine - INFO - Iter(train) [    99/160000]  base_lr: 3.9227e-06 lr: 3.9227e-06  eta: 11 days, 5:39:29  time: 6.2285  data_time: 0.0218  memory: 6313  loss: 4.3810  decode.loss_ce: 4.3810  decode.acc_seg: 0.7570
2025/07/24 14:40:42 - mmengine - INFO - Iter(train) [   100/160000]  base_lr: 3.9627e-06 lr: 3.9627e-06  eta: 11 days, 5:28:12  time: 6.0881  data_time: 0.0218  memory: 6313  loss: 4.3885  decode.loss_ce: 4.3885  decode.acc_seg: 2.0508
2025/07/24 14:40:47 - mmengine - INFO - Iter(train) [   101/160000]  base_lr: 4.0027e-06 lr: 4.0027e-06  eta: 11 days, 5:18:58  time: 6.0363  data_time: 0.0222  memory: 6313  loss: 4.2223  decode.loss_ce: 4.2223  decode.acc_seg: 6.6011
2025/07/24 14:40:53 - mmengine - INFO - Iter(train) [   102/160000]  base_lr: 4.0428e-06 lr: 4.0428e-06  eta: 11 days, 5:15:44  time: 6.0242  data_time: 0.0225  memory: 6313  loss: 3.9607  decode.loss_ce: 3.9607  decode.acc_seg: 0.0000
2025/07/24 14:40:59 - mmengine - INFO - Iter(train) [   103/160000]  base_lr: 4.0828e-06 lr: 4.0828e-06  eta: 11 days, 5:07:09  time: 6.0094  data_time: 0.0221  memory: 6313  loss: 3.9333  decode.loss_ce: 3.9333  decode.acc_seg: 0.0569
2025/07/24 14:41:05 - mmengine - INFO - Iter(train) [   104/160000]  base_lr: 4.1228e-06 lr: 4.1228e-06  eta: 11 days, 4:56:16  time: 5.9206  data_time: 0.0218  memory: 6313  loss: 4.0012  decode.loss_ce: 4.0012  decode.acc_seg: 0.0361
2025/07/24 14:41:11 - mmengine - INFO - Iter(train) [   105/160000]  base_lr: 4.1628e-06 lr: 4.1628e-06  eta: 11 days, 5:09:03  time: 5.9132  data_time: 0.0209  memory: 6313  loss: 3.7863  decode.loss_ce: 3.7863  decode.acc_seg: 0.0207
2025/07/24 14:41:18 - mmengine - INFO - Iter(train) [   106/160000]  base_lr: 4.2029e-06 lr: 4.2029e-06  eta: 11 days, 5:22:50  time: 5.9328  data_time: 0.0204  memory: 6313  loss: 3.6954  decode.loss_ce: 3.6954  decode.acc_seg: 0.0435
2025/07/24 14:41:24 - mmengine - INFO - Iter(train) [   107/160000]  base_lr: 4.2429e-06 lr: 4.2429e-06  eta: 11 days, 5:15:04  time: 5.9083  data_time: 0.0207  memory: 6313  loss: 3.7083  decode.loss_ce: 3.7083  decode.acc_seg: 0.1247
2025/07/24 14:41:29 - mmengine - INFO - Iter(train) [   108/160000]  base_lr: 4.2829e-06 lr: 4.2829e-06  eta: 11 days, 5:05:33  time: 5.8944  data_time: 0.0208  memory: 6313  loss: 3.7557  decode.loss_ce: 3.7557  decode.acc_seg: 0.0063
2025/07/24 14:41:35 - mmengine - INFO - Iter(train) [   109/160000]  base_lr: 4.3229e-06 lr: 4.3229e-06  eta: 11 days, 4:55:22  time: 5.8948  data_time: 0.0204  memory: 6313  loss: 3.7865  decode.loss_ce: 3.7865  decode.acc_seg: 0.2454
2025/07/24 14:41:41 - mmengine - INFO - Iter(train) [   110/160000]  base_lr: 4.3630e-06 lr: 4.3630e-06  eta: 11 days, 4:46:59  time: 5.9009  data_time: 0.0210  memory: 6313  loss: 3.6833  decode.loss_ce: 3.6833  decode.acc_seg: 0.9739
2025/07/24 14:41:47 - mmengine - INFO - Iter(train) [   111/160000]  base_lr: 4.4030e-06 lr: 4.4030e-06  eta: 11 days, 4:52:52  time: 5.9590  data_time: 0.0215  memory: 6313  loss: 3.4661  decode.loss_ce: 3.4661  decode.acc_seg: 0.0327
2025/07/24 14:41:53 - mmengine - INFO - Iter(train) [   112/160000]  base_lr: 4.4430e-06 lr: 4.4430e-06  eta: 11 days, 5:01:10  time: 6.0053  data_time: 0.0211  memory: 6313  loss: 3.6620  decode.loss_ce: 3.6620  decode.acc_seg: 0.5834
2025/07/24 14:42:00 - mmengine - INFO - Iter(train) [   113/160000]  base_lr: 4.4830e-06 lr: 4.4830e-06  eta: 11 days, 5:12:10  time: 6.0847  data_time: 0.0212  memory: 6313  loss: 3.6106  decode.loss_ce: 3.6106  decode.acc_seg: 0.5631
2025/07/24 14:42:06 - mmengine - INFO - Iter(train) [   114/160000]  base_lr: 4.5231e-06 lr: 4.5231e-06  eta: 11 days, 5:18:55  time: 6.1563  data_time: 0.0215  memory: 6313  loss: 3.4751  decode.loss_ce: 3.4751  decode.acc_seg: 1.0232
2025/07/24 14:42:12 - mmengine - INFO - Iter(train) [   115/160000]  base_lr: 4.5631e-06 lr: 4.5631e-06  eta: 11 days, 5:19:51  time: 6.1108  data_time: 0.0223  memory: 6313  loss: 3.5468  decode.loss_ce: 3.5468  decode.acc_seg: 0.3417
2025/07/24 14:42:18 - mmengine - INFO - Iter(train) [   116/160000]  base_lr: 4.6031e-06 lr: 4.6031e-06  eta: 11 days, 5:16:49  time: 6.0433  data_time: 0.0225  memory: 6313  loss: 3.6071  decode.loss_ce: 3.6071  decode.acc_seg: 0.9240
2025/07/24 14:42:24 - mmengine - INFO - Iter(train) [   117/160000]  base_lr: 4.6432e-06 lr: 4.6432e-06  eta: 11 days, 5:13:47  time: 6.0611  data_time: 0.0224  memory: 6313  loss: 3.6516  decode.loss_ce: 3.6516  decode.acc_seg: 0.2965
2025/07/24 14:42:30 - mmengine - INFO - Iter(train) [   118/160000]  base_lr: 4.6832e-06 lr: 4.6832e-06  eta: 11 days, 5:10:28  time: 6.0849  data_time: 0.0222  memory: 6313  loss: 3.6840  decode.loss_ce: 3.6840  decode.acc_seg: 0.5659
2025/07/24 14:42:36 - mmengine - INFO - Iter(train) [   119/160000]  base_lr: 4.7232e-06 lr: 4.7232e-06  eta: 11 days, 5:17:13  time: 6.1570  data_time: 0.0222  memory: 6313  loss: 3.6797  decode.loss_ce: 3.6797  decode.acc_seg: 8.1515
2025/07/24 14:42:43 - mmengine - INFO - Iter(train) [   120/160000]  base_lr: 4.7632e-06 lr: 4.7632e-06  eta: 11 days, 5:18:23  time: 6.1977  data_time: 0.0223  memory: 6313  loss: 3.8127  decode.loss_ce: 3.8127  decode.acc_seg: 0.0000
2025/07/24 14:42:48 - mmengine - INFO - Iter(train) [   121/160000]  base_lr: 4.8033e-06 lr: 4.8033e-06  eta: 11 days, 5:14:21  time: 6.1561  data_time: 0.0220  memory: 6313  loss: 4.1739  decode.loss_ce: 4.1739  decode.acc_seg: 0.0546
2025/07/24 14:42:54 - mmengine - INFO - Iter(train) [   122/160000]  base_lr: 4.8433e-06 lr: 4.8433e-06  eta: 11 days, 5:10:57  time: 6.1066  data_time: 0.0221  memory: 6313  loss: 4.2239  decode.loss_ce: 4.2239  decode.acc_seg: 0.0730
2025/07/24 14:43:00 - mmengine - INFO - Iter(train) [   123/160000]  base_lr: 4.8833e-06 lr: 4.8833e-06  eta: 11 days, 5:03:59  time: 6.0282  data_time: 0.0234  memory: 6313  loss: 4.2913  decode.loss_ce: 4.2913  decode.acc_seg: 1.8001
2025/07/24 14:43:06 - mmengine - INFO - Iter(train) [   124/160000]  base_lr: 4.9233e-06 lr: 4.9233e-06  eta: 11 days, 4:56:30  time: 5.9643  data_time: 0.0227  memory: 6313  loss: 4.2761  decode.loss_ce: 4.2761  decode.acc_seg: 0.2850
2025/07/24 14:43:12 - mmengine - INFO - Iter(train) [   125/160000]  base_lr: 4.9634e-06 lr: 4.9634e-06  eta: 11 days, 4:48:57  time: 5.9241  data_time: 0.0227  memory: 6313  loss: 4.4178  decode.loss_ce: 4.4178  decode.acc_seg: 0.0698
2025/07/24 14:43:17 - mmengine - INFO - Iter(train) [   126/160000]  base_lr: 5.0034e-06 lr: 5.0034e-06  eta: 11 days, 4:41:00  time: 5.8986  data_time: 0.0227  memory: 6313  loss: 4.2939  decode.loss_ce: 4.2939  decode.acc_seg: 0.5569
2025/07/24 14:43:23 - mmengine - INFO - Iter(train) [   127/160000]  base_lr: 5.0434e-06 lr: 5.0434e-06  eta: 11 days, 4:32:52  time: 5.8719  data_time: 0.0227  memory: 6313  loss: 4.3554  decode.loss_ce: 4.3554  decode.acc_seg: 2.6614
2025/07/24 14:43:29 - mmengine - INFO - Iter(train) [   128/160000]  base_lr: 5.0834e-06 lr: 5.0834e-06  eta: 11 days, 4:24:47  time: 5.8464  data_time: 0.0228  memory: 6313  loss: 4.3574  decode.loss_ce: 4.3574  decode.acc_seg: 17.0075
2025/07/24 14:43:34 - mmengine - INFO - Iter(train) [   129/160000]  base_lr: 5.1235e-06 lr: 5.1235e-06  eta: 11 days, 4:22:37  time: 5.8040  data_time: 0.0228  memory: 6313  loss: 4.4380  decode.loss_ce: 4.4380  decode.acc_seg: 0.0084
2025/07/24 14:43:40 - mmengine - INFO - Iter(train) [   130/160000]  base_lr: 5.1635e-06 lr: 5.1635e-06  eta: 11 days, 4:18:43  time: 5.7778  data_time: 0.0223  memory: 6313  loss: 4.3691  decode.loss_ce: 4.3691  decode.acc_seg: 0.1714
2025/07/24 14:43:46 - mmengine - INFO - Iter(train) [   131/160000]  base_lr: 5.2035e-06 lr: 5.2035e-06  eta: 11 days, 4:13:54  time: 5.7703  data_time: 0.0230  memory: 6313  loss: 4.1063  decode.loss_ce: 4.1063  decode.acc_seg: 1.6329
2025/07/24 14:43:52 - mmengine - INFO - Iter(train) [   132/160000]  base_lr: 5.2436e-06 lr: 5.2436e-06  eta: 11 days, 4:06:31  time: 5.7470  data_time: 0.0235  memory: 6313  loss: 4.0839  decode.loss_ce: 4.0839  decode.acc_seg: 0.0221
2025/07/24 14:43:58 - mmengine - INFO - Iter(train) [   133/160000]  base_lr: 5.2836e-06 lr: 5.2836e-06  eta: 11 days, 3:59:42  time: 5.7429  data_time: 0.0227  memory: 6313  loss: 4.1047  decode.loss_ce: 4.1047  decode.acc_seg: 7.5771
2025/07/24 14:44:03 - mmengine - INFO - Iter(train) [   134/160000]  base_lr: 5.3236e-06 lr: 5.3236e-06  eta: 11 days, 3:55:01  time: 5.7518  data_time: 0.0229  memory: 6313  loss: 4.2906  decode.loss_ce: 4.2906  decode.acc_seg: 1.4824
2025/07/24 14:44:10 - mmengine - INFO - Iter(train) [   135/160000]  base_lr: 5.3636e-06 lr: 5.3636e-06  eta: 11 days, 4:11:48  time: 5.8700  data_time: 0.0229  memory: 6313  loss: 4.3060  decode.loss_ce: 4.3060  decode.acc_seg: 0.3984
2025/07/24 14:44:17 - mmengine - INFO - Iter(train) [   136/160000]  base_lr: 5.4037e-06 lr: 5.4037e-06  eta: 11 days, 4:25:26  time: 5.9758  data_time: 0.0234  memory: 6313  loss: 4.4212  decode.loss_ce: 4.4212  decode.acc_seg: 0.8055
2025/07/24 14:44:23 - mmengine - INFO - Iter(train) [   137/160000]  base_lr: 5.4437e-06 lr: 5.4437e-06  eta: 11 days, 4:30:59  time: 6.0427  data_time: 0.0236  memory: 6313  loss: 4.2744  decode.loss_ce: 4.2744  decode.acc_seg: 0.5545
2025/07/24 14:44:29 - mmengine - INFO - Iter(train) [   138/160000]  base_lr: 5.4837e-06 lr: 5.4837e-06  eta: 11 days, 4:29:22  time: 6.0731  data_time: 0.0237  memory: 6313  loss: 4.2743  decode.loss_ce: 4.2743  decode.acc_seg: 0.1911
2025/07/24 14:44:35 - mmengine - INFO - Iter(train) [   139/160000]  base_lr: 5.5237e-06 lr: 5.5237e-06  eta: 11 days, 4:24:40  time: 6.0593  data_time: 0.0234  memory: 6313  loss: 4.0303  decode.loss_ce: 4.0303  decode.acc_seg: 4.6943
2025/07/24 14:44:41 - mmengine - INFO - Iter(train) [   140/160000]  base_lr: 5.5638e-06 lr: 5.5638e-06  eta: 11 days, 4:20:24  time: 6.0560  data_time: 0.0237  memory: 6313  loss: 3.8678  decode.loss_ce: 3.8678  decode.acc_seg: 0.0022
2025/07/24 14:44:47 - mmengine - INFO - Iter(train) [   141/160000]  base_lr: 5.6038e-06 lr: 5.6038e-06  eta: 11 days, 4:19:54  time: 6.0772  data_time: 0.0226  memory: 6313  loss: 4.0887  decode.loss_ce: 4.0887  decode.acc_seg: 0.0000
2025/07/24 14:44:54 - mmengine - INFO - Iter(train) [   142/160000]  base_lr: 5.6438e-06 lr: 5.6438e-06  eta: 11 days, 4:32:52  time: 6.1833  data_time: 0.0230  memory: 6313  loss: 4.0656  decode.loss_ce: 4.0656  decode.acc_seg: 0.5081
2025/07/24 14:45:00 - mmengine - INFO - Iter(train) [   143/160000]  base_lr: 5.6838e-06 lr: 5.6838e-06  eta: 11 days, 4:37:20  time: 6.2423  data_time: 0.0225  memory: 6313  loss: 4.0584  decode.loss_ce: 4.0584  decode.acc_seg: 8.6493
2025/07/24 14:45:06 - mmengine - INFO - Iter(train) [   144/160000]  base_lr: 5.7239e-06 lr: 5.7239e-06  eta: 11 days, 4:39:04  time: 6.2767  data_time: 0.0222  memory: 6313  loss: 3.9882  decode.loss_ce: 3.9882  decode.acc_seg: 0.1900
2025/07/24 14:45:12 - mmengine - INFO - Iter(train) [   145/160000]  base_lr: 5.7639e-06 lr: 5.7639e-06  eta: 11 days, 4:35:21  time: 6.1732  data_time: 0.0228  memory: 6313  loss: 4.0089  decode.loss_ce: 4.0089  decode.acc_seg: 2.3113
2025/07/24 14:45:18 - mmengine - INFO - Iter(train) [   146/160000]  base_lr: 5.8039e-06 lr: 5.8039e-06  eta: 11 days, 4:31:35  time: 6.0839  data_time: 0.0223  memory: 6313  loss: 3.9543  decode.loss_ce: 3.9543  decode.acc_seg: 11.3261
2025/07/24 14:45:24 - mmengine - INFO - Iter(train) [   147/160000]  base_lr: 5.8440e-06 lr: 5.8440e-06  eta: 11 days, 4:27:37  time: 6.0338  data_time: 0.0226  memory: 6313  loss: 3.9042  decode.loss_ce: 3.9042  decode.acc_seg: 0.0691
2025/07/24 14:45:29 - mmengine - INFO - Iter(train) [   148/160000]  base_lr: 5.8840e-06 lr: 5.8840e-06  eta: 11 days, 4:23:52  time: 6.0212  data_time: 0.0222  memory: 6313  loss: 3.8985  decode.loss_ce: 3.8985  decode.acc_seg: 1.3834
2025/07/24 14:45:35 - mmengine - INFO - Iter(train) [   149/160000]  base_lr: 5.9240e-06 lr: 5.9240e-06  eta: 11 days, 4:15:59  time: 6.0015  data_time: 0.0225  memory: 6313  loss: 4.1600  decode.loss_ce: 4.1600  decode.acc_seg: 0.9605
2025/07/24 14:45:41 - mmengine - INFO - Iter(train) [   150/160000]  base_lr: 5.9640e-06 lr: 5.9640e-06  eta: 11 days, 4:12:26  time: 6.0038  data_time: 0.0217  memory: 6313  loss: 4.3015  decode.loss_ce: 4.3015  decode.acc_seg: 0.0897
2025/07/24 14:45:47 - mmengine - INFO - Iter(train) [   151/160000]  base_lr: 6.0041e-06 lr: 6.0041e-06  eta: 11 days, 4:09:11  time: 5.9877  data_time: 0.0225  memory: 6313  loss: 4.3018  decode.loss_ce: 4.3018  decode.acc_seg: 1.6417
2025/07/24 14:45:53 - mmengine - INFO - Iter(train) [   152/160000]  base_lr: 6.0441e-06 lr: 6.0441e-06  eta: 11 days, 4:03:40  time: 5.8868  data_time: 0.0216  memory: 6313  loss: 4.3505  decode.loss_ce: 4.3505  decode.acc_seg: 2.0498
