--------------+------------------------------------------------
 Host IP      | 10.244.54.49
 PyTorch      | 2.4.0a0+git4451b0e
 Torch-SDAA   | 2.1.0
--------------+------------------------------------------------
 SDAA Driver  | 2.1.0 (N/A)
 SDAA Runtime | 2.1.0 (/opt/tecoai/lib64/libsdaart.so)
 SDPTI        | 1.4.0b0 (/opt/tecoai/lib64/libsdpti.so)
 TecoDNN      | 2.1.0 (/opt/tecoai/lib64/libtecodnn.so)
 TecoBLAS     | 2.1.0 (/opt/tecoai/lib64/libtecoblas.so)
 CustomDNN    | 1.20.0a0 (/opt/tecoai/lib64/libtecodnn_ext.so)
 TecoRAND     | 2.0.1 (/opt/tecoai/lib64/libtecorand.so)
 TCCL         | 1.23.0 (/opt/tecoai/lib64/libtccl.so)
--------------+------------------------------------------------
Traceback (most recent call last):
  File "/root/miniconda3/envs/flag/lib/python3.10/site-packages/transformers/configuration_utils.py", line 716, in _get_config_dict
    config_dict = cls._dict_from_json_file(resolved_config_file)
  File "/root/miniconda3/envs/flag/lib/python3.10/site-packages/transformers/configuration_utils.py", line 815, in _dict_from_json_file
    return json.loads(text)
  File "/root/miniconda3/envs/flag/lib/python3.10/json/__init__.py", line 346, in loads
    return _default_decoder.decode(s)
  File "/root/miniconda3/envs/flag/lib/python3.10/json/decoder.py", line 337, in decode
    obj, end = self.raw_decode(s, idx=_w(s, 0).end())
  File "/root/miniconda3/envs/flag/lib/python3.10/json/decoder.py", line 355, in raw_decode
    raise JSONDecodeError("Expecting value", s, err.value) from None
json.decoder.JSONDecodeError: Expecting value: line 1 column 1 (char 0)

During handling of the above exception, another exception occurred:

Traceback (most recent call last):
  File "/data/bigc-data/zh/FlagEmbedding/train_bge_m3.py", line 180, in <module>
    main()
  File "/data/bigc-data/zh/FlagEmbedding/train_bge_m3.py", line 109, in main
    tokenizer = AutoTokenizer.from_pretrained(args.model_dir, local_files_only=True)
  File "/root/miniconda3/envs/flag/lib/python3.10/site-packages/transformers/models/auto/tokenization_auto.py", line 819, in from_pretrained
    config = AutoConfig.from_pretrained(
  File "/root/miniconda3/envs/flag/lib/python3.10/site-packages/transformers/models/auto/configuration_auto.py", line 928, in from_pretrained
    config_dict, unused_kwargs = PretrainedConfig.get_config_dict(pretrained_model_name_or_path, **kwargs)
  File "/root/miniconda3/envs/flag/lib/python3.10/site-packages/transformers/configuration_utils.py", line 631, in get_config_dict
    config_dict, kwargs = cls._get_config_dict(pretrained_model_name_or_path, **kwargs)
  File "/root/miniconda3/envs/flag/lib/python3.10/site-packages/transformers/configuration_utils.py", line 719, in _get_config_dict
    raise EnvironmentError(
OSError: It looks like the config file at 'models/bge-m3/config.json' is not a valid JSON file.
