Training with a single process on 1 device (cuda).
Model fastvit_ma36 created, param count:44068004
Data processing configuration for current model + dataset:
	input_size: (3, 256, 256)
	interpolation: bicubic
	mean: (0.485, 0.456, 0.406)
	std: (0.229, 0.224, 0.225)
	crop_pct: 0.95
	crop_mode: center
Created SGD (sgd) optimizer: lr: 0.4, momentum: 0.9, dampening: 0, weight_decay: 2e-05, nesterov: True, maximize: False, foreach: None, differentiable: False, fused: None
Using native Torch AMP. Training in mixed precision.
Scheduled epochs: 1 (epochs + cooldown_epochs). Warmup within epochs when warmup_prefix=False. LR stepped per epoch.
TCAPPDLL 2025-11-28 13:05:08.595902 - Epoch: 0 Iteration: 0  rank : 0  train.loss : 6.913105010986328  train.ips : 70566.62881177707 imgs/s train.total_time : 0.00022673606872558594
TCAPPDLL 2025-11-28 13:05:08.742120 - Epoch: 0 Iteration: 1  rank : 0  train.loss : 6.90440034866333  train.ips : 74814.78706800446 imgs/s train.total_time : 0.00021386146545410156
TCAPPDLL 2025-11-28 13:05:08.866293 - Epoch: 0 Iteration: 2  rank : 0  train.loss : 6.89290714263916  train.ips : 63731.11490978158 imgs/s train.total_time : 0.0002510547637939453
TCAPPDLL 2025-11-28 13:05:08.965730 - Epoch: 0 Iteration: 3  rank : 0  train.loss : 6.894227504730225  train.ips : 109834.47463175123 imgs/s train.total_time : 0.0001456737518310547
TCAPPDLL 2025-11-28 13:05:09.064583 - Epoch: 0 Iteration: 4  rank : 0  train.loss : 6.947063446044922  train.ips : 65664.25048923679 imgs/s train.total_time : 0.00024366378784179688
TCAPPDLL 2025-11-28 13:05:09.157825 - Epoch: 0 Iteration: 5  rank : 0  train.loss : 6.897465705871582  train.ips : 67581.93756294058 imgs/s train.total_time : 0.00023674964904785156
TCAPPDLL 2025-11-28 13:05:09.257008 - Epoch: 0 Iteration: 6  rank : 0  train.loss : 6.907140731811523  train.ips : 42339.97728706625 imgs/s train.total_time : 0.00037789344787597656
TCAPPDLL 2025-11-28 13:05:09.365402 - Epoch: 0 Iteration: 7  rank : 0  train.loss : 6.892651557922363  train.ips : 58867.42456140351 imgs/s train.total_time : 0.00027179718017578125
TCAPPDLL 2025-11-28 13:05:09.461748 - Epoch: 0 Iteration: 8  rank : 0  train.loss : 6.940593719482422  train.ips : 70640.90947368421 imgs/s train.total_time : 0.00022649765014648438
TCAPPDLL 2025-11-28 13:05:09.731210 - Epoch: 0 Iteration: 9  rank : 0  train.loss : 6.925621509552002  train.ips : 62022.97966728281 imgs/s train.total_time : 0.0002579689025878906
TCAPPDLL 2025-11-28 13:05:09.946151 - Epoch: 0 Iteration: 10  rank : 0  train.loss : 6.894321441650391  train.ips : 57162.57580919932 imgs/s train.total_time : 0.0002799034118652344
TCAPPDLL 2025-11-28 13:05:10.132486 - Epoch: 0 Iteration: 11  rank : 0  train.loss : 6.890649795532227  train.ips : 98256.0234260615 imgs/s train.total_time : 0.0001628398895263672
TCAPPDLL 2025-11-28 13:05:10.230863 - Epoch: 0 Iteration: 12  rank : 0  train.loss : 6.908308982849121  train.ips : 73183.05779716467 imgs/s train.total_time : 0.0002186298370361328
TCAPPDLL 2025-11-28 13:05:11.053513 - Epoch: 0 Iteration: 13  rank : 0  train.loss : 6.899128437042236  train.ips : 66908.13958125623 imgs/s train.total_time : 0.0002391338348388672
TCAPPDLL 2025-11-28 13:05:11.391899 - Epoch: 0 Iteration: 14  rank : 0  train.loss : 6.918672561645508  train.ips : 70640.90947368421 imgs/s train.total_time : 0.00022649765014648438
TCAPPDLL 2025-11-28 13:05:11.528562 - Epoch: 0 Iteration: 15  rank : 0  train.loss : 6.946642875671387  train.ips : 68618.47034764827 imgs/s train.total_time : 0.00023317337036132812
TCAPPDLL 2025-11-28 13:05:11.646025 - Epoch: 0 Iteration: 16  rank : 0  train.loss : 6.9218549728393555  train.ips : 53388.11774065235 imgs/s train.total_time : 0.00029969215393066406
TCAPPDLL 2025-11-28 13:05:12.639744 - Epoch: 0 Iteration: 17  rank : 0  train.loss : 6.950502395629883  train.ips : 48664.87599709935 imgs/s train.total_time : 0.0003287792205810547
TCAPPDLL 2025-11-28 13:05:12.742505 - Epoch: 0 Iteration: 18  rank : 0  train.loss : 6.916829586029053  train.ips : 72315.58620689655 imgs/s train.total_time : 0.00022125244140625
TCAPPDLL 2025-11-28 13:05:13.170891 - Epoch: 0 Iteration: 19  rank : 0  train.loss : 6.853950023651123  train.ips : 42233.39458779107 imgs/s train.total_time : 0.0003788471221923828
TCAPPDLL 2025-11-28 13:05:13.266660 - Epoch: 0 Iteration: 20  rank : 0  train.loss : 6.904664039611816  train.ips : 59440.97785651019 imgs/s train.total_time : 0.00026917457580566406
TCAPPDLL 2025-11-28 13:05:13.783104 - Epoch: 0 Iteration: 21  rank : 0  train.loss : 6.913286209106445  train.ips : 69615.0041493776 imgs/s train.total_time : 0.00022983551025390625
TCAPPDLL 2025-11-28 13:05:13.881964 - Epoch: 0 Iteration: 22  rank : 0  train.loss : 6.935716152191162  train.ips : 56064.21386800334 imgs/s train.total_time : 0.0002853870391845703
TCAPPDLL 2025-11-28 13:05:14.188792 - Epoch: 0 Iteration: 23  rank : 0  train.loss : 6.863569259643555  train.ips : 66117.10738916256 imgs/s train.total_time : 0.00024199485778808594
TCAPPDLL 2025-11-28 13:05:14.288667 - Epoch: 0 Iteration: 24  rank : 0  train.loss : 6.959210395812988  train.ips : 71620.98612593384 imgs/s train.total_time : 0.00022339820861816406
TCAPPDLL 2025-11-28 13:05:15.018678 - Epoch: 0 Iteration: 25  rank : 0  train.loss : 6.895834922790527  train.ips : 49563.41506646972 imgs/s train.total_time : 0.0003228187561035156
TCAPPDLL 2025-11-28 13:05:15.126196 - Epoch: 0 Iteration: 26  rank : 0  train.loss : 6.897012710571289  train.ips : 61624.30119375574 imgs/s train.total_time : 0.00025963783264160156
TCAPPDLL 2025-11-28 13:05:15.226497 - Epoch: 0 Iteration: 27  rank : 0  train.loss : 6.948587417602539  train.ips : 67310.7963891675 imgs/s train.total_time : 0.0002377033233642578
TCAPPDLL 2025-11-28 13:05:15.330515 - Epoch: 0 Iteration: 28  rank : 0  train.loss : 6.953493595123291  train.ips : 72707.32827735644 imgs/s train.total_time : 0.0002200603485107422
TCAPPDLL 2025-11-28 13:05:16.147843 - Epoch: 0 Iteration: 29  rank : 0  train.loss : 6.884719371795654  train.ips : 58815.831726555654 imgs/s train.total_time : 0.0002720355987548828
TCAPPDLL 2025-11-28 13:05:16.249400 - Epoch: 0 Iteration: 30  rank : 0  train.loss : 6.927453994750977  train.ips : 70566.62881177707 imgs/s train.total_time : 0.00022673606872558594
TCAPPDLL 2025-11-28 13:05:16.344692 - Epoch: 0 Iteration: 31  rank : 0  train.loss : 6.864574432373047  train.ips : 75065.84340044743 imgs/s train.total_time : 0.00021314620971679688
TCAPPDLL 2025-11-28 13:05:16.438787 - Epoch: 0 Iteration: 32  rank : 0  train.loss : 6.9124064445495605  train.ips : 76433.78587699316 imgs/s train.total_time : 0.00020933151245117188
TCAPPDLL 2025-11-28 13:05:16.934506 - Epoch: 0 Iteration: 33  rank : 0  train.loss : 6.896905422210693  train.ips : 64839.48212560386 imgs/s train.total_time : 0.0002467632293701172
TCAPPDLL 2025-11-28 13:05:17.031398 - Epoch: 0 Iteration: 34  rank : 0  train.loss : 6.919669151306152  train.ips : 61851.48755760369 imgs/s train.total_time : 0.0002586841583251953
TCAPPDLL 2025-11-28 13:05:17.129014 - Epoch: 0 Iteration: 35  rank : 0  train.loss : 6.911179542541504  train.ips : 67041.82217782218 imgs/s train.total_time : 0.00023865699768066406
TCAPPDLL 2025-11-28 13:05:17.225092 - Epoch: 0 Iteration: 36  rank : 0  train.loss : 6.93265438079834  train.ips : 63131.5747883349 imgs/s train.total_time : 0.00025343894958496094
TCAPPDLL 2025-11-28 13:05:17.944468 - Epoch: 0 Iteration: 37  rank : 0  train.loss : 6.9339070320129395  train.ips : 65987.08357915438 imgs/s train.total_time : 0.00024247169494628906
TCAPPDLL 2025-11-28 13:05:18.042181 - Epoch: 0 Iteration: 38  rank : 0  train.loss : 6.912872314453125  train.ips : 67446.09447236182 imgs/s train.total_time : 0.0002372264862060547
TCAPPDLL 2025-11-28 13:05:18.163658 - Epoch: 0 Iteration: 39  rank : 0  train.loss : 6.900115966796875  train.ips : 66182.31163708087 imgs/s train.total_time : 0.00024175643920898438
TCAPPDLL 2025-11-28 13:05:18.263488 - Epoch: 0 Iteration: 40  rank : 0  train.loss : 6.921880722045898  train.ips : 62836.01498127341 imgs/s train.total_time : 0.00025463104248046875
TCAPPDLL 2025-11-28 13:05:18.997639 - Epoch: 0 Iteration: 41  rank : 0  train.loss : 6.92742395401001  train.ips : 65536.0 imgs/s train.total_time : 0.000244140625
TCAPPDLL 2025-11-28 13:05:19.099408 - Epoch: 0 Iteration: 42  rank : 0  train.loss : 6.96077823638916  train.ips : 72944.41739130435 imgs/s train.total_time : 0.0002193450927734375
TCAPPDLL 2025-11-28 13:05:19.195432 - Epoch: 0 Iteration: 43  rank : 0  train.loss : 6.82716178894043  train.ips : 71392.4085106383 imgs/s train.total_time : 0.00022411346435546875
TCAPPDLL 2025-11-28 13:05:19.292570 - Epoch: 0 Iteration: 44  rank : 0  train.loss : 6.92404842376709  train.ips : 50686.45317220544 imgs/s train.total_time : 0.00031566619873046875
TCAPPDLL 2025-11-28 13:05:19.998656 - Epoch: 0 Iteration: 45  rank : 0  train.loss : 6.94509744644165  train.ips : 63670.64895635674 imgs/s train.total_time : 0.0002512931823730469
TCAPPDLL 2025-11-28 13:05:20.097015 - Epoch: 0 Iteration: 46  rank : 0  train.loss : 6.842191696166992  train.ips : 64839.48212560386 imgs/s train.total_time : 0.0002467632293701172
TCAPPDLL 2025-11-28 13:05:20.196248 - Epoch: 0 Iteration: 47  rank : 0  train.loss : 6.913374900817871  train.ips : 74898.28571428571 imgs/s train.total_time : 0.000213623046875
TCAPPDLL 2025-11-28 13:05:20.300748 - Epoch: 0 Iteration: 48  rank : 0  train.loss : 6.942312717437744  train.ips : 64403.90019193858 imgs/s train.total_time : 0.0002484321594238281
TCAPPDLL 2025-11-28 13:05:21.055962 - Epoch: 0 Iteration: 49  rank : 0  train.loss : 6.899377822875977  train.ips : 36893.27322704783 imgs/s train.total_time : 0.0004336833953857422
TCAPPDLL 2025-11-28 13:05:21.160621 - Epoch: 0 Iteration: 50  rank : 0  train.loss : 6.906938076019287  train.ips : 59599.34635879219 imgs/s train.total_time : 0.0002684593200683594
TCAPPDLL 2025-11-28 13:05:21.260597 - Epoch: 0 Iteration: 51  rank : 0  train.loss : 6.8951005935668945  train.ips : 58970.88224956063 imgs/s train.total_time : 0.0002713203430175781
TCAPPDLL 2025-11-28 13:05:21.359607 - Epoch: 0 Iteration: 52  rank : 0  train.loss : 6.963244915008545  train.ips : 61567.76513761468 imgs/s train.total_time : 0.0002598762512207031
TCAPPDLL 2025-11-28 13:05:21.871555 - Epoch: 0 Iteration: 53  rank : 0  train.loss : 6.8924760818481445  train.ips : 57703.23645743766 imgs/s train.total_time : 0.0002772808074951172
TCAPPDLL 2025-11-28 13:05:21.970140 - Epoch: 0 Iteration: 54  rank : 0  train.loss : 6.945448875427246  train.ips : 62253.12059369202 imgs/s train.total_time : 0.0002570152282714844
TCAPPDLL 2025-11-28 13:05:22.070819 - Epoch: 0 Iteration: 55  rank : 0  train.loss : 6.88873815536499  train.ips : 53008.581358609794 imgs/s train.total_time : 0.0003018379211425781
TCAPPDLL 2025-11-28 13:05:22.171482 - Epoch: 0 Iteration: 56  rank : 0  train.loss : 6.9203643798828125  train.ips : 55416.07266721717 imgs/s train.total_time : 0.0002887248992919922
TCAPPDLL 2025-11-28 13:05:22.807178 - Epoch: 0 Iteration: 57  rank : 0  train.loss : 6.916474342346191  train.ips : 58406.32201914708 imgs/s train.total_time : 0.0002739429473876953
TCAPPDLL 2025-11-28 13:05:22.913329 - Epoch: 0 Iteration: 58  rank : 0  train.loss : 6.921648025512695  train.ips : 55692.00331950207 imgs/s train.total_time : 0.0002872943878173828
TCAPPDLL 2025-11-28 13:05:23.012402 - Epoch: 0 Iteration: 59  rank : 0  train.loss : 6.894500255584717  train.ips : 68548.379979571 imgs/s train.total_time : 0.0002334117889404297
TCAPPDLL 2025-11-28 13:05:23.115436 - Epoch: 0 Iteration: 60  rank : 0  train.loss : 6.899157524108887  train.ips : 38043.573696145126 imgs/s train.total_time : 0.00042057037353515625
TCAPPDLL 2025-11-28 13:05:23.923942 - Epoch: 0 Iteration: 61  rank : 0  train.loss : 6.897279739379883  train.ips : 62253.12059369202 imgs/s train.total_time : 0.0002570152282714844
TCAPPDLL 2025-11-28 13:05:24.034640 - Epoch: 0 Iteration: 62  rank : 0  train.loss : 6.893418312072754  train.ips : 53134.49247822644 imgs/s train.total_time : 0.00030112266540527344
TCAPPDLL 2025-11-28 13:05:24.138653 - Epoch: 0 Iteration: 63  rank : 0  train.loss : 6.9702911376953125  train.ips : 63974.13155386082 imgs/s train.total_time : 0.00025010108947753906
TCAPPDLL 2025-11-28 13:05:24.238695 - Epoch: 0 Iteration: 64  rank : 0  train.loss : 6.92051887512207  train.ips : 61398.77767612077 imgs/s train.total_time : 0.0002605915069580078
TCAPPDLL 2025-11-28 13:05:24.821178 - Epoch: 0 Iteration: 65  rank : 0  train.loss : 6.9088239669799805  train.ips : 58457.19860627178 imgs/s train.total_time : 0.00027370452880859375
TCAPPDLL 2025-11-28 13:05:24.924086 - Epoch: 0 Iteration: 66  rank : 0  train.loss : 6.935809135437012  train.ips : 66708.61232604373 imgs/s train.total_time : 0.00023984909057617188
TCAPPDLL 2025-11-28 13:05:25.023606 - Epoch: 0 Iteration: 67  rank : 0  train.loss : 6.885674476623535  train.ips : 61851.48755760369 imgs/s train.total_time : 0.0002586841583251953
TCAPPDLL 2025-11-28 13:05:25.127957 - Epoch: 0 Iteration: 68  rank : 0  train.loss : 6.88901948928833  train.ips : 72005.21888412017 imgs/s train.total_time : 0.00022220611572265625
TCAPPDLL 2025-11-28 13:05:25.816141 - Epoch: 0 Iteration: 69  rank : 0  train.loss : 6.8909783363342285  train.ips : 65408.24951267056 imgs/s train.total_time : 0.0002446174621582031
TCAPPDLL 2025-11-28 13:05:25.917757 - Epoch: 0 Iteration: 70  rank : 0  train.loss : 6.962919235229492  train.ips : 66708.61232604373 imgs/s train.total_time : 0.00023984909057617188
TCAPPDLL 2025-11-28 13:05:26.018371 - Epoch: 0 Iteration: 71  rank : 0  train.loss : 6.9155964851379395  train.ips : 65536.0 imgs/s train.total_time : 0.000244140625
TCAPPDLL 2025-11-28 13:05:26.120045 - Epoch: 0 Iteration: 72  rank : 0  train.loss : 6.857499599456787  train.ips : 57016.876805437554 imgs/s train.total_time : 0.00028061866760253906
TCAPPDLL 2025-11-28 13:05:26.775952 - Epoch: 0 Iteration: 73  rank : 0  train.loss : 6.924407005310059  train.ips : 53345.67885532592 imgs/s train.total_time : 0.0002999305725097656
TCAPPDLL 2025-11-28 13:05:26.889834 - Epoch: 0 Iteration: 74  rank : 0  train.loss : 6.907236099243164  train.ips : 54604.445890968265 imgs/s train.total_time : 0.0002930164337158203
TCAPPDLL 2025-11-28 13:05:26.986139 - Epoch: 0 Iteration: 75  rank : 0  train.loss : 6.930171966552734  train.ips : 52841.62519685039 imgs/s train.total_time : 0.0003027915954589844
TCAPPDLL 2025-11-28 13:05:27.082932 - Epoch: 0 Iteration: 76  rank : 0  train.loss : 6.97763204574585  train.ips : 65472.06243902439 imgs/s train.total_time : 0.00024437904357910156
TCAPPDLL 2025-11-28 13:05:27.637060 - Epoch: 0 Iteration: 77  rank : 0  train.loss : 6.882308006286621  train.ips : 49857.997028231795 imgs/s train.total_time : 0.0003209114074707031
TCAPPDLL 2025-11-28 13:05:27.743124 - Epoch: 0 Iteration: 78  rank : 0  train.loss : 6.934022903442383  train.ips : 49092.07315288954 imgs/s train.total_time : 0.00032591819763183594
TCAPPDLL 2025-11-28 13:05:27.855247 - Epoch: 0 Iteration: 79  rank : 0  train.loss : 6.930379867553711  train.ips : 37829.12288613303 imgs/s train.total_time : 0.0004229545593261719
TCAPPDLL 2025-11-28 13:05:27.958604 - Epoch: 0 Iteration: 80  rank : 0  train.loss : 6.863598823547363  train.ips : 61511.332722273146 imgs/s train.total_time : 0.0002601146697998047
TCAPPDLL 2025-11-28 13:05:28.340959 - Epoch: 0 Iteration: 81  rank : 0  train.loss : 6.92735481262207  train.ips : 57802.6391042205 imgs/s train.total_time : 0.00027680397033691406
TCAPPDLL 2025-11-28 13:05:28.442154 - Epoch: 0 Iteration: 82  rank : 0  train.loss : 6.865184783935547  train.ips : 45313.20999324781 imgs/s train.total_time : 0.00035309791564941406
TCAPPDLL 2025-11-28 13:05:28.548570 - Epoch: 0 Iteration: 83  rank : 0  train.loss : 6.898434638977051  train.ips : 56299.38255033557 imgs/s train.total_time : 0.0002841949462890625
TCAPPDLL 2025-11-28 13:05:28.650091 - Epoch: 0 Iteration: 84  rank : 0  train.loss : 6.914971828460693  train.ips : 55370.3498349835 imgs/s train.total_time : 0.00028896331787109375
TCAPPDLL 2025-11-28 13:05:29.113666 - Epoch: 0 Iteration: 85  rank : 0  train.loss : 6.933732509613037  train.ips : 49895.06617100372 imgs/s train.total_time : 0.00032067298889160156
TCAPPDLL 2025-11-28 13:05:29.211114 - Epoch: 0 Iteration: 86  rank : 0  train.loss : 6.934268951416016  train.ips : 66841.49800796813 imgs/s train.total_time : 0.00023937225341796875
TCAPPDLL 2025-11-28 13:05:29.332650 - Epoch: 0 Iteration: 87  rank : 0  train.loss : 6.9173102378845215  train.ips : 42021.83093299937 imgs/s train.total_time : 0.0003807544708251953
TCAPPDLL 2025-11-28 13:05:29.434835 - Epoch: 0 Iteration: 88  rank : 0  train.loss : 6.9004716873168945  train.ips : 56871.918644067795 imgs/s train.total_time : 0.00028133392333984375
TCAPPDLL 2025-11-28 13:05:29.981500 - Epoch: 0 Iteration: 89  rank : 0  train.loss : 6.891732215881348  train.ips : 53816.250200481154 imgs/s train.total_time : 0.00029730796813964844
TCAPPDLL 2025-11-28 13:05:30.082778 - Epoch: 0 Iteration: 90  rank : 0  train.loss : 6.935016632080078  train.ips : 63852.3920076118 imgs/s train.total_time : 0.0002505779266357422
TCAPPDLL 2025-11-28 13:05:30.356952 - Epoch: 0 Iteration: 91  rank : 0  train.loss : 6.89654016494751  train.ips : 59546.46317657498 imgs/s train.total_time : 0.00026869773864746094
TCAPPDLL 2025-11-28 13:05:30.462422 - Epoch: 0 Iteration: 92  rank : 0  train.loss : 6.90476655960083  train.ips : 45160.742934051144 imgs/s train.total_time : 0.0003542900085449219
TCAPPDLL 2025-11-28 13:05:31.055363 - Epoch: 0 Iteration: 93  rank : 0  train.loss : 6.927001476287842  train.ips : 55142.86277732128 imgs/s train.total_time : 0.00029015541076660156
TCAPPDLL 2025-11-28 13:05:31.168794 - Epoch: 0 Iteration: 94  rank : 0  train.loss : 6.915761947631836  train.ips : 62253.12059369202 imgs/s train.total_time : 0.0002570152282714844
TCAPPDLL 2025-11-28 13:05:31.272433 - Epoch: 0 Iteration: 95  rank : 0  train.loss : 6.930081367492676  train.ips : 66974.91417165668 imgs/s train.total_time : 0.00023889541625976562
TCAPPDLL 2025-11-28 13:05:31.376872 - Epoch: 0 Iteration: 96  rank : 0  train.loss : 6.92460823059082  train.ips : 66774.98905472636 imgs/s train.total_time : 0.0002396106719970703
TCAPPDLL 2025-11-28 13:05:32.158887 - Epoch: 0 Iteration: 97  rank : 0  train.loss : 6.958437919616699  train.ips : 58559.21815008726 imgs/s train.total_time : 0.0002732276916503906
TCAPPDLL 2025-11-28 13:05:32.270150 - Epoch: 0 Iteration: 98  rank : 0  train.loss : 6.915396690368652  train.ips : 50081.24179104478 imgs/s train.total_time : 0.00031948089599609375
TCAPPDLL 2025-11-28 13:05:32.377447 - Epoch: 0 Iteration: 99  rank : 0  train.loss : 6.925592422485352  train.ips : 62894.9053420806 imgs/s train.total_time : 0.0002543926239013672
TCAPPDLL 2025-11-28 13:05:32.491971 - Epoch: 0 Iteration: 100  rank : 0  train.loss : 6.9193902015686035  train.ips : 31865.55745489079 imgs/s train.total_time : 0.0005021095275878906
TCAPPDLL 2025-11-28 13:05:33.118309 - Epoch: 0 Iteration: 101  rank : 0  train.loss : 6.938595771789551  train.ips : 55007.26557377049 imgs/s train.total_time : 0.00029087066650390625
TCAPPDLL 2025-11-28 13:05:33.330431 - Epoch: 0 Iteration: 102  rank : 0  train.loss : 6.927624225616455  train.ips : 64902.189555125726 imgs/s train.total_time : 0.0002465248107910156
TCAPPDLL 2025-11-28 13:05:33.643205 - Epoch: 0 Iteration: 103  rank : 0  train.loss : 6.9035162925720215  train.ips : 65217.55490767735 imgs/s train.total_time : 0.0002453327178955078
TCAPPDLL 2025-11-28 13:05:33.750256 - Epoch: 0 Iteration: 104  rank : 0  train.loss : 6.905158042907715  train.ips : 65922.26326129666 imgs/s train.total_time : 0.00024271011352539062
TCAPPDLL 2025-11-28 13:05:34.059451 - Epoch: 0 Iteration: 105  rank : 0  train.loss : 6.92339563369751  train.ips : 56968.475382003395 imgs/s train.total_time : 0.0002808570861816406
TCAPPDLL 2025-11-28 13:05:34.449510 - Epoch: 0 Iteration: 106  rank : 0  train.loss : 6.872881889343262  train.ips : 17291.64236021644 imgs/s train.total_time : 0.0009253025054931641
TCAPPDLL 2025-11-28 13:05:34.831433 - Epoch: 0 Iteration: 107  rank : 0  train.loss : 6.94920539855957  train.ips : 69255.79360165118 imgs/s train.total_time : 0.00023102760314941406
TCAPPDLL 2025-11-28 13:05:34.932486 - Epoch: 0 Iteration: 108  rank : 0  train.loss : 6.9398016929626465  train.ips : 66117.10738916256 imgs/s train.total_time : 0.00024199485778808594
TCAPPDLL 2025-11-28 13:05:35.039336 - Epoch: 0 Iteration: 109  rank : 0  train.loss : 6.911895275115967  train.ips : 58919.10798946444 imgs/s train.total_time : 0.0002715587615966797
TCAPPDLL 2025-11-28 13:05:35.588351 - Epoch: 0 Iteration: 110  rank : 0  train.loss : 6.917886734008789  train.ips : 53730.07526020816 imgs/s train.total_time : 0.00029778480529785156
TCAPPDLL 2025-11-28 13:05:36.653478 - Epoch: 0 Iteration: 111  rank : 0  train.loss : 6.861505508422852  train.ips : 45100.04301075269 imgs/s train.total_time : 0.000354766845703125
TCAPPDLL 2025-11-28 13:05:36.762253 - Epoch: 0 Iteration: 112  rank : 0  train.loss : 6.935957908630371  train.ips : 60732.003619909505 imgs/s train.total_time : 0.00026345252990722656
TCAPPDLL 2025-11-28 13:05:36.861675 - Epoch: 0 Iteration: 113  rank : 0  train.loss : 6.948569297790527  train.ips : 69905.06666666667 imgs/s train.total_time : 0.0002288818359375
TCAPPDLL 2025-11-28 13:05:36.969721 - Epoch: 0 Iteration: 114  rank : 0  train.loss : 6.893488883972168  train.ips : 48770.976744186046 imgs/s train.total_time : 0.00032806396484375
TCAPPDLL 2025-11-28 13:05:37.408059 - Epoch: 0 Iteration: 115  rank : 0  train.loss : 6.9195380210876465  train.ips : 60349.69784172662 imgs/s train.total_time : 0.0002651214599609375
TCAPPDLL 2025-11-28 13:05:37.507663 - Epoch: 0 Iteration: 116  rank : 0  train.loss : 6.906836986541748  train.ips : 60622.28003613369 imgs/s train.total_time : 0.0002639293670654297
TCAPPDLL 2025-11-28 13:05:37.615284 - Epoch: 0 Iteration: 117  rank : 0  train.loss : 6.881922721862793  train.ips : 48454.053429602885 imgs/s train.total_time : 0.00033020973205566406
TCAPPDLL 2025-11-28 13:05:37.718638 - Epoch: 0 Iteration: 118  rank : 0  train.loss : 6.932956695556641  train.ips : 49417.42562592047 imgs/s train.total_time : 0.0003237724304199219
TCAPPDLL 2025-11-28 13:05:38.612464 - Epoch: 0 Iteration: 119  rank : 0  train.loss : 6.887905120849609  train.ips : 58610.3615720524 imgs/s train.total_time : 0.00027298927307128906
TCAPPDLL 2025-11-28 13:05:38.710288 - Epoch: 0 Iteration: 120  rank : 0  train.loss : 6.919900417327881  train.ips : 72944.41739130435 imgs/s train.total_time : 0.0002193450927734375
TCAPPDLL 2025-11-28 13:05:38.808975 - Epoch: 0 Iteration: 121  rank : 0  train.loss : 6.970753192901611  train.ips : 66708.61232604373 imgs/s train.total_time : 0.00023984909057617188
TCAPPDLL 2025-11-28 13:05:38.911161 - Epoch: 0 Iteration: 122  rank : 0  train.loss : 6.947920322418213  train.ips : 57554.77186963979 imgs/s train.total_time : 0.0002779960632324219
TCAPPDLL 2025-11-28 13:05:39.518325 - Epoch: 0 Iteration: 123  rank : 0  train.loss : 6.933457374572754  train.ips : 41916.84197376639 imgs/s train.total_time : 0.00038170814514160156
TCAPPDLL 2025-11-28 13:05:39.625286 - Epoch: 0 Iteration: 124  rank : 0  train.loss : 6.902029991149902  train.ips : 54251.30476960388 imgs/s train.total_time : 0.0002949237823486328
TCAPPDLL 2025-11-28 13:05:39.732501 - Epoch: 0 Iteration: 125  rank : 0  train.loss : 6.97900915145874  train.ips : 98256.0234260615 imgs/s train.total_time : 0.0001628398895263672
TCAPPDLL 2025-11-28 13:05:39.835100 - Epoch: 0 Iteration: 126  rank : 0  train.loss : 6.88594388961792  train.ips : 74153.4408839779 imgs/s train.total_time : 0.00021576881408691406
TCAPPDLL 2025-11-28 13:05:40.264381 - Epoch: 0 Iteration: 127  rank : 0  train.loss : 6.873922348022461  train.ips : 63013.017840375585 imgs/s train.total_time : 0.00025391578674316406
TCAPPDLL 2025-11-28 13:05:40.365045 - Epoch: 0 Iteration: 128  rank : 0  train.loss : 6.9564056396484375  train.ips : 64035.17557251908 imgs/s train.total_time : 0.0002498626708984375
TCAPPDLL 2025-11-28 13:05:40.628408 - Epoch: 0 Iteration: 129  rank : 0  train.loss : 6.941497802734375  train.ips : 64280.52107279693 imgs/s train.total_time : 0.00024890899658203125
TCAPPDLL 2025-11-28 13:05:40.729120 - Epoch: 0 Iteration: 130  rank : 0  train.loss : 6.9269890785217285  train.ips : 71774.18609625669 imgs/s train.total_time : 0.00022292137145996094
TCAPPDLL 2025-11-28 13:05:41.241875 - Epoch: 0 Iteration: 131  rank : 0  train.loss : 6.893906593322754  train.ips : 60025.817531305904 imgs/s train.total_time : 0.0002665519714355469
TCAPPDLL 2025-11-28 13:05:41.351336 - Epoch: 0 Iteration: 132  rank : 0  train.loss : 6.903933525085449  train.ips : 68548.379979571 imgs/s train.total_time : 0.0002334117889404297
TCAPPDLL 2025-11-28 13:05:41.575211 - Epoch: 0 Iteration: 133  rank : 0  train.loss : 6.906768798828125  train.ips : 58254.22222222222 imgs/s train.total_time : 0.000274658203125
TCAPPDLL 2025-11-28 13:05:41.798301 - Epoch: 0 Iteration: 134  rank : 0  train.loss : 6.904618263244629  train.ips : 43296.04129032258 imgs/s train.total_time : 0.0003695487976074219
TCAPPDLL 2025-11-28 13:05:42.561397 - Epoch: 0 Iteration: 135  rank : 0  train.loss : 6.926488876342773  train.ips : 51901.673627223514 imgs/s train.total_time : 0.0003082752227783203
TCAPPDLL 2025-11-28 13:05:42.673978 - Epoch: 0 Iteration: 136  rank : 0  train.loss : 6.913336277008057  train.ips : 66510.27155599603 imgs/s train.total_time : 0.00024056434631347656
TCAPPDLL 2025-11-28 13:05:42.783515 - Epoch: 0 Iteration: 137  rank : 0  train.loss : 6.947939872741699  train.ips : 53515.84051036683 imgs/s train.total_time : 0.0002989768981933594
TCAPPDLL 2025-11-28 13:05:42.880017 - Epoch: 0 Iteration: 138  rank : 0  train.loss : 6.898502349853516  train.ips : 70051.00626304801 imgs/s train.total_time : 0.00022840499877929688
TCAPPDLL 2025-11-28 13:05:43.647849 - Epoch: 0 Iteration: 139  rank : 0  train.loss : 6.904998779296875  train.ips : 60732.003619909505 imgs/s train.total_time : 0.00026345252990722656
TCAPPDLL 2025-11-28 13:05:43.743549 - Epoch: 0 Iteration: 140  rank : 0  train.loss : 6.944867134094238  train.ips : 68759.08196721312 imgs/s train.total_time : 0.000232696533203125
TCAPPDLL 2025-11-28 13:05:43.846150 - Epoch: 0 Iteration: 141  rank : 0  train.loss : 6.950033187866211  train.ips : 63489.93755912961 imgs/s train.total_time : 0.00025200843811035156
TCAPPDLL 2025-11-28 13:05:43.948263 - Epoch: 0 Iteration: 142  rank : 0  train.loss : 6.931095123291016  train.ips : 68829.6041025641 imgs/s train.total_time : 0.00023245811462402344
TCAPPDLL 2025-11-28 13:05:44.696509 - Epoch: 0 Iteration: 143  rank : 0  train.loss : 6.9577741622924805  train.ips : 63913.20380952381 imgs/s train.total_time : 0.0002503395080566406
TCAPPDLL 2025-11-28 13:05:44.799352 - Epoch: 0 Iteration: 144  rank : 0  train.loss : 6.950190544128418  train.ips : 65217.55490767735 imgs/s train.total_time : 0.0002453327178955078
TCAPPDLL 2025-11-28 13:05:44.903373 - Epoch: 0 Iteration: 145  rank : 0  train.loss : 6.9040727615356445  train.ips : 48003.479256080114 imgs/s train.total_time : 0.0003333091735839844
TCAPPDLL 2025-11-28 13:05:45.006766 - Epoch: 0 Iteration: 146  rank : 0  train.loss : 6.9509077072143555  train.ips : 43862.00261437908 imgs/s train.total_time : 0.0003647804260253906
TCAPPDLL 2025-11-28 13:05:45.448276 - Epoch: 0 Iteration: 147  rank : 0  train.loss : 6.922979354858398  train.ips : 62080.355226642 imgs/s train.total_time : 0.00025773048400878906
TCAPPDLL 2025-11-28 13:05:45.550471 - Epoch: 0 Iteration: 148  rank : 0  train.loss : 6.903741836547852  train.ips : 67041.82217782218 imgs/s train.total_time : 0.00023865699768066406
TCAPPDLL 2025-11-28 13:05:45.903384 - Epoch: 0 Iteration: 149  rank : 0  train.loss : 6.893222808837891  train.ips : 71851.03211991435 imgs/s train.total_time : 0.00022268295288085938
TCAPPDLL 2025-11-28 13:05:46.000609 - Epoch: 0 Iteration: 150  rank : 0  train.loss : 6.989658355712891  train.ips : 60349.69784172662 imgs/s train.total_time : 0.0002651214599609375
TCAPPDLL 2025-11-28 13:05:46.357711 - Epoch: 0 Iteration: 151  rank : 0  train.loss : 6.891997337341309  train.ips : 76695.84457142858 imgs/s train.total_time : 0.0002086162567138672
TCAPPDLL 2025-11-28 13:05:46.459977 - Epoch: 0 Iteration: 152  rank : 0  train.loss : 6.935202121734619  train.ips : 54295.19741100324 imgs/s train.total_time : 0.00029468536376953125
TCAPPDLL 2025-11-28 13:05:46.614054 - Epoch: 0 Iteration: 153  rank : 0  train.loss : 6.909435272216797  train.ips : 56823.76291278577 imgs/s train.total_time : 0.0002815723419189453
TCAPPDLL 2025-11-28 13:05:46.714317 - Epoch: 0 Iteration: 154  rank : 0  train.loss : 6.899102210998535  train.ips : 57407.06928999144 imgs/s train.total_time : 0.00027871131896972656
TCAPPDLL 2025-11-28 13:05:47.265886 - Epoch: 0 Iteration: 155  rank : 0  train.loss : 6.935274124145508  train.ips : 48770.976744186046 imgs/s train.total_time : 0.00032806396484375
TCAPPDLL 2025-11-28 13:05:47.369424 - Epoch: 0 Iteration: 156  rank : 0  train.loss : 6.866160869598389  train.ips : 58610.3615720524 imgs/s train.total_time : 0.00027298927307128906
TCAPPDLL 2025-11-28 13:05:47.747218 - Epoch: 0 Iteration: 157  rank : 0  train.loss : 6.865472793579102  train.ips : 58002.4753673293 imgs/s train.total_time : 0.0002758502960205078
TCAPPDLL 2025-11-28 13:05:47.845511 - Epoch: 0 Iteration: 158  rank : 0  train.loss : 6.87059211730957  train.ips : 47696.420753375976 imgs/s train.total_time : 0.00033545494079589844
TCAPPDLL 2025-11-28 13:05:48.293688 - Epoch: 0 Iteration: 159  rank : 0  train.loss : 6.951391220092773  train.ips : 53859.441412520064 imgs/s train.total_time : 0.0002970695495605469
TCAPPDLL 2025-11-28 13:05:48.396650 - Epoch: 0 Iteration: 160  rank : 0  train.loss : 6.906920909881592  train.ips : 61008.05818181818 imgs/s train.total_time : 0.00026226043701171875
TCAPPDLL 2025-11-28 13:05:48.616026 - Epoch: 0 Iteration: 161  rank : 0  train.loss : 6.914467811584473  train.ips : 72237.74381054897 imgs/s train.total_time : 0.00022149085998535156
TCAPPDLL 2025-11-28 13:05:48.713458 - Epoch: 0 Iteration: 162  rank : 0  train.loss : 6.900758743286133  train.ips : 71851.03211991435 imgs/s train.total_time : 0.00022268295288085938
TCAPPDLL 2025-11-28 13:05:48.930919 - Epoch: 0 Iteration: 163  rank : 0  train.loss : 6.892689228057861  train.ips : 39969.54377605718 imgs/s train.total_time : 0.00040030479431152344
TCAPPDLL 2025-11-28 13:05:49.026611 - Epoch: 0 Iteration: 164  rank : 0  train.loss : 6.905599594116211  train.ips : 63250.57869934024 imgs/s train.total_time : 0.0002529621124267578
TCAPPDLL 2025-11-28 13:05:49.291286 - Epoch: 0 Iteration: 165  rank : 0  train.loss : 6.920575141906738  train.ips : 69470.87370600415 imgs/s train.total_time : 0.00023031234741210938
TCAPPDLL 2025-11-28 13:05:49.393792 - Epoch: 0 Iteration: 166  rank : 0  train.loss : 6.891335964202881  train.ips : 63370.032105760154 imgs/s train.total_time : 0.0002524852752685547
TCAPPDLL 2025-11-28 13:05:49.719904 - Epoch: 0 Iteration: 167  rank : 0  train.loss : 6.968936920166016  train.ips : 55461.871074380164 imgs/s train.total_time : 0.0002884864807128906
TCAPPDLL 2025-11-28 13:05:49.828132 - Epoch: 0 Iteration: 168  rank : 0  train.loss : 6.891879081726074  train.ips : 56775.68866328257 imgs/s train.total_time : 0.0002818107604980469
TCAPPDLL 2025-11-28 13:05:50.141306 - Epoch: 0 Iteration: 169  rank : 0  train.loss : 6.936806678771973  train.ips : 69184.39587628866 imgs/s train.total_time : 0.00023126602172851562
TCAPPDLL 2025-11-28 13:05:50.250410 - Epoch: 0 Iteration: 170  rank : 0  train.loss : 6.952721118927002  train.ips : 61008.05818181818 imgs/s train.total_time : 0.00026226043701171875
TCAPPDLL 2025-11-28 13:05:50.673417 - Epoch: 0 Iteration: 171  rank : 0  train.loss : 6.939073085784912  train.ips : 58203.69817866435 imgs/s train.total_time : 0.00027489662170410156
TCAPPDLL 2025-11-28 13:05:50.776745 - Epoch: 0 Iteration: 172  rank : 0  train.loss : 6.8945417404174805  train.ips : 46313.91580400276 imgs/s train.total_time : 0.00034546852111816406
TCAPPDLL 2025-11-28 13:05:51.084898 - Epoch: 0 Iteration: 173  rank : 0  train.loss : 6.8969011306762695  train.ips : 51345.72609028309 imgs/s train.total_time : 0.0003116130828857422
TCAPPDLL 2025-11-28 13:05:51.190327 - Epoch: 0 Iteration: 174  rank : 0  train.loss : 6.945793151855469  train.ips : 59388.37522123894 imgs/s train.total_time : 0.0002694129943847656
TCAPPDLL 2025-11-28 13:05:51.594802 - Epoch: 0 Iteration: 175  rank : 0  train.loss : 6.921832084655762  train.ips : 53388.11774065235 imgs/s train.total_time : 0.00029969215393066406
TCAPPDLL 2025-11-28 13:05:51.702076 - Epoch: 0 Iteration: 176  rank : 0  train.loss : 6.9155192375183105  train.ips : 57016.876805437554 imgs/s train.total_time : 0.00028061866760253906
TCAPPDLL 2025-11-28 13:05:51.808786 - Epoch: 0 Iteration: 177  rank : 0  train.loss : 6.874340057373047  train.ips : 63791.695817490494 imgs/s train.total_time : 0.00025081634521484375
TCAPPDLL 2025-11-28 13:05:51.908578 - Epoch: 0 Iteration: 178  rank : 0  train.loss : 6.900566577911377  train.ips : 63852.3920076118 imgs/s train.total_time : 0.0002505779266357422
TCAPPDLL 2025-11-28 13:05:52.360404 - Epoch: 0 Iteration: 179  rank : 0  train.loss : 6.895848274230957  train.ips : 46538.740638002775 imgs/s train.total_time : 0.0003437995910644531
TCAPPDLL 2025-11-28 13:05:52.464886 - Epoch: 0 Iteration: 180  rank : 0  train.loss : 6.937044143676758  train.ips : 59231.12444836717 imgs/s train.total_time : 0.0002701282501220703
TCAPPDLL 2025-11-28 13:05:52.566499 - Epoch: 0 Iteration: 181  rank : 0  train.loss : 6.939818382263184  train.ips : 49490.31268436578 imgs/s train.total_time : 0.00032329559326171875
TCAPPDLL 2025-11-28 13:05:52.668776 - Epoch: 0 Iteration: 182  rank : 0  train.loss : 6.8725433349609375  train.ips : 54032.901771336554 imgs/s train.total_time : 0.0002961158752441406
TCAPPDLL 2025-11-28 13:05:53.004363 - Epoch: 0 Iteration: 183  rank : 0  train.loss : 6.922764778137207  train.ips : 66117.10738916256 imgs/s train.total_time : 0.00024199485778808594
TCAPPDLL 2025-11-28 13:05:53.108301 - Epoch: 0 Iteration: 184  rank : 0  train.loss : 6.863007545471191  train.ips : 48384.18457101658 imgs/s train.total_time : 0.0003306865692138672
TCAPPDLL 2025-11-28 13:05:53.209817 - Epoch: 0 Iteration: 185  rank : 0  train.loss : 6.9027509689331055  train.ips : 57211.30775788576 imgs/s train.total_time : 0.0002796649932861328
TCAPPDLL 2025-11-28 13:05:53.306678 - Epoch: 0 Iteration: 186  rank : 0  train.loss : 6.91231632232666  train.ips : 66774.98905472636 imgs/s train.total_time : 0.0002396106719970703
TCAPPDLL 2025-11-28 13:05:54.072581 - Epoch: 0 Iteration: 187  rank : 0  train.loss : 6.894110202789307  train.ips : 65536.0 imgs/s train.total_time : 0.000244140625
TCAPPDLL 2025-11-28 13:05:54.205966 - Epoch: 0 Iteration: 188  rank : 0  train.loss : 6.920551776885986  train.ips : 48454.053429602885 imgs/s train.total_time : 0.00033020973205566406
TCAPPDLL 2025-11-28 13:05:54.310370 - Epoch: 0 Iteration: 189  rank : 0  train.loss : 6.937004566192627  train.ips : 75829.22485875706 imgs/s train.total_time : 0.0002110004425048828
TCAPPDLL 2025-11-28 13:05:54.410902 - Epoch: 0 Iteration: 190  rank : 0  train.loss : 6.896592617034912  train.ips : 65728.56415279138 imgs/s train.total_time : 0.0002434253692626953
TCAPPDLL 2025-11-28 13:05:54.733249 - Epoch: 0 Iteration: 191  rank : 0  train.loss : 6.910799980163574  train.ips : 51463.8527607362 imgs/s train.total_time : 0.0003108978271484375
TCAPPDLL 2025-11-28 13:05:54.832232 - Epoch: 0 Iteration: 192  rank : 0  train.loss : 6.947449684143066  train.ips : 66444.4198019802 imgs/s train.total_time : 0.00024080276489257812
TCAPPDLL 2025-11-28 13:05:54.935718 - Epoch: 0 Iteration: 193  rank : 0  train.loss : 6.913753986358643  train.ips : 45191.15420875421 imgs/s train.total_time : 0.0003540515899658203
TCAPPDLL 2025-11-28 13:05:55.033480 - Epoch: 0 Iteration: 194  rank : 0  train.loss : 6.947966575622559  train.ips : 64342.15148609779 imgs/s train.total_time : 0.0002486705780029297
TCAPPDLL 2025-11-28 13:05:55.377915 - Epoch: 0 Iteration: 195  rank : 0  train.loss : 6.890988826751709  train.ips : 42581.766497461926 imgs/s train.total_time : 0.0003757476806640625
TCAPPDLL 2025-11-28 13:05:55.479863 - Epoch: 0 Iteration: 196  rank : 0  train.loss : 6.956304550170898  train.ips : 57113.92680851064 imgs/s train.total_time : 0.00028014183044433594
TCAPPDLL 2025-11-28 13:05:55.812028 - Epoch: 0 Iteration: 197  rank : 0  train.loss : 6.9044928550720215  train.ips : 45559.31025118805 imgs/s train.total_time : 0.00035119056701660156
TCAPPDLL 2025-11-28 13:05:55.919752 - Epoch: 0 Iteration: 198  rank : 0  train.loss : 6.921529769897461  train.ips : 59335.865605658706 imgs/s train.total_time : 0.0002696514129638672
TCAPPDLL 2025-11-28 13:05:56.190001 - Epoch: 0 Iteration: 199  rank : 0  train.loss : 6.893581390380859  train.ips : 67108.864 imgs/s train.total_time : 0.0002384185791015625
TCAPPDLL 2025-11-28 13:05:56.291203 - Epoch: 0 Iteration: 200  rank : 0  train.loss : 6.919633865356445  train.ips : 39969.54377605718 imgs/s train.total_time : 0.00040030479431152344
TCAPPDLL 2025-11-28 13:05:56.881058 - Epoch: 0 Iteration: 201  rank : 0  train.loss : 6.882184028625488  train.ips : 63610.297630331755 imgs/s train.total_time : 0.00025153160095214844
TCAPPDLL 2025-11-28 13:05:56.983710 - Epoch: 0 Iteration: 202  rank : 0  train.loss : 6.929449081420898  train.ips : 54076.44157937147 imgs/s train.total_time : 0.00029587745666503906
TCAPPDLL 2025-11-28 13:05:57.375966 - Epoch: 0 Iteration: 203  rank : 0  train.loss : 6.856712818145752  train.ips : 73989.92723263506 imgs/s train.total_time : 0.0002162456512451172
TCAPPDLL 2025-11-28 13:05:57.484513 - Epoch: 0 Iteration: 204  rank : 0  train.loss : 6.908762454986572  train.ips : 62601.55223880597 imgs/s train.total_time : 0.000255584716796875
TCAPPDLL 2025-11-28 13:05:57.662880 - Epoch: 0 Iteration: 205  rank : 0  train.loss : 6.933178901672363  train.ips : 57162.57580919932 imgs/s train.total_time : 0.0002799034118652344
TCAPPDLL 2025-11-28 13:05:57.771874 - Epoch: 0 Iteration: 206  rank : 0  train.loss : 6.924283027648926  train.ips : 46863.73184357542 imgs/s train.total_time : 0.0003414154052734375
TCAPPDLL 2025-11-28 13:05:58.106315 - Epoch: 0 Iteration: 207  rank : 0  train.loss : 6.908428192138672  train.ips : 70789.94092827004 imgs/s train.total_time : 0.00022602081298828125
TCAPPDLL 2025-11-28 13:05:58.206842 - Epoch: 0 Iteration: 208  rank : 0  train.loss : 6.895254611968994  train.ips : 63670.64895635674 imgs/s train.total_time : 0.0002512931823730469
TCAPPDLL 2025-11-28 13:05:58.532505 - Epoch: 0 Iteration: 209  rank : 0  train.loss : 6.931314468383789  train.ips : 65728.56415279138 imgs/s train.total_time : 0.0002434253692626953
TCAPPDLL 2025-11-28 13:05:58.638376 - Epoch: 0 Iteration: 210  rank : 0  train.loss : 6.930546760559082  train.ips : 26234.896012509773 imgs/s train.total_time : 0.0006098747253417969
TCAPPDLL 2025-11-28 13:05:58.758754 - Epoch: 0 Iteration: 211  rank : 0  train.loss : 6.919620513916016  train.ips : 66444.4198019802 imgs/s train.total_time : 0.00024080276489257812
TCAPPDLL 2025-11-28 13:05:58.901267 - Epoch: 0 Iteration: 212  rank : 0  train.loss : 6.893800735473633  train.ips : 58661.594405594406 imgs/s train.total_time : 0.0002727508544921875
TCAPPDLL 2025-11-28 13:05:59.623011 - Epoch: 0 Iteration: 213  rank : 0  train.loss : 6.909165382385254  train.ips : 56064.21386800334 imgs/s train.total_time : 0.0002853870391845703
TCAPPDLL 2025-11-28 13:05:59.725114 - Epoch: 0 Iteration: 214  rank : 0  train.loss : 6.895657062530518  train.ips : 59546.46317657498 imgs/s train.total_time : 0.00026869773864746094
TCAPPDLL 2025-11-28 13:05:59.841487 - Epoch: 0 Iteration: 215  rank : 0  train.loss : 6.910124778747559  train.ips : 41527.762376237624 imgs/s train.total_time : 0.000385284423828125
TCAPPDLL 2025-11-28 13:05:59.944234 - Epoch: 0 Iteration: 216  rank : 0  train.loss : 6.904019355773926  train.ips : 65987.08357915438 imgs/s train.total_time : 0.00024247169494628906
TCAPPDLL 2025-11-28 13:06:00.482797 - Epoch: 0 Iteration: 217  rank : 0  train.loss : 6.876467704772949  train.ips : 57653.66323024055 imgs/s train.total_time : 0.00027751922607421875
TCAPPDLL 2025-11-28 13:06:00.580258 - Epoch: 0 Iteration: 218  rank : 0  train.loss : 6.923638343811035  train.ips : 63974.13155386082 imgs/s train.total_time : 0.00025010108947753906
TCAPPDLL 2025-11-28 13:06:00.684778 - Epoch: 0 Iteration: 219  rank : 0  train.loss : 6.882816791534424  train.ips : 36994.96361631753 imgs/s train.total_time : 0.0004324913024902344
TCAPPDLL 2025-11-28 13:06:00.792759 - Epoch: 0 Iteration: 220  rank : 0  train.loss : 6.986898422241211  train.ips : 47900.6880799429 imgs/s train.total_time : 0.00033402442932128906
TCAPPDLL 2025-11-28 13:06:01.223433 - Epoch: 0 Iteration: 221  rank : 0  train.loss : 6.91055965423584  train.ips : 58406.32201914708 imgs/s train.total_time : 0.0002739429473876953
TCAPPDLL 2025-11-28 13:06:01.325313 - Epoch: 0 Iteration: 222  rank : 0  train.loss : 6.898592472076416  train.ips : 67786.73131313131 imgs/s train.total_time : 0.00023603439331054688
TCAPPDLL 2025-11-28 13:06:01.426626 - Epoch: 0 Iteration: 223  rank : 0  train.loss : 6.915250778198242  train.ips : 67243.3507014028 imgs/s train.total_time : 0.00023794174194335938
TCAPPDLL 2025-11-28 13:06:01.528504 - Epoch: 0 Iteration: 224  rank : 0  train.loss : 6.938555717468262  train.ips : 72005.21888412017 imgs/s train.total_time : 0.00022220611572265625
TCAPPDLL 2025-11-28 13:06:02.010748 - Epoch: 0 Iteration: 225  rank : 0  train.loss : 6.907276153564453  train.ips : 52675.717425431714 imgs/s train.total_time : 0.0003037452697753906
TCAPPDLL 2025-11-28 13:06:02.116666 - Epoch: 0 Iteration: 226  rank : 0  train.loss : 6.936834812164307  train.ips : 68408.62793068298 imgs/s train.total_time : 0.0002338886260986328
TCAPPDLL 2025-11-28 13:06:02.258017 - Epoch: 0 Iteration: 227  rank : 0  train.loss : 6.945868492126465  train.ips : 28055.54515050167 imgs/s train.total_time : 0.0005702972412109375
TCAPPDLL 2025-11-28 13:06:03.370495 - Epoch: 0 Iteration: 228  rank : 0  train.loss : 6.917876243591309  train.ips : 59126.75242290749 imgs/s train.total_time : 0.00027060508728027344
TCAPPDLL 2025-11-28 13:06:03.758053 - Epoch: 0 Iteration: 229  rank : 0  train.loss : 6.921296119689941  train.ips : 59440.97785651019 imgs/s train.total_time : 0.00026917457580566406
TCAPPDLL 2025-11-28 13:06:03.861150 - Epoch: 0 Iteration: 230  rank : 0  train.loss : 6.934896945953369  train.ips : 59652.32355555556 imgs/s train.total_time : 0.0002682209014892578
TCAPPDLL 2025-11-28 13:06:03.959440 - Epoch: 0 Iteration: 231  rank : 0  train.loss : 6.926700115203857  train.ips : 59705.39501779359 imgs/s train.total_time : 0.00026798248291015625
TCAPPDLL 2025-11-28 13:06:04.360121 - Epoch: 0 Iteration: 232  rank : 0  train.loss : 6.8537516593933105  train.ips : 55877.488759367196 imgs/s train.total_time : 0.00028634071350097656
TCAPPDLL 2025-11-28 13:06:04.657105 - Epoch: 0 Iteration: 233  rank : 0  train.loss : 6.946115493774414  train.ips : 45374.48546315078 imgs/s train.total_time : 0.00035262107849121094
TCAPPDLL 2025-11-28 13:06:04.760683 - Epoch: 0 Iteration: 234  rank : 0  train.loss : 6.915050506591797  train.ips : 49895.06617100372 imgs/s train.total_time : 0.00032067298889160156
TCAPPDLL 2025-11-28 13:06:04.861351 - Epoch: 0 Iteration: 235  rank : 0  train.loss : 6.922537803649902  train.ips : 67176.04004004004 imgs/s train.total_time : 0.00023818016052246094
TCAPPDLL 2025-11-28 13:06:04.989515 - Epoch: 0 Iteration: 236  rank : 0  train.loss : 6.910269737243652  train.ips : 58815.831726555654 imgs/s train.total_time : 0.0002720355987548828
TCAPPDLL 2025-11-28 13:06:05.610718 - Epoch: 0 Iteration: 237  rank : 0  train.loss : 6.834227561950684  train.ips : 70418.5351521511 imgs/s train.total_time : 0.00022721290588378906
TCAPPDLL 2025-11-28 13:06:05.711362 - Epoch: 0 Iteration: 238  rank : 0  train.loss : 6.919182777404785  train.ips : 65536.0 imgs/s train.total_time : 0.000244140625
TCAPPDLL 2025-11-28 13:06:05.806531 - Epoch: 0 Iteration: 239  rank : 0  train.loss : 6.939924240112305  train.ips : 74400.0709534368 imgs/s train.total_time : 0.00021505355834960938
TCAPPDLL 2025-11-28 13:06:06.196433 - Epoch: 0 Iteration: 240  rank : 0  train.loss : 6.896845817565918  train.ips : 50686.45317220544 imgs/s train.total_time : 0.00031566619873046875
TCAPPDLL 2025-11-28 13:06:06.430006 - Epoch: 0 Iteration: 241  rank : 0  train.loss : 6.904108047485352  train.ips : 59074.704225352114 imgs/s train.total_time : 0.000270843505859375
TCAPPDLL 2025-11-28 13:06:06.536717 - Epoch: 0 Iteration: 242  rank : 0  train.loss : 6.931215286254883  train.ips : 36432.608034744844 imgs/s train.total_time : 0.0004391670227050781
TCAPPDLL 2025-11-28 13:06:06.636705 - Epoch: 0 Iteration: 243  rank : 0  train.loss : 6.925075531005859  train.ips : 74400.0709534368 imgs/s train.total_time : 0.00021505355834960938
TCAPPDLL 2025-11-28 13:06:07.243529 - Epoch: 0 Iteration: 244  rank : 0  train.loss : 6.921429634094238  train.ips : 61174.89881494986 imgs/s train.total_time : 0.00026154518127441406
TCAPPDLL 2025-11-28 13:06:07.342487 - Epoch: 0 Iteration: 245  rank : 0  train.loss : 6.914216041564941  train.ips : 58254.22222222222 imgs/s train.total_time : 0.000274658203125
TCAPPDLL 2025-11-28 13:06:07.438612 - Epoch: 0 Iteration: 246  rank : 0  train.loss : 6.935094833374023  train.ips : 70344.7211740042 imgs/s train.total_time : 0.00022745132446289062
TCAPPDLL 2025-11-28 13:06:07.535063 - Epoch: 0 Iteration: 247  rank : 0  train.loss : 6.951050758361816  train.ips : 58764.3292469352 imgs/s train.total_time : 0.0002722740173339844
TCAPPDLL 2025-11-28 13:06:07.995060 - Epoch: 0 Iteration: 248  rank : 0  train.loss : 6.911096572875977  train.ips : 62137.83703703704 imgs/s train.total_time : 0.0002574920654296875
TCAPPDLL 2025-11-28 13:06:08.089963 - Epoch: 0 Iteration: 249  rank : 0  train.loss : 6.914829254150391  train.ips : 68200.06504065041 imgs/s train.total_time : 0.0002346038818359375
TCAPPDLL 2025-11-28 13:06:08.190165 - Epoch: 0 Iteration: 250  rank : 0  train.loss : 6.905409812927246  train.ips : 97541.95348837209 imgs/s train.total_time : 0.000164031982421875
TCAPPDLL 2025-11-28 13:06:08.288040 - Epoch: 0 Iteration: 251  rank : 0  train.loss : 6.936397075653076  train.ips : 79231.24439197166 imgs/s train.total_time : 0.00020194053649902344
TCAPPDLL 2025-11-28 13:06:09.016832 - Epoch: 0 Iteration: 252  rank : 0  train.loss : 6.9077348709106445  train.ips : 79607.19335705813 imgs/s train.total_time : 0.0002009868621826172
TCAPPDLL 2025-11-28 13:06:09.113474 - Epoch: 0 Iteration: 253  rank : 0  train.loss : 6.894893646240234  train.ips : 75149.90369540874 imgs/s train.total_time : 0.0002129077911376953
TCAPPDLL 2025-11-28 13:06:09.209603 - Epoch: 0 Iteration: 254  rank : 0  train.loss : 6.915671348571777  train.ips : 71928.04287245445 imgs/s train.total_time : 0.0002224445343017578
TCAPPDLL 2025-11-28 13:06:09.308972 - Epoch: 0 Iteration: 255  rank : 0  train.loss : 6.933436393737793  train.ips : 78215.45920745921 imgs/s train.total_time : 0.00020456314086914062
TCAPPDLL 2025-11-28 13:06:10.140194 - Epoch: 0 Iteration: 256  rank : 0  train.loss : 6.9067182540893555  train.ips : 55784.59185369909 imgs/s train.total_time : 0.0002868175506591797
TCAPPDLL 2025-11-28 13:06:10.242849 - Epoch: 0 Iteration: 257  rank : 0  train.loss : 6.963624000549316  train.ips : 41838.44389027431 imgs/s train.total_time : 0.00038242340087890625
TCAPPDLL 2025-11-28 13:06:10.340191 - Epoch: 0 Iteration: 258  rank : 0  train.loss : 6.974977493286133  train.ips : 61567.76513761468 imgs/s train.total_time : 0.0002598762512207031
TCAPPDLL 2025-11-28 13:06:10.442036 - Epoch: 0 Iteration: 259  rank : 0  train.loss : 6.974026679992676  train.ips : 62543.20969245107 imgs/s train.total_time : 0.00025582313537597656
TCAPPDLL 2025-11-28 13:06:10.839726 - Epoch: 0 Iteration: 260  rank : 0  train.loss : 6.92867374420166  train.ips : 72707.32827735644 imgs/s train.total_time : 0.0002200603485107422
TCAPPDLL 2025-11-28 13:06:10.943936 - Epoch: 0 Iteration: 261  rank : 0  train.loss : 6.879842758178711  train.ips : 80854.0530120482 imgs/s train.total_time : 0.00019788742065429688
TCAPPDLL 2025-11-28 13:06:11.046763 - Epoch: 0 Iteration: 262  rank : 0  train.loss : 6.889956951141357  train.ips : 61737.685372585096 imgs/s train.total_time : 0.00025916099548339844
TCAPPDLL 2025-11-28 13:06:11.141853 - Epoch: 0 Iteration: 263  rank : 0  train.loss : 6.8773956298828125  train.ips : 59231.12444836717 imgs/s train.total_time : 0.0002701282501220703
TCAPPDLL 2025-11-28 13:06:11.772579 - Epoch: 0 Iteration: 264  rank : 0  train.loss : 6.901543617248535  train.ips : 64776.895752895754 imgs/s train.total_time : 0.00024700164794921875
TCAPPDLL 2025-11-28 13:06:11.871859 - Epoch: 0 Iteration: 265  rank : 0  train.loss : 6.959810733795166  train.ips : 67310.7963891675 imgs/s train.total_time : 0.0002377033233642578
TCAPPDLL 2025-11-28 13:06:11.969952 - Epoch: 0 Iteration: 266  rank : 0  train.loss : 6.918359756469727  train.ips : 70715.34668071654 imgs/s train.total_time : 0.0002262592315673828
TCAPPDLL 2025-11-28 13:06:12.070528 - Epoch: 0 Iteration: 267  rank : 0  train.loss : 6.900987148284912  train.ips : 66576.25396825396 imgs/s train.total_time : 0.000240325927734375
TCAPPDLL 2025-11-28 13:06:12.582201 - Epoch: 0 Iteration: 268  rank : 0  train.loss : 6.9104533195495605  train.ips : 45100.04301075269 imgs/s train.total_time : 0.000354766845703125
TCAPPDLL 2025-11-28 13:06:12.688316 - Epoch: 0 Iteration: 269  rank : 0  train.loss : 6.865884304046631  train.ips : 68061.72819472617 imgs/s train.total_time : 0.00023508071899414062
TCAPPDLL 2025-11-28 13:06:12.799496 - Epoch: 0 Iteration: 270  rank : 0  train.loss : 6.8944244384765625  train.ips : 47127.011235955055 imgs/s train.total_time : 0.000339508056640625
TCAPPDLL 2025-11-28 13:06:12.901582 - Epoch: 0 Iteration: 271  rank : 0  train.loss : 6.9089860916137695  train.ips : 68130.82639593909 imgs/s train.total_time : 0.00023484230041503906
TCAPPDLL 2025-11-28 13:06:13.246435 - Epoch: 0 Iteration: 272  rank : 0  train.loss : 6.91230583190918  train.ips : 47628.718239886446 imgs/s train.total_time : 0.00033593177795410156
TCAPPDLL 2025-11-28 13:06:13.348321 - Epoch: 0 Iteration: 273  rank : 0  train.loss : 6.862908363342285  train.ips : 70271.06178010472 imgs/s train.total_time : 0.0002276897430419922
TCAPPDLL 2025-11-28 13:06:13.466242 - Epoch: 0 Iteration: 274  rank : 0  train.loss : 6.9536542892456055  train.ips : 43436.15792880259 imgs/s train.total_time : 0.00036835670471191406
TCAPPDLL 2025-11-28 13:06:13.566235 - Epoch: 0 Iteration: 275  rank : 0  train.loss : 6.88134241104126  train.ips : 54032.901771336554 imgs/s train.total_time : 0.0002961158752441406
TCAPPDLL 2025-11-28 13:06:13.966964 - Epoch: 0 Iteration: 276  rank : 0  train.loss : 6.91825532913208  train.ips : 39153.36289381563 imgs/s train.total_time : 0.0004086494445800781
TCAPPDLL 2025-11-28 13:06:14.077767 - Epoch: 0 Iteration: 277  rank : 0  train.loss : 6.8457207679748535  train.ips : 65027.96899224806 imgs/s train.total_time : 0.0002460479736328125
TCAPPDLL 2025-11-28 13:06:14.173229 - Epoch: 0 Iteration: 278  rank : 0  train.loss : 6.910114288330078  train.ips : 74400.0709534368 imgs/s train.total_time : 0.00021505355834960938
TCAPPDLL 2025-11-28 13:06:14.265700 - Epoch: 0 Iteration: 279  rank : 0  train.loss : 6.9091691970825195  train.ips : 67581.93756294058 imgs/s train.total_time : 0.00023674964904785156
TCAPPDLL 2025-11-28 13:06:14.832669 - Epoch: 0 Iteration: 280  rank : 0  train.loss : 6.90079927444458  train.ips : 64652.08477842004 imgs/s train.total_time : 0.0002474784851074219
TCAPPDLL 2025-11-28 13:06:15.118126 - Epoch: 0 Iteration: 281  rank : 0  train.loss : 6.908900260925293  train.ips : 57902.38481449526 imgs/s train.total_time : 0.00027632713317871094
TCAPPDLL 2025-11-28 13:06:15.223678 - Epoch: 0 Iteration: 282  rank : 0  train.loss : 6.940112590789795  train.ips : 27628.186084808563 imgs/s train.total_time : 0.0005791187286376953
TCAPPDLL 2025-11-28 13:06:15.333744 - Epoch: 0 Iteration: 283  rank : 0  train.loss : 6.917486667633057  train.ips : 46059.61839396019 imgs/s train.total_time : 0.00034737586975097656
TCAPPDLL 2025-11-28 13:06:15.443043 - Epoch: 0 Iteration: 284  rank : 0  train.loss : 6.899655818939209  train.ips : 68971.08324768757 imgs/s train.total_time : 0.0002319812774658203
TCAPPDLL 2025-11-28 13:06:15.875828 - Epoch: 0 Iteration: 285  rank : 0  train.loss : 6.947796821594238  train.ips : 68269.44455747711 imgs/s train.total_time : 0.00023436546325683594
TCAPPDLL 2025-11-28 13:06:15.981168 - Epoch: 0 Iteration: 286  rank : 0  train.loss : 6.953376770019531  train.ips : 67176.04004004004 imgs/s train.total_time : 0.00023818016052246094
TCAPPDLL 2025-11-28 13:06:16.080663 - Epoch: 0 Iteration: 287  rank : 0  train.loss : 6.942827224731445  train.ips : 74565.40444444444 imgs/s train.total_time : 0.00021457672119140625
TCAPPDLL 2025-11-28 13:06:16.347269 - Epoch: 0 Iteration: 288  rank : 0  train.loss : 6.9111328125  train.ips : 69327.33884297521 imgs/s train.total_time : 0.0002307891845703125
TCAPPDLL 2025-11-28 13:06:16.666887 - Epoch: 0 Iteration: 289  rank : 0  train.loss : 6.934597015380859  train.ips : 64465.76753121998 imgs/s train.total_time : 0.00024819374084472656
TCAPPDLL 2025-11-28 13:06:16.768210 - Epoch: 0 Iteration: 290  rank : 0  train.loss : 6.94883918762207  train.ips : 58406.32201914708 imgs/s train.total_time : 0.0002739429473876953
TCAPPDLL 2025-11-28 13:06:16.867013 - Epoch: 0 Iteration: 291  rank : 0  train.loss : 6.900975227355957  train.ips : 71468.43876464324 imgs/s train.total_time : 0.0002238750457763672
TCAPPDLL 2025-11-28 13:06:16.986774 - Epoch: 0 Iteration: 292  rank : 0  train.loss : 6.8905534744262695  train.ips : 49600.047302291205 imgs/s train.total_time : 0.00032258033752441406
TCAPPDLL 2025-11-28 13:06:17.479268 - Epoch: 0 Iteration: 293  rank : 0  train.loss : 6.909368515014648  train.ips : 65472.06243902439 imgs/s train.total_time : 0.00024437904357910156
TCAPPDLL 2025-11-28 13:06:17.580435 - Epoch: 0 Iteration: 294  rank : 0  train.loss : 6.888914108276367  train.ips : 62137.83703703704 imgs/s train.total_time : 0.0002574920654296875
TCAPPDLL 2025-11-28 13:06:17.680500 - Epoch: 0 Iteration: 295  rank : 0  train.loss : 6.899988174438477  train.ips : 59865.17752007137 imgs/s train.total_time : 0.00026726722717285156
TCAPPDLL 2025-11-28 13:06:17.942746 - Epoch: 0 Iteration: 296  rank : 0  train.loss : 6.930498123168945  train.ips : 52841.62519685039 imgs/s train.total_time : 0.0003027915954589844
TCAPPDLL 2025-11-28 13:06:18.356701 - Epoch: 0 Iteration: 297  rank : 0  train.loss : 6.922537803649902  train.ips : 65922.26326129666 imgs/s train.total_time : 0.00024271011352539062
TCAPPDLL 2025-11-28 13:06:18.458879 - Epoch: 0 Iteration: 298  rank : 0  train.loss : 6.879144668579102  train.ips : 65536.0 imgs/s train.total_time : 0.000244140625
TCAPPDLL 2025-11-28 13:06:18.558938 - Epoch: 0 Iteration: 299  rank : 0  train.loss : 6.9240827560424805  train.ips : 68688.70419651996 imgs/s train.total_time : 0.00023293495178222656
TCAPPDLL 2025-11-28 13:06:18.657463 - Epoch: 0 Iteration: 300  rank : 0  train.loss : 6.895561218261719  train.ips : 68900.27104722793 imgs/s train.total_time : 0.00023221969604492188
TCAPPDLL 2025-11-28 13:06:19.248758 - Epoch: 0 Iteration: 301  rank : 0  train.loss : 6.897411346435547  train.ips : 64403.90019193858 imgs/s train.total_time : 0.0002484321594238281
TCAPPDLL 2025-11-28 13:06:19.350149 - Epoch: 0 Iteration: 302  rank : 0  train.loss : 6.9299187660217285  train.ips : 47426.759010600705 imgs/s train.total_time : 0.00033736228942871094
TCAPPDLL 2025-11-28 13:06:19.465625 - Epoch: 0 Iteration: 303  rank : 0  train.loss : 6.902125358581543  train.ips : 52717.0966221524 imgs/s train.total_time : 0.00030350685119628906
TCAPPDLL 2025-11-28 13:06:19.571546 - Epoch: 0 Iteration: 304  rank : 0  train.loss : 6.898622989654541  train.ips : 58559.21815008726 imgs/s train.total_time : 0.0002732276916503906
TCAPPDLL 2025-11-28 13:06:20.079032 - Epoch: 0 Iteration: 305  rank : 0  train.loss : 6.921002388000488  train.ips : 51741.6067848882 imgs/s train.total_time : 0.00030922889709472656
TCAPPDLL 2025-11-28 13:06:20.176401 - Epoch: 0 Iteration: 306  rank : 0  train.loss : 6.934516429901123  train.ips : 72707.32827735644 imgs/s train.total_time : 0.0002200603485107422
TCAPPDLL 2025-11-28 13:06:20.271811 - Epoch: 0 Iteration: 307  rank : 0  train.loss : 6.930666446685791  train.ips : 48175.78176597272 imgs/s train.total_time : 0.00033211708068847656
TCAPPDLL 2025-11-28 13:06:20.379406 - Epoch: 0 Iteration: 308  rank : 0  train.loss : 6.934308052062988  train.ips : 49895.06617100372 imgs/s train.total_time : 0.00032067298889160156
TCAPPDLL 2025-11-28 13:06:20.919299 - Epoch: 0 Iteration: 309  rank : 0  train.loss : 6.8858771324157715  train.ips : 43577.184415584416 imgs/s train.total_time : 0.00036716461181640625
TCAPPDLL 2025-11-28 13:06:21.015445 - Epoch: 0 Iteration: 310  rank : 0  train.loss : 6.939257621765137  train.ips : 57952.38687392055 imgs/s train.total_time : 0.0002760887145996094
TCAPPDLL 2025-11-28 13:06:21.116340 - Epoch: 0 Iteration: 311  rank : 0  train.loss : 6.91217041015625  train.ips : 61342.654478976234 imgs/s train.total_time : 0.0002608299255371094
TCAPPDLL 2025-11-28 13:06:21.212092 - Epoch: 0 Iteration: 312  rank : 0  train.loss : 6.910783767700195  train.ips : 65793.00392156863 imgs/s train.total_time : 0.00024318695068359375
TCAPPDLL 2025-11-28 13:06:21.547070 - Epoch: 0 Iteration: 313  rank : 0  train.loss : 6.913270950317383  train.ips : 65600.06256109482 imgs/s train.total_time : 0.00024390220642089844
TCAPPDLL 2025-11-28 13:06:21.647070 - Epoch: 0 Iteration: 314  rank : 0  train.loss : 6.9069108963012695  train.ips : 72550.12324324324 imgs/s train.total_time : 0.0002205371856689453
TCAPPDLL 2025-11-28 13:06:21.750644 - Epoch: 0 Iteration: 315  rank : 0  train.loss : 6.978769302368164  train.ips : 73343.02076502732 imgs/s train.total_time : 0.0002181529998779297
TCAPPDLL 2025-11-28 13:06:22.012278 - Epoch: 0 Iteration: 316  rank : 0  train.loss : 6.913453102111816  train.ips : 65408.24951267056 imgs/s train.total_time : 0.0002446174621582031
TCAPPDLL 2025-11-28 13:06:22.469262 - Epoch: 0 Iteration: 317  rank : 0  train.loss : 6.918218612670898  train.ips : 60567.56678700361 imgs/s train.total_time : 0.00026416778564453125
TCAPPDLL 2025-11-28 13:06:22.569367 - Epoch: 0 Iteration: 318  rank : 0  train.loss : 6.903388023376465  train.ips : 58970.88224956063 imgs/s train.total_time : 0.0002713203430175781
TCAPPDLL 2025-11-28 13:06:22.669810 - Epoch: 0 Iteration: 319  rank : 0  train.loss : 6.943539619445801  train.ips : 72944.41739130435 imgs/s train.total_time : 0.0002193450927734375
TCAPPDLL 2025-11-28 13:06:22.963163 - Epoch: 0 Iteration: 320  rank : 0  train.loss : 6.8731794357299805  train.ips : 61908.54612546125 imgs/s train.total_time : 0.00025844573974609375
TCAPPDLL 2025-11-28 13:06:23.675220 - Epoch: 0 Iteration: 321  rank : 0  train.loss : 6.92972993850708  train.ips : 61008.05818181818 imgs/s train.total_time : 0.00026226043701171875
TCAPPDLL 2025-11-28 13:06:23.779981 - Epoch: 0 Iteration: 322  rank : 0  train.loss : 6.931415557861328  train.ips : 59074.704225352114 imgs/s train.total_time : 0.000270843505859375
TCAPPDLL 2025-11-28 13:06:23.884699 - Epoch: 0 Iteration: 323  rank : 0  train.loss : 6.905620574951172  train.ips : 70492.50420168067 imgs/s train.total_time : 0.0002269744873046875
TCAPPDLL 2025-11-28 13:06:24.029302 - Epoch: 0 Iteration: 324  rank : 0  train.loss : 6.859127044677734  train.ips : 49600.047302291205 imgs/s train.total_time : 0.00032258033752441406
TCAPPDLL 2025-11-28 13:06:24.455151 - Epoch: 0 Iteration: 325  rank : 0  train.loss : 6.913426399230957  train.ips : 77403.53402537486 imgs/s train.total_time : 0.0002067089080810547
TCAPPDLL 2025-11-28 13:06:24.555296 - Epoch: 0 Iteration: 326  rank : 0  train.loss : 6.970174789428711  train.ips : 67855.27199191102 imgs/s train.total_time : 0.0002357959747314453
TCAPPDLL 2025-11-28 13:06:24.653201 - Epoch: 0 Iteration: 327  rank : 0  train.loss : 6.924336910247803  train.ips : 69399.03205791107 imgs/s train.total_time : 0.00023055076599121094
TCAPPDLL 2025-11-28 13:06:24.754739 - Epoch: 0 Iteration: 328  rank : 0  train.loss : 6.9370808601379395  train.ips : 50686.45317220544 imgs/s train.total_time : 0.00031566619873046875
TCAPPDLL 2025-11-28 13:06:25.183659 - Epoch: 0 Iteration: 329  rank : 0  train.loss : 6.878698348999023  train.ips : 64589.85948026949 imgs/s train.total_time : 0.00024771690368652344
TCAPPDLL 2025-11-28 13:06:25.281871 - Epoch: 0 Iteration: 330  rank : 0  train.loss : 6.870341777801514  train.ips : 68338.96537678207 imgs/s train.total_time : 0.00023412704467773438
TCAPPDLL 2025-11-28 13:06:25.380289 - Epoch: 0 Iteration: 331  rank : 0  train.loss : 6.8772735595703125  train.ips : 65664.25048923679 imgs/s train.total_time : 0.00024366378784179688
TCAPPDLL 2025-11-28 13:06:25.482439 - Epoch: 0 Iteration: 332  rank : 0  train.loss : 6.939060688018799  train.ips : 40573.67835550181 imgs/s train.total_time : 0.0003943443298339844
TCAPPDLL 2025-11-28 13:06:25.816021 - Epoch: 0 Iteration: 333  rank : 0  train.loss : 6.9141740798950195  train.ips : 72315.58620689655 imgs/s train.total_time : 0.00022125244140625
TCAPPDLL 2025-11-28 13:06:25.918312 - Epoch: 0 Iteration: 334  rank : 0  train.loss : 6.903858661651611  train.ips : 72393.59654800431 imgs/s train.total_time : 0.00022101402282714844
TCAPPDLL 2025-11-28 13:06:26.029170 - Epoch: 0 Iteration: 335  rank : 0  train.loss : 6.929333209991455  train.ips : 62310.92293407614 imgs/s train.total_time : 0.0002567768096923828
TCAPPDLL 2025-11-28 13:06:26.192946 - Epoch: 0 Iteration: 336  rank : 0  train.loss : 6.979240417480469  train.ips : 69905.06666666667 imgs/s train.total_time : 0.0002288818359375
TCAPPDLL 2025-11-28 13:06:27.286116 - Epoch: 0 Iteration: 337  rank : 0  train.loss : 6.924772262573242  train.ips : 65091.041707080505 imgs/s train.total_time : 0.00024580955505371094
TCAPPDLL 2025-11-28 13:06:27.387557 - Epoch: 0 Iteration: 338  rank : 0  train.loss : 6.862062454223633  train.ips : 69113.14521112255 imgs/s train.total_time : 0.0002315044403076172
TCAPPDLL 2025-11-28 13:06:27.488177 - Epoch: 0 Iteration: 339  rank : 0  train.loss : 6.913453102111816  train.ips : 71089.89830508475 imgs/s train.total_time : 0.000225067138671875
TCAPPDLL 2025-11-28 13:06:27.611226 - Epoch: 0 Iteration: 340  rank : 0  train.loss : 6.906713485717773  train.ips : 23117.07337237341 imgs/s train.total_time : 0.0006921291351318359
TCAPPDLL 2025-11-28 13:06:27.935595 - Epoch: 0 Iteration: 341  rank : 0  train.loss : 6.926316738128662  train.ips : 56920.15606446141 imgs/s train.total_time : 0.0002810955047607422
TCAPPDLL 2025-11-28 13:06:28.040175 - Epoch: 0 Iteration: 342  rank : 0  train.loss : 6.892849922180176  train.ips : 59811.82174688057 imgs/s train.total_time : 0.0002675056457519531
TCAPPDLL 2025-11-28 13:06:28.138453 - Epoch: 0 Iteration: 343  rank : 0  train.loss : 6.929336071014404  train.ips : 71316.5398512221 imgs/s train.total_time : 0.0002243518829345703
TCAPPDLL 2025-11-28 13:06:28.236931 - Epoch: 0 Iteration: 344  rank : 0  train.loss : 6.934317588806152  train.ips : 86480.49484536082 imgs/s train.total_time : 0.0001850128173828125
TCAPPDLL 2025-11-28 13:06:28.641866 - Epoch: 0 Iteration: 345  rank : 0  train.loss : 6.883974552154541  train.ips : 51150.04878048781 imgs/s train.total_time : 0.00031280517578125
TCAPPDLL 2025-11-28 13:06:28.754637 - Epoch: 0 Iteration: 346  rank : 0  train.loss : 6.892151355743408  train.ips : 57653.66323024055 imgs/s train.total_time : 0.00027751922607421875
TCAPPDLL 2025-11-28 13:06:28.860088 - Epoch: 0 Iteration: 347  rank : 0  train.loss : 6.927552223205566  train.ips : 58919.10798946444 imgs/s train.total_time : 0.0002715587615966797
TCAPPDLL 2025-11-28 13:06:28.964998 - Epoch: 0 Iteration: 348  rank : 0  train.loss : 6.953218460083008  train.ips : 63731.11490978158 imgs/s train.total_time : 0.0002510547637939453
TCAPPDLL 2025-11-28 13:06:29.711310 - Epoch: 0 Iteration: 349  rank : 0  train.loss : 6.91193151473999  train.ips : 46313.91580400276 imgs/s train.total_time : 0.00034546852111816406
TCAPPDLL 2025-11-28 13:06:29.815392 - Epoch: 0 Iteration: 350  rank : 0  train.loss : 6.92551326751709  train.ips : 52387.871975019516 imgs/s train.total_time : 0.00030541419982910156
TCAPPDLL 2025-11-28 13:06:29.920728 - Epoch: 0 Iteration: 351  rank : 0  train.loss : 6.941943168640137  train.ips : 64652.08477842004 imgs/s train.total_time : 0.0002474784851074219
TCAPPDLL 2025-11-28 13:06:30.025933 - Epoch: 0 Iteration: 352  rank : 0  train.loss : 6.925160884857178  train.ips : 58153.261698440205 imgs/s train.total_time : 0.0002751350402832031
TCAPPDLL 2025-11-28 13:06:30.500068 - Epoch: 0 Iteration: 353  rank : 0  train.loss : 6.9477128982543945  train.ips : 68971.08324768757 imgs/s train.total_time : 0.0002319812774658203
TCAPPDLL 2025-11-28 13:06:30.595370 - Epoch: 0 Iteration: 354  rank : 0  train.loss : 6.900625705718994  train.ips : 68759.08196721312 imgs/s train.total_time : 0.000232696533203125
TCAPPDLL 2025-11-28 13:06:30.693967 - Epoch: 0 Iteration: 355  rank : 0  train.loss : 6.866559982299805  train.ips : 51781.53086419753 imgs/s train.total_time : 0.000308990478515625
TCAPPDLL 2025-11-28 13:06:30.796792 - Epoch: 0 Iteration: 356  rank : 0  train.loss : 6.946810245513916  train.ips : 49673.47446336047 imgs/s train.total_time : 0.00032210350036621094
TCAPPDLL 2025-11-28 13:06:31.216335 - Epoch: 0 Iteration: 357  rank : 0  train.loss : 6.923809051513672  train.ips : 66247.64461994077 imgs/s train.total_time : 0.0002415180206298828
TCAPPDLL 2025-11-28 13:06:31.312813 - Epoch: 0 Iteration: 358  rank : 0  train.loss : 6.911535263061523  train.ips : 72005.21888412017 imgs/s train.total_time : 0.00022220611572265625
TCAPPDLL 2025-11-28 13:06:31.409680 - Epoch: 0 Iteration: 359  rank : 0  train.loss : 6.915792465209961  train.ips : 67378.37751004015 imgs/s train.total_time : 0.00023746490478515625
TCAPPDLL 2025-11-28 13:06:31.532071 - Epoch: 0 Iteration: 360  rank : 0  train.loss : 6.914884567260742  train.ips : 69687.29387331256 imgs/s train.total_time : 0.0002295970916748047
TCAPPDLL 2025-11-28 13:06:31.906799 - Epoch: 0 Iteration: 361  rank : 0  train.loss : 6.944994926452637  train.ips : 50878.59287338893 imgs/s train.total_time : 0.00031447410583496094
TCAPPDLL 2025-11-28 13:06:32.014497 - Epoch: 0 Iteration: 362  rank : 0  train.loss : 6.928893566131592  train.ips : 50419.88279489106 imgs/s train.total_time : 0.0003173351287841797
TCAPPDLL 2025-11-28 13:06:32.112899 - Epoch: 0 Iteration: 363  rank : 0  train.loss : 6.869630813598633  train.ips : 70864.69271383315 imgs/s train.total_time : 0.0002257823944091797
TCAPPDLL 2025-11-28 13:06:32.675815 - Epoch: 0 Iteration: 364  rank : 0  train.loss : 6.896439552307129  train.ips : 64280.52107279693 imgs/s train.total_time : 0.00024890899658203125
TCAPPDLL 2025-11-28 13:06:32.844227 - Epoch: 0 Iteration: 365  rank : 0  train.loss : 6.935006141662598  train.ips : 50382.03003003003 imgs/s train.total_time : 0.00031757354736328125
TCAPPDLL 2025-11-28 13:06:32.951151 - Epoch: 0 Iteration: 366  rank : 0  train.loss : 6.90769100189209  train.ips : 59599.34635879219 imgs/s train.total_time : 0.0002684593200683594
TCAPPDLL 2025-11-28 13:06:33.058714 - Epoch: 0 Iteration: 367  rank : 0  train.loss : 6.938248634338379  train.ips : 84307.61809045226 imgs/s train.total_time : 0.00018978118896484375
TCAPPDLL 2025-11-28 13:06:33.336773 - Epoch: 0 Iteration: 368  rank : 0  train.loss : 6.919401168823242  train.ips : 53687.0912 imgs/s train.total_time : 0.0002980232238769531
TCAPPDLL 2025-11-28 13:06:33.737741 - Epoch: 0 Iteration: 369  rank : 0  train.loss : 6.889206886291504  train.ips : 37893.20383963862 imgs/s train.total_time : 0.0004222393035888672
TCAPPDLL 2025-11-28 13:06:33.882680 - Epoch: 0 Iteration: 370  rank : 0  train.loss : 6.918412208557129  train.ips : 38881.14947856315 imgs/s train.total_time : 0.0004115104675292969
TCAPPDLL 2025-11-28 13:06:34.013823 - Epoch: 0 Iteration: 371  rank : 0  train.loss : 6.939303398132324  train.ips : 35983.305093833784 imgs/s train.total_time : 0.00044465065002441406
TCAPPDLL 2025-11-28 13:06:34.187588 - Epoch: 0 Iteration: 372  rank : 0  train.loss : 6.925831317901611  train.ips : 32326.04238921002 imgs/s train.total_time : 0.0004949569702148438
TCAPPDLL 2025-11-28 13:06:34.518980 - Epoch: 0 Iteration: 373  rank : 0  train.loss : 6.8890533447265625  train.ips : 28654.510674637062 imgs/s train.total_time : 0.0005583763122558594
TCAPPDLL 2025-11-28 13:06:34.662031 - Epoch: 0 Iteration: 374  rank : 0  train.loss : 6.892603874206543  train.ips : 37490.98547486033 imgs/s train.total_time : 0.0004267692565917969
TCAPPDLL 2025-11-28 13:06:34.786187 - Epoch: 0 Iteration: 375  rank : 0  train.loss : 6.880654335021973  train.ips : 72237.74381054897 imgs/s train.total_time : 0.00022149085998535156
TCAPPDLL 2025-11-28 13:06:34.903466 - Epoch: 0 Iteration: 376  rank : 0  train.loss : 6.89169979095459  train.ips : 45435.926878808394 imgs/s train.total_time : 0.0003521442413330078
TCAPPDLL 2025-11-28 13:06:35.157081 - Epoch: 0 Iteration: 377  rank : 0  train.loss : 6.896073818206787  train.ips : 58610.3615720524 imgs/s train.total_time : 0.00027298927307128906
TCAPPDLL 2025-11-28 13:06:35.260438 - Epoch: 0 Iteration: 378  rank : 0  train.loss : 6.885274887084961  train.ips : 56158.045188284515 imgs/s train.total_time : 0.0002849102020263672
TCAPPDLL 2025-11-28 13:06:35.373654 - Epoch: 0 Iteration: 379  rank : 0  train.loss : 6.9094133377075195  train.ips : 56158.045188284515 imgs/s train.total_time : 0.0002849102020263672
TCAPPDLL 2025-11-28 13:06:35.592012 - Epoch: 0 Iteration: 380  rank : 0  train.loss : 6.858555793762207  train.ips : 53730.07526020816 imgs/s train.total_time : 0.00029778480529785156
TCAPPDLL 2025-11-28 13:06:35.995685 - Epoch: 0 Iteration: 381  rank : 0  train.loss : 6.883331298828125  train.ips : 51345.72609028309 imgs/s train.total_time : 0.0003116130828857422
TCAPPDLL 2025-11-28 13:06:36.116026 - Epoch: 0 Iteration: 382  rank : 0  train.loss : 6.965968132019043  train.ips : 47696.420753375976 imgs/s train.total_time : 0.00033545494079589844
TCAPPDLL 2025-11-28 13:06:36.221518 - Epoch: 0 Iteration: 383  rank : 0  train.loss : 6.937676429748535  train.ips : 63670.64895635674 imgs/s train.total_time : 0.0002512931823730469
TCAPPDLL 2025-11-28 13:06:36.426429 - Epoch: 0 Iteration: 384  rank : 0  train.loss : 6.962192535400391  train.ips : 48594.39826212889 imgs/s train.total_time : 0.0003292560577392578
TCAPPDLL 2025-11-28 13:06:36.869766 - Epoch: 0 Iteration: 385  rank : 0  train.loss : 6.895631313323975  train.ips : 59022.747581354444 imgs/s train.total_time : 0.00027108192443847656
TCAPPDLL 2025-11-28 13:06:36.972682 - Epoch: 0 Iteration: 386  rank : 0  train.loss : 6.934913635253906  train.ips : 57653.66323024055 imgs/s train.total_time : 0.00027751922607421875
TCAPPDLL 2025-11-28 13:06:37.077060 - Epoch: 0 Iteration: 387  rank : 0  train.loss : 6.860593795776367  train.ips : 60241.35008976661 imgs/s train.total_time : 0.0002655982971191406
TCAPPDLL 2025-11-28 13:06:37.210279 - Epoch: 0 Iteration: 388  rank : 0  train.loss : 6.950436115264893  train.ips : 48559.23589001447 imgs/s train.total_time : 0.0003294944763183594
TCAPPDLL 2025-11-28 13:06:37.547504 - Epoch: 0 Iteration: 389  rank : 0  train.loss : 6.971700668334961  train.ips : 54471.48051948052 imgs/s train.total_time : 0.000293731689453125
TCAPPDLL 2025-11-28 13:06:37.684502 - Epoch: 0 Iteration: 390  rank : 0  train.loss : 6.8527092933654785  train.ips : 35227.750131233595 imgs/s train.total_time : 0.00045418739318847656
TCAPPDLL 2025-11-28 13:06:37.813373 - Epoch: 0 Iteration: 391  rank : 0  train.loss : 6.938681125640869  train.ips : 54648.912052117266 imgs/s train.total_time : 0.00029277801513671875
TCAPPDLL 2025-11-28 13:06:37.925086 - Epoch: 0 Iteration: 392  rank : 0  train.loss : 6.9269938468933105  train.ips : 34843.64693665628 imgs/s train.total_time : 0.0004591941833496094
TCAPPDLL 2025-11-28 13:06:38.732305 - Epoch: 0 Iteration: 393  rank : 0  train.loss : 6.937101364135742  train.ips : 52510.84820031299 imgs/s train.total_time : 0.0003046989440917969
TCAPPDLL 2025-11-28 13:06:38.842974 - Epoch: 0 Iteration: 394  rank : 0  train.loss : 6.908299922943115  train.ips : 38326.02170188464 imgs/s train.total_time : 0.00041747093200683594
TCAPPDLL 2025-11-28 13:06:38.952411 - Epoch: 0 Iteration: 395  rank : 0  train.loss : 6.941977500915527  train.ips : 36333.98159177044 imgs/s train.total_time : 0.00044035911560058594
TCAPPDLL 2025-11-28 13:06:39.073740 - Epoch: 0 Iteration: 396  rank : 0  train.loss : 6.922485828399658  train.ips : 45776.85129604366 imgs/s train.total_time : 0.0003495216369628906
TCAPPDLL 2025-11-28 13:06:39.384964 - Epoch: 0 Iteration: 397  rank : 0  train.loss : 6.9062299728393555  train.ips : 57309.021349274124 imgs/s train.total_time : 0.0002791881561279297
TCAPPDLL 2025-11-28 13:06:39.488950 - Epoch: 0 Iteration: 398  rank : 0  train.loss : 6.9066877365112305  train.ips : 38612.69505178366 imgs/s train.total_time : 0.0004143714904785156
TCAPPDLL 2025-11-28 13:06:39.596047 - Epoch: 0 Iteration: 399  rank : 0  train.loss : 6.926405906677246  train.ips : 47594.9390070922 imgs/s train.total_time : 0.0003361701965332031
TCAPPDLL 2025-11-28 13:06:39.704497 - Epoch: 0 Iteration: 400  rank : 0  train.loss : 6.872204780578613  train.ips : 38086.75595913734 imgs/s train.total_time : 0.0004200935363769531
TCAPPDLL 2025-11-28 13:06:40.050197 - Epoch: 0 Iteration: 401  rank : 0  train.loss : 6.872232437133789  train.ips : 39898.254458977404 imgs/s train.total_time : 0.0004010200500488281
TCAPPDLL 2025-11-28 13:06:40.175639 - Epoch: 0 Iteration: 402  rank : 0  train.loss : 6.891059875488281  train.ips : 54427.30251419303 imgs/s train.total_time : 0.00029397010803222656
TCAPPDLL 2025-11-28 13:06:40.286456 - Epoch: 0 Iteration: 403  rank : 0  train.loss : 6.912414073944092  train.ips : 37786.52252252252 imgs/s train.total_time : 0.000423431396484375
TCAPPDLL 2025-11-28 13:06:40.406684 - Epoch: 0 Iteration: 404  rank : 0  train.loss : 6.946550369262695  train.ips : 52428.8 imgs/s train.total_time : 0.00030517578125
TCAPPDLL 2025-11-28 13:06:40.806434 - Epoch: 0 Iteration: 405  rank : 0  train.loss : 6.907323360443115  train.ips : 49673.47446336047 imgs/s train.total_time : 0.00032210350036621094
TCAPPDLL 2025-11-28 13:06:40.919920 - Epoch: 0 Iteration: 406  rank : 0  train.loss : 6.953362464904785  train.ips : 60677.09222423146 imgs/s train.total_time : 0.0002636909484863281
TCAPPDLL 2025-11-28 13:06:41.021812 - Epoch: 0 Iteration: 407  rank : 0  train.loss : 6.90831995010376  train.ips : 69542.86424870466 imgs/s train.total_time : 0.0002300739288330078
TCAPPDLL 2025-11-28 13:06:41.121803 - Epoch: 0 Iteration: 408  rank : 0  train.loss : 6.819452285766602  train.ips : 77492.91454965358 imgs/s train.total_time : 0.00020647048950195312
TCAPPDLL 2025-11-28 13:06:41.858235 - Epoch: 0 Iteration: 409  rank : 0  train.loss : 6.964608192443848  train.ips : 68408.62793068298 imgs/s train.total_time : 0.0002338886260986328
TCAPPDLL 2025-11-28 13:06:41.952035 - Epoch: 0 Iteration: 410  rank : 0  train.loss : 6.889802932739258  train.ips : 65857.57016683022 imgs/s train.total_time : 0.0002429485321044922
TCAPPDLL 2025-11-28 13:06:42.050824 - Epoch: 0 Iteration: 411  rank : 0  train.loss : 6.898261070251465  train.ips : 67581.93756294058 imgs/s train.total_time : 0.00023674964904785156
TCAPPDLL 2025-11-28 13:06:42.150936 - Epoch: 0 Iteration: 412  rank : 0  train.loss : 6.942758560180664  train.ips : 47393.265536723164 imgs/s train.total_time : 0.0003376007080078125
TCAPPDLL 2025-11-28 13:06:42.685928 - Epoch: 0 Iteration: 413  rank : 0  train.loss : 6.897698879241943  train.ips : 72550.12324324324 imgs/s train.total_time : 0.0002205371856689453
TCAPPDLL 2025-11-28 13:06:42.787220 - Epoch: 0 Iteration: 414  rank : 0  train.loss : 6.912581920623779  train.ips : 59972.17515638963 imgs/s train.total_time : 0.00026679039001464844
TCAPPDLL 2025-11-28 13:06:42.888530 - Epoch: 0 Iteration: 415  rank : 0  train.loss : 6.905323505401611  train.ips : 76871.55097365407 imgs/s train.total_time : 0.00020813941955566406
TCAPPDLL 2025-11-28 13:06:42.990053 - Epoch: 0 Iteration: 416  rank : 0  train.loss : 6.8868865966796875  train.ips : 71316.5398512221 imgs/s train.total_time : 0.0002243518829345703
TCAPPDLL 2025-11-28 13:06:43.469990 - Epoch: 0 Iteration: 417  rank : 0  train.loss : 6.939140796661377  train.ips : 49344.75294117647 imgs/s train.total_time : 0.000324249267578125
TCAPPDLL 2025-11-28 13:06:43.576463 - Epoch: 0 Iteration: 418  rank : 0  train.loss : 6.890024662017822  train.ips : 65664.25048923679 imgs/s train.total_time : 0.00024366378784179688
TCAPPDLL 2025-11-28 13:06:43.677476 - Epoch: 0 Iteration: 419  rank : 0  train.loss : 6.907006740570068  train.ips : 63550.06060606061 imgs/s train.total_time : 0.00025177001953125
TCAPPDLL 2025-11-28 13:06:43.779159 - Epoch: 0 Iteration: 420  rank : 0  train.loss : 6.909344673156738  train.ips : 42366.707070707074 imgs/s train.total_time : 0.000377655029296875
TCAPPDLL 2025-11-28 13:06:44.281886 - Epoch: 0 Iteration: 421  rank : 0  train.loss : 6.927970886230469  train.ips : 67176.04004004004 imgs/s train.total_time : 0.00023818016052246094
TCAPPDLL 2025-11-28 13:06:44.388684 - Epoch: 0 Iteration: 422  rank : 0  train.loss : 6.949054718017578  train.ips : 35469.801268498944 imgs/s train.total_time : 0.00045108795166015625
TCAPPDLL 2025-11-28 13:06:44.496285 - Epoch: 0 Iteration: 423  rank : 0  train.loss : 6.921710014343262  train.ips : 68130.82639593909 imgs/s train.total_time : 0.00023484230041503906
TCAPPDLL 2025-11-28 13:06:44.598276 - Epoch: 0 Iteration: 424  rank : 0  train.loss : 6.9291510581970215  train.ips : 62777.234798877456 imgs/s train.total_time : 0.0002548694610595703
TCAPPDLL 2025-11-28 13:06:45.360163 - Epoch: 0 Iteration: 425  rank : 0  train.loss : 6.9009480476379395  train.ips : 43436.15792880259 imgs/s train.total_time : 0.00036835670471191406
TCAPPDLL 2025-11-28 13:06:45.548672 - Epoch: 0 Iteration: 426  rank : 0  train.loss : 6.891484260559082  train.ips : 44267.06068601583 imgs/s train.total_time : 0.00036144256591796875
TCAPPDLL 2025-11-28 13:06:45.713533 - Epoch: 0 Iteration: 427  rank : 0  train.loss : 6.947822570800781  train.ips : 27938.744379683598 imgs/s train.total_time : 0.0005726814270019531
TCAPPDLL 2025-11-28 13:06:45.857131 - Epoch: 0 Iteration: 428  rank : 0  train.loss : 6.920829772949219  train.ips : 19440.574739281576 imgs/s train.total_time : 0.0008230209350585938
TCAPPDLL 2025-11-28 13:06:46.271440 - Epoch: 0 Iteration: 429  rank : 0  train.loss : 6.934636116027832  train.ips : 26306.885143081145 imgs/s train.total_time : 0.0006082057952880859
TCAPPDLL 2025-11-28 13:06:46.407171 - Epoch: 0 Iteration: 430  rank : 0  train.loss : 6.932685852050781  train.ips : 27548.7947454844 imgs/s train.total_time : 0.0005807876586914062
TCAPPDLL 2025-11-28 13:06:46.541203 - Epoch: 0 Iteration: 431  rank : 0  train.loss : 6.886679649353027  train.ips : 27811.381682552837 imgs/s train.total_time : 0.0005753040313720703
TCAPPDLL 2025-11-28 13:06:46.703736 - Epoch: 0 Iteration: 432  rank : 0  train.loss : 6.871281147003174  train.ips : 68688.70419651996 imgs/s train.total_time : 0.00023293495178222656
TCAPPDLL 2025-11-28 13:06:46.948186 - Epoch: 0 Iteration: 433  rank : 0  train.loss : 6.932833671569824  train.ips : 114716.00683760684 imgs/s train.total_time : 0.00013947486877441406
TCAPPDLL 2025-11-28 13:06:47.050233 - Epoch: 0 Iteration: 434  rank : 0  train.loss : 6.9277849197387695  train.ips : 67855.27199191102 imgs/s train.total_time : 0.0002357959747314453
TCAPPDLL 2025-11-28 13:06:47.153553 - Epoch: 0 Iteration: 435  rank : 0  train.loss : 6.919544696807861  train.ips : 74731.47438752784 imgs/s train.total_time : 0.00021409988403320312
TCAPPDLL 2025-11-28 13:06:47.248587 - Epoch: 0 Iteration: 436  rank : 0  train.loss : 6.8822021484375  train.ips : 74898.28571428571 imgs/s train.total_time : 0.000213623046875
TCAPPDLL 2025-11-28 13:06:47.769489 - Epoch: 0 Iteration: 437  rank : 0  train.loss : 6.90793514251709  train.ips : 62137.83703703704 imgs/s train.total_time : 0.0002574920654296875
TCAPPDLL 2025-11-28 13:06:47.869674 - Epoch: 0 Iteration: 438  rank : 0  train.loss : 6.929108142852783  train.ips : 64776.895752895754 imgs/s train.total_time : 0.00024700164794921875
TCAPPDLL 2025-11-28 13:06:47.972836 - Epoch: 0 Iteration: 439  rank : 0  train.loss : 6.893205165863037  train.ips : 80177.85424133811 imgs/s train.total_time : 0.0001995563507080078
TCAPPDLL 2025-11-28 13:06:48.071124 - Epoch: 0 Iteration: 440  rank : 0  train.loss : 6.893930912017822  train.ips : 72315.58620689655 imgs/s train.total_time : 0.00022125244140625
TCAPPDLL 2025-11-28 13:06:48.667499 - Epoch: 0 Iteration: 441  rank : 0  train.loss : 6.900690078735352  train.ips : 56775.68866328257 imgs/s train.total_time : 0.0002818107604980469
TCAPPDLL 2025-11-28 13:06:48.765395 - Epoch: 0 Iteration: 442  rank : 0  train.loss : 6.928009986877441  train.ips : 70566.62881177707 imgs/s train.total_time : 0.00022673606872558594
TCAPPDLL 2025-11-28 13:06:48.859225 - Epoch: 0 Iteration: 443  rank : 0  train.loss : 6.907570838928223  train.ips : 75065.84340044743 imgs/s train.total_time : 0.00021314620971679688
TCAPPDLL 2025-11-28 13:06:48.962021 - Epoch: 0 Iteration: 444  rank : 0  train.loss : 6.912681579589844  train.ips : 68408.62793068298 imgs/s train.total_time : 0.0002338886260986328
TCAPPDLL 2025-11-28 13:06:49.435904 - Epoch: 0 Iteration: 445  rank : 0  train.loss : 7.015156269073486  train.ips : 66117.10738916256 imgs/s train.total_time : 0.00024199485778808594
TCAPPDLL 2025-11-28 13:06:49.535481 - Epoch: 0 Iteration: 446  rank : 0  train.loss : 6.946413516998291  train.ips : 68200.06504065041 imgs/s train.total_time : 0.0002346038818359375
TCAPPDLL 2025-11-28 13:06:49.632344 - Epoch: 0 Iteration: 447  rank : 0  train.loss : 6.943973541259766  train.ips : 68829.6041025641 imgs/s train.total_time : 0.00023245811462402344
TCAPPDLL 2025-11-28 13:06:49.732979 - Epoch: 0 Iteration: 448  rank : 0  train.loss : 6.943662643432617  train.ips : 86480.49484536082 imgs/s train.total_time : 0.0001850128173828125
TCAPPDLL 2025-11-28 13:06:50.186303 - Epoch: 0 Iteration: 449  rank : 0  train.loss : 6.9274983406066895  train.ips : 68478.43265306123 imgs/s train.total_time : 0.00023365020751953125
TCAPPDLL 2025-11-28 13:06:50.281914 - Epoch: 0 Iteration: 450  rank : 0  train.loss : 6.941373825073242  train.ips : 82241.25490196078 imgs/s train.total_time : 0.000194549560546875
TCAPPDLL 2025-11-28 13:06:50.375740 - Epoch: 0 Iteration: 451  rank : 0  train.loss : 6.9432454109191895  train.ips : 62953.906191369606 imgs/s train.total_time : 0.0002541542053222656
TCAPPDLL 2025-11-28 13:06:50.474740 - Epoch: 0 Iteration: 452  rank : 0  train.loss : 6.881916522979736  train.ips : 35715.20170303353 imgs/s train.total_time : 0.00044798851013183594
TCAPPDLL 2025-11-28 13:06:50.889154 - Epoch: 0 Iteration: 453  rank : 0  train.loss : 6.913521766662598  train.ips : 67378.37751004015 imgs/s train.total_time : 0.00023746490478515625
TCAPPDLL 2025-11-28 13:06:50.988026 - Epoch: 0 Iteration: 454  rank : 0  train.loss : 6.928074836730957  train.ips : 76959.70642201835 imgs/s train.total_time : 0.0002079010009765625
TCAPPDLL 2025-11-28 13:06:51.085485 - Epoch: 0 Iteration: 455  rank : 0  train.loss : 6.8553643226623535  train.ips : 68688.70419651996 imgs/s train.total_time : 0.00023293495178222656
TCAPPDLL 2025-11-28 13:06:51.183232 - Epoch: 0 Iteration: 456  rank : 0  train.loss : 6.951981544494629  train.ips : 60622.28003613369 imgs/s train.total_time : 0.0002639293670654297
TCAPPDLL 2025-11-28 13:06:51.781057 - Epoch: 0 Iteration: 457  rank : 0  train.loss : 6.893974781036377  train.ips : 45714.48501362398 imgs/s train.total_time : 0.00034999847412109375
