/root/miniconda3/envs/wyc_mmlab2/lib/python3.9/site-packages/torch/utils/cpp_extension.py:28: UserWarning: pkg_resources is deprecated as an API. See https://setuptools.pypa.io/en/latest/pkg_resources.html. The pkg_resources package is slated for removal as early as 2025-11-30. Refrain from using this package or pin to Setuptools<81.
  from pkg_resources import packaging  # type: ignore[attr-defined]
06/27 03:58:51 - mmengine - INFO - 
------------------------------------------------------------
System environment:
    sys.platform: linux
    Python: 3.9.23 (main, Jun  5 2025, 13:40:20) [GCC 11.2.0]
    CUDA available: True
    MUSA available: False
    numpy_random_seed: 860366768
    GPU 0: NVIDIA GeForce RTX 4090
    CUDA_HOME: /usr/local/cuda
    NVCC: Cuda compilation tools, release 12.9, V12.9.86
    GCC: gcc (Ubuntu 11.4.0-1ubuntu1~22.04) 11.4.0
    PyTorch: 2.1.0+cu121
    PyTorch compiling details: PyTorch built with:
  - GCC 9.3
  - C++ Version: 201703
  - Intel(R) oneAPI Math Kernel Library Version 2023.1-Product Build 20230303 for Intel(R) 64 architecture applications
  - Intel(R) MKL-DNN v3.1.1 (Git Hash 64f6bcbcbab628e96f33a62c3e975f8535a7bde4)
  - OpenMP 201511 (a.k.a. OpenMP 4.5)
  - LAPACK is enabled (usually provided by MKL)
  - NNPACK is enabled
  - CPU capability usage: AVX512
  - CUDA Runtime 12.1
  - NVCC architecture flags: -gencode;arch=compute_50,code=sm_50;-gencode;arch=compute_60,code=sm_60;-gencode;arch=compute_70,code=sm_70;-gencode;arch=compute_75,code=sm_75;-gencode;arch=compute_80,code=sm_80;-gencode;arch=compute_86,code=sm_86;-gencode;arch=compute_90,code=sm_90
  - CuDNN 8.9.2
  - Magma 2.6.1
  - Build settings: BLAS_INFO=mkl, BUILD_TYPE=Release, CUDA_VERSION=12.1, CUDNN_VERSION=8.9.2, CXX_COMPILER=/opt/rh/devtoolset-9/root/usr/bin/c++, CXX_FLAGS= -D_GLIBCXX_USE_CXX11_ABI=0 -fabi-version=11 -fvisibility-inlines-hidden -DUSE_PTHREADPOOL -DNDEBUG -DUSE_KINETO -DLIBKINETO_NOROCTRACER -DUSE_FBGEMM -DUSE_QNNPACK -DUSE_PYTORCH_QNNPACK -DUSE_XNNPACK -DSYMBOLICATE_MOBILE_DEBUG_HANDLE -O2 -fPIC -Wall -Wextra -Werror=return-type -Werror=non-virtual-dtor -Werror=bool-operation -Wnarrowing -Wno-missing-field-initializers -Wno-type-limits -Wno-array-bounds -Wno-unknown-pragmas -Wno-unused-parameter -Wno-unused-function -Wno-unused-result -Wno-strict-overflow -Wno-strict-aliasing -Wno-stringop-overflow -Wno-psabi -Wno-error=pedantic -Wno-error=old-style-cast -Wno-invalid-partial-specialization -Wno-unused-private-field -Wno-aligned-allocation-unavailable -Wno-missing-braces -fdiagnostics-color=always -faligned-new -Wno-unused-but-set-variable -Wno-maybe-uninitialized -fno-math-errno -fno-trapping-math -Werror=format -Werror=cast-function-type -Wno-stringop-overflow, LAPACK_INFO=mkl, PERF_WITH_AVX=1, PERF_WITH_AVX2=1, PERF_WITH_AVX512=1, TORCH_DISABLE_GPU_ASSERTS=ON, TORCH_VERSION=2.1.0, USE_CUDA=ON, USE_CUDNN=ON, USE_EXCEPTION_PTR=1, USE_GFLAGS=OFF, USE_GLOG=OFF, USE_MKL=ON, USE_MKLDNN=ON, USE_MPI=OFF, USE_NCCL=1, USE_NNPACK=ON, USE_OPENMP=ON, USE_ROCM=OFF, 

    TorchVision: 0.16.0+cu121
    OpenCV: 4.11.0
    MMEngine: 0.10.4

Runtime environment:
    cudnn_benchmark: False
    mp_cfg: {'mp_start_method': 'fork', 'opencv_num_threads': 0}
    dist_cfg: {'backend': 'nccl'}
    seed: 860366768
    Distributed launcher: none
    Distributed training: False
    GPU number: 1
------------------------------------------------------------

06/27 03:58:51 - mmengine - INFO - Config:
auto_scale_lr = dict(base_batch_size=16, enable=False)
backend_args = None
data_root = '/home/01/wyc/datasets/coco/'
dataset_type = 'CocoDataset'
default_hooks = dict(
    checkpoint=dict(interval=1, type='CheckpointHook'),
    logger=dict(interval=50, type='LoggerHook'),
    param_scheduler=dict(type='ParamSchedulerHook'),
    sampler_seed=dict(type='DistSamplerSeedHook'),
    timer=dict(type='IterTimerHook'),
    visualization=dict(type='DetVisualizationHook'))
default_scope = 'mmdet'
env_cfg = dict(
    cudnn_benchmark=False,
    dist_cfg=dict(backend='nccl'),
    mp_cfg=dict(mp_start_method='fork', opencv_num_threads=0))
launcher = 'none'
load_from = None
log_level = 'INFO'
log_processor = dict(by_epoch=True, type='LogProcessor', window_size=50)
model = dict(
    backbone=dict(
        depth=50,
        frozen_stages=1,
        init_cfg=dict(
            checkpoint='open-mmlab://detectron2/resnet50_caffe',
            type='Pretrained'),
        norm_cfg=dict(requires_grad=False, type='BN'),
        norm_eval=True,
        num_stages=4,
        out_indices=(
            0,
            1,
            2,
            3,
        ),
        style='caffe',
        type='ResNet'),
    data_preprocessor=dict(
        bgr_to_rgb=False,
        mean=[
            103.53,
            116.28,
            123.675,
        ],
        pad_mask=True,
        pad_size_divisor=32,
        std=[
            1.0,
            1.0,
            1.0,
        ],
        type='DetDataPreprocessor'),
    neck=dict(
        in_channels=[
            256,
            512,
            1024,
            2048,
        ],
        num_outs=5,
        out_channels=256,
        type='FPN'),
    roi_head=dict(
        bbox_head=dict(
            bbox_coder=dict(
                target_means=[
                    0.0,
                    0.0,
                    0.0,
                    0.0,
                ],
                target_stds=[
                    0.1,
                    0.1,
                    0.2,
                    0.2,
                ],
                type='DeltaXYWHBBoxCoder'),
            fc_out_channels=1024,
            in_channels=256,
            loss_bbox=dict(loss_weight=1.0, type='L1Loss'),
            loss_cls=dict(
                loss_weight=1.0, type='CrossEntropyLoss', use_sigmoid=False),
            num_classes=80,
            reg_class_agnostic=False,
            roi_feat_size=7,
            type='Shared2FCBBoxHead'),
        bbox_roi_extractor=dict(
            featmap_strides=[
                4,
                8,
                16,
                32,
            ],
            out_channels=256,
            roi_layer=dict(output_size=7, sampling_ratio=0, type='RoIAlign'),
            type='SingleRoIExtractor'),
        mask_head=dict(
            conv_out_channels=256,
            fc_out_channels=1024,
            in_channels=256,
            loss_mask=dict(
                loss_weight=1.0, type='CrossEntropyLoss', use_mask=True),
            num_classes=80,
            num_fcs=2,
            type='CoarseMaskHead'),
        mask_roi_extractor=dict(
            aggregation='concat',
            featmap_strides=[
                4,
            ],
            out_channels=256,
            roi_layer=dict(output_size=14, type='SimpleRoIAlign'),
            type='GenericRoIExtractor'),
        point_head=dict(
            coarse_pred_each_layer=True,
            fc_channels=256,
            in_channels=256,
            loss_point=dict(
                loss_weight=1.0, type='CrossEntropyLoss', use_mask=True),
            num_classes=80,
            num_fcs=3,
            type='MaskPointHead'),
        type='PointRendRoIHead'),
    rpn_head=dict(
        anchor_generator=dict(
            ratios=[
                0.5,
                1.0,
                2.0,
            ],
            scales=[
                8,
            ],
            strides=[
                4,
                8,
                16,
                32,
                64,
            ],
            type='AnchorGenerator'),
        bbox_coder=dict(
            target_means=[
                0.0,
                0.0,
                0.0,
                0.0,
            ],
            target_stds=[
                1.0,
                1.0,
                1.0,
                1.0,
            ],
            type='DeltaXYWHBBoxCoder'),
        feat_channels=256,
        in_channels=256,
        loss_bbox=dict(loss_weight=1.0, type='L1Loss'),
        loss_cls=dict(
            loss_weight=1.0, type='CrossEntropyLoss', use_sigmoid=True),
        type='RPNHead'),
    test_cfg=dict(
        rcnn=dict(
            mask_thr_binary=0.5,
            max_per_img=100,
            nms=dict(iou_threshold=0.5, type='nms'),
            scale_factor=2,
            score_thr=0.05,
            subdivision_num_points=784,
            subdivision_steps=5),
        rpn=dict(
            max_per_img=1000,
            min_bbox_size=0,
            nms=dict(iou_threshold=0.7, type='nms'),
            nms_pre=1000)),
    train_cfg=dict(
        rcnn=dict(
            assigner=dict(
                ignore_iof_thr=-1,
                match_low_quality=True,
                min_pos_iou=0.5,
                neg_iou_thr=0.5,
                pos_iou_thr=0.5,
                type='MaxIoUAssigner'),
            debug=False,
            importance_sample_ratio=0.75,
            mask_size=7,
            num_points=196,
            oversample_ratio=3,
            pos_weight=-1,
            sampler=dict(
                add_gt_as_proposals=True,
                neg_pos_ub=-1,
                num=512,
                pos_fraction=0.25,
                type='RandomSampler')),
        rpn=dict(
            allowed_border=-1,
            assigner=dict(
                ignore_iof_thr=-1,
                match_low_quality=True,
                min_pos_iou=0.3,
                neg_iou_thr=0.3,
                pos_iou_thr=0.7,
                type='MaxIoUAssigner'),
            debug=False,
            pos_weight=-1,
            sampler=dict(
                add_gt_as_proposals=False,
                neg_pos_ub=-1,
                num=256,
                pos_fraction=0.5,
                type='RandomSampler')),
        rpn_proposal=dict(
            max_per_img=1000,
            min_bbox_size=0,
            nms=dict(iou_threshold=0.7, type='nms'),
            nms_pre=2000)),
    type='PointRend')
optim_wrapper = dict(
    optimizer=dict(lr=0.0005, momentum=0.9, type='SGD', weight_decay=0.0001),
    type='OptimWrapper')
param_scheduler = [
    dict(
        begin=0, by_epoch=False, end=500, start_factor=0.001, type='LinearLR'),
    dict(
        begin=0,
        by_epoch=True,
        end=12,
        gamma=0.1,
        milestones=[
            8,
            11,
        ],
        type='MultiStepLR'),
]
resume = False
test_cfg = dict(type='TestLoop')
test_dataloader = dict(
    batch_size=1,
    dataset=dict(
        ann_file='annotations/instances_val2017.json',
        backend_args=None,
        data_prefix=dict(img='images/val2017/'),
        data_root='/home/01/wyc/datasets/coco/',
        pipeline=[
            dict(backend_args=None, type='LoadImageFromFile'),
            dict(keep_ratio=True, scale=(
                1333,
                800,
            ), type='Resize'),
            dict(type='LoadAnnotations', with_bbox=True, with_mask=True),
            dict(
                meta_keys=(
                    'img_id',
                    'img_path',
                    'ori_shape',
                    'img_shape',
                    'scale_factor',
                ),
                type='PackDetInputs'),
        ],
        test_mode=True,
        type='CocoDataset'),
    drop_last=False,
    num_workers=2,
    persistent_workers=True,
    sampler=dict(shuffle=False, type='DefaultSampler'))
test_evaluator = dict(
    ann_file='/home/01/wyc/datasets/coco/annotations/instances_val2017.json',
    backend_args=None,
    format_only=False,
    metric=[
        'bbox',
        'segm',
    ],
    type='CocoMetric')
test_pipeline = [
    dict(backend_args=None, type='LoadImageFromFile'),
    dict(keep_ratio=True, scale=(
        1333,
        800,
    ), type='Resize'),
    dict(type='LoadAnnotations', with_bbox=True, with_mask=True),
    dict(
        meta_keys=(
            'img_id',
            'img_path',
            'ori_shape',
            'img_shape',
            'scale_factor',
        ),
        type='PackDetInputs'),
]
train_cfg = dict(max_epochs=12, type='EpochBasedTrainLoop', val_interval=1)
train_dataloader = dict(
    batch_sampler=dict(type='AspectRatioBatchSampler'),
    batch_size=4,
    dataset=dict(
        ann_file='annotations/instances_train2017.json',
        backend_args=None,
        data_prefix=dict(img='images/train2017/'),
        data_root='/home/01/wyc/datasets/coco/',
        filter_cfg=dict(filter_empty_gt=True, min_size=32),
        pipeline=[
            dict(backend_args=None, type='LoadImageFromFile'),
            dict(type='LoadAnnotations', with_bbox=True, with_mask=True),
            dict(
                keep_ratio=True,
                scales=[
                    (
                        1333,
                        640,
                    ),
                    (
                        1333,
                        672,
                    ),
                    (
                        1333,
                        704,
                    ),
                    (
                        1333,
                        736,
                    ),
                    (
                        1333,
                        768,
                    ),
                    (
                        1333,
                        800,
                    ),
                ],
                type='RandomChoiceResize'),
            dict(prob=0.5, type='RandomFlip'),
            dict(type='PackDetInputs'),
        ],
        type='CocoDataset'),
    num_workers=4,
    persistent_workers=True,
    sampler=dict(shuffle=True, type='DefaultSampler'))
train_pipeline = [
    dict(backend_args=None, type='LoadImageFromFile'),
    dict(type='LoadAnnotations', with_bbox=True, with_mask=True),
    dict(
        keep_ratio=True,
        scales=[
            (
                1333,
                640,
            ),
            (
                1333,
                672,
            ),
            (
                1333,
                704,
            ),
            (
                1333,
                736,
            ),
            (
                1333,
                768,
            ),
            (
                1333,
                800,
            ),
        ],
        type='RandomChoiceResize'),
    dict(prob=0.5, type='RandomFlip'),
    dict(type='PackDetInputs'),
]
val_cfg = dict(type='ValLoop')
val_dataloader = dict(
    batch_size=1,
    dataset=dict(
        ann_file='annotations/instances_val2017.json',
        backend_args=None,
        data_prefix=dict(img='images/val2017/'),
        data_root='/home/01/wyc/datasets/coco/',
        pipeline=[
            dict(backend_args=None, type='LoadImageFromFile'),
            dict(keep_ratio=True, scale=(
                1333,
                800,
            ), type='Resize'),
            dict(type='LoadAnnotations', with_bbox=True, with_mask=True),
            dict(
                meta_keys=(
                    'img_id',
                    'img_path',
                    'ori_shape',
                    'img_shape',
                    'scale_factor',
                ),
                type='PackDetInputs'),
        ],
        test_mode=True,
        type='CocoDataset'),
    drop_last=False,
    num_workers=2,
    persistent_workers=True,
    sampler=dict(shuffle=False, type='DefaultSampler'))
val_evaluator = dict(
    ann_file='/home/01/wyc/datasets/coco/annotations/instances_val2017.json',
    backend_args=None,
    format_only=False,
    metric=[
        'bbox',
        'segm',
    ],
    type='CocoMetric')
vis_backends = [
    dict(type='LocalVisBackend'),
]
visualizer = dict(
    name='visualizer',
    type='DetLocalVisualizer',
    vis_backends=[
        dict(type='LocalVisBackend'),
    ])
work_dir = './work_dirs/point-rend_r50-caffe_fpn_ms-1x_coco'

06/27 03:58:53 - mmengine - INFO - Distributed training is not used, all SyncBatchNorm (SyncBN) layers in the model will be automatically reverted to BatchNormXd layers if they are used.
06/27 03:58:53 - mmengine - INFO - Hooks will be executed in the following order:
before_run:
(VERY_HIGH   ) RuntimeInfoHook                    
(BELOW_NORMAL) LoggerHook                         
 -------------------- 
before_train:
(VERY_HIGH   ) RuntimeInfoHook                    
(NORMAL      ) IterTimerHook                      
(VERY_LOW    ) CheckpointHook                     
 -------------------- 
before_train_epoch:
(VERY_HIGH   ) RuntimeInfoHook                    
(NORMAL      ) IterTimerHook                      
(NORMAL      ) DistSamplerSeedHook                
 -------------------- 
before_train_iter:
(VERY_HIGH   ) RuntimeInfoHook                    
(NORMAL      ) IterTimerHook                      
 -------------------- 
after_train_iter:
(VERY_HIGH   ) RuntimeInfoHook                    
(NORMAL      ) IterTimerHook                      
(BELOW_NORMAL) LoggerHook                         
(LOW         ) ParamSchedulerHook                 
(VERY_LOW    ) CheckpointHook                     
 -------------------- 
after_train_epoch:
(NORMAL      ) IterTimerHook                      
(LOW         ) ParamSchedulerHook                 
(VERY_LOW    ) CheckpointHook                     
 -------------------- 
before_val:
(VERY_HIGH   ) RuntimeInfoHook                    
 -------------------- 
before_val_epoch:
(NORMAL      ) IterTimerHook                      
 -------------------- 
before_val_iter:
(NORMAL      ) IterTimerHook                      
 -------------------- 
after_val_iter:
(NORMAL      ) IterTimerHook                      
(NORMAL      ) DetVisualizationHook               
(BELOW_NORMAL) LoggerHook                         
 -------------------- 
after_val_epoch:
(VERY_HIGH   ) RuntimeInfoHook                    
(NORMAL      ) IterTimerHook                      
(BELOW_NORMAL) LoggerHook                         
(LOW         ) ParamSchedulerHook                 
(VERY_LOW    ) CheckpointHook                     
 -------------------- 
after_val:
(VERY_HIGH   ) RuntimeInfoHook                    
 -------------------- 
after_train:
(VERY_HIGH   ) RuntimeInfoHook                    
(VERY_LOW    ) CheckpointHook                     
 -------------------- 
before_test:
(VERY_HIGH   ) RuntimeInfoHook                    
 -------------------- 
before_test_epoch:
(NORMAL      ) IterTimerHook                      
 -------------------- 
before_test_iter:
(NORMAL      ) IterTimerHook                      
 -------------------- 
after_test_iter:
(NORMAL      ) IterTimerHook                      
(NORMAL      ) DetVisualizationHook               
(BELOW_NORMAL) LoggerHook                         
 -------------------- 
after_test_epoch:
(VERY_HIGH   ) RuntimeInfoHook                    
(NORMAL      ) IterTimerHook                      
(BELOW_NORMAL) LoggerHook                         
 -------------------- 
after_test:
(VERY_HIGH   ) RuntimeInfoHook                    
 -------------------- 
after_run:
(BELOW_NORMAL) LoggerHook                         
 -------------------- 
loading annotations into memory...
Done (t=14.66s)
creating index...
index created!
loading annotations into memory...
Done (t=0.58s)
creating index...
index created!
loading annotations into memory...
Done (t=0.57s)
creating index...
index created!
06/27 03:59:26 - mmengine - INFO - load model from: open-mmlab://detectron2/resnet50_caffe
06/27 03:59:26 - mmengine - INFO - Loads checkpoint by openmmlab backend from path: open-mmlab://detectron2/resnet50_caffe
06/27 03:59:26 - mmengine - WARNING - The model and loaded state dict do not match exactly

unexpected key in source state_dict: conv1.bias

06/27 03:59:26 - mmengine - WARNING - "FileClient" will be deprecated in future. Please use io functions in https://mmengine.readthedocs.io/en/latest/api/fileio.html#file-io
06/27 03:59:26 - mmengine - WARNING - "HardDiskBackend" is the alias of "LocalBackend" and the former will be deprecated in future.
06/27 03:59:26 - mmengine - INFO - Checkpoints will be saved to /home/01/wyc/mmdetection/work_dirs/point-rend_r50-caffe_fpn_ms-1x_coco.
/root/miniconda3/envs/wyc_mmlab2/lib/python3.9/site-packages/mmdet/models/task_modules/samplers/sampling_result.py:132: UserWarning: DeprecationWarning: pos_bboxes is deprecated, please use "pos_priors" instead
  warnings.warn('DeprecationWarning: pos_bboxes is deprecated, '
TCAPPDLL 2025-06-27 03:59:29.668159 - Epoch: 0 Iteration: 0  rank : 0  train.loss : 6.956027984619141  train.ips : 1.3213675383311367 imgs/s train.total_time : 3.0271668434143066 
TCAPPDLL 2025-06-27 03:59:30.167690 - Epoch: 0 Iteration: 1  rank : 0  train.loss : 6.878425598144531  train.ips : 8.009586363684104 imgs/s train.total_time : 0.4994015693664551 
TCAPPDLL 2025-06-27 03:59:30.679057 - Epoch: 0 Iteration: 2  rank : 0  train.loss : 7.031460285186768  train.ips : 7.823679651559982 imgs/s train.total_time : 0.5112683773040771 
TCAPPDLL 2025-06-27 03:59:31.170138 - Epoch: 0 Iteration: 3  rank : 0  train.loss : 6.891876220703125  train.ips : 8.147036157379462 imgs/s train.total_time : 0.49097609519958496 
TCAPPDLL 2025-06-27 03:59:31.481694 - Epoch: 0 Iteration: 4  rank : 0  train.loss : 6.891341209411621  train.ips : 12.844037708635412 imgs/s train.total_time : 0.3114285469055176 
TCAPPDLL 2025-06-27 03:59:31.907038 - Epoch: 0 Iteration: 5  rank : 0  train.loss : 6.9095258712768555  train.ips : 9.406873876510648 imgs/s train.total_time : 0.42522096633911133 
TCAPPDLL 2025-06-27 03:59:32.291699 - Epoch: 0 Iteration: 6  rank : 0  train.loss : 7.554691791534424  train.ips : 10.40183668142468 imgs/s train.total_time : 0.38454747200012207 
TCAPPDLL 2025-06-27 03:59:32.614547 - Epoch: 0 Iteration: 7  rank : 0  train.loss : 6.449049949645996  train.ips : 12.394854173762138 imgs/s train.total_time : 0.32271456718444824 
TCAPPDLL 2025-06-27 03:59:33.103527 - Epoch: 0 Iteration: 8  rank : 0  train.loss : 6.310943603515625  train.ips : 8.182383302437028 imgs/s train.total_time : 0.48885512351989746 
TCAPPDLL 2025-06-27 03:59:33.524887 - Epoch: 0 Iteration: 9  rank : 0  train.loss : 6.336433410644531  train.ips : 9.495551971021875 imgs/s train.total_time : 0.4212498664855957 
TCAPPDLL 2025-06-27 03:59:33.981796 - Epoch: 0 Iteration: 10  rank : 0  train.loss : 5.9480085372924805  train.ips : 8.756366642623547 imgs/s train.total_time : 0.45681047439575195 
TCAPPDLL 2025-06-27 03:59:34.229261 - Epoch: 0 Iteration: 11  rank : 0  train.loss : 5.940258979797363  train.ips : 16.17102881388279 imgs/s train.total_time : 0.24735593795776367 
TCAPPDLL 2025-06-27 03:59:34.597472 - Epoch: 0 Iteration: 12  rank : 0  train.loss : 5.177173614501953  train.ips : 10.866649653673317 imgs/s train.total_time : 0.36809873580932617 
TCAPPDLL 2025-06-27 03:59:35.040810 - Epoch: 0 Iteration: 13  rank : 0  train.loss : 4.765574932098389  train.ips : 9.024753875962737 imgs/s train.total_time : 0.4432253837585449 
TCAPPDLL 2025-06-27 03:59:35.282238 - Epoch: 0 Iteration: 14  rank : 0  train.loss : 4.721814155578613  train.ips : 16.58102926177468 imgs/s train.total_time : 0.2412395477294922 
TCAPPDLL 2025-06-27 03:59:35.782144 - Epoch: 0 Iteration: 15  rank : 0  train.loss : 4.298903465270996  train.ips : 8.00370196862677 imgs/s train.total_time : 0.4997687339782715 
TCAPPDLL 2025-06-27 03:59:36.099552 - Epoch: 0 Iteration: 16  rank : 0  train.loss : 4.019939422607422  train.ips : 12.606713475040877 imgs/s train.total_time : 0.317291259765625 
TCAPPDLL 2025-06-27 03:59:36.555228 - Epoch: 0 Iteration: 17  rank : 0  train.loss : 3.4838814735412598  train.ips : 8.780402740903213 imgs/s train.total_time : 0.45555996894836426 
TCAPPDLL 2025-06-27 03:59:37.021181 - Epoch: 0 Iteration: 18  rank : 0  train.loss : 3.194859504699707  train.ips : 8.586650507300376 imgs/s train.total_time : 0.4658393859863281 
TCAPPDLL 2025-06-27 03:59:37.353070 - Epoch: 0 Iteration: 19  rank : 0  train.loss : 3.241154193878174  train.ips : 12.056330659852296 imgs/s train.total_time : 0.3317759037017822 
TCAPPDLL 2025-06-27 03:59:38.068240 - Epoch: 0 Iteration: 20  rank : 0  train.loss : 3.022272825241089  train.ips : 5.593906364874575 imgs/s train.total_time : 0.7150638103485107 
TCAPPDLL 2025-06-27 03:59:38.553387 - Epoch: 0 Iteration: 21  rank : 0  train.loss : 2.6322226524353027  train.ips : 8.247047430849468 imgs/s train.total_time : 0.48502206802368164 
TCAPPDLL 2025-06-27 03:59:38.805836 - Epoch: 0 Iteration: 22  rank : 0  train.loss : 2.560203790664673  train.ips : 15.85393064124577 imgs/s train.total_time : 0.2523033618927002 
TCAPPDLL 2025-06-27 03:59:39.069879 - Epoch: 0 Iteration: 23  rank : 0  train.loss : 2.3643999099731445  train.ips : 15.156377801526911 imgs/s train.total_time : 0.2639153003692627 
TCAPPDLL 2025-06-27 03:59:39.434447 - Epoch: 0 Iteration: 24  rank : 0  train.loss : 2.3932762145996094  train.ips : 10.976074989892222 imgs/s train.total_time : 0.3644289970397949 
TCAPPDLL 2025-06-27 03:59:39.865679 - Epoch: 0 Iteration: 25  rank : 0  train.loss : 2.410879135131836  train.ips : 9.278828041090238 imgs/s train.total_time : 0.431088924407959 
TCAPPDLL 2025-06-27 03:59:40.217534 - Epoch: 0 Iteration: 26  rank : 0  train.loss : 2.5383975505828857  train.ips : 11.373134611656212 imgs/s train.total_time : 0.35170602798461914 
TCAPPDLL 2025-06-27 03:59:40.921519 - Epoch: 0 Iteration: 27  rank : 0  train.loss : 2.604635000228882  train.ips : 5.682842082229941 imgs/s train.total_time : 0.7038731575012207 
TCAPPDLL 2025-06-27 03:59:41.490149 - Epoch: 0 Iteration: 28  rank : 0  train.loss : 2.6511852741241455  train.ips : 7.035740615708493 imgs/s train.total_time : 0.5685257911682129 
TCAPPDLL 2025-06-27 03:59:41.743261 - Epoch: 0 Iteration: 29  rank : 0  train.loss : 2.3465754985809326  train.ips : 15.81008168327095 imgs/s train.total_time : 0.2530031204223633 
TCAPPDLL 2025-06-27 03:59:42.048094 - Epoch: 0 Iteration: 30  rank : 0  train.loss : 2.5047385692596436  train.ips : 13.127527155329581 imgs/s train.total_time : 0.3047032356262207 
TCAPPDLL 2025-06-27 03:59:42.452312 - Epoch: 0 Iteration: 31  rank : 0  train.loss : 2.3166794776916504  train.ips : 9.899405819078694 imgs/s train.total_time : 0.4040646553039551 
TCAPPDLL 2025-06-27 03:59:42.785371 - Epoch: 0 Iteration: 32  rank : 0  train.loss : 2.4219250679016113  train.ips : 12.014869973667457 imgs/s train.total_time : 0.33292078971862793 
TCAPPDLL 2025-06-27 03:59:43.370967 - Epoch: 0 Iteration: 33  rank : 0  train.loss : 2.7135426998138428  train.ips : 6.832237876263034 imgs/s train.total_time : 0.5854597091674805 
TCAPPDLL 2025-06-27 03:59:43.922249 - Epoch: 0 Iteration: 34  rank : 0  train.loss : 2.7215185165405273  train.ips : 7.2571714308949 imgs/s train.total_time : 0.5511789321899414 
TCAPPDLL 2025-06-27 03:59:44.343647 - Epoch: 0 Iteration: 35  rank : 0  train.loss : 2.6211538314819336  train.ips : 9.494595445007096 imgs/s train.total_time : 0.4212923049926758 
TCAPPDLL 2025-06-27 03:59:44.814317 - Epoch: 0 Iteration: 36  rank : 0  train.loss : 2.3182175159454346  train.ips : 8.500754199780605 imgs/s train.total_time : 0.4705464839935303 
TCAPPDLL 2025-06-27 03:59:45.360354 - Epoch: 0 Iteration: 37  rank : 0  train.loss : 2.7371017932891846  train.ips : 7.3271718974235345 imgs/s train.total_time : 0.5459132194519043 
TCAPPDLL 2025-06-27 03:59:45.894055 - Epoch: 0 Iteration: 38  rank : 0  train.loss : 2.433567523956299  train.ips : 7.496773126892099 imgs/s train.total_time : 0.5335628986358643 
TCAPPDLL 2025-06-27 03:59:46.223239 - Epoch: 0 Iteration: 39  rank : 0  train.loss : 2.6598551273345947  train.ips : 12.156019931065813 imgs/s train.total_time : 0.3290550708770752 
TCAPPDLL 2025-06-27 03:59:46.728780 - Epoch: 0 Iteration: 40  rank : 0  train.loss : 2.3550941944122314  train.ips : 7.9142589741267395 imgs/s train.total_time : 0.5054168701171875 
TCAPPDLL 2025-06-27 03:59:46.974234 - Epoch: 0 Iteration: 41  rank : 0  train.loss : 2.567819595336914  train.ips : 16.303754956075565 imgs/s train.total_time : 0.24534225463867188 
TCAPPDLL 2025-06-27 03:59:47.260925 - Epoch: 0 Iteration: 42  rank : 0  train.loss : 2.3478047847747803  train.ips : 13.958354271565824 imgs/s train.total_time : 0.28656673431396484 
TCAPPDLL 2025-06-27 03:59:47.628935 - Epoch: 0 Iteration: 43  rank : 0  train.loss : 2.2783093452453613  train.ips : 10.873142898620605 imgs/s train.total_time : 0.36787891387939453 
TCAPPDLL 2025-06-27 03:59:48.161444 - Epoch: 0 Iteration: 44  rank : 0  train.loss : 2.2524397373199463  train.ips : 7.513354763531881 imgs/s train.total_time : 0.5323853492736816 
TCAPPDLL 2025-06-27 03:59:48.441058 - Epoch: 0 Iteration: 45  rank : 0  train.loss : 2.613368511199951  train.ips : 14.311111035288116 imgs/s train.total_time : 0.27950310707092285 
TCAPPDLL 2025-06-27 03:59:48.987862 - Epoch: 0 Iteration: 46  rank : 0  train.loss : 2.6888506412506104  train.ips : 7.317858887570661 imgs/s train.total_time : 0.5466079711914062 
TCAPPDLL 2025-06-27 03:59:49.498391 - Epoch: 0 Iteration: 47  rank : 0  train.loss : 2.475863456726074  train.ips : 7.836590713547033 imgs/s train.total_time : 0.5104260444641113 
TCAPPDLL 2025-06-27 03:59:50.168430 - Epoch: 0 Iteration: 48  rank : 0  train.loss : 2.5055465698242188  train.ips : 5.970811481804153 imgs/s train.total_time : 0.6699256896972656 
TCAPPDLL 2025-06-27 03:59:50.536685 - Epoch: 0 Iteration: 49  rank : 0  train.loss : 2.786799192428589  train.ips : 10.865847339951504 imgs/s train.total_time : 0.36812591552734375 
06/27 03:59:50 - mmengine - INFO - Epoch(train)  [1][   50/29317]  lr: 4.9549e-05  eta: 1 day, 22:40:59  time: 0.4778  data_time: 0.0706  memory: 6900  loss: 3.7769  loss_rpn_cls: 0.7000  loss_rpn_bbox: 0.0976  loss_cls: 1.4700  acc: 95.8008  loss_bbox: 0.0195  loss_mask: 0.8027  loss_point: 0.6871
TCAPPDLL 2025-06-27 03:59:50.792533 - Epoch: 0 Iteration: 50  rank : 0  train.loss : 2.309783458709717  train.ips : 15.642552191672642 imgs/s train.total_time : 0.25571274757385254 
TCAPPDLL 2025-06-27 03:59:51.058990 - Epoch: 0 Iteration: 51  rank : 0  train.loss : 2.338311195373535  train.ips : 15.018746111531351 imgs/s train.total_time : 0.26633381843566895 
TCAPPDLL 2025-06-27 03:59:51.431167 - Epoch: 0 Iteration: 52  rank : 0  train.loss : 2.434870481491089  train.ips : 10.750959288242727 imgs/s train.total_time : 0.37205982208251953 
TCAPPDLL 2025-06-27 03:59:51.723334 - Epoch: 0 Iteration: 53  rank : 0  train.loss : 2.6422317028045654  train.ips : 13.698292001662358 imgs/s train.total_time : 0.2920072078704834 
TCAPPDLL 2025-06-27 03:59:51.993780 - Epoch: 0 Iteration: 54  rank : 0  train.loss : 2.5163371562957764  train.ips : 14.79859892758509 imgs/s train.total_time : 0.2702958583831787 
TCAPPDLL 2025-06-27 03:59:52.299584 - Epoch: 0 Iteration: 55  rank : 0  train.loss : 2.458513021469116  train.ips : 13.08657841510682 imgs/s train.total_time : 0.30565667152404785 
TCAPPDLL 2025-06-27 03:59:52.811949 - Epoch: 0 Iteration: 56  rank : 0  train.loss : 2.3651390075683594  train.ips : 7.808771571354833 imgs/s train.total_time : 0.512244462966919 
TCAPPDLL 2025-06-27 03:59:53.535264 - Epoch: 0 Iteration: 57  rank : 0  train.loss : 3.2482595443725586  train.ips : 5.530923586743097 imgs/s train.total_time : 0.7232065200805664 
TCAPPDLL 2025-06-27 03:59:53.835451 - Epoch: 0 Iteration: 58  rank : 0  train.loss : 2.59141206741333  train.ips : 13.330199660412829 imgs/s train.total_time : 0.30007052421569824 
TCAPPDLL 2025-06-27 03:59:54.216853 - Epoch: 0 Iteration: 59  rank : 0  train.loss : 2.699486494064331  train.ips : 10.491018623084821 imgs/s train.total_time : 0.38127851486206055 
TCAPPDLL 2025-06-27 03:59:54.606013 - Epoch: 0 Iteration: 60  rank : 0  train.loss : 2.6439666748046875  train.ips : 10.281914616530644 imgs/s train.total_time : 0.38903260231018066 
TCAPPDLL 2025-06-27 03:59:55.408832 - Epoch: 0 Iteration: 61  rank : 0  train.loss : 3.057056427001953  train.ips : 4.983187416759832 imgs/s train.total_time : 0.802699089050293 
TCAPPDLL 2025-06-27 03:59:55.859262 - Epoch: 0 Iteration: 62  rank : 0  train.loss : 2.213311195373535  train.ips : 8.882506447239058 imgs/s train.total_time : 0.45032334327697754 
TCAPPDLL 2025-06-27 03:59:56.336374 - Epoch: 0 Iteration: 63  rank : 0  train.loss : 2.5745935440063477  train.ips : 8.385618526995126 imgs/s train.total_time : 0.4770071506500244 
TCAPPDLL 2025-06-27 03:59:56.821141 - Epoch: 0 Iteration: 64  rank : 0  train.loss : 2.4055447578430176  train.ips : 8.25384743296203 imgs/s train.total_time : 0.4846224784851074 
TCAPPDLL 2025-06-27 03:59:57.107179 - Epoch: 0 Iteration: 65  rank : 0  train.loss : 2.295316696166992  train.ips : 13.991366944872539 imgs/s train.total_time : 0.2858905792236328 
TCAPPDLL 2025-06-27 03:59:57.451027 - Epoch: 0 Iteration: 66  rank : 0  train.loss : 2.8273043632507324  train.ips : 11.63727570423097 imgs/s train.total_time : 0.3437230587005615 
TCAPPDLL 2025-06-27 03:59:57.734596 - Epoch: 0 Iteration: 67  rank : 0  train.loss : 2.472698450088501  train.ips : 14.112174232680909 imgs/s train.total_time : 0.2834432125091553 
TCAPPDLL 2025-06-27 03:59:58.269875 - Epoch: 0 Iteration: 68  rank : 0  train.loss : 2.252558469772339  train.ips : 7.47453247461445 imgs/s train.total_time : 0.5351505279541016 
TCAPPDLL 2025-06-27 03:59:58.546045 - Epoch: 0 Iteration: 69  rank : 0  train.loss : 2.2307217121124268  train.ips : 14.490386650049187 imgs/s train.total_time : 0.2760450839996338 
TCAPPDLL 2025-06-27 03:59:58.782488 - Epoch: 0 Iteration: 70  rank : 0  train.loss : 2.30377197265625  train.ips : 16.92558568410688 imgs/s train.total_time : 0.2363286018371582 
TCAPPDLL 2025-06-27 03:59:59.082533 - Epoch: 0 Iteration: 71  rank : 0  train.loss : 2.5938637256622314  train.ips : 13.336727158257226 imgs/s train.total_time : 0.2999236583709717 
TCAPPDLL 2025-06-27 03:59:59.414028 - Epoch: 0 Iteration: 72  rank : 0  train.loss : 2.4559531211853027  train.ips : 12.071389872020596 imgs/s train.total_time : 0.3313620090484619 
TCAPPDLL 2025-06-27 03:59:59.938754 - Epoch: 0 Iteration: 73  rank : 0  train.loss : 2.8693597316741943  train.ips : 7.624804633087417 imgs/s train.total_time : 0.5246036052703857 
TCAPPDLL 2025-06-27 04:00:00.265147 - Epoch: 0 Iteration: 74  rank : 0  train.loss : 2.5150766372680664  train.ips : 12.262038964380102 imgs/s train.total_time : 0.32621002197265625 
TCAPPDLL 2025-06-27 04:00:00.565726 - Epoch: 0 Iteration: 75  rank : 0  train.loss : 2.5995936393737793  train.ips : 13.314225809600371 imgs/s train.total_time : 0.3004305362701416 
TCAPPDLL 2025-06-27 04:00:00.924859 - Epoch: 0 Iteration: 76  rank : 0  train.loss : 2.8523812294006348  train.ips : 11.14192169608454 imgs/s train.total_time : 0.35900449752807617 
TCAPPDLL 2025-06-27 04:00:01.504576 - Epoch: 0 Iteration: 77  rank : 0  train.loss : 2.5533218383789062  train.ips : 6.901520190707729 imgs/s train.total_time : 0.5795824527740479 
TCAPPDLL 2025-06-27 04:00:01.920799 - Epoch: 0 Iteration: 78  rank : 0  train.loss : 2.1641242504119873  train.ips : 9.612929989296822 imgs/s train.total_time : 0.4161062240600586 
TCAPPDLL 2025-06-27 04:00:02.198652 - Epoch: 0 Iteration: 79  rank : 0  train.loss : 2.3670196533203125  train.ips : 14.402737489301318 imgs/s train.total_time : 0.2777249813079834 
TCAPPDLL 2025-06-27 04:00:02.803588 - Epoch: 0 Iteration: 80  rank : 0  train.loss : 2.3615028858184814  train.ips : 6.61361337448803 imgs/s train.total_time : 0.6048130989074707 
TCAPPDLL 2025-06-27 04:00:03.226985 - Epoch: 0 Iteration: 81  rank : 0  train.loss : 2.956758499145508  train.ips : 9.449732654356694 imgs/s train.total_time : 0.4232923984527588 
TCAPPDLL 2025-06-27 04:00:03.494848 - Epoch: 0 Iteration: 82  rank : 0  train.loss : 2.236936569213867  train.ips : 14.93905492571974 imgs/s train.total_time : 0.26775455474853516 
TCAPPDLL 2025-06-27 04:00:03.782044 - Epoch: 0 Iteration: 83  rank : 0  train.loss : 2.367269515991211  train.ips : 13.933233951906587 imgs/s train.total_time : 0.28708338737487793 
TCAPPDLL 2025-06-27 04:00:04.107777 - Epoch: 0 Iteration: 84  rank : 0  train.loss : 2.2680578231811523  train.ips : 12.28431410594819 imgs/s train.total_time : 0.3256185054779053 
TCAPPDLL 2025-06-27 04:00:04.487541 - Epoch: 0 Iteration: 85  rank : 0  train.loss : 2.5870933532714844  train.ips : 10.535884470367774 imgs/s train.total_time : 0.3796548843383789 
TCAPPDLL 2025-06-27 04:00:04.780191 - Epoch: 0 Iteration: 86  rank : 0  train.loss : 2.5141146183013916  train.ips : 13.673306954739386 imgs/s train.total_time : 0.2925407886505127 
TCAPPDLL 2025-06-27 04:00:05.029362 - Epoch: 0 Iteration: 87  rank : 0  train.loss : 2.1986331939697266  train.ips : 16.06036175314823 imgs/s train.total_time : 0.24906039237976074 
TCAPPDLL 2025-06-27 04:00:05.331754 - Epoch: 0 Iteration: 88  rank : 0  train.loss : 2.585333824157715  train.ips : 13.232923107744753 imgs/s train.total_time : 0.3022763729095459 
TCAPPDLL 2025-06-27 04:00:05.927390 - Epoch: 0 Iteration: 89  rank : 0  train.loss : 2.2910797595977783  train.ips : 6.716743400245013 imgs/s train.total_time : 0.5955266952514648 
TCAPPDLL 2025-06-27 04:00:06.328224 - Epoch: 0 Iteration: 90  rank : 0  train.loss : 2.8910458087921143  train.ips : 9.982059060995265 imgs/s train.total_time : 0.40071892738342285 
TCAPPDLL 2025-06-27 04:00:06.600741 - Epoch: 0 Iteration: 91  rank : 0  train.loss : 2.2215073108673096  train.ips : 14.684948581021763 imgs/s train.total_time : 0.2723877429962158 
TCAPPDLL 2025-06-27 04:00:07.132372 - Epoch: 0 Iteration: 92  rank : 0  train.loss : 2.60058856010437  train.ips : 7.52587887514747 imgs/s train.total_time : 0.5314993858337402 
TCAPPDLL 2025-06-27 04:00:07.479898 - Epoch: 0 Iteration: 93  rank : 0  train.loss : 2.3864083290100098  train.ips : 11.514730731588129 imgs/s train.total_time : 0.3473811149597168 
TCAPPDLL 2025-06-27 04:00:07.758379 - Epoch: 0 Iteration: 94  rank : 0  train.loss : 2.274165630340576  train.ips : 14.370957283421232 imgs/s train.total_time : 0.278339147567749 
TCAPPDLL 2025-06-27 04:00:08.037107 - Epoch: 0 Iteration: 95  rank : 0  train.loss : 2.23091983795166  train.ips : 14.356999214427157 imgs/s train.total_time : 0.2786097526550293 
TCAPPDLL 2025-06-27 04:00:08.365335 - Epoch: 0 Iteration: 96  rank : 0  train.loss : 2.40256929397583  train.ips : 12.193816462058074 imgs/s train.total_time : 0.3280351161956787 
TCAPPDLL 2025-06-27 04:00:08.751474 - Epoch: 0 Iteration: 97  rank : 0  train.loss : 2.43463397026062  train.ips : 10.362306075987208 imgs/s train.total_time : 0.386014461517334 
TCAPPDLL 2025-06-27 04:00:09.118000 - Epoch: 0 Iteration: 98  rank : 0  train.loss : 2.5647428035736084  train.ips : 10.916902598953287 imgs/s train.total_time : 0.36640429496765137 
TCAPPDLL 2025-06-27 04:00:09.437954 - Epoch: 0 Iteration: 99  rank : 0  train.loss : 2.3322057723999023  train.ips : 12.506879552480582 imgs/s train.total_time : 0.3198239803314209 
06/27 04:00:09 - mmengine - INFO - Epoch(train)  [1][  100/29317]  lr: 9.9599e-05  eta: 1 day, 17:47:49  time: 0.3779  data_time: 0.0419  memory: 6744  loss: 2.4911  loss_rpn_cls: 0.5623  loss_rpn_bbox: 0.1101  loss_cls: 0.3015  acc: 97.2656  loss_bbox: 0.0524  loss_mask: 0.8030  loss_point: 0.6618
