Training with a single process on 1 device (cuda).
Model mobilenetv4_conv_small created, param count:3774024
Data processing configuration for current model + dataset:
	input_size: (3, 224, 224)
	interpolation: bicubic
	mean: (0.485, 0.456, 0.406)
	std: (0.229, 0.224, 0.225)
	crop_pct: 0.875
	crop_mode: center
Created SGD (sgd) optimizer: lr: 0.4, momentum: 0.9, dampening: 0, weight_decay: 2e-05, nesterov: True, maximize: False, foreach: None, differentiable: False, fused: None
Using native Torch AMP. Training in mixed precision.
Scheduled epochs: 1 (epochs + cooldown_epochs). Warmup within epochs when warmup_prefix=False. LR stepped per epoch.
TCAPPDLL 2025-12-12 15:26:41.646023 - Epoch: 0 Iteration: 0  rank : 0  train.loss : 7.087167263031006  train.ips : 154273.25057471264 imgs/s train.total_time : 0.00010371208190917969
TCAPPDLL 2025-12-12 15:26:41.667016 - Epoch: 0 Iteration: 1  rank : 0  train.loss : 6.970211029052734  train.ips : 312134.2511627907 imgs/s train.total_time : 5.125999450683594e-05
TCAPPDLL 2025-12-12 15:26:41.692500 - Epoch: 0 Iteration: 2  rank : 0  train.loss : 6.896636962890625  train.ips : 209061.8816199377 imgs/s train.total_time : 7.653236389160156e-05
TCAPPDLL 2025-12-12 15:26:42.944798 - Epoch: 0 Iteration: 3  rank : 0  train.loss : 7.075797080993652  train.ips : 153567.19450800915 imgs/s train.total_time : 0.00010418891906738281
TCAPPDLL 2025-12-12 15:26:42.984303 - Epoch: 0 Iteration: 4  rank : 0  train.loss : 6.928805828094482  train.ips : 214405.3162939297 imgs/s train.total_time : 7.462501525878906e-05
TCAPPDLL 2025-12-12 15:26:43.038713 - Epoch: 0 Iteration: 5  rank : 0  train.loss : 6.980205535888672  train.ips : 118357.78483245149 imgs/s train.total_time : 0.00013518333435058594
TCAPPDLL 2025-12-12 15:26:43.068057 - Epoch: 0 Iteration: 6  rank : 0  train.loss : 6.9190993309021  train.ips : 222214.78145695364 imgs/s train.total_time : 7.200241088867188e-05
TCAPPDLL 2025-12-12 15:26:45.823901 - Epoch: 0 Iteration: 7  rank : 0  train.loss : 6.920842170715332  train.ips : 105021.69640062598 imgs/s train.total_time : 0.00015234947204589844
TCAPPDLL 2025-12-12 15:26:46.099733 - Epoch: 0 Iteration: 8  rank : 0  train.loss : 7.202896595001221  train.ips : 95596.67236467237 imgs/s train.total_time : 0.00016736984252929688
TCAPPDLL 2025-12-12 15:26:46.151316 - Epoch: 0 Iteration: 9  rank : 0  train.loss : 6.835134506225586  train.ips : 138368.79175257732 imgs/s train.total_time : 0.00011563301086425781
TCAPPDLL 2025-12-12 15:26:46.197442 - Epoch: 0 Iteration: 10  rank : 0  train.loss : 7.181247234344482  train.ips : 178956.97066666666 imgs/s train.total_time : 8.940696716308594e-05
TCAPPDLL 2025-12-12 15:26:48.797426 - Epoch: 0 Iteration: 11  rank : 0  train.loss : 7.030550003051758  train.ips : 227487.67457627118 imgs/s train.total_time : 7.033348083496094e-05
TCAPPDLL 2025-12-12 15:26:48.893124 - Epoch: 0 Iteration: 12  rank : 0  train.loss : 7.059134483337402  train.ips : 169895.8582278481 imgs/s train.total_time : 9.417533874511719e-05
TCAPPDLL 2025-12-12 15:26:49.131937 - Epoch: 0 Iteration: 13  rank : 0  train.loss : 7.108397483825684  train.ips : 81940.00488400488 imgs/s train.total_time : 0.0001952648162841797
TCAPPDLL 2025-12-12 15:26:49.190405 - Epoch: 0 Iteration: 14  rank : 0  train.loss : 7.060967445373535  train.ips : 154985.82909930716 imgs/s train.total_time : 0.00010323524475097656
TCAPPDLL 2025-12-12 15:26:51.768121 - Epoch: 0 Iteration: 15  rank : 0  train.loss : 6.7960052490234375  train.ips : 102456.28091603053 imgs/s train.total_time : 0.00015616416931152344
TCAPPDLL 2025-12-12 15:26:51.820272 - Epoch: 0 Iteration: 16  rank : 0  train.loss : 7.038877964019775  train.ips : 118776.75044247787 imgs/s train.total_time : 0.0001347064971923828
TCAPPDLL 2025-12-12 15:26:51.986802 - Epoch: 0 Iteration: 17  rank : 0  train.loss : 7.061425685882568  train.ips : 102770.08269525268 imgs/s train.total_time : 0.0001556873321533203
TCAPPDLL 2025-12-12 15:26:52.323251 - Epoch: 0 Iteration: 18  rank : 0  train.loss : 7.117212295532227  train.ips : 233016.88888888888 imgs/s train.total_time : 6.866455078125e-05
TCAPPDLL 2025-12-12 15:26:54.454531 - Epoch: 0 Iteration: 19  rank : 0  train.loss : 6.999059677124023  train.ips : 129553.79150579151 imgs/s train.total_time : 0.00012350082397460938
TCAPPDLL 2025-12-12 15:26:54.830224 - Epoch: 0 Iteration: 20  rank : 0  train.loss : 6.99323844909668  train.ips : 192841.5632183908 imgs/s train.total_time : 8.296966552734375e-05
TCAPPDLL 2025-12-12 15:26:54.865040 - Epoch: 0 Iteration: 21  rank : 0  train.loss : 7.037982940673828  train.ips : 266305.01587301586 imgs/s train.total_time : 6.008148193359375e-05
TCAPPDLL 2025-12-12 15:26:55.344858 - Epoch: 0 Iteration: 22  rank : 0  train.loss : 6.963308334350586  train.ips : 111476.51827242525 imgs/s train.total_time : 0.00014352798461914062
TCAPPDLL 2025-12-12 15:26:57.256361 - Epoch: 0 Iteration: 23  rank : 0  train.loss : 6.833073139190674  train.ips : 132626.21343873517 imgs/s train.total_time : 0.00012063980102539062
TCAPPDLL 2025-12-12 15:26:57.611288 - Epoch: 0 Iteration: 24  rank : 0  train.loss : 7.120615005493164  train.ips : 136677.93075356414 imgs/s train.total_time : 0.00011706352233886719
TCAPPDLL 2025-12-12 15:26:57.646132 - Epoch: 0 Iteration: 25  rank : 0  train.loss : 6.912892818450928  train.ips : 156796.41121495326 imgs/s train.total_time : 0.00010204315185546875
TCAPPDLL 2025-12-12 15:26:57.861471 - Epoch: 0 Iteration: 26  rank : 0  train.loss : 7.007031440734863  train.ips : 233828.7944250871 imgs/s train.total_time : 6.842613220214844e-05
TCAPPDLL 2025-12-12 15:26:59.858389 - Epoch: 0 Iteration: 27  rank : 0  train.loss : 7.0824785232543945  train.ips : 212369.82278481012 imgs/s train.total_time : 7.534027099609375e-05
TCAPPDLL 2025-12-12 15:27:00.337790 - Epoch: 0 Iteration: 28  rank : 0  train.loss : 7.043169975280762  train.ips : 85055.59442332065 imgs/s train.total_time : 0.0001881122589111328
TCAPPDLL 2025-12-12 15:27:00.388331 - Epoch: 0 Iteration: 29  rank : 0  train.loss : 6.913074016571045  train.ips : 112598.76510067114 imgs/s train.total_time : 0.00014209747314453125
TCAPPDLL 2025-12-12 15:27:00.936597 - Epoch: 0 Iteration: 30  rank : 0  train.loss : 7.133587837219238  train.ips : 131586.00784313725 imgs/s train.total_time : 0.00012159347534179688
TCAPPDLL 2025-12-12 15:27:02.632792 - Epoch: 0 Iteration: 31  rank : 0  train.loss : 7.002206325531006  train.ips : 145572.37310195228 imgs/s train.total_time : 0.00010991096496582031
TCAPPDLL 2025-12-12 15:27:02.932688 - Epoch: 0 Iteration: 32  rank : 0  train.loss : 6.987385272979736  train.ips : 110014.53114754098 imgs/s train.total_time : 0.00014543533325195312
TCAPPDLL 2025-12-12 15:27:02.984655 - Epoch: 0 Iteration: 33  rank : 0  train.loss : 7.063304901123047  train.ips : 158275.62264150943 imgs/s train.total_time : 0.0001010894775390625
TCAPPDLL 2025-12-12 15:27:03.381123 - Epoch: 0 Iteration: 34  rank : 0  train.loss : 7.016574859619141  train.ips : 210372.6144200627 imgs/s train.total_time : 7.605552673339844e-05
TCAPPDLL 2025-12-12 15:27:04.188825 - Epoch: 0 Iteration: 35  rank : 0  train.loss : 7.115934371948242  train.ips : 76260.07272727272 imgs/s train.total_time : 0.000209808349609375
TCAPPDLL 2025-12-12 15:27:04.436971 - Epoch: 0 Iteration: 36  rank : 0  train.loss : 6.958128452301025  train.ips : 98980.62536873156 imgs/s train.total_time : 0.00016164779663085938
TCAPPDLL 2025-12-12 15:27:06.000516 - Epoch: 0 Iteration: 37  rank : 0  train.loss : 7.128773212432861  train.ips : 89717.73262032085 imgs/s train.total_time : 0.00017833709716796875
TCAPPDLL 2025-12-12 15:27:06.228751 - Epoch: 0 Iteration: 38  rank : 0  train.loss : 6.907105445861816  train.ips : 157903.2094117647 imgs/s train.total_time : 0.00010132789611816406
TCAPPDLL 2025-12-12 15:27:07.048011 - Epoch: 0 Iteration: 39  rank : 0  train.loss : 6.943521499633789  train.ips : 155705.02088167053 imgs/s train.total_time : 0.00010275840759277344
TCAPPDLL 2025-12-12 15:27:07.266090 - Epoch: 0 Iteration: 40  rank : 0  train.loss : 6.981693267822266  train.ips : 78858.82961222091 imgs/s train.total_time : 0.0002028942108154297
TCAPPDLL 2025-12-12 15:27:07.453548 - Epoch: 0 Iteration: 41  rank : 0  train.loss : 6.9125823974609375  train.ips : 101834.39150227618 imgs/s train.total_time : 0.0001571178436279297
TCAPPDLL 2025-12-12 15:27:07.570549 - Epoch: 0 Iteration: 42  rank : 0  train.loss : 6.866469860076904  train.ips : 106691.35771065184 imgs/s train.total_time : 0.0001499652862548828
TCAPPDLL 2025-12-12 15:27:09.777801 - Epoch: 0 Iteration: 43  rank : 0  train.loss : 7.055584907531738  train.ips : 85926.84250960307 imgs/s train.total_time : 0.0001862049102783203
TCAPPDLL 2025-12-12 15:27:09.877490 - Epoch: 0 Iteration: 44  rank : 0  train.loss : 6.947390079498291  train.ips : 97541.95348837209 imgs/s train.total_time : 0.000164031982421875
TCAPPDLL 2025-12-12 15:27:10.197093 - Epoch: 0 Iteration: 45  rank : 0  train.loss : 6.757686614990234  train.ips : 177068.24274406332 imgs/s train.total_time : 9.036064147949219e-05
TCAPPDLL 2025-12-12 15:27:10.228942 - Epoch: 0 Iteration: 46  rank : 0  train.loss : 6.935969352722168  train.ips : 178007.59681697612 imgs/s train.total_time : 8.988380432128906e-05
TCAPPDLL 2025-12-12 15:27:12.786292 - Epoch: 0 Iteration: 47  rank : 0  train.loss : 6.917209148406982  train.ips : 94254.02247191011 imgs/s train.total_time : 0.0001697540283203125
TCAPPDLL 2025-12-12 15:27:12.838044 - Epoch: 0 Iteration: 48  rank : 0  train.loss : 7.054981708526611  train.ips : 121135.13357400722 imgs/s train.total_time : 0.00013208389282226562
TCAPPDLL 2025-12-12 15:27:13.018763 - Epoch: 0 Iteration: 49  rank : 0  train.loss : 7.031496047973633  train.ips : 95596.67236467237 imgs/s train.total_time : 0.00016736984252929688
TCAPPDLL 2025-12-12 15:27:13.064264 - Epoch: 0 Iteration: 50  rank : 0  train.loss : 7.144975662231445  train.ips : 104368.3732503888 imgs/s train.total_time : 0.0001533031463623047
TCAPPDLL 2025-12-12 15:27:15.512851 - Epoch: 0 Iteration: 51  rank : 0  train.loss : 7.209450721740723  train.ips : 83365.04844720497 imgs/s train.total_time : 0.0001919269561767578
TCAPPDLL 2025-12-12 15:27:15.573855 - Epoch: 0 Iteration: 52  rank : 0  train.loss : 6.922168731689453  train.ips : 98112.37426900584 imgs/s train.total_time : 0.00016307830810546875
TCAPPDLL 2025-12-12 15:27:15.920276 - Epoch: 0 Iteration: 53  rank : 0  train.loss : 7.081219673156738  train.ips : 86369.19433719433 imgs/s train.total_time : 0.00018525123596191406
TCAPPDLL 2025-12-12 15:27:15.975507 - Epoch: 0 Iteration: 54  rank : 0  train.loss : 7.005444526672363  train.ips : 95869.80571428571 imgs/s train.total_time : 0.00016689300537109375
TCAPPDLL 2025-12-12 15:27:17.963751 - Epoch: 0 Iteration: 55  rank : 0  train.loss : 6.8060994148254395  train.ips : 151830.00904977377 imgs/s train.total_time : 0.00010538101196289062
TCAPPDLL 2025-12-12 15:27:17.990725 - Epoch: 0 Iteration: 56  rank : 0  train.loss : 7.128481864929199  train.ips : 173857.16062176166 imgs/s train.total_time : 9.202957153320312e-05
TCAPPDLL 2025-12-12 15:27:18.374696 - Epoch: 0 Iteration: 57  rank : 0  train.loss : 7.121077060699463  train.ips : 138368.79175257732 imgs/s train.total_time : 0.00011563301086425781
TCAPPDLL 2025-12-12 15:27:18.417327 - Epoch: 0 Iteration: 58  rank : 0  train.loss : 6.83834171295166  train.ips : 133152.50793650793 imgs/s train.total_time : 0.0001201629638671875
TCAPPDLL 2025-12-12 15:27:19.486183 - Epoch: 0 Iteration: 59  rank : 0  train.loss : 7.040732383728027  train.ips : 75829.22485875706 imgs/s train.total_time : 0.0002110004425048828
TCAPPDLL 2025-12-12 15:27:19.544694 - Epoch: 0 Iteration: 60  rank : 0  train.loss : 6.973633289337158  train.ips : 138084.08230452676 imgs/s train.total_time : 0.00011587142944335938
TCAPPDLL 2025-12-12 15:27:21.320169 - Epoch: 0 Iteration: 61  rank : 0  train.loss : 6.849651336669922  train.ips : 144631.1724137931 imgs/s train.total_time : 0.000110626220703125
TCAPPDLL 2025-12-12 15:27:21.366910 - Epoch: 0 Iteration: 62  rank : 0  train.loss : 7.028946876525879  train.ips : 124275.67407407408 imgs/s train.total_time : 0.00012874603271484375
TCAPPDLL 2025-12-12 15:27:22.309941 - Epoch: 0 Iteration: 63  rank : 0  train.loss : 7.108457565307617  train.ips : 112222.18060200669 imgs/s train.total_time : 0.00014257431030273438
TCAPPDLL 2025-12-12 15:27:22.360947 - Epoch: 0 Iteration: 64  rank : 0  train.loss : 7.04727840423584  train.ips : 126144.48120300751 imgs/s train.total_time : 0.00012683868408203125
TCAPPDLL 2025-12-12 15:27:23.940685 - Epoch: 0 Iteration: 65  rank : 0  train.loss : 7.288376808166504  train.ips : 75658.24577226606 imgs/s train.total_time : 0.00021147727966308594
TCAPPDLL 2025-12-12 15:27:24.221310 - Epoch: 0 Iteration: 66  rank : 0  train.loss : 6.827497482299805  train.ips : 69687.29387331256 imgs/s train.total_time : 0.0002295970916748047
TCAPPDLL 2025-12-12 15:27:25.007332 - Epoch: 0 Iteration: 67  rank : 0  train.loss : 7.1959614753723145  train.ips : 108240.10322580645 imgs/s train.total_time : 0.00014781951904296875
TCAPPDLL 2025-12-12 15:27:25.060422 - Epoch: 0 Iteration: 68  rank : 0  train.loss : 7.044300079345703  train.ips : 182857.9400544959 imgs/s train.total_time : 8.749961853027344e-05
TCAPPDLL 2025-12-12 15:27:25.488173 - Epoch: 0 Iteration: 69  rank : 0  train.loss : 6.881789207458496  train.ips : 99420.53925925925 imgs/s train.total_time : 0.0001609325408935547
TCAPPDLL 2025-12-12 15:27:26.915407 - Epoch: 0 Iteration: 70  rank : 0  train.loss : 7.011167526245117  train.ips : 76608.29223744292 imgs/s train.total_time : 0.00020885467529296875
TCAPPDLL 2025-12-12 15:27:27.678474 - Epoch: 0 Iteration: 71  rank : 0  train.loss : 6.918581485748291  train.ips : 98980.62536873156 imgs/s train.total_time : 0.00016164779663085938
TCAPPDLL 2025-12-12 15:27:27.733684 - Epoch: 0 Iteration: 72  rank : 0  train.loss : 6.974966049194336  train.ips : 151487.2776523702 imgs/s train.total_time : 0.00010561943054199219
TCAPPDLL 2025-12-12 15:27:27.892837 - Epoch: 0 Iteration: 73  rank : 0  train.loss : 7.031479835510254  train.ips : 147492.0087912088 imgs/s train.total_time : 0.00010848045349121094
TCAPPDLL 2025-12-12 15:27:28.297571 - Epoch: 0 Iteration: 74  rank : 0  train.loss : 6.855116367340088  train.ips : 100764.06006006006 imgs/s train.total_time : 0.00015878677368164062
TCAPPDLL 2025-12-12 15:27:30.657284 - Epoch: 0 Iteration: 75  rank : 0  train.loss : 6.9209885597229  train.ips : 79796.50891795481 imgs/s train.total_time : 0.00020051002502441406
TCAPPDLL 2025-12-12 15:27:30.722444 - Epoch: 0 Iteration: 76  rank : 0  train.loss : 7.057400703430176  train.ips : 147168.56140350876 imgs/s train.total_time : 0.0001087188720703125
TCAPPDLL 2025-12-12 15:27:30.761695 - Epoch: 0 Iteration: 77  rank : 0  train.loss : 6.969300270080566  train.ips : 160932.52757793764 imgs/s train.total_time : 9.942054748535156e-05
TCAPPDLL 2025-12-12 15:27:30.788729 - Epoch: 0 Iteration: 78  rank : 0  train.loss : 6.922893524169922  train.ips : 184365.010989011 imgs/s train.total_time : 8.678436279296875e-05
TCAPPDLL 2025-12-12 15:27:33.416082 - Epoch: 0 Iteration: 79  rank : 0  train.loss : 6.8728227615356445  train.ips : 187454.92737430168 imgs/s train.total_time : 8.535385131835938e-05
TCAPPDLL 2025-12-12 15:27:33.439272 - Epoch: 0 Iteration: 80  rank : 0  train.loss : 7.002143859863281  train.ips : 192289.00859598853 imgs/s train.total_time : 8.320808410644531e-05
TCAPPDLL 2025-12-12 15:27:33.471821 - Epoch: 0 Iteration: 81  rank : 0  train.loss : 6.870203018188477  train.ips : 192289.00859598853 imgs/s train.total_time : 8.320808410644531e-05
TCAPPDLL 2025-12-12 15:27:33.730894 - Epoch: 0 Iteration: 82  rank : 0  train.loss : 7.198213577270508  train.ips : 103723.12828438949 imgs/s train.total_time : 0.00015425682067871094
TCAPPDLL 2025-12-12 15:27:34.634439 - Epoch: 0 Iteration: 83  rank : 0  train.loss : 6.89806604385376  train.ips : 96144.50429799427 imgs/s train.total_time : 0.00016641616821289062
TCAPPDLL 2025-12-12 15:27:34.682739 - Epoch: 0 Iteration: 84  rank : 0  train.loss : 7.097214221954346  train.ips : 144631.1724137931 imgs/s train.total_time : 0.000110626220703125
TCAPPDLL 2025-12-12 15:27:36.110361 - Epoch: 0 Iteration: 85  rank : 0  train.loss : 6.9412946701049805  train.ips : 114520.2457337884 imgs/s train.total_time : 0.00013971328735351562
TCAPPDLL 2025-12-12 15:27:36.145534 - Epoch: 0 Iteration: 86  rank : 0  train.loss : 6.997267723083496  train.ips : 179435.4652406417 imgs/s train.total_time : 8.916854858398438e-05
TCAPPDLL 2025-12-12 15:27:37.251180 - Epoch: 0 Iteration: 87  rank : 0  train.loss : 6.956710338592529  train.ips : 94121.82889200561 imgs/s train.total_time : 0.00016999244689941406
TCAPPDLL 2025-12-12 15:27:37.303153 - Epoch: 0 Iteration: 88  rank : 0  train.loss : 6.9615983963012695  train.ips : 130055.93798449612 imgs/s train.total_time : 0.00012302398681640625
TCAPPDLL 2025-12-12 15:27:39.265231 - Epoch: 0 Iteration: 89  rank : 0  train.loss : 6.892282485961914  train.ips : 70124.20480668757 imgs/s train.total_time : 0.0002281665802001953
TCAPPDLL 2025-12-12 15:27:39.327054 - Epoch: 0 Iteration: 90  rank : 0  train.loss : 7.226507663726807  train.ips : 119623.64349376113 imgs/s train.total_time : 0.00013375282287597656
TCAPPDLL 2025-12-12 15:27:39.984032 - Epoch: 0 Iteration: 91  rank : 0  train.loss : 7.319399833679199  train.ips : 92056.05486968449 imgs/s train.total_time : 0.00017380714416503906
TCAPPDLL 2025-12-12 15:27:40.038329 - Epoch: 0 Iteration: 92  rank : 0  train.loss : 6.97308349609375  train.ips : 133949.82834331336 imgs/s train.total_time : 0.00011944770812988281
TCAPPDLL 2025-12-12 15:27:42.104513 - Epoch: 0 Iteration: 93  rank : 0  train.loss : 6.97308349609375  train.ips : 200924.74251497007 imgs/s train.total_time : 7.963180541992188e-05
TCAPPDLL 2025-12-12 15:27:42.127381 - Epoch: 0 Iteration: 94  rank : 0  train.loss : 7.07489013671875  train.ips : 233828.7944250871 imgs/s train.total_time : 6.842613220214844e-05
TCAPPDLL 2025-12-12 15:27:42.810970 - Epoch: 0 Iteration: 95  rank : 0  train.loss : 6.9106035232543945  train.ips : 98400.09384164223 imgs/s train.total_time : 0.00016260147094726562
TCAPPDLL 2025-12-12 15:27:42.864825 - Epoch: 0 Iteration: 96  rank : 0  train.loss : 6.95534086227417  train.ips : 134486.7014028056 imgs/s train.total_time : 0.00011897087097167969
TCAPPDLL 2025-12-12 15:27:43.708942 - Epoch: 0 Iteration: 97  rank : 0  train.loss : 7.040801048278809  train.ips : 99126.83013293945 imgs/s train.total_time : 0.0001614093780517578
TCAPPDLL 2025-12-12 15:27:43.761736 - Epoch: 0 Iteration: 98  rank : 0  train.loss : 7.041253566741943  train.ips : 223696.21333333335 imgs/s train.total_time : 7.152557373046875e-05
TCAPPDLL 2025-12-12 15:27:45.288454 - Epoch: 0 Iteration: 99  rank : 0  train.loss : 6.910947799682617  train.ips : 122685.30895795247 imgs/s train.total_time : 0.0001304149627685547
TCAPPDLL 2025-12-12 15:27:45.558368 - Epoch: 0 Iteration: 100  rank : 0  train.loss : 7.050452709197998  train.ips : 76173.51191827469 imgs/s train.total_time : 0.00021004676818847656
TCAPPDLL 2025-12-12 15:27:46.133803 - Epoch: 0 Iteration: 101  rank : 0  train.loss : 6.968084335327148  train.ips : 95189.8780141844 imgs/s train.total_time : 0.00016808509826660156
TCAPPDLL 2025-12-12 15:27:46.164682 - Epoch: 0 Iteration: 102  rank : 0  train.loss : 6.863574981689453  train.ips : 170760.46819338424 imgs/s train.total_time : 9.369850158691406e-05
TCAPPDLL 2025-12-12 15:27:46.568497 - Epoch: 0 Iteration: 103  rank : 0  train.loss : 6.828216075897217  train.ips : 103883.69040247679 imgs/s train.total_time : 0.00015401840209960938
TCAPPDLL 2025-12-12 15:27:48.213292 - Epoch: 0 Iteration: 104  rank : 0  train.loss : 6.978854179382324  train.ips : 240533.56272401434 imgs/s train.total_time : 6.651878356933594e-05
TCAPPDLL 2025-12-12 15:27:48.981247 - Epoch: 0 Iteration: 105  rank : 0  train.loss : 6.8699235916137695  train.ips : 44620.255319148935 imgs/s train.total_time : 0.00035858154296875
TCAPPDLL 2025-12-12 15:27:49.045985 - Epoch: 0 Iteration: 106  rank : 0  train.loss : 7.1572980880737305  train.ips : 111662.00332778702 imgs/s train.total_time : 0.00014328956604003906
TCAPPDLL 2025-12-12 15:27:49.088571 - Epoch: 0 Iteration: 107  rank : 0  train.loss : 6.972441673278809  train.ips : 140985.00840336134 imgs/s train.total_time : 0.00011348724365234375
TCAPPDLL 2025-12-12 15:27:49.816064 - Epoch: 0 Iteration: 108  rank : 0  train.loss : 7.190208435058594  train.ips : 82040.1760391198 imgs/s train.total_time : 0.00019502639770507812
TCAPPDLL 2025-12-12 15:27:51.888257 - Epoch: 0 Iteration: 109  rank : 0  train.loss : 6.861011981964111  train.ips : 96978.12716763005 imgs/s train.total_time : 0.00016498565673828125
TCAPPDLL 2025-12-12 15:27:51.943937 - Epoch: 0 Iteration: 110  rank : 0  train.loss : 7.194105625152588  train.ips : 103563.06172839506 imgs/s train.total_time : 0.0001544952392578125
TCAPPDLL 2025-12-12 15:27:51.992618 - Epoch: 0 Iteration: 111  rank : 0  train.loss : 6.790652751922607  train.ips : 133949.82834331336 imgs/s train.total_time : 0.00011944770812988281
TCAPPDLL 2025-12-12 15:27:52.382056 - Epoch: 0 Iteration: 112  rank : 0  train.loss : 7.0353803634643555  train.ips : 95596.67236467237 imgs/s train.total_time : 0.00016736984252929688
TCAPPDLL 2025-12-12 15:27:54.362512 - Epoch: 0 Iteration: 113  rank : 0  train.loss : 7.163670539855957  train.ips : 99126.83013293945 imgs/s train.total_time : 0.0001614093780517578
TCAPPDLL 2025-12-12 15:27:54.416488 - Epoch: 0 Iteration: 114  rank : 0  train.loss : 7.040830612182617  train.ips : 237974.695035461 imgs/s train.total_time : 6.723403930664062e-05
TCAPPDLL 2025-12-12 15:27:54.511550 - Epoch: 0 Iteration: 115  rank : 0  train.loss : 6.859914779663086  train.ips : 121794.67150635208 imgs/s train.total_time : 0.00013136863708496094
TCAPPDLL 2025-12-12 15:27:55.214289 - Epoch: 0 Iteration: 116  rank : 0  train.loss : 6.799772262573242  train.ips : 216480.2064516129 imgs/s train.total_time : 7.390975952148438e-05
TCAPPDLL 2025-12-12 15:27:57.172730 - Epoch: 0 Iteration: 117  rank : 0  train.loss : 7.011035442352295  train.ips : 131844.5265225933 imgs/s train.total_time : 0.00012135505676269531
TCAPPDLL 2025-12-12 15:27:57.214077 - Epoch: 0 Iteration: 118  rank : 0  train.loss : 7.070002555847168  train.ips : 162491.196125908 imgs/s train.total_time : 9.846687316894531e-05
TCAPPDLL 2025-12-12 15:27:57.349049 - Epoch: 0 Iteration: 119  rank : 0  train.loss : 7.14704704284668  train.ips : 140985.00840336134 imgs/s train.total_time : 0.00011348724365234375
TCAPPDLL 2025-12-12 15:27:57.685091 - Epoch: 0 Iteration: 120  rank : 0  train.loss : 6.857234477996826  train.ips : 152520.14545454545 imgs/s train.total_time : 0.0001049041748046875
TCAPPDLL 2025-12-12 15:27:58.800344 - Epoch: 0 Iteration: 121  rank : 0  train.loss : 6.893881797790527  train.ips : 132104.06299212598 imgs/s train.total_time : 0.00012111663818359375
TCAPPDLL 2025-12-12 15:27:58.844296 - Epoch: 0 Iteration: 122  rank : 0  train.loss : 7.020339012145996  train.ips : 165292.7684729064 imgs/s train.total_time : 9.679794311523438e-05
TCAPPDLL 2025-12-12 15:27:58.886690 - Epoch: 0 Iteration: 123  rank : 0  train.loss : 7.139796257019043  train.ips : 176602.27368421052 imgs/s train.total_time : 9.059906005859375e-05
TCAPPDLL 2025-12-12 15:28:00.367841 - Epoch: 0 Iteration: 124  rank : 0  train.loss : 7.063211917877197  train.ips : 99568.04747774481 imgs/s train.total_time : 0.00016069412231445312
TCAPPDLL 2025-12-12 15:28:01.648101 - Epoch: 0 Iteration: 125  rank : 0  train.loss : 7.155531406402588  train.ips : 222214.78145695364 imgs/s train.total_time : 7.200241088867188e-05
TCAPPDLL 2025-12-12 15:28:01.682665 - Epoch: 0 Iteration: 126  rank : 0  train.loss : 6.991291046142578  train.ips : 237974.695035461 imgs/s train.total_time : 6.723403930664062e-05
TCAPPDLL 2025-12-12 15:28:01.717889 - Epoch: 0 Iteration: 127  rank : 0  train.loss : 7.114849090576172  train.ips : 231409.87586206896 imgs/s train.total_time : 6.914138793945312e-05
TCAPPDLL 2025-12-12 15:28:03.087091 - Epoch: 0 Iteration: 128  rank : 0  train.loss : 7.027784824371338  train.ips : 102770.08269525268 imgs/s train.total_time : 0.0001556873321533203
TCAPPDLL 2025-12-12 15:28:04.157407 - Epoch: 0 Iteration: 129  rank : 0  train.loss : 6.752229690551758  train.ips : 123589.06813996317 imgs/s train.total_time : 0.00012946128845214844
TCAPPDLL 2025-12-12 15:28:04.204620 - Epoch: 0 Iteration: 130  rank : 0  train.loss : 7.113683700561523  train.ips : 152174.2947845805 imgs/s train.total_time : 0.00010514259338378906
TCAPPDLL 2025-12-12 15:28:04.248284 - Epoch: 0 Iteration: 131  rank : 0  train.loss : 6.813632011413574  train.ips : 153567.19450800915 imgs/s train.total_time : 0.00010418891906738281
TCAPPDLL 2025-12-12 15:28:04.766828 - Epoch: 0 Iteration: 132  rank : 0  train.loss : 7.089025497436523  train.ips : 204600.19512195123 imgs/s train.total_time : 7.82012939453125e-05
TCAPPDLL 2025-12-12 15:28:06.948826 - Epoch: 0 Iteration: 133  rank : 0  train.loss : 6.9987688064575195  train.ips : 90443.2129380054 imgs/s train.total_time : 0.00017690658569335938
TCAPPDLL 2025-12-12 15:28:07.004638 - Epoch: 0 Iteration: 134  rank : 0  train.loss : 7.052515029907227  train.ips : 121354.18444846293 imgs/s train.total_time : 0.00013184547424316406
TCAPPDLL 2025-12-12 15:28:07.053759 - Epoch: 0 Iteration: 135  rank : 0  train.loss : 7.092357635498047  train.ips : 141879.20507399578 imgs/s train.total_time : 0.00011277198791503906
TCAPPDLL 2025-12-12 15:28:07.357547 - Epoch: 0 Iteration: 136  rank : 0  train.loss : 7.147165298461914  train.ips : 110376.42105263157 imgs/s train.total_time : 0.00014495849609375
TCAPPDLL 2025-12-12 15:28:09.261589 - Epoch: 0 Iteration: 137  rank : 0  train.loss : 7.0243144035339355  train.ips : 214405.3162939297 imgs/s train.total_time : 7.462501525878906e-05
TCAPPDLL 2025-12-12 15:28:09.300432 - Epoch: 0 Iteration: 138  rank : 0  train.loss : 6.99686336517334  train.ips : 222214.78145695364 imgs/s train.total_time : 7.200241088867188e-05
TCAPPDLL 2025-12-12 15:28:09.338049 - Epoch: 0 Iteration: 139  rank : 0  train.loss : 7.1403398513793945  train.ips : 164482.50980392157 imgs/s train.total_time : 9.72747802734375e-05
TCAPPDLL 2025-12-12 15:28:09.902072 - Epoch: 0 Iteration: 140  rank : 0  train.loss : 6.944026470184326  train.ips : 222214.78145695364 imgs/s train.total_time : 7.200241088867188e-05
TCAPPDLL 2025-12-12 15:28:10.944569 - Epoch: 0 Iteration: 141  rank : 0  train.loss : 6.979097843170166  train.ips : 122016.11636363636 imgs/s train.total_time : 0.00013113021850585938
TCAPPDLL 2025-12-12 15:28:10.979171 - Epoch: 0 Iteration: 142  rank : 0  train.loss : 7.083260536193848  train.ips : 225197.53020134228 imgs/s train.total_time : 7.104873657226562e-05
TCAPPDLL 2025-12-12 15:28:11.021804 - Epoch: 0 Iteration: 143  rank : 0  train.loss : 7.078257083892822  train.ips : 173407.9173126615 imgs/s train.total_time : 9.226799011230469e-05
TCAPPDLL 2025-12-12 15:28:12.454880 - Epoch: 0 Iteration: 144  rank : 0  train.loss : 6.9967265129089355  train.ips : 97259.2231884058 imgs/s train.total_time : 0.00016450881958007812
TCAPPDLL 2025-12-12 15:28:13.889905 - Epoch: 0 Iteration: 145  rank : 0  train.loss : 6.883199214935303  train.ips : 91180.52173913043 imgs/s train.total_time : 0.00017547607421875
TCAPPDLL 2025-12-12 15:28:13.944213 - Epoch: 0 Iteration: 146  rank : 0  train.loss : 7.029558181762695  train.ips : 144631.1724137931 imgs/s train.total_time : 0.000110626220703125
TCAPPDLL 2025-12-12 15:28:13.988414 - Epoch: 0 Iteration: 147  rank : 0  train.loss : 7.069683074951172  train.ips : 137518.16393442624 imgs/s train.total_time : 0.0001163482666015625
TCAPPDLL 2025-12-12 15:28:15.365504 - Epoch: 0 Iteration: 148  rank : 0  train.loss : 7.177934646606445  train.ips : 250406.20895522388 imgs/s train.total_time : 6.389617919921875e-05
TCAPPDLL 2025-12-12 15:28:16.419661 - Epoch: 0 Iteration: 149  rank : 0  train.loss : 6.761491298675537  train.ips : 88301.13684210526 imgs/s train.total_time : 0.0001811981201171875
TCAPPDLL 2025-12-12 15:28:16.475156 - Epoch: 0 Iteration: 150  rank : 0  train.loss : 6.866217136383057  train.ips : 117323.18881118881 imgs/s train.total_time : 0.00013637542724609375
TCAPPDLL 2025-12-12 15:28:16.525496 - Epoch: 0 Iteration: 151  rank : 0  train.loss : 7.002429008483887  train.ips : 117941.76449912126 imgs/s train.total_time : 0.00013566017150878906
TCAPPDLL 2025-12-12 15:28:16.796292 - Epoch: 0 Iteration: 152  rank : 0  train.loss : 6.9873552322387695  train.ips : 138654.67768595042 imgs/s train.total_time : 0.00011539459228515625
TCAPPDLL 2025-12-12 15:28:19.293674 - Epoch: 0 Iteration: 153  rank : 0  train.loss : 6.850536346435547  train.ips : 89837.83668005354 imgs/s train.total_time : 0.0001780986785888672
TCAPPDLL 2025-12-12 15:28:19.337748 - Epoch: 0 Iteration: 154  rank : 0  train.loss : 6.774354934692383  train.ips : 132888.8396039604 imgs/s train.total_time : 0.00012040138244628906
TCAPPDLL 2025-12-12 15:28:19.367878 - Epoch: 0 Iteration: 155  rank : 0  train.loss : 6.936871528625488  train.ips : 261123.98443579767 imgs/s train.total_time : 6.127357482910156e-05
TCAPPDLL 2025-12-12 15:28:19.710533 - Epoch: 0 Iteration: 156  rank : 0  train.loss : 7.026912212371826  train.ips : 93858.55104895105 imgs/s train.total_time : 0.0001704692840576172
