Training with a single process on 1 device (cuda).
Model pvt_v2_b0 created, param count:3666760
Data processing configuration for current model + dataset:
	input_size: (3, 224, 224)
	interpolation: bicubic
	mean: (0.485, 0.456, 0.406)
	std: (0.229, 0.224, 0.225)
	crop_pct: 0.9
	crop_mode: center
Created SGD (sgd) optimizer: lr: 0.4, momentum: 0.9, dampening: 0, weight_decay: 2e-05, nesterov: True, maximize: False, foreach: None, differentiable: False, fused: None
Using native Torch AMP. Training in mixed precision.
Scheduled epochs: 2 (epochs + cooldown_epochs). Warmup within epochs when warmup_prefix=False. LR stepped per epoch.
TCAPPDLL 2025-11-24 19:55:25.039083 - Epoch: 0 Iteration: 0  rank : 0  train.loss : 6.995382308959961  train.ips : 154273.25057471264 imgs/s train.total_time : 0.00010371208190917969
TCAPPDLL 2025-11-24 19:55:25.082588 - Epoch: 0 Iteration: 1  rank : 0  train.loss : 6.906045436859131  train.ips : 203360.19393939394 imgs/s train.total_time : 7.867813110351562e-05
TCAPPDLL 2025-11-24 19:55:25.111373 - Epoch: 0 Iteration: 2  rank : 0  train.loss : 6.932263374328613  train.ips : 217180.78964401296 imgs/s train.total_time : 7.367134094238281e-05
TCAPPDLL 2025-11-24 19:55:25.141775 - Epoch: 0 Iteration: 3  rank : 0  train.loss : 6.844974517822266  train.ips : 205225.88379204893 imgs/s train.total_time : 7.796287536621094e-05
TCAPPDLL 2025-11-24 19:55:25.168766 - Epoch: 0 Iteration: 4  rank : 0  train.loss : 6.922612190246582  train.ips : 213044.0126984127 imgs/s train.total_time : 7.510185241699219e-05
TCAPPDLL 2025-11-24 19:55:25.194947 - Epoch: 0 Iteration: 5  rank : 0  train.loss : 6.976724624633789  train.ips : 211699.88643533122 imgs/s train.total_time : 7.557868957519531e-05
TCAPPDLL 2025-11-24 19:55:25.221280 - Epoch: 0 Iteration: 6  rank : 0  train.loss : 6.944958686828613  train.ips : 206488.8123076923 imgs/s train.total_time : 7.748603820800781e-05
TCAPPDLL 2025-11-24 19:55:25.249652 - Epoch: 0 Iteration: 7  rank : 0  train.loss : 6.917511940002441  train.ips : 167772.16 imgs/s train.total_time : 9.5367431640625e-05
TCAPPDLL 2025-11-24 19:55:25.275754 - Epoch: 0 Iteration: 8  rank : 0  train.loss : 6.908562660217285  train.ips : 216480.2064516129 imgs/s train.total_time : 7.390975952148438e-05
TCAPPDLL 2025-11-24 19:55:25.753315 - Epoch: 0 Iteration: 9  rank : 0  train.loss : 6.834164142608643  train.ips : 166937.47263681592 imgs/s train.total_time : 9.584426879882812e-05
TCAPPDLL 2025-11-24 19:55:25.856649 - Epoch: 0 Iteration: 10  rank : 0  train.loss : 6.962428092956543  train.ips : 179435.4652406417 imgs/s train.total_time : 8.916854858398438e-05
TCAPPDLL 2025-11-24 19:55:25.890024 - Epoch: 0 Iteration: 11  rank : 0  train.loss : 6.869690895080566  train.ips : 184872.90358126722 imgs/s train.total_time : 8.654594421386719e-05
TCAPPDLL 2025-11-24 19:55:26.067047 - Epoch: 0 Iteration: 12  rank : 0  train.loss : 6.884263038635254  train.ips : 72160.0688172043 imgs/s train.total_time : 0.00022172927856445312
TCAPPDLL 2025-11-24 19:55:26.433421 - Epoch: 0 Iteration: 13  rank : 0  train.loss : 6.835824012756348  train.ips : 174762.66666666666 imgs/s train.total_time : 9.1552734375e-05
TCAPPDLL 2025-11-24 19:55:26.755117 - Epoch: 0 Iteration: 14  rank : 0  train.loss : 6.849218368530273  train.ips : 177536.67724867724 imgs/s train.total_time : 9.012222290039062e-05
TCAPPDLL 2025-11-24 19:55:26.781629 - Epoch: 0 Iteration: 15  rank : 0  train.loss : 6.964449882507324  train.ips : 215784.12861736334 imgs/s train.total_time : 7.414817810058594e-05
TCAPPDLL 2025-11-24 19:55:26.816400 - Epoch: 0 Iteration: 16  rank : 0  train.loss : 6.876529693603516  train.ips : 203360.19393939394 imgs/s train.total_time : 7.867813110351562e-05
TCAPPDLL 2025-11-24 19:55:27.088846 - Epoch: 0 Iteration: 17  rank : 0  train.loss : 6.9461565017700195  train.ips : 184872.90358126722 imgs/s train.total_time : 8.654594421386719e-05
TCAPPDLL 2025-11-24 19:55:27.895226 - Epoch: 0 Iteration: 18  rank : 0  train.loss : 6.917543411254883  train.ips : 83781.35330836455 imgs/s train.total_time : 0.00019097328186035156
TCAPPDLL 2025-11-24 19:55:27.932067 - Epoch: 0 Iteration: 19  rank : 0  train.loss : 6.989381313323975  train.ips : 161708.1060240964 imgs/s train.total_time : 9.894371032714844e-05
TCAPPDLL 2025-11-24 19:55:27.959967 - Epoch: 0 Iteration: 20  rank : 0  train.loss : 6.913398742675781  train.ips : 197379.01176470588 imgs/s train.total_time : 8.106231689453125e-05
TCAPPDLL 2025-11-24 19:55:28.064890 - Epoch: 0 Iteration: 21  rank : 0  train.loss : 6.911218166351318  train.ips : 208412.6211180124 imgs/s train.total_time : 7.677078247070312e-05
TCAPPDLL 2025-11-24 19:55:28.516117 - Epoch: 0 Iteration: 22  rank : 0  train.loss : 6.929468631744385  train.ips : 180400.17204301077 imgs/s train.total_time : 8.869171142578125e-05
TCAPPDLL 2025-11-24 19:55:28.551135 - Epoch: 0 Iteration: 23  rank : 0  train.loss : 6.994196891784668  train.ips : 183859.90136986302 imgs/s train.total_time : 8.702278137207031e-05
TCAPPDLL 2025-11-24 19:55:28.582516 - Epoch: 0 Iteration: 24  rank : 0  train.loss : 6.945830345153809  train.ips : 187454.92737430168 imgs/s train.total_time : 8.535385131835938e-05
TCAPPDLL 2025-11-24 19:55:28.719414 - Epoch: 0 Iteration: 25  rank : 0  train.loss : 6.845610618591309  train.ips : 192289.00859598853 imgs/s train.total_time : 8.320808410644531e-05
TCAPPDLL 2025-11-24 19:55:29.163935 - Epoch: 0 Iteration: 26  rank : 0  train.loss : 6.954355239868164  train.ips : 209715.2 imgs/s train.total_time : 7.62939453125e-05
TCAPPDLL 2025-11-24 19:55:29.189682 - Epoch: 0 Iteration: 27  rank : 0  train.loss : 6.930759906768799  train.ips : 211034.1635220126 imgs/s train.total_time : 7.581710815429688e-05
TCAPPDLL 2025-11-24 19:55:29.215744 - Epoch: 0 Iteration: 28  rank : 0  train.loss : 6.896543502807617  train.ips : 208412.6211180124 imgs/s train.total_time : 7.677078247070312e-05
TCAPPDLL 2025-11-24 19:55:29.493692 - Epoch: 0 Iteration: 29  rank : 0  train.loss : 6.986227512359619  train.ips : 212369.82278481012 imgs/s train.total_time : 7.534027099609375e-05
TCAPPDLL 2025-11-24 19:55:30.288702 - Epoch: 0 Iteration: 30  rank : 0  train.loss : 6.954199314117432  train.ips : 144320.1376344086 imgs/s train.total_time : 0.00011086463928222656
TCAPPDLL 2025-11-24 19:55:30.331579 - Epoch: 0 Iteration: 31  rank : 0  train.loss : 6.920927047729492  train.ips : 107718.88282504013 imgs/s train.total_time : 0.00014853477478027344
TCAPPDLL 2025-11-24 19:55:30.375067 - Epoch: 0 Iteration: 32  rank : 0  train.loss : 6.789686679840088  train.ips : 141281.81894736842 imgs/s train.total_time : 0.00011324882507324219
TCAPPDLL 2025-11-24 19:55:30.649844 - Epoch: 0 Iteration: 33  rank : 0  train.loss : 6.949525833129883  train.ips : 126144.48120300751 imgs/s train.total_time : 0.00012683868408203125
TCAPPDLL 2025-11-24 19:55:30.943442 - Epoch: 0 Iteration: 34  rank : 0  train.loss : 6.878920078277588  train.ips : 117941.76449912126 imgs/s train.total_time : 0.00013566017150878906
TCAPPDLL 2025-11-24 19:55:31.003026 - Epoch: 0 Iteration: 35  rank : 0  train.loss : 6.9486589431762695  train.ips : 118149.40845070423 imgs/s train.total_time : 0.0001354217529296875
TCAPPDLL 2025-11-24 19:55:31.052881 - Epoch: 0 Iteration: 36  rank : 0  train.loss : 6.961469650268555  train.ips : 128070.35114503816 imgs/s train.total_time : 0.00012493133544921875
TCAPPDLL 2025-11-24 19:55:31.175209 - Epoch: 0 Iteration: 37  rank : 0  train.loss : 6.943924903869629  train.ips : 101834.39150227618 imgs/s train.total_time : 0.0001571178436279297
TCAPPDLL 2025-11-24 19:55:31.521545 - Epoch: 0 Iteration: 38  rank : 0  train.loss : 7.005917549133301  train.ips : 202745.81268882175 imgs/s train.total_time : 7.891654968261719e-05
TCAPPDLL 2025-11-24 19:55:31.555641 - Epoch: 0 Iteration: 39  rank : 0  train.loss : 6.963669776916504  train.ips : 152867.57175398633 imgs/s train.total_time : 0.00010466575622558594
TCAPPDLL 2025-11-24 19:55:31.600371 - Epoch: 0 Iteration: 40  rank : 0  train.loss : 6.9096574783325195  train.ips : 152520.14545454545 imgs/s train.total_time : 0.0001049041748046875
TCAPPDLL 2025-11-24 19:55:31.913631 - Epoch: 0 Iteration: 41  rank : 0  train.loss : 6.960765838623047  train.ips : 213722.49681528663 imgs/s train.total_time : 7.486343383789062e-05
TCAPPDLL 2025-11-24 19:55:32.002122 - Epoch: 0 Iteration: 42  rank : 0  train.loss : 6.90980339050293  train.ips : 202135.1325301205 imgs/s train.total_time : 7.915496826171875e-05
TCAPPDLL 2025-11-24 19:55:32.033937 - Epoch: 0 Iteration: 43  rank : 0  train.loss : 6.910866737365723  train.ips : 162098.70531400965 imgs/s train.total_time : 9.870529174804688e-05
TCAPPDLL 2025-11-24 19:55:32.145513 - Epoch: 0 Iteration: 44  rank : 0  train.loss : 7.018020153045654  train.ips : 140395.11297071129 imgs/s train.total_time : 0.00011396408081054688
TCAPPDLL 2025-11-24 19:55:32.723788 - Epoch: 0 Iteration: 45  rank : 0  train.loss : 6.89607048034668  train.ips : 151487.2776523702 imgs/s train.total_time : 0.00010561943054199219
TCAPPDLL 2025-11-24 19:55:32.782330 - Epoch: 0 Iteration: 46  rank : 0  train.loss : 6.973119735717773  train.ips : 143702.0642398287 imgs/s train.total_time : 0.00011134147644042969
TCAPPDLL 2025-11-24 19:55:32.826858 - Epoch: 0 Iteration: 47  rank : 0  train.loss : 6.891360759735107  train.ips : 156430.91841491841 imgs/s train.total_time : 0.00010228157043457031
TCAPPDLL 2025-11-24 19:55:32.869843 - Epoch: 0 Iteration: 48  rank : 0  train.loss : 6.993783473968506  train.ips : 151830.00904977377 imgs/s train.total_time : 0.00010538101196289062
TCAPPDLL 2025-11-24 19:55:33.566930 - Epoch: 0 Iteration: 49  rank : 0  train.loss : 6.947004318237305  train.ips : 170760.46819338424 imgs/s train.total_time : 9.369850158691406e-05
TCAPPDLL 2025-11-24 19:55:33.597412 - Epoch: 0 Iteration: 50  rank : 0  train.loss : 6.925924301147461  train.ips : 198546.9349112426 imgs/s train.total_time : 8.058547973632812e-05
TCAPPDLL 2025-11-24 19:55:33.624806 - Epoch: 0 Iteration: 51  rank : 0  train.loss : 6.98008918762207  train.ips : 200924.74251497007 imgs/s train.total_time : 7.963180541992188e-05
TCAPPDLL 2025-11-24 19:55:33.652574 - Epoch: 0 Iteration: 52  rank : 0  train.loss : 6.93017578125  train.ips : 216480.2064516129 imgs/s train.total_time : 7.390975952148438e-05
TCAPPDLL 2025-11-24 19:55:34.087364 - Epoch: 0 Iteration: 53  rank : 0  train.loss : 6.929987907409668  train.ips : 111107.39072847682 imgs/s train.total_time : 0.00014400482177734375
TCAPPDLL 2025-11-24 19:55:34.136977 - Epoch: 0 Iteration: 54  rank : 0  train.loss : 6.948772430419922  train.ips : 138368.79175257732 imgs/s train.total_time : 0.00011563301086425781
TCAPPDLL 2025-11-24 19:55:34.179949 - Epoch: 0 Iteration: 55  rank : 0  train.loss : 6.8765950202941895  train.ips : 118987.3475177305 imgs/s train.total_time : 0.00013446807861328125
TCAPPDLL 2025-11-24 19:55:34.210684 - Epoch: 0 Iteration: 56  rank : 0  train.loss : 6.943489074707031  train.ips : 209715.2 imgs/s train.total_time : 7.62939453125e-05
TCAPPDLL 2025-11-24 19:55:34.668790 - Epoch: 0 Iteration: 57  rank : 0  train.loss : 6.940741062164307  train.ips : 197379.01176470588 imgs/s train.total_time : 8.106231689453125e-05
TCAPPDLL 2025-11-24 19:55:34.718121 - Epoch: 0 Iteration: 58  rank : 0  train.loss : 6.898839950561523  train.ips : 133152.50793650793 imgs/s train.total_time : 0.0001201629638671875
TCAPPDLL 2025-11-24 19:55:34.745718 - Epoch: 0 Iteration: 59  rank : 0  train.loss : 6.919984817504883  train.ips : 206488.8123076923 imgs/s train.total_time : 7.748603820800781e-05
TCAPPDLL 2025-11-24 19:55:34.843266 - Epoch: 0 Iteration: 60  rank : 0  train.loss : 6.922567367553711  train.ips : 152520.14545454545 imgs/s train.total_time : 0.0001049041748046875
TCAPPDLL 2025-11-24 19:55:35.134732 - Epoch: 0 Iteration: 61  rank : 0  train.loss : 6.964470863342285  train.ips : 210372.6144200627 imgs/s train.total_time : 7.605552673339844e-05
TCAPPDLL 2025-11-24 19:55:35.297070 - Epoch: 0 Iteration: 62  rank : 0  train.loss : 6.9611406326293945  train.ips : 98980.62536873156 imgs/s train.total_time : 0.00016164779663085938
TCAPPDLL 2025-11-24 19:55:35.348151 - Epoch: 0 Iteration: 63  rank : 0  train.loss : 6.943752765655518  train.ips : 129304.16955684008 imgs/s train.total_time : 0.00012373924255371094
TCAPPDLL 2025-11-24 19:55:35.397850 - Epoch: 0 Iteration: 64  rank : 0  train.loss : 6.8983659744262695  train.ips : 140395.11297071129 imgs/s train.total_time : 0.00011396408081054688
TCAPPDLL 2025-11-24 19:55:35.610988 - Epoch: 0 Iteration: 65  rank : 0  train.loss : 6.949551105499268  train.ips : 213722.49681528663 imgs/s train.total_time : 7.486343383789062e-05
TCAPPDLL 2025-11-24 19:55:35.996711 - Epoch: 0 Iteration: 66  rank : 0  train.loss : 6.866772651672363  train.ips : 90321.48586810229 imgs/s train.total_time : 0.00017714500427246094
TCAPPDLL 2025-11-24 19:55:36.067207 - Epoch: 0 Iteration: 67  rank : 0  train.loss : 6.957954406738281  train.ips : 119837.25714285714 imgs/s train.total_time : 0.000133514404296875
TCAPPDLL 2025-11-24 19:55:36.124593 - Epoch: 0 Iteration: 68  rank : 0  train.loss : 6.882065773010254  train.ips : 176602.27368421052 imgs/s train.total_time : 9.059906005859375e-05
TCAPPDLL 2025-11-24 19:55:36.201858 - Epoch: 0 Iteration: 69  rank : 0  train.loss : 6.9101972579956055  train.ips : 205855.4110429448 imgs/s train.total_time : 7.772445678710938e-05
TCAPPDLL 2025-11-24 19:55:36.416648 - Epoch: 0 Iteration: 70  rank : 0  train.loss : 6.950498104095459  train.ips : 205855.4110429448 imgs/s train.total_time : 7.772445678710938e-05
TCAPPDLL 2025-11-24 19:55:36.442848 - Epoch: 0 Iteration: 71  rank : 0  train.loss : 6.914303779602051  train.ips : 213722.49681528663 imgs/s train.total_time : 7.486343383789062e-05
TCAPPDLL 2025-11-24 19:55:36.633682 - Epoch: 0 Iteration: 72  rank : 0  train.loss : 6.947932243347168  train.ips : 120916.87207207207 imgs/s train.total_time : 0.0001323223114013672
TCAPPDLL 2025-11-24 19:55:36.738703 - Epoch: 0 Iteration: 73  rank : 0  train.loss : 6.903019905090332  train.ips : 209061.8816199377 imgs/s train.total_time : 7.653236389160156e-05
TCAPPDLL 2025-11-24 19:55:37.071185 - Epoch: 0 Iteration: 74  rank : 0  train.loss : 6.920182228088379  train.ips : 69255.79360165118 imgs/s train.total_time : 0.00023102760314941406
TCAPPDLL 2025-11-24 19:55:37.131888 - Epoch: 0 Iteration: 75  rank : 0  train.loss : 6.889090061187744  train.ips : 128070.35114503816 imgs/s train.total_time : 0.00012493133544921875
TCAPPDLL 2025-11-24 19:55:37.224670 - Epoch: 0 Iteration: 76  rank : 0  train.loss : 6.905787467956543  train.ips : 117734.84912280702 imgs/s train.total_time : 0.00013589859008789062
TCAPPDLL 2025-11-24 19:55:37.352129 - Epoch: 0 Iteration: 77  rank : 0  train.loss : 6.905523300170898  train.ips : 174762.66666666666 imgs/s train.total_time : 9.1552734375e-05
TCAPPDLL 2025-11-24 19:55:37.808907 - Epoch: 0 Iteration: 78  rank : 0  train.loss : 6.912853240966797  train.ips : 189573.06214689265 imgs/s train.total_time : 8.440017700195312e-05
TCAPPDLL 2025-11-24 19:55:37.839044 - Epoch: 0 Iteration: 79  rank : 0  train.loss : 6.921322822570801  train.ips : 197961.25073746312 imgs/s train.total_time : 8.082389831542969e-05
TCAPPDLL 2025-11-24 19:55:38.001828 - Epoch: 0 Iteration: 80  rank : 0  train.loss : 6.940082550048828  train.ips : 148470.93805309734 imgs/s train.total_time : 0.00010776519775390625
TCAPPDLL 2025-11-24 19:55:38.263116 - Epoch: 0 Iteration: 81  rank : 0  train.loss : 6.873198509216309  train.ips : 211699.88643533122 imgs/s train.total_time : 7.557868957519531e-05
TCAPPDLL 2025-11-24 19:55:38.393947 - Epoch: 0 Iteration: 82  rank : 0  train.loss : 6.858715057373047  train.ips : 95325.09090909091 imgs/s train.total_time : 0.0001678466796875
TCAPPDLL 2025-11-24 19:55:38.441208 - Epoch: 0 Iteration: 83  rank : 0  train.loss : 6.949189186096191  train.ips : 120051.63506261181 imgs/s train.total_time : 0.00013327598571777344
TCAPPDLL 2025-11-24 19:55:38.616947 - Epoch: 0 Iteration: 84  rank : 0  train.loss : 6.913619041442871  train.ips : 205225.88379204893 imgs/s train.total_time : 7.796287536621094e-05
TCAPPDLL 2025-11-24 19:55:38.814995 - Epoch: 0 Iteration: 85  rank : 0  train.loss : 6.984993934631348  train.ips : 111476.51827242525 imgs/s train.total_time : 0.00014352798461914062
TCAPPDLL 2025-11-24 19:55:38.857320 - Epoch: 0 Iteration: 86  rank : 0  train.loss : 6.925750732421875  train.ips : 128070.35114503816 imgs/s train.total_time : 0.00012493133544921875
TCAPPDLL 2025-11-24 19:55:38.892206 - Epoch: 0 Iteration: 87  rank : 0  train.loss : 6.9483537673950195  train.ips : 144631.1724137931 imgs/s train.total_time : 0.000110626220703125
TCAPPDLL 2025-11-24 19:55:39.399283 - Epoch: 0 Iteration: 88  rank : 0  train.loss : 6.986513137817383  train.ips : 72707.32827735644 imgs/s train.total_time : 0.0002200603485107422
TCAPPDLL 2025-11-24 19:55:39.438098 - Epoch: 0 Iteration: 89  rank : 0  train.loss : 6.955232620239258  train.ips : 124275.67407407408 imgs/s train.total_time : 0.00012874603271484375
TCAPPDLL 2025-11-24 19:55:39.476292 - Epoch: 0 Iteration: 90  rank : 0  train.loss : 6.885648250579834  train.ips : 184365.010989011 imgs/s train.total_time : 8.678436279296875e-05
TCAPPDLL 2025-11-24 19:55:39.511856 - Epoch: 0 Iteration: 91  rank : 0  train.loss : 6.9472432136535645  train.ips : 169039.959697733 imgs/s train.total_time : 9.465217590332031e-05
TCAPPDLL 2025-11-24 19:55:39.863834 - Epoch: 0 Iteration: 92  rank : 0  train.loss : 6.884241580963135  train.ips : 163680.15609756098 imgs/s train.total_time : 9.775161743164062e-05
TCAPPDLL 2025-11-24 19:55:39.900044 - Epoch: 0 Iteration: 93  rank : 0  train.loss : 6.899507999420166  train.ips : 176138.75065616798 imgs/s train.total_time : 9.083747863769531e-05
TCAPPDLL 2025-11-24 19:55:40.207965 - Epoch: 0 Iteration: 94  rank : 0  train.loss : 6.942336082458496  train.ips : 89240.51063829787 imgs/s train.total_time : 0.000179290771484375
TCAPPDLL 2025-11-24 19:55:40.261053 - Epoch: 0 Iteration: 95  rank : 0  train.loss : 6.9258503913879395  train.ips : 123589.06813996317 imgs/s train.total_time : 0.00012946128845214844
TCAPPDLL 2025-11-24 19:55:40.303186 - Epoch: 0 Iteration: 96  rank : 0  train.loss : 6.920186996459961  train.ips : 123361.88235294117 imgs/s train.total_time : 0.00012969970703125
TCAPPDLL 2025-11-24 19:55:40.349444 - Epoch: 0 Iteration: 97  rank : 0  train.loss : 6.850583076477051  train.ips : 131328.50097847357 imgs/s train.total_time : 0.00012183189392089844
TCAPPDLL 2025-11-24 19:55:40.952582 - Epoch: 0 Iteration: 98  rank : 0  train.loss : 6.897571563720703  train.ips : 141879.20507399578 imgs/s train.total_time : 0.00011277198791503906
TCAPPDLL 2025-11-24 19:55:40.988532 - Epoch: 0 Iteration: 99  rank : 0  train.loss : 6.878308296203613  train.ips : 168615.23618090453 imgs/s train.total_time : 9.489059448242188e-05
TCAPPDLL 2025-11-24 19:55:41.028868 - Epoch: 0 Iteration: 100  rank : 0  train.loss : 6.857269763946533  train.ips : 148800.1419068736 imgs/s train.total_time : 0.00010752677917480469
