Training with a single process on 1 device (cuda).
Model cspresnet50 created, param count:21616168
Data processing configuration for current model + dataset:
	input_size: (3, 256, 256)
	interpolation: bilinear
	mean: (0.485, 0.456, 0.406)
	std: (0.229, 0.224, 0.225)
	crop_pct: 0.887
	crop_mode: center
Created SGD (sgd) optimizer: lr: 0.4, momentum: 0.9, dampening: 0, weight_decay: 2e-05, nesterov: True, maximize: False, foreach: None, differentiable: False, fused: None
Using native Torch AMP. Training in mixed precision.
Scheduled epochs: 1 (epochs + cooldown_epochs). Warmup within epochs when warmup_prefix=False. LR stepped per epoch.
TCAPPDLL 2025-11-27 01:26:22.543521 - Epoch: 0 Iteration: 0  rank : 0  train.loss : 6.867798805236816  train.ips : 174762.66666666666 imgs/s train.total_time : 9.1552734375e-05
TCAPPDLL 2025-11-27 01:26:22.582235 - Epoch: 0 Iteration: 1  rank : 0  train.loss : 6.929370880126953  train.ips : 255166.78326996198 imgs/s train.total_time : 6.270408630371094e-05
TCAPPDLL 2025-11-27 01:26:22.612270 - Epoch: 0 Iteration: 2  rank : 0  train.loss : 6.939852714538574  train.ips : 214405.3162939297 imgs/s train.total_time : 7.462501525878906e-05
TCAPPDLL 2025-11-27 01:26:22.641267 - Epoch: 0 Iteration: 3  rank : 0  train.loss : 6.921230792999268  train.ips : 243148.0579710145 imgs/s train.total_time : 6.580352783203125e-05
TCAPPDLL 2025-11-27 01:26:22.667701 - Epoch: 0 Iteration: 4  rank : 0  train.loss : 6.9608540534973145  train.ips : 222214.78145695364 imgs/s train.total_time : 7.200241088867188e-05
TCAPPDLL 2025-11-27 01:26:22.694187 - Epoch: 0 Iteration: 5  rank : 0  train.loss : 6.946638107299805  train.ips : 260111.87596899224 imgs/s train.total_time : 6.151199340820312e-05
TCAPPDLL 2025-11-27 01:26:22.720184 - Epoch: 0 Iteration: 6  rank : 0  train.loss : 6.920299530029297  train.ips : 264208.12598425196 imgs/s train.total_time : 6.0558319091796875e-05
TCAPPDLL 2025-11-27 01:26:23.426128 - Epoch: 0 Iteration: 7  rank : 0  train.loss : 6.908526420593262  train.ips : 247634.184501845 imgs/s train.total_time : 6.461143493652344e-05
TCAPPDLL 2025-11-27 01:26:23.800675 - Epoch: 0 Iteration: 8  rank : 0  train.loss : 6.908318996429443  train.ips : 112034.83138564274 imgs/s train.total_time : 0.00014281272888183594
TCAPPDLL 2025-11-27 01:26:23.842712 - Epoch: 0 Iteration: 9  rank : 0  train.loss : 6.914238929748535  train.ips : 143395.00854700856 imgs/s train.total_time : 0.00011157989501953125
TCAPPDLL 2025-11-27 01:26:23.887602 - Epoch: 0 Iteration: 10  rank : 0  train.loss : 6.916043281555176  train.ips : 143395.00854700856 imgs/s train.total_time : 0.00011157989501953125
TCAPPDLL 2025-11-27 01:26:24.680021 - Epoch: 0 Iteration: 11  rank : 0  train.loss : 6.8884711265563965  train.ips : 108590.39482200648 imgs/s train.total_time : 0.00014734268188476562
TCAPPDLL 2025-11-27 01:26:26.218461 - Epoch: 0 Iteration: 12  rank : 0  train.loss : 6.945401191711426  train.ips : 123589.06813996317 imgs/s train.total_time : 0.00012946128845214844
TCAPPDLL 2025-11-27 01:26:26.269489 - Epoch: 0 Iteration: 13  rank : 0  train.loss : 6.891785144805908  train.ips : 65154.23689320388 imgs/s train.total_time : 0.0002455711364746094
TCAPPDLL 2025-11-27 01:26:26.308859 - Epoch: 0 Iteration: 14  rank : 0  train.loss : 6.9369797706604  train.ips : 183859.90136986302 imgs/s train.total_time : 8.702278137207031e-05
TCAPPDLL 2025-11-27 01:26:26.342785 - Epoch: 0 Iteration: 15  rank : 0  train.loss : 6.917937278747559  train.ips : 167353.77556109725 imgs/s train.total_time : 9.560585021972656e-05
TCAPPDLL 2025-11-27 01:26:27.761624 - Epoch: 0 Iteration: 16  rank : 0  train.loss : 6.926748275756836  train.ips : 213044.0126984127 imgs/s train.total_time : 7.510185241699219e-05
TCAPPDLL 2025-11-27 01:26:27.788037 - Epoch: 0 Iteration: 17  rank : 0  train.loss : 6.911492347717285  train.ips : 198546.9349112426 imgs/s train.total_time : 8.058547973632812e-05
TCAPPDLL 2025-11-27 01:26:27.818432 - Epoch: 0 Iteration: 18  rank : 0  train.loss : 6.889947891235352  train.ips : 195652.66472303207 imgs/s train.total_time : 8.177757263183594e-05
TCAPPDLL 2025-11-27 01:26:27.853326 - Epoch: 0 Iteration: 19  rank : 0  train.loss : 6.9574432373046875  train.ips : 102456.28091603053 imgs/s train.total_time : 0.00015616416931152344
TCAPPDLL 2025-11-27 01:26:28.556100 - Epoch: 0 Iteration: 20  rank : 0  train.loss : 6.8966851234436035  train.ips : 122016.11636363636 imgs/s train.total_time : 0.00013113021850585938
TCAPPDLL 2025-11-27 01:26:28.601378 - Epoch: 0 Iteration: 21  rank : 0  train.loss : 6.882837772369385  train.ips : 152867.57175398633 imgs/s train.total_time : 0.00010466575622558594
TCAPPDLL 2025-11-27 01:26:28.638055 - Epoch: 0 Iteration: 22  rank : 0  train.loss : 6.933332920074463  train.ips : 159025.7440758294 imgs/s train.total_time : 0.00010061264038085938
TCAPPDLL 2025-11-27 01:26:28.677148 - Epoch: 0 Iteration: 23  rank : 0  train.loss : 6.9151225090026855  train.ips : 171633.9232736573 imgs/s train.total_time : 9.322166442871094e-05
TCAPPDLL 2025-11-27 01:26:29.499932 - Epoch: 0 Iteration: 24  rank : 0  train.loss : 6.963038444519043  train.ips : 203360.19393939394 imgs/s train.total_time : 7.867813110351562e-05
TCAPPDLL 2025-11-27 01:26:29.525750 - Epoch: 0 Iteration: 25  rank : 0  train.loss : 6.914581298828125  train.ips : 251344.05992509364 imgs/s train.total_time : 6.365776062011719e-05
TCAPPDLL 2025-11-27 01:26:29.551352 - Epoch: 0 Iteration: 26  rank : 0  train.loss : 6.917555332183838  train.ips : 217885.9220779221 imgs/s train.total_time : 7.343292236328125e-05
TCAPPDLL 2025-11-27 01:26:29.579432 - Epoch: 0 Iteration: 27  rank : 0  train.loss : 6.938343048095703  train.ips : 145888.8347826087 imgs/s train.total_time : 0.00010967254638671875
TCAPPDLL 2025-11-27 01:26:30.843879 - Epoch: 0 Iteration: 28  rank : 0  train.loss : 6.935790061950684  train.ips : 121135.13357400722 imgs/s train.total_time : 0.00013208389282226562
TCAPPDLL 2025-11-27 01:26:30.883793 - Epoch: 0 Iteration: 29  rank : 0  train.loss : 6.9211530685424805  train.ips : 198546.9349112426 imgs/s train.total_time : 8.058547973632812e-05
TCAPPDLL 2025-11-27 01:26:30.917630 - Epoch: 0 Iteration: 30  rank : 0  train.loss : 6.887787342071533  train.ips : 192841.5632183908 imgs/s train.total_time : 8.296966552734375e-05
TCAPPDLL 2025-11-27 01:26:30.948161 - Epoch: 0 Iteration: 31  rank : 0  train.loss : 6.83878231048584  train.ips : 185383.60220994474 imgs/s train.total_time : 8.630752563476562e-05
TCAPPDLL 2025-11-27 01:26:32.275082 - Epoch: 0 Iteration: 32  rank : 0  train.loss : 6.879262924194336  train.ips : 206488.8123076923 imgs/s train.total_time : 7.748603820800781e-05
TCAPPDLL 2025-11-27 01:26:32.301851 - Epoch: 0 Iteration: 33  rank : 0  train.loss : 6.947318077087402  train.ips : 207767.38080495357 imgs/s train.total_time : 7.700920104980469e-05
TCAPPDLL 2025-11-27 01:26:32.327427 - Epoch: 0 Iteration: 34  rank : 0  train.loss : 6.892127990722656  train.ips : 221481.399339934 imgs/s train.total_time : 7.224082946777344e-05
TCAPPDLL 2025-11-27 01:26:32.353110 - Epoch: 0 Iteration: 35  rank : 0  train.loss : 6.934788703918457  train.ips : 216480.2064516129 imgs/s train.total_time : 7.390975952148438e-05
TCAPPDLL 2025-11-27 01:26:33.038096 - Epoch: 0 Iteration: 36  rank : 0  train.loss : 6.901309013366699  train.ips : 196800.18768328446 imgs/s train.total_time : 8.130073547363281e-05
TCAPPDLL 2025-11-27 01:26:33.067424 - Epoch: 0 Iteration: 37  rank : 0  train.loss : 6.9001922607421875  train.ips : 192289.00859598853 imgs/s train.total_time : 8.320808410644531e-05
TCAPPDLL 2025-11-27 01:26:33.095851 - Epoch: 0 Iteration: 38  rank : 0  train.loss : 6.9251790046691895  train.ips : 202135.1325301205 imgs/s train.total_time : 7.915496826171875e-05
TCAPPDLL 2025-11-27 01:26:33.125505 - Epoch: 0 Iteration: 39  rank : 0  train.loss : 6.929929256439209  train.ips : 175218.96605744126 imgs/s train.total_time : 9.131431579589844e-05
TCAPPDLL 2025-11-27 01:26:34.453844 - Epoch: 0 Iteration: 40  rank : 0  train.loss : 6.9275665283203125  train.ips : 191739.61142857143 imgs/s train.total_time : 8.344650268554688e-05
TCAPPDLL 2025-11-27 01:26:34.484133 - Epoch: 0 Iteration: 41  rank : 0  train.loss : 6.920812606811523  train.ips : 172074.01025641026 imgs/s train.total_time : 9.298324584960938e-05
TCAPPDLL 2025-11-27 01:26:34.515725 - Epoch: 0 Iteration: 42  rank : 0  train.loss : 6.889882564544678  train.ips : 196800.18768328446 imgs/s train.total_time : 8.130073547363281e-05
TCAPPDLL 2025-11-27 01:26:34.549573 - Epoch: 0 Iteration: 43  rank : 0  train.loss : 6.90585470199585  train.ips : 162491.196125908 imgs/s train.total_time : 9.846687316894531e-05
TCAPPDLL 2025-11-27 01:26:35.011747 - Epoch: 0 Iteration: 44  rank : 0  train.loss : 6.937633991241455  train.ips : 138084.08230452676 imgs/s train.total_time : 0.00011587142944335938
TCAPPDLL 2025-11-27 01:26:35.041484 - Epoch: 0 Iteration: 45  rank : 0  train.loss : 6.960010528564453  train.ips : 207126.1234567901 imgs/s train.total_time : 7.724761962890625e-05
TCAPPDLL 2025-11-27 01:26:35.069304 - Epoch: 0 Iteration: 46  rank : 0  train.loss : 6.9281110763549805  train.ips : 133152.50793650793 imgs/s train.total_time : 0.0001201629638671875
TCAPPDLL 2025-11-27 01:26:35.096614 - Epoch: 0 Iteration: 47  rank : 0  train.loss : 6.972198486328125  train.ips : 214405.3162939297 imgs/s train.total_time : 7.462501525878906e-05
TCAPPDLL 2025-11-27 01:26:35.757596 - Epoch: 0 Iteration: 48  rank : 0  train.loss : 6.951112747192383  train.ips : 187980.0112044818 imgs/s train.total_time : 8.511543273925781e-05
TCAPPDLL 2025-11-27 01:26:35.785673 - Epoch: 0 Iteration: 49  rank : 0  train.loss : 6.867047309875488  train.ips : 245820.01465201465 imgs/s train.total_time : 6.508827209472656e-05
TCAPPDLL 2025-11-27 01:26:35.811712 - Epoch: 0 Iteration: 50  rank : 0  train.loss : 6.913410186767578  train.ips : 249475.33085501858 imgs/s train.total_time : 6.413459777832031e-05
TCAPPDLL 2025-11-27 01:26:35.840705 - Epoch: 0 Iteration: 51  rank : 0  train.loss : 6.885761737823486  train.ips : 196800.18768328446 imgs/s train.total_time : 8.130073547363281e-05
TCAPPDLL 2025-11-27 01:26:36.919070 - Epoch: 0 Iteration: 52  rank : 0  train.loss : 6.94174337387085  train.ips : 171196.08163265305 imgs/s train.total_time : 9.34600830078125e-05
TCAPPDLL 2025-11-27 01:26:36.946115 - Epoch: 0 Iteration: 53  rank : 0  train.loss : 6.889851093292236  train.ips : 201528.12012012012 imgs/s train.total_time : 7.939338684082031e-05
TCAPPDLL 2025-11-27 01:26:36.973714 - Epoch: 0 Iteration: 54  rank : 0  train.loss : 6.8957743644714355  train.ips : 213722.49681528663 imgs/s train.total_time : 7.486343383789062e-05
TCAPPDLL 2025-11-27 01:26:37.000481 - Epoch: 0 Iteration: 55  rank : 0  train.loss : 6.904420852661133  train.ips : 158275.62264150943 imgs/s train.total_time : 0.0001010894775390625
TCAPPDLL 2025-11-27 01:26:37.506638 - Epoch: 0 Iteration: 56  rank : 0  train.loss : 6.905634880065918  train.ips : 204600.19512195123 imgs/s train.total_time : 7.82012939453125e-05
TCAPPDLL 2025-11-27 01:26:37.544416 - Epoch: 0 Iteration: 57  rank : 0  train.loss : 6.948578357696533  train.ips : 163680.15609756098 imgs/s train.total_time : 9.775161743164062e-05
TCAPPDLL 2025-11-27 01:26:37.584150 - Epoch: 0 Iteration: 58  rank : 0  train.loss : 6.8871049880981445  train.ips : 197379.01176470588 imgs/s train.total_time : 8.106231689453125e-05
TCAPPDLL 2025-11-27 01:26:37.622110 - Epoch: 0 Iteration: 59  rank : 0  train.loss : 6.9009623527526855  train.ips : 209715.2 imgs/s train.total_time : 7.62939453125e-05
TCAPPDLL 2025-11-27 01:26:37.996446 - Epoch: 0 Iteration: 60  rank : 0  train.loss : 6.855557441711426  train.ips : 213722.49681528663 imgs/s train.total_time : 7.486343383789062e-05
TCAPPDLL 2025-11-27 01:26:38.025521 - Epoch: 0 Iteration: 61  rank : 0  train.loss : 6.947399139404297  train.ips : 172516.35989717222 imgs/s train.total_time : 9.274482727050781e-05
TCAPPDLL 2025-11-27 01:26:38.052297 - Epoch: 0 Iteration: 62  rank : 0  train.loss : 6.945247173309326  train.ips : 218595.64820846907 imgs/s train.total_time : 7.319450378417969e-05
TCAPPDLL 2025-11-27 01:26:38.080135 - Epoch: 0 Iteration: 63  rank : 0  train.loss : 6.917233467102051  train.ips : 217180.78964401296 imgs/s train.total_time : 7.367134094238281e-05
TCAPPDLL 2025-11-27 01:26:38.695659 - Epoch: 0 Iteration: 64  rank : 0  train.loss : 6.914665699005127  train.ips : 108414.96607431342 imgs/s train.total_time : 0.0001475811004638672
TCAPPDLL 2025-11-27 01:26:38.739067 - Epoch: 0 Iteration: 65  rank : 0  train.loss : 6.926244258880615  train.ips : 144943.55075593953 imgs/s train.total_time : 0.00011038780212402344
TCAPPDLL 2025-11-27 01:26:38.773699 - Epoch: 0 Iteration: 66  rank : 0  train.loss : 6.914464950561523  train.ips : 174308.73766233766 imgs/s train.total_time : 9.179115295410156e-05
TCAPPDLL 2025-11-27 01:26:38.806962 - Epoch: 0 Iteration: 67  rank : 0  train.loss : 6.9117841720581055  train.ips : 242270.26714801445 imgs/s train.total_time : 6.604194641113281e-05
TCAPPDLL 2025-11-27 01:26:39.931276 - Epoch: 0 Iteration: 68  rank : 0  train.loss : 6.939091682434082  train.ips : 105849.94321766561 imgs/s train.total_time : 0.00015115737915039062
TCAPPDLL 2025-11-27 01:26:39.987042 - Epoch: 0 Iteration: 69  rank : 0  train.loss : 6.91616678237915  train.ips : 136123.45638945233 imgs/s train.total_time : 0.00011754035949707031
TCAPPDLL 2025-11-27 01:26:40.037262 - Epoch: 0 Iteration: 70  rank : 0  train.loss : 6.951586723327637  train.ips : 199136.09495548962 imgs/s train.total_time : 8.034706115722656e-05
TCAPPDLL 2025-11-27 01:26:40.076975 - Epoch: 0 Iteration: 71  rank : 0  train.loss : 6.890714645385742  train.ips : 242270.26714801445 imgs/s train.total_time : 6.604194641113281e-05
TCAPPDLL 2025-11-27 01:26:40.510641 - Epoch: 0 Iteration: 72  rank : 0  train.loss : 6.869457244873047  train.ips : 104530.94080996884 imgs/s train.total_time : 0.00015306472778320312
TCAPPDLL 2025-11-27 01:26:40.569900 - Epoch: 0 Iteration: 73  rank : 0  train.loss : 6.90587043762207  train.ips : 116914.39721254355 imgs/s train.total_time : 0.00013685226440429688
TCAPPDLL 2025-11-27 01:26:40.619554 - Epoch: 0 Iteration: 74  rank : 0  train.loss : 6.9566545486450195  train.ips : 140689.4423480084 imgs/s train.total_time : 0.00011372566223144531
TCAPPDLL 2025-11-27 01:26:40.873391 - Epoch: 0 Iteration: 75  rank : 0  train.loss : 6.898256301879883  train.ips : 197379.01176470588 imgs/s train.total_time : 8.106231689453125e-05
TCAPPDLL 2025-11-27 01:26:40.977043 - Epoch: 0 Iteration: 76  rank : 0  train.loss : 6.93705940246582  train.ips : 218595.64820846907 imgs/s train.total_time : 7.319450378417969e-05
TCAPPDLL 2025-11-27 01:26:41.006231 - Epoch: 0 Iteration: 77  rank : 0  train.loss : 6.898134231567383  train.ips : 216480.2064516129 imgs/s train.total_time : 7.390975952148438e-05
TCAPPDLL 2025-11-27 01:26:41.038214 - Epoch: 0 Iteration: 78  rank : 0  train.loss : 6.936366081237793  train.ips : 220752.84210526315 imgs/s train.total_time : 7.2479248046875e-05
TCAPPDLL 2025-11-27 01:26:41.526282 - Epoch: 0 Iteration: 79  rank : 0  train.loss : 6.879505157470703  train.ips : 177536.67724867724 imgs/s train.total_time : 9.012222290039062e-05
TCAPPDLL 2025-11-27 01:26:41.554174 - Epoch: 0 Iteration: 80  rank : 0  train.loss : 6.870865345001221  train.ips : 222214.78145695364 imgs/s train.total_time : 7.200241088867188e-05
TCAPPDLL 2025-11-27 01:26:41.579835 - Epoch: 0 Iteration: 81  rank : 0  train.loss : 6.9055304527282715  train.ips : 213044.0126984127 imgs/s train.total_time : 7.510185241699219e-05
TCAPPDLL 2025-11-27 01:26:41.640183 - Epoch: 0 Iteration: 82  rank : 0  train.loss : 6.922640800476074  train.ips : 213722.49681528663 imgs/s train.total_time : 7.486343383789062e-05
TCAPPDLL 2025-11-27 01:26:42.740468 - Epoch: 0 Iteration: 83  rank : 0  train.loss : 6.922690391540527  train.ips : 207126.1234567901 imgs/s train.total_time : 7.724761962890625e-05
TCAPPDLL 2025-11-27 01:26:42.774191 - Epoch: 0 Iteration: 84  rank : 0  train.loss : 6.933887004852295  train.ips : 168615.23618090453 imgs/s train.total_time : 9.489059448242188e-05
TCAPPDLL 2025-11-27 01:26:42.805443 - Epoch: 0 Iteration: 85  rank : 0  train.loss : 6.894164562225342  train.ips : 189573.06214689265 imgs/s train.total_time : 8.440017700195312e-05
TCAPPDLL 2025-11-27 01:26:42.835461 - Epoch: 0 Iteration: 86  rank : 0  train.loss : 6.94266414642334  train.ips : 199136.09495548962 imgs/s train.total_time : 8.034706115722656e-05
TCAPPDLL 2025-11-27 01:26:43.353255 - Epoch: 0 Iteration: 87  rank : 0  train.loss : 6.945374965667725  train.ips : 54032.901771336554 imgs/s train.total_time : 0.0002961158752441406
TCAPPDLL 2025-11-27 01:26:43.406361 - Epoch: 0 Iteration: 88  rank : 0  train.loss : 6.9597039222717285  train.ips : 132364.62327416174 imgs/s train.total_time : 0.00012087821960449219
TCAPPDLL 2025-11-27 01:26:43.442606 - Epoch: 0 Iteration: 89  rank : 0  train.loss : 6.895256042480469  train.ips : 162491.196125908 imgs/s train.total_time : 9.846687316894531e-05
TCAPPDLL 2025-11-27 01:26:43.482206 - Epoch: 0 Iteration: 90  rank : 0  train.loss : 6.908863544464111  train.ips : 174308.73766233766 imgs/s train.total_time : 9.179115295410156e-05
TCAPPDLL 2025-11-27 01:26:43.929575 - Epoch: 0 Iteration: 91  rank : 0  train.loss : 6.919988632202148  train.ips : 190110.09631728046 imgs/s train.total_time : 8.416175842285156e-05
TCAPPDLL 2025-11-27 01:26:44.050493 - Epoch: 0 Iteration: 92  rank : 0  train.loss : 6.913143157958984  train.ips : 207126.1234567901 imgs/s train.total_time : 7.724761962890625e-05
TCAPPDLL 2025-11-27 01:26:44.084724 - Epoch: 0 Iteration: 93  rank : 0  train.loss : 6.920517921447754  train.ips : 207126.1234567901 imgs/s train.total_time : 7.724761962890625e-05
TCAPPDLL 2025-11-27 01:26:44.122808 - Epoch: 0 Iteration: 94  rank : 0  train.loss : 6.907284259796143  train.ips : 211034.1635220126 imgs/s train.total_time : 7.581710815429688e-05
TCAPPDLL 2025-11-27 01:26:44.749113 - Epoch: 0 Iteration: 95  rank : 0  train.loss : 6.903907775878906  train.ips : 115109.54373927959 imgs/s train.total_time : 0.00013899803161621094
TCAPPDLL 2025-11-27 01:26:44.802989 - Epoch: 0 Iteration: 96  rank : 0  train.loss : 6.931461334228516  train.ips : 133682.99601593625 imgs/s train.total_time : 0.00011968612670898438
TCAPPDLL 2025-11-27 01:26:44.856701 - Epoch: 0 Iteration: 97  rank : 0  train.loss : 6.927018165588379  train.ips : 95869.80571428571 imgs/s train.total_time : 0.00016689300537109375
TCAPPDLL 2025-11-27 01:26:44.894221 - Epoch: 0 Iteration: 98  rank : 0  train.loss : 6.924859046936035  train.ips : 213722.49681528663 imgs/s train.total_time : 7.486343383789062e-05
TCAPPDLL 2025-11-27 01:26:45.788426 - Epoch: 0 Iteration: 99  rank : 0  train.loss : 6.938746452331543  train.ips : 181866.84010840108 imgs/s train.total_time : 8.797645568847656e-05
TCAPPDLL 2025-11-27 01:26:45.821266 - Epoch: 0 Iteration: 100  rank : 0  train.loss : 6.904857158660889  train.ips : 180886.4258760108 imgs/s train.total_time : 8.845329284667969e-05
TCAPPDLL 2025-11-27 01:26:45.852653 - Epoch: 0 Iteration: 101  rank : 0  train.loss : 6.872348785400391  train.ips : 188508.04494382022 imgs/s train.total_time : 8.487701416015625e-05
TCAPPDLL 2025-11-27 01:26:45.882589 - Epoch: 0 Iteration: 102  rank : 0  train.loss : 6.9354658126831055  train.ips : 197961.25073746312 imgs/s train.total_time : 8.082389831542969e-05
TCAPPDLL 2025-11-27 01:26:46.495171 - Epoch: 0 Iteration: 103  rank : 0  train.loss : 6.937065601348877  train.ips : 140985.00840336134 imgs/s train.total_time : 0.00011348724365234375
TCAPPDLL 2025-11-27 01:26:46.525765 - Epoch: 0 Iteration: 104  rank : 0  train.loss : 6.931458950042725  train.ips : 193956.2543352601 imgs/s train.total_time : 8.249282836914062e-05
TCAPPDLL 2025-11-27 01:26:46.553794 - Epoch: 0 Iteration: 105  rank : 0  train.loss : 6.879265785217285  train.ips : 186932.7688022284 imgs/s train.total_time : 8.559226989746094e-05
TCAPPDLL 2025-11-27 01:26:46.581530 - Epoch: 0 Iteration: 106  rank : 0  train.loss : 6.908485412597656  train.ips : 208412.6211180124 imgs/s train.total_time : 7.677078247070312e-05
TCAPPDLL 2025-11-27 01:26:47.066184 - Epoch: 0 Iteration: 107  rank : 0  train.loss : 6.916604042053223  train.ips : 145257.28138528139 imgs/s train.total_time : 0.00011014938354492188
TCAPPDLL 2025-11-27 01:26:47.095493 - Epoch: 0 Iteration: 108  rank : 0  train.loss : 6.896290302276611  train.ips : 193397.30259365993 imgs/s train.total_time : 8.273124694824219e-05
TCAPPDLL 2025-11-27 01:26:47.124851 - Epoch: 0 Iteration: 109  rank : 0  train.loss : 6.900384902954102  train.ips : 248551.34814814816 imgs/s train.total_time : 6.437301635742188e-05
TCAPPDLL 2025-11-27 01:26:47.157655 - Epoch: 0 Iteration: 110  rank : 0  train.loss : 6.924353122711182  train.ips : 215784.12861736334 imgs/s train.total_time : 7.414817810058594e-05
TCAPPDLL 2025-11-27 01:26:47.743314 - Epoch: 0 Iteration: 111  rank : 0  train.loss : 6.921620845794678  train.ips : 100764.06006006006 imgs/s train.total_time : 0.00015878677368164062
TCAPPDLL 2025-11-27 01:26:47.790841 - Epoch: 0 Iteration: 112  rank : 0  train.loss : 6.891128063201904  train.ips : 126859.85633270322 imgs/s train.total_time : 0.00012612342834472656
TCAPPDLL 2025-11-27 01:26:47.831513 - Epoch: 0 Iteration: 113  rank : 0  train.loss : 6.911611557006836  train.ips : 130055.93798449612 imgs/s train.total_time : 0.00012302398681640625
TCAPPDLL 2025-11-27 01:26:47.866261 - Epoch: 0 Iteration: 114  rank : 0  train.loss : 6.962480545043945  train.ips : 169466.8282828283 imgs/s train.total_time : 9.441375732421875e-05
TCAPPDLL 2025-11-27 01:26:48.879336 - Epoch: 0 Iteration: 115  rank : 0  train.loss : 6.894859313964844  train.ips : 97969.14452554744 imgs/s train.total_time : 0.0001633167266845703
TCAPPDLL 2025-11-27 01:26:48.933126 - Epoch: 0 Iteration: 116  rank : 0  train.loss : 6.914395332336426  train.ips : 138941.7474120083 imgs/s train.total_time : 0.00011515617370605469
TCAPPDLL 2025-11-27 01:26:48.983083 - Epoch: 0 Iteration: 117  rank : 0  train.loss : 6.90138578414917  train.ips : 140102.01252609602 imgs/s train.total_time : 0.00011420249938964844
TCAPPDLL 2025-11-27 01:26:49.018533 - Epoch: 0 Iteration: 118  rank : 0  train.loss : 6.913036346435547  train.ips : 157163.61592505855 imgs/s train.total_time : 0.00010180473327636719
TCAPPDLL 2025-11-27 01:26:49.604868 - Epoch: 0 Iteration: 119  rank : 0  train.loss : 6.85142183303833  train.ips : 100915.58496240602 imgs/s train.total_time : 0.00015854835510253906
TCAPPDLL 2025-11-27 01:26:49.655800 - Epoch: 0 Iteration: 120  rank : 0  train.loss : 6.895307540893555  train.ips : 137518.16393442624 imgs/s train.total_time : 0.0001163482666015625
TCAPPDLL 2025-11-27 01:26:49.714898 - Epoch: 0 Iteration: 121  rank : 0  train.loss : 6.8927388191223145  train.ips : 154628.71889400922 imgs/s train.total_time : 0.00010347366333007812
TCAPPDLL 2025-11-27 01:26:49.747871 - Epoch: 0 Iteration: 122  rank : 0  train.loss : 6.913119792938232  train.ips : 170327.0659898477 imgs/s train.total_time : 9.393692016601562e-05
TCAPPDLL 2025-11-27 01:26:50.113464 - Epoch: 0 Iteration: 123  rank : 0  train.loss : 6.959826469421387  train.ips : 189573.06214689265 imgs/s train.total_time : 8.440017700195312e-05
TCAPPDLL 2025-11-27 01:26:50.142269 - Epoch: 0 Iteration: 124  rank : 0  train.loss : 6.8988494873046875  train.ips : 200324.9671641791 imgs/s train.total_time : 7.987022399902344e-05
TCAPPDLL 2025-11-27 01:26:50.181447 - Epoch: 0 Iteration: 125  rank : 0  train.loss : 6.933448791503906  train.ips : 202135.1325301205 imgs/s train.total_time : 7.915496826171875e-05
TCAPPDLL 2025-11-27 01:26:50.219360 - Epoch: 0 Iteration: 126  rank : 0  train.loss : 6.907214164733887  train.ips : 196224.74853801169 imgs/s train.total_time : 8.153915405273438e-05
TCAPPDLL 2025-11-27 01:26:50.841751 - Epoch: 0 Iteration: 127  rank : 0  train.loss : 6.954195022583008  train.ips : 169039.959697733 imgs/s train.total_time : 9.465217590332031e-05
TCAPPDLL 2025-11-27 01:26:50.873374 - Epoch: 0 Iteration: 128  rank : 0  train.loss : 6.921372413635254  train.ips : 203978.31003039514 imgs/s train.total_time : 7.843971252441406e-05
TCAPPDLL 2025-11-27 01:26:50.900353 - Epoch: 0 Iteration: 129  rank : 0  train.loss : 6.922600269317627  train.ips : 205855.4110429448 imgs/s train.total_time : 7.772445678710938e-05
TCAPPDLL 2025-11-27 01:26:50.927327 - Epoch: 0 Iteration: 130  rank : 0  train.loss : 6.8679046630859375  train.ips : 208412.6211180124 imgs/s train.total_time : 7.677078247070312e-05
TCAPPDLL 2025-11-27 01:26:52.231588 - Epoch: 0 Iteration: 131  rank : 0  train.loss : 6.9353227615356445  train.ips : 170760.46819338424 imgs/s train.total_time : 9.369850158691406e-05
TCAPPDLL 2025-11-27 01:26:52.289724 - Epoch: 0 Iteration: 132  rank : 0  train.loss : 6.941332817077637  train.ips : 208412.6211180124 imgs/s train.total_time : 7.677078247070312e-05
TCAPPDLL 2025-11-27 01:26:52.315686 - Epoch: 0 Iteration: 133  rank : 0  train.loss : 6.9048309326171875  train.ips : 214405.3162939297 imgs/s train.total_time : 7.462501525878906e-05
TCAPPDLL 2025-11-27 01:26:52.347143 - Epoch: 0 Iteration: 134  rank : 0  train.loss : 6.919830322265625  train.ips : 183859.90136986302 imgs/s train.total_time : 8.702278137207031e-05
TCAPPDLL 2025-11-27 01:26:52.812062 - Epoch: 0 Iteration: 135  rank : 0  train.loss : 6.990553855895996  train.ips : 199136.09495548962 imgs/s train.total_time : 8.034706115722656e-05
TCAPPDLL 2025-11-27 01:26:53.009573 - Epoch: 0 Iteration: 136  rank : 0  train.loss : 6.893360137939453  train.ips : 125203.10447761194 imgs/s train.total_time : 0.0001277923583984375
TCAPPDLL 2025-11-27 01:26:53.067275 - Epoch: 0 Iteration: 137  rank : 0  train.loss : 6.868623733520508  train.ips : 235469.69824561404 imgs/s train.total_time : 6.794929504394531e-05
TCAPPDLL 2025-11-27 01:26:53.097344 - Epoch: 0 Iteration: 138  rank : 0  train.loss : 6.894262313842773  train.ips : 250406.20895522388 imgs/s train.total_time : 6.389617919921875e-05
TCAPPDLL 2025-11-27 01:26:53.662654 - Epoch: 0 Iteration: 139  rank : 0  train.loss : 6.94154691696167  train.ips : 98980.62536873156 imgs/s train.total_time : 0.00016164779663085938
TCAPPDLL 2025-11-27 01:26:53.716606 - Epoch: 0 Iteration: 140  rank : 0  train.loss : 6.925179481506348  train.ips : 139519.46777546778 imgs/s train.total_time : 0.00011467933654785156
TCAPPDLL 2025-11-27 01:26:53.759982 - Epoch: 0 Iteration: 141  rank : 0  train.loss : 6.92034912109375  train.ips : 162885.5922330097 imgs/s train.total_time : 9.822845458984375e-05
TCAPPDLL 2025-11-27 01:26:53.802712 - Epoch: 0 Iteration: 142  rank : 0  train.loss : 6.893559455871582  train.ips : 166937.47263681592 imgs/s train.total_time : 9.584426879882812e-05
TCAPPDLL 2025-11-27 01:26:55.319436 - Epoch: 0 Iteration: 143  rank : 0  train.loss : 6.929048538208008  train.ips : 202745.81268882175 imgs/s train.total_time : 7.891654968261719e-05
TCAPPDLL 2025-11-27 01:26:55.348412 - Epoch: 0 Iteration: 144  rank : 0  train.loss : 6.918994903564453  train.ips : 197379.01176470588 imgs/s train.total_time : 8.106231689453125e-05
TCAPPDLL 2025-11-27 01:26:55.375405 - Epoch: 0 Iteration: 145  rank : 0  train.loss : 6.953369140625  train.ips : 193956.2543352601 imgs/s train.total_time : 8.249282836914062e-05
TCAPPDLL 2025-11-27 01:26:55.417449 - Epoch: 0 Iteration: 146  rank : 0  train.loss : 6.939894199371338  train.ips : 227487.67457627118 imgs/s train.total_time : 7.033348083496094e-05
TCAPPDLL 2025-11-27 01:26:56.079472 - Epoch: 0 Iteration: 147  rank : 0  train.loss : 6.951626777648926  train.ips : 92948.56509695291 imgs/s train.total_time : 0.00017213821411132812
TCAPPDLL 2025-11-27 01:26:56.226683 - Epoch: 0 Iteration: 148  rank : 0  train.loss : 6.908911228179932  train.ips : 117528.6584938704 imgs/s train.total_time : 0.0001361370086669922
TCAPPDLL 2025-11-27 01:26:56.269137 - Epoch: 0 Iteration: 149  rank : 0  train.loss : 6.901749610900879  train.ips : 131844.5265225933 imgs/s train.total_time : 0.00012135505676269531
TCAPPDLL 2025-11-27 01:26:56.311159 - Epoch: 0 Iteration: 150  rank : 0  train.loss : 6.940133094787598  train.ips : 173857.16062176166 imgs/s train.total_time : 9.202957153320312e-05
TCAPPDLL 2025-11-27 01:26:56.741118 - Epoch: 0 Iteration: 151  rank : 0  train.loss : 6.914213180541992  train.ips : 78951.60470588235 imgs/s train.total_time : 0.00020265579223632812
TCAPPDLL 2025-11-27 01:26:56.788931 - Epoch: 0 Iteration: 152  rank : 0  train.loss : 6.927402496337891  train.ips : 172960.98969072165 imgs/s train.total_time : 9.250640869140625e-05
TCAPPDLL 2025-11-27 01:26:56.818793 - Epoch: 0 Iteration: 153  rank : 0  train.loss : 6.915378093719482  train.ips : 189039.05352112677 imgs/s train.total_time : 8.463859558105469e-05
TCAPPDLL 2025-11-27 01:26:56.849333 - Epoch: 0 Iteration: 154  rank : 0  train.loss : 6.903136730194092  train.ips : 190650.18181818182 imgs/s train.total_time : 8.392333984375e-05
