--------------+------------------------------------------------
 Host IP      | 10.244.54.9
 PyTorch      | 2.4.0a0+git4451b0e
 Torch-SDAA   | 2.2.0b0+git0636d14
--------------+------------------------------------------------
 SDAA Driver  | 2.1.0 (N/A)
 SDAA Runtime | 2.1.0 (/opt/tecoai/lib64/libsdaart.so)
 SDPTI        | 1.4.0b0 (/opt/tecoai/lib64/libsdpti.so)
 TecoDNN      | 2.2.0b0 (/opt/tecoai/lib64/libtecodnn.so)
 TecoBLAS     | 2.2.0b0 (/opt/tecoai/lib64/libtecoblas.so)
 CustomDNN    | 1.20.0a0 (/opt/tecoai/lib64/libtecodnn_ext.so)
 TecoRAND     | 2.0.1 (/opt/tecoai/lib64/libtecorand.so)
 TCCL         | 1.23.0 (/opt/tecoai/lib64/libtccl.so)
--------------+------------------------------------------------
/data/bigc-data/wyc/wyc_mmlab/lib/python3.10/site-packages/torch/distributed/launch.py:208: FutureWarning: The module torch.distributed.launch is deprecated
and will be removed in future. Use torchrun.
Note that --use-env is set by default in torchrun.
If your script expects `--local-rank` argument to be set, please
change it to read from `os.environ['LOCAL_RANK']` instead. See 
https://pytorch.org/docs/stable/distributed.html#launch-utility for 
further instructions

  main()
--------------+------------------------------------------------
 Host IP      | 10.244.54.9
 PyTorch      | 2.4.0a0+git4451b0e
 Torch-SDAA   | 2.2.0b0+git0636d14
--------------+------------------------------------------------
 SDAA Driver  | 2.1.0 (N/A)
 SDAA Runtime | 2.1.0 (/opt/tecoai/lib64/libsdaart.so)
 SDPTI        | 1.4.0b0 (/opt/tecoai/lib64/libsdpti.so)
 TecoDNN      | 2.2.0b0 (/opt/tecoai/lib64/libtecodnn.so)
 TecoBLAS     | 2.2.0b0 (/opt/tecoai/lib64/libtecoblas.so)
 CustomDNN    | 1.20.0a0 (/opt/tecoai/lib64/libtecodnn_ext.so)
 TecoRAND     | 2.0.1 (/opt/tecoai/lib64/libtecorand.so)
 TCCL         | 1.23.0 (/opt/tecoai/lib64/libtccl.so)
--------------+------------------------------------------------
/data/bigc-data/wyc/wyc_mmlab/lib/python3.10/site-packages/mmengine/optim/optimizer/zero_optimizer.py:11: DeprecationWarning: `TorchScript` support for functional optimizers is deprecated and will be removed in a future PyTorch release. Consider using the `torch.compile` optimizer instead.
  from torch.distributed.optim import \
/data/bigc-data/wyc/wyc_mmlab/lib/python3.10/site-packages/mmengine/utils/dl_utils/setup_env.py:46: UserWarning: Setting OMP_NUM_THREADS environment variable for each process to be 1 in default, to avoid your system being overloaded, please further tune the variable for optimal performance in your application as needed.
  warnings.warn(
/data/bigc-data/wyc/wyc_mmlab/lib/python3.10/site-packages/mmengine/utils/dl_utils/setup_env.py:56: UserWarning: Setting MKL_NUM_THREADS environment variable for each process to be 1 in default, to avoid your system being overloaded, please further tune the variable for optimal performance in your application as needed.
  warnings.warn(
06/26 15:52:38 - mmengine - INFO - 
------------------------------------------------------------
System environment:
    sys.platform: linux
    Python: 3.10.16 (main, Dec 11 2024, 16:24:50) [GCC 11.2.0]
    CUDA available: False
    MUSA available: False
    numpy_random_seed: 1813018401
    GCC: gcc (Ubuntu 11.4.0-1ubuntu1~22.04) 11.4.0
    PyTorch: 2.4.0a0+git4451b0e
    PyTorch compiling details: PyTorch built with:
  - GCC 11.5
  - C++ Version: 201703
  - Intel(R) oneAPI Math Kernel Library Version 2025.0-Product Build 20241009 for Intel(R) 64 architecture applications
  - Intel(R) MKL-DNN v3.4.2 (Git Hash 1137e04ec0b5251ca2b4400a4fd3c667ce843d67)
  - OpenMP 201511 (a.k.a. OpenMP 4.5)
  - LAPACK is enabled (usually provided by MKL)
  - NNPACK is enabled
  - CPU capability usage: AVX512
  - Build settings: BLAS_INFO=mkl, BUILD_TYPE=Release, CXX_COMPILER=/usr/bin/g++, CXX_FLAGS= -D_GLIBCXX_USE_CXX11_ABI=1 -fvisibility-inlines-hidden -DUSE_PTHREADPOOL -DNDEBUG -DUSE_KINETO -DLIBKINETO_NOCUPTI -DLIBKINETO_NOROCTRACER -DUSE_FBGEMM -DUSE_PYTORCH_QNNPACK -DUSE_XNNPACK -DSYMBOLICATE_MOBILE_DEBUG_HANDLE -O2 -fPIC -Wall -Wextra -Werror=return-type -Werror=non-virtual-dtor -Werror=range-loop-construct -Werror=bool-operation -Wnarrowing -Wno-missing-field-initializers -Wno-type-limits -Wno-array-bounds -Wno-unknown-pragmas -Wno-unused-parameter -Wno-unused-function -Wno-unused-result -Wno-strict-overflow -Wno-strict-aliasing -Wno-stringop-overflow -Wsuggest-override -Wno-psabi -Wno-error=pedantic -Wno-error=old-style-cast -Wno-missing-braces -fdiagnostics-color=always -faligned-new -Wno-unused-but-set-variable -Wno-maybe-uninitialized -fno-math-errno -fno-trapping-math -Werror=format -Wno-stringop-overflow, FORCE_FALLBACK_CUDA_MPI=1, LAPACK_INFO=mkl, PERF_WITH_AVX=1, PERF_WITH_AVX2=1, PERF_WITH_AVX512=1, TORCH_VERSION=2.4.0, USE_CUDA=OFF, USE_CUDNN=OFF, USE_CUSPARSELT=OFF, USE_EXCEPTION_PTR=1, USE_GFLAGS=OFF, USE_GLOG=OFF, USE_GLOO=ON, USE_MKL=ON, USE_MKLDNN=1, USE_MPI=ON, USE_NCCL=OFF, USE_NNPACK=ON, USE_OPENMP=ON, USE_ROCM=OFF, USE_ROCM_KERNEL_ASSERT=OFF, 

    TorchVision: 0.15.1a0+42759b1
    OpenCV: 4.11.0
    MMEngine: 0.10.4

Runtime environment:
    cudnn_benchmark: False
    mp_cfg: {'mp_start_method': 'fork', 'opencv_num_threads': 0}
    dist_cfg: {'backend': 'tccl'}
    seed: 1813018401
    Distributed launcher: pytorch
    Distributed training: True
    GPU number: 1
------------------------------------------------------------

06/26 15:52:39 - mmengine - INFO - Config:
auto_scale_lr = dict(base_batch_size=16, enable=False)
backend_args = None
data_root = '/data/teco-data/coco/'
dataset_type = 'CocoDataset'
default_hooks = dict(
    checkpoint=dict(interval=1, type='CheckpointHook'),
    logger=dict(interval=50, type='LoggerHook'),
    param_scheduler=dict(type='ParamSchedulerHook'),
    sampler_seed=dict(type='DistSamplerSeedHook'),
    timer=dict(type='IterTimerHook'),
    visualization=dict(type='DetVisualizationHook'))
default_scope = 'mmdet'
env_cfg = dict(
    cudnn_benchmark=False,
    dist_cfg=dict(backend='nccl'),
    mp_cfg=dict(mp_start_method='fork', opencv_num_threads=0))
launcher = 'pytorch'
load_from = None
log_level = 'INFO'
log_processor = dict(by_epoch=True, type='LogProcessor', window_size=50)
model = dict(
    backbone=dict(
        depth=50,
        frozen_stages=1,
        init_cfg=dict(checkpoint='torchvision://resnet50', type='Pretrained'),
        norm_cfg=dict(requires_grad=True, type='BN'),
        norm_eval=True,
        num_stages=4,
        out_indices=(
            0,
            1,
            2,
            3,
        ),
        style='pytorch',
        type='ResNet'),
    data_preprocessor=dict(
        bgr_to_rgb=True,
        mean=[
            123.675,
            116.28,
            103.53,
        ],
        pad_size_divisor=32,
        std=[
            58.395,
            57.12,
            57.375,
        ],
        type='DetDataPreprocessor'),
    neck=dict(
        in_channels=[
            256,
            512,
            1024,
            2048,
        ],
        num_outs=5,
        out_channels=256,
        type='FPN'),
    roi_head=dict(
        bbox_head=[
            dict(
                bbox_coder=dict(
                    target_means=[
                        0.0,
                        0.0,
                        0.0,
                        0.0,
                    ],
                    target_stds=[
                        0.1,
                        0.1,
                        0.2,
                        0.2,
                    ],
                    type='DeltaXYWHBBoxCoder'),
                fc_out_channels=1024,
                in_channels=256,
                loss_bbox=dict(beta=1.0, loss_weight=1.0, type='SmoothL1Loss'),
                loss_cls=dict(
                    loss_weight=1.0,
                    type='CrossEntropyLoss',
                    use_sigmoid=False),
                num_classes=80,
                reg_class_agnostic=True,
                roi_feat_size=7,
                type='Shared2FCBBoxHead'),
            dict(
                bbox_coder=dict(
                    target_means=[
                        0.0,
                        0.0,
                        0.0,
                        0.0,
                    ],
                    target_stds=[
                        0.05,
                        0.05,
                        0.1,
                        0.1,
                    ],
                    type='DeltaXYWHBBoxCoder'),
                fc_out_channels=1024,
                in_channels=256,
                loss_bbox=dict(beta=1.0, loss_weight=1.0, type='SmoothL1Loss'),
                loss_cls=dict(
                    loss_weight=1.0,
                    type='CrossEntropyLoss',
                    use_sigmoid=False),
                num_classes=80,
                reg_class_agnostic=True,
                roi_feat_size=7,
                type='Shared2FCBBoxHead'),
            dict(
                bbox_coder=dict(
                    target_means=[
                        0.0,
                        0.0,
                        0.0,
                        0.0,
                    ],
                    target_stds=[
                        0.033,
                        0.033,
                        0.067,
                        0.067,
                    ],
                    type='DeltaXYWHBBoxCoder'),
                fc_out_channels=1024,
                in_channels=256,
                loss_bbox=dict(beta=1.0, loss_weight=1.0, type='SmoothL1Loss'),
                loss_cls=dict(
                    loss_weight=1.0,
                    type='CrossEntropyLoss',
                    use_sigmoid=False),
                num_classes=80,
                reg_class_agnostic=True,
                roi_feat_size=7,
                type='Shared2FCBBoxHead'),
        ],
        bbox_roi_extractor=dict(
            featmap_strides=[
                4,
                8,
                16,
                32,
            ],
            out_channels=256,
            roi_layer=dict(output_size=7, sampling_ratio=0, type='RoIAlign'),
            type='SingleRoIExtractor'),
        interleaved=True,
        mask_head=[
            dict(
                conv_out_channels=256,
                in_channels=256,
                loss_mask=dict(
                    loss_weight=1.0, type='CrossEntropyLoss', use_mask=True),
                num_classes=80,
                num_convs=4,
                type='HTCMaskHead',
                with_conv_res=False),
            dict(
                conv_out_channels=256,
                in_channels=256,
                loss_mask=dict(
                    loss_weight=1.0, type='CrossEntropyLoss', use_mask=True),
                num_classes=80,
                num_convs=4,
                type='HTCMaskHead'),
            dict(
                conv_out_channels=256,
                in_channels=256,
                loss_mask=dict(
                    loss_weight=1.0, type='CrossEntropyLoss', use_mask=True),
                num_classes=80,
                num_convs=4,
                type='HTCMaskHead'),
        ],
        mask_info_flow=True,
        mask_roi_extractor=dict(
            featmap_strides=[
                4,
                8,
                16,
                32,
            ],
            out_channels=256,
            roi_layer=dict(output_size=14, sampling_ratio=0, type='RoIAlign'),
            type='SingleRoIExtractor'),
        num_stages=3,
        stage_loss_weights=[
            1,
            0.5,
            0.25,
        ],
        type='HybridTaskCascadeRoIHead'),
    rpn_head=dict(
        anchor_generator=dict(
            ratios=[
                0.5,
                1.0,
                2.0,
            ],
            scales=[
                8,
            ],
            strides=[
                4,
                8,
                16,
                32,
                64,
            ],
            type='AnchorGenerator'),
        bbox_coder=dict(
            target_means=[
                0.0,
                0.0,
                0.0,
                0.0,
            ],
            target_stds=[
                1.0,
                1.0,
                1.0,
                1.0,
            ],
            type='DeltaXYWHBBoxCoder'),
        feat_channels=256,
        in_channels=256,
        loss_bbox=dict(
            beta=0.1111111111111111, loss_weight=1.0, type='SmoothL1Loss'),
        loss_cls=dict(
            loss_weight=1.0, type='CrossEntropyLoss', use_sigmoid=True),
        type='RPNHead'),
    test_cfg=dict(
        rcnn=dict(
            mask_thr_binary=0.5,
            max_per_img=100,
            nms=dict(iou_threshold=0.5, type='nms'),
            score_thr=0.001),
        rpn=dict(
            max_per_img=1000,
            min_bbox_size=0,
            nms=dict(iou_threshold=0.7, type='nms'),
            nms_pre=1000)),
    train_cfg=dict(
        rcnn=[
            dict(
                assigner=dict(
                    ignore_iof_thr=-1,
                    min_pos_iou=0.5,
                    neg_iou_thr=0.5,
                    pos_iou_thr=0.5,
                    type='MaxIoUAssigner'),
                debug=False,
                mask_size=28,
                pos_weight=-1,
                sampler=dict(
                    add_gt_as_proposals=True,
                    neg_pos_ub=-1,
                    num=512,
                    pos_fraction=0.25,
                    type='RandomSampler')),
            dict(
                assigner=dict(
                    ignore_iof_thr=-1,
                    min_pos_iou=0.6,
                    neg_iou_thr=0.6,
                    pos_iou_thr=0.6,
                    type='MaxIoUAssigner'),
                debug=False,
                mask_size=28,
                pos_weight=-1,
                sampler=dict(
                    add_gt_as_proposals=True,
                    neg_pos_ub=-1,
                    num=512,
                    pos_fraction=0.25,
                    type='RandomSampler')),
            dict(
                assigner=dict(
                    ignore_iof_thr=-1,
                    min_pos_iou=0.7,
                    neg_iou_thr=0.7,
                    pos_iou_thr=0.7,
                    type='MaxIoUAssigner'),
                debug=False,
                mask_size=28,
                pos_weight=-1,
                sampler=dict(
                    add_gt_as_proposals=True,
                    neg_pos_ub=-1,
                    num=512,
                    pos_fraction=0.25,
                    type='RandomSampler')),
        ],
        rpn=dict(
            allowed_border=0,
            assigner=dict(
                ignore_iof_thr=-1,
                min_pos_iou=0.3,
                neg_iou_thr=0.3,
                pos_iou_thr=0.7,
                type='MaxIoUAssigner'),
            debug=False,
            pos_weight=-1,
            sampler=dict(
                add_gt_as_proposals=False,
                neg_pos_ub=-1,
                num=256,
                pos_fraction=0.5,
                type='RandomSampler')),
        rpn_proposal=dict(
            max_per_img=2000,
            min_bbox_size=0,
            nms=dict(iou_threshold=0.7, type='nms'),
            nms_pre=2000)),
    type='HybridTaskCascade')
optim_wrapper = dict(
    optimizer=dict(lr=0.02, momentum=0.9, type='SGD', weight_decay=0.0005),
    type='OptimWrapper')
param_scheduler = [
    dict(
        begin=0, by_epoch=False, end=500, start_factor=0.001, type='LinearLR'),
    dict(
        begin=0,
        by_epoch=True,
        end=12,
        gamma=0.1,
        milestones=[
            8,
            11,
        ],
        type='MultiStepLR'),
]
resume = False
test_cfg = dict(type='TestLoop')
test_dataloader = dict(
    batch_size=1,
    dataset=dict(
        ann_file='annotations/instances_val2017.json',
        backend_args=None,
        data_prefix=dict(img='val2017/'),
        data_root='/data/teco-data/coco/',
        pipeline=[
            dict(backend_args=None, type='LoadImageFromFile'),
            dict(keep_ratio=True, scale=(
                1333,
                800,
            ), type='Resize'),
            dict(type='LoadAnnotations', with_bbox=True, with_mask=True),
            dict(
                meta_keys=(
                    'img_id',
                    'img_path',
                    'ori_shape',
                    'img_shape',
                    'scale_factor',
                ),
                type='PackDetInputs'),
        ],
        test_mode=True,
        type='CocoDataset'),
    drop_last=False,
    num_workers=2,
    persistent_workers=True,
    sampler=dict(shuffle=False, type='DefaultSampler'))
test_evaluator = dict(
    ann_file='/data/teco-data/coco/annotations/instances_val2017.json',
    backend_args=None,
    format_only=False,
    metric=[
        'bbox',
        'segm',
    ],
    type='CocoMetric')
test_pipeline = [
    dict(backend_args=None, type='LoadImageFromFile'),
    dict(keep_ratio=True, scale=(
        1333,
        800,
    ), type='Resize'),
    dict(type='LoadAnnotations', with_bbox=True, with_mask=True),
    dict(
        meta_keys=(
            'img_id',
            'img_path',
            'ori_shape',
            'img_shape',
            'scale_factor',
        ),
        type='PackDetInputs'),
]
train_cfg = dict(max_epochs=12, type='EpochBasedTrainLoop', val_interval=1)
train_dataloader = dict(
    batch_sampler=dict(type='AspectRatioBatchSampler'),
    batch_size=2,
    dataset=dict(
        ann_file='annotations/instances_train2017.json',
        backend_args=None,
        data_prefix=dict(img='train2017/'),
        data_root='/data/teco-data/coco/',
        filter_cfg=dict(filter_empty_gt=True, min_size=32),
        pipeline=[
            dict(backend_args=None, type='LoadImageFromFile'),
            dict(type='LoadAnnotations', with_bbox=True, with_mask=True),
            dict(keep_ratio=True, scale=(
                1333,
                800,
            ), type='Resize'),
            dict(prob=0.5, type='RandomFlip'),
            dict(type='PackDetInputs'),
        ],
        type='CocoDataset'),
    num_workers=2,
    persistent_workers=True,
    sampler=dict(shuffle=True, type='DefaultSampler'))
train_pipeline = [
    dict(backend_args=None, type='LoadImageFromFile'),
    dict(type='LoadAnnotations', with_bbox=True, with_mask=True),
    dict(keep_ratio=True, scale=(
        1333,
        800,
    ), type='Resize'),
    dict(prob=0.5, type='RandomFlip'),
    dict(type='PackDetInputs'),
]
val_cfg = dict(type='ValLoop')
val_dataloader = dict(
    batch_size=1,
    dataset=dict(
        ann_file='annotations/instances_val2017.json',
        backend_args=None,
        data_prefix=dict(img='val2017/'),
        data_root='/data/teco-data/coco/',
        pipeline=[
            dict(backend_args=None, type='LoadImageFromFile'),
            dict(keep_ratio=True, scale=(
                1333,
                800,
            ), type='Resize'),
            dict(type='LoadAnnotations', with_bbox=True, with_mask=True),
            dict(
                meta_keys=(
                    'img_id',
                    'img_path',
                    'ori_shape',
                    'img_shape',
                    'scale_factor',
                ),
                type='PackDetInputs'),
        ],
        test_mode=True,
        type='CocoDataset'),
    drop_last=False,
    num_workers=2,
    persistent_workers=True,
    sampler=dict(shuffle=False, type='DefaultSampler'))
val_evaluator = dict(
    ann_file='/data/teco-data/coco/annotations/instances_val2017.json',
    backend_args=None,
    format_only=False,
    metric=[
        'bbox',
        'segm',
    ],
    type='CocoMetric')
vis_backends = [
    dict(type='LocalVisBackend'),
]
visualizer = dict(
    name='visualizer',
    type='DetLocalVisualizer',
    vis_backends=[
        dict(type='LocalVisBackend'),
    ])
work_dir = './work_dirs/htc-without-semantic_r50_fpn_1x_coco'

06/26 15:52:51 - mmengine - INFO - Hooks will be executed in the following order:
before_run:
(VERY_HIGH   ) RuntimeInfoHook                    
(BELOW_NORMAL) LoggerHook                         
 -------------------- 
before_train:
(VERY_HIGH   ) RuntimeInfoHook                    
(NORMAL      ) IterTimerHook                      
(VERY_LOW    ) CheckpointHook                     
 -------------------- 
before_train_epoch:
(VERY_HIGH   ) RuntimeInfoHook                    
(NORMAL      ) IterTimerHook                      
(NORMAL      ) DistSamplerSeedHook                
 -------------------- 
before_train_iter:
(VERY_HIGH   ) RuntimeInfoHook                    
(NORMAL      ) IterTimerHook                      
 -------------------- 
after_train_iter:
(VERY_HIGH   ) RuntimeInfoHook                    
(NORMAL      ) IterTimerHook                      
(BELOW_NORMAL) LoggerHook                         
(LOW         ) ParamSchedulerHook                 
(VERY_LOW    ) CheckpointHook                     
 -------------------- 
after_train_epoch:
(NORMAL      ) IterTimerHook                      
(LOW         ) ParamSchedulerHook                 
(VERY_LOW    ) CheckpointHook                     
 -------------------- 
before_val:
(VERY_HIGH   ) RuntimeInfoHook                    
 -------------------- 
before_val_epoch:
(NORMAL      ) IterTimerHook                      
 -------------------- 
before_val_iter:
(NORMAL      ) IterTimerHook                      
 -------------------- 
after_val_iter:
(NORMAL      ) IterTimerHook                      
(NORMAL      ) DetVisualizationHook               
(BELOW_NORMAL) LoggerHook                         
 -------------------- 
after_val_epoch:
(VERY_HIGH   ) RuntimeInfoHook                    
(NORMAL      ) IterTimerHook                      
(BELOW_NORMAL) LoggerHook                         
(LOW         ) ParamSchedulerHook                 
(VERY_LOW    ) CheckpointHook                     
 -------------------- 
after_val:
(VERY_HIGH   ) RuntimeInfoHook                    
 -------------------- 
after_train:
(VERY_HIGH   ) RuntimeInfoHook                    
(VERY_LOW    ) CheckpointHook                     
 -------------------- 
before_test:
(VERY_HIGH   ) RuntimeInfoHook                    
 -------------------- 
before_test_epoch:
(NORMAL      ) IterTimerHook                      
 -------------------- 
before_test_iter:
(NORMAL      ) IterTimerHook                      
 -------------------- 
after_test_iter:
(NORMAL      ) IterTimerHook                      
(NORMAL      ) DetVisualizationHook               
(BELOW_NORMAL) LoggerHook                         
 -------------------- 
after_test_epoch:
(VERY_HIGH   ) RuntimeInfoHook                    
(NORMAL      ) IterTimerHook                      
(BELOW_NORMAL) LoggerHook                         
 -------------------- 
after_test:
(VERY_HIGH   ) RuntimeInfoHook                    
 -------------------- 
after_run:
(BELOW_NORMAL) LoggerHook                         
 -------------------- 
loading annotations into memory...
Done (t=16.10s)
creating index...
index created!
loading annotations into memory...
Done (t=0.35s)
creating index...
index created!
loading annotations into memory...
Done (t=0.36s)
creating index...
index created!
06/26 15:53:20 - mmengine - INFO - load model from: torchvision://resnet50
06/26 15:53:20 - mmengine - INFO - Loads checkpoint by torchvision backend from path: torchvision://resnet50
06/26 15:53:21 - mmengine - WARNING - The model and loaded state dict do not match exactly

unexpected key in source state_dict: fc.weight, fc.bias

06/26 15:53:21 - mmengine - WARNING - "FileClient" will be deprecated in future. Please use io functions in https://mmengine.readthedocs.io/en/latest/api/fileio.html#file-io
06/26 15:53:21 - mmengine - WARNING - "HardDiskBackend" is the alias of "LocalBackend" and the former will be deprecated in future.
06/26 15:53:21 - mmengine - INFO - Checkpoints will be saved to /data/bigc-data/wyc/HTC/run_scripts/work_dirs/htc-without-semantic_r50_fpn_1x_coco.
TCAPPDLL 2025-06-26 15:53:33.245656 - Epoch: 0 Iteration: 0  rank : 0  train.loss : 9.657354354858398  train.ips : 0.1769262610534516 imgs/s train.total_time : 11.304144382476807 
TCAPPDLL 2025-06-26 15:53:48.335707 - Epoch: 0 Iteration: 1  rank : 0  train.loss : 9.68411922454834  train.ips : 0.13254095974061522 imgs/s train.total_time : 15.089674949645996 
TCAPPDLL 2025-06-26 15:54:02.834915 - Epoch: 0 Iteration: 2  rank : 0  train.loss : 9.748910903930664  train.ips : 0.13794188976097757 imgs/s train.total_time : 14.49885892868042 
TCAPPDLL 2025-06-26 15:54:19.535574 - Epoch: 0 Iteration: 3  rank : 0  train.loss : 9.899826049804688  train.ips : 0.11975896386480936 imgs/s train.total_time : 16.7002112865448 
TCAPPDLL 2025-06-26 15:54:33.861254 - Epoch: 0 Iteration: 4  rank : 0  train.loss : 9.639425277709961  train.ips : 0.13961367130197172 imgs/s train.total_time : 14.325244665145874 
TCAPPDLL 2025-06-26 15:54:47.564566 - Epoch: 0 Iteration: 5  rank : 0  train.loss : 9.66565227508545  train.ips : 0.14595346043656895 imgs/s train.total_time : 13.702998161315918 
TCAPPDLL 2025-06-26 15:55:02.903927 - Epoch: 0 Iteration: 6  rank : 0  train.loss : 9.607770919799805  train.ips : 0.13038667338365312 imgs/s train.total_time : 15.338990926742554 
TCAPPDLL 2025-06-26 15:55:15.396362 - Epoch: 0 Iteration: 7  rank : 0  train.loss : 9.633145332336426  train.ips : 0.16010133061320758 imgs/s train.total_time : 12.492088556289673 
TCAPPDLL 2025-06-26 15:55:27.529420 - Epoch: 0 Iteration: 8  rank : 0  train.loss : 9.477179527282715  train.ips : 0.16484481932328598 imgs/s train.total_time : 12.132622718811035 
TCAPPDLL 2025-06-26 15:55:41.756066 - Epoch: 0 Iteration: 9  rank : 0  train.loss : 9.586030960083008  train.ips : 0.14058526189020346 imgs/s train.total_time : 14.226242303848267 
TCAPPDLL 2025-06-26 15:55:53.796016 - Epoch: 0 Iteration: 10  rank : 0  train.loss : 9.378074645996094  train.ips : 0.16611772052945017 imgs/s train.total_time : 12.039654731750488 
TCAPPDLL 2025-06-26 15:56:04.482795 - Epoch: 0 Iteration: 11  rank : 0  train.loss : 9.199668884277344  train.ips : 0.18715186263959685 imgs/s train.total_time : 10.686508655548096 
TCAPPDLL 2025-06-26 15:56:14.746612 - Epoch: 0 Iteration: 12  rank : 0  train.loss : 9.072094917297363  train.ips : 0.19486558954009084 imgs/s train.total_time : 10.263484716415405 
TCAPPDLL 2025-06-26 15:56:25.219812 - Epoch: 0 Iteration: 13  rank : 0  train.loss : 8.937610626220703  train.ips : 0.19096974364283942 imgs/s train.total_time : 10.47286319732666 
TCAPPDLL 2025-06-26 15:56:38.007002 - Epoch: 0 Iteration: 14  rank : 0  train.loss : 8.863712310791016  train.ips : 0.15641012789945608 imgs/s train.total_time : 12.786895751953125 
TCAPPDLL 2025-06-26 15:56:50.140656 - Epoch: 0 Iteration: 15  rank : 0  train.loss : 8.737525939941406  train.ips : 0.16483474549477473 imgs/s train.total_time : 12.133364200592041 
TCAPPDLL 2025-06-26 15:57:05.675525 - Epoch: 0 Iteration: 16  rank : 0  train.loss : 8.467398643493652  train.ips : 0.12874586991375372 imgs/s train.total_time : 15.534478902816772 
TCAPPDLL 2025-06-26 15:57:21.729883 - Epoch: 0 Iteration: 17  rank : 0  train.loss : 8.281200408935547  train.ips : 0.12457988153412955 imgs/s train.total_time : 16.053956508636475 
TCAPPDLL 2025-06-26 15:57:35.553800 - Epoch: 0 Iteration: 18  rank : 0  train.loss : 7.922379493713379  train.ips : 0.1446809251905677 imgs/s train.total_time : 13.823522329330444 
TCAPPDLL 2025-06-26 15:57:51.597868 - Epoch: 0 Iteration: 19  rank : 0  train.loss : 7.863497257232666  train.ips : 0.124659662771607 imgs/s train.total_time : 16.043682098388672 
TCAPPDLL 2025-06-26 15:58:04.461192 - Epoch: 0 Iteration: 20  rank : 0  train.loss : 7.7622575759887695  train.ips : 0.15548403009491493 imgs/s train.total_time : 12.863057374954224 
TCAPPDLL 2025-06-26 15:58:15.753734 - Epoch: 0 Iteration: 21  rank : 0  train.loss : 7.18287467956543  train.ips : 0.17711242084384404 imgs/s train.total_time : 11.29226279258728 
TCAPPDLL 2025-06-26 15:58:29.162226 - Epoch: 0 Iteration: 22  rank : 0  train.loss : 7.055367946624756  train.ips : 0.14916391134409437 imgs/s train.total_time : 13.408068895339966 
TCAPPDLL 2025-06-26 15:58:43.436474 - Epoch: 0 Iteration: 23  rank : 0  train.loss : 6.564664840698242  train.ips : 0.1401163903983734 imgs/s train.total_time : 14.273847579956055 
TCAPPDLL 2025-06-26 15:58:59.294691 - Epoch: 0 Iteration: 24  rank : 0  train.loss : 6.634889602661133  train.ips : 0.1261200708055438 imgs/s train.total_time : 15.857904195785522 
TCAPPDLL 2025-06-26 15:59:10.067416 - Epoch: 0 Iteration: 25  rank : 0  train.loss : 6.118603229522705  train.ips : 0.18565869300308901 imgs/s train.total_time : 10.77245545387268 
TCAPPDLL 2025-06-26 15:59:21.393725 - Epoch: 0 Iteration: 26  rank : 0  train.loss : 5.553038597106934  train.ips : 0.17658551850669663 imgs/s train.total_time : 11.32595705986023 
TCAPPDLL 2025-06-26 15:59:38.528756 - Epoch: 0 Iteration: 27  rank : 0  train.loss : 5.976624011993408  train.ips : 0.11672233488082648 imgs/s train.total_time : 17.134681224822998 
TCAPPDLL 2025-06-26 15:59:52.596072 - Epoch: 0 Iteration: 28  rank : 0  train.loss : 5.454653739929199  train.ips : 0.14217628798855406 imgs/s train.total_time : 14.06704330444336 
TCAPPDLL 2025-06-26 16:00:07.696895 - Epoch: 0 Iteration: 29  rank : 0  train.loss : 5.016377925872803  train.ips : 0.1324464652627401 imgs/s train.total_time : 15.100440740585327 
TCAPPDLL 2025-06-26 16:00:25.571663 - Epoch: 0 Iteration: 30  rank : 0  train.loss : 5.153382301330566  train.ips : 0.11189191011163717 imgs/s train.total_time : 17.874393224716187 
TCAPPDLL 2025-06-26 16:00:37.313269 - Epoch: 0 Iteration: 31  rank : 0  train.loss : 4.702689170837402  train.ips : 0.17033860751133534 imgs/s train.total_time : 11.741319417953491 
TCAPPDLL 2025-06-26 16:00:51.020271 - Epoch: 0 Iteration: 32  rank : 0  train.loss : 4.6545820236206055  train.ips : 0.1459137137052029 imgs/s train.total_time : 13.706730842590332 
TCAPPDLL 2025-06-26 16:01:07.514933 - Epoch: 0 Iteration: 33  rank : 0  train.loss : 4.690956115722656  train.ips : 0.12125383100655501 imgs/s train.total_time : 16.494324207305908 
TCAPPDLL 2025-06-26 16:01:23.794109 - Epoch: 0 Iteration: 34  rank : 0  train.loss : 3.9644269943237305  train.ips : 0.12285899159235564 imgs/s train.total_time : 16.27882480621338 
TCAPPDLL 2025-06-26 16:01:36.385518 - Epoch: 0 Iteration: 35  rank : 0  train.loss : 3.962773561477661  train.ips : 0.15884192707873754 imgs/s train.total_time : 12.591134071350098 
TCAPPDLL 2025-06-26 16:01:51.840579 - Epoch: 0 Iteration: 36  rank : 0  train.loss : 3.4691312313079834  train.ips : 0.1294103029607604 imgs/s train.total_time : 15.45472002029419 
TCAPPDLL 2025-06-26 16:02:04.449243 - Epoch: 0 Iteration: 37  rank : 0  train.loss : 3.4559175968170166  train.ips : 0.1586252866460161 imgs/s train.total_time : 12.608330249786377 
TCAPPDLL 2025-06-26 16:02:20.832670 - Epoch: 0 Iteration: 38  rank : 0  train.loss : 3.7932350635528564  train.ips : 0.12207664151858622 imgs/s train.total_time : 16.383150577545166 
TCAPPDLL 2025-06-26 16:02:37.620321 - Epoch: 0 Iteration: 39  rank : 0  train.loss : 3.515367269515991  train.ips : 0.11913796325178357 imgs/s train.total_time : 16.78726029396057 
TCAPPDLL 2025-06-26 16:02:53.168431 - Epoch: 0 Iteration: 40  rank : 0  train.loss : 3.312260150909424  train.ips : 0.12863593290144154 imgs/s train.total_time : 15.547755241394043 
TCAPPDLL 2025-06-26 16:03:03.882743 - Epoch: 0 Iteration: 41  rank : 0  train.loss : 2.870944023132324  train.ips : 0.18667097186374942 imgs/s train.total_time : 10.714038610458374 
TCAPPDLL 2025-06-26 16:03:16.153625 - Epoch: 0 Iteration: 42  rank : 0  train.loss : 3.048191547393799  train.ips : 0.1629910965280361 imgs/s train.total_time : 12.270608901977539 
TCAPPDLL 2025-06-26 16:03:29.196385 - Epoch: 0 Iteration: 43  rank : 0  train.loss : 3.3701248168945312  train.ips : 0.15334518436785846 imgs/s train.total_time : 13.042470216751099 
TCAPPDLL 2025-06-26 16:03:43.582756 - Epoch: 0 Iteration: 44  rank : 0  train.loss : 2.917992353439331  train.ips : 0.13902360957919918 imgs/s train.total_time : 14.386045694351196 
TCAPPDLL 2025-06-26 16:03:56.577545 - Epoch: 0 Iteration: 45  rank : 0  train.loss : 3.0322704315185547  train.ips : 0.1539114433377413 imgs/s train.total_time : 12.99448537826538 
TCAPPDLL 2025-06-26 16:04:08.988799 - Epoch: 0 Iteration: 46  rank : 0  train.loss : 2.697493314743042  train.ips : 0.16114764151643848 imgs/s train.total_time : 12.41097903251648 
TCAPPDLL 2025-06-26 16:04:22.518457 - Epoch: 0 Iteration: 47  rank : 0  train.loss : 3.1680493354797363  train.ips : 0.14782695152413378 imgs/s train.total_time : 13.529332637786865 
TCAPPDLL 2025-06-26 16:04:37.508840 - Epoch: 0 Iteration: 48  rank : 0  train.loss : 3.1019606590270996  train.ips : 0.1334218655048884 imgs/s train.total_time : 14.990046739578247 
TCAPPDLL 2025-06-26 16:04:49.938382 - Epoch: 0 Iteration: 49  rank : 0  train.loss : 2.6605701446533203  train.ips : 0.16091087831195008 imgs/s train.total_time : 12.429240465164185 
06/26 16:04:49 - mmengine - INFO - Epoch(train)  [1][   50/58633]  lr: 1.9820e-03  eta: 112 days, 1:01:34  time: 13.7596  data_time: 0.1082  memory: 4227  loss: 6.3637  loss_rpn_cls: 0.6408  loss_rpn_bbox: 0.0721  s0.loss_cls: 2.1117  s0.acc: 99.7070  s0.loss_bbox: 0.0317  s0.loss_mask: 0.6939  s1.loss_cls: 1.4242  s1.acc: 99.7070  s1.loss_bbox: 0.0090  s1.loss_mask: 0.3471  s2.loss_cls: 0.8590  s2.acc: 99.7070  s2.loss_bbox: 0.0012  s2.loss_mask: 0.1731
TCAPPDLL 2025-06-26 16:05:07.047244 - Epoch: 0 Iteration: 50  rank : 0  train.loss : 3.2480196952819824  train.ips : 0.11690033007038568 imgs/s train.total_time : 17.108591556549072 
TCAPPDLL 2025-06-26 16:05:24.374201 - Epoch: 0 Iteration: 51  rank : 0  train.loss : 2.4069437980651855  train.ips : 0.11542958662264204 imgs/s train.total_time : 17.326580286026 
TCAPPDLL 2025-06-26 16:05:38.682337 - Epoch: 0 Iteration: 52  rank : 0  train.loss : 2.4251105785369873  train.ips : 0.13978510713965175 imgs/s train.total_time : 14.307675838470459 
TCAPPDLL 2025-06-26 16:05:54.593147 - Epoch: 0 Iteration: 53  rank : 0  train.loss : 2.359693765640259  train.ips : 0.12570368280899855 imgs/s train.total_time : 15.910432815551758 
TCAPPDLL 2025-06-26 16:06:07.086736 - Epoch: 0 Iteration: 54  rank : 0  train.loss : 2.602787494659424  train.ips : 0.16008710794478317 imgs/s train.total_time : 12.49319839477539 
TCAPPDLL 2025-06-26 16:06:21.420938 - Epoch: 0 Iteration: 55  rank : 0  train.loss : 2.450134038925171  train.ips : 0.13953045616149562 imgs/s train.total_time : 14.3337881565094 
TCAPPDLL 2025-06-26 16:06:35.703569 - Epoch: 0 Iteration: 56  rank : 0  train.loss : 2.3353121280670166  train.ips : 0.14003480517475572 imgs/s train.total_time : 14.282163619995117 
TCAPPDLL 2025-06-26 16:06:50.877484 - Epoch: 0 Iteration: 57  rank : 0  train.loss : 2.0692825317382812  train.ips : 0.13180831419517278 imgs/s train.total_time : 15.17354965209961 
TCAPPDLL 2025-06-26 16:07:03.103887 - Epoch: 0 Iteration: 58  rank : 0  train.loss : 2.2973387241363525  train.ips : 0.16358424306497835 imgs/s train.total_time : 12.226116418838501 
TCAPPDLL 2025-06-26 16:07:16.728167 - Epoch: 0 Iteration: 59  rank : 0  train.loss : 2.302579641342163  train.ips : 0.14680046310544195 imgs/s train.total_time : 13.623935222625732 
TCAPPDLL 2025-06-26 16:07:29.538513 - Epoch: 0 Iteration: 60  rank : 0  train.loss : 2.324570655822754  train.ips : 0.15612885094106974 imgs/s train.total_time : 12.809932231903076 
TCAPPDLL 2025-06-26 16:07:41.254084 - Epoch: 0 Iteration: 61  rank : 0  train.loss : 1.899662971496582  train.ips : 0.17071808145670173 imgs/s train.total_time : 11.71522068977356 
TCAPPDLL 2025-06-26 16:07:53.041157 - Epoch: 0 Iteration: 62  rank : 0  train.loss : 2.0340523719787598  train.ips : 0.16968204338848605 imgs/s train.total_time : 11.78675103187561 
TCAPPDLL 2025-06-26 16:08:09.197934 - Epoch: 0 Iteration: 63  rank : 0  train.loss : 2.1147572994232178  train.ips : 0.12378951687987083 imgs/s train.total_time : 16.15645694732666 
TCAPPDLL 2025-06-26 16:08:22.459591 - Epoch: 0 Iteration: 64  rank : 0  train.loss : 2.521273136138916  train.ips : 0.15081449385484472 imgs/s train.total_time : 13.261324882507324 
TCAPPDLL 2025-06-26 16:08:39.928133 - Epoch: 0 Iteration: 65  rank : 0  train.loss : 2.2229857444763184  train.ips : 0.11449372851734749 imgs/s train.total_time : 17.46820569038391 
TCAPPDLL 2025-06-26 16:08:56.988201 - Epoch: 0 Iteration: 66  rank : 0  train.loss : 2.134160280227661  train.ips : 0.11723528857922456 imgs/s train.total_time : 17.059709787368774 
TCAPPDLL 2025-06-26 16:09:11.598127 - Epoch: 0 Iteration: 67  rank : 0  train.loss : 2.2442548274993896  train.ips : 0.13689649897892373 imgs/s train.total_time : 14.609577417373657 
TCAPPDLL 2025-06-26 16:09:23.455306 - Epoch: 0 Iteration: 68  rank : 0  train.loss : 2.5121066570281982  train.ips : 0.16867984649557427 imgs/s train.total_time : 11.856781005859375 
TCAPPDLL 2025-06-26 16:09:34.835232 - Epoch: 0 Iteration: 69  rank : 0  train.loss : 1.9780941009521484  train.ips : 0.1757533664240281 imgs/s train.total_time : 11.37958288192749 
TCAPPDLL 2025-06-26 16:09:48.480001 - Epoch: 0 Iteration: 70  rank : 0  train.loss : 2.517822265625  train.ips : 0.14657954820426158 imgs/s train.total_time : 13.644468307495117 
TCAPPDLL 2025-06-26 16:10:03.660885 - Epoch: 0 Iteration: 71  rank : 0  train.loss : 2.201155185699463  train.ips : 0.1317479410457817 imgs/s train.total_time : 15.180502891540527 
TCAPPDLL 2025-06-26 16:10:15.347346 - Epoch: 0 Iteration: 72  rank : 0  train.loss : 2.1045591831207275  train.ips : 0.17114301332766327 imgs/s train.total_time : 11.686132907867432 
TCAPPDLL 2025-06-26 16:10:28.329852 - Epoch: 0 Iteration: 73  rank : 0  train.loss : 2.166247844696045  train.ips : 0.1540565938807529 imgs/s train.total_time : 12.982242107391357 
TCAPPDLL 2025-06-26 16:10:39.506306 - Epoch: 0 Iteration: 74  rank : 0  train.loss : 2.0167958736419678  train.ips : 0.1789529926609418 imgs/s train.total_time : 11.176119327545166 
TCAPPDLL 2025-06-26 16:10:52.101655 - Epoch: 0 Iteration: 75  rank : 0  train.loss : 1.948758602142334  train.ips : 0.1587940161937713 imgs/s train.total_time : 12.594933032989502 
TCAPPDLL 2025-06-26 16:11:05.920701 - Epoch: 0 Iteration: 76  rank : 0  train.loss : 2.2663326263427734  train.ips : 0.14473207812143096 imgs/s train.total_time : 13.818636655807495 
TCAPPDLL 2025-06-26 16:11:24.169073 - Epoch: 0 Iteration: 77  rank : 0  train.loss : 3.164332389831543  train.ips : 0.109601460849702 imgs/s train.total_time : 18.247931957244873 
TCAPPDLL 2025-06-26 16:11:39.208388 - Epoch: 0 Iteration: 78  rank : 0  train.loss : 2.2306690216064453  train.ips : 0.13298819152672015 imgs/s train.total_time : 15.038929224014282 
TCAPPDLL 2025-06-26 16:11:52.463210 - Epoch: 0 Iteration: 79  rank : 0  train.loss : 1.9131814241409302  train.ips : 0.15089257153841004 imgs/s train.total_time : 13.254462957382202 
TCAPPDLL 2025-06-26 16:12:08.358373 - Epoch: 0 Iteration: 80  rank : 0  train.loss : 1.8246623277664185  train.ips : 0.12582790953551026 imgs/s train.total_time : 15.89472484588623 
TCAPPDLL 2025-06-26 16:12:22.336699 - Epoch: 0 Iteration: 81  rank : 0  train.loss : 1.9732742309570312  train.ips : 0.14308306301100132 imgs/s train.total_time : 13.97789478302002 
TCAPPDLL 2025-06-26 16:12:37.946600 - Epoch: 0 Iteration: 82  rank : 0  train.loss : 2.2355921268463135  train.ips : 0.12812723181139865 imgs/s train.total_time : 15.609484195709229 
TCAPPDLL 2025-06-26 16:12:54.248584 - Epoch: 0 Iteration: 83  rank : 0  train.loss : 1.8614387512207031  train.ips : 0.12268765235940009 imgs/s train.total_time : 16.30155897140503 
TCAPPDLL 2025-06-26 16:13:06.061647 - Epoch: 0 Iteration: 84  rank : 0  train.loss : 1.7607275247573853  train.ips : 0.16930915186683013 imgs/s train.total_time : 11.812710523605347 
TCAPPDLL 2025-06-26 16:13:22.389314 - Epoch: 0 Iteration: 85  rank : 0  train.loss : 2.6083264350891113  train.ips : 0.12249411780991894 imgs/s train.total_time : 16.327314615249634 
TCAPPDLL 2025-06-26 16:13:40.557966 - Epoch: 0 Iteration: 86  rank : 0  train.loss : 2.659545421600342  train.ips : 0.11008213384917537 imgs/s train.total_time : 18.16825246810913 
TCAPPDLL 2025-06-26 16:13:53.028413 - Epoch: 0 Iteration: 87  rank : 0  train.loss : 1.7379522323608398  train.ips : 0.16038521476333348 imgs/s train.total_time : 12.469977378845215 
TCAPPDLL 2025-06-26 16:14:05.628334 - Epoch: 0 Iteration: 88  rank : 0  train.loss : 1.8381963968276978  train.ips : 0.15873626329750345 imgs/s train.total_time : 12.599515438079834 
TCAPPDLL 2025-06-26 16:14:18.047842 - Epoch: 0 Iteration: 89  rank : 0  train.loss : 2.362628221511841  train.ips : 0.16104159405953938 imgs/s train.total_time : 12.419151782989502 
TCAPPDLL 2025-06-26 16:14:31.669484 - Epoch: 0 Iteration: 90  rank : 0  train.loss : 1.6862680912017822  train.ips : 0.14682985840767385 imgs/s train.total_time : 13.62120771408081 
TCAPPDLL 2025-06-26 16:14:47.247866 - Epoch: 0 Iteration: 91  rank : 0  train.loss : 1.9390021562576294  train.ips : 0.12838659378689432 imgs/s train.total_time : 15.577950477600098 
TCAPPDLL 2025-06-26 16:15:06.126204 - Epoch: 0 Iteration: 92  rank : 0  train.loss : 3.1756739616394043  train.ips : 0.10594387165059829 imgs/s train.total_time : 18.877920627593994 
TCAPPDLL 2025-06-26 16:15:17.214518 - Epoch: 0 Iteration: 93  rank : 0  train.loss : 1.7968553304672241  train.ips : 0.18037533455339472 imgs/s train.total_time : 11.087990522384644 
TCAPPDLL 2025-06-26 16:15:34.973367 - Epoch: 0 Iteration: 94  rank : 0  train.loss : 2.3162169456481934  train.ips : 0.11262207106670652 imgs/s train.total_time : 17.758508443832397 
TCAPPDLL 2025-06-26 16:15:52.443008 - Epoch: 0 Iteration: 95  rank : 0  train.loss : 2.8888447284698486  train.ips : 0.1144870952724815 imgs/s train.total_time : 17.469217777252197 
TCAPPDLL 2025-06-26 16:16:06.307170 - Epoch: 0 Iteration: 96  rank : 0  train.loss : 2.0209639072418213  train.ips : 0.1442608672039622 imgs/s train.total_time : 13.863773584365845 
TCAPPDLL 2025-06-26 16:16:19.199977 - Epoch: 0 Iteration: 97  rank : 0  train.loss : 2.0987226963043213  train.ips : 0.155130555517799 imgs/s train.total_time : 12.892366647720337 
TCAPPDLL 2025-06-26 16:16:36.002465 - Epoch: 0 Iteration: 98  rank : 0  train.loss : 2.186973810195923  train.ips : 0.11903257483095031 imgs/s train.total_time : 16.802123308181763 
TCAPPDLL 2025-06-26 16:16:50.001290 - Epoch: 0 Iteration: 99  rank : 0  train.loss : 2.2956459522247314  train.ips : 0.14287259551208525 imgs/s train.total_time : 13.998485803604126 
06/26 16:16:50 - mmengine - INFO - Epoch(train)  [1][  100/58633]  lr: 3.9840e-03  eta: 114 days, 15:29:32  time: 14.4008  data_time: 0.0866  memory: 4115  loss: 2.2456  loss_rpn_cls: 0.4831  loss_rpn_bbox: 0.0730  s0.loss_cls: 0.2134  s0.acc: 97.4609  s0.loss_bbox: 0.0182  s0.loss_mask: 0.6933  s1.loss_cls: 0.1077  s1.acc: 98.0469  s1.loss_bbox: 0.0058  s1.loss_mask: 0.3469  s2.loss_cls: 0.1297  s2.acc: 98.1445  s2.loss_bbox: 0.0011  s2.loss_mask: 0.1735
