Training with a single process on 1 device (cuda).
Model fbnetv3_b created, param count:8598464
Data processing configuration for current model + dataset:
	input_size: (3, 224, 224)
	interpolation: bilinear
	mean: (0.485, 0.456, 0.406)
	std: (0.229, 0.224, 0.225)
	crop_pct: 0.95
	crop_mode: center
Created SGD (sgd) optimizer: lr: 0.4, momentum: 0.9, dampening: 0, weight_decay: 2e-05, nesterov: True, maximize: False, foreach: None, differentiable: False, fused: None
Using native Torch AMP. Training in mixed precision.
Scheduled epochs: 1 (epochs + cooldown_epochs). Warmup within epochs when warmup_prefix=False. LR stepped per epoch.
TCAPPDLL 2025-12-12 15:56:54.080457 - Epoch: 0 Iteration: 0  rank : 0  train.loss : 6.8916802406311035  train.ips : 144320.1376344086 imgs/s train.total_time : 0.00011086463928222656
TCAPPDLL 2025-12-12 15:56:54.137880 - Epoch: 0 Iteration: 1  rank : 0  train.loss : 6.900494575500488  train.ips : 159025.7440758294 imgs/s train.total_time : 0.00010061264038085938
TCAPPDLL 2025-12-12 15:56:54.201807 - Epoch: 0 Iteration: 2  rank : 0  train.loss : 6.9018354415893555  train.ips : 150131.68680089485 imgs/s train.total_time : 0.00010657310485839844
TCAPPDLL 2025-12-12 15:56:54.529934 - Epoch: 0 Iteration: 3  rank : 0  train.loss : 6.88918924331665  train.ips : 140689.4423480084 imgs/s train.total_time : 0.00011372566223144531
TCAPPDLL 2025-12-12 15:56:54.682051 - Epoch: 0 Iteration: 4  rank : 0  train.loss : 6.928855895996094  train.ips : 135573.46262626263 imgs/s train.total_time : 0.00011801719665527344
TCAPPDLL 2025-12-12 15:56:54.930877 - Epoch: 0 Iteration: 5  rank : 0  train.loss : 6.91182804107666  train.ips : 144943.55075593953 imgs/s train.total_time : 0.00011038780212402344
TCAPPDLL 2025-12-12 15:56:54.980651 - Epoch: 0 Iteration: 6  rank : 0  train.loss : 6.951208591461182  train.ips : 171633.9232736573 imgs/s train.total_time : 9.322166442871094e-05
TCAPPDLL 2025-12-12 15:56:57.245495 - Epoch: 0 Iteration: 7  rank : 0  train.loss : 6.928590297698975  train.ips : 90200.08602150538 imgs/s train.total_time : 0.0001773834228515625
TCAPPDLL 2025-12-12 15:56:57.576372 - Epoch: 0 Iteration: 8  rank : 0  train.loss : 6.865569591522217  train.ips : 74400.0709534368 imgs/s train.total_time : 0.00021505355834960938
TCAPPDLL 2025-12-12 15:56:57.763165 - Epoch: 0 Iteration: 9  rank : 0  train.loss : 6.963680744171143  train.ips : 101220.00603318251 imgs/s train.total_time : 0.00015807151794433594
TCAPPDLL 2025-12-12 15:56:57.833280 - Epoch: 0 Iteration: 10  rank : 0  train.loss : 6.914731025695801  train.ips : 84626.56242118537 imgs/s train.total_time : 0.00018906593322753906
TCAPPDLL 2025-12-12 15:56:59.905836 - Epoch: 0 Iteration: 11  rank : 0  train.loss : 6.967730522155762  train.ips : 93206.75555555556 imgs/s train.total_time : 0.000171661376953125
TCAPPDLL 2025-12-12 15:57:00.712291 - Epoch: 0 Iteration: 12  rank : 0  train.loss : 6.955217361450195  train.ips : 88185.1038107753 imgs/s train.total_time : 0.00018143653869628906
TCAPPDLL 2025-12-12 15:57:00.863316 - Epoch: 0 Iteration: 13  rank : 0  train.loss : 6.945646286010742  train.ips : 100764.06006006006 imgs/s train.total_time : 0.00015878677368164062
TCAPPDLL 2025-12-12 15:57:00.923591 - Epoch: 0 Iteration: 14  rank : 0  train.loss : 6.862393379211426  train.ips : 114520.2457337884 imgs/s train.total_time : 0.00013971328735351562
TCAPPDLL 2025-12-12 15:57:02.690729 - Epoch: 0 Iteration: 15  rank : 0  train.loss : 6.957209587097168  train.ips : 92436.45179063361 imgs/s train.total_time : 0.00017309188842773438
TCAPPDLL 2025-12-12 15:57:03.423907 - Epoch: 0 Iteration: 16  rank : 0  train.loss : 6.971853256225586  train.ips : 81840.07804878049 imgs/s train.total_time : 0.00019550323486328125
TCAPPDLL 2025-12-12 15:57:03.646068 - Epoch: 0 Iteration: 17  rank : 0  train.loss : 6.976034164428711  train.ips : 107546.2564102564 imgs/s train.total_time : 0.000148773193359375
TCAPPDLL 2025-12-12 15:57:03.715278 - Epoch: 0 Iteration: 18  rank : 0  train.loss : 6.928042888641357  train.ips : 118566.89752650177 imgs/s train.total_time : 0.00013494491577148438
TCAPPDLL 2025-12-12 15:57:04.295677 - Epoch: 0 Iteration: 19  rank : 0  train.loss : 6.912161827087402  train.ips : 61398.77767612077 imgs/s train.total_time : 0.0002605915069580078
TCAPPDLL 2025-12-12 15:57:06.511382 - Epoch: 0 Iteration: 20  rank : 0  train.loss : 6.9577226638793945  train.ips : 81640.95377128954 imgs/s train.total_time : 0.00019598007202148438
TCAPPDLL 2025-12-12 15:57:06.598502 - Epoch: 0 Iteration: 21  rank : 0  train.loss : 7.00752067565918  train.ips : 125672.02996254682 imgs/s train.total_time : 0.00012731552124023438
TCAPPDLL 2025-12-12 15:57:06.667052 - Epoch: 0 Iteration: 22  rank : 0  train.loss : 6.881590843200684  train.ips : 120266.78136200717 imgs/s train.total_time : 0.00013303756713867188
TCAPPDLL 2025-12-12 15:57:07.271360 - Epoch: 0 Iteration: 23  rank : 0  train.loss : 6.935225486755371  train.ips : 64403.90019193858 imgs/s train.total_time : 0.0002484321594238281
TCAPPDLL 2025-12-12 15:57:09.469534 - Epoch: 0 Iteration: 24  rank : 0  train.loss : 6.940071105957031  train.ips : 88185.1038107753 imgs/s train.total_time : 0.00018143653869628906
TCAPPDLL 2025-12-12 15:57:09.548215 - Epoch: 0 Iteration: 25  rank : 0  train.loss : 6.927847862243652  train.ips : 112788.00672268908 imgs/s train.total_time : 0.0001418590545654297
TCAPPDLL 2025-12-12 15:57:09.604433 - Epoch: 0 Iteration: 26  rank : 0  train.loss : 6.870487213134766  train.ips : 166111.0495049505 imgs/s train.total_time : 9.632110595703125e-05
TCAPPDLL 2025-12-12 15:57:10.197269 - Epoch: 0 Iteration: 27  rank : 0  train.loss : 6.969466209411621  train.ips : 141879.20507399578 imgs/s train.total_time : 0.00011277198791503906
TCAPPDLL 2025-12-12 15:57:11.970047 - Epoch: 0 Iteration: 28  rank : 0  train.loss : 6.883817672729492  train.ips : 87724.00522875816 imgs/s train.total_time : 0.0001823902130126953
TCAPPDLL 2025-12-12 15:57:12.064296 - Epoch: 0 Iteration: 29  rank : 0  train.loss : 6.908999443054199  train.ips : 100013.21013412817 imgs/s train.total_time : 0.00015997886657714844
TCAPPDLL 2025-12-12 15:57:12.139333 - Epoch: 0 Iteration: 30  rank : 0  train.loss : 6.9176177978515625  train.ips : 51306.47094801223 imgs/s train.total_time : 0.00031185150146484375
TCAPPDLL 2025-12-12 15:57:12.953416 - Epoch: 0 Iteration: 31  rank : 0  train.loss : 6.854728698730469  train.ips : 84626.56242118537 imgs/s train.total_time : 0.00018906593322753906
TCAPPDLL 2025-12-12 15:57:14.577324 - Epoch: 0 Iteration: 32  rank : 0  train.loss : 6.91258430480957  train.ips : 90321.48586810229 imgs/s train.total_time : 0.00017714500427246094
TCAPPDLL 2025-12-12 15:57:14.948257 - Epoch: 0 Iteration: 33  rank : 0  train.loss : 6.854550361633301  train.ips : 95460.68847795164 imgs/s train.total_time : 0.00016760826110839844
TCAPPDLL 2025-12-12 15:57:15.012202 - Epoch: 0 Iteration: 34  rank : 0  train.loss : 6.862577438354492  train.ips : 87267.70351105332 imgs/s train.total_time : 0.00018334388732910156
TCAPPDLL 2025-12-12 15:57:15.726972 - Epoch: 0 Iteration: 35  rank : 0  train.loss : 6.905394554138184  train.ips : 119198.69271758437 imgs/s train.total_time : 0.0001342296600341797
TCAPPDLL 2025-12-12 15:57:16.281178 - Epoch: 0 Iteration: 36  rank : 0  train.loss : 6.9109063148498535  train.ips : 99420.53925925925 imgs/s train.total_time : 0.0001609325408935547
TCAPPDLL 2025-12-12 15:57:17.909905 - Epoch: 0 Iteration: 37  rank : 0  train.loss : 6.8758697509765625  train.ips : 71544.63113006396 imgs/s train.total_time : 0.00022363662719726562
TCAPPDLL 2025-12-12 15:57:17.983846 - Epoch: 0 Iteration: 38  rank : 0  train.loss : 6.953912258148193  train.ips : 96559.51654676259 imgs/s train.total_time : 0.00016570091247558594
TCAPPDLL 2025-12-12 15:57:18.466497 - Epoch: 0 Iteration: 39  rank : 0  train.loss : 6.9052734375  train.ips : 104044.7503875969 imgs/s train.total_time : 0.0001537799835205078
TCAPPDLL 2025-12-12 15:57:18.916084 - Epoch: 0 Iteration: 40  rank : 0  train.loss : 6.894227981567383  train.ips : 94920.59971711457 imgs/s train.total_time : 0.0001685619354248047
TCAPPDLL 2025-12-12 15:57:20.669425 - Epoch: 0 Iteration: 41  rank : 0  train.loss : 6.888444900512695  train.ips : 97969.14452554744 imgs/s train.total_time : 0.0001633167266845703
TCAPPDLL 2025-12-12 15:57:20.749431 - Epoch: 0 Iteration: 42  rank : 0  train.loss : 6.888538360595703  train.ips : 82443.32186732187 imgs/s train.total_time : 0.00019407272338867188
TCAPPDLL 2025-12-12 15:57:21.363436 - Epoch: 0 Iteration: 43  rank : 0  train.loss : 6.927165508270264  train.ips : 81740.39464068209 imgs/s train.total_time : 0.0001957416534423828
TCAPPDLL 2025-12-12 15:57:21.502875 - Epoch: 0 Iteration: 44  rank : 0  train.loss : 6.918637752532959  train.ips : 79044.59835100117 imgs/s train.total_time : 0.00020241737365722656
TCAPPDLL 2025-12-12 15:57:22.236837 - Epoch: 0 Iteration: 45  rank : 0  train.loss : 6.895096778869629  train.ips : 99715.99405646359 imgs/s train.total_time : 0.00016045570373535156
TCAPPDLL 2025-12-12 15:57:22.316820 - Epoch: 0 Iteration: 46  rank : 0  train.loss : 6.876999855041504  train.ips : 108240.10322580645 imgs/s train.total_time : 0.00014781951904296875
TCAPPDLL 2025-12-12 15:57:23.947417 - Epoch: 0 Iteration: 47  rank : 0  train.loss : 6.928169250488281  train.ips : 75658.24577226606 imgs/s train.total_time : 0.00021147727966308594
TCAPPDLL 2025-12-12 15:57:24.021524 - Epoch: 0 Iteration: 48  rank : 0  train.loss : 6.9404754638671875  train.ips : 111476.51827242525 imgs/s train.total_time : 0.00014352798461914062
TCAPPDLL 2025-12-12 15:57:24.993075 - Epoch: 0 Iteration: 49  rank : 0  train.loss : 6.898497104644775  train.ips : 118987.3475177305 imgs/s train.total_time : 0.00013446807861328125
TCAPPDLL 2025-12-12 15:57:25.070120 - Epoch: 0 Iteration: 50  rank : 0  train.loss : 6.942435264587402  train.ips : 120051.63506261181 imgs/s train.total_time : 0.00013327598571777344
TCAPPDLL 2025-12-12 15:57:26.655796 - Epoch: 0 Iteration: 51  rank : 0  train.loss : 6.963724136352539  train.ips : 57653.66323024055 imgs/s train.total_time : 0.00027751922607421875
TCAPPDLL 2025-12-12 15:57:26.801724 - Epoch: 0 Iteration: 52  rank : 0  train.loss : 6.879670143127441  train.ips : 100764.06006006006 imgs/s train.total_time : 0.00015878677368164062
TCAPPDLL 2025-12-12 15:57:27.590282 - Epoch: 0 Iteration: 53  rank : 0  train.loss : 6.884066104888916  train.ips : 91553.70259208731 imgs/s train.total_time : 0.0001747608184814453
TCAPPDLL 2025-12-12 15:57:27.665609 - Epoch: 0 Iteration: 54  rank : 0  train.loss : 6.99070405960083  train.ips : 103244.40615384615 imgs/s train.total_time : 0.00015497207641601562
TCAPPDLL 2025-12-12 15:57:28.208955 - Epoch: 0 Iteration: 55  rank : 0  train.loss : 6.899863243103027  train.ips : 81840.07804878049 imgs/s train.total_time : 0.00019550323486328125
TCAPPDLL 2025-12-12 15:57:29.624211 - Epoch: 0 Iteration: 56  rank : 0  train.loss : 6.965603828430176  train.ips : 80659.69230769231 imgs/s train.total_time : 0.0001983642578125
TCAPPDLL 2025-12-12 15:57:30.149044 - Epoch: 0 Iteration: 57  rank : 0  train.loss : 7.0191192626953125  train.ips : 92820.00553250346 imgs/s train.total_time : 0.0001723766326904297
TCAPPDLL 2025-12-12 15:57:30.212476 - Epoch: 0 Iteration: 58  rank : 0  train.loss : 6.905721664428711  train.ips : 108942.96103896105 imgs/s train.total_time : 0.0001468658447265625
TCAPPDLL 2025-12-12 15:57:30.960843 - Epoch: 0 Iteration: 59  rank : 0  train.loss : 6.960390090942383  train.ips : 133152.50793650793 imgs/s train.total_time : 0.0001201629638671875
TCAPPDLL 2025-12-12 15:57:31.093026 - Epoch: 0 Iteration: 60  rank : 0  train.loss : 6.953981876373291  train.ips : 100013.21013412817 imgs/s train.total_time : 0.00015997886657714844
TCAPPDLL 2025-12-12 15:57:32.838034 - Epoch: 0 Iteration: 61  rank : 0  train.loss : 6.921937465667725  train.ips : 87609.48302872063 imgs/s train.total_time : 0.00018262863159179688
TCAPPDLL 2025-12-12 15:57:32.908792 - Epoch: 0 Iteration: 62  rank : 0  train.loss : 6.939208030700684  train.ips : 115109.54373927959 imgs/s train.total_time : 0.00013899803161621094
TCAPPDLL 2025-12-12 15:57:33.558024 - Epoch: 0 Iteration: 63  rank : 0  train.loss : 6.917518615722656  train.ips : 93077.48127600555 imgs/s train.total_time : 0.00017189979553222656
TCAPPDLL 2025-12-12 15:57:33.890620 - Epoch: 0 Iteration: 64  rank : 0  train.loss : 6.894500255584717  train.ips : 91304.5768707483 imgs/s train.total_time : 0.00017523765563964844
TCAPPDLL 2025-12-12 15:57:35.579008 - Epoch: 0 Iteration: 65  rank : 0  train.loss : 6.947431564331055  train.ips : 88651.07529722589 imgs/s train.total_time : 0.0001804828643798828
TCAPPDLL 2025-12-12 15:57:35.658254 - Epoch: 0 Iteration: 66  rank : 0  train.loss : 6.949957370758057  train.ips : 109834.47463175123 imgs/s train.total_time : 0.0001456737518310547
TCAPPDLL 2025-12-12 15:57:36.274330 - Epoch: 0 Iteration: 67  rank : 0  train.loss : 6.9224982261657715  train.ips : 85598.04081632652 imgs/s train.total_time : 0.000186920166015625
TCAPPDLL 2025-12-12 15:57:36.354072 - Epoch: 0 Iteration: 68  rank : 0  train.loss : 6.9720139503479  train.ips : 82952.86032138442 imgs/s train.total_time : 0.00019288063049316406
TCAPPDLL 2025-12-12 15:57:37.270200 - Epoch: 0 Iteration: 69  rank : 0  train.loss : 6.967464923858643  train.ips : 92563.95034482758 imgs/s train.total_time : 0.0001728534698486328
TCAPPDLL 2025-12-12 15:57:37.345658 - Epoch: 0 Iteration: 70  rank : 0  train.loss : 6.890978813171387  train.ips : 98834.85125184094 imgs/s train.total_time : 0.00016188621520996094
TCAPPDLL 2025-12-12 15:57:38.851392 - Epoch: 0 Iteration: 71  rank : 0  train.loss : 6.90236759185791  train.ips : 110740.699669967 imgs/s train.total_time : 0.00014448165893554688
TCAPPDLL 2025-12-12 15:57:39.139405 - Epoch: 0 Iteration: 72  rank : 0  train.loss : 6.960858345031738  train.ips : 58102.912554112554 imgs/s train.total_time : 0.0002753734588623047
TCAPPDLL 2025-12-12 15:57:39.948225 - Epoch: 0 Iteration: 73  rank : 0  train.loss : 6.877247333526611  train.ips : 91304.5768707483 imgs/s train.total_time : 0.00017523765563964844
TCAPPDLL 2025-12-12 15:57:40.020166 - Epoch: 0 Iteration: 74  rank : 0  train.loss : 6.945957183837891  train.ips : 113168.40472175379 imgs/s train.total_time : 0.00014138221740722656
TCAPPDLL 2025-12-12 15:57:41.983862 - Epoch: 0 Iteration: 75  rank : 0  train.loss : 6.950644493103027  train.ips : 84201.83688833124 imgs/s train.total_time : 0.0001900196075439453
TCAPPDLL 2025-12-12 15:57:42.060045 - Epoch: 0 Iteration: 76  rank : 0  train.loss : 6.9269914627075195  train.ips : 96978.12716763005 imgs/s train.total_time : 0.00016498565673828125
TCAPPDLL 2025-12-12 15:57:42.618015 - Epoch: 0 Iteration: 77  rank : 0  train.loss : 6.9489312171936035  train.ips : 78581.80796252927 imgs/s train.total_time : 0.00020360946655273438
TCAPPDLL 2025-12-12 15:57:42.696735 - Epoch: 0 Iteration: 78  rank : 0  train.loss : 6.970271587371826  train.ips : 118357.78483245149 imgs/s train.total_time : 0.00013518333435058594
TCAPPDLL 2025-12-12 15:57:44.668606 - Epoch: 0 Iteration: 79  rank : 0  train.loss : 6.9132080078125  train.ips : 80659.69230769231 imgs/s train.total_time : 0.0001983642578125
TCAPPDLL 2025-12-12 15:57:44.987363 - Epoch: 0 Iteration: 80  rank : 0  train.loss : 6.97198486328125  train.ips : 52062.733902249805 imgs/s train.total_time : 0.00030732154846191406
TCAPPDLL 2025-12-12 15:57:45.308270 - Epoch: 0 Iteration: 81  rank : 0  train.loss : 6.947859287261963  train.ips : 77942.93147502904 imgs/s train.total_time : 0.0002052783966064453
TCAPPDLL 2025-12-12 15:57:45.374953 - Epoch: 0 Iteration: 82  rank : 0  train.loss : 6.961946487426758  train.ips : 148143.1876379691 imgs/s train.total_time : 0.00010800361633300781
TCAPPDLL 2025-12-12 15:57:45.877176 - Epoch: 0 Iteration: 83  rank : 0  train.loss : 6.964886665344238  train.ips : 65344.56085686466 imgs/s train.total_time : 0.0002448558807373047
TCAPPDLL 2025-12-12 15:57:46.411502 - Epoch: 0 Iteration: 84  rank : 0  train.loss : 6.8613786697387695  train.ips : 60458.43603603604 imgs/s train.total_time : 0.0002646446228027344
TCAPPDLL 2025-12-12 15:57:48.305349 - Epoch: 0 Iteration: 85  rank : 0  train.loss : 6.913347244262695  train.ips : 94519.52676056339 imgs/s train.total_time : 0.00016927719116210938
TCAPPDLL 2025-12-12 15:57:48.373416 - Epoch: 0 Iteration: 86  rank : 0  train.loss : 6.920282363891602  train.ips : 108240.10322580645 imgs/s train.total_time : 0.00014781951904296875
TCAPPDLL 2025-12-12 15:57:48.495774 - Epoch: 0 Iteration: 87  rank : 0  train.loss : 6.913703441619873  train.ips : 83781.35330836455 imgs/s train.total_time : 0.00019097328186035156
TCAPPDLL 2025-12-12 15:57:49.284224 - Epoch: 0 Iteration: 88  rank : 0  train.loss : 6.927463531494141  train.ips : 87041.32814526588 imgs/s train.total_time : 0.0001838207244873047
TCAPPDLL 2025-12-12 15:57:50.900479 - Epoch: 0 Iteration: 89  rank : 0  train.loss : 6.9444451332092285  train.ips : 71544.63113006396 imgs/s train.total_time : 0.00022363662719726562
TCAPPDLL 2025-12-12 15:57:50.964376 - Epoch: 0 Iteration: 90  rank : 0  train.loss : 6.939850330352783  train.ips : 127341.29791271347 imgs/s train.total_time : 0.00012564659118652344
TCAPPDLL 2025-12-12 15:57:51.053683 - Epoch: 0 Iteration: 91  rank : 0  train.loss : 7.016463756561279  train.ips : 106017.16271721959 imgs/s train.total_time : 0.00015091896057128906
TCAPPDLL 2025-12-12 15:57:51.931933 - Epoch: 0 Iteration: 92  rank : 0  train.loss : 6.866675853729248  train.ips : 91180.52173913043 imgs/s train.total_time : 0.00017547607421875
TCAPPDLL 2025-12-12 15:57:52.194382 - Epoch: 0 Iteration: 93  rank : 0  train.loss : 6.912296772003174  train.ips : 89240.51063829787 imgs/s train.total_time : 0.000179290771484375
TCAPPDLL 2025-12-12 15:57:52.267178 - Epoch: 0 Iteration: 94  rank : 0  train.loss : 6.924040794372559  train.ips : 103563.06172839506 imgs/s train.total_time : 0.0001544952392578125
TCAPPDLL 2025-12-12 15:57:53.645859 - Epoch: 0 Iteration: 95  rank : 0  train.loss : 6.8916850090026855  train.ips : 84733.41414141415 imgs/s train.total_time : 0.0001888275146484375
TCAPPDLL 2025-12-12 15:57:54.531950 - Epoch: 0 Iteration: 96  rank : 0  train.loss : 6.932801246643066  train.ips : 95189.8780141844 imgs/s train.total_time : 0.00016808509826660156
TCAPPDLL 2025-12-12 15:57:54.893352 - Epoch: 0 Iteration: 97  rank : 0  train.loss : 6.927717208862305  train.ips : 95189.8780141844 imgs/s train.total_time : 0.00016808509826660156
TCAPPDLL 2025-12-12 15:57:54.961043 - Epoch: 0 Iteration: 98  rank : 0  train.loss : 6.888849258422852  train.ips : 123135.53027522936 imgs/s train.total_time : 0.00012993812561035156
TCAPPDLL 2025-12-12 15:57:55.053679 - Epoch: 0 Iteration: 99  rank : 0  train.loss : 6.929798603057861  train.ips : 94920.59971711457 imgs/s train.total_time : 0.0001685619354248047
TCAPPDLL 2025-12-12 15:57:57.073941 - Epoch: 0 Iteration: 100  rank : 0  train.loss : 6.943464279174805  train.ips : 90565.2685560054 imgs/s train.total_time : 0.0001766681671142578
TCAPPDLL 2025-12-12 15:57:57.852933 - Epoch: 0 Iteration: 101  rank : 0  train.loss : 6.8962178230285645  train.ips : 85380.23409669212 imgs/s train.total_time : 0.00018739700317382812
TCAPPDLL 2025-12-12 15:57:57.920595 - Epoch: 0 Iteration: 102  rank : 0  train.loss : 6.836241245269775  train.ips : 107202.65814696485 imgs/s train.total_time : 0.00014925003051757812
TCAPPDLL 2025-12-12 15:57:57.985623 - Epoch: 0 Iteration: 103  rank : 0  train.loss : 6.894004821777344  train.ips : 102456.28091603053 imgs/s train.total_time : 0.00015616416931152344
TCAPPDLL 2025-12-12 15:57:59.683535 - Epoch: 0 Iteration: 104  rank : 0  train.loss : 6.919674873352051  train.ips : 82646.3842364532 imgs/s train.total_time : 0.00019359588623046875
TCAPPDLL 2025-12-12 15:58:00.530359 - Epoch: 0 Iteration: 105  rank : 0  train.loss : 6.892912864685059  train.ips : 90810.37077131259 imgs/s train.total_time : 0.0001761913299560547
TCAPPDLL 2025-12-12 15:58:00.600880 - Epoch: 0 Iteration: 106  rank : 0  train.loss : 6.911674499511719  train.ips : 113168.40472175379 imgs/s train.total_time : 0.00014138221740722656
TCAPPDLL 2025-12-12 15:58:00.663937 - Epoch: 0 Iteration: 107  rank : 0  train.loss : 6.959436416625977  train.ips : 124275.67407407408 imgs/s train.total_time : 0.00012874603271484375
TCAPPDLL 2025-12-12 15:58:02.746066 - Epoch: 0 Iteration: 108  rank : 0  train.loss : 6.909636974334717  train.ips : 90079.01208053691 imgs/s train.total_time : 0.00017762184143066406
TCAPPDLL 2025-12-12 15:58:03.253804 - Epoch: 0 Iteration: 109  rank : 0  train.loss : 6.907944679260254  train.ips : 91678.77595628415 imgs/s train.total_time : 0.00017452239990234375
TCAPPDLL 2025-12-12 15:58:03.338462 - Epoch: 0 Iteration: 110  rank : 0  train.loss : 6.93304967880249  train.ips : 105849.94321766561 imgs/s train.total_time : 0.00015115737915039062
TCAPPDLL 2025-12-12 15:58:03.390369 - Epoch: 0 Iteration: 111  rank : 0  train.loss : 6.939884185791016  train.ips : 115109.54373927959 imgs/s train.total_time : 0.00013899803161621094
TCAPPDLL 2025-12-12 15:58:05.666372 - Epoch: 0 Iteration: 112  rank : 0  train.loss : 6.942967414855957  train.ips : 101834.39150227618 imgs/s train.total_time : 0.0001571178436279297
TCAPPDLL 2025-12-12 15:58:06.105823 - Epoch: 0 Iteration: 113  rank : 0  train.loss : 6.993300437927246  train.ips : 83572.68244084682 imgs/s train.total_time : 0.0001914501190185547
TCAPPDLL 2025-12-12 15:58:06.176728 - Epoch: 0 Iteration: 114  rank : 0  train.loss : 6.925107955932617  train.ips : 118357.78483245149 imgs/s train.total_time : 0.00013518333435058594
TCAPPDLL 2025-12-12 15:58:06.238402 - Epoch: 0 Iteration: 115  rank : 0  train.loss : 6.823325157165527  train.ips : 132626.21343873517 imgs/s train.total_time : 0.00012063980102539062
TCAPPDLL 2025-12-12 15:58:07.428624 - Epoch: 0 Iteration: 116  rank : 0  train.loss : 6.9049482345581055  train.ips : 83781.35330836455 imgs/s train.total_time : 0.00019097328186035156
TCAPPDLL 2025-12-12 15:58:08.686043 - Epoch: 0 Iteration: 117  rank : 0  train.loss : 6.902591705322266  train.ips : 88768.33862433862 imgs/s train.total_time : 0.00018024444580078125
TCAPPDLL 2025-12-12 15:58:08.764504 - Epoch: 0 Iteration: 118  rank : 0  train.loss : 6.865179061889648  train.ips : 116914.39721254355 imgs/s train.total_time : 0.00013685226440429688
TCAPPDLL 2025-12-12 15:58:08.829376 - Epoch: 0 Iteration: 119  rank : 0  train.loss : 6.925331115722656  train.ips : 117528.6584938704 imgs/s train.total_time : 0.0001361370086669922
TCAPPDLL 2025-12-12 15:58:10.102460 - Epoch: 0 Iteration: 120  rank : 0  train.loss : 6.906725883483887  train.ips : 84733.41414141415 imgs/s train.total_time : 0.0001888275146484375
TCAPPDLL 2025-12-12 15:58:10.338855 - Epoch: 0 Iteration: 121  rank : 0  train.loss : 6.877384185791016  train.ips : 93077.48127600555 imgs/s train.total_time : 0.00017189979553222656
TCAPPDLL 2025-12-12 15:58:10.411865 - Epoch: 0 Iteration: 122  rank : 0  train.loss : 6.914580345153809  train.ips : 107718.88282504013 imgs/s train.total_time : 0.00014853477478027344
TCAPPDLL 2025-12-12 15:58:10.480144 - Epoch: 0 Iteration: 123  rank : 0  train.loss : 6.923157691955566  train.ips : 154985.82909930716 imgs/s train.total_time : 0.00010323524475097656
TCAPPDLL 2025-12-12 15:58:13.076314 - Epoch: 0 Iteration: 124  rank : 0  train.loss : 6.936123847961426  train.ips : 74565.40444444444 imgs/s train.total_time : 0.00021457672119140625
TCAPPDLL 2025-12-12 15:58:13.181582 - Epoch: 0 Iteration: 125  rank : 0  train.loss : 6.956028938293457  train.ips : 96559.51654676259 imgs/s train.total_time : 0.00016570091247558594
TCAPPDLL 2025-12-12 15:58:13.249045 - Epoch: 0 Iteration: 126  rank : 0  train.loss : 6.957206726074219  train.ips : 128807.80038387715 imgs/s train.total_time : 0.00012421607971191406
TCAPPDLL 2025-12-12 15:58:13.300664 - Epoch: 0 Iteration: 127  rank : 0  train.loss : 6.88627815246582  train.ips : 118566.89752650177 imgs/s train.total_time : 0.00013494491577148438
TCAPPDLL 2025-12-12 15:58:15.660324 - Epoch: 0 Iteration: 128  rank : 0  train.loss : 6.863056659698486  train.ips : 97118.47178002894 imgs/s train.total_time : 0.0001647472381591797
TCAPPDLL 2025-12-12 15:58:15.823214 - Epoch: 0 Iteration: 129  rank : 0  train.loss : 6.921277046203613  train.ips : 104694.01560062403 imgs/s train.total_time : 0.00015282630920410156
TCAPPDLL 2025-12-12 15:58:15.884553 - Epoch: 0 Iteration: 130  rank : 0  train.loss : 6.925398826599121  train.ips : 65536.0 imgs/s train.total_time : 0.000244140625
TCAPPDLL 2025-12-12 15:58:15.944859 - Epoch: 0 Iteration: 131  rank : 0  train.loss : 6.980749130249023  train.ips : 75829.22485875706 imgs/s train.total_time : 0.0002110004425048828
TCAPPDLL 2025-12-12 15:58:18.108622 - Epoch: 0 Iteration: 132  rank : 0  train.loss : 6.877237319946289  train.ips : 103563.06172839506 imgs/s train.total_time : 0.0001544952392578125
TCAPPDLL 2025-12-12 15:58:18.167616 - Epoch: 0 Iteration: 133  rank : 0  train.loss : 6.916484832763672  train.ips : 122461.4306569343 imgs/s train.total_time : 0.00013065338134765625
TCAPPDLL 2025-12-12 15:58:18.225029 - Epoch: 0 Iteration: 134  rank : 0  train.loss : 6.879734992980957  train.ips : 127341.29791271347 imgs/s train.total_time : 0.00012564659118652344
TCAPPDLL 2025-12-12 15:58:18.283154 - Epoch: 0 Iteration: 135  rank : 0  train.loss : 6.93952751159668  train.ips : 132626.21343873517 imgs/s train.total_time : 0.00012063980102539062
TCAPPDLL 2025-12-12 15:58:20.862978 - Epoch: 0 Iteration: 136  rank : 0  train.loss : 6.874547958374023  train.ips : 83886.08 imgs/s train.total_time : 0.00019073486328125
TCAPPDLL 2025-12-12 15:58:20.930050 - Epoch: 0 Iteration: 137  rank : 0  train.loss : 6.964444160461426  train.ips : 113168.40472175379 imgs/s train.total_time : 0.00014138221740722656
TCAPPDLL 2025-12-12 15:58:20.989223 - Epoch: 0 Iteration: 138  rank : 0  train.loss : 6.955252647399902  train.ips : 96420.7816091954 imgs/s train.total_time : 0.0001659393310546875
TCAPPDLL 2025-12-12 15:58:21.118390 - Epoch: 0 Iteration: 139  rank : 0  train.loss : 6.904439926147461  train.ips : 103244.40615384615 imgs/s train.total_time : 0.00015497207641601562
TCAPPDLL 2025-12-12 15:58:22.500114 - Epoch: 0 Iteration: 140  rank : 0  train.loss : 6.9197998046875  train.ips : 100013.21013412817 imgs/s train.total_time : 0.00015997886657714844
TCAPPDLL 2025-12-12 15:58:22.570701 - Epoch: 0 Iteration: 141  rank : 0  train.loss : 6.953123092651367  train.ips : 116306.52339688041 imgs/s train.total_time : 0.00013756752014160156
TCAPPDLL 2025-12-12 15:58:22.636739 - Epoch: 0 Iteration: 142  rank : 0  train.loss : 6.873556137084961  train.ips : 115704.93793103448 imgs/s train.total_time : 0.00013828277587890625
TCAPPDLL 2025-12-12 15:58:23.987472 - Epoch: 0 Iteration: 143  rank : 0  train.loss : 6.900784492492676  train.ips : 76783.59725400458 imgs/s train.total_time : 0.00020837783813476562
TCAPPDLL 2025-12-12 15:58:25.139854 - Epoch: 0 Iteration: 144  rank : 0  train.loss : 6.942293643951416  train.ips : 102144.38964992389 imgs/s train.total_time : 0.00015664100646972656
TCAPPDLL 2025-12-12 15:58:25.218915 - Epoch: 0 Iteration: 145  rank : 0  train.loss : 6.946172714233398  train.ips : 120699.39568345324 imgs/s train.total_time : 0.00013256072998046875
TCAPPDLL 2025-12-12 15:58:25.285783 - Epoch: 0 Iteration: 146  rank : 0  train.loss : 6.903697490692139  train.ips : 110014.53114754098 imgs/s train.total_time : 0.00014543533325195312
TCAPPDLL 2025-12-12 15:58:26.868156 - Epoch: 0 Iteration: 147  rank : 0  train.loss : 6.897972106933594  train.ips : 97683.93595342067 imgs/s train.total_time : 0.00016379356384277344
TCAPPDLL 2025-12-12 15:58:27.904123 - Epoch: 0 Iteration: 148  rank : 0  train.loss : 6.890632152557373  train.ips : 119198.69271758437 imgs/s train.total_time : 0.0001342296600341797
TCAPPDLL 2025-12-12 15:58:27.970160 - Epoch: 0 Iteration: 149  rank : 0  train.loss : 6.899962425231934  train.ips : 116508.44444444444 imgs/s train.total_time : 0.0001373291015625
TCAPPDLL 2025-12-12 15:58:28.030593 - Epoch: 0 Iteration: 150  rank : 0  train.loss : 6.899563312530518  train.ips : 133682.99601593625 imgs/s train.total_time : 0.00011968612670898438
TCAPPDLL 2025-12-12 15:58:28.468653 - Epoch: 0 Iteration: 151  rank : 0  train.loss : 6.941228866577148  train.ips : 85926.84250960307 imgs/s train.total_time : 0.0001862049102783203
TCAPPDLL 2025-12-12 15:58:30.246371 - Epoch: 0 Iteration: 152  rank : 0  train.loss : 6.929959774017334  train.ips : 101067.56626506025 imgs/s train.total_time : 0.0001583099365234375
TCAPPDLL 2025-12-12 15:58:30.726538 - Epoch: 0 Iteration: 153  rank : 0  train.loss : 6.918752670288086  train.ips : 102612.94189602447 imgs/s train.total_time : 0.00015592575073242188
TCAPPDLL 2025-12-12 15:58:30.794081 - Epoch: 0 Iteration: 154  rank : 0  train.loss : 6.976910591125488  train.ips : 120482.70017953322 imgs/s train.total_time : 0.0001327991485595703
TCAPPDLL 2025-12-12 15:58:31.193618 - Epoch: 0 Iteration: 155  rank : 0  train.loss : 6.897892475128174  train.ips : 93206.75555555556 imgs/s train.total_time : 0.000171661376953125
TCAPPDLL 2025-12-12 15:58:31.543142 - Epoch: 0 Iteration: 156  rank : 0  train.loss : 6.948138236999512  train.ips : 93727.46368715084 imgs/s train.total_time : 0.00017070770263671875
TCAPPDLL 2025-12-12 15:58:33.373818 - Epoch: 0 Iteration: 157  rank : 0  train.loss : 6.957936763763428  train.ips : 93077.48127600555 imgs/s train.total_time : 0.00017189979553222656
TCAPPDLL 2025-12-12 15:58:33.451252 - Epoch: 0 Iteration: 158  rank : 0  train.loss : 6.960598945617676  train.ips : 186413.51111111112 imgs/s train.total_time : 8.58306884765625e-05
TCAPPDLL 2025-12-12 15:58:34.121632 - Epoch: 0 Iteration: 159  rank : 0  train.loss : 6.940527439117432  train.ips : 91304.5768707483 imgs/s train.total_time : 0.00017523765563964844
TCAPPDLL 2025-12-12 15:58:34.232437 - Epoch: 0 Iteration: 160  rank : 0  train.loss : 6.89462423324585  train.ips : 106017.16271721959 imgs/s train.total_time : 0.00015091896057128906
TCAPPDLL 2025-12-12 15:58:36.153893 - Epoch: 0 Iteration: 161  rank : 0  train.loss : 6.869205474853516  train.ips : 91929.95068493151 imgs/s train.total_time : 0.00017404556274414062
TCAPPDLL 2025-12-12 15:58:36.227892 - Epoch: 0 Iteration: 162  rank : 0  train.loss : 6.868536472320557  train.ips : 132888.8396039604 imgs/s train.total_time : 0.00012040138244628906
TCAPPDLL 2025-12-12 15:58:36.705862 - Epoch: 0 Iteration: 163  rank : 0  train.loss : 6.882007598876953  train.ips : 114520.2457337884 imgs/s train.total_time : 0.00013971328735351562
TCAPPDLL 2025-12-12 15:58:36.847245 - Epoch: 0 Iteration: 164  rank : 0  train.loss : 6.887286186218262  train.ips : 86703.95865633075 imgs/s train.total_time : 0.00018453598022460938
TCAPPDLL 2025-12-12 15:58:37.405931 - Epoch: 0 Iteration: 165  rank : 0  train.loss : 6.918068885803223  train.ips : 89359.33954727031 imgs/s train.total_time : 0.00017905235290527344
TCAPPDLL 2025-12-12 15:58:37.481230 - Epoch: 0 Iteration: 166  rank : 0  train.loss : 6.9400410652160645  train.ips : 114130.72108843537 imgs/s train.total_time : 0.00014019012451171875
TCAPPDLL 2025-12-12 15:58:39.458117 - Epoch: 0 Iteration: 167  rank : 0  train.loss : 6.918398857116699  train.ips : 105517.0817610063 imgs/s train.total_time : 0.00015163421630859375
TCAPPDLL 2025-12-12 15:58:39.713829 - Epoch: 0 Iteration: 168  rank : 0  train.loss : 6.889695167541504  train.ips : 94920.59971711457 imgs/s train.total_time : 0.0001685619354248047
TCAPPDLL 2025-12-12 15:58:40.297512 - Epoch: 0 Iteration: 169  rank : 0  train.loss : 6.929737091064453  train.ips : 96978.12716763005 imgs/s train.total_time : 0.00016498565673828125
TCAPPDLL 2025-12-12 15:58:40.371698 - Epoch: 0 Iteration: 170  rank : 0  train.loss : 6.884427070617676  train.ips : 108590.39482200648 imgs/s train.total_time : 0.00014734268188476562
TCAPPDLL 2025-12-12 15:58:42.142476 - Epoch: 0 Iteration: 171  rank : 0  train.loss : 6.908419132232666  train.ips : 93466.3844011142 imgs/s train.total_time : 0.00017118453979492188
TCAPPDLL 2025-12-12 15:58:42.372584 - Epoch: 0 Iteration: 172  rank : 0  train.loss : 6.939221382141113  train.ips : 93466.3844011142 imgs/s train.total_time : 0.00017118453979492188
TCAPPDLL 2025-12-12 15:58:42.958821 - Epoch: 0 Iteration: 173  rank : 0  train.loss : 6.887393951416016  train.ips : 89717.73262032085 imgs/s train.total_time : 0.00017833709716796875
TCAPPDLL 2025-12-12 15:58:43.025499 - Epoch: 0 Iteration: 174  rank : 0  train.loss : 6.905777931213379  train.ips : 107892.06430868167 imgs/s train.total_time : 0.00014829635620117188
TCAPPDLL 2025-12-12 15:58:44.781677 - Epoch: 0 Iteration: 175  rank : 0  train.loss : 6.898214340209961  train.ips : 94386.58790436006 imgs/s train.total_time : 0.00016951560974121094
TCAPPDLL 2025-12-12 15:58:44.948296 - Epoch: 0 Iteration: 176  rank : 0  train.loss : 6.955768585205078  train.ips : 98400.09384164223 imgs/s train.total_time : 0.00016260147094726562
TCAPPDLL 2025-12-12 15:58:45.501070 - Epoch: 0 Iteration: 177  rank : 0  train.loss : 6.8615546226501465  train.ips : 101526.26928895613 imgs/s train.total_time : 0.0001575946807861328
TCAPPDLL 2025-12-12 15:58:45.571115 - Epoch: 0 Iteration: 178  rank : 0  train.loss : 6.907626628875732  train.ips : 104857.6 imgs/s train.total_time : 0.000152587890625
TCAPPDLL 2025-12-12 15:58:46.111928 - Epoch: 0 Iteration: 179  rank : 0  train.loss : 6.878276824951172  train.ips : 101067.56626506025 imgs/s train.total_time : 0.0001583099365234375
TCAPPDLL 2025-12-12 15:58:46.566261 - Epoch: 0 Iteration: 180  rank : 0  train.loss : 6.923365592956543  train.ips : 81049.35265700483 imgs/s train.total_time : 0.00019741058349609375
TCAPPDLL 2025-12-12 15:58:48.026289 - Epoch: 0 Iteration: 181  rank : 0  train.loss : 6.958477020263672  train.ips : 111848.10666666667 imgs/s train.total_time : 0.0001430511474609375
TCAPPDLL 2025-12-12 15:58:48.095311 - Epoch: 0 Iteration: 182  rank : 0  train.loss : 6.902971267700195  train.ips : 105683.25039370079 imgs/s train.total_time : 0.0001513957977294922
TCAPPDLL 2025-12-12 15:58:48.884249 - Epoch: 0 Iteration: 183  rank : 0  train.loss : 6.93050479888916  train.ips : 84519.9798488665 imgs/s train.total_time : 0.00018930435180664062
TCAPPDLL 2025-12-12 15:58:49.316297 - Epoch: 0 Iteration: 184  rank : 0  train.loss : 6.920248031616211  train.ips : 91553.70259208731 imgs/s train.total_time : 0.0001747608184814453
TCAPPDLL 2025-12-12 15:58:49.614376 - Epoch: 0 Iteration: 185  rank : 0  train.loss : 6.891749382019043  train.ips : 93466.3844011142 imgs/s train.total_time : 0.00017118453979492188
TCAPPDLL 2025-12-12 15:58:49.668069 - Epoch: 0 Iteration: 186  rank : 0  train.loss : 6.993436813354492  train.ips : 100162.48358208955 imgs/s train.total_time : 0.00015974044799804688
TCAPPDLL 2025-12-12 15:58:51.810129 - Epoch: 0 Iteration: 187  rank : 0  train.loss : 6.922377109527588  train.ips : 92563.95034482758 imgs/s train.total_time : 0.0001728534698486328
TCAPPDLL 2025-12-12 15:58:52.098315 - Epoch: 0 Iteration: 188  rank : 0  train.loss : 6.909742832183838  train.ips : 95055.04815864023 imgs/s train.total_time : 0.00016832351684570312
TCAPPDLL 2025-12-12 15:58:52.174157 - Epoch: 0 Iteration: 189  rank : 0  train.loss : 6.917584419250488  train.ips : 118566.89752650177 imgs/s train.total_time : 0.00013494491577148438
TCAPPDLL 2025-12-12 15:58:52.239232 - Epoch: 0 Iteration: 190  rank : 0  train.loss : 6.950660705566406  train.ips : 121794.67150635208 imgs/s train.total_time : 0.00013136863708496094
