Training with a single process on 1 device (cuda).
Model mvitv2_base created, param count:51472744
Data processing configuration for current model + dataset:
	input_size: (3, 224, 224)
	interpolation: bicubic
	mean: (0.485, 0.456, 0.406)
	std: (0.229, 0.224, 0.225)
	crop_pct: 0.9
	crop_mode: center
Created SGD (sgd) optimizer: lr: 0.4, momentum: 0.9, dampening: 0, weight_decay: 2e-05, nesterov: True, maximize: False, foreach: None, differentiable: False, fused: None
Using native Torch AMP. Training in mixed precision.
Scheduled epochs: 2 (epochs + cooldown_epochs). Warmup within epochs when warmup_prefix=False. LR stepped per epoch.
TCAPPDLL 2025-11-24 12:20:00.715472 - Epoch: 0 Iteration: 0  rank : 0  train.loss : 6.98636531829834  train.ips : 108240.10322580645 imgs/s train.total_time : 0.00014781951904296875
TCAPPDLL 2025-11-24 12:20:00.875952 - Epoch: 0 Iteration: 1  rank : 0  train.loss : 6.9830546379089355  train.ips : 79137.81132075471 imgs/s train.total_time : 0.000202178955078125
TCAPPDLL 2025-11-24 12:20:01.003302 - Epoch: 0 Iteration: 2  rank : 0  train.loss : 7.016226768493652  train.ips : 101526.26928895613 imgs/s train.total_time : 0.0001575946807861328
TCAPPDLL 2025-11-24 12:20:01.130411 - Epoch: 0 Iteration: 3  rank : 0  train.loss : 6.810297966003418  train.ips : 70715.34668071654 imgs/s train.total_time : 0.0002262592315673828
TCAPPDLL 2025-11-24 12:20:01.263864 - Epoch: 0 Iteration: 4  rank : 0  train.loss : 6.971712589263916  train.ips : 86037.00512820513 imgs/s train.total_time : 0.00018596649169921875
TCAPPDLL 2025-11-24 12:20:01.391309 - Epoch: 0 Iteration: 5  rank : 0  train.loss : 7.169354438781738  train.ips : 73423.2647702407 imgs/s train.total_time : 0.00021791458129882812
TCAPPDLL 2025-11-24 12:20:01.520577 - Epoch: 0 Iteration: 6  rank : 0  train.loss : 6.927698135375977  train.ips : 70051.00626304801 imgs/s train.total_time : 0.00022840499877929688
TCAPPDLL 2025-11-24 12:20:01.646997 - Epoch: 0 Iteration: 7  rank : 0  train.loss : 6.899442672729492  train.ips : 74565.40444444444 imgs/s train.total_time : 0.00021457672119140625
TCAPPDLL 2025-11-24 12:20:01.776566 - Epoch: 0 Iteration: 8  rank : 0  train.loss : 6.843303203582764  train.ips : 54163.73204196933 imgs/s train.total_time : 0.00029540061950683594
TCAPPDLL 2025-11-24 12:20:01.906056 - Epoch: 0 Iteration: 9  rank : 0  train.loss : 6.942982196807861  train.ips : 76520.93956670468 imgs/s train.total_time : 0.0002090930938720703
TCAPPDLL 2025-11-24 12:20:02.036039 - Epoch: 0 Iteration: 10  rank : 0  train.loss : 7.073635578155518  train.ips : 63670.64895635674 imgs/s train.total_time : 0.0002512931823730469
TCAPPDLL 2025-11-24 12:20:02.212716 - Epoch: 0 Iteration: 11  rank : 0  train.loss : 7.028932094573975  train.ips : 62484.97579143389 imgs/s train.total_time : 0.0002560615539550781
TCAPPDLL 2025-11-24 12:20:02.345343 - Epoch: 0 Iteration: 12  rank : 0  train.loss : 6.955933570861816  train.ips : 70197.55648535564 imgs/s train.total_time : 0.00022792816162109375
TCAPPDLL 2025-11-24 12:20:02.474217 - Epoch: 0 Iteration: 13  rank : 0  train.loss : 7.071829795837402  train.ips : 76346.83048919226 imgs/s train.total_time : 0.00020956993103027344
TCAPPDLL 2025-11-24 12:20:02.610189 - Epoch: 0 Iteration: 14  rank : 0  train.loss : 7.061826705932617  train.ips : 77048.06429391504 imgs/s train.total_time : 0.00020766258239746094
TCAPPDLL 2025-11-24 12:20:02.743174 - Epoch: 0 Iteration: 15  rank : 0  train.loss : 6.769486427307129  train.ips : 51033.35665399239 imgs/s train.total_time : 0.0003135204315185547
TCAPPDLL 2025-11-24 12:20:02.870875 - Epoch: 0 Iteration: 16  rank : 0  train.loss : 6.996981143951416  train.ips : 68061.72819472617 imgs/s train.total_time : 0.00023508071899414062
TCAPPDLL 2025-11-24 12:20:03.041271 - Epoch: 0 Iteration: 17  rank : 0  train.loss : 7.0218400955200195  train.ips : 69542.86424870466 imgs/s train.total_time : 0.0002300739288330078
TCAPPDLL 2025-11-24 12:20:03.220378 - Epoch: 0 Iteration: 18  rank : 0  train.loss : 6.979954719543457  train.ips : 71620.98612593384 imgs/s train.total_time : 0.00022339820861816406
TCAPPDLL 2025-11-24 12:20:03.401932 - Epoch: 0 Iteration: 19  rank : 0  train.loss : 6.861541271209717  train.ips : 71468.43876464324 imgs/s train.total_time : 0.0002238750457763672
TCAPPDLL 2025-11-24 12:20:03.537508 - Epoch: 0 Iteration: 20  rank : 0  train.loss : 7.005007743835449  train.ips : 75829.22485875706 imgs/s train.total_time : 0.0002110004425048828
TCAPPDLL 2025-11-24 12:20:03.760740 - Epoch: 0 Iteration: 21  rank : 0  train.loss : 6.8336262702941895  train.ips : 67513.9476861167 imgs/s train.total_time : 0.00023698806762695312
TCAPPDLL 2025-11-24 12:20:04.002256 - Epoch: 0 Iteration: 22  rank : 0  train.loss : 6.9733805656433105  train.ips : 63974.13155386082 imgs/s train.total_time : 0.00025010108947753906
TCAPPDLL 2025-11-24 12:20:04.137379 - Epoch: 0 Iteration: 23  rank : 0  train.loss : 7.003369331359863  train.ips : 68269.44455747711 imgs/s train.total_time : 0.00023436546325683594
TCAPPDLL 2025-11-24 12:20:04.262952 - Epoch: 0 Iteration: 24  rank : 0  train.loss : 6.928203582763672  train.ips : 74565.40444444444 imgs/s train.total_time : 0.00021457672119140625
TCAPPDLL 2025-11-24 12:20:04.392961 - Epoch: 0 Iteration: 25  rank : 0  train.loss : 6.967289447784424  train.ips : 62368.832713754644 imgs/s train.total_time : 0.00025653839111328125
TCAPPDLL 2025-11-24 12:20:04.626855 - Epoch: 0 Iteration: 26  rank : 0  train.loss : 6.949052810668945  train.ips : 70492.50420168067 imgs/s train.total_time : 0.0002269744873046875
TCAPPDLL 2025-11-24 12:20:04.774169 - Epoch: 0 Iteration: 27  rank : 0  train.loss : 7.019396781921387  train.ips : 62080.355226642 imgs/s train.total_time : 0.00025773048400878906
TCAPPDLL 2025-11-24 12:20:04.904477 - Epoch: 0 Iteration: 28  rank : 0  train.loss : 7.087409973144531  train.ips : 78858.82961222091 imgs/s train.total_time : 0.0002028942108154297
TCAPPDLL 2025-11-24 12:20:05.030583 - Epoch: 0 Iteration: 29  rank : 0  train.loss : 7.051952362060547  train.ips : 59283.44876325088 imgs/s train.total_time : 0.00026988983154296875
TCAPPDLL 2025-11-24 12:20:05.382142 - Epoch: 0 Iteration: 30  rank : 0  train.loss : 6.902059555053711  train.ips : 56346.653232577664 imgs/s train.total_time : 0.00028395652770996094
TCAPPDLL 2025-11-24 12:20:05.545929 - Epoch: 0 Iteration: 31  rank : 0  train.loss : 6.9833083152771  train.ips : 68900.27104722793 imgs/s train.total_time : 0.00023221969604492188
TCAPPDLL 2025-11-24 12:20:05.672176 - Epoch: 0 Iteration: 32  rank : 0  train.loss : 6.876565933227539  train.ips : 71014.6708994709 imgs/s train.total_time : 0.00022530555725097656
TCAPPDLL 2025-11-24 12:20:05.801124 - Epoch: 0 Iteration: 33  rank : 0  train.loss : 7.032204627990723  train.ips : 69832.32466181062 imgs/s train.total_time : 0.00022912025451660156
TCAPPDLL 2025-11-24 12:20:06.037751 - Epoch: 0 Iteration: 34  rank : 0  train.loss : 6.944136619567871  train.ips : 63731.11490978158 imgs/s train.total_time : 0.0002510547637939453
TCAPPDLL 2025-11-24 12:20:06.166794 - Epoch: 0 Iteration: 35  rank : 0  train.loss : 6.835754871368408  train.ips : 74814.78706800446 imgs/s train.total_time : 0.00021386146545410156
TCAPPDLL 2025-11-24 12:20:06.300543 - Epoch: 0 Iteration: 36  rank : 0  train.loss : 6.9279279708862305  train.ips : 76959.70642201835 imgs/s train.total_time : 0.0002079010009765625
TCAPPDLL 2025-11-24 12:20:06.432892 - Epoch: 0 Iteration: 37  rank : 0  train.loss : 6.733982563018799  train.ips : 69327.33884297521 imgs/s train.total_time : 0.0002307891845703125
TCAPPDLL 2025-11-24 12:20:06.822095 - Epoch: 0 Iteration: 38  rank : 0  train.loss : 7.074910640716553  train.ips : 70566.62881177707 imgs/s train.total_time : 0.00022673606872558594
TCAPPDLL 2025-11-24 12:20:06.954033 - Epoch: 0 Iteration: 39  rank : 0  train.loss : 6.9728193283081055  train.ips : 72786.18655097614 imgs/s train.total_time : 0.00021982192993164062
TCAPPDLL 2025-11-24 12:20:07.091618 - Epoch: 0 Iteration: 40  rank : 0  train.loss : 6.952000617980957  train.ips : 65728.56415279138 imgs/s train.total_time : 0.0002434253692626953
TCAPPDLL 2025-11-24 12:20:07.222593 - Epoch: 0 Iteration: 41  rank : 0  train.loss : 7.082250118255615  train.ips : 66378.69831849654 imgs/s train.total_time : 0.0002410411834716797
TCAPPDLL 2025-11-24 12:20:07.552468 - Epoch: 0 Iteration: 42  rank : 0  train.loss : 6.896315097808838  train.ips : 57065.360544217685 imgs/s train.total_time : 0.0002803802490234375
TCAPPDLL 2025-11-24 12:20:07.703881 - Epoch: 0 Iteration: 43  rank : 0  train.loss : 6.840002059936523  train.ips : 57802.6391042205 imgs/s train.total_time : 0.00027680397033691406
TCAPPDLL 2025-11-24 12:20:07.842616 - Epoch: 0 Iteration: 44  rank : 0  train.loss : 6.939606666564941  train.ips : 72944.41739130435 imgs/s train.total_time : 0.0002193450927734375
TCAPPDLL 2025-11-24 12:20:07.982129 - Epoch: 0 Iteration: 45  rank : 0  train.loss : 7.026534080505371  train.ips : 63913.20380952381 imgs/s train.total_time : 0.0002503395080566406
TCAPPDLL 2025-11-24 12:20:08.152145 - Epoch: 0 Iteration: 46  rank : 0  train.loss : 7.059759140014648  train.ips : 65793.00392156863 imgs/s train.total_time : 0.00024318695068359375
TCAPPDLL 2025-11-24 12:20:08.285992 - Epoch: 0 Iteration: 47  rank : 0  train.loss : 7.002702713012695  train.ips : 61174.89881494986 imgs/s train.total_time : 0.00026154518127441406
TCAPPDLL 2025-11-24 12:20:08.424020 - Epoch: 0 Iteration: 48  rank : 0  train.loss : 7.008907794952393  train.ips : 61342.654478976234 imgs/s train.total_time : 0.0002608299255371094
TCAPPDLL 2025-11-24 12:20:08.557653 - Epoch: 0 Iteration: 49  rank : 0  train.loss : 6.90997838973999  train.ips : 72393.59654800431 imgs/s train.total_time : 0.00022101402282714844
TCAPPDLL 2025-11-24 12:20:08.793091 - Epoch: 0 Iteration: 50  rank : 0  train.loss : 7.098448276519775  train.ips : 39709.38698224852 imgs/s train.total_time : 0.0004029273986816406
TCAPPDLL 2025-11-24 12:20:08.941283 - Epoch: 0 Iteration: 51  rank : 0  train.loss : 7.104095935821533  train.ips : 62195.425393883226 imgs/s train.total_time : 0.00025725364685058594
TCAPPDLL 2025-11-24 12:20:09.147594 - Epoch: 0 Iteration: 52  rank : 0  train.loss : 7.017632961273193  train.ips : 70418.5351521511 imgs/s train.total_time : 0.00022721290588378906
TCAPPDLL 2025-11-24 12:20:09.282497 - Epoch: 0 Iteration: 53  rank : 0  train.loss : 7.326837062835693  train.ips : 73746.0043956044 imgs/s train.total_time : 0.00021696090698242188
TCAPPDLL 2025-11-24 12:20:09.526245 - Epoch: 0 Iteration: 54  rank : 0  train.loss : 6.900150299072266  train.ips : 51306.47094801223 imgs/s train.total_time : 0.00031185150146484375
TCAPPDLL 2025-11-24 12:20:09.674738 - Epoch: 0 Iteration: 55  rank : 0  train.loss : 7.102145671844482  train.ips : 56488.94276094276 imgs/s train.total_time : 0.00028324127197265625
TCAPPDLL 2025-11-24 12:20:09.815934 - Epoch: 0 Iteration: 56  rank : 0  train.loss : 7.037538528442383  train.ips : 45466.71002710027 imgs/s train.total_time : 0.00035190582275390625
TCAPPDLL 2025-11-24 12:20:09.954509 - Epoch: 0 Iteration: 57  rank : 0  train.loss : 7.236919403076172  train.ips : 54120.051612903226 imgs/s train.total_time : 0.0002956390380859375
TCAPPDLL 2025-11-24 12:20:10.307462 - Epoch: 0 Iteration: 58  rank : 0  train.loss : 7.1999430656433105  train.ips : 61286.633789954336 imgs/s train.total_time : 0.00026106834411621094
TCAPPDLL 2025-11-24 12:20:10.450353 - Epoch: 0 Iteration: 59  rank : 0  train.loss : 7.137862682342529  train.ips : 52022.37519379845 imgs/s train.total_time : 0.0003075599670410156
TCAPPDLL 2025-11-24 12:20:10.634083 - Epoch: 0 Iteration: 60  rank : 0  train.loss : 7.044809341430664  train.ips : 62836.01498127341 imgs/s train.total_time : 0.00025463104248046875
TCAPPDLL 2025-11-24 12:20:10.775665 - Epoch: 0 Iteration: 61  rank : 0  train.loss : 7.060004234313965  train.ips : 52800.05035405193 imgs/s train.total_time : 0.00030303001403808594
TCAPPDLL 2025-11-24 12:20:10.924392 - Epoch: 0 Iteration: 62  rank : 0  train.loss : 7.014113426208496  train.ips : 56488.94276094276 imgs/s train.total_time : 0.00028324127197265625
TCAPPDLL 2025-11-24 12:20:11.070271 - Epoch: 0 Iteration: 63  rank : 0  train.loss : 7.10784912109375  train.ips : 53303.30738681493 imgs/s train.total_time : 0.0003001689910888672
TCAPPDLL 2025-11-24 12:20:11.255299 - Epoch: 0 Iteration: 64  rank : 0  train.loss : 6.928359031677246  train.ips : 53388.11774065235 imgs/s train.total_time : 0.00029969215393066406
TCAPPDLL 2025-11-24 12:20:11.409963 - Epoch: 0 Iteration: 65  rank : 0  train.loss : 6.990438938140869  train.ips : 71544.63113006396 imgs/s train.total_time : 0.00022363662719726562
TCAPPDLL 2025-11-24 12:20:11.550181 - Epoch: 0 Iteration: 66  rank : 0  train.loss : 7.063221454620361  train.ips : 72160.0688172043 imgs/s train.total_time : 0.00022172927856445312
TCAPPDLL 2025-11-24 12:20:11.682257 - Epoch: 0 Iteration: 67  rank : 0  train.loss : 6.999595642089844  train.ips : 55461.871074380164 imgs/s train.total_time : 0.0002884864807128906
TCAPPDLL 2025-11-24 12:20:12.010447 - Epoch: 0 Iteration: 68  rank : 0  train.loss : 7.214471817016602  train.ips : 74981.97094972066 imgs/s train.total_time : 0.00021338462829589844
TCAPPDLL 2025-11-24 12:20:12.151032 - Epoch: 0 Iteration: 69  rank : 0  train.loss : 6.940003395080566  train.ips : 69042.04115226338 imgs/s train.total_time : 0.00023174285888671875
TCAPPDLL 2025-11-24 12:20:12.290567 - Epoch: 0 Iteration: 70  rank : 0  train.loss : 7.052463054656982  train.ips : 60241.35008976661 imgs/s train.total_time : 0.0002655982971191406
TCAPPDLL 2025-11-24 12:20:12.422688 - Epoch: 0 Iteration: 71  rank : 0  train.loss : 7.201875686645508  train.ips : 62836.01498127341 imgs/s train.total_time : 0.00025463104248046875
TCAPPDLL 2025-11-24 12:20:12.649977 - Epoch: 0 Iteration: 72  rank : 0  train.loss : 7.054347038269043  train.ips : 64714.430086788816 imgs/s train.total_time : 0.0002472400665283203
TCAPPDLL 2025-11-24 12:20:12.782875 - Epoch: 0 Iteration: 73  rank : 0  train.loss : 6.9518141746521  train.ips : 48594.39826212889 imgs/s train.total_time : 0.0003292560577392578
TCAPPDLL 2025-11-24 12:20:12.919497 - Epoch: 0 Iteration: 74  rank : 0  train.loss : 6.999279022216797  train.ips : 66974.91417165668 imgs/s train.total_time : 0.00023889541625976562
TCAPPDLL 2025-11-24 12:20:13.057468 - Epoch: 0 Iteration: 75  rank : 0  train.loss : 7.060741424560547  train.ips : 65027.96899224806 imgs/s train.total_time : 0.0002460479736328125
TCAPPDLL 2025-11-24 12:20:13.390622 - Epoch: 0 Iteration: 76  rank : 0  train.loss : 7.052552223205566  train.ips : 64403.90019193858 imgs/s train.total_time : 0.0002484321594238281
TCAPPDLL 2025-11-24 12:20:13.527646 - Epoch: 0 Iteration: 77  rank : 0  train.loss : 6.974641799926758  train.ips : 62022.97966728281 imgs/s train.total_time : 0.0002579689025878906
TCAPPDLL 2025-11-24 12:20:13.662533 - Epoch: 0 Iteration: 78  rank : 0  train.loss : 6.960373401641846  train.ips : 62660.00373482727 imgs/s train.total_time : 0.00025534629821777344
TCAPPDLL 2025-11-24 12:20:13.793070 - Epoch: 0 Iteration: 79  rank : 0  train.loss : 6.859064102172852  train.ips : 65664.25048923679 imgs/s train.total_time : 0.00024366378784179688
TCAPPDLL 2025-11-24 12:20:14.086969 - Epoch: 0 Iteration: 80  rank : 0  train.loss : 7.159470558166504  train.ips : 63731.11490978158 imgs/s train.total_time : 0.0002510547637939453
TCAPPDLL 2025-11-24 12:20:14.218035 - Epoch: 0 Iteration: 81  rank : 0  train.loss : 6.929116725921631  train.ips : 73989.92723263506 imgs/s train.total_time : 0.0002162456512451172
TCAPPDLL 2025-11-24 12:20:14.348865 - Epoch: 0 Iteration: 82  rank : 0  train.loss : 6.854571342468262  train.ips : 73262.9519650655 imgs/s train.total_time : 0.00021839141845703125
TCAPPDLL 2025-11-24 12:20:14.480020 - Epoch: 0 Iteration: 83  rank : 0  train.loss : 7.104196548461914  train.ips : 64280.52107279693 imgs/s train.total_time : 0.00024890899658203125
TCAPPDLL 2025-11-24 12:20:14.641064 - Epoch: 0 Iteration: 84  rank : 0  train.loss : 7.021283149719238  train.ips : 58153.261698440205 imgs/s train.total_time : 0.0002751350402832031
TCAPPDLL 2025-11-24 12:20:14.780722 - Epoch: 0 Iteration: 85  rank : 0  train.loss : 7.018373489379883  train.ips : 51741.6067848882 imgs/s train.total_time : 0.00030922889709472656
TCAPPDLL 2025-11-24 12:20:14.922499 - Epoch: 0 Iteration: 86  rank : 0  train.loss : 7.186347007751465  train.ips : 54827.50326797386 imgs/s train.total_time : 0.0002918243408203125
TCAPPDLL 2025-11-24 12:20:15.054713 - Epoch: 0 Iteration: 87  rank : 0  train.loss : 6.868268966674805  train.ips : 61119.1839708561 imgs/s train.total_time : 0.0002617835998535156
TCAPPDLL 2025-11-24 12:20:15.185366 - Epoch: 0 Iteration: 88  rank : 0  train.loss : 6.99217414855957  train.ips : 74648.34705228031 imgs/s train.total_time : 0.0002143383026123047
TCAPPDLL 2025-11-24 12:20:15.316262 - Epoch: 0 Iteration: 89  rank : 0  train.loss : 6.993529319763184  train.ips : 70492.50420168067 imgs/s train.total_time : 0.0002269744873046875
TCAPPDLL 2025-11-24 12:20:15.707552 - Epoch: 0 Iteration: 90  rank : 0  train.loss : 6.732302665710449  train.ips : 51267.27578304049 imgs/s train.total_time : 0.0003120899200439453
TCAPPDLL 2025-11-24 12:20:15.848207 - Epoch: 0 Iteration: 91  rank : 0  train.loss : 6.8726887702941895  train.ips : 56158.045188284515 imgs/s train.total_time : 0.0002849102020263672
TCAPPDLL 2025-11-24 12:20:15.985619 - Epoch: 0 Iteration: 92  rank : 0  train.loss : 6.947232246398926  train.ips : 71392.4085106383 imgs/s train.total_time : 0.00022411346435546875
TCAPPDLL 2025-11-24 12:20:16.117954 - Epoch: 0 Iteration: 93  rank : 0  train.loss : 6.861973762512207  train.ips : 65664.25048923679 imgs/s train.total_time : 0.00024366378784179688
TCAPPDLL 2025-11-24 12:20:16.253339 - Epoch: 0 Iteration: 94  rank : 0  train.loss : 6.988650798797607  train.ips : 63913.20380952381 imgs/s train.total_time : 0.0002503395080566406
TCAPPDLL 2025-11-24 12:20:16.381794 - Epoch: 0 Iteration: 95  rank : 0  train.loss : 6.827144622802734  train.ips : 70418.5351521511 imgs/s train.total_time : 0.00022721290588378906
TCAPPDLL 2025-11-24 12:20:16.511964 - Epoch: 0 Iteration: 96  rank : 0  train.loss : 6.916295528411865  train.ips : 73343.02076502732 imgs/s train.total_time : 0.0002181529998779297
TCAPPDLL 2025-11-24 12:20:16.646119 - Epoch: 0 Iteration: 97  rank : 0  train.loss : 7.140661239624023  train.ips : 70640.90947368421 imgs/s train.total_time : 0.00022649765014648438
TCAPPDLL 2025-11-24 12:20:16.974934 - Epoch: 0 Iteration: 98  rank : 0  train.loss : 6.858987808227539  train.ips : 72005.21888412017 imgs/s train.total_time : 0.00022220611572265625
TCAPPDLL 2025-11-24 12:20:17.105923 - Epoch: 0 Iteration: 99  rank : 0  train.loss : 7.000537872314453  train.ips : 68900.27104722793 imgs/s train.total_time : 0.00023221969604492188
TCAPPDLL 2025-11-24 12:20:17.239037 - Epoch: 0 Iteration: 100  rank : 0  train.loss : 7.105904579162598  train.ips : 71774.18609625669 imgs/s train.total_time : 0.00022292137145996094
