Training with a single process on 1 device (cuda).
Model convnextv2_large created, param count:197956840
Data processing configuration for current model + dataset:
	input_size: (3, 224, 224)
	interpolation: bicubic
	mean: (0.485, 0.456, 0.406)
	std: (0.229, 0.224, 0.225)
	crop_pct: 0.875
	crop_mode: center
Created SGD (sgd) optimizer: lr: 0.4, momentum: 0.9, dampening: 0, weight_decay: 2e-05, nesterov: True, maximize: False, foreach: None, differentiable: False, fused: None
Using native Torch AMP. Training in mixed precision.
Scheduled epochs: 1 (epochs + cooldown_epochs). Warmup within epochs when warmup_prefix=False. LR stepped per epoch.
TCAPPDLL 2025-11-27 00:47:34.930818 - Epoch: 0 Iteration: 0  rank : 0  train.loss : 7.489633560180664  train.ips : 124506.24118738405 imgs/s train.total_time : 0.0001285076141357422
TCAPPDLL 2025-11-27 00:47:35.072269 - Epoch: 0 Iteration: 1  rank : 0  train.loss : 7.144326686859131  train.ips : 56968.475382003395 imgs/s train.total_time : 0.0002808570861816406
TCAPPDLL 2025-11-27 00:47:35.196431 - Epoch: 0 Iteration: 2  rank : 0  train.loss : 7.216640949249268  train.ips : 100462.37125748504 imgs/s train.total_time : 0.00015926361083984375
TCAPPDLL 2025-11-27 00:47:35.321613 - Epoch: 0 Iteration: 3  rank : 0  train.loss : 7.335729598999023  train.ips : 102456.28091603053 imgs/s train.total_time : 0.00015616416931152344
TCAPPDLL 2025-11-27 00:47:35.445780 - Epoch: 0 Iteration: 4  rank : 0  train.loss : 6.726152420043945  train.ips : 90079.01208053691 imgs/s train.total_time : 0.00017762184143066406
TCAPPDLL 2025-11-27 00:47:35.568911 - Epoch: 0 Iteration: 5  rank : 0  train.loss : 7.365351676940918  train.ips : 78766.27230046949 imgs/s train.total_time : 0.00020313262939453125
TCAPPDLL 2025-11-27 00:47:35.692273 - Epoch: 0 Iteration: 6  rank : 0  train.loss : 7.3153252601623535  train.ips : 101989.15501519757 imgs/s train.total_time : 0.00015687942504882812
TCAPPDLL 2025-11-27 00:47:35.818023 - Epoch: 0 Iteration: 7  rank : 0  train.loss : 7.1738057136535645  train.ips : 94254.02247191011 imgs/s train.total_time : 0.0001697540283203125
TCAPPDLL 2025-11-27 00:47:35.941181 - Epoch: 0 Iteration: 8  rank : 0  train.loss : 7.060353755950928  train.ips : 91180.52173913043 imgs/s train.total_time : 0.00017547607421875
TCAPPDLL 2025-11-27 00:47:36.069931 - Epoch: 0 Iteration: 9  rank : 0  train.loss : 7.450403213500977  train.ips : 69113.14521112255 imgs/s train.total_time : 0.0002315044403076172
TCAPPDLL 2025-11-27 00:47:36.201783 - Epoch: 0 Iteration: 10  rank : 0  train.loss : 7.256580352783203  train.ips : 62080.355226642 imgs/s train.total_time : 0.00025773048400878906
TCAPPDLL 2025-11-27 00:47:36.325687 - Epoch: 0 Iteration: 11  rank : 0  train.loss : 7.112770080566406  train.ips : 70939.60253699789 imgs/s train.total_time : 0.00022554397583007812
TCAPPDLL 2025-11-27 00:47:36.450216 - Epoch: 0 Iteration: 12  rank : 0  train.loss : 7.055001258850098  train.ips : 78766.27230046949 imgs/s train.total_time : 0.00020313262939453125
TCAPPDLL 2025-11-27 00:47:36.575088 - Epoch: 0 Iteration: 13  rank : 0  train.loss : 7.088222503662109  train.ips : 73343.02076502732 imgs/s train.total_time : 0.0002181529998779297
TCAPPDLL 2025-11-27 00:47:36.737511 - Epoch: 0 Iteration: 14  rank : 0  train.loss : 7.403378009796143  train.ips : 77136.62528735632 imgs/s train.total_time : 0.00020742416381835938
TCAPPDLL 2025-11-27 00:47:36.862438 - Epoch: 0 Iteration: 15  rank : 0  train.loss : 7.446701526641846  train.ips : 78673.93200468933 imgs/s train.total_time : 0.0002033710479736328
TCAPPDLL 2025-11-27 00:47:36.987546 - Epoch: 0 Iteration: 16  rank : 0  train.loss : 7.171445369720459  train.ips : 64280.52107279693 imgs/s train.total_time : 0.00024890899658203125
TCAPPDLL 2025-11-27 00:47:37.232859 - Epoch: 0 Iteration: 17  rank : 0  train.loss : 7.046634197235107  train.ips : 74317.6788482835 imgs/s train.total_time : 0.00021529197692871094
TCAPPDLL 2025-11-27 00:47:37.552635 - Epoch: 0 Iteration: 18  rank : 0  train.loss : 7.157435417175293  train.ips : 64280.52107279693 imgs/s train.total_time : 0.00024890899658203125
TCAPPDLL 2025-11-27 00:47:37.679332 - Epoch: 0 Iteration: 19  rank : 0  train.loss : 7.212696075439453  train.ips : 71468.43876464324 imgs/s train.total_time : 0.0002238750457763672
TCAPPDLL 2025-11-27 00:47:37.806286 - Epoch: 0 Iteration: 20  rank : 0  train.loss : 7.092960834503174  train.ips : 65154.23689320388 imgs/s train.total_time : 0.0002455711364746094
TCAPPDLL 2025-11-27 00:47:37.930815 - Epoch: 0 Iteration: 21  rank : 0  train.loss : 7.503130912780762  train.ips : 81442.79611650485 imgs/s train.total_time : 0.0001964569091796875
TCAPPDLL 2025-11-27 00:47:38.151050 - Epoch: 0 Iteration: 22  rank : 0  train.loss : 7.232542991638184  train.ips : 89359.33954727031 imgs/s train.total_time : 0.00017905235290527344
TCAPPDLL 2025-11-27 00:47:38.274233 - Epoch: 0 Iteration: 23  rank : 0  train.loss : 6.879140853881836  train.ips : 96698.65129682996 imgs/s train.total_time : 0.00016546249389648438
TCAPPDLL 2025-11-27 00:47:38.398604 - Epoch: 0 Iteration: 24  rank : 0  train.loss : 7.517758369445801  train.ips : 107892.06430868167 imgs/s train.total_time : 0.00014829635620117188
TCAPPDLL 2025-11-27 00:47:38.554156 - Epoch: 0 Iteration: 25  rank : 0  train.loss : 7.228031158447266  train.ips : 88885.91258278146 imgs/s train.total_time : 0.0001800060272216797
TCAPPDLL 2025-11-27 00:47:38.933957 - Epoch: 0 Iteration: 26  rank : 0  train.loss : 7.148950099945068  train.ips : 83991.06883604506 imgs/s train.total_time : 0.00019049644470214844
TCAPPDLL 2025-11-27 00:47:39.056911 - Epoch: 0 Iteration: 27  rank : 0  train.loss : 7.379385948181152  train.ips : 87609.48302872063 imgs/s train.total_time : 0.00018262863159179688
TCAPPDLL 2025-11-27 00:47:39.179654 - Epoch: 0 Iteration: 28  rank : 0  train.loss : 7.426141738891602  train.ips : 96006.95851216023 imgs/s train.total_time : 0.0001666545867919922
TCAPPDLL 2025-11-27 00:47:39.304818 - Epoch: 0 Iteration: 29  rank : 0  train.loss : 7.012790203094482  train.ips : 87154.36883116883 imgs/s train.total_time : 0.00018358230590820312
TCAPPDLL 2025-11-27 00:47:39.605780 - Epoch: 0 Iteration: 30  rank : 0  train.loss : 6.833216667175293  train.ips : 95869.80571428571 imgs/s train.total_time : 0.00016689300537109375
TCAPPDLL 2025-11-27 00:47:39.728589 - Epoch: 0 Iteration: 31  rank : 0  train.loss : 7.246011257171631  train.ips : 95325.09090909091 imgs/s train.total_time : 0.0001678466796875
TCAPPDLL 2025-11-27 00:47:39.855226 - Epoch: 0 Iteration: 32  rank : 0  train.loss : 7.127377986907959  train.ips : 87381.33333333333 imgs/s train.total_time : 0.00018310546875
TCAPPDLL 2025-11-27 00:47:39.978710 - Epoch: 0 Iteration: 33  rank : 0  train.loss : 6.996789932250977  train.ips : 85707.36143039592 imgs/s train.total_time : 0.00018668174743652344
TCAPPDLL 2025-11-27 00:47:40.179014 - Epoch: 0 Iteration: 34  rank : 0  train.loss : 7.132380962371826  train.ips : 86928.58031088083 imgs/s train.total_time : 0.00018405914306640625
TCAPPDLL 2025-11-27 00:47:40.305436 - Epoch: 0 Iteration: 35  rank : 0  train.loss : 7.23270320892334  train.ips : 100764.06006006006 imgs/s train.total_time : 0.00015878677368164062
TCAPPDLL 2025-11-27 00:47:40.446048 - Epoch: 0 Iteration: 36  rank : 0  train.loss : 7.097864151000977  train.ips : 77048.06429391504 imgs/s train.total_time : 0.00020766258239746094
TCAPPDLL 2025-11-27 00:47:40.570144 - Epoch: 0 Iteration: 37  rank : 0  train.loss : 7.336747169494629  train.ips : 82544.72816728168 imgs/s train.total_time : 0.0001938343048095703
TCAPPDLL 2025-11-27 00:47:40.708905 - Epoch: 0 Iteration: 38  rank : 0  train.loss : 7.265011787414551  train.ips : 86369.19433719433 imgs/s train.total_time : 0.00018525123596191406
TCAPPDLL 2025-11-27 00:47:40.832270 - Epoch: 0 Iteration: 39  rank : 0  train.loss : 6.998208999633789  train.ips : 77582.50173410405 imgs/s train.total_time : 0.00020623207092285156
TCAPPDLL 2025-11-27 00:47:40.960261 - Epoch: 0 Iteration: 40  rank : 0  train.loss : 7.139440536499023  train.ips : 46313.91580400276 imgs/s train.total_time : 0.00034546852111816406
TCAPPDLL 2025-11-27 00:47:41.087839 - Epoch: 0 Iteration: 41  rank : 0  train.loss : 7.492124080657959  train.ips : 83055.52475247525 imgs/s train.total_time : 0.0001926422119140625
TCAPPDLL 2025-11-27 00:47:41.295878 - Epoch: 0 Iteration: 42  rank : 0  train.loss : 7.248120307922363  train.ips : 84096.32080200501 imgs/s train.total_time : 0.00019025802612304688
TCAPPDLL 2025-11-27 00:47:41.420113 - Epoch: 0 Iteration: 43  rank : 0  train.loss : 7.18651819229126  train.ips : 80562.8619447779 imgs/s train.total_time : 0.00019860267639160156
TCAPPDLL 2025-11-27 00:47:41.616866 - Epoch: 0 Iteration: 44  rank : 0  train.loss : 7.33268404006958  train.ips : 103244.40615384615 imgs/s train.total_time : 0.00015497207641601562
TCAPPDLL 2025-11-27 00:47:41.739463 - Epoch: 0 Iteration: 45  rank : 0  train.loss : 7.164571762084961  train.ips : 93077.48127600555 imgs/s train.total_time : 0.00017189979553222656
TCAPPDLL 2025-11-27 00:47:42.001235 - Epoch: 0 Iteration: 46  rank : 0  train.loss : 7.083264350891113  train.ips : 93990.0056022409 imgs/s train.total_time : 0.00017023086547851562
TCAPPDLL 2025-11-27 00:47:42.143819 - Epoch: 0 Iteration: 47  rank : 0  train.loss : 7.208485126495361  train.ips : 75829.22485875706 imgs/s train.total_time : 0.0002110004425048828
TCAPPDLL 2025-11-27 00:47:42.268504 - Epoch: 0 Iteration: 48  rank : 0  train.loss : 7.117221832275391  train.ips : 94519.52676056339 imgs/s train.total_time : 0.00016927719116210938
TCAPPDLL 2025-11-27 00:47:42.393577 - Epoch: 0 Iteration: 49  rank : 0  train.loss : 7.47799015045166  train.ips : 79796.50891795481 imgs/s train.total_time : 0.00020051002502441406
TCAPPDLL 2025-11-27 00:47:42.747577 - Epoch: 0 Iteration: 50  rank : 0  train.loss : 6.967521667480469  train.ips : 57505.453299057415 imgs/s train.total_time : 0.00027823448181152344
TCAPPDLL 2025-11-27 00:47:42.870753 - Epoch: 0 Iteration: 51  rank : 0  train.loss : 7.055682182312012  train.ips : 96698.65129682996 imgs/s train.total_time : 0.00016546249389648438
TCAPPDLL 2025-11-27 00:47:42.996840 - Epoch: 0 Iteration: 52  rank : 0  train.loss : 7.528995513916016  train.ips : 80854.0530120482 imgs/s train.total_time : 0.00019788742065429688
TCAPPDLL 2025-11-27 00:47:43.120765 - Epoch: 0 Iteration: 53  rank : 0  train.loss : 7.084901809692383  train.ips : 81840.07804878049 imgs/s train.total_time : 0.00019550323486328125
TCAPPDLL 2025-11-27 00:47:43.377532 - Epoch: 0 Iteration: 54  rank : 0  train.loss : 7.037620544433594  train.ips : 102144.38964992389 imgs/s train.total_time : 0.00015664100646972656
TCAPPDLL 2025-11-27 00:47:43.500653 - Epoch: 0 Iteration: 55  rank : 0  train.loss : 7.093578815460205  train.ips : 75234.15246636771 imgs/s train.total_time : 0.00021266937255859375
TCAPPDLL 2025-11-27 00:47:43.624765 - Epoch: 0 Iteration: 56  rank : 0  train.loss : 7.148448944091797  train.ips : 95325.09090909091 imgs/s train.total_time : 0.0001678466796875
TCAPPDLL 2025-11-27 00:47:43.749101 - Epoch: 0 Iteration: 57  rank : 0  train.loss : 7.347214698791504  train.ips : 97400.3831640058 imgs/s train.total_time : 0.00016427040100097656
TCAPPDLL 2025-11-27 00:47:43.890926 - Epoch: 0 Iteration: 58  rank : 0  train.loss : 7.3667988777160645  train.ips : 87154.36883116883 imgs/s train.total_time : 0.00018358230590820312
TCAPPDLL 2025-11-27 00:47:44.014147 - Epoch: 0 Iteration: 59  rank : 0  train.loss : 7.4608869552612305  train.ips : 96838.18759018759 imgs/s train.total_time : 0.0001652240753173828
TCAPPDLL 2025-11-27 00:47:44.138037 - Epoch: 0 Iteration: 60  rank : 0  train.loss : 6.587788105010986  train.ips : 108590.39482200648 imgs/s train.total_time : 0.00014734268188476562
TCAPPDLL 2025-11-27 00:47:44.261944 - Epoch: 0 Iteration: 61  rank : 0  train.loss : 7.397926330566406  train.ips : 81840.07804878049 imgs/s train.total_time : 0.00019550323486328125
TCAPPDLL 2025-11-27 00:47:44.468508 - Epoch: 0 Iteration: 62  rank : 0  train.loss : 7.135928153991699  train.ips : 95189.8780141844 imgs/s train.total_time : 0.00016808509826660156
TCAPPDLL 2025-11-27 00:47:44.591106 - Epoch: 0 Iteration: 63  rank : 0  train.loss : 6.945801258087158  train.ips : 105021.69640062598 imgs/s train.total_time : 0.00015234947204589844
TCAPPDLL 2025-11-27 00:47:44.881895 - Epoch: 0 Iteration: 64  rank : 0  train.loss : 6.940036773681641  train.ips : 95189.8780141844 imgs/s train.total_time : 0.00016808509826660156
TCAPPDLL 2025-11-27 00:47:45.004859 - Epoch: 0 Iteration: 65  rank : 0  train.loss : 7.15725564956665  train.ips : 85055.59442332065 imgs/s train.total_time : 0.0001881122589111328
TCAPPDLL 2025-11-27 00:47:45.129310 - Epoch: 0 Iteration: 66  rank : 0  train.loss : 6.99323844909668  train.ips : 91304.5768707483 imgs/s train.total_time : 0.00017523765563964844
TCAPPDLL 2025-11-27 00:47:45.253416 - Epoch: 0 Iteration: 67  rank : 0  train.loss : 7.446634292602539  train.ips : 49056.18713450292 imgs/s train.total_time : 0.0003261566162109375
TCAPPDLL 2025-11-27 00:47:45.580950 - Epoch: 0 Iteration: 68  rank : 0  train.loss : 6.920236110687256  train.ips : 79512.8720379147 imgs/s train.total_time : 0.00020122528076171875
TCAPPDLL 2025-11-27 00:47:45.704347 - Epoch: 0 Iteration: 69  rank : 0  train.loss : 6.971822261810303  train.ips : 93990.0056022409 imgs/s train.total_time : 0.00017023086547851562
TCAPPDLL 2025-11-27 00:47:45.827662 - Epoch: 0 Iteration: 70  rank : 0  train.loss : 7.114068984985352  train.ips : 94386.58790436006 imgs/s train.total_time : 0.00016951560974121094
TCAPPDLL 2025-11-27 00:47:45.950884 - Epoch: 0 Iteration: 71  rank : 0  train.loss : 7.1633501052856445  train.ips : 95733.04422253923 imgs/s train.total_time : 0.0001671314239501953
TCAPPDLL 2025-11-27 00:47:46.077401 - Epoch: 0 Iteration: 72  rank : 0  train.loss : 7.301945686340332  train.ips : 94519.52676056339 imgs/s train.total_time : 0.00016927719116210938
TCAPPDLL 2025-11-27 00:47:46.200488 - Epoch: 0 Iteration: 73  rank : 0  train.loss : 7.002681732177734  train.ips : 95596.67236467237 imgs/s train.total_time : 0.00016736984252929688
TCAPPDLL 2025-11-27 00:47:46.325192 - Epoch: 0 Iteration: 74  rank : 0  train.loss : 7.186668395996094  train.ips : 96698.65129682996 imgs/s train.total_time : 0.00016546249389648438
TCAPPDLL 2025-11-27 00:47:46.447869 - Epoch: 0 Iteration: 75  rank : 0  train.loss : 7.572856426239014  train.ips : 99864.38095238095 imgs/s train.total_time : 0.00016021728515625
TCAPPDLL 2025-11-27 00:47:46.573469 - Epoch: 0 Iteration: 76  rank : 0  train.loss : 7.046816825866699  train.ips : 43948.17550753111 imgs/s train.total_time : 0.00036406517028808594
TCAPPDLL 2025-11-27 00:47:46.699229 - Epoch: 0 Iteration: 77  rank : 0  train.loss : 7.278066158294678  train.ips : 80082.17661097852 imgs/s train.total_time : 0.00019979476928710938
TCAPPDLL 2025-11-27 00:47:46.824318 - Epoch: 0 Iteration: 78  rank : 0  train.loss : 7.269012451171875  train.ips : 103723.12828438949 imgs/s train.total_time : 0.00015425682067871094
TCAPPDLL 2025-11-27 00:47:46.946561 - Epoch: 0 Iteration: 79  rank : 0  train.loss : 7.323834419250488  train.ips : 108414.96607431342 imgs/s train.total_time : 0.0001475811004638672
TCAPPDLL 2025-11-27 00:47:47.104678 - Epoch: 0 Iteration: 80  rank : 0  train.loss : 7.305944442749023  train.ips : 96420.7816091954 imgs/s train.total_time : 0.0001659393310546875
TCAPPDLL 2025-11-27 00:47:47.301278 - Epoch: 0 Iteration: 81  rank : 0  train.loss : 7.543272972106934  train.ips : 94920.59971711457 imgs/s train.total_time : 0.0001685619354248047
TCAPPDLL 2025-11-27 00:47:47.472017 - Epoch: 0 Iteration: 82  rank : 0  train.loss : 7.1599650382995605  train.ips : 99715.99405646359 imgs/s train.total_time : 0.00016045570373535156
TCAPPDLL 2025-11-27 00:47:47.595745 - Epoch: 0 Iteration: 83  rank : 0  train.loss : 6.846575736999512  train.ips : 93466.3844011142 imgs/s train.total_time : 0.00017118453979492188
TCAPPDLL 2025-11-27 00:47:47.753186 - Epoch: 0 Iteration: 84  rank : 0  train.loss : 7.246539115905762  train.ips : 103723.12828438949 imgs/s train.total_time : 0.00015425682067871094
TCAPPDLL 2025-11-27 00:47:47.907738 - Epoch: 0 Iteration: 85  rank : 0  train.loss : 7.369306564331055  train.ips : 98400.09384164223 imgs/s train.total_time : 0.00016260147094726562
TCAPPDLL 2025-11-27 00:47:48.089670 - Epoch: 0 Iteration: 86  rank : 0  train.loss : 7.0106916427612305  train.ips : 95869.80571428571 imgs/s train.total_time : 0.00016689300537109375
TCAPPDLL 2025-11-27 00:47:48.212803 - Epoch: 0 Iteration: 87  rank : 0  train.loss : 7.286951065063477  train.ips : 96006.95851216023 imgs/s train.total_time : 0.0001666545867919922
TCAPPDLL 2025-11-27 00:47:48.336169 - Epoch: 0 Iteration: 88  rank : 0  train.loss : 7.1088409423828125  train.ips : 103883.69040247679 imgs/s train.total_time : 0.00015401840209960938
TCAPPDLL 2025-11-27 00:47:48.501865 - Epoch: 0 Iteration: 89  rank : 0  train.loss : 7.179044723510742  train.ips : 76695.84457142858 imgs/s train.total_time : 0.0002086162567138672
TCAPPDLL 2025-11-27 00:47:48.624482 - Epoch: 0 Iteration: 90  rank : 0  train.loss : 7.1147685050964355  train.ips : 100612.98950524737 imgs/s train.total_time : 0.0001590251922607422
TCAPPDLL 2025-11-27 00:47:48.752105 - Epoch: 0 Iteration: 91  rank : 0  train.loss : 6.992974281311035  train.ips : 102612.94189602447 imgs/s train.total_time : 0.00015592575073242188
TCAPPDLL 2025-11-27 00:47:48.876845 - Epoch: 0 Iteration: 92  rank : 0  train.loss : 7.105332374572754  train.ips : 86816.12419146184 imgs/s train.total_time : 0.0001842975616455078
TCAPPDLL 2025-11-27 00:47:49.059098 - Epoch: 0 Iteration: 93  rank : 0  train.loss : 7.204983711242676  train.ips : 95325.09090909091 imgs/s train.total_time : 0.0001678466796875
TCAPPDLL 2025-11-27 00:47:49.181696 - Epoch: 0 Iteration: 94  rank : 0  train.loss : 7.281224727630615  train.ips : 86480.49484536082 imgs/s train.total_time : 0.0001850128173828125
TCAPPDLL 2025-11-27 00:47:49.306138 - Epoch: 0 Iteration: 95  rank : 0  train.loss : 7.541591644287109  train.ips : 93596.7419804742 imgs/s train.total_time : 0.0001709461212158203
TCAPPDLL 2025-11-27 00:47:49.430804 - Epoch: 0 Iteration: 96  rank : 0  train.loss : 7.19150972366333  train.ips : 91929.95068493151 imgs/s train.total_time : 0.00017404556274414062
TCAPPDLL 2025-11-27 00:47:49.876753 - Epoch: 0 Iteration: 97  rank : 0  train.loss : 7.125791549682617  train.ips : 54076.44157937147 imgs/s train.total_time : 0.00029587745666503906
TCAPPDLL 2025-11-27 00:47:50.000870 - Epoch: 0 Iteration: 98  rank : 0  train.loss : 7.089698791503906  train.ips : 76608.29223744292 imgs/s train.total_time : 0.00020885467529296875
TCAPPDLL 2025-11-27 00:47:50.125338 - Epoch: 0 Iteration: 99  rank : 0  train.loss : 7.152209758758545  train.ips : 74731.47438752784 imgs/s train.total_time : 0.00021409988403320312
TCAPPDLL 2025-11-27 00:47:50.256894 - Epoch: 0 Iteration: 100  rank : 0  train.loss : 7.268677234649658  train.ips : 66974.91417165668 imgs/s train.total_time : 0.00023889541625976562
TCAPPDLL 2025-11-27 00:47:50.472546 - Epoch: 0 Iteration: 101  rank : 0  train.loss : 7.228947639465332  train.ips : 88301.13684210526 imgs/s train.total_time : 0.0001811981201171875
TCAPPDLL 2025-11-27 00:47:50.595673 - Epoch: 0 Iteration: 102  rank : 0  train.loss : 7.381439685821533  train.ips : 72865.21606948969 imgs/s train.total_time : 0.00021958351135253906
TCAPPDLL 2025-11-27 00:47:50.719948 - Epoch: 0 Iteration: 103  rank : 0  train.loss : 7.286218643188477  train.ips : 87041.32814526588 imgs/s train.total_time : 0.0001838207244873047
TCAPPDLL 2025-11-27 00:47:50.844389 - Epoch: 0 Iteration: 104  rank : 0  train.loss : 7.354255676269531  train.ips : 80273.76076555024 imgs/s train.total_time : 0.00019931793212890625
TCAPPDLL 2025-11-27 00:47:51.206731 - Epoch: 0 Iteration: 105  rank : 0  train.loss : 7.077399253845215  train.ips : 77762.2989571263 imgs/s train.total_time : 0.00020575523376464844
TCAPPDLL 2025-11-27 00:47:51.330012 - Epoch: 0 Iteration: 106  rank : 0  train.loss : 7.445527076721191  train.ips : 85380.23409669212 imgs/s train.total_time : 0.00018739700317382812
TCAPPDLL 2025-11-27 00:47:51.454832 - Epoch: 0 Iteration: 107  rank : 0  train.loss : 7.093611717224121  train.ips : 79796.50891795481 imgs/s train.total_time : 0.00020051002502441406
TCAPPDLL 2025-11-27 00:47:51.580732 - Epoch: 0 Iteration: 108  rank : 0  train.loss : 7.118679046630859  train.ips : 72393.59654800431 imgs/s train.total_time : 0.00022101402282714844
TCAPPDLL 2025-11-27 00:47:51.860868 - Epoch: 0 Iteration: 109  rank : 0  train.loss : 7.280881404876709  train.ips : 81442.79611650485 imgs/s train.total_time : 0.0001964569091796875
TCAPPDLL 2025-11-27 00:47:51.983739 - Epoch: 0 Iteration: 110  rank : 0  train.loss : 7.06851863861084  train.ips : 85926.84250960307 imgs/s train.total_time : 0.0001862049102783203
TCAPPDLL 2025-11-27 00:47:52.109884 - Epoch: 0 Iteration: 111  rank : 0  train.loss : 7.201838493347168  train.ips : 64219.00861244019 imgs/s train.total_time : 0.0002491474151611328
TCAPPDLL 2025-11-27 00:47:52.236326 - Epoch: 0 Iteration: 112  rank : 0  train.loss : 6.991985321044922  train.ips : 72393.59654800431 imgs/s train.total_time : 0.00022101402282714844
TCAPPDLL 2025-11-27 00:47:52.388109 - Epoch: 0 Iteration: 113  rank : 0  train.loss : 7.145861625671387  train.ips : 89597.94926568758 imgs/s train.total_time : 0.0001785755157470703
TCAPPDLL 2025-11-27 00:47:52.511135 - Epoch: 0 Iteration: 114  rank : 0  train.loss : 7.216990947723389  train.ips : 84201.83688833124 imgs/s train.total_time : 0.0001900196075439453
TCAPPDLL 2025-11-27 00:47:52.637626 - Epoch: 0 Iteration: 115  rank : 0  train.loss : 7.072798252105713  train.ips : 61737.685372585096 imgs/s train.total_time : 0.00025916099548339844
TCAPPDLL 2025-11-27 00:47:52.761238 - Epoch: 0 Iteration: 116  rank : 0  train.loss : 6.947081089019775  train.ips : 96559.51654676259 imgs/s train.total_time : 0.00016570091247558594
TCAPPDLL 2025-11-27 00:47:53.005449 - Epoch: 0 Iteration: 117  rank : 0  train.loss : 7.265573501586914  train.ips : 61624.30119375574 imgs/s train.total_time : 0.00025963783264160156
TCAPPDLL 2025-11-27 00:47:53.129017 - Epoch: 0 Iteration: 118  rank : 0  train.loss : 7.02700138092041  train.ips : 83781.35330836455 imgs/s train.total_time : 0.00019097328186035156
TCAPPDLL 2025-11-27 00:47:53.386728 - Epoch: 0 Iteration: 119  rank : 0  train.loss : 7.445864677429199  train.ips : 60404.01800180018 imgs/s train.total_time : 0.00026488304138183594
TCAPPDLL 2025-11-27 00:47:53.510541 - Epoch: 0 Iteration: 120  rank : 0  train.loss : 6.977899074554443  train.ips : 70492.50420168067 imgs/s train.total_time : 0.0002269744873046875
TCAPPDLL 2025-11-27 00:47:53.638142 - Epoch: 0 Iteration: 121  rank : 0  train.loss : 7.090984344482422  train.ips : 31112.129809921185 imgs/s train.total_time : 0.0005142688751220703
TCAPPDLL 2025-11-27 00:47:53.763140 - Epoch: 0 Iteration: 122  rank : 0  train.loss : 7.237683296203613  train.ips : 91304.5768707483 imgs/s train.total_time : 0.00017523765563964844
TCAPPDLL 2025-11-27 00:47:54.450858 - Epoch: 0 Iteration: 123  rank : 0  train.loss : 7.483083724975586  train.ips : 101220.00603318251 imgs/s train.total_time : 0.00015807151794433594
TCAPPDLL 2025-11-27 00:47:54.574176 - Epoch: 0 Iteration: 124  rank : 0  train.loss : 7.064867973327637  train.ips : 96978.12716763005 imgs/s train.total_time : 0.00016498565673828125
TCAPPDLL 2025-11-27 00:47:54.697193 - Epoch: 0 Iteration: 125  rank : 0  train.loss : 7.286135673522949  train.ips : 98689.50588235294 imgs/s train.total_time : 0.0001621246337890625
TCAPPDLL 2025-11-27 00:47:54.819925 - Epoch: 0 Iteration: 126  rank : 0  train.loss : 7.496029376983643  train.ips : 105351.43485086343 imgs/s train.total_time : 0.0001518726348876953
TCAPPDLL 2025-11-27 00:47:55.042440 - Epoch: 0 Iteration: 127  rank : 0  train.loss : 7.186902046203613  train.ips : 94121.82889200561 imgs/s train.total_time : 0.00016999244689941406
TCAPPDLL 2025-11-27 00:47:55.166288 - Epoch: 0 Iteration: 128  rank : 0  train.loss : 7.351695537567139  train.ips : 81245.598062954 imgs/s train.total_time : 0.00019693374633789062
TCAPPDLL 2025-11-27 00:47:55.289648 - Epoch: 0 Iteration: 129  rank : 0  train.loss : 7.41298770904541  train.ips : 86037.00512820513 imgs/s train.total_time : 0.00018596649169921875
TCAPPDLL 2025-11-27 00:47:55.413244 - Epoch: 0 Iteration: 130  rank : 0  train.loss : 7.349916458129883  train.ips : 85163.53299492385 imgs/s train.total_time : 0.00018787384033203125
TCAPPDLL 2025-11-27 00:47:55.766979 - Epoch: 0 Iteration: 131  rank : 0  train.loss : 7.2677412033081055  train.ips : 86592.08258064516 imgs/s train.total_time : 0.00018477439880371094
TCAPPDLL 2025-11-27 00:47:55.890359 - Epoch: 0 Iteration: 132  rank : 0  train.loss : 6.848852634429932  train.ips : 84307.61809045226 imgs/s train.total_time : 0.00018978118896484375
TCAPPDLL 2025-11-27 00:47:56.013013 - Epoch: 0 Iteration: 133  rank : 0  train.loss : 7.244822978973389  train.ips : 108065.80354267311 imgs/s train.total_time : 0.0001480579376220703
TCAPPDLL 2025-11-27 00:47:56.135916 - Epoch: 0 Iteration: 134  rank : 0  train.loss : 7.271477699279785  train.ips : 96144.50429799427 imgs/s train.total_time : 0.00016641616821289062
TCAPPDLL 2025-11-27 00:47:56.395209 - Epoch: 0 Iteration: 135  rank : 0  train.loss : 7.1243720054626465  train.ips : 95189.8780141844 imgs/s train.total_time : 0.00016808509826660156
TCAPPDLL 2025-11-27 00:47:56.518040 - Epoch: 0 Iteration: 136  rank : 0  train.loss : 7.152055740356445  train.ips : 107202.65814696485 imgs/s train.total_time : 0.00014925003051757812
TCAPPDLL 2025-11-27 00:47:56.641495 - Epoch: 0 Iteration: 137  rank : 0  train.loss : 7.202274322509766  train.ips : 100612.98950524737 imgs/s train.total_time : 0.0001590251922607422
TCAPPDLL 2025-11-27 00:47:56.766081 - Epoch: 0 Iteration: 138  rank : 0  train.loss : 7.18848991394043  train.ips : 90321.48586810229 imgs/s train.total_time : 0.00017714500427246094
TCAPPDLL 2025-11-27 00:47:56.939090 - Epoch: 0 Iteration: 139  rank : 0  train.loss : 7.462112903594971  train.ips : 93206.75555555556 imgs/s train.total_time : 0.000171661376953125
TCAPPDLL 2025-11-27 00:47:57.062329 - Epoch: 0 Iteration: 140  rank : 0  train.loss : 7.112417221069336  train.ips : 86703.95865633075 imgs/s train.total_time : 0.00018453598022460938
TCAPPDLL 2025-11-27 00:47:57.185878 - Epoch: 0 Iteration: 141  rank : 0  train.loss : 7.290190696716309  train.ips : 101989.15501519757 imgs/s train.total_time : 0.00015687942504882812
TCAPPDLL 2025-11-27 00:47:57.308317 - Epoch: 0 Iteration: 142  rank : 0  train.loss : 7.1742777824401855  train.ips : 89240.51063829787 imgs/s train.total_time : 0.000179290771484375
TCAPPDLL 2025-11-27 00:47:57.435412 - Epoch: 0 Iteration: 143  rank : 0  train.loss : 7.198043346405029  train.ips : 89958.26273458445 imgs/s train.total_time : 0.00017786026000976562
TCAPPDLL 2025-11-27 00:47:57.558714 - Epoch: 0 Iteration: 144  rank : 0  train.loss : 7.370680332183838  train.ips : 92691.80110497237 imgs/s train.total_time : 0.00017261505126953125
TCAPPDLL 2025-11-27 00:47:57.682853 - Epoch: 0 Iteration: 145  rank : 0  train.loss : 6.987728595733643  train.ips : 96006.95851216023 imgs/s train.total_time : 0.0001666545867919922
TCAPPDLL 2025-11-27 00:47:57.807540 - Epoch: 0 Iteration: 146  rank : 0  train.loss : 7.141002178192139  train.ips : 73827.13311331133 imgs/s train.total_time : 0.0002167224884033203
