/root/miniconda3/envs/wyc_mmlab2/lib/python3.9/site-packages/torch/utils/cpp_extension.py:28: UserWarning: pkg_resources is deprecated as an API. See https://setuptools.pypa.io/en/latest/pkg_resources.html. The pkg_resources package is slated for removal as early as 2025-11-30. Refrain from using this package or pin to Setuptools<81.
  from pkg_resources import packaging  # type: ignore[attr-defined]
06/25 00:50:27 - mmengine - INFO - 
------------------------------------------------------------
System environment:
    sys.platform: linux
    Python: 3.9.23 (main, Jun  5 2025, 13:40:20) [GCC 11.2.0]
    CUDA available: True
    MUSA available: False
    numpy_random_seed: 1447872538
    GPU 0: NVIDIA GeForce RTX 4090
    CUDA_HOME: /usr/local/cuda
    NVCC: Cuda compilation tools, release 12.9, V12.9.86
    GCC: gcc (Ubuntu 11.4.0-1ubuntu1~22.04) 11.4.0
    PyTorch: 2.1.0+cu121
    PyTorch compiling details: PyTorch built with:
  - GCC 9.3
  - C++ Version: 201703
  - Intel(R) oneAPI Math Kernel Library Version 2023.1-Product Build 20230303 for Intel(R) 64 architecture applications
  - Intel(R) MKL-DNN v3.1.1 (Git Hash 64f6bcbcbab628e96f33a62c3e975f8535a7bde4)
  - OpenMP 201511 (a.k.a. OpenMP 4.5)
  - LAPACK is enabled (usually provided by MKL)
  - NNPACK is enabled
  - CPU capability usage: AVX512
  - CUDA Runtime 12.1
  - NVCC architecture flags: -gencode;arch=compute_50,code=sm_50;-gencode;arch=compute_60,code=sm_60;-gencode;arch=compute_70,code=sm_70;-gencode;arch=compute_75,code=sm_75;-gencode;arch=compute_80,code=sm_80;-gencode;arch=compute_86,code=sm_86;-gencode;arch=compute_90,code=sm_90
  - CuDNN 8.9.2
  - Magma 2.6.1
  - Build settings: BLAS_INFO=mkl, BUILD_TYPE=Release, CUDA_VERSION=12.1, CUDNN_VERSION=8.9.2, CXX_COMPILER=/opt/rh/devtoolset-9/root/usr/bin/c++, CXX_FLAGS= -D_GLIBCXX_USE_CXX11_ABI=0 -fabi-version=11 -fvisibility-inlines-hidden -DUSE_PTHREADPOOL -DNDEBUG -DUSE_KINETO -DLIBKINETO_NOROCTRACER -DUSE_FBGEMM -DUSE_QNNPACK -DUSE_PYTORCH_QNNPACK -DUSE_XNNPACK -DSYMBOLICATE_MOBILE_DEBUG_HANDLE -O2 -fPIC -Wall -Wextra -Werror=return-type -Werror=non-virtual-dtor -Werror=bool-operation -Wnarrowing -Wno-missing-field-initializers -Wno-type-limits -Wno-array-bounds -Wno-unknown-pragmas -Wno-unused-parameter -Wno-unused-function -Wno-unused-result -Wno-strict-overflow -Wno-strict-aliasing -Wno-stringop-overflow -Wno-psabi -Wno-error=pedantic -Wno-error=old-style-cast -Wno-invalid-partial-specialization -Wno-unused-private-field -Wno-aligned-allocation-unavailable -Wno-missing-braces -fdiagnostics-color=always -faligned-new -Wno-unused-but-set-variable -Wno-maybe-uninitialized -fno-math-errno -fno-trapping-math -Werror=format -Werror=cast-function-type -Wno-stringop-overflow, LAPACK_INFO=mkl, PERF_WITH_AVX=1, PERF_WITH_AVX2=1, PERF_WITH_AVX512=1, TORCH_DISABLE_GPU_ASSERTS=ON, TORCH_VERSION=2.1.0, USE_CUDA=ON, USE_CUDNN=ON, USE_EXCEPTION_PTR=1, USE_GFLAGS=OFF, USE_GLOG=OFF, USE_MKL=ON, USE_MKLDNN=ON, USE_MPI=OFF, USE_NCCL=1, USE_NNPACK=ON, USE_OPENMP=ON, USE_ROCM=OFF, 

    TorchVision: 0.16.0+cu121
    OpenCV: 4.11.0
    MMEngine: 0.10.4

Runtime environment:
    cudnn_benchmark: False
    mp_cfg: {'mp_start_method': 'fork', 'opencv_num_threads': 0}
    dist_cfg: {'backend': 'nccl'}
    seed: 1447872538
    Distributed launcher: none
    Distributed training: False
    GPU number: 1
------------------------------------------------------------

06/25 00:50:27 - mmengine - INFO - Config:
auto_scale_lr = dict(base_batch_size=32)
backbone_norm_cfg = dict(requires_grad=True, type='LN')
backend_args = None
batch_augments = [
    dict(pad_mask=True, size=(
        1024,
        1024,
    ), type='BatchFixedSizePad'),
]
custom_hooks = [
    dict(type='Fp16CompresssionHook'),
]
custom_imports = dict(imports=[
    'projects.ViTDet.vitdet',
])
data_root = '/home/01/wyc/datasets/coco/images/'
dataset_type = 'CocoDataset'
default_hooks = dict(
    checkpoint=dict(
        by_epoch=False,
        interval=5000,
        max_keep_ckpts=5,
        save_last=True,
        type='CheckpointHook'),
    logger=dict(interval=50, type='LoggerHook'),
    param_scheduler=dict(type='ParamSchedulerHook'),
    sampler_seed=dict(type='DistSamplerSeedHook'),
    timer=dict(type='IterTimerHook'),
    visualization=dict(type='DetVisualizationHook'))
default_scope = 'mmdet'
dynamic_intervals = [
    (
        180001,
        184375,
    ),
]
env_cfg = dict(
    cudnn_benchmark=False,
    dist_cfg=dict(backend='nccl'),
    mp_cfg=dict(mp_start_method='fork', opencv_num_threads=0))
image_size = (
    1024,
    1024,
)
interval = 5000
launcher = 'none'
load_from = None
log_level = 'INFO'
log_processor = dict(by_epoch=False, type='LogProcessor', window_size=50)
max_iters = 184375
model = dict(
    backbone=dict(
        depth=12,
        drop_path_rate=0.1,
        embed_dim=768,
        img_size=1024,
        init_cfg=dict(
            checkpoint='mae_pretrain_vit_base.pth', type='Pretrained'),
        mlp_ratio=4,
        norm_cfg=dict(requires_grad=True, type='LN'),
        num_heads=12,
        patch_size=16,
        qkv_bias=True,
        type='ViT',
        use_rel_pos=True,
        window_block_indexes=[
            0,
            1,
            3,
            4,
            6,
            7,
            9,
            10,
        ],
        window_size=14),
    data_preprocessor=dict(
        batch_augments=[
            dict(pad_mask=True, size=(
                1024,
                1024,
            ), type='BatchFixedSizePad'),
        ],
        bgr_to_rgb=True,
        mean=[
            123.675,
            116.28,
            103.53,
        ],
        pad_mask=True,
        pad_size_divisor=32,
        std=[
            58.395,
            57.12,
            57.375,
        ],
        type='DetDataPreprocessor'),
    neck=dict(
        backbone_channel=768,
        in_channels=[
            192,
            384,
            768,
            768,
        ],
        norm_cfg=dict(requires_grad=True, type='LN2d'),
        num_outs=5,
        out_channels=256,
        type='SimpleFPN'),
    roi_head=dict(
        bbox_head=dict(
            bbox_coder=dict(
                target_means=[
                    0.0,
                    0.0,
                    0.0,
                    0.0,
                ],
                target_stds=[
                    0.1,
                    0.1,
                    0.2,
                    0.2,
                ],
                type='DeltaXYWHBBoxCoder'),
            conv_out_channels=256,
            fc_out_channels=1024,
            in_channels=256,
            loss_bbox=dict(loss_weight=1.0, type='L1Loss'),
            loss_cls=dict(
                loss_weight=1.0, type='CrossEntropyLoss', use_sigmoid=False),
            norm_cfg=dict(requires_grad=True, type='LN2d'),
            num_classes=80,
            reg_class_agnostic=False,
            roi_feat_size=7,
            type='Shared4Conv1FCBBoxHead'),
        bbox_roi_extractor=dict(
            featmap_strides=[
                4,
                8,
                16,
                32,
            ],
            out_channels=256,
            roi_layer=dict(output_size=7, sampling_ratio=0, type='RoIAlign'),
            type='SingleRoIExtractor'),
        mask_head=dict(
            conv_out_channels=256,
            in_channels=256,
            loss_mask=dict(
                loss_weight=1.0, type='CrossEntropyLoss', use_mask=True),
            norm_cfg=dict(requires_grad=True, type='LN2d'),
            num_classes=80,
            num_convs=4,
            type='FCNMaskHead'),
        mask_roi_extractor=dict(
            featmap_strides=[
                4,
                8,
                16,
                32,
            ],
            out_channels=256,
            roi_layer=dict(output_size=14, sampling_ratio=0, type='RoIAlign'),
            type='SingleRoIExtractor'),
        type='StandardRoIHead'),
    rpn_head=dict(
        anchor_generator=dict(
            ratios=[
                0.5,
                1.0,
                2.0,
            ],
            scales=[
                8,
            ],
            strides=[
                4,
                8,
                16,
                32,
                64,
            ],
            type='AnchorGenerator'),
        bbox_coder=dict(
            target_means=[
                0.0,
                0.0,
                0.0,
                0.0,
            ],
            target_stds=[
                1.0,
                1.0,
                1.0,
                1.0,
            ],
            type='DeltaXYWHBBoxCoder'),
        feat_channels=256,
        in_channels=256,
        loss_bbox=dict(loss_weight=1.0, type='L1Loss'),
        loss_cls=dict(
            loss_weight=1.0, type='CrossEntropyLoss', use_sigmoid=True),
        num_convs=2,
        type='RPNHead'),
    test_cfg=dict(
        rcnn=dict(
            mask_thr_binary=0.5,
            max_per_img=100,
            nms=dict(iou_threshold=0.5, type='nms'),
            score_thr=0.05),
        rpn=dict(
            max_per_img=1000,
            min_bbox_size=0,
            nms=dict(iou_threshold=0.7, type='nms'),
            nms_pre=1000)),
    train_cfg=dict(
        rcnn=dict(
            assigner=dict(
                ignore_iof_thr=-1,
                match_low_quality=True,
                min_pos_iou=0.5,
                neg_iou_thr=0.5,
                pos_iou_thr=0.5,
                type='MaxIoUAssigner'),
            debug=False,
            mask_size=28,
            pos_weight=-1,
            sampler=dict(
                add_gt_as_proposals=True,
                neg_pos_ub=-1,
                num=512,
                pos_fraction=0.25,
                type='RandomSampler')),
        rpn=dict(
            allowed_border=-1,
            assigner=dict(
                ignore_iof_thr=-1,
                match_low_quality=True,
                min_pos_iou=0.3,
                neg_iou_thr=0.3,
                pos_iou_thr=0.7,
                type='MaxIoUAssigner'),
            debug=False,
            pos_weight=-1,
            sampler=dict(
                add_gt_as_proposals=False,
                neg_pos_ub=-1,
                num=256,
                pos_fraction=0.5,
                type='RandomSampler')),
        rpn_proposal=dict(
            max_per_img=1000,
            min_bbox_size=0,
            nms=dict(iou_threshold=0.7, type='nms'),
            nms_pre=2000)),
    type='MaskRCNN')
norm_cfg = dict(requires_grad=True, type='LN2d')
optim_wrapper = dict(
    constructor='LayerDecayOptimizerConstructor',
    optimizer=dict(
        betas=(
            0.9,
            0.999,
        ), lr=0.0001, type='AdamW', weight_decay=0.1),
    paramwise_cfg=dict(decay_rate=0.7, decay_type='layer_wise', num_layers=12),
    type='AmpOptimWrapper')
param_scheduler = [
    dict(
        begin=0, by_epoch=False, end=250, start_factor=0.001, type='LinearLR'),
    dict(
        begin=0,
        by_epoch=False,
        end=184375,
        gamma=0.1,
        milestones=[
            163889,
            177546,
        ],
        type='MultiStepLR'),
]
resume = False
test_cfg = dict(type='TestLoop')
test_dataloader = dict(
    batch_size=1,
    dataset=dict(
        ann_file='annotations/instances_val2017.json',
        data_prefix=dict(img='val2017/'),
        data_root='/home/01/wyc/datasets/coco/images/',
        pipeline=[
            dict(backend_args=None, type='LoadImageFromFile'),
            dict(keep_ratio=True, scale=(
                1024,
                1024,
            ), type='Resize'),
            dict(
                pad_val=dict(img=(
                    114,
                    114,
                    114,
                )),
                size=(
                    1024,
                    1024,
                ),
                type='Pad'),
            dict(type='LoadAnnotations', with_bbox=True, with_mask=True),
            dict(
                meta_keys=(
                    'img_id',
                    'img_path',
                    'ori_shape',
                    'img_shape',
                    'scale_factor',
                ),
                type='PackDetInputs'),
        ],
        test_mode=True,
        type='CocoDataset'),
    drop_last=False,
    num_workers=2,
    persistent_workers=True,
    sampler=dict(shuffle=False, type='DefaultSampler'))
test_evaluator = dict(
    ann_file=
    '/home/01/wyc/datasets/coco/images/annotations/instances_val2017.json',
    format_only=False,
    metric=[
        'bbox',
        'segm',
    ],
    type='CocoMetric')
test_pipeline = [
    dict(backend_args=None, type='LoadImageFromFile'),
    dict(keep_ratio=True, scale=(
        1024,
        1024,
    ), type='Resize'),
    dict(pad_val=dict(img=(
        114,
        114,
        114,
    )), size=(
        1024,
        1024,
    ), type='Pad'),
    dict(type='LoadAnnotations', with_bbox=True, with_mask=True),
    dict(
        meta_keys=(
            'img_id',
            'img_path',
            'ori_shape',
            'img_shape',
            'scale_factor',
        ),
        type='PackDetInputs'),
]
train_cfg = dict(
    dynamic_intervals=[
        (
            180001,
            184375,
        ),
    ],
    max_iters=184375,
    type='IterBasedTrainLoop',
    val_interval=5000)
train_dataloader = dict(
    batch_size=1,
    dataset=dict(
        ann_file='annotations/instances_train2017.json',
        data_prefix=dict(img='train2017/'),
        data_root='/home/01/wyc/datasets/coco/images/',
        filter_cfg=dict(filter_empty_gt=True, min_size=32),
        pipeline=[
            dict(backend_args=None, type='LoadImageFromFile'),
            dict(type='LoadAnnotations', with_bbox=True, with_mask=True),
            dict(prob=0.5, type='RandomFlip'),
            dict(
                keep_ratio=True,
                ratio_range=(
                    0.1,
                    2.0,
                ),
                scale=(
                    1024,
                    1024,
                ),
                type='RandomResize'),
            dict(
                allow_negative_crop=True,
                crop_size=(
                    1024,
                    1024,
                ),
                crop_type='absolute_range',
                recompute_bbox=True,
                type='RandomCrop'),
            dict(min_gt_bbox_wh=(
                0.01,
                0.01,
            ), type='FilterAnnotations'),
            dict(
                pad_val=dict(img=(
                    114,
                    114,
                    114,
                )),
                size=(
                    1024,
                    1024,
                ),
                type='Pad'),
            dict(type='PackDetInputs'),
        ],
        type='CocoDataset'),
    num_workers=2,
    persistent_workers=True,
    sampler=dict(shuffle=True, type='DefaultSampler'))
train_pipeline = [
    dict(backend_args=None, type='LoadImageFromFile'),
    dict(type='LoadAnnotations', with_bbox=True, with_mask=True),
    dict(prob=0.5, type='RandomFlip'),
    dict(
        keep_ratio=True,
        ratio_range=(
            0.1,
            2.0,
        ),
        scale=(
            1024,
            1024,
        ),
        type='RandomResize'),
    dict(
        allow_negative_crop=True,
        crop_size=(
            1024,
            1024,
        ),
        crop_type='absolute_range',
        recompute_bbox=True,
        type='RandomCrop'),
    dict(min_gt_bbox_wh=(
        0.01,
        0.01,
    ), type='FilterAnnotations'),
    dict(pad_val=dict(img=(
        114,
        114,
        114,
    )), size=(
        1024,
        1024,
    ), type='Pad'),
    dict(type='PackDetInputs'),
]
val_cfg = dict(type='ValLoop')
val_dataloader = dict(
    batch_size=1,
    dataset=dict(
        ann_file='annotations/instances_val2017.json',
        data_prefix=dict(img='val2017/'),
        data_root='/home/01/wyc/datasets/coco/images/',
        pipeline=[
            dict(backend_args=None, type='LoadImageFromFile'),
            dict(keep_ratio=True, scale=(
                1024,
                1024,
            ), type='Resize'),
            dict(
                pad_val=dict(img=(
                    114,
                    114,
                    114,
                )),
                size=(
                    1024,
                    1024,
                ),
                type='Pad'),
            dict(type='LoadAnnotations', with_bbox=True, with_mask=True),
            dict(
                meta_keys=(
                    'img_id',
                    'img_path',
                    'ori_shape',
                    'img_shape',
                    'scale_factor',
                ),
                type='PackDetInputs'),
        ],
        test_mode=True,
        type='CocoDataset'),
    drop_last=False,
    num_workers=2,
    persistent_workers=True,
    sampler=dict(shuffle=False, type='DefaultSampler'))
val_evaluator = dict(
    ann_file=
    '/home/01/wyc/datasets/coco/images/annotations/instances_val2017.json',
    format_only=False,
    metric=[
        'bbox',
        'segm',
    ],
    type='CocoMetric')
vis_backends = [
    dict(type='LocalVisBackend'),
    dict(type='TensorboardVisBackend'),
]
visualizer = dict(
    name='visualizer',
    type='DetLocalVisualizer',
    vis_backends=[
        dict(type='LocalVisBackend'),
        dict(type='TensorboardVisBackend'),
    ])
work_dir = './work_dirs/vitdet_mask-rcnn_vit-b-mae_lsj-100e'

06/25 00:50:31 - mmengine - INFO - Distributed training is not used, all SyncBatchNorm (SyncBN) layers in the model will be automatically reverted to BatchNormXd layers if they are used.
06/25 00:50:31 - mmengine - INFO - Hooks will be executed in the following order:
before_run:
(VERY_HIGH   ) RuntimeInfoHook                    
(BELOW_NORMAL) LoggerHook                         
 -------------------- 
before_train:
(VERY_HIGH   ) RuntimeInfoHook                    
(NORMAL      ) IterTimerHook                      
(NORMAL      ) Fp16CompresssionHook               
(VERY_LOW    ) CheckpointHook                     
 -------------------- 
before_train_epoch:
(VERY_HIGH   ) RuntimeInfoHook                    
(NORMAL      ) IterTimerHook                      
(NORMAL      ) DistSamplerSeedHook                
 -------------------- 
before_train_iter:
(VERY_HIGH   ) RuntimeInfoHook                    
(NORMAL      ) IterTimerHook                      
 -------------------- 
after_train_iter:
(VERY_HIGH   ) RuntimeInfoHook                    
(NORMAL      ) IterTimerHook                      
(BELOW_NORMAL) LoggerHook                         
(LOW         ) ParamSchedulerHook                 
(VERY_LOW    ) CheckpointHook                     
 -------------------- 
after_train_epoch:
(NORMAL      ) IterTimerHook                      
(LOW         ) ParamSchedulerHook                 
(VERY_LOW    ) CheckpointHook                     
 -------------------- 
before_val:
(VERY_HIGH   ) RuntimeInfoHook                    
 -------------------- 
before_val_epoch:
(NORMAL      ) IterTimerHook                      
 -------------------- 
before_val_iter:
(NORMAL      ) IterTimerHook                      
 -------------------- 
after_val_iter:
(NORMAL      ) IterTimerHook                      
(NORMAL      ) DetVisualizationHook               
(BELOW_NORMAL) LoggerHook                         
 -------------------- 
after_val_epoch:
(VERY_HIGH   ) RuntimeInfoHook                    
(NORMAL      ) IterTimerHook                      
(BELOW_NORMAL) LoggerHook                         
(LOW         ) ParamSchedulerHook                 
(VERY_LOW    ) CheckpointHook                     
 -------------------- 
after_val:
(VERY_HIGH   ) RuntimeInfoHook                    
 -------------------- 
after_train:
(VERY_HIGH   ) RuntimeInfoHook                    
(VERY_LOW    ) CheckpointHook                     
 -------------------- 
before_test:
(VERY_HIGH   ) RuntimeInfoHook                    
 -------------------- 
before_test_epoch:
(NORMAL      ) IterTimerHook                      
 -------------------- 
before_test_iter:
(NORMAL      ) IterTimerHook                      
 -------------------- 
after_test_iter:
(NORMAL      ) IterTimerHook                      
(NORMAL      ) DetVisualizationHook               
(BELOW_NORMAL) LoggerHook                         
 -------------------- 
after_test_epoch:
(VERY_HIGH   ) RuntimeInfoHook                    
(NORMAL      ) IterTimerHook                      
(BELOW_NORMAL) LoggerHook                         
 -------------------- 
after_test:
(VERY_HIGH   ) RuntimeInfoHook                    
 -------------------- 
after_run:
(BELOW_NORMAL) LoggerHook                         
 -------------------- 
loading annotations into memory...
Done (t=14.34s)
creating index...
index created!
06/25 00:51:02 - mmengine - INFO - self.paramwise_cfg is {'decay_rate': 0.7, 'decay_type': 'layer_wise', 'num_layers': 12}
06/25 00:51:02 - mmengine - INFO - Build LayerDecayOptimizerConstructor  layer_wise 0.7 - 14
06/25 00:51:02 - mmengine - INFO - set param backbone.pos_embed as id 0
06/25 00:51:02 - mmengine - INFO - set param backbone.patch_embed.proj.weight as id 0
06/25 00:51:02 - mmengine - INFO - set param backbone.patch_embed.proj.bias as id 0
06/25 00:51:02 - mmengine - INFO - set param backbone.blocks.0.norm1.weight as id 1
06/25 00:51:02 - mmengine - INFO - set param backbone.blocks.0.norm1.bias as id 1
06/25 00:51:02 - mmengine - INFO - set param backbone.blocks.0.attn.rel_pos_h as id 1
06/25 00:51:02 - mmengine - INFO - set param backbone.blocks.0.attn.rel_pos_w as id 1
06/25 00:51:02 - mmengine - INFO - set param backbone.blocks.0.attn.qkv.weight as id 1
06/25 00:51:02 - mmengine - INFO - set param backbone.blocks.0.attn.qkv.bias as id 1
06/25 00:51:02 - mmengine - INFO - set param backbone.blocks.0.attn.proj.weight as id 1
06/25 00:51:02 - mmengine - INFO - set param backbone.blocks.0.attn.proj.bias as id 1
06/25 00:51:02 - mmengine - INFO - set param backbone.blocks.0.norm2.weight as id 1
06/25 00:51:02 - mmengine - INFO - set param backbone.blocks.0.norm2.bias as id 1
06/25 00:51:02 - mmengine - INFO - set param backbone.blocks.0.mlp.fc1.weight as id 1
06/25 00:51:02 - mmengine - INFO - set param backbone.blocks.0.mlp.fc1.bias as id 1
06/25 00:51:02 - mmengine - INFO - set param backbone.blocks.0.mlp.fc2.weight as id 1
06/25 00:51:02 - mmengine - INFO - set param backbone.blocks.0.mlp.fc2.bias as id 1
06/25 00:51:02 - mmengine - INFO - set param backbone.blocks.1.norm1.weight as id 2
06/25 00:51:02 - mmengine - INFO - set param backbone.blocks.1.norm1.bias as id 2
06/25 00:51:02 - mmengine - INFO - set param backbone.blocks.1.attn.rel_pos_h as id 2
06/25 00:51:02 - mmengine - INFO - set param backbone.blocks.1.attn.rel_pos_w as id 2
06/25 00:51:02 - mmengine - INFO - set param backbone.blocks.1.attn.qkv.weight as id 2
06/25 00:51:02 - mmengine - INFO - set param backbone.blocks.1.attn.qkv.bias as id 2
06/25 00:51:02 - mmengine - INFO - set param backbone.blocks.1.attn.proj.weight as id 2
06/25 00:51:02 - mmengine - INFO - set param backbone.blocks.1.attn.proj.bias as id 2
06/25 00:51:02 - mmengine - INFO - set param backbone.blocks.1.norm2.weight as id 2
06/25 00:51:02 - mmengine - INFO - set param backbone.blocks.1.norm2.bias as id 2
06/25 00:51:02 - mmengine - INFO - set param backbone.blocks.1.mlp.fc1.weight as id 2
06/25 00:51:02 - mmengine - INFO - set param backbone.blocks.1.mlp.fc1.bias as id 2
06/25 00:51:02 - mmengine - INFO - set param backbone.blocks.1.mlp.fc2.weight as id 2
06/25 00:51:02 - mmengine - INFO - set param backbone.blocks.1.mlp.fc2.bias as id 2
06/25 00:51:02 - mmengine - INFO - set param backbone.blocks.2.norm1.weight as id 3
06/25 00:51:02 - mmengine - INFO - set param backbone.blocks.2.norm1.bias as id 3
06/25 00:51:02 - mmengine - INFO - set param backbone.blocks.2.attn.rel_pos_h as id 3
06/25 00:51:02 - mmengine - INFO - set param backbone.blocks.2.attn.rel_pos_w as id 3
06/25 00:51:02 - mmengine - INFO - set param backbone.blocks.2.attn.qkv.weight as id 3
06/25 00:51:02 - mmengine - INFO - set param backbone.blocks.2.attn.qkv.bias as id 3
06/25 00:51:02 - mmengine - INFO - set param backbone.blocks.2.attn.proj.weight as id 3
06/25 00:51:02 - mmengine - INFO - set param backbone.blocks.2.attn.proj.bias as id 3
06/25 00:51:02 - mmengine - INFO - set param backbone.blocks.2.norm2.weight as id 3
06/25 00:51:02 - mmengine - INFO - set param backbone.blocks.2.norm2.bias as id 3
06/25 00:51:02 - mmengine - INFO - set param backbone.blocks.2.mlp.fc1.weight as id 3
06/25 00:51:02 - mmengine - INFO - set param backbone.blocks.2.mlp.fc1.bias as id 3
06/25 00:51:02 - mmengine - INFO - set param backbone.blocks.2.mlp.fc2.weight as id 3
06/25 00:51:02 - mmengine - INFO - set param backbone.blocks.2.mlp.fc2.bias as id 3
06/25 00:51:02 - mmengine - INFO - set param backbone.blocks.3.norm1.weight as id 4
06/25 00:51:02 - mmengine - INFO - set param backbone.blocks.3.norm1.bias as id 4
06/25 00:51:02 - mmengine - INFO - set param backbone.blocks.3.attn.rel_pos_h as id 4
06/25 00:51:02 - mmengine - INFO - set param backbone.blocks.3.attn.rel_pos_w as id 4
06/25 00:51:02 - mmengine - INFO - set param backbone.blocks.3.attn.qkv.weight as id 4
06/25 00:51:02 - mmengine - INFO - set param backbone.blocks.3.attn.qkv.bias as id 4
06/25 00:51:02 - mmengine - INFO - set param backbone.blocks.3.attn.proj.weight as id 4
06/25 00:51:02 - mmengine - INFO - set param backbone.blocks.3.attn.proj.bias as id 4
06/25 00:51:02 - mmengine - INFO - set param backbone.blocks.3.norm2.weight as id 4
06/25 00:51:02 - mmengine - INFO - set param backbone.blocks.3.norm2.bias as id 4
06/25 00:51:02 - mmengine - INFO - set param backbone.blocks.3.mlp.fc1.weight as id 4
06/25 00:51:02 - mmengine - INFO - set param backbone.blocks.3.mlp.fc1.bias as id 4
06/25 00:51:02 - mmengine - INFO - set param backbone.blocks.3.mlp.fc2.weight as id 4
06/25 00:51:02 - mmengine - INFO - set param backbone.blocks.3.mlp.fc2.bias as id 4
06/25 00:51:02 - mmengine - INFO - set param backbone.blocks.4.norm1.weight as id 5
06/25 00:51:02 - mmengine - INFO - set param backbone.blocks.4.norm1.bias as id 5
06/25 00:51:02 - mmengine - INFO - set param backbone.blocks.4.attn.rel_pos_h as id 5
06/25 00:51:02 - mmengine - INFO - set param backbone.blocks.4.attn.rel_pos_w as id 5
06/25 00:51:02 - mmengine - INFO - set param backbone.blocks.4.attn.qkv.weight as id 5
06/25 00:51:02 - mmengine - INFO - set param backbone.blocks.4.attn.qkv.bias as id 5
06/25 00:51:02 - mmengine - INFO - set param backbone.blocks.4.attn.proj.weight as id 5
06/25 00:51:02 - mmengine - INFO - set param backbone.blocks.4.attn.proj.bias as id 5
06/25 00:51:02 - mmengine - INFO - set param backbone.blocks.4.norm2.weight as id 5
06/25 00:51:02 - mmengine - INFO - set param backbone.blocks.4.norm2.bias as id 5
06/25 00:51:02 - mmengine - INFO - set param backbone.blocks.4.mlp.fc1.weight as id 5
06/25 00:51:02 - mmengine - INFO - set param backbone.blocks.4.mlp.fc1.bias as id 5
06/25 00:51:02 - mmengine - INFO - set param backbone.blocks.4.mlp.fc2.weight as id 5
06/25 00:51:02 - mmengine - INFO - set param backbone.blocks.4.mlp.fc2.bias as id 5
06/25 00:51:02 - mmengine - INFO - set param backbone.blocks.5.norm1.weight as id 6
06/25 00:51:02 - mmengine - INFO - set param backbone.blocks.5.norm1.bias as id 6
06/25 00:51:02 - mmengine - INFO - set param backbone.blocks.5.attn.rel_pos_h as id 6
06/25 00:51:02 - mmengine - INFO - set param backbone.blocks.5.attn.rel_pos_w as id 6
06/25 00:51:02 - mmengine - INFO - set param backbone.blocks.5.attn.qkv.weight as id 6
06/25 00:51:02 - mmengine - INFO - set param backbone.blocks.5.attn.qkv.bias as id 6
06/25 00:51:02 - mmengine - INFO - set param backbone.blocks.5.attn.proj.weight as id 6
06/25 00:51:02 - mmengine - INFO - set param backbone.blocks.5.attn.proj.bias as id 6
06/25 00:51:02 - mmengine - INFO - set param backbone.blocks.5.norm2.weight as id 6
06/25 00:51:02 - mmengine - INFO - set param backbone.blocks.5.norm2.bias as id 6
06/25 00:51:02 - mmengine - INFO - set param backbone.blocks.5.mlp.fc1.weight as id 6
06/25 00:51:02 - mmengine - INFO - set param backbone.blocks.5.mlp.fc1.bias as id 6
06/25 00:51:02 - mmengine - INFO - set param backbone.blocks.5.mlp.fc2.weight as id 6
06/25 00:51:02 - mmengine - INFO - set param backbone.blocks.5.mlp.fc2.bias as id 6
06/25 00:51:02 - mmengine - INFO - set param backbone.blocks.6.norm1.weight as id 7
06/25 00:51:02 - mmengine - INFO - set param backbone.blocks.6.norm1.bias as id 7
06/25 00:51:02 - mmengine - INFO - set param backbone.blocks.6.attn.rel_pos_h as id 7
06/25 00:51:02 - mmengine - INFO - set param backbone.blocks.6.attn.rel_pos_w as id 7
06/25 00:51:02 - mmengine - INFO - set param backbone.blocks.6.attn.qkv.weight as id 7
06/25 00:51:02 - mmengine - INFO - set param backbone.blocks.6.attn.qkv.bias as id 7
06/25 00:51:02 - mmengine - INFO - set param backbone.blocks.6.attn.proj.weight as id 7
06/25 00:51:02 - mmengine - INFO - set param backbone.blocks.6.attn.proj.bias as id 7
06/25 00:51:02 - mmengine - INFO - set param backbone.blocks.6.norm2.weight as id 7
06/25 00:51:02 - mmengine - INFO - set param backbone.blocks.6.norm2.bias as id 7
06/25 00:51:02 - mmengine - INFO - set param backbone.blocks.6.mlp.fc1.weight as id 7
06/25 00:51:02 - mmengine - INFO - set param backbone.blocks.6.mlp.fc1.bias as id 7
06/25 00:51:02 - mmengine - INFO - set param backbone.blocks.6.mlp.fc2.weight as id 7
06/25 00:51:02 - mmengine - INFO - set param backbone.blocks.6.mlp.fc2.bias as id 7
06/25 00:51:02 - mmengine - INFO - set param backbone.blocks.7.norm1.weight as id 8
06/25 00:51:02 - mmengine - INFO - set param backbone.blocks.7.norm1.bias as id 8
06/25 00:51:02 - mmengine - INFO - set param backbone.blocks.7.attn.rel_pos_h as id 8
06/25 00:51:02 - mmengine - INFO - set param backbone.blocks.7.attn.rel_pos_w as id 8
06/25 00:51:02 - mmengine - INFO - set param backbone.blocks.7.attn.qkv.weight as id 8
06/25 00:51:02 - mmengine - INFO - set param backbone.blocks.7.attn.qkv.bias as id 8
06/25 00:51:02 - mmengine - INFO - set param backbone.blocks.7.attn.proj.weight as id 8
06/25 00:51:02 - mmengine - INFO - set param backbone.blocks.7.attn.proj.bias as id 8
06/25 00:51:02 - mmengine - INFO - set param backbone.blocks.7.norm2.weight as id 8
06/25 00:51:02 - mmengine - INFO - set param backbone.blocks.7.norm2.bias as id 8
06/25 00:51:02 - mmengine - INFO - set param backbone.blocks.7.mlp.fc1.weight as id 8
06/25 00:51:02 - mmengine - INFO - set param backbone.blocks.7.mlp.fc1.bias as id 8
06/25 00:51:02 - mmengine - INFO - set param backbone.blocks.7.mlp.fc2.weight as id 8
06/25 00:51:02 - mmengine - INFO - set param backbone.blocks.7.mlp.fc2.bias as id 8
06/25 00:51:02 - mmengine - INFO - set param backbone.blocks.8.norm1.weight as id 9
06/25 00:51:02 - mmengine - INFO - set param backbone.blocks.8.norm1.bias as id 9
06/25 00:51:02 - mmengine - INFO - set param backbone.blocks.8.attn.rel_pos_h as id 9
06/25 00:51:02 - mmengine - INFO - set param backbone.blocks.8.attn.rel_pos_w as id 9
06/25 00:51:02 - mmengine - INFO - set param backbone.blocks.8.attn.qkv.weight as id 9
06/25 00:51:02 - mmengine - INFO - set param backbone.blocks.8.attn.qkv.bias as id 9
06/25 00:51:02 - mmengine - INFO - set param backbone.blocks.8.attn.proj.weight as id 9
06/25 00:51:02 - mmengine - INFO - set param backbone.blocks.8.attn.proj.bias as id 9
06/25 00:51:02 - mmengine - INFO - set param backbone.blocks.8.norm2.weight as id 9
06/25 00:51:02 - mmengine - INFO - set param backbone.blocks.8.norm2.bias as id 9
06/25 00:51:02 - mmengine - INFO - set param backbone.blocks.8.mlp.fc1.weight as id 9
06/25 00:51:02 - mmengine - INFO - set param backbone.blocks.8.mlp.fc1.bias as id 9
06/25 00:51:02 - mmengine - INFO - set param backbone.blocks.8.mlp.fc2.weight as id 9
06/25 00:51:02 - mmengine - INFO - set param backbone.blocks.8.mlp.fc2.bias as id 9
06/25 00:51:02 - mmengine - INFO - set param backbone.blocks.9.norm1.weight as id 10
06/25 00:51:02 - mmengine - INFO - set param backbone.blocks.9.norm1.bias as id 10
06/25 00:51:02 - mmengine - INFO - set param backbone.blocks.9.attn.rel_pos_h as id 10
06/25 00:51:02 - mmengine - INFO - set param backbone.blocks.9.attn.rel_pos_w as id 10
06/25 00:51:02 - mmengine - INFO - set param backbone.blocks.9.attn.qkv.weight as id 10
06/25 00:51:02 - mmengine - INFO - set param backbone.blocks.9.attn.qkv.bias as id 10
06/25 00:51:02 - mmengine - INFO - set param backbone.blocks.9.attn.proj.weight as id 10
06/25 00:51:02 - mmengine - INFO - set param backbone.blocks.9.attn.proj.bias as id 10
06/25 00:51:02 - mmengine - INFO - set param backbone.blocks.9.norm2.weight as id 10
06/25 00:51:02 - mmengine - INFO - set param backbone.blocks.9.norm2.bias as id 10
06/25 00:51:02 - mmengine - INFO - set param backbone.blocks.9.mlp.fc1.weight as id 10
06/25 00:51:02 - mmengine - INFO - set param backbone.blocks.9.mlp.fc1.bias as id 10
06/25 00:51:02 - mmengine - INFO - set param backbone.blocks.9.mlp.fc2.weight as id 10
06/25 00:51:02 - mmengine - INFO - set param backbone.blocks.9.mlp.fc2.bias as id 10
06/25 00:51:02 - mmengine - INFO - set param backbone.blocks.10.norm1.weight as id 11
06/25 00:51:02 - mmengine - INFO - set param backbone.blocks.10.norm1.bias as id 11
06/25 00:51:02 - mmengine - INFO - set param backbone.blocks.10.attn.rel_pos_h as id 11
06/25 00:51:02 - mmengine - INFO - set param backbone.blocks.10.attn.rel_pos_w as id 11
06/25 00:51:02 - mmengine - INFO - set param backbone.blocks.10.attn.qkv.weight as id 11
06/25 00:51:02 - mmengine - INFO - set param backbone.blocks.10.attn.qkv.bias as id 11
06/25 00:51:02 - mmengine - INFO - set param backbone.blocks.10.attn.proj.weight as id 11
06/25 00:51:02 - mmengine - INFO - set param backbone.blocks.10.attn.proj.bias as id 11
06/25 00:51:02 - mmengine - INFO - set param backbone.blocks.10.norm2.weight as id 11
06/25 00:51:02 - mmengine - INFO - set param backbone.blocks.10.norm2.bias as id 11
06/25 00:51:02 - mmengine - INFO - set param backbone.blocks.10.mlp.fc1.weight as id 11
06/25 00:51:02 - mmengine - INFO - set param backbone.blocks.10.mlp.fc1.bias as id 11
06/25 00:51:02 - mmengine - INFO - set param backbone.blocks.10.mlp.fc2.weight as id 11
06/25 00:51:02 - mmengine - INFO - set param backbone.blocks.10.mlp.fc2.bias as id 11
06/25 00:51:02 - mmengine - INFO - set param backbone.blocks.11.norm1.weight as id 12
06/25 00:51:02 - mmengine - INFO - set param backbone.blocks.11.norm1.bias as id 12
06/25 00:51:02 - mmengine - INFO - set param backbone.blocks.11.attn.rel_pos_h as id 12
06/25 00:51:02 - mmengine - INFO - set param backbone.blocks.11.attn.rel_pos_w as id 12
06/25 00:51:02 - mmengine - INFO - set param backbone.blocks.11.attn.qkv.weight as id 12
06/25 00:51:02 - mmengine - INFO - set param backbone.blocks.11.attn.qkv.bias as id 12
06/25 00:51:02 - mmengine - INFO - set param backbone.blocks.11.attn.proj.weight as id 12
06/25 00:51:02 - mmengine - INFO - set param backbone.blocks.11.attn.proj.bias as id 12
06/25 00:51:02 - mmengine - INFO - set param backbone.blocks.11.norm2.weight as id 12
06/25 00:51:02 - mmengine - INFO - set param backbone.blocks.11.norm2.bias as id 12
06/25 00:51:02 - mmengine - INFO - set param backbone.blocks.11.mlp.fc1.weight as id 12
06/25 00:51:02 - mmengine - INFO - set param backbone.blocks.11.mlp.fc1.bias as id 12
06/25 00:51:02 - mmengine - INFO - set param backbone.blocks.11.mlp.fc2.weight as id 12
06/25 00:51:02 - mmengine - INFO - set param backbone.blocks.11.mlp.fc2.bias as id 12
06/25 00:51:02 - mmengine - INFO - set param neck.fpn1.0.weight as id 13
06/25 00:51:02 - mmengine - INFO - set param neck.fpn1.0.bias as id 13
06/25 00:51:02 - mmengine - INFO - set param neck.fpn1.1.weight as id 13
06/25 00:51:02 - mmengine - INFO - set param neck.fpn1.1.bias as id 13
06/25 00:51:02 - mmengine - INFO - set param neck.fpn1.3.weight as id 13
06/25 00:51:02 - mmengine - INFO - set param neck.fpn1.3.bias as id 13
06/25 00:51:02 - mmengine - INFO - set param neck.fpn2.0.weight as id 13
06/25 00:51:02 - mmengine - INFO - set param neck.fpn2.0.bias as id 13
06/25 00:51:02 - mmengine - INFO - set param neck.lateral_convs.0.conv.weight as id 13
06/25 00:51:02 - mmengine - INFO - set param neck.lateral_convs.0.norm_layer.weight as id 13
06/25 00:51:02 - mmengine - INFO - set param neck.lateral_convs.0.norm_layer.bias as id 13
06/25 00:51:02 - mmengine - INFO - set param neck.lateral_convs.1.conv.weight as id 13
06/25 00:51:02 - mmengine - INFO - set param neck.lateral_convs.1.norm_layer.weight as id 13
06/25 00:51:02 - mmengine - INFO - set param neck.lateral_convs.1.norm_layer.bias as id 13
06/25 00:51:02 - mmengine - INFO - set param neck.lateral_convs.2.conv.weight as id 13
06/25 00:51:02 - mmengine - INFO - set param neck.lateral_convs.2.norm_layer.weight as id 13
06/25 00:51:02 - mmengine - INFO - set param neck.lateral_convs.2.norm_layer.bias as id 13
06/25 00:51:02 - mmengine - INFO - set param neck.lateral_convs.3.conv.weight as id 13
06/25 00:51:02 - mmengine - INFO - set param neck.lateral_convs.3.norm_layer.weight as id 13
06/25 00:51:02 - mmengine - INFO - set param neck.lateral_convs.3.norm_layer.bias as id 13
06/25 00:51:02 - mmengine - INFO - set param neck.fpn_convs.0.conv.weight as id 13
06/25 00:51:02 - mmengine - INFO - set param neck.fpn_convs.0.norm_layer.weight as id 13
06/25 00:51:02 - mmengine - INFO - set param neck.fpn_convs.0.norm_layer.bias as id 13
06/25 00:51:02 - mmengine - INFO - set param neck.fpn_convs.1.conv.weight as id 13
06/25 00:51:02 - mmengine - INFO - set param neck.fpn_convs.1.norm_layer.weight as id 13
06/25 00:51:02 - mmengine - INFO - set param neck.fpn_convs.1.norm_layer.bias as id 13
06/25 00:51:02 - mmengine - INFO - set param neck.fpn_convs.2.conv.weight as id 13
06/25 00:51:02 - mmengine - INFO - set param neck.fpn_convs.2.norm_layer.weight as id 13
06/25 00:51:02 - mmengine - INFO - set param neck.fpn_convs.2.norm_layer.bias as id 13
06/25 00:51:02 - mmengine - INFO - set param neck.fpn_convs.3.conv.weight as id 13
06/25 00:51:02 - mmengine - INFO - set param neck.fpn_convs.3.norm_layer.weight as id 13
06/25 00:51:02 - mmengine - INFO - set param neck.fpn_convs.3.norm_layer.bias as id 13
06/25 00:51:02 - mmengine - INFO - set param rpn_head.rpn_conv.0.conv.weight as id 13
06/25 00:51:02 - mmengine - INFO - set param rpn_head.rpn_conv.0.conv.bias as id 13
06/25 00:51:02 - mmengine - INFO - set param rpn_head.rpn_conv.1.conv.weight as id 13
06/25 00:51:02 - mmengine - INFO - set param rpn_head.rpn_conv.1.conv.bias as id 13
06/25 00:51:02 - mmengine - INFO - set param rpn_head.rpn_cls.weight as id 13
06/25 00:51:02 - mmengine - INFO - set param rpn_head.rpn_cls.bias as id 13
06/25 00:51:02 - mmengine - INFO - set param rpn_head.rpn_reg.weight as id 13
06/25 00:51:02 - mmengine - INFO - set param rpn_head.rpn_reg.bias as id 13
06/25 00:51:02 - mmengine - INFO - set param roi_head.bbox_head.fc_cls.weight as id 13
06/25 00:51:02 - mmengine - INFO - set param roi_head.bbox_head.fc_cls.bias as id 13
06/25 00:51:02 - mmengine - INFO - set param roi_head.bbox_head.fc_reg.weight as id 13
06/25 00:51:02 - mmengine - INFO - set param roi_head.bbox_head.fc_reg.bias as id 13
06/25 00:51:02 - mmengine - INFO - set param roi_head.bbox_head.shared_convs.0.conv.weight as id 13
06/25 00:51:02 - mmengine - INFO - set param roi_head.bbox_head.shared_convs.0.norm_layer.weight as id 13
06/25 00:51:02 - mmengine - INFO - set param roi_head.bbox_head.shared_convs.0.norm_layer.bias as id 13
06/25 00:51:02 - mmengine - INFO - set param roi_head.bbox_head.shared_convs.1.conv.weight as id 13
06/25 00:51:02 - mmengine - INFO - set param roi_head.bbox_head.shared_convs.1.norm_layer.weight as id 13
06/25 00:51:02 - mmengine - INFO - set param roi_head.bbox_head.shared_convs.1.norm_layer.bias as id 13
06/25 00:51:02 - mmengine - INFO - set param roi_head.bbox_head.shared_convs.2.conv.weight as id 13
06/25 00:51:02 - mmengine - INFO - set param roi_head.bbox_head.shared_convs.2.norm_layer.weight as id 13
06/25 00:51:02 - mmengine - INFO - set param roi_head.bbox_head.shared_convs.2.norm_layer.bias as id 13
06/25 00:51:02 - mmengine - INFO - set param roi_head.bbox_head.shared_convs.3.conv.weight as id 13
06/25 00:51:02 - mmengine - INFO - set param roi_head.bbox_head.shared_convs.3.norm_layer.weight as id 13
06/25 00:51:02 - mmengine - INFO - set param roi_head.bbox_head.shared_convs.3.norm_layer.bias as id 13
06/25 00:51:02 - mmengine - INFO - set param roi_head.bbox_head.shared_fcs.0.weight as id 13
06/25 00:51:02 - mmengine - INFO - set param roi_head.bbox_head.shared_fcs.0.bias as id 13
06/25 00:51:02 - mmengine - INFO - set param roi_head.mask_head.convs.0.conv.weight as id 13
06/25 00:51:02 - mmengine - INFO - set param roi_head.mask_head.convs.0.norm_layer.weight as id 13
06/25 00:51:02 - mmengine - INFO - set param roi_head.mask_head.convs.0.norm_layer.bias as id 13
06/25 00:51:02 - mmengine - INFO - set param roi_head.mask_head.convs.1.conv.weight as id 13
06/25 00:51:02 - mmengine - INFO - set param roi_head.mask_head.convs.1.norm_layer.weight as id 13
06/25 00:51:02 - mmengine - INFO - set param roi_head.mask_head.convs.1.norm_layer.bias as id 13
06/25 00:51:02 - mmengine - INFO - set param roi_head.mask_head.convs.2.conv.weight as id 13
06/25 00:51:02 - mmengine - INFO - set param roi_head.mask_head.convs.2.norm_layer.weight as id 13
06/25 00:51:02 - mmengine - INFO - set param roi_head.mask_head.convs.2.norm_layer.bias as id 13
06/25 00:51:02 - mmengine - INFO - set param roi_head.mask_head.convs.3.conv.weight as id 13
06/25 00:51:02 - mmengine - INFO - set param roi_head.mask_head.convs.3.norm_layer.weight as id 13
06/25 00:51:02 - mmengine - INFO - set param roi_head.mask_head.convs.3.norm_layer.bias as id 13
06/25 00:51:02 - mmengine - INFO - set param roi_head.mask_head.upsample.weight as id 13
06/25 00:51:02 - mmengine - INFO - set param roi_head.mask_head.upsample.bias as id 13
06/25 00:51:02 - mmengine - INFO - set param roi_head.mask_head.conv_logits.weight as id 13
06/25 00:51:02 - mmengine - INFO - set param roi_head.mask_head.conv_logits.bias as id 13
06/25 00:51:02 - mmengine - INFO - Param groups = {
  "layer_0_no_decay_pos_embed": {
    "param_names": [
      "backbone.pos_embed"
    ],
    "lr_scale": 0.009688901040699992,
    "lr": 9.688901040699993e-07,
    "weight_decay": 0
  },
  "layer_0_decay": {
    "param_names": [
      "backbone.patch_embed.proj.weight",
      "backbone.patch_embed.proj.bias"
    ],
    "lr_scale": 0.009688901040699992,
    "lr": 9.688901040699993e-07,
    "weight_decay": 0.1
  },
  "layer_1_no_decay": {
    "param_names": [
      "backbone.blocks.0.norm1.weight",
      "backbone.blocks.0.norm1.bias",
      "backbone.blocks.0.norm2.weight",
      "backbone.blocks.0.norm2.bias"
    ],
    "lr_scale": 0.01384128720099999,
    "lr": 1.384128720099999e-06,
    "weight_decay": 0.0
  },
  "layer_1_decay": {
    "param_names": [
      "backbone.blocks.0.attn.rel_pos_h",
      "backbone.blocks.0.attn.rel_pos_w",
      "backbone.blocks.0.attn.qkv.weight",
      "backbone.blocks.0.attn.qkv.bias",
      "backbone.blocks.0.attn.proj.weight",
      "backbone.blocks.0.attn.proj.bias",
      "backbone.blocks.0.mlp.fc1.weight",
      "backbone.blocks.0.mlp.fc1.bias",
      "backbone.blocks.0.mlp.fc2.weight",
      "backbone.blocks.0.mlp.fc2.bias"
    ],
    "lr_scale": 0.01384128720099999,
    "lr": 1.384128720099999e-06,
    "weight_decay": 0.1
  },
  "layer_2_no_decay": {
    "param_names": [
      "backbone.blocks.1.norm1.weight",
      "backbone.blocks.1.norm1.bias",
      "backbone.blocks.1.norm2.weight",
      "backbone.blocks.1.norm2.bias"
    ],
    "lr_scale": 0.019773267429999988,
    "lr": 1.977326742999999e-06,
    "weight_decay": 0.0
  },
  "layer_2_decay": {
    "param_names": [
      "backbone.blocks.1.attn.rel_pos_h",
      "backbone.blocks.1.attn.rel_pos_w",
      "backbone.blocks.1.attn.qkv.weight",
      "backbone.blocks.1.attn.qkv.bias",
      "backbone.blocks.1.attn.proj.weight",
      "backbone.blocks.1.attn.proj.bias",
      "backbone.blocks.1.mlp.fc1.weight",
      "backbone.blocks.1.mlp.fc1.bias",
      "backbone.blocks.1.mlp.fc2.weight",
      "backbone.blocks.1.mlp.fc2.bias"
    ],
    "lr_scale": 0.019773267429999988,
    "lr": 1.977326742999999e-06,
    "weight_decay": 0.1
  },
  "layer_3_no_decay": {
    "param_names": [
      "backbone.blocks.2.norm1.weight",
      "backbone.blocks.2.norm1.bias",
      "backbone.blocks.2.norm2.weight",
      "backbone.blocks.2.norm2.bias"
    ],
    "lr_scale": 0.028247524899999984,
    "lr": 2.8247524899999986e-06,
    "weight_decay": 0.0
  },
  "layer_3_decay": {
    "param_names": [
      "backbone.blocks.2.attn.rel_pos_h",
      "backbone.blocks.2.attn.rel_pos_w",
      "backbone.blocks.2.attn.qkv.weight",
      "backbone.blocks.2.attn.qkv.bias",
      "backbone.blocks.2.attn.proj.weight",
      "backbone.blocks.2.attn.proj.bias",
      "backbone.blocks.2.mlp.fc1.weight",
      "backbone.blocks.2.mlp.fc1.bias",
      "backbone.blocks.2.mlp.fc2.weight",
      "backbone.blocks.2.mlp.fc2.bias"
    ],
    "lr_scale": 0.028247524899999984,
    "lr": 2.8247524899999986e-06,
    "weight_decay": 0.1
  },
  "layer_4_no_decay": {
    "param_names": [
      "backbone.blocks.3.norm1.weight",
      "backbone.blocks.3.norm1.bias",
      "backbone.blocks.3.norm2.weight",
      "backbone.blocks.3.norm2.bias"
    ],
    "lr_scale": 0.04035360699999998,
    "lr": 4.035360699999998e-06,
    "weight_decay": 0.0
  },
  "layer_4_decay": {
    "param_names": [
      "backbone.blocks.3.attn.rel_pos_h",
      "backbone.blocks.3.attn.rel_pos_w",
      "backbone.blocks.3.attn.qkv.weight",
      "backbone.blocks.3.attn.qkv.bias",
      "backbone.blocks.3.attn.proj.weight",
      "backbone.blocks.3.attn.proj.bias",
      "backbone.blocks.3.mlp.fc1.weight",
      "backbone.blocks.3.mlp.fc1.bias",
      "backbone.blocks.3.mlp.fc2.weight",
      "backbone.blocks.3.mlp.fc2.bias"
    ],
    "lr_scale": 0.04035360699999998,
    "lr": 4.035360699999998e-06,
    "weight_decay": 0.1
  },
  "layer_5_no_decay": {
    "param_names": [
      "backbone.blocks.4.norm1.weight",
      "backbone.blocks.4.norm1.bias",
      "backbone.blocks.4.norm2.weight",
      "backbone.blocks.4.norm2.bias"
    ],
    "lr_scale": 0.05764800999999997,
    "lr": 5.764800999999997e-06,
    "weight_decay": 0.0
  },
  "layer_5_decay": {
    "param_names": [
      "backbone.blocks.4.attn.rel_pos_h",
      "backbone.blocks.4.attn.rel_pos_w",
      "backbone.blocks.4.attn.qkv.weight",
      "backbone.blocks.4.attn.qkv.bias",
      "backbone.blocks.4.attn.proj.weight",
      "backbone.blocks.4.attn.proj.bias",
      "backbone.blocks.4.mlp.fc1.weight",
      "backbone.blocks.4.mlp.fc1.bias",
      "backbone.blocks.4.mlp.fc2.weight",
      "backbone.blocks.4.mlp.fc2.bias"
    ],
    "lr_scale": 0.05764800999999997,
    "lr": 5.764800999999997e-06,
    "weight_decay": 0.1
  },
  "layer_6_no_decay": {
    "param_names": [
      "backbone.blocks.5.norm1.weight",
      "backbone.blocks.5.norm1.bias",
      "backbone.blocks.5.norm2.weight",
      "backbone.blocks.5.norm2.bias"
    ],
    "lr_scale": 0.08235429999999996,
    "lr": 8.235429999999996e-06,
    "weight_decay": 0.0
  },
  "layer_6_decay": {
    "param_names": [
      "backbone.blocks.5.attn.rel_pos_h",
      "backbone.blocks.5.attn.rel_pos_w",
      "backbone.blocks.5.attn.qkv.weight",
      "backbone.blocks.5.attn.qkv.bias",
      "backbone.blocks.5.attn.proj.weight",
      "backbone.blocks.5.attn.proj.bias",
      "backbone.blocks.5.mlp.fc1.weight",
      "backbone.blocks.5.mlp.fc1.bias",
      "backbone.blocks.5.mlp.fc2.weight",
      "backbone.blocks.5.mlp.fc2.bias"
    ],
    "lr_scale": 0.08235429999999996,
    "lr": 8.235429999999996e-06,
    "weight_decay": 0.1
  },
  "layer_7_no_decay": {
    "param_names": [
      "backbone.blocks.6.norm1.weight",
      "backbone.blocks.6.norm1.bias",
      "backbone.blocks.6.norm2.weight",
      "backbone.blocks.6.norm2.bias"
    ],
    "lr_scale": 0.11764899999999996,
    "lr": 1.1764899999999996e-05,
    "weight_decay": 0.0
  },
  "layer_7_decay": {
    "param_names": [
      "backbone.blocks.6.attn.rel_pos_h",
      "backbone.blocks.6.attn.rel_pos_w",
      "backbone.blocks.6.attn.qkv.weight",
      "backbone.blocks.6.attn.qkv.bias",
      "backbone.blocks.6.attn.proj.weight",
      "backbone.blocks.6.attn.proj.bias",
      "backbone.blocks.6.mlp.fc1.weight",
      "backbone.blocks.6.mlp.fc1.bias",
      "backbone.blocks.6.mlp.fc2.weight",
      "backbone.blocks.6.mlp.fc2.bias"
    ],
    "lr_scale": 0.11764899999999996,
    "lr": 1.1764899999999996e-05,
    "weight_decay": 0.1
  },
  "layer_8_no_decay": {
    "param_names": [
      "backbone.blocks.7.norm1.weight",
      "backbone.blocks.7.norm1.bias",
      "backbone.blocks.7.norm2.weight",
      "backbone.blocks.7.norm2.bias"
    ],
    "lr_scale": 0.16806999999999994,
    "lr": 1.6806999999999993e-05,
    "weight_decay": 0.0
  },
  "layer_8_decay": {
    "param_names": [
      "backbone.blocks.7.attn.rel_pos_h",
      "backbone.blocks.7.attn.rel_pos_w",
      "backbone.blocks.7.attn.qkv.weight",
      "backbone.blocks.7.attn.qkv.bias",
      "backbone.blocks.7.attn.proj.weight",
      "backbone.blocks.7.attn.proj.bias",
      "backbone.blocks.7.mlp.fc1.weight",
      "backbone.blocks.7.mlp.fc1.bias",
      "backbone.blocks.7.mlp.fc2.weight",
      "backbone.blocks.7.mlp.fc2.bias"
    ],
    "lr_scale": 0.16806999999999994,
    "lr": 1.6806999999999993e-05,
    "weight_decay": 0.1
  },
  "layer_9_no_decay": {
    "param_names": [
      "backbone.blocks.8.norm1.weight",
      "backbone.blocks.8.norm1.bias",
      "backbone.blocks.8.norm2.weight",
      "backbone.blocks.8.norm2.bias"
    ],
    "lr_scale": 0.24009999999999995,
    "lr": 2.4009999999999995e-05,
    "weight_decay": 0.0
  },
  "layer_9_decay": {
    "param_names": [
      "backbone.blocks.8.attn.rel_pos_h",
      "backbone.blocks.8.attn.rel_pos_w",
      "backbone.blocks.8.attn.qkv.weight",
      "backbone.blocks.8.attn.qkv.bias",
      "backbone.blocks.8.attn.proj.weight",
      "backbone.blocks.8.attn.proj.bias",
      "backbone.blocks.8.mlp.fc1.weight",
      "backbone.blocks.8.mlp.fc1.bias",
      "backbone.blocks.8.mlp.fc2.weight",
      "backbone.blocks.8.mlp.fc2.bias"
    ],
    "lr_scale": 0.24009999999999995,
    "lr": 2.4009999999999995e-05,
    "weight_decay": 0.1
  },
  "layer_10_no_decay": {
    "param_names": [
      "backbone.blocks.9.norm1.weight",
      "backbone.blocks.9.norm1.bias",
      "backbone.blocks.9.norm2.weight",
      "backbone.blocks.9.norm2.bias"
    ],
    "lr_scale": 0.3429999999999999,
    "lr": 3.4299999999999993e-05,
    "weight_decay": 0.0
  },
  "layer_10_decay": {
    "param_names": [
      "backbone.blocks.9.attn.rel_pos_h",
      "backbone.blocks.9.attn.rel_pos_w",
      "backbone.blocks.9.attn.qkv.weight",
      "backbone.blocks.9.attn.qkv.bias",
      "backbone.blocks.9.attn.proj.weight",
      "backbone.blocks.9.attn.proj.bias",
      "backbone.blocks.9.mlp.fc1.weight",
      "backbone.blocks.9.mlp.fc1.bias",
      "backbone.blocks.9.mlp.fc2.weight",
      "backbone.blocks.9.mlp.fc2.bias"
    ],
    "lr_scale": 0.3429999999999999,
    "lr": 3.4299999999999993e-05,
    "weight_decay": 0.1
  },
  "layer_11_no_decay": {
    "param_names": [
      "backbone.blocks.10.norm1.weight",
      "backbone.blocks.10.norm1.bias",
      "backbone.blocks.10.norm2.weight",
      "backbone.blocks.10.norm2.bias"
    ],
    "lr_scale": 0.48999999999999994,
    "lr": 4.9e-05,
    "weight_decay": 0.0
  },
  "layer_11_decay": {
    "param_names": [
      "backbone.blocks.10.attn.rel_pos_h",
      "backbone.blocks.10.attn.rel_pos_w",
      "backbone.blocks.10.attn.qkv.weight",
      "backbone.blocks.10.attn.qkv.bias",
      "backbone.blocks.10.attn.proj.weight",
      "backbone.blocks.10.attn.proj.bias",
      "backbone.blocks.10.mlp.fc1.weight",
      "backbone.blocks.10.mlp.fc1.bias",
      "backbone.blocks.10.mlp.fc2.weight",
      "backbone.blocks.10.mlp.fc2.bias"
    ],
    "lr_scale": 0.48999999999999994,
    "lr": 4.9e-05,
    "weight_decay": 0.1
  },
  "layer_12_no_decay": {
    "param_names": [
      "backbone.blocks.11.norm1.weight",
      "backbone.blocks.11.norm1.bias",
      "backbone.blocks.11.norm2.weight",
      "backbone.blocks.11.norm2.bias"
    ],
    "lr_scale": 0.7,
    "lr": 7e-05,
    "weight_decay": 0.0
  },
  "layer_12_decay": {
    "param_names": [
      "backbone.blocks.11.attn.rel_pos_h",
      "backbone.blocks.11.attn.rel_pos_w",
      "backbone.blocks.11.attn.qkv.weight",
      "backbone.blocks.11.attn.qkv.bias",
      "backbone.blocks.11.attn.proj.weight",
      "backbone.blocks.11.attn.proj.bias",
      "backbone.blocks.11.mlp.fc1.weight",
      "backbone.blocks.11.mlp.fc1.bias",
      "backbone.blocks.11.mlp.fc2.weight",
      "backbone.blocks.11.mlp.fc2.bias"
    ],
    "lr_scale": 0.7,
    "lr": 7e-05,
    "weight_decay": 0.1
  },
  "layer_13_decay": {
    "param_names": [
      "neck.fpn1.0.weight",
      "neck.fpn1.0.bias",
      "neck.fpn1.1.weight",
      "neck.fpn1.1.bias",
      "neck.fpn1.3.weight",
      "neck.fpn1.3.bias",
      "neck.fpn2.0.weight",
      "neck.fpn2.0.bias",
      "neck.lateral_convs.0.conv.weight",
      "neck.lateral_convs.0.norm_layer.weight",
      "neck.lateral_convs.0.norm_layer.bias",
      "neck.lateral_convs.1.conv.weight",
      "neck.lateral_convs.1.norm_layer.weight",
      "neck.lateral_convs.1.norm_layer.bias",
      "neck.lateral_convs.2.conv.weight",
      "neck.lateral_convs.2.norm_layer.weight",
      "neck.lateral_convs.2.norm_layer.bias",
      "neck.lateral_convs.3.conv.weight",
      "neck.lateral_convs.3.norm_layer.weight",
      "neck.lateral_convs.3.norm_layer.bias",
      "neck.fpn_convs.0.conv.weight",
      "neck.fpn_convs.0.norm_layer.weight",
      "neck.fpn_convs.0.norm_layer.bias",
      "neck.fpn_convs.1.conv.weight",
      "neck.fpn_convs.1.norm_layer.weight",
      "neck.fpn_convs.1.norm_layer.bias",
      "neck.fpn_convs.2.conv.weight",
      "neck.fpn_convs.2.norm_layer.weight",
      "neck.fpn_convs.2.norm_layer.bias",
      "neck.fpn_convs.3.conv.weight",
      "neck.fpn_convs.3.norm_layer.weight",
      "neck.fpn_convs.3.norm_layer.bias",
      "rpn_head.rpn_conv.0.conv.weight",
      "rpn_head.rpn_conv.0.conv.bias",
      "rpn_head.rpn_conv.1.conv.weight",
      "rpn_head.rpn_conv.1.conv.bias",
      "rpn_head.rpn_cls.weight",
      "rpn_head.rpn_cls.bias",
      "rpn_head.rpn_reg.weight",
      "rpn_head.rpn_reg.bias",
      "roi_head.bbox_head.fc_cls.weight",
      "roi_head.bbox_head.fc_cls.bias",
      "roi_head.bbox_head.fc_reg.weight",
      "roi_head.bbox_head.fc_reg.bias",
      "roi_head.bbox_head.shared_convs.0.conv.weight",
      "roi_head.bbox_head.shared_convs.0.norm_layer.weight",
      "roi_head.bbox_head.shared_convs.0.norm_layer.bias",
      "roi_head.bbox_head.shared_convs.1.conv.weight",
      "roi_head.bbox_head.shared_convs.1.norm_layer.weight",
      "roi_head.bbox_head.shared_convs.1.norm_layer.bias",
      "roi_head.bbox_head.shared_convs.2.conv.weight",
      "roi_head.bbox_head.shared_convs.2.norm_layer.weight",
      "roi_head.bbox_head.shared_convs.2.norm_layer.bias",
      "roi_head.bbox_head.shared_convs.3.conv.weight",
      "roi_head.bbox_head.shared_convs.3.norm_layer.weight",
      "roi_head.bbox_head.shared_convs.3.norm_layer.bias",
      "roi_head.bbox_head.shared_fcs.0.weight",
      "roi_head.bbox_head.shared_fcs.0.bias",
      "roi_head.mask_head.convs.0.conv.weight",
      "roi_head.mask_head.convs.0.norm_layer.weight",
      "roi_head.mask_head.convs.0.norm_layer.bias",
      "roi_head.mask_head.convs.1.conv.weight",
      "roi_head.mask_head.convs.1.norm_layer.weight",
      "roi_head.mask_head.convs.1.norm_layer.bias",
      "roi_head.mask_head.convs.2.conv.weight",
      "roi_head.mask_head.convs.2.norm_layer.weight",
      "roi_head.mask_head.convs.2.norm_layer.bias",
      "roi_head.mask_head.convs.3.conv.weight",
      "roi_head.mask_head.convs.3.norm_layer.weight",
      "roi_head.mask_head.convs.3.norm_layer.bias",
      "roi_head.mask_head.upsample.weight",
      "roi_head.mask_head.upsample.bias",
      "roi_head.mask_head.conv_logits.weight",
      "roi_head.mask_head.conv_logits.bias"
    ],
    "lr_scale": 1.0,
    "lr": 0.0001,
    "weight_decay": 0.1
  }
}
loading annotations into memory...
Done (t=0.88s)
creating index...
index created!
loading annotations into memory...
Done (t=0.61s)
creating index...
index created!
06/25 00:51:05 - mmengine - INFO - Loads checkpoint by local backend from path: mae_pretrain_vit_base.pth
06/25 00:51:05 - mmengine - WARNING - "FileClient" will be deprecated in future. Please use io functions in https://mmengine.readthedocs.io/en/latest/api/fileio.html#file-io
06/25 00:51:05 - mmengine - WARNING - "HardDiskBackend" is the alias of "LocalBackend" and the former will be deprecated in future.
06/25 00:51:05 - mmengine - INFO - Checkpoints will be saved to /home/01/wyc/mmdetection/work_dirs/vitdet_mask-rcnn_vit-b-mae_lsj-100e.
TCAPPDLL 2025-06-25 00:51:06.885205 - Epoch: 0 Iteration: 0  rank : 0  train.loss : 6.343420028686523  train.ips : 0.8659564026475617 imgs/s train.total_time : 1.1547925472259521 
TCAPPDLL 2025-06-25 00:51:07.122515 - Epoch: 0 Iteration: 1  rank : 0  train.loss : 6.0265398025512695  train.ips : 4.216427595594082 imgs/s train.total_time : 0.2371675968170166 
TCAPPDLL 2025-06-25 00:51:07.445566 - Epoch: 0 Iteration: 2  rank : 0  train.loss : 6.495431423187256  train.ips : 3.096549376932896 imgs/s train.total_time : 0.3229401111602783 
TCAPPDLL 2025-06-25 00:51:07.745657 - Epoch: 0 Iteration: 3  rank : 0  train.loss : 6.382750511169434  train.ips : 3.3334212856186887 imgs/s train.total_time : 0.29999208450317383 
TCAPPDLL 2025-06-25 00:51:07.995064 - Epoch: 0 Iteration: 4  rank : 0  train.loss : 6.10604190826416  train.ips : 4.011384850803367 imgs/s train.total_time : 0.24929046630859375 
TCAPPDLL 2025-06-25 00:51:08.236018 - Epoch: 0 Iteration: 5  rank : 0  train.loss : 5.811925888061523  train.ips : 4.152060932077048 imgs/s train.total_time : 0.2408442497253418 
TCAPPDLL 2025-06-25 00:51:08.446711 - Epoch: 0 Iteration: 6  rank : 0  train.loss : 6.080067157745361  train.ips : 4.748969376236268 imgs/s train.total_time : 0.2105720043182373 
TCAPPDLL 2025-06-25 00:51:08.683568 - Epoch: 0 Iteration: 7  rank : 0  train.loss : 5.911627769470215  train.ips : 4.224194399571367 imgs/s train.total_time : 0.23673152923583984 
TCAPPDLL 2025-06-25 00:51:08.937504 - Epoch: 0 Iteration: 8  rank : 0  train.loss : 5.900877475738525  train.ips : 3.939800751081629 imgs/s train.total_time : 0.25381994247436523 
TCAPPDLL 2025-06-25 00:51:09.149365 - Epoch: 0 Iteration: 9  rank : 0  train.loss : 5.955801010131836  train.ips : 4.722655845354928 imgs/s train.total_time : 0.2117452621459961 
TCAPPDLL 2025-06-25 00:51:09.392610 - Epoch: 0 Iteration: 10  rank : 0  train.loss : 5.441259384155273  train.ips : 4.11298615081229 imgs/s train.total_time : 0.2431323528289795 
TCAPPDLL 2025-06-25 00:51:09.630194 - Epoch: 0 Iteration: 11  rank : 0  train.loss : 5.498658180236816  train.ips : 4.211059806971941 imgs/s train.total_time : 0.23746991157531738 
TCAPPDLL 2025-06-25 00:51:09.884197 - Epoch: 0 Iteration: 12  rank : 0  train.loss : 5.784618377685547  train.ips : 3.9387315273827177 imgs/s train.total_time : 0.2538888454437256 
TCAPPDLL 2025-06-25 00:51:10.090577 - Epoch: 0 Iteration: 13  rank : 0  train.loss : 5.117838382720947  train.ips : 4.848194542535373 imgs/s train.total_time : 0.20626235008239746 
TCAPPDLL 2025-06-25 00:51:10.384518 - Epoch: 0 Iteration: 14  rank : 0  train.loss : 5.527411460876465  train.ips : 3.403359783057625 imgs/s train.total_time : 0.2938272953033447 
TCAPPDLL 2025-06-25 00:51:10.620009 - Epoch: 0 Iteration: 15  rank : 0  train.loss : 4.948797702789307  train.ips : 4.248515052064341 imgs/s train.total_time : 0.23537635803222656 
TCAPPDLL 2025-06-25 00:51:10.840357 - Epoch: 0 Iteration: 16  rank : 0  train.loss : 4.971773147583008  train.ips : 4.541806715409404 imgs/s train.total_time : 0.22017669677734375 
TCAPPDLL 2025-06-25 00:51:11.091917 - Epoch: 0 Iteration: 17  rank : 0  train.loss : 4.706931114196777  train.ips : 3.977355184126629 imgs/s train.total_time : 0.25142335891723633 
TCAPPDLL 2025-06-25 00:51:11.351216 - Epoch: 0 Iteration: 18  rank : 0  train.loss : 4.657236099243164  train.ips : 3.8581865078123996 imgs/s train.total_time : 0.2591891288757324 
TCAPPDLL 2025-06-25 00:51:11.580128 - Epoch: 0 Iteration: 19  rank : 0  train.loss : 4.278414249420166  train.ips : 4.370368672333632 imgs/s train.total_time : 0.22881364822387695 
TCAPPDLL 2025-06-25 00:51:11.784811 - Epoch: 0 Iteration: 20  rank : 0  train.loss : 3.9514245986938477  train.ips : 4.888010441916838 imgs/s train.total_time : 0.20458221435546875 
TCAPPDLL 2025-06-25 00:51:11.991014 - Epoch: 0 Iteration: 21  rank : 0  train.loss : 3.7107555866241455  train.ips : 4.852272096251736 imgs/s train.total_time : 0.20608901977539062 
TCAPPDLL 2025-06-25 00:51:12.197394 - Epoch: 0 Iteration: 22  rank : 0  train.loss : 3.810427665710449  train.ips : 4.848088068372275 imgs/s train.total_time : 0.2062668800354004 
TCAPPDLL 2025-06-25 00:51:12.408407 - Epoch: 0 Iteration: 23  rank : 0  train.loss : 3.672247886657715  train.ips : 4.741641117472032 imgs/s train.total_time : 0.21089744567871094 
TCAPPDLL 2025-06-25 00:51:12.647330 - Epoch: 0 Iteration: 24  rank : 0  train.loss : 3.6225438117980957  train.ips : 4.187532759527843 imgs/s train.total_time : 0.23880410194396973 
TCAPPDLL 2025-06-25 00:51:12.885152 - Epoch: 0 Iteration: 25  rank : 0  train.loss : 3.197814464569092  train.ips : 4.2068277261407205 imgs/s train.total_time : 0.23770880699157715 
TCAPPDLL 2025-06-25 00:51:13.140365 - Epoch: 0 Iteration: 26  rank : 0  train.loss : 3.355522632598877  train.ips : 3.9200788071262878 imgs/s train.total_time : 0.2550969123840332 
TCAPPDLL 2025-06-25 00:51:13.385102 - Epoch: 0 Iteration: 27  rank : 0  train.loss : 3.1245765686035156  train.ips : 4.087908018015121 imgs/s train.total_time : 0.24462389945983887 
TCAPPDLL 2025-06-25 00:51:13.596244 - Epoch: 0 Iteration: 28  rank : 0  train.loss : 2.7993178367614746  train.ips : 4.738593008765875 imgs/s train.total_time : 0.21103310585021973 
TCAPPDLL 2025-06-25 00:51:13.848540 - Epoch: 0 Iteration: 29  rank : 0  train.loss : 3.2238731384277344  train.ips : 3.9655699266318734 imgs/s train.total_time : 0.2521705627441406 
TCAPPDLL 2025-06-25 00:51:14.082408 - Epoch: 0 Iteration: 30  rank : 0  train.loss : 2.435698986053467  train.ips : 4.278299861174438 imgs/s train.total_time : 0.23373770713806152 
TCAPPDLL 2025-06-25 00:51:14.325474 - Epoch: 0 Iteration: 31  rank : 0  train.loss : 2.708272933959961  train.ips : 4.1159648411778615 imgs/s train.total_time : 0.24295639991760254 
TCAPPDLL 2025-06-25 00:51:14.554938 - Epoch: 0 Iteration: 32  rank : 0  train.loss : 2.3790338039398193  train.ips : 4.35991538593473 imgs/s train.total_time : 0.22936224937438965 
TCAPPDLL 2025-06-25 00:51:14.762706 - Epoch: 0 Iteration: 33  rank : 0  train.loss : 1.9980313777923584  train.ips : 4.815830234194968 imgs/s train.total_time : 0.20764851570129395 
TCAPPDLL 2025-06-25 00:51:14.987317 - Epoch: 0 Iteration: 34  rank : 0  train.loss : 2.1457862854003906  train.ips : 4.454173865855614 imgs/s train.total_time : 0.22450852394104004 
TCAPPDLL 2025-06-25 00:51:15.185066 - Epoch: 0 Iteration: 35  rank : 0  train.loss : 1.9928359985351562  train.ips : 5.059571716703821 imgs/s train.total_time : 0.1976451873779297 
TCAPPDLL 2025-06-25 00:51:15.389858 - Epoch: 0 Iteration: 36  rank : 0  train.loss : 1.869858980178833  train.ips : 4.885949196334756 imgs/s train.total_time : 0.20466852188110352 
TCAPPDLL 2025-06-25 00:51:15.610263 - Epoch: 0 Iteration: 37  rank : 0  train.loss : 1.9224753379821777  train.ips : 4.539299868614434 imgs/s train.total_time : 0.22029829025268555 
TCAPPDLL 2025-06-25 00:51:15.847357 - Epoch: 0 Iteration: 38  rank : 0  train.loss : 2.05495548248291  train.ips : 4.219859468943924 imgs/s train.total_time : 0.23697471618652344 
TCAPPDLL 2025-06-25 00:51:16.050063 - Epoch: 0 Iteration: 39  rank : 0  train.loss : 1.8960559368133545  train.ips : 4.935886376928933 imgs/s train.total_time : 0.20259785652160645 
TCAPPDLL 2025-06-25 00:51:16.263184 - Epoch: 0 Iteration: 40  rank : 0  train.loss : 1.8307909965515137  train.ips : 4.694487566777435 imgs/s train.total_time : 0.21301579475402832 
TCAPPDLL 2025-06-25 00:51:16.463757 - Epoch: 0 Iteration: 41  rank : 0  train.loss : 1.5570430755615234  train.ips : 4.988474058603781 imgs/s train.total_time : 0.20046210289001465 
TCAPPDLL 2025-06-25 00:51:16.698983 - Epoch: 0 Iteration: 42  rank : 0  train.loss : 1.564485788345337  train.ips : 4.253405063355322 imgs/s train.total_time : 0.2351057529449463 
TCAPPDLL 2025-06-25 00:51:16.945921 - Epoch: 0 Iteration: 43  rank : 0  train.loss : 1.7036099433898926  train.ips : 4.051465531230923 imgs/s train.total_time : 0.2468242645263672 
TCAPPDLL 2025-06-25 00:51:17.161532 - Epoch: 0 Iteration: 44  rank : 0  train.loss : 1.5945327281951904  train.ips : 4.640435465669462 imgs/s train.total_time : 0.21549701690673828 
TCAPPDLL 2025-06-25 00:51:17.360096 - Epoch: 0 Iteration: 45  rank : 0  train.loss : 1.6123958826065063  train.ips : 5.0393894538534 imgs/s train.total_time : 0.19843673706054688 
TCAPPDLL 2025-06-25 00:51:17.696979 - Epoch: 0 Iteration: 46  rank : 0  train.loss : 2.513045310974121  train.ips : 2.97015262532123 imgs/s train.total_time : 0.3366830348968506 
TCAPPDLL 2025-06-25 00:51:17.897687 - Epoch: 0 Iteration: 47  rank : 0  train.loss : 1.404952049255371  train.ips : 4.985106380449911 imgs/s train.total_time : 0.20059752464294434 
TCAPPDLL 2025-06-25 00:51:18.103274 - Epoch: 0 Iteration: 48  rank : 0  train.loss : 1.3936936855316162  train.ips : 4.866933705888632 imgs/s train.total_time : 0.20546817779541016 
TCAPPDLL 2025-06-25 00:51:18.333171 - Epoch: 0 Iteration: 49  rank : 0  train.loss : 1.877803087234497  train.ips : 4.351881268864307 imgs/s train.total_time : 0.22978568077087402 
06/25 00:51:18 - mmengine - INFO - Iter(train) [    50/184375]  base_lr: 1.9759e-05 lr: 1.9144e-07  eta: 12:53:56  time: 0.2519  data_time: 0.0177  memory: 10354  loss: 3.6974  loss_rpn_cls: 0.6710  loss_rpn_bbox: 0.1016  loss_cls: 2.1247  acc: 98.6328  loss_bbox: 0.0275  loss_mask: 0.7726
TCAPPDLL 2025-06-25 00:51:18.660537 - Epoch: 0 Iteration: 50  rank : 0  train.loss : 1.9307363033294678  train.ips : 3.055741010842213 imgs/s train.total_time : 0.3272528648376465 
TCAPPDLL 2025-06-25 00:51:18.875597 - Epoch: 0 Iteration: 51  rank : 0  train.loss : 1.471344232559204  train.ips : 4.653667520997681 imgs/s train.total_time : 0.21488428115844727 
TCAPPDLL 2025-06-25 00:51:19.446213 - Epoch: 0 Iteration: 52  rank : 0  train.loss : 2.9396634101867676  train.ips : 1.7529094976652553 imgs/s train.total_time : 0.5704801082611084 
TCAPPDLL 2025-06-25 00:51:19.695179 - Epoch: 0 Iteration: 53  rank : 0  train.loss : 1.9125285148620605  train.ips : 4.019018526006742 imgs/s train.total_time : 0.24881696701049805 
TCAPPDLL 2025-06-25 00:51:20.216169 - Epoch: 0 Iteration: 54  rank : 0  train.loss : 2.634423017501831  train.ips : 1.919878132735715 imgs/s train.total_time : 0.5208663940429688 
TCAPPDLL 2025-06-25 00:51:20.442903 - Epoch: 0 Iteration: 55  rank : 0  train.loss : 1.6707220077514648  train.ips : 4.41283184583773 imgs/s train.total_time : 0.22661185264587402 
TCAPPDLL 2025-06-25 00:51:20.819564 - Epoch: 0 Iteration: 56  rank : 0  train.loss : 1.9105103015899658  train.ips : 2.6558296744976513 imgs/s train.total_time : 0.37653017044067383 
TCAPPDLL 2025-06-25 00:51:21.118005 - Epoch: 0 Iteration: 57  rank : 0  train.loss : 2.249424934387207  train.ips : 3.352184876300236 imgs/s train.total_time : 0.2983129024505615 
TCAPPDLL 2025-06-25 00:51:21.396187 - Epoch: 0 Iteration: 58  rank : 0  train.loss : 2.0865414142608643  train.ips : 3.5962325463750906 imgs/s train.total_time : 0.27806878089904785 
TCAPPDLL 2025-06-25 00:51:21.639042 - Epoch: 0 Iteration: 59  rank : 0  train.loss : 1.6597332954406738  train.ips : 4.119676068027679 imgs/s train.total_time : 0.2427375316619873 
TCAPPDLL 2025-06-25 00:51:21.923401 - Epoch: 0 Iteration: 60  rank : 0  train.loss : 2.305600643157959  train.ips : 3.5180266927913357 imgs/s train.total_time : 0.28425025939941406 
TCAPPDLL 2025-06-25 00:51:22.126921 - Epoch: 0 Iteration: 61  rank : 0  train.loss : 1.750227928161621  train.ips : 4.916336902908798 imgs/s train.total_time : 0.20340347290039062 
TCAPPDLL 2025-06-25 00:51:22.347119 - Epoch: 0 Iteration: 62  rank : 0  train.loss : 1.8052434921264648  train.ips : 4.543484407142091 imgs/s train.total_time : 0.22009539604187012 
TCAPPDLL 2025-06-25 00:51:22.586976 - Epoch: 0 Iteration: 63  rank : 0  train.loss : 2.0942182540893555  train.ips : 4.171125058052403 imgs/s train.total_time : 0.23974347114562988 
TCAPPDLL 2025-06-25 00:51:22.810422 - Epoch: 0 Iteration: 64  rank : 0  train.loss : 1.7948216199874878  train.ips : 4.4776448910614794 imgs/s train.total_time : 0.22333168983459473 
TCAPPDLL 2025-06-25 00:51:23.031060 - Epoch: 0 Iteration: 65  rank : 0  train.loss : 2.8116769790649414  train.ips : 4.53462291515983 imgs/s train.total_time : 0.22052550315856934 
TCAPPDLL 2025-06-25 00:51:23.345344 - Epoch: 0 Iteration: 66  rank : 0  train.loss : 2.359217643737793  train.ips : 3.183075824416839 imgs/s train.total_time : 0.3141615390777588 
TCAPPDLL 2025-06-25 00:51:23.549106 - Epoch: 0 Iteration: 67  rank : 0  train.loss : 1.433070421218872  train.ips : 4.910592483146672 imgs/s train.total_time : 0.20364141464233398 
TCAPPDLL 2025-06-25 00:51:23.837623 - Epoch: 0 Iteration: 68  rank : 0  train.loss : 1.8986543416976929  train.ips : 3.467553361232686 imgs/s train.total_time : 0.2883877754211426 
TCAPPDLL 2025-06-25 00:51:24.077472 - Epoch: 0 Iteration: 69  rank : 0  train.loss : 1.6391246318817139  train.ips : 4.174791026741013 imgs/s train.total_time : 0.2395329475402832 
TCAPPDLL 2025-06-25 00:51:24.327405 - Epoch: 0 Iteration: 70  rank : 0  train.loss : 1.8153364658355713  train.ips : 4.003822160704484 imgs/s train.total_time : 0.24976134300231934 
TCAPPDLL 2025-06-25 00:51:24.569563 - Epoch: 0 Iteration: 71  rank : 0  train.loss : 2.364734649658203  train.ips : 4.1314318698053025 imgs/s train.total_time : 0.24204683303833008 
TCAPPDLL 2025-06-25 00:51:24.811368 - Epoch: 0 Iteration: 72  rank : 0  train.loss : 1.2798467874526978  train.ips : 4.13759821644364 imgs/s train.total_time : 0.24168610572814941 
TCAPPDLL 2025-06-25 00:51:25.015485 - Epoch: 0 Iteration: 73  rank : 0  train.loss : 1.7823238372802734  train.ips : 4.901634344012762 imgs/s train.total_time : 0.20401358604431152 
TCAPPDLL 2025-06-25 00:51:25.225430 - Epoch: 0 Iteration: 74  rank : 0  train.loss : 2.171602725982666  train.ips : 4.765821288973729 imgs/s train.total_time : 0.20982742309570312 
TCAPPDLL 2025-06-25 00:51:25.466492 - Epoch: 0 Iteration: 75  rank : 0  train.loss : 2.1014456748962402  train.ips : 4.1500068271272434 imgs/s train.total_time : 0.24096345901489258 
TCAPPDLL 2025-06-25 00:51:25.738214 - Epoch: 0 Iteration: 76  rank : 0  train.loss : 1.31985342502594  train.ips : 3.681694334428808 imgs/s train.total_time : 0.27161407470703125 
TCAPPDLL 2025-06-25 00:51:25.979078 - Epoch: 0 Iteration: 77  rank : 0  train.loss : 1.7593557834625244  train.ips : 4.153804407031443 imgs/s train.total_time : 0.24074316024780273 
TCAPPDLL 2025-06-25 00:51:26.236440 - Epoch: 0 Iteration: 78  rank : 0  train.loss : 2.222485065460205  train.ips : 3.887174458833135 imgs/s train.total_time : 0.25725626945495605 
TCAPPDLL 2025-06-25 00:51:26.468470 - Epoch: 0 Iteration: 79  rank : 0  train.loss : 1.591663122177124  train.ips : 4.312031072336943 imgs/s train.total_time : 0.23190927505493164 
TCAPPDLL 2025-06-25 00:51:26.683211 - Epoch: 0 Iteration: 80  rank : 0  train.loss : 1.034393310546875  train.ips : 4.659524949536581 imgs/s train.total_time : 0.2146141529083252 
TCAPPDLL 2025-06-25 00:51:26.889551 - Epoch: 0 Iteration: 81  rank : 0  train.loss : 1.1206767559051514  train.ips : 4.848900752715893 imgs/s train.total_time : 0.20623230934143066 
TCAPPDLL 2025-06-25 00:51:27.105566 - Epoch: 0 Iteration: 82  rank : 0  train.loss : 1.1596627235412598  train.ips : 4.6314222647713885 imgs/s train.total_time : 0.21591639518737793 
TCAPPDLL 2025-06-25 00:51:27.313239 - Epoch: 0 Iteration: 83  rank : 0  train.loss : 1.3468925952911377  train.ips : 4.817583710074613 imgs/s train.total_time : 0.20757293701171875 
TCAPPDLL 2025-06-25 00:51:27.525289 - Epoch: 0 Iteration: 84  rank : 0  train.loss : 0.9871145486831665  train.ips : 4.718140238072205 imgs/s train.total_time : 0.21194791793823242 
TCAPPDLL 2025-06-25 00:51:27.735992 - Epoch: 0 Iteration: 85  rank : 0  train.loss : 1.1309336423873901  train.ips : 4.748329601209978 imgs/s train.total_time : 0.2106003761291504 
TCAPPDLL 2025-06-25 00:51:27.996864 - Epoch: 0 Iteration: 86  rank : 0  train.loss : 2.2689743041992188  train.ips : 3.835058710365246 imgs/s train.total_time : 0.26075220108032227 
TCAPPDLL 2025-06-25 00:51:28.245456 - Epoch: 0 Iteration: 87  rank : 0  train.loss : 1.0636687278747559  train.ips : 4.024305272378898 imgs/s train.total_time : 0.2484900951385498 
TCAPPDLL 2025-06-25 00:51:28.499231 - Epoch: 0 Iteration: 88  rank : 0  train.loss : 1.6867783069610596  train.ips : 3.9420817269465087 imgs/s train.total_time : 0.25367307662963867 
TCAPPDLL 2025-06-25 00:51:28.706459 - Epoch: 0 Iteration: 89  rank : 0  train.loss : 1.1671007871627808  train.ips : 4.828170343553409 imgs/s train.total_time : 0.20711779594421387 
TCAPPDLL 2025-06-25 00:51:28.944472 - Epoch: 0 Iteration: 90  rank : 0  train.loss : 1.152425765991211  train.ips : 4.2036234331512965 imgs/s train.total_time : 0.23789000511169434 
TCAPPDLL 2025-06-25 00:51:29.142257 - Epoch: 0 Iteration: 91  rank : 0  train.loss : 1.0266368389129639  train.ips : 5.058735697202218 imgs/s train.total_time : 0.1976778507232666 
TCAPPDLL 2025-06-25 00:51:29.404941 - Epoch: 0 Iteration: 92  rank : 0  train.loss : 1.987619400024414  train.ips : 3.808288283053165 imgs/s train.total_time : 0.2625851631164551 
TCAPPDLL 2025-06-25 00:51:29.606731 - Epoch: 0 Iteration: 93  rank : 0  train.loss : 1.294144630432129  train.ips : 4.959013660536726 imgs/s train.total_time : 0.20165300369262695 
TCAPPDLL 2025-06-25 00:51:29.814187 - Epoch: 0 Iteration: 94  rank : 0  train.loss : 0.8870545029640198  train.ips : 4.8232122979549406 imgs/s train.total_time : 0.20733070373535156 
TCAPPDLL 2025-06-25 00:51:30.114738 - Epoch: 0 Iteration: 95  rank : 0  train.loss : 4.176793098449707  train.ips : 3.3288179822507655 imgs/s train.total_time : 0.30040693283081055 
TCAPPDLL 2025-06-25 00:51:30.321398 - Epoch: 0 Iteration: 96  rank : 0  train.loss : 1.1309614181518555  train.ips : 4.842893332440415 imgs/s train.total_time : 0.20648813247680664 
TCAPPDLL 2025-06-25 00:51:30.540205 - Epoch: 0 Iteration: 97  rank : 0  train.loss : 1.6743850708007812  train.ips : 4.572325590521997 imgs/s train.total_time : 0.21870708465576172 
TCAPPDLL 2025-06-25 00:51:30.752567 - Epoch: 0 Iteration: 98  rank : 0  train.loss : 1.2254221439361572  train.ips : 4.711255985523541 imgs/s train.total_time : 0.21225762367248535 
TCAPPDLL 2025-06-25 00:51:31.024376 - Epoch: 0 Iteration: 99  rank : 0  train.loss : 1.2406694889068604  train.ips : 3.6804053241794934 imgs/s train.total_time : 0.2717092037200928 
06/25 00:51:31 - mmengine - INFO - Iter(train) [   100/184375]  base_lr: 3.9819e-05 lr: 3.8581e-07  eta: 12:56:25  time: 0.2537  data_time: 0.0262  memory: 11052  loss: 1.7506  loss_rpn_cls: 0.4173  loss_rpn_bbox: 0.0811  loss_cls: 0.3670  acc: 96.8750  loss_bbox: 0.1311  loss_mask: 0.7541
