/root/miniconda3/envs/wyc_damoyolos/lib/python3.10/site-packages/torch/distributed/launch.py:181: FutureWarning: The module torch.distributed.launch is deprecated
and will be removed in future. Use torchrun.
Note that --use-env is set by default in torchrun.
If your script expects `--local-rank` argument to be set, please
change it to read from `os.environ['LOCAL_RANK']` instead. See 
https://pytorch.org/docs/stable/distributed.html#launch-utility for 
further instructions

  warnings.warn(
2025-06-19 12:34:43 | INFO     | damo.apis.detector_trainer:132 - args info: Namespace(config_file='configs/damoyolo_tinynasL25_S.py', local_rank=0, tea_config=None, tea_ckpt=None, opts=[])
2025-06-19 12:34:43 | INFO     | damo.apis.detector_trainer:133 - cfg value:
╒═════════╤══════════════════════════════════════════════════════════════════════════════════╕
│ keys    │ values                                                                           │
╞═════════╪══════════════════════════════════════════════════════════════════════════════════╡
│ model   │ {'backbone': {'act': 'relu',                                                     │
│         │               'name': 'TinyNAS_res',                                             │
│         │               'net_structure_str': "[ {'class': 'ConvKXBNRELU', 'in': 3, 'k': "  │
│         │                                    "3, 'nbitsA': 8, 'nbitsW': 8, 'out': 32, "    │
│         │                                    "'s': 1},\n"                                  │
│         │                                    "  { 'L': 1,\n"                               │
│         │                                    "    'btn': 24,\n"                            │
│         │                                    "    'class': 'SuperResConvK1KX',\n"          │
│         │                                    "    'in': 32,\n"                             │
│         │                                    "    'inner_class': 'ResConvK1KX',\n"         │
│         │                                    "    'k': 3,\n"                               │
│         │                                    "    'nbitsA': [8, 8],\n"                     │
│         │                                    "    'nbitsW': [8, 8],\n"                     │
│         │                                    "    'out': 128,\n"                           │
│         │                                    "    's': 2},\n"                              │
│         │                                    "  { 'L': 5,\n"                               │
│         │                                    "    'btn': 88,\n"                            │
│         │                                    "    'class': 'SuperResConvK1KX',\n"          │
│         │                                    "    'in': 128,\n"                            │
│         │                                    "    'inner_class': 'ResConvK1KX',\n"         │
│         │                                    "    'k': 3,\n"                               │
│         │                                    "    'nbitsA': [8, 8, 8, 8, 8, 8, 8, 8, 8, "  │
│         │                                    '8],\n'                                       │
│         │                                    "    'nbitsW': [8, 8, 8, 8, 8, 8, 8, 8, 8, "  │
│         │                                    '8],\n'                                       │
│         │                                    "    'out': 128,\n"                           │
│         │                                    "    's': 2},\n"                              │
│         │                                    "  { 'L': 3,\n"                               │
│         │                                    "    'btn': 128,\n"                           │
│         │                                    "    'class': 'SuperResConvK1KX',\n"          │
│         │                                    "    'in': 128,\n"                            │
│         │                                    "    'inner_class': 'ResConvK1KX',\n"         │
│         │                                    "    'k': 3,\n"                               │
│         │                                    "    'nbitsA': [8, 8, 8, 8, 8, 8],\n"         │
│         │                                    "    'nbitsW': [8, 8, 8, 8, 8, 8],\n"         │
│         │                                    "    'out': 256,\n"                           │
│         │                                    "    's': 2},\n"                              │
│         │                                    "  { 'L': 2,\n"                               │
│         │                                    "    'btn': 120,\n"                           │
│         │                                    "    'class': 'SuperResConvK1KX',\n"          │
│         │                                    "    'in': 256,\n"                            │
│         │                                    "    'inner_class': 'ResConvK1KX',\n"         │
│         │                                    "    'k': 3,\n"                               │
│         │                                    "    'nbitsA': [8, 8, 8, 8],\n"               │
│         │                                    "    'nbitsW': [8, 8, 8, 8],\n"               │
│         │                                    "    'out': 256,\n"                           │
│         │                                    "    's': 1},\n"                              │
│         │                                    "  { 'L': 1,\n"                               │
│         │                                    "    'btn': 144,\n"                           │
│         │                                    "    'class': 'SuperResConvK1KX',\n"          │
│         │                                    "    'in': 256,\n"                            │
│         │                                    "    'inner_class': 'ResConvK1KX',\n"         │
│         │                                    "    'k': 3,\n"                               │
│         │                                    "    'nbitsA': [8, 8],\n"                     │
│         │                                    "    'nbitsW': [8, 8],\n"                     │
│         │                                    "    'out': 512,\n"                           │
│         │                                    "    's': 2}]\n",                             │
│         │               'out_indices': (2, 4, 5),                                          │
│         │               'reparam': True,                                                   │
│         │               'use_focus': True,                                                 │
│         │               'with_spp': True},                                                 │
│         │  'head': {'act': 'silu',                                                         │
│         │           'in_channels': [128, 256, 512],                                        │
│         │           'legacy': False,                                                       │
│         │           'name': 'ZeroHead',                                                    │
│         │           'nms_conf_thre': 0.05,                                                 │
│         │           'nms_iou_thre': 0.7,                                                   │
│         │           'num_classes': 80,                                                     │
│         │           'reg_max': 16,                                                         │
│         │           'stacked_convs': 0},                                                   │
│         │  'neck': {'act': 'relu',                                                         │
│         │           'block_name': 'BasicBlock_3x3_Reverse',                                │
│         │           'depth': 1.0,                                                          │
│         │           'hidden_ratio': 0.75,                                                  │
│         │           'in_channels': [128, 256, 512],                                        │
│         │           'name': 'GiraffeNeckV2',                                               │
│         │           'out_channels': [128, 256, 512],                                       │
│         │           'spp': False}}                                                         │
├─────────┼──────────────────────────────────────────────────────────────────────────────────┤
│ train   │ {'augment': {'mosaic_mixup': {'degrees': 10.0,                                   │
│         │                               'keep_ratio': False,                               │
│         │                               'mixup_prob': 0.15,                                │
│         │                               'mixup_scale': (0.5, 1.5),                         │
│         │                               'mosaic_prob': 1.0,                                │
│         │                               'mosaic_scale': (0.1, 2.0),                        │
│         │                               'mosaic_size': (640, 640),                         │
│         │                               'shear': 2.0,                                      │
│         │                               'translate': 0.2},                                 │
│         │              'transform': {'autoaug_dict': {'autoaug_params': (6, 9, 5, 3, 3, 4, │
│         │                                                                2, 4, 4, 4, 5, 2, │
│         │                                                                4, 1, 4, 2, 6, 4, │
│         │                                                                2, 2, 2, 6, 2, 2, │
│         │                                                                2, 0, 5, 1, 3, 0, │
│         │                                                                8, 5, 2, 8, 7, 5, │
│         │                                                                1, 3, 3, 3),      │
│         │                                             'box_prob': 0.3,                     │
│         │                                             'num_subpolicies': 5,                │
│         │                                             'scale_splits': [2048, 10240,        │
│         │                                                              51200]},            │
│         │                            'flip_prob': 0.5,                                     │
│         │                            'image_max_range': (640, 640),                        │
│         │                            'image_mean': [0.0, 0.0, 0.0],                        │
│         │                            'image_std': [1.0, 1.0, 1.0],                         │
│         │                            'keep_ratio': False}},                                │
│         │  'base_lr_per_img': 0.00015625,                                                  │
│         │  'batch_size': 16,                                                               │
│         │  'ema': True,                                                                    │
│         │  'ema_momentum': 0.9998,                                                         │
│         │  'finetune_path': 'damoyolo_tinynasL25_S_460.pth',                               │
│         │  'min_lr_ratio': 0.05,                                                           │
│         │  'momentum': 0.9,                                                                │
│         │  'no_aug_epochs': 16,                                                            │
│         │  'optimizer': {'lr': 0.04,                                                       │
│         │                'momentum': 0.9,                                                  │
│         │                'name': 'SGD',                                                    │
│         │                'nesterov': True,                                                 │
│         │                'weight_decay': 0.0005},                                          │
│         │  'resume_path': None,                                                            │
│         │  'total_epochs': 1,                                                              │
│         │  'warmup_epochs': 5,                                                             │
│         │  'warmup_start_lr': 0,                                                           │
│         │  'weight_decay': 0.0005}                                                         │
├─────────┼──────────────────────────────────────────────────────────────────────────────────┤
│ test    │ {'augment': {'transform': {'flip_prob': 0.0,                                     │
│         │                            'image_max_range': (640, 640),                        │
│         │                            'image_mean': [0.0, 0.0, 0.0],                        │
│         │                            'image_std': [1.0, 1.0, 1.0],                         │
│         │                            'keep_ratio': False}},                                │
│         │  'batch_size': 128}                                                              │
├─────────┼──────────────────────────────────────────────────────────────────────────────────┤
│ dataset │ {'aspect_ratio_grouping': False,                                                 │
│         │  'class_names': ['person', 'bicycle', 'car', 'motorcycle', 'airplane', 'bus',    │
│         │                  'train', 'truck', 'boat', 'traffic light', 'fire hydrant',      │
│         │                  'stop sign', 'parking meter', 'bench', 'bird', 'cat', 'dog',    │
│         │                  'horse', 'sheep', 'cow', 'elephant', 'bear', 'zebra',           │
│         │                  'giraffe', 'backpack', 'umbrella', 'handbag', 'tie',            │
│         │                  'suitcase', 'frisbee', 'skis', 'snowboard', 'sports ball',      │
│         │                  'kite', 'baseball bat', 'baseball glove', 'skateboard',         │
│         │                  'surfboard', 'tennis racket', 'bottle', 'wine glass', 'cup',    │
│         │                  'fork', 'knife', 'spoon', 'bowl', 'banana', 'apple',            │
│         │                  'sandwich', 'orange', 'broccoli', 'carrot', 'hot dog', 'pizza', │
│         │                  'donut', 'cake', 'chair', 'couch', 'potted plant', 'bed',       │
│         │                  'dining table', 'toilet', 'tv', 'laptop', 'mouse', 'remote',    │
│         │                  'keyboard', 'cell phone', 'microwave', 'oven', 'toaster',       │
│         │                  'sink', 'refrigerator', 'book', 'clock', 'vase', 'scissors',    │
│         │                  'teddy bear', 'hair drier', 'toothbrush'],                      │
│         │  'data_dir': None,                                                               │
│         │  'paths_catalog': '/home/01/wyc/DAMO-YOLO-master/damo/config/paths_catalog.py',  │
│         │  'train_ann': ('coco_2017_train',),                                              │
│         │  'val_ann': ('coco_2017_val',)}                                                  │
├─────────┼──────────────────────────────────────────────────────────────────────────────────┤
│ miscs   │ {'ckpt_interval_epochs': 10,                                                     │
│         │  'eval_interval_epochs': 10,                                                     │
│         │  'exp_name': 'damoyolo_tinynasL25_S',                                            │
│         │  'num_workers': 4,                                                               │
│         │  'output_dir': './workdirs',                                                     │
│         │  'print_interval_iters': 1,                                                      │
│         │  'seed': 1234}                                                                   │
╘═════════╧══════════════════════════════════════════════════════════════════════════════════╛
2025-06-19 12:34:44 | INFO     | damo.apis.detector_trainer:138 - model:
2025-06-19 12:34:44 | INFO     | damo.detectors.detector:42 - Finetune from damoyolo_tinynasL25_S_460.pth................
2025-06-19 12:34:44 | INFO     | damo.apis.detector_trainer:176 - Enable ema model! Ema model will be evaluated and saved.
2025-06-19 12:34:44 | INFO     | torchvision.datasets.coco:36 - loading annotations into memory...
2025-06-19 12:35:00 | INFO     | torchvision.datasets.coco:36 - Done (t=15.49s)
2025-06-19 12:35:00 | INFO     | pycocotools.coco:88 - creating index...
2025-06-19 12:35:01 | INFO     | pycocotools.coco:88 - index created!
2025-06-19 12:35:01 | INFO     | torchvision.datasets.coco:36 - loading annotations into memory...
2025-06-19 12:35:01 | INFO     | torchvision.datasets.coco:36 - Done (t=0.48s)
2025-06-19 12:35:01 | INFO     | pycocotools.coco:88 - creating index...
2025-06-19 12:35:01 | INFO     | pycocotools.coco:88 - index created!
/root/miniconda3/envs/wyc_damoyolos/lib/python3.10/site-packages/torch/nn/modules/conv.py:459: UserWarning: Applied workaround for CuDNN issue, install nvrtc.so (Triggered internally at /opt/conda/conda-bld/pytorch_1682343995026/work/aten/src/ATen/native/cudnn/Conv_v8.cpp:80.)
  return F.conv2d(input, weight, bias, self.stride,
2025-06-19 12:35:09 | INFO     | damo.apis.detector_trainer:284 - Model Summary: backbone's params(M): 3.84, flops(G): 18.01, latency(ms): 4.799
neck's params(M): 11.90, flops(G): 18.18, latency(ms): 6.931
head's params(M): 1.19, flops(G): 3.82, latency(ms): 1.039
total latency(ms): 14.585, total flops(G): 40.01, total params(M): 16.94

2025-06-19 12:35:10 | INFO     | damo.apis.detector_trainer:289 - Model: DistributedDataParallel(
  (module): Detector(
    (backbone): TinyNAS(
      (block_list): ModuleList(
        (0): Focus(
          (conv): ConvBNAct(
            (conv): Conv2d(12, 32, kernel_size=(3, 3), stride=(1, 1), padding=(1, 1), bias=False)
            (bn): SyncBatchNorm(32, eps=0.001, momentum=0.03, affine=True, track_running_stats=True)
            (act): ReLU(inplace=True)
          )
        )
        (1): SuperResStem(
          (act): ReLU(inplace=True)
          (block_list): ModuleList(
            (0): ResConvBlock(
              (conv1): ConvKXBN(
                (conv1): Conv2d(32, 24, kernel_size=(1, 1), stride=(1, 1), bias=False)
                (bn1): SyncBatchNorm(24, eps=0.001, momentum=0.03, affine=True, track_running_stats=True)
              )
              (conv2): RepConv(
                (nonlinearity): Identity()
                (rbr_dense): Sequential(
                  (conv): Conv2d(24, 128, kernel_size=(3, 3), stride=(2, 2), padding=(1, 1), bias=False)
                  (bn): SyncBatchNorm(128, eps=0.001, momentum=0.03, affine=True, track_running_stats=True)
                )
                (rbr_1x1): Sequential(
                  (conv): Conv2d(24, 128, kernel_size=(1, 1), stride=(2, 2), bias=False)
                  (bn): SyncBatchNorm(128, eps=0.001, momentum=0.03, affine=True, track_running_stats=True)
                )
              )
              (activation_function): ReLU(inplace=True)
            )
          )
        )
        (2): SuperResStem(
          (act): ReLU(inplace=True)
          (block_list): ModuleList(
            (0): ResConvBlock(
              (conv1): ConvKXBN(
                (conv1): Conv2d(128, 88, kernel_size=(1, 1), stride=(1, 1), bias=False)
                (bn1): SyncBatchNorm(88, eps=0.001, momentum=0.03, affine=True, track_running_stats=True)
              )
              (conv2): RepConv(
                (nonlinearity): Identity()
                (rbr_dense): Sequential(
                  (conv): Conv2d(88, 128, kernel_size=(3, 3), stride=(2, 2), padding=(1, 1), bias=False)
                  (bn): SyncBatchNorm(128, eps=0.001, momentum=0.03, affine=True, track_running_stats=True)
                )
                (rbr_1x1): Sequential(
                  (conv): Conv2d(88, 128, kernel_size=(1, 1), stride=(2, 2), bias=False)
                  (bn): SyncBatchNorm(128, eps=0.001, momentum=0.03, affine=True, track_running_stats=True)
                )
              )
              (activation_function): ReLU(inplace=True)
            )
            (1-4): 4 x ResConvBlock(
              (conv1): ConvKXBN(
                (conv1): Conv2d(128, 88, kernel_size=(1, 1), stride=(1, 1), bias=False)
                (bn1): SyncBatchNorm(88, eps=0.001, momentum=0.03, affine=True, track_running_stats=True)
              )
              (conv2): RepConv(
                (nonlinearity): Identity()
                (rbr_dense): Sequential(
                  (conv): Conv2d(88, 128, kernel_size=(3, 3), stride=(1, 1), padding=(1, 1), bias=False)
                  (bn): SyncBatchNorm(128, eps=0.001, momentum=0.03, affine=True, track_running_stats=True)
                )
                (rbr_1x1): Sequential(
                  (conv): Conv2d(88, 128, kernel_size=(1, 1), stride=(1, 1), bias=False)
                  (bn): SyncBatchNorm(128, eps=0.001, momentum=0.03, affine=True, track_running_stats=True)
                )
              )
              (activation_function): ReLU(inplace=True)
            )
          )
        )
        (3): SuperResStem(
          (act): ReLU(inplace=True)
          (block_list): ModuleList(
            (0): ResConvBlock(
              (conv1): ConvKXBN(
                (conv1): Conv2d(128, 128, kernel_size=(1, 1), stride=(1, 1), bias=False)
                (bn1): SyncBatchNorm(128, eps=0.001, momentum=0.03, affine=True, track_running_stats=True)
              )
              (conv2): RepConv(
                (nonlinearity): Identity()
                (rbr_dense): Sequential(
                  (conv): Conv2d(128, 256, kernel_size=(3, 3), stride=(2, 2), padding=(1, 1), bias=False)
                  (bn): SyncBatchNorm(256, eps=0.001, momentum=0.03, affine=True, track_running_stats=True)
                )
                (rbr_1x1): Sequential(
                  (conv): Conv2d(128, 256, kernel_size=(1, 1), stride=(2, 2), bias=False)
                  (bn): SyncBatchNorm(256, eps=0.001, momentum=0.03, affine=True, track_running_stats=True)
                )
              )
              (activation_function): ReLU(inplace=True)
            )
            (1-2): 2 x ResConvBlock(
              (conv1): ConvKXBN(
                (conv1): Conv2d(256, 128, kernel_size=(1, 1), stride=(1, 1), bias=False)
                (bn1): SyncBatchNorm(128, eps=0.001, momentum=0.03, affine=True, track_running_stats=True)
              )
              (conv2): RepConv(
                (nonlinearity): Identity()
                (rbr_dense): Sequential(
                  (conv): Conv2d(128, 256, kernel_size=(3, 3), stride=(1, 1), padding=(1, 1), bias=False)
                  (bn): SyncBatchNorm(256, eps=0.001, momentum=0.03, affine=True, track_running_stats=True)
                )
                (rbr_1x1): Sequential(
                  (conv): Conv2d(128, 256, kernel_size=(1, 1), stride=(1, 1), bias=False)
                  (bn): SyncBatchNorm(256, eps=0.001, momentum=0.03, affine=True, track_running_stats=True)
                )
              )
              (activation_function): ReLU(inplace=True)
            )
          )
        )
        (4): SuperResStem(
          (act): ReLU(inplace=True)
          (block_list): ModuleList(
            (0-1): 2 x ResConvBlock(
              (conv1): ConvKXBN(
                (conv1): Conv2d(256, 120, kernel_size=(1, 1), stride=(1, 1), bias=False)
                (bn1): SyncBatchNorm(120, eps=0.001, momentum=0.03, affine=True, track_running_stats=True)
              )
              (conv2): RepConv(
                (nonlinearity): Identity()
                (rbr_dense): Sequential(
                  (conv): Conv2d(120, 256, kernel_size=(3, 3), stride=(1, 1), padding=(1, 1), bias=False)
                  (bn): SyncBatchNorm(256, eps=0.001, momentum=0.03, affine=True, track_running_stats=True)
                )
                (rbr_1x1): Sequential(
                  (conv): Conv2d(120, 256, kernel_size=(1, 1), stride=(1, 1), bias=False)
                  (bn): SyncBatchNorm(256, eps=0.001, momentum=0.03, affine=True, track_running_stats=True)
                )
              )
              (activation_function): ReLU(inplace=True)
            )
          )
        )
        (5): SuperResStem(
          (act): ReLU(inplace=True)
          (block_list): ModuleList(
            (0): ResConvBlock(
              (conv1): ConvKXBN(
                (conv1): Conv2d(256, 144, kernel_size=(1, 1), stride=(1, 1), bias=False)
                (bn1): SyncBatchNorm(144, eps=0.001, momentum=0.03, affine=True, track_running_stats=True)
              )
              (conv2): RepConv(
                (nonlinearity): Identity()
                (rbr_dense): Sequential(
                  (conv): Conv2d(144, 512, kernel_size=(3, 3), stride=(2, 2), padding=(1, 1), bias=False)
                  (bn): SyncBatchNorm(512, eps=0.001, momentum=0.03, affine=True, track_running_stats=True)
                )
                (rbr_1x1): Sequential(
                  (conv): Conv2d(144, 512, kernel_size=(1, 1), stride=(2, 2), bias=False)
                  (bn): SyncBatchNorm(512, eps=0.001, momentum=0.03, affine=True, track_running_stats=True)
                )
              )
              (activation_function): ReLU(inplace=True)
            )
            (1): SPPBottleneck(
              (conv1): ConvBNAct(
                (conv): Conv2d(512, 256, kernel_size=(1, 1), stride=(1, 1), bias=False)
                (bn): SyncBatchNorm(256, eps=0.001, momentum=0.03, affine=True, track_running_stats=True)
                (act): SiLU(inplace=True)
              )
              (m): ModuleList(
                (0): MaxPool2d(kernel_size=5, stride=1, padding=2, dilation=1, ceil_mode=False)
                (1): MaxPool2d(kernel_size=9, stride=1, padding=4, dilation=1, ceil_mode=False)
                (2): MaxPool2d(kernel_size=13, stride=1, padding=6, dilation=1, ceil_mode=False)
              )
              (conv2): ConvBNAct(
                (conv): Conv2d(1024, 512, kernel_size=(1, 1), stride=(1, 1), bias=False)
                (bn): SyncBatchNorm(512, eps=0.001, momentum=0.03, affine=True, track_running_stats=True)
                (act): SiLU(inplace=True)
              )
            )
          )
        )
      )
    )
    (neck): GiraffeNeckV2(
      (upsample): Upsample(scale_factor=2.0, mode='nearest')
      (bu_conv13): ConvBNAct(
        (conv): Conv2d(256, 256, kernel_size=(3, 3), stride=(2, 2), padding=(1, 1), bias=False)
        (bn): SyncBatchNorm(256, eps=0.001, momentum=0.03, affine=True, track_running_stats=True)
        (act): ReLU(inplace=True)
      )
      (merge_3): CSPStage(
        (conv1): ConvBNAct(
          (conv): Conv2d(768, 256, kernel_size=(1, 1), stride=(1, 1), bias=False)
          (bn): SyncBatchNorm(256, eps=0.001, momentum=0.03, affine=True, track_running_stats=True)
          (act): ReLU(inplace=True)
        )
        (conv2): ConvBNAct(
          (conv): Conv2d(768, 256, kernel_size=(1, 1), stride=(1, 1), bias=False)
          (bn): SyncBatchNorm(256, eps=0.001, momentum=0.03, affine=True, track_running_stats=True)
          (act): ReLU(inplace=True)
        )
        (convs): Sequential(
          (0): BasicBlock_3x3_Reverse(
            (conv1): ConvBNAct(
              (conv): Conv2d(192, 256, kernel_size=(3, 3), stride=(1, 1), padding=(1, 1), bias=False)
              (bn): SyncBatchNorm(256, eps=0.001, momentum=0.03, affine=True, track_running_stats=True)
              (act): ReLU(inplace=True)
            )
            (conv2): RepConv(
              (nonlinearity): ReLU(inplace=True)
              (rbr_dense): Sequential(
                (conv): Conv2d(256, 192, kernel_size=(3, 3), stride=(1, 1), padding=(1, 1), bias=False)
                (bn): SyncBatchNorm(192, eps=0.001, momentum=0.03, affine=True, track_running_stats=True)
              )
              (rbr_1x1): Sequential(
                (conv): Conv2d(256, 192, kernel_size=(1, 1), stride=(1, 1), bias=False)
                (bn): SyncBatchNorm(192, eps=0.001, momentum=0.03, affine=True, track_running_stats=True)
              )
            )
          )
          (1): BasicBlock_3x3_Reverse(
            (conv1): ConvBNAct(
              (conv): Conv2d(192, 256, kernel_size=(3, 3), stride=(1, 1), padding=(1, 1), bias=False)
              (bn): SyncBatchNorm(256, eps=0.001, momentum=0.03, affine=True, track_running_stats=True)
              (act): ReLU(inplace=True)
            )
            (conv2): RepConv(
              (nonlinearity): ReLU(inplace=True)
              (rbr_dense): Sequential(
                (conv): Conv2d(256, 192, kernel_size=(3, 3), stride=(1, 1), padding=(1, 1), bias=False)
                (bn): SyncBatchNorm(192, eps=0.001, momentum=0.03, affine=True, track_running_stats=True)
              )
              (rbr_1x1): Sequential(
                (conv): Conv2d(256, 192, kernel_size=(1, 1), stride=(1, 1), bias=False)
                (bn): SyncBatchNorm(192, eps=0.001, momentum=0.03, affine=True, track_running_stats=True)
              )
            )
          )
          (2): BasicBlock_3x3_Reverse(
            (conv1): ConvBNAct(
              (conv): Conv2d(192, 256, kernel_size=(3, 3), stride=(1, 1), padding=(1, 1), bias=False)
              (bn): SyncBatchNorm(256, eps=0.001, momentum=0.03, affine=True, track_running_stats=True)
              (act): ReLU(inplace=True)
            )
            (conv2): RepConv(
              (nonlinearity): ReLU(inplace=True)
              (rbr_dense): Sequential(
                (conv): Conv2d(256, 192, kernel_size=(3, 3), stride=(1, 1), padding=(1, 1), bias=False)
                (bn): SyncBatchNorm(192, eps=0.001, momentum=0.03, affine=True, track_running_stats=True)
              )
              (rbr_1x1): Sequential(
                (conv): Conv2d(256, 192, kernel_size=(1, 1), stride=(1, 1), bias=False)
                (bn): SyncBatchNorm(192, eps=0.001, momentum=0.03, affine=True, track_running_stats=True)
              )
            )
          )
        )
        (conv3): ConvBNAct(
          (conv): Conv2d(1024, 512, kernel_size=(1, 1), stride=(1, 1), bias=False)
          (bn): SyncBatchNorm(512, eps=0.001, momentum=0.03, affine=True, track_running_stats=True)
          (act): ReLU(inplace=True)
        )
      )
      (bu_conv24): ConvBNAct(
        (conv): Conv2d(128, 128, kernel_size=(3, 3), stride=(2, 2), padding=(1, 1), bias=False)
        (bn): SyncBatchNorm(128, eps=0.001, momentum=0.03, affine=True, track_running_stats=True)
        (act): ReLU(inplace=True)
      )
      (merge_4): CSPStage(
        (conv1): ConvBNAct(
          (conv): Conv2d(896, 128, kernel_size=(1, 1), stride=(1, 1), bias=False)
          (bn): SyncBatchNorm(128, eps=0.001, momentum=0.03, affine=True, track_running_stats=True)
          (act): ReLU(inplace=True)
        )
        (conv2): ConvBNAct(
          (conv): Conv2d(896, 128, kernel_size=(1, 1), stride=(1, 1), bias=False)
          (bn): SyncBatchNorm(128, eps=0.001, momentum=0.03, affine=True, track_running_stats=True)
          (act): ReLU(inplace=True)
        )
        (convs): Sequential(
          (0): BasicBlock_3x3_Reverse(
            (conv1): ConvBNAct(
              (conv): Conv2d(96, 128, kernel_size=(3, 3), stride=(1, 1), padding=(1, 1), bias=False)
              (bn): SyncBatchNorm(128, eps=0.001, momentum=0.03, affine=True, track_running_stats=True)
              (act): ReLU(inplace=True)
            )
            (conv2): RepConv(
              (nonlinearity): ReLU(inplace=True)
              (rbr_dense): Sequential(
                (conv): Conv2d(128, 96, kernel_size=(3, 3), stride=(1, 1), padding=(1, 1), bias=False)
                (bn): SyncBatchNorm(96, eps=0.001, momentum=0.03, affine=True, track_running_stats=True)
              )
              (rbr_1x1): Sequential(
                (conv): Conv2d(128, 96, kernel_size=(1, 1), stride=(1, 1), bias=False)
                (bn): SyncBatchNorm(96, eps=0.001, momentum=0.03, affine=True, track_running_stats=True)
              )
            )
          )
          (1): BasicBlock_3x3_Reverse(
            (conv1): ConvBNAct(
              (conv): Conv2d(96, 128, kernel_size=(3, 3), stride=(1, 1), padding=(1, 1), bias=False)
              (bn): SyncBatchNorm(128, eps=0.001, momentum=0.03, affine=True, track_running_stats=True)
              (act): ReLU(inplace=True)
            )
            (conv2): RepConv(
              (nonlinearity): ReLU(inplace=True)
              (rbr_dense): Sequential(
                (conv): Conv2d(128, 96, kernel_size=(3, 3), stride=(1, 1), padding=(1, 1), bias=False)
                (bn): SyncBatchNorm(96, eps=0.001, momentum=0.03, affine=True, track_running_stats=True)
              )
              (rbr_1x1): Sequential(
                (conv): Conv2d(128, 96, kernel_size=(1, 1), stride=(1, 1), bias=False)
                (bn): SyncBatchNorm(96, eps=0.001, momentum=0.03, affine=True, track_running_stats=True)
              )
            )
          )
          (2): BasicBlock_3x3_Reverse(
            (conv1): ConvBNAct(
              (conv): Conv2d(96, 128, kernel_size=(3, 3), stride=(1, 1), padding=(1, 1), bias=False)
              (bn): SyncBatchNorm(128, eps=0.001, momentum=0.03, affine=True, track_running_stats=True)
              (act): ReLU(inplace=True)
            )
            (conv2): RepConv(
              (nonlinearity): ReLU(inplace=True)
              (rbr_dense): Sequential(
                (conv): Conv2d(128, 96, kernel_size=(3, 3), stride=(1, 1), padding=(1, 1), bias=False)
                (bn): SyncBatchNorm(96, eps=0.001, momentum=0.03, affine=True, track_running_stats=True)
              )
              (rbr_1x1): Sequential(
                (conv): Conv2d(128, 96, kernel_size=(1, 1), stride=(1, 1), bias=False)
                (bn): SyncBatchNorm(96, eps=0.001, momentum=0.03, affine=True, track_running_stats=True)
              )
            )
          )
        )
        (conv3): ConvBNAct(
          (conv): Conv2d(512, 256, kernel_size=(1, 1), stride=(1, 1), bias=False)
          (bn): SyncBatchNorm(256, eps=0.001, momentum=0.03, affine=True, track_running_stats=True)
          (act): ReLU(inplace=True)
        )
      )
      (merge_5): CSPStage(
        (conv1): ConvBNAct(
          (conv): Conv2d(384, 64, kernel_size=(1, 1), stride=(1, 1), bias=False)
          (bn): SyncBatchNorm(64, eps=0.001, momentum=0.03, affine=True, track_running_stats=True)
          (act): ReLU(inplace=True)
        )
        (conv2): ConvBNAct(
          (conv): Conv2d(384, 64, kernel_size=(1, 1), stride=(1, 1), bias=False)
          (bn): SyncBatchNorm(64, eps=0.001, momentum=0.03, affine=True, track_running_stats=True)
          (act): ReLU(inplace=True)
        )
        (convs): Sequential(
          (0): BasicBlock_3x3_Reverse(
            (conv1): ConvBNAct(
              (conv): Conv2d(48, 64, kernel_size=(3, 3), stride=(1, 1), padding=(1, 1), bias=False)
              (bn): SyncBatchNorm(64, eps=0.001, momentum=0.03, affine=True, track_running_stats=True)
              (act): ReLU(inplace=True)
            )
            (conv2): RepConv(
              (nonlinearity): ReLU(inplace=True)
              (rbr_dense): Sequential(
                (conv): Conv2d(64, 48, kernel_size=(3, 3), stride=(1, 1), padding=(1, 1), bias=False)
                (bn): SyncBatchNorm(48, eps=0.001, momentum=0.03, affine=True, track_running_stats=True)
              )
              (rbr_1x1): Sequential(
                (conv): Conv2d(64, 48, kernel_size=(1, 1), stride=(1, 1), bias=False)
                (bn): SyncBatchNorm(48, eps=0.001, momentum=0.03, affine=True, track_running_stats=True)
              )
            )
          )
          (1): BasicBlock_3x3_Reverse(
            (conv1): ConvBNAct(
              (conv): Conv2d(48, 64, kernel_size=(3, 3), stride=(1, 1), padding=(1, 1), bias=False)
              (bn): SyncBatchNorm(64, eps=0.001, momentum=0.03, affine=True, track_running_stats=True)
              (act): ReLU(inplace=True)
            )
            (conv2): RepConv(
              (nonlinearity): ReLU(inplace=True)
              (rbr_dense): Sequential(
                (conv): Conv2d(64, 48, kernel_size=(3, 3), stride=(1, 1), padding=(1, 1), bias=False)
                (bn): SyncBatchNorm(48, eps=0.001, momentum=0.03, affine=True, track_running_stats=True)
              )
              (rbr_1x1): Sequential(
                (conv): Conv2d(64, 48, kernel_size=(1, 1), stride=(1, 1), bias=False)
                (bn): SyncBatchNorm(48, eps=0.001, momentum=0.03, affine=True, track_running_stats=True)
              )
            )
          )
          (2): BasicBlock_3x3_Reverse(
            (conv1): ConvBNAct(
              (conv): Conv2d(48, 64, kernel_size=(3, 3), stride=(1, 1), padding=(1, 1), bias=False)
              (bn): SyncBatchNorm(64, eps=0.001, momentum=0.03, affine=True, track_running_stats=True)
              (act): ReLU(inplace=True)
            )
            (conv2): RepConv(
              (nonlinearity): ReLU(inplace=True)
              (rbr_dense): Sequential(
                (conv): Conv2d(64, 48, kernel_size=(3, 3), stride=(1, 1), padding=(1, 1), bias=False)
                (bn): SyncBatchNorm(48, eps=0.001, momentum=0.03, affine=True, track_running_stats=True)
              )
              (rbr_1x1): Sequential(
                (conv): Conv2d(64, 48, kernel_size=(1, 1), stride=(1, 1), bias=False)
                (bn): SyncBatchNorm(48, eps=0.001, momentum=0.03, affine=True, track_running_stats=True)
              )
            )
          )
        )
        (conv3): ConvBNAct(
          (conv): Conv2d(256, 128, kernel_size=(1, 1), stride=(1, 1), bias=False)
          (bn): SyncBatchNorm(128, eps=0.001, momentum=0.03, affine=True, track_running_stats=True)
          (act): ReLU(inplace=True)
        )
      )
      (bu_conv57): ConvBNAct(
        (conv): Conv2d(128, 128, kernel_size=(3, 3), stride=(2, 2), padding=(1, 1), bias=False)
        (bn): SyncBatchNorm(128, eps=0.001, momentum=0.03, affine=True, track_running_stats=True)
        (act): ReLU(inplace=True)
      )
      (merge_7): CSPStage(
        (conv1): ConvBNAct(
          (conv): Conv2d(384, 128, kernel_size=(1, 1), stride=(1, 1), bias=False)
          (bn): SyncBatchNorm(128, eps=0.001, momentum=0.03, affine=True, track_running_stats=True)
          (act): ReLU(inplace=True)
        )
        (conv2): ConvBNAct(
          (conv): Conv2d(384, 128, kernel_size=(1, 1), stride=(1, 1), bias=False)
          (bn): SyncBatchNorm(128, eps=0.001, momentum=0.03, affine=True, track_running_stats=True)
          (act): ReLU(inplace=True)
        )
        (convs): Sequential(
          (0): BasicBlock_3x3_Reverse(
            (conv1): ConvBNAct(
              (conv): Conv2d(96, 128, kernel_size=(3, 3), stride=(1, 1), padding=(1, 1), bias=False)
              (bn): SyncBatchNorm(128, eps=0.001, momentum=0.03, affine=True, track_running_stats=True)
              (act): ReLU(inplace=True)
            )
            (conv2): RepConv(
              (nonlinearity): ReLU(inplace=True)
              (rbr_dense): Sequential(
                (conv): Conv2d(128, 96, kernel_size=(3, 3), stride=(1, 1), padding=(1, 1), bias=False)
                (bn): SyncBatchNorm(96, eps=0.001, momentum=0.03, affine=True, track_running_stats=True)
              )
              (rbr_1x1): Sequential(
                (conv): Conv2d(128, 96, kernel_size=(1, 1), stride=(1, 1), bias=False)
                (bn): SyncBatchNorm(96, eps=0.001, momentum=0.03, affine=True, track_running_stats=True)
              )
            )
          )
          (1): BasicBlock_3x3_Reverse(
            (conv1): ConvBNAct(
              (conv): Conv2d(96, 128, kernel_size=(3, 3), stride=(1, 1), padding=(1, 1), bias=False)
              (bn): SyncBatchNorm(128, eps=0.001, momentum=0.03, affine=True, track_running_stats=True)
              (act): ReLU(inplace=True)
            )
            (conv2): RepConv(
              (nonlinearity): ReLU(inplace=True)
              (rbr_dense): Sequential(
                (conv): Conv2d(128, 96, kernel_size=(3, 3), stride=(1, 1), padding=(1, 1), bias=False)
                (bn): SyncBatchNorm(96, eps=0.001, momentum=0.03, affine=True, track_running_stats=True)
              )
              (rbr_1x1): Sequential(
                (conv): Conv2d(128, 96, kernel_size=(1, 1), stride=(1, 1), bias=False)
                (bn): SyncBatchNorm(96, eps=0.001, momentum=0.03, affine=True, track_running_stats=True)
              )
            )
          )
          (2): BasicBlock_3x3_Reverse(
            (conv1): ConvBNAct(
              (conv): Conv2d(96, 128, kernel_size=(3, 3), stride=(1, 1), padding=(1, 1), bias=False)
              (bn): SyncBatchNorm(128, eps=0.001, momentum=0.03, affine=True, track_running_stats=True)
              (act): ReLU(inplace=True)
            )
            (conv2): RepConv(
              (nonlinearity): ReLU(inplace=True)
              (rbr_dense): Sequential(
                (conv): Conv2d(128, 96, kernel_size=(3, 3), stride=(1, 1), padding=(1, 1), bias=False)
                (bn): SyncBatchNorm(96, eps=0.001, momentum=0.03, affine=True, track_running_stats=True)
              )
              (rbr_1x1): Sequential(
                (conv): Conv2d(128, 96, kernel_size=(1, 1), stride=(1, 1), bias=False)
                (bn): SyncBatchNorm(96, eps=0.001, momentum=0.03, affine=True, track_running_stats=True)
              )
            )
          )
        )
        (conv3): ConvBNAct(
          (conv): Conv2d(512, 256, kernel_size=(1, 1), stride=(1, 1), bias=False)
          (bn): SyncBatchNorm(256, eps=0.001, momentum=0.03, affine=True, track_running_stats=True)
          (act): ReLU(inplace=True)
        )
      )
      (bu_conv46): ConvBNAct(
        (conv): Conv2d(256, 256, kernel_size=(3, 3), stride=(2, 2), padding=(1, 1), bias=False)
        (bn): SyncBatchNorm(256, eps=0.001, momentum=0.03, affine=True, track_running_stats=True)
        (act): ReLU(inplace=True)
      )
      (bu_conv76): ConvBNAct(
        (conv): Conv2d(256, 256, kernel_size=(3, 3), stride=(2, 2), padding=(1, 1), bias=False)
        (bn): SyncBatchNorm(256, eps=0.001, momentum=0.03, affine=True, track_running_stats=True)
        (act): ReLU(inplace=True)
      )
      (merge_6): CSPStage(
        (conv1): ConvBNAct(
          (conv): Conv2d(1024, 256, kernel_size=(1, 1), stride=(1, 1), bias=False)
          (bn): SyncBatchNorm(256, eps=0.001, momentum=0.03, affine=True, track_running_stats=True)
          (act): ReLU(inplace=True)
        )
        (conv2): ConvBNAct(
          (conv): Conv2d(1024, 256, kernel_size=(1, 1), stride=(1, 1), bias=False)
          (bn): SyncBatchNorm(256, eps=0.001, momentum=0.03, affine=True, track_running_stats=True)
          (act): ReLU(inplace=True)
        )
        (convs): Sequential(
          (0): BasicBlock_3x3_Reverse(
            (conv1): ConvBNAct(
              (conv): Conv2d(192, 256, kernel_size=(3, 3), stride=(1, 1), padding=(1, 1), bias=False)
              (bn): SyncBatchNorm(256, eps=0.001, momentum=0.03, affine=True, track_running_stats=True)
              (act): ReLU(inplace=True)
            )
            (conv2): RepConv(
              (nonlinearity): ReLU(inplace=True)
              (rbr_dense): Sequential(
                (conv): Conv2d(256, 192, kernel_size=(3, 3), stride=(1, 1), padding=(1, 1), bias=False)
                (bn): SyncBatchNorm(192, eps=0.001, momentum=0.03, affine=True, track_running_stats=True)
              )
              (rbr_1x1): Sequential(
                (conv): Conv2d(256, 192, kernel_size=(1, 1), stride=(1, 1), bias=False)
                (bn): SyncBatchNorm(192, eps=0.001, momentum=0.03, affine=True, track_running_stats=True)
              )
            )
          )
          (1): BasicBlock_3x3_Reverse(
            (conv1): ConvBNAct(
              (conv): Conv2d(192, 256, kernel_size=(3, 3), stride=(1, 1), padding=(1, 1), bias=False)
              (bn): SyncBatchNorm(256, eps=0.001, momentum=0.03, affine=True, track_running_stats=True)
              (act): ReLU(inplace=True)
            )
            (conv2): RepConv(
              (nonlinearity): ReLU(inplace=True)
              (rbr_dense): Sequential(
                (conv): Conv2d(256, 192, kernel_size=(3, 3), stride=(1, 1), padding=(1, 1), bias=False)
                (bn): SyncBatchNorm(192, eps=0.001, momentum=0.03, affine=True, track_running_stats=True)
              )
              (rbr_1x1): Sequential(
                (conv): Conv2d(256, 192, kernel_size=(1, 1), stride=(1, 1), bias=False)
                (bn): SyncBatchNorm(192, eps=0.001, momentum=0.03, affine=True, track_running_stats=True)
              )
            )
          )
          (2): BasicBlock_3x3_Reverse(
            (conv1): ConvBNAct(
              (conv): Conv2d(192, 256, kernel_size=(3, 3), stride=(1, 1), padding=(1, 1), bias=False)
              (bn): SyncBatchNorm(256, eps=0.001, momentum=0.03, affine=True, track_running_stats=True)
              (act): ReLU(inplace=True)
            )
            (conv2): RepConv(
              (nonlinearity): ReLU(inplace=True)
              (rbr_dense): Sequential(
                (conv): Conv2d(256, 192, kernel_size=(3, 3), stride=(1, 1), padding=(1, 1), bias=False)
                (bn): SyncBatchNorm(192, eps=0.001, momentum=0.03, affine=True, track_running_stats=True)
              )
              (rbr_1x1): Sequential(
                (conv): Conv2d(256, 192, kernel_size=(1, 1), stride=(1, 1), bias=False)
                (bn): SyncBatchNorm(192, eps=0.001, momentum=0.03, affine=True, track_running_stats=True)
              )
            )
          )
        )
        (conv3): ConvBNAct(
          (conv): Conv2d(1024, 512, kernel_size=(1, 1), stride=(1, 1), bias=False)
          (bn): SyncBatchNorm(512, eps=0.001, momentum=0.03, affine=True, track_running_stats=True)
          (act): ReLU(inplace=True)
        )
      )
    )
    (head): ZeroHead(
      (integral): Integral()
      (loss_dfl): DistributionFocalLoss()
      (loss_cls): QualityFocalLoss()
      (loss_bbox): GIoULoss()
      (cls_convs): ModuleList(
        (0-2): 3 x ModuleList()
      )
      (reg_convs): ModuleList(
        (0-2): 3 x ModuleList()
      )
      (gfl_cls): ModuleList(
        (0): Conv2d(128, 80, kernel_size=(3, 3), stride=(1, 1), padding=(1, 1))
        (1): Conv2d(256, 80, kernel_size=(3, 3), stride=(1, 1), padding=(1, 1))
        (2): Conv2d(512, 80, kernel_size=(3, 3), stride=(1, 1), padding=(1, 1))
      )
      (gfl_reg): ModuleList(
        (0): Conv2d(128, 68, kernel_size=(3, 3), stride=(1, 1), padding=(1, 1))
        (1): Conv2d(256, 68, kernel_size=(3, 3), stride=(1, 1), padding=(1, 1))
        (2): Conv2d(512, 68, kernel_size=(3, 3), stride=(1, 1), padding=(1, 1))
      )
      (scales): ModuleList(
        (0-2): 3 x Scale()
      )
    )
  )
)
2025-06-19 12:35:10 | INFO     | damo.apis.detector_trainer:291 - Training start...
[W reducer.cpp:1300] Warning: find_unused_parameters=True was specified in DDP constructor, but did not find any unused parameters in the forward pass. This flag results in an extra traversal of the autograd graph every iteration,  which can adversely affect performance. If your model indeed never has any unused parameters in the forward pass, consider turning this flag off. Note that this warning may be a false positive if your model has flow control causing later iterations to have unused parameters. (function operator())
TCAPPDLL 2025-06-19 12:35:15.442146 - Epoch: 1 Iteration: 0  train.loss : 2.559985637664795  train.lr : 0.0  train.ips : 3.041042579451582 imgs/s
2025-06-19 12:35:15 | INFO     | damo.apis.detector_trainer:372 - --->turn OFF mosaic aug now!
2025-06-19 12:35:15 | INFO     | damo.apis.detector_trainer:401 - epoch: 1/1, iter: 1/7393, mem: 6432Mb, iter_time: 5.261s, model_time: 1.011s, total_loss: 2.6, loss_cls: 0.5, loss_bbox: 1.3, loss_dfl: 0.7, lr: 0.000e+00, size: (640, 640), ETA: 10:48:11
TCAPPDLL 2025-06-19 12:35:15.723238 - Epoch: 1 Iteration: 1  train.loss : 2.5488712787628174  train.lr : 1.829610262459605e-12  train.ips : 56.868689457018476 imgs/s
2025-06-19 12:35:15 | INFO     | damo.apis.detector_trainer:401 - epoch: 1/1, iter: 2/7393, mem: 6735Mb, iter_time: 0.281s, model_time: 0.223s, total_loss: 2.5, loss_cls: 0.5, loss_bbox: 1.3, loss_dfl: 0.7, lr: 1.830e-12, size: (640, 640), ETA: 5:41:23
TCAPPDLL 2025-06-19 12:35:15.976602 - Epoch: 1 Iteration: 2  train.loss : 2.5605623722076416  train.lr : 7.31844104983842e-12  train.ips : 63.14054370392159 imgs/s
2025-06-19 12:35:15 | INFO     | damo.apis.detector_trainer:401 - epoch: 1/1, iter: 3/7393, mem: 6735Mb, iter_time: 0.253s, model_time: 0.209s, total_loss: 2.6, loss_cls: 0.5, loss_bbox: 1.3, loss_dfl: 0.7, lr: 7.318e-12, size: (640, 640), ETA: 3:57:57
TCAPPDLL 2025-06-19 12:35:16.221028 - Epoch: 1 Iteration: 3  train.loss : 2.5976388454437256  train.lr : 1.6466492362136444e-11  train.ips : 65.45328825241249 imgs/s
2025-06-19 12:35:16 | INFO     | damo.apis.detector_trainer:401 - epoch: 1/1, iter: 4/7393, mem: 6735Mb, iter_time: 0.244s, model_time: 0.201s, total_loss: 2.6, loss_cls: 0.6, loss_bbox: 1.2, loss_dfl: 0.7, lr: 1.647e-11, size: (640, 640), ETA: 3:05:58
TCAPPDLL 2025-06-19 12:35:17.503824 - Epoch: 1 Iteration: 4  train.loss : 2.5862045288085938  train.lr : 2.927376419935368e-11  train.ips : 12.47281136605993 imgs/s
2025-06-19 12:35:17 | INFO     | damo.apis.detector_trainer:401 - epoch: 1/1, iter: 5/7393, mem: 6735Mb, iter_time: 1.283s, model_time: 0.217s, total_loss: 2.6, loss_cls: 0.4, loss_bbox: 1.4, loss_dfl: 0.7, lr: 2.927e-11, size: (640, 640), ETA: 3:00:20
TCAPPDLL 2025-06-19 12:35:17.739591 - Epoch: 1 Iteration: 5  train.loss : 2.6174607276916504  train.lr : 4.574025656149011e-11  train.ips : 67.86295689234993 imgs/s
2025-06-19 12:35:17 | INFO     | damo.apis.detector_trainer:401 - epoch: 1/1, iter: 6/7393, mem: 6735Mb, iter_time: 0.236s, model_time: 0.196s, total_loss: 2.6, loss_cls: 0.6, loss_bbox: 1.2, loss_dfl: 0.7, lr: 4.574e-11, size: (640, 640), ETA: 2:35:06
TCAPPDLL 2025-06-19 12:35:18.002498 - Epoch: 1 Iteration: 6  train.loss : 2.6166701316833496  train.lr : 6.586596944854578e-11  train.ips : 60.87021458197102 imgs/s
2025-06-19 12:35:18 | INFO     | damo.apis.detector_trainer:401 - epoch: 1/1, iter: 7/7393, mem: 6735Mb, iter_time: 0.263s, model_time: 0.218s, total_loss: 2.6, loss_cls: 0.5, loss_bbox: 1.3, loss_dfl: 0.7, lr: 6.587e-11, size: (640, 640), ETA: 2:17:33
TCAPPDLL 2025-06-19 12:35:18.267918 - Epoch: 1 Iteration: 7  train.loss : 2.5925068855285645  train.lr : 8.965090286052063e-11  train.ips : 60.2708360438507 imgs/s
2025-06-19 12:35:18 | INFO     | damo.apis.detector_trainer:401 - epoch: 1/1, iter: 8/7393, mem: 6735Mb, iter_time: 0.265s, model_time: 0.221s, total_loss: 2.6, loss_cls: 0.7, loss_bbox: 1.2, loss_dfl: 0.7, lr: 8.965e-11, size: (640, 640), ETA: 2:04:25
TCAPPDLL 2025-06-19 12:35:20.486346 - Epoch: 1 Iteration: 8  train.loss : 2.6124727725982666  train.lr : 1.1709505679741473e-10  train.ips : 7.21228595932437 imgs/s
2025-06-19 12:35:20 | INFO     | damo.apis.detector_trainer:401 - epoch: 1/1, iter: 9/7393, mem: 6735Mb, iter_time: 2.218s, model_time: 0.209s, total_loss: 2.6, loss_cls: 0.5, loss_bbox: 1.4, loss_dfl: 0.7, lr: 1.171e-10, size: (640, 640), ETA: 2:20:55
TCAPPDLL 2025-06-19 12:35:20.722111 - Epoch: 1 Iteration: 9  train.loss : 2.5412065982818604  train.lr : 1.4819843125922798e-10  train.ips : 67.87167345326684 imgs/s
2025-06-19 12:35:20 | INFO     | damo.apis.detector_trainer:401 - epoch: 1/1, iter: 10/7393, mem: 6735Mb, iter_time: 0.236s, model_time: 0.201s, total_loss: 2.5, loss_cls: 0.6, loss_bbox: 1.2, loss_dfl: 0.8, lr: 1.482e-10, size: (640, 640), ETA: 2:09:42
TCAPPDLL 2025-06-19 12:35:20.965741 - Epoch: 1 Iteration: 10  train.loss : 2.585264205932617  train.lr : 1.8296102624596044e-10  train.ips : 65.66861956036786 imgs/s
2025-06-19 12:35:20 | INFO     | damo.apis.detector_trainer:401 - epoch: 1/1, iter: 11/7393, mem: 6735Mb, iter_time: 0.244s, model_time: 0.205s, total_loss: 2.6, loss_cls: 0.7, loss_bbox: 1.1, loss_dfl: 0.8, lr: 1.830e-10, size: (640, 640), ETA: 2:00:37
TCAPPDLL 2025-06-19 12:35:21.240087 - Epoch: 1 Iteration: 11  train.loss : 2.584176778793335  train.lr : 2.213828417576122e-10  train.ips : 58.320237278470756 imgs/s
2025-06-19 12:35:21 | INFO     | damo.apis.detector_trainer:401 - epoch: 1/1, iter: 12/7393, mem: 6735Mb, iter_time: 0.274s, model_time: 0.235s, total_loss: 2.6, loss_cls: 0.7, loss_bbox: 1.2, loss_dfl: 0.8, lr: 2.214e-10, size: (640, 640), ETA: 1:53:22
TCAPPDLL 2025-06-19 12:35:21.480883 - Epoch: 1 Iteration: 12  train.loss : 2.5265421867370605  train.lr : 2.634638777941831e-10  train.ips : 66.44863013229971 imgs/s
2025-06-19 12:35:21 | INFO     | damo.apis.detector_trainer:401 - epoch: 1/1, iter: 13/7393, mem: 6735Mb, iter_time: 0.241s, model_time: 0.197s, total_loss: 2.5, loss_cls: 0.7, loss_bbox: 1.1, loss_dfl: 0.8, lr: 2.635e-10, size: (640, 640), ETA: 1:46:55
TCAPPDLL 2025-06-19 12:35:21.727173 - Epoch: 1 Iteration: 13  train.loss : 2.524649143218994  train.lr : 3.0920413435567324e-10  train.ips : 64.96256552514208 imgs/s
2025-06-19 12:35:21 | INFO     | damo.apis.detector_trainer:401 - epoch: 1/1, iter: 14/7393, mem: 6735Mb, iter_time: 0.246s, model_time: 0.208s, total_loss: 2.5, loss_cls: 0.7, loss_bbox: 1.1, loss_dfl: 0.8, lr: 3.092e-10, size: (640, 640), ETA: 1:41:25
TCAPPDLL 2025-06-19 12:35:21.965900 - Epoch: 1 Iteration: 14  train.loss : 2.537869930267334  train.lr : 3.586036114420825e-10  train.ips : 67.02073145702869 imgs/s
2025-06-19 12:35:21 | INFO     | damo.apis.detector_trainer:401 - epoch: 1/1, iter: 15/7393, mem: 6735Mb, iter_time: 0.239s, model_time: 0.197s, total_loss: 2.5, loss_cls: 0.6, loss_bbox: 1.2, loss_dfl: 0.8, lr: 3.586e-10, size: (640, 640), ETA: 1:36:36
TCAPPDLL 2025-06-19 12:35:22.202715 - Epoch: 1 Iteration: 15  train.loss : 2.563027858734131  train.lr : 4.1166230905341117e-10  train.ips : 67.55968952483333 imgs/s
2025-06-19 12:35:22 | INFO     | damo.apis.detector_trainer:401 - epoch: 1/1, iter: 16/7393, mem: 6735Mb, iter_time: 0.237s, model_time: 0.195s, total_loss: 2.6, loss_cls: 0.7, loss_bbox: 1.1, loss_dfl: 0.8, lr: 4.117e-10, size: (640, 640), ETA: 1:32:23
TCAPPDLL 2025-06-19 12:35:22.488445 - Epoch: 1 Iteration: 16  train.loss : 2.5794224739074707  train.lr : 4.683802271896589e-10  train.ips : 55.99909192077615 imgs/s
2025-06-19 12:35:22 | INFO     | damo.apis.detector_trainer:401 - epoch: 1/1, iter: 17/7393, mem: 6735Mb, iter_time: 0.286s, model_time: 0.227s, total_loss: 2.6, loss_cls: 0.7, loss_bbox: 1.1, loss_dfl: 0.8, lr: 4.684e-10, size: (640, 640), ETA: 1:29:00
TCAPPDLL 2025-06-19 12:35:22.729776 - Epoch: 1 Iteration: 17  train.loss : 2.5576419830322266  train.lr : 5.287573658508258e-10  train.ips : 66.30190325736429 imgs/s
2025-06-19 12:35:22 | INFO     | damo.apis.detector_trainer:401 - epoch: 1/1, iter: 18/7393, mem: 6735Mb, iter_time: 0.241s, model_time: 0.206s, total_loss: 2.6, loss_cls: 0.7, loss_bbox: 1.1, loss_dfl: 0.8, lr: 5.288e-10, size: (640, 640), ETA: 1:25:41
TCAPPDLL 2025-06-19 12:35:22.986776 - Epoch: 1 Iteration: 18  train.loss : 2.5207324028015137  train.lr : 5.927937250369119e-10  train.ips : 62.25785610674617 imgs/s
2025-06-19 12:35:22 | INFO     | damo.apis.detector_trainer:401 - epoch: 1/1, iter: 19/7393, mem: 6735Mb, iter_time: 0.257s, model_time: 0.201s, total_loss: 2.5, loss_cls: 0.6, loss_bbox: 1.1, loss_dfl: 0.8, lr: 5.928e-10, size: (640, 640), ETA: 1:22:50
TCAPPDLL 2025-06-19 12:35:23.232185 - Epoch: 1 Iteration: 19  train.loss : 2.6080102920532227  train.lr : 6.604893047479174e-10  train.ips : 65.19556935275467 imgs/s
2025-06-19 12:35:23 | INFO     | damo.apis.detector_trainer:401 - epoch: 1/1, iter: 20/7393, mem: 6735Mb, iter_time: 0.245s, model_time: 0.194s, total_loss: 2.6, loss_cls: 0.6, loss_bbox: 1.3, loss_dfl: 0.8, lr: 6.605e-10, size: (640, 640), ETA: 1:20:11
TCAPPDLL 2025-06-19 12:35:23.486147 - Epoch: 1 Iteration: 20  train.loss : 2.5652756690979004  train.lr : 7.318441049838418e-10  train.ips : 63.01733709041664 imgs/s
2025-06-19 12:35:23 | INFO     | damo.apis.detector_trainer:401 - epoch: 1/1, iter: 21/7393, mem: 6735Mb, iter_time: 0.254s, model_time: 0.209s, total_loss: 2.6, loss_cls: 0.7, loss_bbox: 1.1, loss_dfl: 0.8, lr: 7.318e-10, size: (640, 640), ETA: 1:17:50
TCAPPDLL 2025-06-19 12:35:23.730026 - Epoch: 1 Iteration: 21  train.loss : 2.5297231674194336  train.lr : 8.068581257446858e-10  train.ips : 65.59179118653472 imgs/s
2025-06-19 12:35:23 | INFO     | damo.apis.detector_trainer:401 - epoch: 1/1, iter: 22/7393, mem: 6735Mb, iter_time: 0.244s, model_time: 0.196s, total_loss: 2.5, loss_cls: 0.7, loss_bbox: 1.1, loss_dfl: 0.7, lr: 8.069e-10, size: (640, 640), ETA: 1:15:39
TCAPPDLL 2025-06-19 12:35:23.992926 - Epoch: 1 Iteration: 22  train.loss : 2.555332660675049  train.lr : 8.855313670304488e-10  train.ips : 60.85442817972992 imgs/s
2025-06-19 12:35:23 | INFO     | damo.apis.detector_trainer:401 - epoch: 1/1, iter: 23/7393, mem: 6735Mb, iter_time: 0.263s, model_time: 0.204s, total_loss: 2.6, loss_cls: 0.5, loss_bbox: 1.3, loss_dfl: 0.7, lr: 8.855e-10, size: (640, 640), ETA: 1:13:45
TCAPPDLL 2025-06-19 12:35:24.245310 - Epoch: 1 Iteration: 23  train.loss : 2.5645699501037598  train.lr : 9.678638288411308e-10  train.ips : 63.404098835034056 imgs/s
2025-06-19 12:35:24 | INFO     | damo.apis.detector_trainer:401 - epoch: 1/1, iter: 24/7393, mem: 6735Mb, iter_time: 0.252s, model_time: 0.201s, total_loss: 2.6, loss_cls: 0.7, loss_bbox: 1.1, loss_dfl: 0.8, lr: 9.679e-10, size: (640, 640), ETA: 1:11:58
TCAPPDLL 2025-06-19 12:35:24.537604 - Epoch: 1 Iteration: 24  train.loss : 2.547234296798706  train.lr : 1.0538555111767324e-09  train.ips : 54.78574237955213 imgs/s
2025-06-19 12:35:24 | INFO     | damo.apis.detector_trainer:401 - epoch: 1/1, iter: 25/7393, mem: 6735Mb, iter_time: 0.292s, model_time: 0.241s, total_loss: 2.5, loss_cls: 0.6, loss_bbox: 1.2, loss_dfl: 0.7, lr: 1.054e-09, size: (640, 640), ETA: 1:10:31
TCAPPDLL 2025-06-19 12:35:24.829254 - Epoch: 1 Iteration: 25  train.loss : 2.5854456424713135  train.lr : 1.143506414037253e-09  train.ips : 54.82203879193389 imgs/s
2025-06-19 12:35:24 | INFO     | damo.apis.detector_trainer:401 - epoch: 1/1, iter: 26/7393, mem: 6735Mb, iter_time: 0.292s, model_time: 0.216s, total_loss: 2.6, loss_cls: 0.7, loss_bbox: 1.1, loss_dfl: 0.8, lr: 1.144e-09, size: (640, 640), ETA: 1:09:10
TCAPPDLL 2025-06-19 12:35:25.095449 - Epoch: 1 Iteration: 26  train.loss : 2.5787463188171387  train.lr : 1.236816537422693e-09  train.ips : 60.09424304055196 imgs/s
2025-06-19 12:35:25 | INFO     | damo.apis.detector_trainer:401 - epoch: 1/1, iter: 27/7393, mem: 6735Mb, iter_time: 0.266s, model_time: 0.225s, total_loss: 2.6, loss_cls: 0.8, loss_bbox: 1.1, loss_dfl: 0.8, lr: 1.237e-09, size: (640, 640), ETA: 1:07:49
TCAPPDLL 2025-06-19 12:35:25.352958 - Epoch: 1 Iteration: 27  train.loss : 2.6206259727478027  train.lr : 1.333785881333052e-09  train.ips : 62.14031090067905 imgs/s
2025-06-19 12:35:25 | INFO     | damo.apis.detector_trainer:401 - epoch: 1/1, iter: 28/7393, mem: 6735Mb, iter_time: 0.257s, model_time: 0.213s, total_loss: 2.6, loss_cls: 0.6, loss_bbox: 1.2, loss_dfl: 0.8, lr: 1.334e-09, size: (640, 640), ETA: 1:06:30
TCAPPDLL 2025-06-19 12:35:25.620962 - Epoch: 1 Iteration: 28  train.loss : 2.5267016887664795  train.lr : 1.43441444576833e-09  train.ips : 59.71426693248926 imgs/s
2025-06-19 12:35:25 | INFO     | damo.apis.detector_trainer:401 - epoch: 1/1, iter: 29/7393, mem: 6735Mb, iter_time: 0.268s, model_time: 0.219s, total_loss: 2.5, loss_cls: 0.7, loss_bbox: 1.1, loss_dfl: 0.8, lr: 1.434e-09, size: (640, 640), ETA: 1:05:20
TCAPPDLL 2025-06-19 12:35:25.921031 - Epoch: 1 Iteration: 29  train.loss : 2.5804266929626465  train.lr : 1.5387022307285276e-09  train.ips : 53.302883834466364 imgs/s
2025-06-19 12:35:25 | INFO     | damo.apis.detector_trainer:401 - epoch: 1/1, iter: 30/7393, mem: 6735Mb, iter_time: 0.300s, model_time: 0.216s, total_loss: 2.6, loss_cls: 0.7, loss_bbox: 1.2, loss_dfl: 0.7, lr: 1.539e-09, size: (640, 640), ETA: 1:04:23
TCAPPDLL 2025-06-19 12:35:26.176133 - Epoch: 1 Iteration: 30  train.loss : 2.5443344116210938  train.lr : 1.6466492362136447e-09  train.ips : 62.72290208567796 imgs/s
2025-06-19 12:35:26 | INFO     | damo.apis.detector_trainer:401 - epoch: 1/1, iter: 31/7393, mem: 6735Mb, iter_time: 0.255s, model_time: 0.206s, total_loss: 2.5, loss_cls: 0.7, loss_bbox: 1.1, loss_dfl: 0.7, lr: 1.647e-09, size: (640, 640), ETA: 1:03:18
TCAPPDLL 2025-06-19 12:35:26.428788 - Epoch: 1 Iteration: 31  train.loss : 2.5868234634399414  train.lr : 1.7582554622236802e-09  train.ips : 63.336838327737624 imgs/s
2025-06-19 12:35:26 | INFO     | damo.apis.detector_trainer:401 - epoch: 1/1, iter: 32/7393, mem: 6735Mb, iter_time: 0.253s, model_time: 0.205s, total_loss: 2.6, loss_cls: 0.9, loss_bbox: 1.0, loss_dfl: 0.8, lr: 1.758e-09, size: (640, 640), ETA: 1:02:17
TCAPPDLL 2025-06-19 12:35:26.714997 - Epoch: 1 Iteration: 32  train.loss : 2.4934656620025635  train.lr : 1.8735209087586357e-09  train.ips : 55.94806418199211 imgs/s
2025-06-19 12:35:26 | INFO     | damo.apis.detector_trainer:401 - epoch: 1/1, iter: 33/7393, mem: 6735Mb, iter_time: 0.286s, model_time: 0.240s, total_loss: 2.5, loss_cls: 0.5, loss_bbox: 1.3, loss_dfl: 0.8, lr: 1.874e-09, size: (640, 640), ETA: 1:01:27
TCAPPDLL 2025-06-19 12:35:27.008166 - Epoch: 1 Iteration: 33  train.loss : 2.5429155826568604  train.lr : 1.992445575818509e-09  train.ips : 54.55512857878614 imgs/s
2025-06-19 12:35:27 | INFO     | damo.apis.detector_trainer:401 - epoch: 1/1, iter: 34/7393, mem: 6735Mb, iter_time: 0.293s, model_time: 0.215s, total_loss: 2.5, loss_cls: 0.8, loss_bbox: 1.0, loss_dfl: 0.8, lr: 1.992e-09, size: (640, 640), ETA: 1:00:42
TCAPPDLL 2025-06-19 12:35:27.272224 - Epoch: 1 Iteration: 34  train.loss : 2.547220230102539  train.lr : 2.115029463403303e-09  train.ips : 60.56324841999471 imgs/s
2025-06-19 12:35:27 | INFO     | damo.apis.detector_trainer:401 - epoch: 1/1, iter: 35/7393, mem: 6735Mb, iter_time: 0.264s, model_time: 0.210s, total_loss: 2.5, loss_cls: 0.7, loss_bbox: 1.1, loss_dfl: 0.7, lr: 2.115e-09, size: (640, 640), ETA: 0:59:53
TCAPPDLL 2025-06-19 12:35:27.534443 - Epoch: 1 Iteration: 35  train.loss : 2.598937511444092  train.lr : 2.241272571513016e-09  train.ips : 61.008834425265775 imgs/s
2025-06-19 12:35:27 | INFO     | damo.apis.detector_trainer:401 - epoch: 1/1, iter: 36/7393, mem: 6735Mb, iter_time: 0.262s, model_time: 0.210s, total_loss: 2.6, loss_cls: 0.7, loss_bbox: 1.1, loss_dfl: 0.8, lr: 2.241e-09, size: (640, 640), ETA: 0:59:06
TCAPPDLL 2025-06-19 12:35:27.794359 - Epoch: 1 Iteration: 36  train.loss : 2.570329427719116  train.lr : 2.3711749001476477e-09  train.ips : 61.584149674406355 imgs/s
2025-06-19 12:35:27 | INFO     | damo.apis.detector_trainer:401 - epoch: 1/1, iter: 37/7393, mem: 6735Mb, iter_time: 0.260s, model_time: 0.212s, total_loss: 2.6, loss_cls: 0.7, loss_bbox: 1.1, loss_dfl: 0.7, lr: 2.371e-09, size: (640, 640), ETA: 0:58:21
TCAPPDLL 2025-06-19 12:35:28.107437 - Epoch: 1 Iteration: 37  train.loss : 2.5213146209716797  train.lr : 2.5047364493071985e-09  train.ips : 51.091674820997945 imgs/s
2025-06-19 12:35:28 | INFO     | damo.apis.detector_trainer:401 - epoch: 1/1, iter: 38/7393, mem: 6735Mb, iter_time: 0.313s, model_time: 0.232s, total_loss: 2.5, loss_cls: 0.6, loss_bbox: 1.1, loss_dfl: 0.8, lr: 2.505e-09, size: (640, 640), ETA: 0:57:49
TCAPPDLL 2025-06-19 12:35:28.353522 - Epoch: 1 Iteration: 38  train.loss : 2.5724730491638184  train.lr : 2.6419572189916696e-09  train.ips : 65.01272349634763 imgs/s
2025-06-19 12:35:28 | INFO     | damo.apis.detector_trainer:401 - epoch: 1/1, iter: 39/7393, mem: 6735Mb, iter_time: 0.246s, model_time: 0.197s, total_loss: 2.6, loss_cls: 0.7, loss_bbox: 1.1, loss_dfl: 0.8, lr: 2.642e-09, size: (640, 640), ETA: 0:57:06
TCAPPDLL 2025-06-19 12:35:28.618821 - Epoch: 1 Iteration: 39  train.loss : 2.5001420974731445  train.lr : 2.7828372092010586e-09  train.ips : 60.30495697622058 imgs/s
2025-06-19 12:35:28 | INFO     | damo.apis.detector_trainer:401 - epoch: 1/1, iter: 40/7393, mem: 6735Mb, iter_time: 0.265s, model_time: 0.209s, total_loss: 2.5, loss_cls: 0.7, loss_bbox: 1.1, loss_dfl: 0.7, lr: 2.783e-09, size: (640, 640), ETA: 0:56:29
TCAPPDLL 2025-06-19 12:35:28.874375 - Epoch: 1 Iteration: 40  train.loss : 2.539673328399658  train.lr : 2.927376419935367e-09  train.ips : 62.611948380781925 imgs/s
2025-06-19 12:35:28 | INFO     | damo.apis.detector_trainer:401 - epoch: 1/1, iter: 41/7393, mem: 6735Mb, iter_time: 0.256s, model_time: 0.205s, total_loss: 2.5, loss_cls: 0.7, loss_bbox: 1.1, loss_dfl: 0.8, lr: 2.927e-09, size: (640, 640), ETA: 0:55:52
TCAPPDLL 2025-06-19 12:35:29.146483 - Epoch: 1 Iteration: 41  train.loss : 2.5669398307800293  train.lr : 3.0755748511945963e-09  train.ips : 58.79918634197185 imgs/s
2025-06-19 12:35:29 | INFO     | damo.apis.detector_trainer:401 - epoch: 1/1, iter: 42/7393, mem: 6735Mb, iter_time: 0.272s, model_time: 0.216s, total_loss: 2.6, loss_cls: 0.6, loss_bbox: 1.2, loss_dfl: 0.7, lr: 3.076e-09, size: (640, 640), ETA: 0:55:19
TCAPPDLL 2025-06-19 12:35:29.398339 - Epoch: 1 Iteration: 42  train.loss : 2.580326557159424  train.lr : 3.227432502978743e-09  train.ips : 63.537725851992235 imgs/s
2025-06-19 12:35:29 | INFO     | damo.apis.detector_trainer:401 - epoch: 1/1, iter: 43/7393, mem: 6735Mb, iter_time: 0.252s, model_time: 0.200s, total_loss: 2.6, loss_cls: 0.7, loss_bbox: 1.2, loss_dfl: 0.8, lr: 3.227e-09, size: (640, 640), ETA: 0:54:44
TCAPPDLL 2025-06-19 12:35:29.645000 - Epoch: 1 Iteration: 43  train.loss : 2.5139248371124268  train.lr : 3.382949375287809e-09  train.ips : 64.8570277253459 imgs/s
2025-06-19 12:35:29 | INFO     | damo.apis.detector_trainer:401 - epoch: 1/1, iter: 44/7393, mem: 6735Mb, iter_time: 0.247s, model_time: 0.200s, total_loss: 2.5, loss_cls: 0.6, loss_bbox: 1.2, loss_dfl: 0.7, lr: 3.383e-09, size: (640, 640), ETA: 0:54:11
TCAPPDLL 2025-06-19 12:35:29.888697 - Epoch: 1 Iteration: 44  train.loss : 2.610783576965332  train.lr : 3.5421254681217954e-09  train.ips : 65.65461402399315 imgs/s
2025-06-19 12:35:29 | INFO     | damo.apis.detector_trainer:401 - epoch: 1/1, iter: 45/7393, mem: 6735Mb, iter_time: 0.244s, model_time: 0.199s, total_loss: 2.6, loss_cls: 0.7, loss_bbox: 1.1, loss_dfl: 0.8, lr: 3.542e-09, size: (640, 640), ETA: 0:53:38
TCAPPDLL 2025-06-19 12:35:30.157931 - Epoch: 1 Iteration: 45  train.loss : 2.509467124938965  train.lr : 3.7049607814807e-09  train.ips : 59.443241638677975 imgs/s
2025-06-19 12:35:30 | INFO     | damo.apis.detector_trainer:401 - epoch: 1/1, iter: 46/7393, mem: 6735Mb, iter_time: 0.269s, model_time: 0.221s, total_loss: 2.5, loss_cls: 0.5, loss_bbox: 1.2, loss_dfl: 0.8, lr: 3.705e-09, size: (640, 640), ETA: 0:53:10
TCAPPDLL 2025-06-19 12:35:30.419403 - Epoch: 1 Iteration: 46  train.loss : 2.5943470001220703  train.lr : 3.871455315364523e-09  train.ips : 61.174452459248926 imgs/s
2025-06-19 12:35:30 | INFO     | damo.apis.detector_trainer:401 - epoch: 1/1, iter: 47/7393, mem: 6735Mb, iter_time: 0.262s, model_time: 0.198s, total_loss: 2.6, loss_cls: 0.6, loss_bbox: 1.2, loss_dfl: 0.7, lr: 3.871e-09, size: (640, 640), ETA: 0:52:43
TCAPPDLL 2025-06-19 12:35:30.670955 - Epoch: 1 Iteration: 47  train.loss : 2.606384754180908  train.lr : 4.041609069773266e-09  train.ips : 63.60686079824453 imgs/s
2025-06-19 12:35:30 | INFO     | damo.apis.detector_trainer:401 - epoch: 1/1, iter: 48/7393, mem: 6735Mb, iter_time: 0.252s, model_time: 0.199s, total_loss: 2.6, loss_cls: 0.6, loss_bbox: 1.2, loss_dfl: 0.8, lr: 4.042e-09, size: (640, 640), ETA: 0:52:15
TCAPPDLL 2025-06-19 12:35:30.923565 - Epoch: 1 Iteration: 48  train.loss : 2.5290610790252686  train.lr : 4.21542204470693e-09  train.ips : 63.34849695504563 imgs/s
2025-06-19 12:35:30 | INFO     | damo.apis.detector_trainer:401 - epoch: 1/1, iter: 49/7393, mem: 6735Mb, iter_time: 0.253s, model_time: 0.210s, total_loss: 2.5, loss_cls: 0.6, loss_bbox: 1.2, loss_dfl: 0.7, lr: 4.215e-09, size: (640, 640), ETA: 0:51:48
TCAPPDLL 2025-06-19 12:35:31.220853 - Epoch: 1 Iteration: 49  train.loss : 2.5378875732421875  train.lr : 4.392894240165511e-09  train.ips : 53.81663843145352 imgs/s
2025-06-19 12:35:31 | INFO     | damo.apis.detector_trainer:401 - epoch: 1/1, iter: 50/7393, mem: 6735Mb, iter_time: 0.297s, model_time: 0.239s, total_loss: 2.5, loss_cls: 0.7, loss_bbox: 1.1, loss_dfl: 0.7, lr: 4.393e-09, size: (640, 640), ETA: 0:51:29
TCAPPDLL 2025-06-19 12:35:31.485888 - Epoch: 1 Iteration: 50  train.loss : 2.5351874828338623  train.lr : 4.574025656149012e-09  train.ips : 60.366689317050344 imgs/s
2025-06-19 12:35:31 | INFO     | damo.apis.detector_trainer:401 - epoch: 1/1, iter: 51/7393, mem: 6735Mb, iter_time: 0.265s, model_time: 0.211s, total_loss: 2.5, loss_cls: 0.6, loss_bbox: 1.1, loss_dfl: 0.7, lr: 4.574e-09, size: (640, 640), ETA: 0:51:07
TCAPPDLL 2025-06-19 12:35:31.762378 - Epoch: 1 Iteration: 51  train.loss : 2.5523056983947754  train.lr : 4.758816292657432e-09  train.ips : 57.87531952896342 imgs/s
2025-06-19 12:35:31 | INFO     | damo.apis.detector_trainer:401 - epoch: 1/1, iter: 52/7393, mem: 6735Mb, iter_time: 0.276s, model_time: 0.215s, total_loss: 2.6, loss_cls: 0.6, loss_bbox: 1.2, loss_dfl: 0.7, lr: 4.759e-09, size: (640, 640), ETA: 0:50:46
TCAPPDLL 2025-06-19 12:35:32.013713 - Epoch: 1 Iteration: 52  train.loss : 2.621220827102661  train.lr : 4.947266149690772e-09  train.ips : 63.679107028362836 imgs/s
2025-06-19 12:35:32 | INFO     | damo.apis.detector_trainer:401 - epoch: 1/1, iter: 53/7393, mem: 6735Mb, iter_time: 0.251s, model_time: 0.200s, total_loss: 2.6, loss_cls: 0.7, loss_bbox: 1.2, loss_dfl: 0.8, lr: 4.947e-09, size: (640, 640), ETA: 0:50:23
TCAPPDLL 2025-06-19 12:35:32.258553 - Epoch: 1 Iteration: 53  train.loss : 2.621124267578125  train.lr : 5.139375227249029e-09  train.ips : 65.32490587156103 imgs/s
2025-06-19 12:35:32 | INFO     | damo.apis.detector_trainer:401 - epoch: 1/1, iter: 54/7393, mem: 6735Mb, iter_time: 0.245s, model_time: 0.197s, total_loss: 2.6, loss_cls: 0.7, loss_bbox: 1.1, loss_dfl: 0.8, lr: 5.139e-09, size: (640, 640), ETA: 0:50:00
TCAPPDLL 2025-06-19 12:35:32.568872 - Epoch: 1 Iteration: 54  train.loss : 2.5186519622802734  train.lr : 5.335143525332208e-09  train.ips : 51.56120204230429 imgs/s
2025-06-19 12:35:32 | INFO     | damo.apis.detector_trainer:401 - epoch: 1/1, iter: 55/7393, mem: 6735Mb, iter_time: 0.310s, model_time: 0.261s, total_loss: 2.5, loss_cls: 0.5, loss_bbox: 1.2, loss_dfl: 0.7, lr: 5.335e-09, size: (640, 640), ETA: 0:49:47
TCAPPDLL 2025-06-19 12:35:32.830958 - Epoch: 1 Iteration: 55  train.loss : 2.5760133266448975  train.lr : 5.534571043940304e-09  train.ips : 61.04973827034533 imgs/s
2025-06-19 12:35:32 | INFO     | damo.apis.detector_trainer:401 - epoch: 1/1, iter: 56/7393, mem: 6735Mb, iter_time: 0.262s, model_time: 0.210s, total_loss: 2.6, loss_cls: 0.8, loss_bbox: 1.0, loss_dfl: 0.8, lr: 5.535e-09, size: (640, 640), ETA: 0:49:27
TCAPPDLL 2025-06-19 12:35:33.088654 - Epoch: 1 Iteration: 56  train.loss : 2.5926907062530518  train.lr : 5.73765778307332e-09  train.ips : 62.0787470256301 imgs/s
2025-06-19 12:35:33 | INFO     | damo.apis.detector_trainer:401 - epoch: 1/1, iter: 57/7393, mem: 6735Mb, iter_time: 0.258s, model_time: 0.203s, total_loss: 2.6, loss_cls: 0.7, loss_bbox: 1.1, loss_dfl: 0.8, lr: 5.738e-09, size: (640, 640), ETA: 0:49:08
TCAPPDLL 2025-06-19 12:35:33.334162 - Epoch: 1 Iteration: 57  train.loss : 2.5115246772766113  train.lr : 5.944403742731257e-09  train.ips : 65.17980229781011 imgs/s
2025-06-19 12:35:33 | INFO     | damo.apis.detector_trainer:401 - epoch: 1/1, iter: 58/7393, mem: 6735Mb, iter_time: 0.245s, model_time: 0.201s, total_loss: 2.5, loss_cls: 0.7, loss_bbox: 1.1, loss_dfl: 0.7, lr: 5.944e-09, size: (640, 640), ETA: 0:48:48
TCAPPDLL 2025-06-19 12:35:33.642591 - Epoch: 1 Iteration: 58  train.loss : 2.559581756591797  train.lr : 6.1548089229141105e-09  train.ips : 51.87944514291775 imgs/s
2025-06-19 12:35:33 | INFO     | damo.apis.detector_trainer:401 - epoch: 1/1, iter: 59/7393, mem: 6735Mb, iter_time: 0.308s, model_time: 0.257s, total_loss: 2.6, loss_cls: 0.6, loss_bbox: 1.2, loss_dfl: 0.7, lr: 6.155e-09, size: (640, 640), ETA: 0:48:36
TCAPPDLL 2025-06-19 12:35:33.892045 - Epoch: 1 Iteration: 59  train.loss : 2.5469391345977783  train.lr : 6.368873323621884e-09  train.ips : 64.12579583460685 imgs/s
2025-06-19 12:35:33 | INFO     | damo.apis.detector_trainer:401 - epoch: 1/1, iter: 60/7393, mem: 6735Mb, iter_time: 0.250s, model_time: 0.196s, total_loss: 2.5, loss_cls: 0.7, loss_bbox: 1.1, loss_dfl: 0.8, lr: 6.369e-09, size: (640, 640), ETA: 0:48:17
/root/miniconda3/envs/wyc_damoyolos/lib/python3.10/site-packages/torch/functional.py:504: UserWarning: torch.meshgrid: in an upcoming release, it will be required to pass the indexing argument. (Triggered internally at /opt/conda/conda-bld/pytorch_1682343995026/work/aten/src/ATen/native/TensorShape.cpp:3483.)
  return _VF.meshgrid(tensors, **kwargs)  # type: ignore[attr-defined]
TCAPPDLL 2025-06-19 12:35:34.135321 - Epoch: 1 Iteration: 60  train.loss : 2.6097660064697266  train.lr : 6.586596944854579e-09  train.ips : 65.76979078378366 imgs/s
2025-06-19 12:35:34 | INFO     | damo.apis.detector_trainer:401 - epoch: 1/1, iter: 61/7393, mem: 6735Mb, iter_time: 0.243s, model_time: 0.198s, total_loss: 2.6, loss_cls: 0.7, loss_bbox: 1.1, loss_dfl: 0.8, lr: 6.587e-09, size: (640, 640), ETA: 0:47:59
TCAPPDLL 2025-06-19 12:35:34.383537 - Epoch: 1 Iteration: 61  train.loss : 2.5220682621002197  train.lr : 6.80797978661219e-09  train.ips : 64.46093734535859 imgs/s
2025-06-19 12:35:34 | INFO     | damo.apis.detector_trainer:401 - epoch: 1/1, iter: 62/7393, mem: 6735Mb, iter_time: 0.248s, model_time: 0.203s, total_loss: 2.5, loss_cls: 0.6, loss_bbox: 1.2, loss_dfl: 0.8, lr: 6.808e-09, size: (640, 640), ETA: 0:47:41
/root/miniconda3/envs/wyc_damoyolos/lib/python3.10/site-packages/torch/functional.py:504: UserWarning: torch.meshgrid: in an upcoming release, it will be required to pass the indexing argument. (Triggered internally at /opt/conda/conda-bld/pytorch_1682343995026/work/aten/src/ATen/native/TensorShape.cpp:3483.)
  return _VF.meshgrid(tensors, **kwargs)  # type: ignore[attr-defined]
TCAPPDLL 2025-06-19 12:35:34.654722 - Epoch: 1 Iteration: 62  train.loss : 2.5927939414978027  train.lr : 7.033021848894721e-09  train.ips : 59.021605344879376 imgs/s
2025-06-19 12:35:34 | INFO     | damo.apis.detector_trainer:401 - epoch: 1/1, iter: 63/7393, mem: 6735Mb, iter_time: 0.271s, model_time: 0.217s, total_loss: 2.6, loss_cls: 0.6, loss_bbox: 1.2, loss_dfl: 0.8, lr: 7.033e-09, size: (640, 640), ETA: 0:47:27
TCAPPDLL 2025-06-19 12:35:34.948548 - Epoch: 1 Iteration: 63  train.loss : 2.552278757095337  train.lr : 7.261723131702171e-09  train.ips : 54.44076902369107 imgs/s
2025-06-19 12:35:34 | INFO     | damo.apis.detector_trainer:401 - epoch: 1/1, iter: 64/7393, mem: 6735Mb, iter_time: 0.294s, model_time: 0.203s, total_loss: 2.6, loss_cls: 0.6, loss_bbox: 1.2, loss_dfl: 0.8, lr: 7.262e-09, size: (640, 640), ETA: 0:47:16
TCAPPDLL 2025-06-19 12:35:35.209868 - Epoch: 1 Iteration: 64  train.loss : 2.6048784255981445  train.lr : 7.494083635034543e-09  train.ips : 61.222056865330245 imgs/s
2025-06-19 12:35:35 | INFO     | damo.apis.detector_trainer:401 - epoch: 1/1, iter: 65/7393, mem: 6735Mb, iter_time: 0.261s, model_time: 0.210s, total_loss: 2.6, loss_cls: 0.6, loss_bbox: 1.2, loss_dfl: 0.8, lr: 7.494e-09, size: (640, 640), ETA: 0:47:01
TCAPPDLL 2025-06-19 12:35:35.486624 - Epoch: 1 Iteration: 65  train.loss : 2.53257417678833  train.lr : 7.73010335889183e-09  train.ips : 57.82360680097624 imgs/s
2025-06-19 12:35:35 | INFO     | damo.apis.detector_trainer:401 - epoch: 1/1, iter: 66/7393, mem: 6735Mb, iter_time: 0.277s, model_time: 0.220s, total_loss: 2.5, loss_cls: 0.5, loss_bbox: 1.2, loss_dfl: 0.8, lr: 7.730e-09, size: (640, 640), ETA: 0:46:49
TCAPPDLL 2025-06-19 12:35:35.767526 - Epoch: 1 Iteration: 66  train.loss : 2.584062099456787  train.lr : 7.969782303274037e-09  train.ips : 56.96117370446362 imgs/s
2025-06-19 12:35:35 | INFO     | damo.apis.detector_trainer:401 - epoch: 1/1, iter: 67/7393, mem: 6735Mb, iter_time: 0.281s, model_time: 0.235s, total_loss: 2.6, loss_cls: 0.6, loss_bbox: 1.2, loss_dfl: 0.8, lr: 7.970e-09, size: (640, 640), ETA: 0:46:37
TCAPPDLL 2025-06-19 12:35:36.041170 - Epoch: 1 Iteration: 67  train.loss : 2.5635266304016113  train.lr : 8.213120468181167e-09  train.ips : 58.46040658572664 imgs/s
2025-06-19 12:35:36 | INFO     | damo.apis.detector_trainer:401 - epoch: 1/1, iter: 68/7393, mem: 6735Mb, iter_time: 0.274s, model_time: 0.211s, total_loss: 2.6, loss_cls: 0.6, loss_bbox: 1.3, loss_dfl: 0.8, lr: 8.213e-09, size: (640, 640), ETA: 0:46:25
TCAPPDLL 2025-06-19 12:35:36.289466 - Epoch: 1 Iteration: 68  train.loss : 2.531815767288208  train.lr : 8.460117853613212e-09  train.ips : 64.44255309538671 imgs/s
2025-06-19 12:35:36 | INFO     | damo.apis.detector_trainer:401 - epoch: 1/1, iter: 69/7393, mem: 6735Mb, iter_time: 0.248s, model_time: 0.198s, total_loss: 2.5, loss_cls: 0.7, loss_bbox: 1.0, loss_dfl: 0.8, lr: 8.460e-09, size: (640, 640), ETA: 0:46:11
TCAPPDLL 2025-06-19 12:35:36.543178 - Epoch: 1 Iteration: 69  train.loss : 2.533417224884033  train.lr : 8.710774459570178e-09  train.ips : 63.05748347944676 imgs/s
2025-06-19 12:35:36 | INFO     | damo.apis.detector_trainer:401 - epoch: 1/1, iter: 70/7393, mem: 6735Mb, iter_time: 0.254s, model_time: 0.201s, total_loss: 2.5, loss_cls: 0.7, loss_bbox: 1.1, loss_dfl: 0.8, lr: 8.711e-09, size: (640, 640), ETA: 0:45:57
TCAPPDLL 2025-06-19 12:35:36.795216 - Epoch: 1 Iteration: 70  train.loss : 2.543360710144043  train.lr : 8.965090286052064e-09  train.ips : 63.49149906591585 imgs/s
2025-06-19 12:35:36 | INFO     | damo.apis.detector_trainer:401 - epoch: 1/1, iter: 71/7393, mem: 6735Mb, iter_time: 0.252s, model_time: 0.204s, total_loss: 2.5, loss_cls: 0.5, loss_bbox: 1.3, loss_dfl: 0.7, lr: 8.965e-09, size: (640, 640), ETA: 0:45:44
TCAPPDLL 2025-06-19 12:35:37.108306 - Epoch: 1 Iteration: 71  train.loss : 2.5790698528289795  train.lr : 9.223065333058869e-09  train.ips : 51.103813688115295 imgs/s
2025-06-19 12:35:37 | INFO     | damo.apis.detector_trainer:401 - epoch: 1/1, iter: 72/7393, mem: 6735Mb, iter_time: 0.313s, model_time: 0.256s, total_loss: 2.6, loss_cls: 0.6, loss_bbox: 1.2, loss_dfl: 0.8, lr: 9.223e-09, size: (640, 640), ETA: 0:45:38
TCAPPDLL 2025-06-19 12:35:37.357824 - Epoch: 1 Iteration: 72  train.loss : 2.5547797679901123  train.lr : 9.484699600590591e-09  train.ips : 64.11568699920828 imgs/s
2025-06-19 12:35:37 | INFO     | damo.apis.detector_trainer:401 - epoch: 1/1, iter: 73/7393, mem: 6735Mb, iter_time: 0.250s, model_time: 0.201s, total_loss: 2.6, loss_cls: 0.7, loss_bbox: 1.1, loss_dfl: 0.8, lr: 9.485e-09, size: (640, 640), ETA: 0:45:25
TCAPPDLL 2025-06-19 12:35:37.602738 - Epoch: 1 Iteration: 73  train.loss : 2.546414375305176  train.lr : 9.749993088647233e-09  train.ips : 65.32357054307096 imgs/s
2025-06-19 12:35:37 | INFO     | damo.apis.detector_trainer:401 - epoch: 1/1, iter: 74/7393, mem: 6735Mb, iter_time: 0.245s, model_time: 0.196s, total_loss: 2.5, loss_cls: 0.5, loss_bbox: 1.3, loss_dfl: 0.7, lr: 9.750e-09, size: (640, 640), ETA: 0:45:12
TCAPPDLL 2025-06-19 12:35:37.856891 - Epoch: 1 Iteration: 74  train.loss : 2.474998950958252  train.lr : 1.0018945797228794e-08  train.ips : 62.96294283880732 imgs/s
2025-06-19 12:35:37 | INFO     | damo.apis.detector_trainer:401 - epoch: 1/1, iter: 75/7393, mem: 6735Mb, iter_time: 0.254s, model_time: 0.201s, total_loss: 2.5, loss_cls: 0.6, loss_bbox: 1.2, loss_dfl: 0.7, lr: 1.002e-08, size: (640, 640), ETA: 0:45:00
TCAPPDLL 2025-06-19 12:35:38.162228 - Epoch: 1 Iteration: 75  train.loss : 2.521247148513794  train.lr : 1.0291557726335278e-08  train.ips : 52.40206658650688 imgs/s
2025-06-19 12:35:38 | INFO     | damo.apis.detector_trainer:401 - epoch: 1/1, iter: 76/7393, mem: 6735Mb, iter_time: 0.305s, model_time: 0.235s, total_loss: 2.5, loss_cls: 0.6, loss_bbox: 1.2, loss_dfl: 0.8, lr: 1.029e-08, size: (640, 640), ETA: 0:44:53
TCAPPDLL 2025-06-19 12:35:38.410842 - Epoch: 1 Iteration: 76  train.loss : 2.606452226638794  train.lr : 1.0567828875966678e-08  train.ips : 64.35331896530712 imgs/s
2025-06-19 12:35:38 | INFO     | damo.apis.detector_trainer:401 - epoch: 1/1, iter: 77/7393, mem: 6926Mb, iter_time: 0.249s, model_time: 0.204s, total_loss: 2.6, loss_cls: 0.7, loss_bbox: 1.2, loss_dfl: 0.7, lr: 1.057e-08, size: (640, 640), ETA: 0:44:42
TCAPPDLL 2025-06-19 12:35:38.655236 - Epoch: 1 Iteration: 77  train.loss : 2.5437216758728027  train.lr : 1.0847759246122997e-08  train.ips : 65.46031124699523 imgs/s
2025-06-19 12:35:38 | INFO     | damo.apis.detector_trainer:401 - epoch: 1/1, iter: 78/7393, mem: 6926Mb, iter_time: 0.244s, model_time: 0.193s, total_loss: 2.5, loss_cls: 0.6, loss_bbox: 1.2, loss_dfl: 0.8, lr: 1.085e-08, size: (640, 640), ETA: 0:44:30
TCAPPDLL 2025-06-19 12:35:38.910646 - Epoch: 1 Iteration: 78  train.loss : 2.5634703636169434  train.lr : 1.1131348836804234e-08  train.ips : 62.644912558177566 imgs/s
2025-06-19 12:35:38 | INFO     | damo.apis.detector_trainer:401 - epoch: 1/1, iter: 79/7393, mem: 6926Mb, iter_time: 0.255s, model_time: 0.205s, total_loss: 2.6, loss_cls: 0.6, loss_bbox: 1.2, loss_dfl: 0.8, lr: 1.113e-08, size: (640, 640), ETA: 0:44:19
TCAPPDLL 2025-06-19 12:35:39.192359 - Epoch: 1 Iteration: 79  train.loss : 2.5608816146850586  train.lr : 1.1418597648010392e-08  train.ips : 56.820635410986675 imgs/s
2025-06-19 12:35:39 | INFO     | damo.apis.detector_trainer:401 - epoch: 1/1, iter: 80/7393, mem: 6926Mb, iter_time: 0.282s, model_time: 0.231s, total_loss: 2.6, loss_cls: 0.5, loss_bbox: 1.3, loss_dfl: 0.8, lr: 1.142e-08, size: (640, 640), ETA: 0:44:12
TCAPPDLL 2025-06-19 12:35:39.444006 - Epoch: 1 Iteration: 80  train.loss : 2.6219305992126465  train.lr : 1.1709505679741468e-08  train.ips : 63.55150470602141 imgs/s
2025-06-19 12:35:39 | INFO     | damo.apis.detector_trainer:401 - epoch: 1/1, iter: 81/7393, mem: 6926Mb, iter_time: 0.252s, model_time: 0.195s, total_loss: 2.6, loss_cls: 0.7, loss_bbox: 1.1, loss_dfl: 0.8, lr: 1.171e-08, size: (640, 640), ETA: 0:44:01
TCAPPDLL 2025-06-19 12:35:39.698179 - Epoch: 1 Iteration: 81  train.loss : 2.54628324508667  train.lr : 1.2004072931997463e-08  train.ips : 62.94788278792971 imgs/s
2025-06-19 12:35:39 | INFO     | damo.apis.detector_trainer:401 - epoch: 1/1, iter: 82/7393, mem: 6926Mb, iter_time: 0.254s, model_time: 0.202s, total_loss: 2.5, loss_cls: 0.5, loss_bbox: 1.3, loss_dfl: 0.7, lr: 1.200e-08, size: (640, 640), ETA: 0:43:51
TCAPPDLL 2025-06-19 12:35:39.955316 - Epoch: 1 Iteration: 82  train.loss : 2.570505142211914  train.lr : 1.2302299404778385e-08  train.ips : 62.243073695835385 imgs/s
2025-06-19 12:35:39 | INFO     | damo.apis.detector_trainer:401 - epoch: 1/1, iter: 83/7393, mem: 6926Mb, iter_time: 0.257s, model_time: 0.209s, total_loss: 2.6, loss_cls: 0.7, loss_bbox: 1.1, loss_dfl: 0.8, lr: 1.230e-08, size: (640, 640), ETA: 0:43:42
TCAPPDLL 2025-06-19 12:35:40.224914 - Epoch: 1 Iteration: 83  train.loss : 2.5154218673706055  train.lr : 1.2604185098084218e-08  train.ips : 59.329885185005594 imgs/s
2025-06-19 12:35:40 | INFO     | damo.apis.detector_trainer:401 - epoch: 1/1, iter: 84/7393, mem: 6926Mb, iter_time: 0.270s, model_time: 0.204s, total_loss: 2.5, loss_cls: 0.7, loss_bbox: 1.1, loss_dfl: 0.8, lr: 1.260e-08, size: (640, 640), ETA: 0:43:34
TCAPPDLL 2025-06-19 12:35:40.478176 - Epoch: 1 Iteration: 84  train.loss : 2.5809903144836426  train.lr : 1.2909730011914972e-08  train.ips : 63.17549428532419 imgs/s
2025-06-19 12:35:40 | INFO     | damo.apis.detector_trainer:401 - epoch: 1/1, iter: 85/7393, mem: 6926Mb, iter_time: 0.253s, model_time: 0.206s, total_loss: 2.6, loss_cls: 0.6, loss_bbox: 1.3, loss_dfl: 0.8, lr: 1.291e-08, size: (640, 640), ETA: 0:43:24
TCAPPDLL 2025-06-19 12:35:40.714687 - Epoch: 1 Iteration: 85  train.loss : 2.5748822689056396  train.lr : 1.3218934146270645e-08  train.ips : 67.65654343533694 imgs/s
2025-06-19 12:35:40 | INFO     | damo.apis.detector_trainer:401 - epoch: 1/1, iter: 86/7393, mem: 6926Mb, iter_time: 0.236s, model_time: 0.195s, total_loss: 2.6, loss_cls: 0.7, loss_bbox: 1.1, loss_dfl: 0.8, lr: 1.322e-08, size: (640, 640), ETA: 0:43:14
/root/miniconda3/envs/wyc_damoyolos/lib/python3.10/site-packages/torch/functional.py:504: UserWarning: torch.meshgrid: in an upcoming release, it will be required to pass the indexing argument. (Triggered internally at /opt/conda/conda-bld/pytorch_1682343995026/work/aten/src/ATen/native/TensorShape.cpp:3483.)
  return _VF.meshgrid(tensors, **kwargs)  # type: ignore[attr-defined]
TCAPPDLL 2025-06-19 12:35:40.980067 - Epoch: 1 Iteration: 86  train.loss : 2.6173200607299805  train.lr : 1.3531797501151235e-08  train.ips : 60.316556053296274 imgs/s
2025-06-19 12:35:40 | INFO     | damo.apis.detector_trainer:401 - epoch: 1/1, iter: 87/7393, mem: 6926Mb, iter_time: 0.265s, model_time: 0.211s, total_loss: 2.6, loss_cls: 0.6, loss_bbox: 1.3, loss_dfl: 0.8, lr: 1.353e-08, size: (640, 640), ETA: 0:43:06
TCAPPDLL 2025-06-19 12:35:41.227910 - Epoch: 1 Iteration: 87  train.loss : 2.598112106323242  train.lr : 1.3848320076556747e-08  train.ips : 64.52198383161428 imgs/s
2025-06-19 12:35:41 | INFO     | damo.apis.detector_trainer:401 - epoch: 1/1, iter: 88/7393, mem: 6926Mb, iter_time: 0.248s, model_time: 0.194s, total_loss: 2.6, loss_cls: 0.7, loss_bbox: 1.1, loss_dfl: 0.8, lr: 1.385e-08, size: (640, 640), ETA: 0:42:57
TCAPPDLL 2025-06-19 12:35:41.490388 - Epoch: 1 Iteration: 88  train.loss : 2.557281970977783  train.lr : 1.4168501872487181e-08  train.ips : 60.97236140319974 imgs/s
2025-06-19 12:35:41 | INFO     | damo.apis.detector_trainer:401 - epoch: 1/1, iter: 89/7393, mem: 6926Mb, iter_time: 0.262s, model_time: 0.215s, total_loss: 2.6, loss_cls: 0.7, loss_bbox: 1.1, loss_dfl: 0.8, lr: 1.417e-08, size: (640, 640), ETA: 0:42:49
TCAPPDLL 2025-06-19 12:35:41.752294 - Epoch: 1 Iteration: 89  train.loss : 2.5488038063049316  train.lr : 1.4492342888942531e-08  train.ips : 61.079687764572284 imgs/s
2025-06-19 12:35:41 | INFO     | damo.apis.detector_trainer:401 - epoch: 1/1, iter: 90/7393, mem: 6926Mb, iter_time: 0.262s, model_time: 0.211s, total_loss: 2.5, loss_cls: 0.7, loss_bbox: 1.1, loss_dfl: 0.7, lr: 1.449e-08, size: (640, 640), ETA: 0:42:41
TCAPPDLL 2025-06-19 12:35:42.005325 - Epoch: 1 Iteration: 90  train.loss : 2.5741422176361084  train.lr : 1.48198431259228e-08  train.ips : 63.22912464648924 imgs/s
2025-06-19 12:35:42 | INFO     | damo.apis.detector_trainer:401 - epoch: 1/1, iter: 91/7393, mem: 6956Mb, iter_time: 0.253s, model_time: 0.203s, total_loss: 2.6, loss_cls: 0.5, loss_bbox: 1.3, loss_dfl: 0.8, lr: 1.482e-08, size: (640, 640), ETA: 0:42:33
TCAPPDLL 2025-06-19 12:35:42.259979 - Epoch: 1 Iteration: 91  train.loss : 2.531367063522339  train.lr : 1.5151002583427988e-08  train.ips : 62.841839961215705 imgs/s
2025-06-19 12:35:42 | INFO     | damo.apis.detector_trainer:401 - epoch: 1/1, iter: 92/7393, mem: 6956Mb, iter_time: 0.255s, model_time: 0.200s, total_loss: 2.5, loss_cls: 0.7, loss_bbox: 1.0, loss_dfl: 0.8, lr: 1.515e-08, size: (640, 640), ETA: 0:42:25
TCAPPDLL 2025-06-19 12:35:42.502163 - Epoch: 1 Iteration: 92  train.loss : 2.5576367378234863  train.lr : 1.5485821261458093e-08  train.ips : 66.058077878125 imgs/s
2025-06-19 12:35:42 | INFO     | damo.apis.detector_trainer:401 - epoch: 1/1, iter: 93/7393, mem: 6956Mb, iter_time: 0.242s, model_time: 0.198s, total_loss: 2.6, loss_cls: 0.5, loss_bbox: 1.3, loss_dfl: 0.8, lr: 1.549e-08, size: (640, 640), ETA: 0:42:17
TCAPPDLL 2025-06-19 12:35:42.797320 - Epoch: 1 Iteration: 93  train.loss : 2.6451146602630615  train.lr : 1.582429916001312e-08  train.ips : 54.21011016093374 imgs/s
2025-06-19 12:35:42 | INFO     | damo.apis.detector_trainer:401 - epoch: 1/1, iter: 94/7393, mem: 6956Mb, iter_time: 0.295s, model_time: 0.235s, total_loss: 2.6, loss_cls: 0.5, loss_bbox: 1.4, loss_dfl: 0.7, lr: 1.582e-08, size: (640, 640), ETA: 0:42:12
TCAPPDLL 2025-06-19 12:35:43.059508 - Epoch: 1 Iteration: 94  train.loss : 2.5517308712005615  train.lr : 1.6166436279093065e-08  train.ips : 61.01859752509019 imgs/s
2025-06-19 12:35:43 | INFO     | damo.apis.detector_trainer:401 - epoch: 1/1, iter: 95/7393, mem: 6956Mb, iter_time: 0.262s, model_time: 0.208s, total_loss: 2.6, loss_cls: 0.7, loss_bbox: 1.1, loss_dfl: 0.7, lr: 1.617e-08, size: (640, 640), ETA: 0:42:05
TCAPPDLL 2025-06-19 12:35:43.312932 - Epoch: 1 Iteration: 95  train.loss : 2.544461488723755  train.lr : 1.6512232618697935e-08  train.ips : 63.13531633125132 imgs/s
2025-06-19 12:35:43 | INFO     | damo.apis.detector_trainer:401 - epoch: 1/1, iter: 96/7393, mem: 6956Mb, iter_time: 0.253s, model_time: 0.207s, total_loss: 2.5, loss_cls: 0.7, loss_bbox: 1.1, loss_dfl: 0.7, lr: 1.651e-08, size: (640, 640), ETA: 0:41:58
TCAPPDLL 2025-06-19 12:35:43.560278 - Epoch: 1 Iteration: 96  train.loss : 2.5302114486694336  train.lr : 1.686168817882772e-08  train.ips : 64.69409204883837 imgs/s
2025-06-19 12:35:43 | INFO     | damo.apis.detector_trainer:401 - epoch: 1/1, iter: 97/7393, mem: 6956Mb, iter_time: 0.247s, model_time: 0.200s, total_loss: 2.5, loss_cls: 0.7, loss_bbox: 1.0, loss_dfl: 0.8, lr: 1.686e-08, size: (640, 640), ETA: 0:41:50
TCAPPDLL 2025-06-19 12:35:43.820356 - Epoch: 1 Iteration: 97  train.loss : 2.5434913635253906  train.lr : 1.7214802959482423e-08  train.ips : 61.51370056591806 imgs/s
2025-06-19 12:35:43 | INFO     | damo.apis.detector_trainer:401 - epoch: 1/1, iter: 98/7393, mem: 6956Mb, iter_time: 0.260s, model_time: 0.212s, total_loss: 2.5, loss_cls: 0.7, loss_bbox: 1.1, loss_dfl: 0.8, lr: 1.721e-08, size: (640, 640), ETA: 0:41:44
TCAPPDLL 2025-06-19 12:35:44.139414 - Epoch: 1 Iteration: 98  train.loss : 2.624220371246338  train.lr : 1.7571576960662044e-08  train.ips : 50.14628211043222 imgs/s
2025-06-19 12:35:44 | INFO     | damo.apis.detector_trainer:401 - epoch: 1/1, iter: 99/7393, mem: 6956Mb, iter_time: 0.319s, model_time: 0.244s, total_loss: 2.6, loss_cls: 0.6, loss_bbox: 1.2, loss_dfl: 0.8, lr: 1.757e-08, size: (640, 640), ETA: 0:41:41
TCAPPDLL 2025-06-19 12:35:44.394399 - Epoch: 1 Iteration: 99  train.loss : 2.5368618965148926  train.lr : 1.7932010182366585e-08  train.ips : 62.753753260512134 imgs/s
2025-06-19 12:35:44 | INFO     | damo.apis.detector_trainer:401 - epoch: 1/1, iter: 100/7393, mem: 6956Mb, iter_time: 0.255s, model_time: 0.205s, total_loss: 2.5, loss_cls: 0.5, loss_bbox: 1.2, loss_dfl: 0.8, lr: 1.793e-08, size: (640, 640), ETA: 0:41:35
2025-06-19 12:35:45 | INFO     | damo.apis.detector_trainer:432 - Save weights to ./workdirs/damoyolo_tinynasL25_S
