Training with a single process on 1 device (cuda).
Model regnetv_040 created, param count:20640640
Data processing configuration for current model + dataset:
	input_size: (3, 224, 224)
	interpolation: bicubic
	mean: (0.485, 0.456, 0.406)
	std: (0.229, 0.224, 0.225)
	crop_pct: 0.95
	crop_mode: center
Created SGD (sgd) optimizer: lr: 0.4, momentum: 0.9, dampening: 0, weight_decay: 2e-05, nesterov: True, maximize: False, foreach: None, differentiable: False, fused: None
Using native Torch AMP. Training in mixed precision.
Scheduled epochs: 1 (epochs + cooldown_epochs). Warmup within epochs when warmup_prefix=False. LR stepped per epoch.
TCAPPDLL 2025-12-11 17:51:30.553737 - Epoch: 0 Iteration: 0  rank : 0  train.loss : 6.912391662597656  train.ips : 72315.58620689655 imgs/s train.total_time : 0.00022125244140625
TCAPPDLL 2025-12-11 17:51:30.635892 - Epoch: 0 Iteration: 1  rank : 0  train.loss : 6.940672874450684  train.ips : 160164.35322195705 imgs/s train.total_time : 9.989738464355469e-05
TCAPPDLL 2025-12-11 17:51:30.687729 - Epoch: 0 Iteration: 2  rank : 0  train.loss : 6.916844367980957  train.ips : 143395.00854700856 imgs/s train.total_time : 0.00011157989501953125
TCAPPDLL 2025-12-11 17:51:30.762215 - Epoch: 0 Iteration: 3  rank : 0  train.loss : 6.91077995300293  train.ips : 129304.16955684008 imgs/s train.total_time : 0.00012373924255371094
TCAPPDLL 2025-12-11 17:51:30.825139 - Epoch: 0 Iteration: 4  rank : 0  train.loss : 6.8970160484313965  train.ips : 169039.959697733 imgs/s train.total_time : 9.465217590332031e-05
TCAPPDLL 2025-12-11 17:51:30.875727 - Epoch: 0 Iteration: 5  rank : 0  train.loss : 6.91724157333374  train.ips : 157532.54460093897 imgs/s train.total_time : 0.00010156631469726562
TCAPPDLL 2025-12-11 17:51:30.928800 - Epoch: 0 Iteration: 6  rank : 0  train.loss : 6.89055061340332  train.ips : 159025.7440758294 imgs/s train.total_time : 0.00010061264038085938
TCAPPDLL 2025-12-11 17:51:30.985048 - Epoch: 0 Iteration: 7  rank : 0  train.loss : 6.934442520141602  train.ips : 155705.02088167053 imgs/s train.total_time : 0.00010275840759277344
TCAPPDLL 2025-12-11 17:51:31.036209 - Epoch: 0 Iteration: 8  rank : 0  train.loss : 6.908430099487305  train.ips : 156067.12558139535 imgs/s train.total_time : 0.00010251998901367188
TCAPPDLL 2025-12-11 17:51:34.296416 - Epoch: 0 Iteration: 9  rank : 0  train.loss : 6.922169208526611  train.ips : 106691.35771065184 imgs/s train.total_time : 0.0001499652862548828
TCAPPDLL 2025-12-11 17:51:34.360162 - Epoch: 0 Iteration: 10  rank : 0  train.loss : 6.897023677825928  train.ips : 149796.57142857142 imgs/s train.total_time : 0.0001068115234375
TCAPPDLL 2025-12-11 17:51:34.415036 - Epoch: 0 Iteration: 11  rank : 0  train.loss : 6.876890659332275  train.ips : 155705.02088167053 imgs/s train.total_time : 0.00010275840759277344
TCAPPDLL 2025-12-11 17:51:34.462140 - Epoch: 0 Iteration: 12  rank : 0  train.loss : 6.933139324188232  train.ips : 157903.2094117647 imgs/s train.total_time : 0.00010132789611816406
TCAPPDLL 2025-12-11 17:51:38.036508 - Epoch: 0 Iteration: 13  rank : 0  train.loss : 6.873358726501465  train.ips : 77403.53402537486 imgs/s train.total_time : 0.0002067089080810547
TCAPPDLL 2025-12-11 17:51:38.097543 - Epoch: 0 Iteration: 14  rank : 0  train.loss : 6.932860851287842  train.ips : 130055.93798449612 imgs/s train.total_time : 0.00012302398681640625
TCAPPDLL 2025-12-11 17:51:38.149662 - Epoch: 0 Iteration: 15  rank : 0  train.loss : 6.915537357330322  train.ips : 142481.6645435244 imgs/s train.total_time : 0.00011229515075683594
TCAPPDLL 2025-12-11 17:51:38.204123 - Epoch: 0 Iteration: 16  rank : 0  train.loss : 6.922347068786621  train.ips : 147492.0087912088 imgs/s train.total_time : 0.00010848045349121094
TCAPPDLL 2025-12-11 17:51:41.474493 - Epoch: 0 Iteration: 17  rank : 0  train.loss : 6.89505672454834  train.ips : 96420.7816091954 imgs/s train.total_time : 0.0001659393310546875
TCAPPDLL 2025-12-11 17:51:41.541889 - Epoch: 0 Iteration: 18  rank : 0  train.loss : 6.897831916809082  train.ips : 130055.93798449612 imgs/s train.total_time : 0.00012302398681640625
TCAPPDLL 2025-12-11 17:51:41.602444 - Epoch: 0 Iteration: 19  rank : 0  train.loss : 6.905356407165527  train.ips : 125907.81238273921 imgs/s train.total_time : 0.0001270771026611328
TCAPPDLL 2025-12-11 17:51:41.662959 - Epoch: 0 Iteration: 20  rank : 0  train.loss : 6.931654453277588  train.ips : 133949.82834331336 imgs/s train.total_time : 0.00011944770812988281
TCAPPDLL 2025-12-11 17:51:46.031876 - Epoch: 0 Iteration: 21  rank : 0  train.loss : 6.892826557159424  train.ips : 73746.0043956044 imgs/s train.total_time : 0.00021696090698242188
TCAPPDLL 2025-12-11 17:51:46.109375 - Epoch: 0 Iteration: 22  rank : 0  train.loss : 6.941908836364746  train.ips : 101680.09696969697 imgs/s train.total_time : 0.00015735626220703125
TCAPPDLL 2025-12-11 17:51:46.178665 - Epoch: 0 Iteration: 23  rank : 0  train.loss : 6.924293041229248  train.ips : 141579.88185654007 imgs/s train.total_time : 0.00011301040649414062
TCAPPDLL 2025-12-11 17:51:46.239873 - Epoch: 0 Iteration: 24  rank : 0  train.loss : 6.899574279785156  train.ips : 138654.67768595042 imgs/s train.total_time : 0.00011539459228515625
TCAPPDLL 2025-12-11 17:51:49.330322 - Epoch: 0 Iteration: 25  rank : 0  train.loss : 6.927706718444824  train.ips : 85707.36143039592 imgs/s train.total_time : 0.00018668174743652344
TCAPPDLL 2025-12-11 17:51:49.412413 - Epoch: 0 Iteration: 26  rank : 0  train.loss : 6.905062675476074  train.ips : 93336.38942976356 imgs/s train.total_time : 0.00017142295837402344
TCAPPDLL 2025-12-11 17:51:49.485182 - Epoch: 0 Iteration: 27  rank : 0  train.loss : 6.9001851081848145  train.ips : 130308.47378640776 imgs/s train.total_time : 0.0001227855682373047
TCAPPDLL 2025-12-11 17:51:49.657289 - Epoch: 0 Iteration: 28  rank : 0  train.loss : 6.940483570098877  train.ips : 103403.48844375963 imgs/s train.total_time : 0.00015473365783691406
TCAPPDLL 2025-12-11 17:51:52.929522 - Epoch: 0 Iteration: 29  rank : 0  train.loss : 6.950161933898926  train.ips : 49747.119347664935 imgs/s train.total_time : 0.0003216266632080078
TCAPPDLL 2025-12-11 17:51:53.232679 - Epoch: 0 Iteration: 30  rank : 0  train.loss : 6.9512128829956055  train.ips : 94519.52676056339 imgs/s train.total_time : 0.00016927719116210938
TCAPPDLL 2025-12-11 17:51:53.306370 - Epoch: 0 Iteration: 31  rank : 0  train.loss : 6.970013618469238  train.ips : 111476.51827242525 imgs/s train.total_time : 0.00014352798461914062
TCAPPDLL 2025-12-11 17:51:53.376110 - Epoch: 0 Iteration: 32  rank : 0  train.loss : 6.8804802894592285  train.ips : 120699.39568345324 imgs/s train.total_time : 0.00013256072998046875
TCAPPDLL 2025-12-11 17:51:57.954379 - Epoch: 0 Iteration: 33  rank : 0  train.loss : 6.9374213218688965  train.ips : 98400.09384164223 imgs/s train.total_time : 0.00016260147094726562
TCAPPDLL 2025-12-11 17:51:58.025795 - Epoch: 0 Iteration: 34  rank : 0  train.loss : 6.878666877746582  train.ips : 136123.45638945233 imgs/s train.total_time : 0.00011754035949707031
TCAPPDLL 2025-12-11 17:51:58.075709 - Epoch: 0 Iteration: 35  rank : 0  train.loss : 6.969814300537109  train.ips : 149130.8088888889 imgs/s train.total_time : 0.00010728836059570312
TCAPPDLL 2025-12-11 17:51:58.127178 - Epoch: 0 Iteration: 36  rank : 0  train.loss : 6.935054779052734  train.ips : 156430.91841491841 imgs/s train.total_time : 0.00010228157043457031
TCAPPDLL 2025-12-11 17:52:01.219863 - Epoch: 0 Iteration: 37  rank : 0  train.loss : 6.955735206604004  train.ips : 88651.07529722589 imgs/s train.total_time : 0.0001804828643798828
TCAPPDLL 2025-12-11 17:52:01.274206 - Epoch: 0 Iteration: 38  rank : 0  train.loss : 6.9016008377075195  train.ips : 119623.64349376113 imgs/s train.total_time : 0.00013375282287597656
TCAPPDLL 2025-12-11 17:52:01.329760 - Epoch: 0 Iteration: 39  rank : 0  train.loss : 6.90226936340332  train.ips : 93466.3844011142 imgs/s train.total_time : 0.00017118453979492188
TCAPPDLL 2025-12-11 17:52:01.392846 - Epoch: 0 Iteration: 40  rank : 0  train.loss : 6.949568748474121  train.ips : 93206.75555555556 imgs/s train.total_time : 0.000171661376953125
TCAPPDLL 2025-12-11 17:52:04.803656 - Epoch: 0 Iteration: 41  rank : 0  train.loss : 6.870508670806885  train.ips : 80951.58504221954 imgs/s train.total_time : 0.0001976490020751953
TCAPPDLL 2025-12-11 17:52:04.866707 - Epoch: 0 Iteration: 42  rank : 0  train.loss : 6.900538444519043  train.ips : 94652.84062059238 imgs/s train.total_time : 0.0001690387725830078
TCAPPDLL 2025-12-11 17:52:04.921979 - Epoch: 0 Iteration: 43  rank : 0  train.loss : 6.906519412994385  train.ips : 114520.2457337884 imgs/s train.total_time : 0.00013971328735351562
TCAPPDLL 2025-12-11 17:52:04.984097 - Epoch: 0 Iteration: 44  rank : 0  train.loss : 6.930543899536133  train.ips : 95596.67236467237 imgs/s train.total_time : 0.00016736984252929688
TCAPPDLL 2025-12-11 17:52:08.165192 - Epoch: 0 Iteration: 45  rank : 0  train.loss : 6.9236159324646  train.ips : 135847.9028340081 imgs/s train.total_time : 0.00011777877807617188
TCAPPDLL 2025-12-11 17:52:08.222862 - Epoch: 0 Iteration: 46  rank : 0  train.loss : 6.873322486877441  train.ips : 144010.43776824034 imgs/s train.total_time : 0.00011110305786132812
TCAPPDLL 2025-12-11 17:52:08.280364 - Epoch: 0 Iteration: 47  rank : 0  train.loss : 6.898313045501709  train.ips : 178481.02127659574 imgs/s train.total_time : 8.96453857421875e-05
TCAPPDLL 2025-12-11 17:52:08.336727 - Epoch: 0 Iteration: 48  rank : 0  train.loss : 6.867570877075195  train.ips : 148143.1876379691 imgs/s train.total_time : 0.00010800361633300781
TCAPPDLL 2025-12-11 17:52:13.212218 - Epoch: 0 Iteration: 49  rank : 0  train.loss : 6.960633277893066  train.ips : 83991.06883604506 imgs/s train.total_time : 0.00019049644470214844
TCAPPDLL 2025-12-11 17:52:13.269124 - Epoch: 0 Iteration: 50  rank : 0  train.loss : 6.919449806213379  train.ips : 122238.3679417122 imgs/s train.total_time : 0.0001308917999267578
TCAPPDLL 2025-12-11 17:52:13.319498 - Epoch: 0 Iteration: 51  rank : 0  train.loss : 6.899805068969727  train.ips : 138368.79175257732 imgs/s train.total_time : 0.00011563301086425781
TCAPPDLL 2025-12-11 17:52:13.376392 - Epoch: 0 Iteration: 52  rank : 0  train.loss : 6.8966145515441895  train.ips : 141579.88185654007 imgs/s train.total_time : 0.00011301040649414062
TCAPPDLL 2025-12-11 17:52:16.728151 - Epoch: 0 Iteration: 53  rank : 0  train.loss : 6.910305500030518  train.ips : 86258.17994858611 imgs/s train.total_time : 0.00018548965454101562
TCAPPDLL 2025-12-11 17:52:16.792172 - Epoch: 0 Iteration: 54  rank : 0  train.loss : 6.893559455871582  train.ips : 121794.67150635208 imgs/s train.total_time : 0.00013136863708496094
TCAPPDLL 2025-12-11 17:52:16.851588 - Epoch: 0 Iteration: 55  rank : 0  train.loss : 6.917089462280273  train.ips : 121135.13357400722 imgs/s train.total_time : 0.00013208389282226562
TCAPPDLL 2025-12-11 17:52:16.908336 - Epoch: 0 Iteration: 56  rank : 0  train.loss : 6.929324626922607  train.ips : 138941.7474120083 imgs/s train.total_time : 0.00011515617370605469
TCAPPDLL 2025-12-11 17:52:20.314182 - Epoch: 0 Iteration: 57  rank : 0  train.loss : 6.905104637145996  train.ips : 138654.67768595042 imgs/s train.total_time : 0.00011539459228515625
TCAPPDLL 2025-12-11 17:52:20.372705 - Epoch: 0 Iteration: 58  rank : 0  train.loss : 6.903080463409424  train.ips : 136956.86530612246 imgs/s train.total_time : 0.00011682510375976562
TCAPPDLL 2025-12-11 17:52:20.432540 - Epoch: 0 Iteration: 59  rank : 0  train.loss : 6.928606986999512  train.ips : 135573.46262626263 imgs/s train.total_time : 0.00011801719665527344
TCAPPDLL 2025-12-11 17:52:20.493930 - Epoch: 0 Iteration: 60  rank : 0  train.loss : 6.855724334716797  train.ips : 144631.1724137931 imgs/s train.total_time : 0.000110626220703125
TCAPPDLL 2025-12-11 17:52:23.924417 - Epoch: 0 Iteration: 61  rank : 0  train.loss : 6.903666019439697  train.ips : 81640.95377128954 imgs/s train.total_time : 0.00019598007202148438
TCAPPDLL 2025-12-11 17:52:24.005122 - Epoch: 0 Iteration: 62  rank : 0  train.loss : 6.884520530700684  train.ips : 107892.06430868167 imgs/s train.total_time : 0.00014829635620117188
TCAPPDLL 2025-12-11 17:52:24.075854 - Epoch: 0 Iteration: 63  rank : 0  train.loss : 6.940279006958008  train.ips : 118987.3475177305 imgs/s train.total_time : 0.00013446807861328125
TCAPPDLL 2025-12-11 17:52:25.529756 - Epoch: 0 Iteration: 64  rank : 0  train.loss : 6.922109603881836  train.ips : 110014.53114754098 imgs/s train.total_time : 0.00014543533325195312
TCAPPDLL 2025-12-11 17:52:28.593472 - Epoch: 0 Iteration: 65  rank : 0  train.loss : 6.920154094696045  train.ips : 105517.0817610063 imgs/s train.total_time : 0.00015163421630859375
TCAPPDLL 2025-12-11 17:52:28.663026 - Epoch: 0 Iteration: 66  rank : 0  train.loss : 6.880988597869873  train.ips : 121135.13357400722 imgs/s train.total_time : 0.00013208389282226562
TCAPPDLL 2025-12-11 17:52:28.736446 - Epoch: 0 Iteration: 67  rank : 0  train.loss : 6.93749475479126  train.ips : 131586.00784313725 imgs/s train.total_time : 0.00012159347534179688
TCAPPDLL 2025-12-11 17:52:29.129598 - Epoch: 0 Iteration: 68  rank : 0  train.loss : 6.887691497802734  train.ips : 104206.3105590062 imgs/s train.total_time : 0.00015354156494140625
TCAPPDLL 2025-12-11 17:52:32.056297 - Epoch: 0 Iteration: 69  rank : 0  train.loss : 6.889154434204102  train.ips : 88768.33862433862 imgs/s train.total_time : 0.00018024444580078125
TCAPPDLL 2025-12-11 17:52:32.122844 - Epoch: 0 Iteration: 70  rank : 0  train.loss : 6.942157745361328  train.ips : 84519.9798488665 imgs/s train.total_time : 0.00018930435180664062
TCAPPDLL 2025-12-11 17:52:32.195481 - Epoch: 0 Iteration: 71  rank : 0  train.loss : 6.930796146392822  train.ips : 82241.25490196078 imgs/s train.total_time : 0.000194549560546875
TCAPPDLL 2025-12-11 17:52:32.668966 - Epoch: 0 Iteration: 72  rank : 0  train.loss : 6.889672756195068  train.ips : 120916.87207207207 imgs/s train.total_time : 0.0001323223114013672
TCAPPDLL 2025-12-11 17:52:35.656029 - Epoch: 0 Iteration: 73  rank : 0  train.loss : 6.936247825622559  train.ips : 85271.7458703939 imgs/s train.total_time : 0.0001876354217529297
TCAPPDLL 2025-12-11 17:52:35.721898 - Epoch: 0 Iteration: 74  rank : 0  train.loss : 6.961615562438965  train.ips : 140102.01252609602 imgs/s train.total_time : 0.00011420249938964844
TCAPPDLL 2025-12-11 17:52:35.782016 - Epoch: 0 Iteration: 75  rank : 0  train.loss : 6.94844913482666  train.ips : 144320.1376344086 imgs/s train.total_time : 0.00011086463928222656
TCAPPDLL 2025-12-11 17:52:37.559752 - Epoch: 0 Iteration: 76  rank : 0  train.loss : 6.87592077255249  train.ips : 106861.24840764332 imgs/s train.total_time : 0.00014972686767578125
TCAPPDLL 2025-12-11 17:52:40.289869 - Epoch: 0 Iteration: 77  rank : 0  train.loss : 6.892618656158447  train.ips : 80951.58504221954 imgs/s train.total_time : 0.0001976490020751953
TCAPPDLL 2025-12-11 17:52:40.363400 - Epoch: 0 Iteration: 78  rank : 0  train.loss : 6.924012184143066  train.ips : 111848.10666666667 imgs/s train.total_time : 0.0001430511474609375
TCAPPDLL 2025-12-11 17:52:40.610891 - Epoch: 0 Iteration: 79  rank : 0  train.loss : 6.906543731689453  train.ips : 96838.18759018759 imgs/s train.total_time : 0.0001652240753173828
TCAPPDLL 2025-12-11 17:52:40.963170 - Epoch: 0 Iteration: 80  rank : 0  train.loss : 6.910318374633789  train.ips : 101372.90634441088 imgs/s train.total_time : 0.00015783309936523438
TCAPPDLL 2025-12-11 17:52:43.565433 - Epoch: 0 Iteration: 81  rank : 0  train.loss : 6.917705059051514  train.ips : 94121.82889200561 imgs/s train.total_time : 0.00016999244689941406
TCAPPDLL 2025-12-11 17:52:43.640912 - Epoch: 0 Iteration: 82  rank : 0  train.loss : 6.894177436828613  train.ips : 118357.78483245149 imgs/s train.total_time : 0.00013518333435058594
TCAPPDLL 2025-12-11 17:52:44.029802 - Epoch: 0 Iteration: 83  rank : 0  train.loss : 6.912857532501221  train.ips : 85816.96163682865 imgs/s train.total_time : 0.00018644332885742188
TCAPPDLL 2025-12-11 17:52:44.634531 - Epoch: 0 Iteration: 84  rank : 0  train.loss : 6.912319660186768  train.ips : 84307.61809045226 imgs/s train.total_time : 0.00018978118896484375
TCAPPDLL 2025-12-11 17:52:47.341446 - Epoch: 0 Iteration: 85  rank : 0  train.loss : 6.9291253089904785  train.ips : 90079.01208053691 imgs/s train.total_time : 0.00017762184143066406
TCAPPDLL 2025-12-11 17:52:47.418999 - Epoch: 0 Iteration: 86  rank : 0  train.loss : 6.891223907470703  train.ips : 110014.53114754098 imgs/s train.total_time : 0.00014543533325195312
TCAPPDLL 2025-12-11 17:52:47.482648 - Epoch: 0 Iteration: 87  rank : 0  train.loss : 6.916593551635742  train.ips : 125672.02996254682 imgs/s train.total_time : 0.00012731552124023438
TCAPPDLL 2025-12-11 17:52:49.400361 - Epoch: 0 Iteration: 88  rank : 0  train.loss : 6.9062018394470215  train.ips : 87041.32814526588 imgs/s train.total_time : 0.0001838207244873047
TCAPPDLL 2025-12-11 17:52:50.649066 - Epoch: 0 Iteration: 89  rank : 0  train.loss : 6.902991771697998  train.ips : 94121.82889200561 imgs/s train.total_time : 0.00016999244689941406
TCAPPDLL 2025-12-11 17:52:50.721873 - Epoch: 0 Iteration: 90  rank : 0  train.loss : 6.994039535522461  train.ips : 126144.48120300751 imgs/s train.total_time : 0.00012683868408203125
TCAPPDLL 2025-12-11 17:52:50.894661 - Epoch: 0 Iteration: 91  rank : 0  train.loss : 6.927207946777344  train.ips : 107202.65814696485 imgs/s train.total_time : 0.00014925003051757812
TCAPPDLL 2025-12-11 17:52:53.828282 - Epoch: 0 Iteration: 92  rank : 0  train.loss : 6.9367780685424805  train.ips : 96006.95851216023 imgs/s train.total_time : 0.0001666545867919922
TCAPPDLL 2025-12-11 17:52:55.482749 - Epoch: 0 Iteration: 93  rank : 0  train.loss : 6.875615119934082  train.ips : 150806.4359550562 imgs/s train.total_time : 0.00010609626770019531
TCAPPDLL 2025-12-11 17:52:55.542827 - Epoch: 0 Iteration: 94  rank : 0  train.loss : 6.902215480804443  train.ips : 188508.04494382022 imgs/s train.total_time : 8.487701416015625e-05
TCAPPDLL 2025-12-11 17:52:55.871150 - Epoch: 0 Iteration: 95  rank : 0  train.loss : 6.936473846435547  train.ips : 87609.48302872063 imgs/s train.total_time : 0.00018262863159179688
TCAPPDLL 2025-12-11 17:52:57.275418 - Epoch: 0 Iteration: 96  rank : 0  train.loss : 6.9240803718566895  train.ips : 97400.3831640058 imgs/s train.total_time : 0.00016427040100097656
TCAPPDLL 2025-12-11 17:52:58.986046 - Epoch: 0 Iteration: 97  rank : 0  train.loss : 6.9498491287231445  train.ips : 114912.43835616438 imgs/s train.total_time : 0.0001392364501953125
TCAPPDLL 2025-12-11 17:52:59.057181 - Epoch: 0 Iteration: 98  rank : 0  train.loss : 6.905620574951172  train.ips : 125907.81238273921 imgs/s train.total_time : 0.0001270771026611328
TCAPPDLL 2025-12-11 17:52:59.499003 - Epoch: 0 Iteration: 99  rank : 0  train.loss : 6.938634872436523  train.ips : 98980.62536873156 imgs/s train.total_time : 0.00016164779663085938
TCAPPDLL 2025-12-11 17:53:01.986080 - Epoch: 0 Iteration: 100  rank : 0  train.loss : 6.952646255493164  train.ips : 94652.84062059238 imgs/s train.total_time : 0.0001690387725830078
TCAPPDLL 2025-12-11 17:53:02.312858 - Epoch: 0 Iteration: 101  rank : 0  train.loss : 6.960624694824219  train.ips : 148143.1876379691 imgs/s train.total_time : 0.00010800361633300781
TCAPPDLL 2025-12-11 17:53:02.360763 - Epoch: 0 Iteration: 102  rank : 0  train.loss : 6.8907694816589355  train.ips : 121574.02898550725 imgs/s train.total_time : 0.0001316070556640625
TCAPPDLL 2025-12-11 17:53:02.819419 - Epoch: 0 Iteration: 103  rank : 0  train.loss : 6.940060615539551  train.ips : 129804.37911025145 imgs/s train.total_time : 0.0001232624053955078
TCAPPDLL 2025-12-11 17:53:05.348295 - Epoch: 0 Iteration: 104  rank : 0  train.loss : 6.899961948394775  train.ips : 107202.65814696485 imgs/s train.total_time : 0.00014925003051757812
TCAPPDLL 2025-12-11 17:53:06.249084 - Epoch: 0 Iteration: 105  rank : 0  train.loss : 6.937157154083252  train.ips : 92820.00553250346 imgs/s train.total_time : 0.0001723766326904297
TCAPPDLL 2025-12-11 17:53:06.320173 - Epoch: 0 Iteration: 106  rank : 0  train.loss : 7.007021903991699  train.ips : 129804.37911025145 imgs/s train.total_time : 0.0001232624053955078
TCAPPDLL 2025-12-11 17:53:06.383485 - Epoch: 0 Iteration: 107  rank : 0  train.loss : 6.866750717163086  train.ips : 125437.12897196262 imgs/s train.total_time : 0.00012755393981933594
TCAPPDLL 2025-12-11 17:53:08.756315 - Epoch: 0 Iteration: 108  rank : 0  train.loss : 6.918028831481934  train.ips : 144320.1376344086 imgs/s train.total_time : 0.00011086463928222656
TCAPPDLL 2025-12-11 17:53:11.002049 - Epoch: 0 Iteration: 109  rank : 0  train.loss : 6.929661750793457  train.ips : 134217.728 imgs/s train.total_time : 0.00011920928955078125
TCAPPDLL 2025-12-11 17:53:11.053393 - Epoch: 0 Iteration: 110  rank : 0  train.loss : 6.933405876159668  train.ips : 111107.39072847682 imgs/s train.total_time : 0.00014400482177734375
TCAPPDLL 2025-12-11 17:53:11.101511 - Epoch: 0 Iteration: 111  rank : 0  train.loss : 6.923076629638672  train.ips : 147168.56140350876 imgs/s train.total_time : 0.0001087188720703125
TCAPPDLL 2025-12-11 17:53:11.979016 - Epoch: 0 Iteration: 112  rank : 0  train.loss : 6.896185398101807  train.ips : 155705.02088167053 imgs/s train.total_time : 0.00010275840759277344
TCAPPDLL 2025-12-11 17:53:14.370604 - Epoch: 0 Iteration: 113  rank : 0  train.loss : 6.96087646484375  train.ips : 142481.6645435244 imgs/s train.total_time : 0.00011229515075683594
TCAPPDLL 2025-12-11 17:53:14.416974 - Epoch: 0 Iteration: 114  rank : 0  train.loss : 6.921561241149902  train.ips : 130816.49902534112 imgs/s train.total_time : 0.00012230873107910156
TCAPPDLL 2025-12-11 17:53:14.501434 - Epoch: 0 Iteration: 115  rank : 0  train.loss : 6.964069366455078  train.ips : 154985.82909930716 imgs/s train.total_time : 0.00010323524475097656
TCAPPDLL 2025-12-11 17:53:15.386735 - Epoch: 0 Iteration: 116  rank : 0  train.loss : 6.929618835449219  train.ips : 115307.3264604811 imgs/s train.total_time : 0.00013875961303710938
TCAPPDLL 2025-12-11 17:53:17.682566 - Epoch: 0 Iteration: 117  rank : 0  train.loss : 6.912178039550781  train.ips : 69977.96037539103 imgs/s train.total_time : 0.00022864341735839844
TCAPPDLL 2025-12-11 17:53:17.757052 - Epoch: 0 Iteration: 118  rank : 0  train.loss : 6.944902420043945  train.ips : 118566.89752650177 imgs/s train.total_time : 0.00013494491577148438
TCAPPDLL 2025-12-11 17:53:18.094019 - Epoch: 0 Iteration: 119  rank : 0  train.loss : 6.905984401702881  train.ips : 108414.96607431342 imgs/s train.total_time : 0.0001475811004638672
TCAPPDLL 2025-12-11 17:53:19.830099 - Epoch: 0 Iteration: 120  rank : 0  train.loss : 6.87854528427124  train.ips : 98400.09384164223 imgs/s train.total_time : 0.00016260147094726562
TCAPPDLL 2025-12-11 17:53:20.986592 - Epoch: 0 Iteration: 121  rank : 0  train.loss : 6.925539016723633  train.ips : 135847.9028340081 imgs/s train.total_time : 0.00011777877807617188
TCAPPDLL 2025-12-11 17:53:21.034324 - Epoch: 0 Iteration: 122  rank : 0  train.loss : 6.875234127044678  train.ips : 139519.46777546778 imgs/s train.total_time : 0.00011467933654785156
TCAPPDLL 2025-12-11 17:53:22.817300 - Epoch: 0 Iteration: 123  rank : 0  train.loss : 6.896481513977051  train.ips : 104206.3105590062 imgs/s train.total_time : 0.00015354156494140625
TCAPPDLL 2025-12-11 17:53:23.227365 - Epoch: 0 Iteration: 124  rank : 0  train.loss : 6.952818393707275  train.ips : 123361.88235294117 imgs/s train.total_time : 0.00012969970703125
TCAPPDLL 2025-12-11 17:53:26.299804 - Epoch: 0 Iteration: 125  rank : 0  train.loss : 6.887768745422363  train.ips : 97969.14452554744 imgs/s train.total_time : 0.0001633167266845703
TCAPPDLL 2025-12-11 17:53:26.376841 - Epoch: 0 Iteration: 126  rank : 0  train.loss : 6.888556003570557  train.ips : 117118.43630017452 imgs/s train.total_time : 0.0001366138458251953
TCAPPDLL 2025-12-11 17:53:26.455866 - Epoch: 0 Iteration: 127  rank : 0  train.loss : 6.920640468597412  train.ips : 114130.72108843537 imgs/s train.total_time : 0.00014019012451171875
TCAPPDLL 2025-12-11 17:53:27.157707 - Epoch: 0 Iteration: 128  rank : 0  train.loss : 6.84912633895874  train.ips : 139230.0082987552 imgs/s train.total_time : 0.00011491775512695312
TCAPPDLL 2025-12-11 17:53:30.093391 - Epoch: 0 Iteration: 129  rank : 0  train.loss : 6.9547529220581055  train.ips : 140689.4423480084 imgs/s train.total_time : 0.00011372566223144531
TCAPPDLL 2025-12-11 17:53:30.153188 - Epoch: 0 Iteration: 130  rank : 0  train.loss : 6.978269100189209  train.ips : 122910.00732600733 imgs/s train.total_time : 0.00013017654418945312
TCAPPDLL 2025-12-11 17:53:30.213992 - Epoch: 0 Iteration: 131  rank : 0  train.loss : 6.980740547180176  train.ips : 118357.78483245149 imgs/s train.total_time : 0.00013518333435058594
TCAPPDLL 2025-12-11 17:53:31.994880 - Epoch: 0 Iteration: 132  rank : 0  train.loss : 6.938861846923828  train.ips : 149462.94877505567 imgs/s train.total_time : 0.00010704994201660156
TCAPPDLL 2025-12-11 17:53:34.786972 - Epoch: 0 Iteration: 133  rank : 0  train.loss : 6.877803802490234  train.ips : 97969.14452554744 imgs/s train.total_time : 0.0001633167266845703
TCAPPDLL 2025-12-11 17:53:34.858730 - Epoch: 0 Iteration: 134  rank : 0  train.loss : 6.872026443481445  train.ips : 112788.00672268908 imgs/s train.total_time : 0.0001418590545654297
TCAPPDLL 2025-12-11 17:53:34.928346 - Epoch: 0 Iteration: 135  rank : 0  train.loss : 6.9023284912109375  train.ips : 120916.87207207207 imgs/s train.total_time : 0.0001323223114013672
TCAPPDLL 2025-12-11 17:53:35.097484 - Epoch: 0 Iteration: 136  rank : 0  train.loss : 6.9290289878845215  train.ips : 115307.3264604811 imgs/s train.total_time : 0.00013875961303710938
TCAPPDLL 2025-12-11 17:53:38.398969 - Epoch: 0 Iteration: 137  rank : 0  train.loss : 6.858177185058594  train.ips : 96559.51654676259 imgs/s train.total_time : 0.00016570091247558594
TCAPPDLL 2025-12-11 17:53:38.474315 - Epoch: 0 Iteration: 138  rank : 0  train.loss : 6.926197052001953  train.ips : 114520.2457337884 imgs/s train.total_time : 0.00013971328735351562
TCAPPDLL 2025-12-11 17:53:38.543716 - Epoch: 0 Iteration: 139  rank : 0  train.loss : 6.870685577392578  train.ips : 134756.7550200803 imgs/s train.total_time : 0.00011873245239257812
TCAPPDLL 2025-12-11 17:53:38.611983 - Epoch: 0 Iteration: 140  rank : 0  train.loss : 6.96235466003418  train.ips : 107892.06430868167 imgs/s train.total_time : 0.00014829635620117188
TCAPPDLL 2025-12-11 17:53:42.129788 - Epoch: 0 Iteration: 141  rank : 0  train.loss : 6.944744110107422  train.ips : 135573.46262626263 imgs/s train.total_time : 0.00011801719665527344
TCAPPDLL 2025-12-11 17:53:42.184528 - Epoch: 0 Iteration: 142  rank : 0  train.loss : 6.848158836364746  train.ips : 136123.45638945233 imgs/s train.total_time : 0.00011754035949707031
TCAPPDLL 2025-12-11 17:53:42.243238 - Epoch: 0 Iteration: 143  rank : 0  train.loss : 6.88029670715332  train.ips : 121354.18444846293 imgs/s train.total_time : 0.00013184547424316406
TCAPPDLL 2025-12-11 17:53:42.301843 - Epoch: 0 Iteration: 144  rank : 0  train.loss : 6.902735710144043  train.ips : 152867.57175398633 imgs/s train.total_time : 0.00010466575622558594
TCAPPDLL 2025-12-11 17:53:45.445263 - Epoch: 0 Iteration: 145  rank : 0  train.loss : 6.937906265258789  train.ips : 90810.37077131259 imgs/s train.total_time : 0.0001761913299560547
TCAPPDLL 2025-12-11 17:53:45.521317 - Epoch: 0 Iteration: 146  rank : 0  train.loss : 6.900016784667969  train.ips : 95596.67236467237 imgs/s train.total_time : 0.00016736984252929688
TCAPPDLL 2025-12-11 17:53:45.610905 - Epoch: 0 Iteration: 147  rank : 0  train.loss : 6.965163707733154  train.ips : 144320.1376344086 imgs/s train.total_time : 0.00011086463928222656
TCAPPDLL 2025-12-11 17:53:45.660168 - Epoch: 0 Iteration: 148  rank : 0  train.loss : 6.8863348960876465  train.ips : 141281.81894736842 imgs/s train.total_time : 0.00011324882507324219
TCAPPDLL 2025-12-11 17:53:48.661144 - Epoch: 0 Iteration: 149  rank : 0  train.loss : 6.945235252380371  train.ips : 96282.44476327117 imgs/s train.total_time : 0.00016617774963378906
TCAPPDLL 2025-12-11 17:53:48.729220 - Epoch: 0 Iteration: 150  rank : 0  train.loss : 6.935919761657715  train.ips : 113743.83728813559 imgs/s train.total_time : 0.00014066696166992188
TCAPPDLL 2025-12-11 17:53:48.789218 - Epoch: 0 Iteration: 151  rank : 0  train.loss : 6.918394565582275  train.ips : 143395.00854700856 imgs/s train.total_time : 0.00011157989501953125
TCAPPDLL 2025-12-11 17:53:50.622553 - Epoch: 0 Iteration: 152  rank : 0  train.loss : 6.881381988525391  train.ips : 80854.0530120482 imgs/s train.total_time : 0.00019788742065429688
TCAPPDLL 2025-12-11 17:53:53.287073 - Epoch: 0 Iteration: 153  rank : 0  train.loss : 6.897170066833496  train.ips : 149130.8088888889 imgs/s train.total_time : 0.00010728836059570312
TCAPPDLL 2025-12-11 17:53:53.342749 - Epoch: 0 Iteration: 154  rank : 0  train.loss : 6.898628234863281  train.ips : 141579.88185654007 imgs/s train.total_time : 0.00011301040649414062
TCAPPDLL 2025-12-11 17:53:53.402137 - Epoch: 0 Iteration: 155  rank : 0  train.loss : 6.896498203277588  train.ips : 153567.19450800915 imgs/s train.total_time : 0.00010418891906738281
TCAPPDLL 2025-12-11 17:53:53.796466 - Epoch: 0 Iteration: 156  rank : 0  train.loss : 6.925823211669922  train.ips : 102612.94189602447 imgs/s train.total_time : 0.00015592575073242188
TCAPPDLL 2025-12-11 17:53:56.830787 - Epoch: 0 Iteration: 157  rank : 0  train.loss : 6.925422668457031  train.ips : 142481.6645435244 imgs/s train.total_time : 0.00011229515075683594
TCAPPDLL 2025-12-11 17:53:56.887071 - Epoch: 0 Iteration: 158  rank : 0  train.loss : 6.880683898925781  train.ips : 155705.02088167053 imgs/s train.total_time : 0.00010275840759277344
TCAPPDLL 2025-12-11 17:53:57.272969 - Epoch: 0 Iteration: 159  rank : 0  train.loss : 6.913564205169678  train.ips : 92563.95034482758 imgs/s train.total_time : 0.0001728534698486328
TCAPPDLL 2025-12-11 17:53:57.505275 - Epoch: 0 Iteration: 160  rank : 0  train.loss : 6.934982776641846  train.ips : 97541.95348837209 imgs/s train.total_time : 0.000164031982421875
TCAPPDLL 2025-12-11 17:54:00.392869 - Epoch: 0 Iteration: 161  rank : 0  train.loss : 6.963289260864258  train.ips : 109655.00653594772 imgs/s train.total_time : 0.00014591217041015625
TCAPPDLL 2025-12-11 17:54:00.464237 - Epoch: 0 Iteration: 162  rank : 0  train.loss : 6.901508331298828  train.ips : 138368.79175257732 imgs/s train.total_time : 0.00011563301086425781
TCAPPDLL 2025-12-11 17:54:02.259555 - Epoch: 0 Iteration: 163  rank : 0  train.loss : 6.885257720947266  train.ips : 76783.59725400458 imgs/s train.total_time : 0.00020837783813476562
TCAPPDLL 2025-12-11 17:54:02.325052 - Epoch: 0 Iteration: 164  rank : 0  train.loss : 6.8953351974487305  train.ips : 138084.08230452676 imgs/s train.total_time : 0.00011587142944335938
TCAPPDLL 2025-12-11 17:54:04.990425 - Epoch: 0 Iteration: 165  rank : 0  train.loss : 6.939239978790283  train.ips : 86258.17994858611 imgs/s train.total_time : 0.00018548965454101562
TCAPPDLL 2025-12-11 17:54:05.062416 - Epoch: 0 Iteration: 166  rank : 0  train.loss : 6.878662109375  train.ips : 125437.12897196262 imgs/s train.total_time : 0.00012755393981933594
TCAPPDLL 2025-12-11 17:54:05.800427 - Epoch: 0 Iteration: 167  rank : 0  train.loss : 6.945221900939941  train.ips : 72315.58620689655 imgs/s train.total_time : 0.00022125244140625
TCAPPDLL 2025-12-11 17:54:05.862550 - Epoch: 0 Iteration: 168  rank : 0  train.loss : 6.957278251647949  train.ips : 95869.80571428571 imgs/s train.total_time : 0.00016689300537109375
TCAPPDLL 2025-12-11 17:54:08.190770 - Epoch: 0 Iteration: 169  rank : 0  train.loss : 6.9200029373168945  train.ips : 136956.86530612246 imgs/s train.total_time : 0.00011682510375976562
TCAPPDLL 2025-12-11 17:54:08.241372 - Epoch: 0 Iteration: 170  rank : 0  train.loss : 6.975008964538574  train.ips : 138654.67768595042 imgs/s train.total_time : 0.00011539459228515625
TCAPPDLL 2025-12-11 17:54:09.110948 - Epoch: 0 Iteration: 171  rank : 0  train.loss : 6.915505409240723  train.ips : 92182.5054945055 imgs/s train.total_time : 0.0001735687255859375
TCAPPDLL 2025-12-11 17:54:09.415220 - Epoch: 0 Iteration: 172  rank : 0  train.loss : 6.866504192352295  train.ips : 88768.33862433862 imgs/s train.total_time : 0.00018024444580078125
TCAPPDLL 2025-12-11 17:54:11.550869 - Epoch: 0 Iteration: 173  rank : 0  train.loss : 6.867868423461914  train.ips : 151146.0900900901 imgs/s train.total_time : 0.00010585784912109375
TCAPPDLL 2025-12-11 17:54:11.602104 - Epoch: 0 Iteration: 174  rank : 0  train.loss : 6.970246315002441  train.ips : 155344.59259259258 imgs/s train.total_time : 0.000102996826171875
TCAPPDLL 2025-12-11 17:54:14.128708 - Epoch: 0 Iteration: 175  rank : 0  train.loss : 6.932684898376465  train.ips : 102770.08269525268 imgs/s train.total_time : 0.0001556873321533203
TCAPPDLL 2025-12-11 17:54:14.198809 - Epoch: 0 Iteration: 176  rank : 0  train.loss : 6.875151634216309  train.ips : 125437.12897196262 imgs/s train.total_time : 0.00012755393981933594
TCAPPDLL 2025-12-11 17:54:14.873492 - Epoch: 0 Iteration: 177  rank : 0  train.loss : 6.920956611633301  train.ips : 99126.83013293945 imgs/s train.total_time : 0.0001614093780517578
TCAPPDLL 2025-12-11 17:54:14.947699 - Epoch: 0 Iteration: 178  rank : 0  train.loss : 6.908304691314697  train.ips : 127826.40761904762 imgs/s train.total_time : 0.0001251697540283203
TCAPPDLL 2025-12-11 17:54:17.649653 - Epoch: 0 Iteration: 179  rank : 0  train.loss : 6.89670467376709  train.ips : 84413.66540880503 imgs/s train.total_time : 0.0001895427703857422
TCAPPDLL 2025-12-11 17:54:17.732947 - Epoch: 0 Iteration: 180  rank : 0  train.loss : 6.94992733001709  train.ips : 113359.56756756757 imgs/s train.total_time : 0.000141143798828125
TCAPPDLL 2025-12-11 17:54:18.158287 - Epoch: 0 Iteration: 181  rank : 0  train.loss : 6.941624641418457  train.ips : 137800.54209445586 imgs/s train.total_time : 0.00011610984802246094
TCAPPDLL 2025-12-11 17:54:18.212177 - Epoch: 0 Iteration: 182  rank : 0  train.loss : 6.920998573303223  train.ips : 142784.8170212766 imgs/s train.total_time : 0.00011205673217773438
TCAPPDLL 2025-12-11 17:54:21.486777 - Epoch: 0 Iteration: 183  rank : 0  train.loss : 6.88867712020874  train.ips : 99273.4674556213 imgs/s train.total_time : 0.00016117095947265625
TCAPPDLL 2025-12-11 17:54:21.559631 - Epoch: 0 Iteration: 184  rank : 0  train.loss : 6.98421573638916  train.ips : 126620.49811320755 imgs/s train.total_time : 0.00012636184692382812
TCAPPDLL 2025-12-11 17:54:21.649029 - Epoch: 0 Iteration: 185  rank : 0  train.loss : 6.938235282897949  train.ips : 130308.47378640776 imgs/s train.total_time : 0.0001227855682373047
TCAPPDLL 2025-12-11 17:54:21.710516 - Epoch: 0 Iteration: 186  rank : 0  train.loss : 6.9065117835998535  train.ips : 129553.79150579151 imgs/s train.total_time : 0.00012350082397460938
TCAPPDLL 2025-12-11 17:54:24.952114 - Epoch: 0 Iteration: 187  rank : 0  train.loss : 6.956494331359863  train.ips : 89958.26273458445 imgs/s train.total_time : 0.00017786026000976562
TCAPPDLL 2025-12-11 17:54:25.024464 - Epoch: 0 Iteration: 188  rank : 0  train.loss : 6.940155982971191  train.ips : 118987.3475177305 imgs/s train.total_time : 0.00013446807861328125
TCAPPDLL 2025-12-11 17:54:25.092874 - Epoch: 0 Iteration: 189  rank : 0  train.loss : 6.915331840515137  train.ips : 117734.84912280702 imgs/s train.total_time : 0.00013589859008789062
TCAPPDLL 2025-12-11 17:54:25.154595 - Epoch: 0 Iteration: 190  rank : 0  train.loss : 6.988274574279785  train.ips : 138084.08230452676 imgs/s train.total_time : 0.00011587142944335938
TCAPPDLL 2025-12-11 17:54:29.908647 - Epoch: 0 Iteration: 191  rank : 0  train.loss : 6.98410701751709  train.ips : 110195.1789819376 imgs/s train.total_time : 0.00014519691467285156
TCAPPDLL 2025-12-11 17:54:29.976572 - Epoch: 0 Iteration: 192  rank : 0  train.loss : 6.941379547119141  train.ips : 123135.53027522936 imgs/s train.total_time : 0.00012993812561035156
TCAPPDLL 2025-12-11 17:54:30.044421 - Epoch: 0 Iteration: 193  rank : 0  train.loss : 6.93959903717041  train.ips : 128315.2275334608 imgs/s train.total_time : 0.0001246929168701172
TCAPPDLL 2025-12-11 17:54:30.102207 - Epoch: 0 Iteration: 194  rank : 0  train.loss : 6.94350528717041  train.ips : 140102.01252609602 imgs/s train.total_time : 0.00011420249938964844
TCAPPDLL 2025-12-11 17:54:33.047172 - Epoch: 0 Iteration: 195  rank : 0  train.loss : 6.9650397300720215  train.ips : 93336.38942976356 imgs/s train.total_time : 0.00017142295837402344
TCAPPDLL 2025-12-11 17:54:33.113893 - Epoch: 0 Iteration: 196  rank : 0  train.loss : 6.959282875061035  train.ips : 107892.06430868167 imgs/s train.total_time : 0.00014829635620117188
TCAPPDLL 2025-12-11 17:54:33.625740 - Epoch: 0 Iteration: 197  rank : 0  train.loss : 6.999431610107422  train.ips : 128315.2275334608 imgs/s train.total_time : 0.0001246929168701172
TCAPPDLL 2025-12-11 17:54:33.681501 - Epoch: 0 Iteration: 198  rank : 0  train.loss : 6.925934314727783  train.ips : 124045.95933456562 imgs/s train.total_time : 0.0001289844512939453
TCAPPDLL 2025-12-11 17:54:36.454947 - Epoch: 0 Iteration: 199  rank : 0  train.loss : 6.913387298583984  train.ips : 76260.07272727272 imgs/s train.total_time : 0.000209808349609375
TCAPPDLL 2025-12-11 17:54:36.520110 - Epoch: 0 Iteration: 200  rank : 0  train.loss : 6.945339679718018  train.ips : 145572.37310195228 imgs/s train.total_time : 0.00010991096496582031
TCAPPDLL 2025-12-11 17:54:36.984318 - Epoch: 0 Iteration: 201  rank : 0  train.loss : 6.919296741485596  train.ips : 86816.12419146184 imgs/s train.total_time : 0.0001842975616455078
TCAPPDLL 2025-12-11 17:54:37.051504 - Epoch: 0 Iteration: 202  rank : 0  train.loss : 6.963841915130615  train.ips : 116306.52339688041 imgs/s train.total_time : 0.00013756752014160156
TCAPPDLL 2025-12-11 17:54:39.732829 - Epoch: 0 Iteration: 203  rank : 0  train.loss : 6.9199981689453125  train.ips : 92691.80110497237 imgs/s train.total_time : 0.00017261505126953125
TCAPPDLL 2025-12-11 17:54:39.855546 - Epoch: 0 Iteration: 204  rank : 0  train.loss : 6.927642822265625  train.ips : 98689.50588235294 imgs/s train.total_time : 0.0001621246337890625
TCAPPDLL 2025-12-11 17:54:41.729734 - Epoch: 0 Iteration: 205  rank : 0  train.loss : 6.893821716308594  train.ips : 97259.2231884058 imgs/s train.total_time : 0.00016450881958007812
TCAPPDLL 2025-12-11 17:54:41.807552 - Epoch: 0 Iteration: 206  rank : 0  train.loss : 6.849088668823242  train.ips : 114130.72108843537 imgs/s train.total_time : 0.00014019012451171875
TCAPPDLL 2025-12-11 17:54:44.575184 - Epoch: 0 Iteration: 207  rank : 0  train.loss : 6.871140956878662  train.ips : 154273.25057471264 imgs/s train.total_time : 0.00010371208190917969
TCAPPDLL 2025-12-11 17:54:44.621025 - Epoch: 0 Iteration: 208  rank : 0  train.loss : 6.953018665313721  train.ips : 144010.43776824034 imgs/s train.total_time : 0.00011110305786132812
TCAPPDLL 2025-12-11 17:54:45.426227 - Epoch: 0 Iteration: 209  rank : 0  train.loss : 6.934232711791992  train.ips : 112410.15745393635 imgs/s train.total_time : 0.0001423358917236328
TCAPPDLL 2025-12-11 17:54:45.489356 - Epoch: 0 Iteration: 210  rank : 0  train.loss : 6.956366539001465  train.ips : 116508.44444444444 imgs/s train.total_time : 0.0001373291015625
TCAPPDLL 2025-12-11 17:54:48.055475 - Epoch: 0 Iteration: 211  rank : 0  train.loss : 6.874463081359863  train.ips : 98689.50588235294 imgs/s train.total_time : 0.0001621246337890625
TCAPPDLL 2025-12-11 17:54:48.103441 - Epoch: 0 Iteration: 212  rank : 0  train.loss : 6.9200334548950195  train.ips : 156430.91841491841 imgs/s train.total_time : 0.00010228157043457031
TCAPPDLL 2025-12-11 17:54:49.106877 - Epoch: 0 Iteration: 213  rank : 0  train.loss : 6.944846153259277  train.ips : 115109.54373927959 imgs/s train.total_time : 0.00013899803161621094
TCAPPDLL 2025-12-11 17:54:49.171771 - Epoch: 0 Iteration: 214  rank : 0  train.loss : 6.9401960372924805  train.ips : 127341.29791271347 imgs/s train.total_time : 0.00012564659118652344
TCAPPDLL 2025-12-11 17:54:51.410544 - Epoch: 0 Iteration: 215  rank : 0  train.loss : 6.899301528930664  train.ips : 84201.83688833124 imgs/s train.total_time : 0.0001900196075439453
TCAPPDLL 2025-12-11 17:54:51.485320 - Epoch: 0 Iteration: 216  rank : 0  train.loss : 6.891456604003906  train.ips : 103563.06172839506 imgs/s train.total_time : 0.0001544952392578125
TCAPPDLL 2025-12-11 17:54:53.540166 - Epoch: 0 Iteration: 217  rank : 0  train.loss : 6.911966323852539  train.ips : 100462.37125748504 imgs/s train.total_time : 0.00015926361083984375
TCAPPDLL 2025-12-11 17:54:53.616006 - Epoch: 0 Iteration: 218  rank : 0  train.loss : 6.966004848480225  train.ips : 128315.2275334608 imgs/s train.total_time : 0.0001246929168701172
TCAPPDLL 2025-12-11 17:54:54.962835 - Epoch: 0 Iteration: 219  rank : 0  train.loss : 6.963606834411621  train.ips : 95325.09090909091 imgs/s train.total_time : 0.0001678466796875
TCAPPDLL 2025-12-11 17:54:55.034292 - Epoch: 0 Iteration: 220  rank : 0  train.loss : 6.9018473625183105  train.ips : 113168.40472175379 imgs/s train.total_time : 0.00014138221740722656
TCAPPDLL 2025-12-11 17:54:57.255780 - Epoch: 0 Iteration: 221  rank : 0  train.loss : 6.899102687835693  train.ips : 101989.15501519757 imgs/s train.total_time : 0.00015687942504882812
TCAPPDLL 2025-12-11 17:54:57.316931 - Epoch: 0 Iteration: 222  rank : 0  train.loss : 6.916443347930908  train.ips : 136677.93075356414 imgs/s train.total_time : 0.00011706352233886719
TCAPPDLL 2025-12-11 17:55:00.086025 - Epoch: 0 Iteration: 223  rank : 0  train.loss : 6.921655178070068  train.ips : 86258.17994858611 imgs/s train.total_time : 0.00018548965454101562
TCAPPDLL 2025-12-11 17:55:00.158121 - Epoch: 0 Iteration: 224  rank : 0  train.loss : 6.925360679626465  train.ips : 106522.00634920635 imgs/s train.total_time : 0.00015020370483398438
TCAPPDLL 2025-12-11 17:55:00.826322 - Epoch: 0 Iteration: 225  rank : 0  train.loss : 6.925732135772705  train.ips : 63013.017840375585 imgs/s train.total_time : 0.00025391578674316406
TCAPPDLL 2025-12-11 17:55:00.883969 - Epoch: 0 Iteration: 226  rank : 0  train.loss : 6.910501480102539  train.ips : 107718.88282504013 imgs/s train.total_time : 0.00014853477478027344
TCAPPDLL 2025-12-11 17:55:03.340705 - Epoch: 0 Iteration: 227  rank : 0  train.loss : 6.947717189788818  train.ips : 102927.7055214724 imgs/s train.total_time : 0.00015544891357421875
TCAPPDLL 2025-12-11 17:55:03.410838 - Epoch: 0 Iteration: 228  rank : 0  train.loss : 6.893139839172363  train.ips : 103085.81259600614 imgs/s train.total_time : 0.0001552104949951172
TCAPPDLL 2025-12-11 17:55:04.153736 - Epoch: 0 Iteration: 229  rank : 0  train.loss : 6.966270446777344  train.ips : 90321.48586810229 imgs/s train.total_time : 0.00017714500427246094
TCAPPDLL 2025-12-11 17:55:04.229142 - Epoch: 0 Iteration: 230  rank : 0  train.loss : 6.893673419952393  train.ips : 122461.4306569343 imgs/s train.total_time : 0.00013065338134765625
TCAPPDLL 2025-12-11 17:55:06.973874 - Epoch: 0 Iteration: 231  rank : 0  train.loss : 6.888108253479004  train.ips : 128807.80038387715 imgs/s train.total_time : 0.00012421607971191406
TCAPPDLL 2025-12-11 17:55:07.040348 - Epoch: 0 Iteration: 232  rank : 0  train.loss : 6.954249382019043  train.ips : 111291.64842454395 imgs/s train.total_time : 0.0001437664031982422
TCAPPDLL 2025-12-11 17:55:08.787041 - Epoch: 0 Iteration: 233  rank : 0  train.loss : 6.85477352142334  train.ips : 81245.598062954 imgs/s train.total_time : 0.00019693374633789062
TCAPPDLL 2025-12-11 17:55:08.864272 - Epoch: 0 Iteration: 234  rank : 0  train.loss : 6.935628890991211  train.ips : 129055.5076923077 imgs/s train.total_time : 0.0001239776611328125
TCAPPDLL 2025-12-11 17:55:12.184665 - Epoch: 0 Iteration: 235  rank : 0  train.loss : 6.955760478973389  train.ips : 88534.12137203166 imgs/s train.total_time : 0.00018072128295898438
TCAPPDLL 2025-12-11 17:55:12.263135 - Epoch: 0 Iteration: 236  rank : 0  train.loss : 6.9514617919921875  train.ips : 100013.21013412817 imgs/s train.total_time : 0.00015997886657714844
TCAPPDLL 2025-12-11 17:55:12.823722 - Epoch: 0 Iteration: 237  rank : 0  train.loss : 6.915087699890137  train.ips : 147816.88105726874 imgs/s train.total_time : 0.00010824203491210938
TCAPPDLL 2025-12-11 17:55:12.868119 - Epoch: 0 Iteration: 238  rank : 0  train.loss : 6.910630226135254  train.ips : 159403.47743467934 imgs/s train.total_time : 0.00010037422180175781
TCAPPDLL 2025-12-11 17:55:15.656577 - Epoch: 0 Iteration: 239  rank : 0  train.loss : 6.907219886779785  train.ips : 105186.30721003134 imgs/s train.total_time : 0.00015211105346679688
TCAPPDLL 2025-12-11 17:55:15.715958 - Epoch: 0 Iteration: 240  rank : 0  train.loss : 6.880002975463867  train.ips : 143089.26226012793 imgs/s train.total_time : 0.00011181831359863281
TCAPPDLL 2025-12-11 17:55:16.400031 - Epoch: 0 Iteration: 241  rank : 0  train.loss : 6.918025016784668  train.ips : 94786.53107344633 imgs/s train.total_time : 0.00016880035400390625
TCAPPDLL 2025-12-11 17:55:16.491152 - Epoch: 0 Iteration: 242  rank : 0  train.loss : 6.919576644897461  train.ips : 64465.76753121998 imgs/s train.total_time : 0.00024819374084472656
TCAPPDLL 2025-12-11 17:55:18.881527 - Epoch: 0 Iteration: 243  rank : 0  train.loss : 6.914083003997803  train.ips : 107718.88282504013 imgs/s train.total_time : 0.00014853477478027344
TCAPPDLL 2025-12-11 17:55:18.947765 - Epoch: 0 Iteration: 244  rank : 0  train.loss : 6.922858238220215  train.ips : 123361.88235294117 imgs/s train.total_time : 0.00012969970703125
TCAPPDLL 2025-12-11 17:55:20.818870 - Epoch: 0 Iteration: 245  rank : 0  train.loss : 6.9376749992370605  train.ips : 152174.2947845805 imgs/s train.total_time : 0.00010514259338378906
TCAPPDLL 2025-12-11 17:55:20.862957 - Epoch: 0 Iteration: 246  rank : 0  train.loss : 6.9118971824646  train.ips : 155705.02088167053 imgs/s train.total_time : 0.00010275840759277344
TCAPPDLL 2025-12-11 17:55:22.162901 - Epoch: 0 Iteration: 247  rank : 0  train.loss : 6.916758060455322  train.ips : 104206.3105590062 imgs/s train.total_time : 0.00015354156494140625
TCAPPDLL 2025-12-11 17:55:22.232084 - Epoch: 0 Iteration: 248  rank : 0  train.loss : 6.917819023132324  train.ips : 123135.53027522936 imgs/s train.total_time : 0.00012993812561035156
TCAPPDLL 2025-12-11 17:55:24.112786 - Epoch: 0 Iteration: 249  rank : 0  train.loss : 6.952048301696777  train.ips : 84201.83688833124 imgs/s train.total_time : 0.0001900196075439453
TCAPPDLL 2025-12-11 17:55:24.193337 - Epoch: 0 Iteration: 250  rank : 0  train.loss : 6.967730522155762  train.ips : 104530.94080996884 imgs/s train.total_time : 0.00015306472778320312
TCAPPDLL 2025-12-11 17:55:25.397130 - Epoch: 0 Iteration: 251  rank : 0  train.loss : 6.9308390617370605  train.ips : 104044.7503875969 imgs/s train.total_time : 0.0001537799835205078
TCAPPDLL 2025-12-11 17:55:25.484200 - Epoch: 0 Iteration: 252  rank : 0  train.loss : 6.932337760925293  train.ips : 71316.5398512221 imgs/s train.total_time : 0.0002243518829345703
TCAPPDLL 2025-12-11 17:55:27.600914 - Epoch: 0 Iteration: 253  rank : 0  train.loss : 6.97779655456543  train.ips : 85926.84250960307 imgs/s train.total_time : 0.0001862049102783203
TCAPPDLL 2025-12-11 17:55:27.676124 - Epoch: 0 Iteration: 254  rank : 0  train.loss : 6.9506683349609375  train.ips : 116508.44444444444 imgs/s train.total_time : 0.0001373291015625
TCAPPDLL 2025-12-11 17:55:30.445209 - Epoch: 0 Iteration: 255  rank : 0  train.loss : 6.918316841125488  train.ips : 93596.7419804742 imgs/s train.total_time : 0.0001709461212158203
TCAPPDLL 2025-12-11 17:55:30.517423 - Epoch: 0 Iteration: 256  rank : 0  train.loss : 6.90098762512207  train.ips : 124275.67407407408 imgs/s train.total_time : 0.00012874603271484375
TCAPPDLL 2025-12-11 17:55:31.161959 - Epoch: 0 Iteration: 257  rank : 0  train.loss : 6.862275123596191  train.ips : 105186.30721003134 imgs/s train.total_time : 0.00015211105346679688
TCAPPDLL 2025-12-11 17:55:31.237610 - Epoch: 0 Iteration: 258  rank : 0  train.loss : 6.94696569442749  train.ips : 125437.12897196262 imgs/s train.total_time : 0.00012755393981933594
TCAPPDLL 2025-12-11 17:55:34.201668 - Epoch: 0 Iteration: 259  rank : 0  train.loss : 6.94625186920166  train.ips : 78398.20560747663 imgs/s train.total_time : 0.0002040863037109375
TCAPPDLL 2025-12-11 17:55:34.273511 - Epoch: 0 Iteration: 260  rank : 0  train.loss : 6.931085586547852  train.ips : 114130.72108843537 imgs/s train.total_time : 0.00014019012451171875
TCAPPDLL 2025-12-11 17:55:34.522341 - Epoch: 0 Iteration: 261  rank : 0  train.loss : 6.948700904846191  train.ips : 112977.88552188552 imgs/s train.total_time : 0.00014162063598632812
TCAPPDLL 2025-12-11 17:55:34.587766 - Epoch: 0 Iteration: 262  rank : 0  train.loss : 6.893199920654297  train.ips : 129055.5076923077 imgs/s train.total_time : 0.0001239776611328125
TCAPPDLL 2025-12-11 17:55:38.954821 - Epoch: 0 Iteration: 263  rank : 0  train.loss : 6.912456512451172  train.ips : 101526.26928895613 imgs/s train.total_time : 0.0001575946807861328
TCAPPDLL 2025-12-11 17:55:39.028041 - Epoch: 0 Iteration: 264  rank : 0  train.loss : 6.9093337059021  train.ips : 118566.89752650177 imgs/s train.total_time : 0.00013494491577148438
TCAPPDLL 2025-12-11 17:55:39.115497 - Epoch: 0 Iteration: 265  rank : 0  train.loss : 6.941120147705078  train.ips : 132626.21343873517 imgs/s train.total_time : 0.00012063980102539062
TCAPPDLL 2025-12-11 17:55:39.171002 - Epoch: 0 Iteration: 266  rank : 0  train.loss : 6.923827171325684  train.ips : 146525.903930131 imgs/s train.total_time : 0.00010919570922851562
TCAPPDLL 2025-12-11 17:55:42.161927 - Epoch: 0 Iteration: 267  rank : 0  train.loss : 6.9358625411987305  train.ips : 91428.97002724795 imgs/s train.total_time : 0.00017499923706054688
TCAPPDLL 2025-12-11 17:55:42.238813 - Epoch: 0 Iteration: 268  rank : 0  train.loss : 6.969132423400879  train.ips : 87609.48302872063 imgs/s train.total_time : 0.00018262863159179688
TCAPPDLL 2025-12-11 17:55:42.323616 - Epoch: 0 Iteration: 269  rank : 0  train.loss : 6.931040287017822  train.ips : 119623.64349376113 imgs/s train.total_time : 0.00013375282287597656
TCAPPDLL 2025-12-11 17:55:42.387316 - Epoch: 0 Iteration: 270  rank : 0  train.loss : 6.846205234527588  train.ips : 136677.93075356414 imgs/s train.total_time : 0.00011706352233886719
TCAPPDLL 2025-12-11 17:55:45.484389 - Epoch: 0 Iteration: 271  rank : 0  train.loss : 6.90977668762207  train.ips : 73989.92723263506 imgs/s train.total_time : 0.0002162456512451172
TCAPPDLL 2025-12-11 17:55:45.577435 - Epoch: 0 Iteration: 272  rank : 0  train.loss : 6.95306396484375  train.ips : 95325.09090909091 imgs/s train.total_time : 0.0001678466796875
TCAPPDLL 2025-12-11 17:55:45.647737 - Epoch: 0 Iteration: 273  rank : 0  train.loss : 6.886981010437012  train.ips : 131586.00784313725 imgs/s train.total_time : 0.00012159347534179688
TCAPPDLL 2025-12-11 17:55:45.712300 - Epoch: 0 Iteration: 274  rank : 0  train.loss : 6.942930221557617  train.ips : 130055.93798449612 imgs/s train.total_time : 0.00012302398681640625
TCAPPDLL 2025-12-11 17:55:49.010743 - Epoch: 0 Iteration: 275  rank : 0  train.loss : 6.887143135070801  train.ips : 86480.49484536082 imgs/s train.total_time : 0.0001850128173828125
TCAPPDLL 2025-12-11 17:55:49.091453 - Epoch: 0 Iteration: 276  rank : 0  train.loss : 6.914783477783203  train.ips : 99420.53925925925 imgs/s train.total_time : 0.0001609325408935547
TCAPPDLL 2025-12-11 17:55:49.568065 - Epoch: 0 Iteration: 277  rank : 0  train.loss : 6.965872764587402  train.ips : 136956.86530612246 imgs/s train.total_time : 0.00011682510375976562
TCAPPDLL 2025-12-11 17:55:49.614807 - Epoch: 0 Iteration: 278  rank : 0  train.loss : 6.959901332855225  train.ips : 153567.19450800915 imgs/s train.total_time : 0.00010418891906738281
TCAPPDLL 2025-12-11 17:55:52.562276 - Epoch: 0 Iteration: 279  rank : 0  train.loss : 6.878381729125977  train.ips : 83886.08 imgs/s train.total_time : 0.00019073486328125
TCAPPDLL 2025-12-11 17:55:53.945098 - Epoch: 0 Iteration: 280  rank : 0  train.loss : 6.928943634033203  train.ips : 86258.17994858611 imgs/s train.total_time : 0.00018548965454101562
TCAPPDLL 2025-12-11 17:55:54.444639 - Epoch: 0 Iteration: 281  rank : 0  train.loss : 6.920130729675293  train.ips : 109655.00653594772 imgs/s train.total_time : 0.00014591217041015625
TCAPPDLL 2025-12-11 17:55:54.516662 - Epoch: 0 Iteration: 282  rank : 0  train.loss : 6.925544738769531  train.ips : 118149.40845070423 imgs/s train.total_time : 0.0001354217529296875
TCAPPDLL 2025-12-11 17:55:57.464511 - Epoch: 0 Iteration: 283  rank : 0  train.loss : 6.950488090515137  train.ips : 133682.99601593625 imgs/s train.total_time : 0.00011968612670898438
TCAPPDLL 2025-12-11 17:55:57.673623 - Epoch: 0 Iteration: 284  rank : 0  train.loss : 6.940186500549316  train.ips : 84626.56242118537 imgs/s train.total_time : 0.00018906593322753906
TCAPPDLL 2025-12-11 17:55:58.081473 - Epoch: 0 Iteration: 285  rank : 0  train.loss : 6.912976264953613  train.ips : 128807.80038387715 imgs/s train.total_time : 0.00012421607971191406
TCAPPDLL 2025-12-11 17:55:58.129185 - Epoch: 0 Iteration: 286  rank : 0  train.loss : 6.9276533126831055  train.ips : 152174.2947845805 imgs/s train.total_time : 0.00010514259338378906
TCAPPDLL 2025-12-11 17:56:00.865358 - Epoch: 0 Iteration: 287  rank : 0  train.loss : 6.883040428161621  train.ips : 105186.30721003134 imgs/s train.total_time : 0.00015211105346679688
TCAPPDLL 2025-12-11 17:56:01.418521 - Epoch: 0 Iteration: 288  rank : 0  train.loss : 6.9325642585754395  train.ips : 127341.29791271347 imgs/s train.total_time : 0.00012564659118652344
TCAPPDLL 2025-12-11 17:56:03.185417 - Epoch: 0 Iteration: 289  rank : 0  train.loss : 6.975295066833496  train.ips : 107546.2564102564 imgs/s train.total_time : 0.000148773193359375
TCAPPDLL 2025-12-11 17:56:03.256577 - Epoch: 0 Iteration: 290  rank : 0  train.loss : 6.916422367095947  train.ips : 130816.49902534112 imgs/s train.total_time : 0.00012230873107910156
TCAPPDLL 2025-12-11 17:56:06.045099 - Epoch: 0 Iteration: 291  rank : 0  train.loss : 6.955448150634766  train.ips : 93990.0056022409 imgs/s train.total_time : 0.00017023086547851562
TCAPPDLL 2025-12-11 17:56:06.125737 - Epoch: 0 Iteration: 292  rank : 0  train.loss : 6.9185895919799805  train.ips : 65472.06243902439 imgs/s train.total_time : 0.00024437904357910156
TCAPPDLL 2025-12-11 17:56:06.381509 - Epoch: 0 Iteration: 293  rank : 0  train.loss : 6.921239852905273  train.ips : 122238.3679417122 imgs/s train.total_time : 0.0001308917999267578
TCAPPDLL 2025-12-11 17:56:06.444895 - Epoch: 0 Iteration: 294  rank : 0  train.loss : 6.909111976623535  train.ips : 138654.67768595042 imgs/s train.total_time : 0.00011539459228515625
TCAPPDLL 2025-12-11 17:56:09.842633 - Epoch: 0 Iteration: 295  rank : 0  train.loss : 6.884677886962891  train.ips : 85707.36143039592 imgs/s train.total_time : 0.00018668174743652344
TCAPPDLL 2025-12-11 17:56:09.939818 - Epoch: 0 Iteration: 296  rank : 0  train.loss : 6.8815460205078125  train.ips : 79891.50476190477 imgs/s train.total_time : 0.0002002716064453125
TCAPPDLL 2025-12-11 17:56:10.059178 - Epoch: 0 Iteration: 297  rank : 0  train.loss : 6.929812431335449  train.ips : 90565.2685560054 imgs/s train.total_time : 0.0001766681671142578
TCAPPDLL 2025-12-11 17:56:10.124941 - Epoch: 0 Iteration: 298  rank : 0  train.loss : 6.92244815826416  train.ips : 79891.50476190477 imgs/s train.total_time : 0.0002002716064453125
TCAPPDLL 2025-12-11 17:56:13.299695 - Epoch: 0 Iteration: 299  rank : 0  train.loss : 6.8800201416015625  train.ips : 105351.43485086343 imgs/s train.total_time : 0.0001518726348876953
TCAPPDLL 2025-12-11 17:56:13.359902 - Epoch: 0 Iteration: 300  rank : 0  train.loss : 6.98525333404541  train.ips : 127341.29791271347 imgs/s train.total_time : 0.00012564659118652344
TCAPPDLL 2025-12-11 17:56:13.421019 - Epoch: 0 Iteration: 301  rank : 0  train.loss : 6.878950119018555  train.ips : 72315.58620689655 imgs/s train.total_time : 0.00022125244140625
TCAPPDLL 2025-12-11 17:56:13.476769 - Epoch: 0 Iteration: 302  rank : 0  train.loss : 6.915666580200195  train.ips : 130308.47378640776 imgs/s train.total_time : 0.0001227855682373047
TCAPPDLL 2025-12-11 17:56:18.756149 - Epoch: 0 Iteration: 303  rank : 0  train.loss : 6.9139509201049805  train.ips : 103563.06172839506 imgs/s train.total_time : 0.0001544952392578125
TCAPPDLL 2025-12-11 17:56:18.819747 - Epoch: 0 Iteration: 304  rank : 0  train.loss : 6.913764953613281  train.ips : 118987.3475177305 imgs/s train.total_time : 0.00013446807861328125
TCAPPDLL 2025-12-11 17:56:18.884123 - Epoch: 0 Iteration: 305  rank : 0  train.loss : 6.933161735534668  train.ips : 133417.22465208746 imgs/s train.total_time : 0.00011992454528808594
TCAPPDLL 2025-12-11 17:56:18.939592 - Epoch: 0 Iteration: 306  rank : 0  train.loss : 6.9238176345825195  train.ips : 143089.26226012793 imgs/s train.total_time : 0.00011181831359863281
TCAPPDLL 2025-12-11 17:56:22.217358 - Epoch: 0 Iteration: 307  rank : 0  train.loss : 6.941253662109375  train.ips : 82443.32186732187 imgs/s train.total_time : 0.00019407272338867188
TCAPPDLL 2025-12-11 17:56:22.287434 - Epoch: 0 Iteration: 308  rank : 0  train.loss : 6.900027275085449  train.ips : 120266.78136200717 imgs/s train.total_time : 0.00013303756713867188
TCAPPDLL 2025-12-11 17:56:22.355161 - Epoch: 0 Iteration: 309  rank : 0  train.loss : 6.901832580566406  train.ips : 135300.12903225806 imgs/s train.total_time : 0.000118255615234375
TCAPPDLL 2025-12-11 17:56:22.409502 - Epoch: 0 Iteration: 310  rank : 0  train.loss : 6.92493200302124  train.ips : 140395.11297071129 imgs/s train.total_time : 0.00011396408081054688
TCAPPDLL 2025-12-11 17:56:25.825734 - Epoch: 0 Iteration: 311  rank : 0  train.loss : 6.917782306671143  train.ips : 102300.09756097561 imgs/s train.total_time : 0.000156402587890625
TCAPPDLL 2025-12-11 17:56:25.896007 - Epoch: 0 Iteration: 312  rank : 0  train.loss : 6.865006446838379  train.ips : 115109.54373927959 imgs/s train.total_time : 0.00013899803161621094
TCAPPDLL 2025-12-11 17:56:25.959763 - Epoch: 0 Iteration: 313  rank : 0  train.loss : 6.964770317077637  train.ips : 103563.06172839506 imgs/s train.total_time : 0.0001544952392578125
TCAPPDLL 2025-12-11 17:56:26.021334 - Epoch: 0 Iteration: 314  rank : 0  train.loss : 6.944218635559082  train.ips : 141579.88185654007 imgs/s train.total_time : 0.00011301040649414062
TCAPPDLL 2025-12-11 17:56:30.341727 - Epoch: 0 Iteration: 315  rank : 0  train.loss : 6.91657018661499  train.ips : 145257.28138528139 imgs/s train.total_time : 0.00011014938354492188
TCAPPDLL 2025-12-11 17:56:30.389616 - Epoch: 0 Iteration: 316  rank : 0  train.loss : 6.912281036376953  train.ips : 140689.4423480084 imgs/s train.total_time : 0.00011372566223144531
TCAPPDLL 2025-12-11 17:56:30.440438 - Epoch: 0 Iteration: 317  rank : 0  train.loss : 6.898393630981445  train.ips : 124275.67407407408 imgs/s train.total_time : 0.00012874603271484375
TCAPPDLL 2025-12-11 17:56:30.491886 - Epoch: 0 Iteration: 318  rank : 0  train.loss : 6.918604850769043  train.ips : 134756.7550200803 imgs/s train.total_time : 0.00011873245239257812
TCAPPDLL 2025-12-11 17:56:33.952991 - Epoch: 0 Iteration: 319  rank : 0  train.loss : 6.8590593338012695  train.ips : 66841.49800796813 imgs/s train.total_time : 0.00023937225341796875
TCAPPDLL 2025-12-11 17:56:34.022492 - Epoch: 0 Iteration: 320  rank : 0  train.loss : 6.934443473815918  train.ips : 121794.67150635208 imgs/s train.total_time : 0.00013136863708496094
TCAPPDLL 2025-12-11 17:56:34.082593 - Epoch: 0 Iteration: 321  rank : 0  train.loss : 6.93678617477417  train.ips : 132888.8396039604 imgs/s train.total_time : 0.00012040138244628906
TCAPPDLL 2025-12-11 17:56:34.141061 - Epoch: 0 Iteration: 322  rank : 0  train.loss : 6.950762748718262  train.ips : 137800.54209445586 imgs/s train.total_time : 0.00011610984802246094
TCAPPDLL 2025-12-11 17:56:37.068659 - Epoch: 0 Iteration: 323  rank : 0  train.loss : 6.860503673553467  train.ips : 71165.28525980913 imgs/s train.total_time : 0.00022482872009277344
TCAPPDLL 2025-12-11 17:56:37.137569 - Epoch: 0 Iteration: 324  rank : 0  train.loss : 6.93380069732666  train.ips : 70715.34668071654 imgs/s train.total_time : 0.0002262592315673828
TCAPPDLL 2025-12-11 17:56:37.194644 - Epoch: 0 Iteration: 325  rank : 0  train.loss : 6.865682601928711  train.ips : 117323.18881118881 imgs/s train.total_time : 0.00013637542724609375
TCAPPDLL 2025-12-11 17:56:37.245411 - Epoch: 0 Iteration: 326  rank : 0  train.loss : 6.961700439453125  train.ips : 110558.26029654036 imgs/s train.total_time : 0.00014472007751464844
TCAPPDLL 2025-12-11 17:56:40.553788 - Epoch: 0 Iteration: 327  rank : 0  train.loss : 6.908589839935303  train.ips : 113168.40472175379 imgs/s train.total_time : 0.00014138221740722656
TCAPPDLL 2025-12-11 17:56:40.616234 - Epoch: 0 Iteration: 328  rank : 0  train.loss : 6.927501678466797  train.ips : 147492.0087912088 imgs/s train.total_time : 0.00010848045349121094
TCAPPDLL 2025-12-11 17:56:40.671292 - Epoch: 0 Iteration: 329  rank : 0  train.loss : 6.910926818847656  train.ips : 150806.4359550562 imgs/s train.total_time : 0.00010609626770019531
TCAPPDLL 2025-12-11 17:56:40.727626 - Epoch: 0 Iteration: 330  rank : 0  train.loss : 6.8943376541137695  train.ips : 147168.56140350876 imgs/s train.total_time : 0.0001087188720703125
TCAPPDLL 2025-12-11 17:56:45.470996 - Epoch: 0 Iteration: 331  rank : 0  train.loss : 6.8729095458984375  train.ips : 113743.83728813559 imgs/s train.total_time : 0.00014066696166992188
TCAPPDLL 2025-12-11 17:56:45.531069 - Epoch: 0 Iteration: 332  rank : 0  train.loss : 6.945194244384766  train.ips : 124506.24118738405 imgs/s train.total_time : 0.0001285076141357422
TCAPPDLL 2025-12-11 17:56:45.586003 - Epoch: 0 Iteration: 333  rank : 0  train.loss : 6.904253005981445  train.ips : 136400.13008130083 imgs/s train.total_time : 0.00011730194091796875
TCAPPDLL 2025-12-11 17:56:45.641568 - Epoch: 0 Iteration: 334  rank : 0  train.loss : 6.983719348907471  train.ips : 139810.13333333333 imgs/s train.total_time : 0.00011444091796875
TCAPPDLL 2025-12-11 17:56:48.883343 - Epoch: 0 Iteration: 335  rank : 0  train.loss : 6.921100616455078  train.ips : 83991.06883604506 imgs/s train.total_time : 0.00019049644470214844
TCAPPDLL 2025-12-11 17:56:48.946719 - Epoch: 0 Iteration: 336  rank : 0  train.loss : 6.939425468444824  train.ips : 121794.67150635208 imgs/s train.total_time : 0.00013136863708496094
TCAPPDLL 2025-12-11 17:56:49.000605 - Epoch: 0 Iteration: 337  rank : 0  train.loss : 6.926040172576904  train.ips : 138654.67768595042 imgs/s train.total_time : 0.00011539459228515625
