[2025-07-03 15:19:36,848][root][INFO] - download models from model hub: ms
[2025-07-03 15:26:27,105][root][INFO] - Loading pretrained params from /root/.cache/modelscope/hub/models/iic/speech_seaco_paraformer_large_asr_nat-zh-cn-16k-common-vocab8404-pytorch/model.pt
[2025-07-03 15:26:27,113][root][INFO] - ckpt: /root/.cache/modelscope/hub/models/iic/speech_seaco_paraformer_large_asr_nat-zh-cn-16k-common-vocab8404-pytorch/model.pt
[2025-07-03 15:26:28,807][root][INFO] - scope_map: ['module.', 'None']
[2025-07-03 15:26:28,807][root][INFO] - excludes: None
[2025-07-03 15:26:28,989][root][INFO] - Loading ckpt: /root/.cache/modelscope/hub/models/iic/speech_seaco_paraformer_large_asr_nat-zh-cn-16k-common-vocab8404-pytorch/model.pt, status: <All keys matched successfully>
[2025-07-03 15:26:29,006][root][INFO] - Building VAD model.
[2025-07-03 15:26:29,006][root][INFO] - download models from model hub: ms
[2025-07-03 15:26:31,311][root][INFO] - Loading pretrained params from /root/.cache/modelscope/hub/models/iic/speech_fsmn_vad_zh-cn-16k-common-pytorch/model.pt
[2025-07-03 15:26:31,311][root][INFO] - ckpt: /root/.cache/modelscope/hub/models/iic/speech_fsmn_vad_zh-cn-16k-common-pytorch/model.pt
[2025-07-03 15:26:31,316][root][INFO] - scope_map: ['module.', 'None']
[2025-07-03 15:26:31,316][root][INFO] - excludes: None
[2025-07-03 15:26:31,317][root][INFO] - Loading ckpt: /root/.cache/modelscope/hub/models/iic/speech_fsmn_vad_zh-cn-16k-common-pytorch/model.pt, status: <All keys matched successfully>
[2025-07-03 15:26:31,318][root][INFO] - Building punc model.
[2025-07-03 15:26:31,318][root][INFO] - download models from model hub: ms
[2025-07-03 15:34:34,778][jieba][DEBUG] - Building prefix dict from the default dictionary ...
[2025-07-03 15:34:35,518][jieba][DEBUG] - Dumping model to file cache /tmp/jieba.cache
[2025-07-03 15:34:35,571][jieba][DEBUG] - Loading model cost 0.793 seconds.
[2025-07-03 15:34:35,571][jieba][DEBUG] - Prefix dict has been built successfully.
[2025-07-03 15:34:49,522][root][INFO] - Loading pretrained params from /root/.cache/modelscope/hub/models/iic/punc_ct-transformer_cn-en-common-vocab471067-large/model.pt
[2025-07-03 15:34:49,523][root][INFO] - ckpt: /root/.cache/modelscope/hub/models/iic/punc_ct-transformer_cn-en-common-vocab471067-large/model.pt
[2025-07-03 15:34:50,390][root][INFO] - scope_map: ['module.', 'None']
[2025-07-03 15:34:50,391][root][INFO] - excludes: None
[2025-07-03 15:34:50,507][root][INFO] - Loading ckpt: /root/.cache/modelscope/hub/models/iic/punc_ct-transformer_cn-en-common-vocab471067-large/model.pt, status: <All keys matched successfully>
