Training with a single process on 1 device (cuda).
Model inception_next_small created, param count:49374016
Data processing configuration for current model + dataset:
	input_size: (3, 224, 224)
	interpolation: bicubic
	mean: (0.485, 0.456, 0.406)
	std: (0.229, 0.224, 0.225)
	crop_pct: 0.875
	crop_mode: center
Created SGD (sgd) optimizer: lr: 0.4, momentum: 0.9, dampening: 0, weight_decay: 2e-05, nesterov: True, maximize: False, foreach: None, differentiable: False, fused: None
Using native Torch AMP. Training in mixed precision.
Scheduled epochs: 2 (epochs + cooldown_epochs). Warmup within epochs when warmup_prefix=False. LR stepped per epoch.
TCAPPDLL 2025-11-24 09:00:54.951051 - Epoch: 0 Iteration: 0  rank : 0  train.loss : 7.178455352783203  train.ips : 130308.47378640776 imgs/s train.total_time : 0.0001227855682373047
TCAPPDLL 2025-11-24 09:00:55.051849 - Epoch: 0 Iteration: 1  rank : 0  train.loss : 7.412453651428223  train.ips : 112977.88552188552 imgs/s train.total_time : 0.00014162063598632812
TCAPPDLL 2025-11-24 09:00:55.130734 - Epoch: 0 Iteration: 2  rank : 0  train.loss : 6.976226806640625  train.ips : 94121.82889200561 imgs/s train.total_time : 0.00016999244689941406
TCAPPDLL 2025-11-24 09:00:55.202384 - Epoch: 0 Iteration: 3  rank : 0  train.loss : 7.571333885192871  train.ips : 98112.37426900584 imgs/s train.total_time : 0.00016307830810546875
TCAPPDLL 2025-11-24 09:00:55.268092 - Epoch: 0 Iteration: 4  rank : 0  train.loss : 7.369088649749756  train.ips : 96144.50429799427 imgs/s train.total_time : 0.00016641616821289062
TCAPPDLL 2025-11-24 09:00:55.333445 - Epoch: 0 Iteration: 5  rank : 0  train.loss : 7.586071014404297  train.ips : 96282.44476327117 imgs/s train.total_time : 0.00016617774963378906
TCAPPDLL 2025-11-24 09:00:55.402804 - Epoch: 0 Iteration: 6  rank : 0  train.loss : 7.627236366271973  train.ips : 64714.430086788816 imgs/s train.total_time : 0.0002472400665283203
TCAPPDLL 2025-11-24 09:00:55.472386 - Epoch: 0 Iteration: 7  rank : 0  train.loss : 7.260489463806152  train.ips : 91553.70259208731 imgs/s train.total_time : 0.0001747608184814453
TCAPPDLL 2025-11-24 09:00:55.548547 - Epoch: 0 Iteration: 8  rank : 0  train.loss : 7.442623138427734  train.ips : 80562.8619447779 imgs/s train.total_time : 0.00019860267639160156
TCAPPDLL 2025-11-24 09:00:55.876294 - Epoch: 0 Iteration: 9  rank : 0  train.loss : 7.580355644226074  train.ips : 108590.39482200648 imgs/s train.total_time : 0.00014734268188476562
TCAPPDLL 2025-11-24 09:00:56.219702 - Epoch: 0 Iteration: 10  rank : 0  train.loss : 7.551290035247803  train.ips : 88417.47562582346 imgs/s train.total_time : 0.00018095970153808594
TCAPPDLL 2025-11-24 09:00:56.295740 - Epoch: 0 Iteration: 11  rank : 0  train.loss : 7.4238786697387695  train.ips : 99715.99405646359 imgs/s train.total_time : 0.00016045570373535156
TCAPPDLL 2025-11-24 09:00:56.365120 - Epoch: 0 Iteration: 12  rank : 0  train.loss : 7.6043548583984375  train.ips : 105849.94321766561 imgs/s train.total_time : 0.00015115737915039062
TCAPPDLL 2025-11-24 09:00:56.861638 - Epoch: 0 Iteration: 13  rank : 0  train.loss : 7.423031806945801  train.ips : 99126.83013293945 imgs/s train.total_time : 0.0001614093780517578
TCAPPDLL 2025-11-24 09:00:57.191761 - Epoch: 0 Iteration: 14  rank : 0  train.loss : 7.550853729248047  train.ips : 77672.29629629629 imgs/s train.total_time : 0.00020599365234375
TCAPPDLL 2025-11-24 09:00:57.273647 - Epoch: 0 Iteration: 15  rank : 0  train.loss : 7.2056684494018555  train.ips : 99568.04747774481 imgs/s train.total_time : 0.00016069412231445312
TCAPPDLL 2025-11-24 09:00:57.343419 - Epoch: 0 Iteration: 16  rank : 0  train.loss : 7.557540416717529  train.ips : 107546.2564102564 imgs/s train.total_time : 0.000148773193359375
TCAPPDLL 2025-11-24 09:00:58.094818 - Epoch: 0 Iteration: 17  rank : 0  train.loss : 7.302547454833984  train.ips : 92182.5054945055 imgs/s train.total_time : 0.0001735687255859375
TCAPPDLL 2025-11-24 09:00:58.272391 - Epoch: 0 Iteration: 18  rank : 0  train.loss : 7.386162757873535  train.ips : 82443.32186732187 imgs/s train.total_time : 0.00019407272338867188
TCAPPDLL 2025-11-24 09:00:58.352390 - Epoch: 0 Iteration: 19  rank : 0  train.loss : 7.464149475097656  train.ips : 107546.2564102564 imgs/s train.total_time : 0.000148773193359375
TCAPPDLL 2025-11-24 09:00:58.426326 - Epoch: 0 Iteration: 20  rank : 0  train.loss : 6.962811470031738  train.ips : 103723.12828438949 imgs/s train.total_time : 0.00015425682067871094
TCAPPDLL 2025-11-24 09:00:59.064682 - Epoch: 0 Iteration: 21  rank : 0  train.loss : 7.21893835067749  train.ips : 99126.83013293945 imgs/s train.total_time : 0.0001614093780517578
TCAPPDLL 2025-11-24 09:00:59.134543 - Epoch: 0 Iteration: 22  rank : 0  train.loss : 7.311135768890381  train.ips : 106522.00634920635 imgs/s train.total_time : 0.00015020370483398438
TCAPPDLL 2025-11-24 09:00:59.203043 - Epoch: 0 Iteration: 23  rank : 0  train.loss : 7.08259391784668  train.ips : 106522.00634920635 imgs/s train.total_time : 0.00015020370483398438
TCAPPDLL 2025-11-24 09:00:59.273194 - Epoch: 0 Iteration: 24  rank : 0  train.loss : 7.264835357666016  train.ips : 100915.58496240602 imgs/s train.total_time : 0.00015854835510253906
TCAPPDLL 2025-11-24 09:00:59.916480 - Epoch: 0 Iteration: 25  rank : 0  train.loss : 7.266481399536133  train.ips : 87495.25945241199 imgs/s train.total_time : 0.00018286705017089844
TCAPPDLL 2025-11-24 09:00:59.983786 - Epoch: 0 Iteration: 26  rank : 0  train.loss : 7.257289886474609  train.ips : 100764.06006006006 imgs/s train.total_time : 0.00015878677368164062
TCAPPDLL 2025-11-24 09:01:00.047436 - Epoch: 0 Iteration: 27  rank : 0  train.loss : 7.337270736694336  train.ips : 131328.50097847357 imgs/s train.total_time : 0.00012183189392089844
TCAPPDLL 2025-11-24 09:01:00.118633 - Epoch: 0 Iteration: 28  rank : 0  train.loss : 7.301185131072998  train.ips : 97400.3831640058 imgs/s train.total_time : 0.00016427040100097656
TCAPPDLL 2025-11-24 09:01:01.431331 - Epoch: 0 Iteration: 29  rank : 0  train.loss : 7.355615139007568  train.ips : 88417.47562582346 imgs/s train.total_time : 0.00018095970153808594
TCAPPDLL 2025-11-24 09:01:01.517700 - Epoch: 0 Iteration: 30  rank : 0  train.loss : 7.286510944366455  train.ips : 44354.834104428286 imgs/s train.total_time : 0.00036072731018066406
TCAPPDLL 2025-11-24 09:01:01.586742 - Epoch: 0 Iteration: 31  rank : 0  train.loss : 7.3281450271606445  train.ips : 96559.51654676259 imgs/s train.total_time : 0.00016570091247558594
TCAPPDLL 2025-11-24 09:01:01.657757 - Epoch: 0 Iteration: 32  rank : 0  train.loss : 7.533967018127441  train.ips : 96698.65129682996 imgs/s train.total_time : 0.00016546249389648438
TCAPPDLL 2025-11-24 09:01:02.098150 - Epoch: 0 Iteration: 33  rank : 0  train.loss : 7.3486738204956055  train.ips : 84096.32080200501 imgs/s train.total_time : 0.00019025802612304688
TCAPPDLL 2025-11-24 09:01:02.177217 - Epoch: 0 Iteration: 34  rank : 0  train.loss : 7.340117454528809  train.ips : 91180.52173913043 imgs/s train.total_time : 0.00017547607421875
TCAPPDLL 2025-11-24 09:01:02.250993 - Epoch: 0 Iteration: 35  rank : 0  train.loss : 7.456817150115967  train.ips : 76087.14739229025 imgs/s train.total_time : 0.00021028518676757812
TCAPPDLL 2025-11-24 09:01:02.322771 - Epoch: 0 Iteration: 36  rank : 0  train.loss : 7.296889305114746  train.ips : 83676.88778054863 imgs/s train.total_time : 0.00019121170043945312
TCAPPDLL 2025-11-24 09:01:02.674759 - Epoch: 0 Iteration: 37  rank : 0  train.loss : 7.368404388427734  train.ips : 99273.4674556213 imgs/s train.total_time : 0.00016117095947265625
TCAPPDLL 2025-11-24 09:01:02.754773 - Epoch: 0 Iteration: 38  rank : 0  train.loss : 7.178027153015137  train.ips : 96144.50429799427 imgs/s train.total_time : 0.00016641616821289062
TCAPPDLL 2025-11-24 09:01:03.006974 - Epoch: 0 Iteration: 39  rank : 0  train.loss : 7.296525955200195  train.ips : 81147.35671100362 imgs/s train.total_time : 0.0001971721649169922
TCAPPDLL 2025-11-24 09:01:03.093799 - Epoch: 0 Iteration: 40  rank : 0  train.loss : 7.490026473999023  train.ips : 102456.28091603053 imgs/s train.total_time : 0.00015616416931152344
TCAPPDLL 2025-11-24 09:01:03.931790 - Epoch: 0 Iteration: 41  rank : 0  train.loss : 7.473638534545898  train.ips : 93466.3844011142 imgs/s train.total_time : 0.00017118453979492188
TCAPPDLL 2025-11-24 09:01:04.034980 - Epoch: 0 Iteration: 42  rank : 0  train.loss : 7.219485282897949  train.ips : 64035.17557251908 imgs/s train.total_time : 0.0002498626708984375
TCAPPDLL 2025-11-24 09:01:04.168006 - Epoch: 0 Iteration: 43  rank : 0  train.loss : 7.424169540405273  train.ips : 81740.39464068209 imgs/s train.total_time : 0.0001957416534423828
TCAPPDLL 2025-11-24 09:01:04.244923 - Epoch: 0 Iteration: 44  rank : 0  train.loss : 7.166107177734375  train.ips : 91056.80325644504 imgs/s train.total_time : 0.00017571449279785156
TCAPPDLL 2025-11-24 09:01:04.725205 - Epoch: 0 Iteration: 45  rank : 0  train.loss : 7.695971488952637  train.ips : 87041.32814526588 imgs/s train.total_time : 0.0001838207244873047
TCAPPDLL 2025-11-24 09:01:04.793913 - Epoch: 0 Iteration: 46  rank : 0  train.loss : 7.5958967208862305  train.ips : 66841.49800796813 imgs/s train.total_time : 0.00023937225341796875
TCAPPDLL 2025-11-24 09:01:04.995172 - Epoch: 0 Iteration: 47  rank : 0  train.loss : 7.4631147384643555  train.ips : 101989.15501519757 imgs/s train.total_time : 0.00015687942504882812
TCAPPDLL 2025-11-24 09:01:05.069135 - Epoch: 0 Iteration: 48  rank : 0  train.loss : 7.469088554382324  train.ips : 100915.58496240602 imgs/s train.total_time : 0.00015854835510253906
TCAPPDLL 2025-11-24 09:01:05.530766 - Epoch: 0 Iteration: 49  rank : 0  train.loss : 7.709681987762451  train.ips : 71014.6708994709 imgs/s train.total_time : 0.00022530555725097656
TCAPPDLL 2025-11-24 09:01:05.604273 - Epoch: 0 Iteration: 50  rank : 0  train.loss : 7.005796432495117  train.ips : 103403.48844375963 imgs/s train.total_time : 0.00015473365783691406
TCAPPDLL 2025-11-24 09:01:05.696148 - Epoch: 0 Iteration: 51  rank : 0  train.loss : 7.723135471343994  train.ips : 107031.68102073365 imgs/s train.total_time : 0.0001494884490966797
TCAPPDLL 2025-11-24 09:01:05.763206 - Epoch: 0 Iteration: 52  rank : 0  train.loss : 7.5862202644348145  train.ips : 78124.40512223516 imgs/s train.total_time : 0.0002048015594482422
TCAPPDLL 2025-11-24 09:01:06.745319 - Epoch: 0 Iteration: 53  rank : 0  train.loss : 7.404915809631348  train.ips : 110195.1789819376 imgs/s train.total_time : 0.00014519691467285156
TCAPPDLL 2025-11-24 09:01:06.817013 - Epoch: 0 Iteration: 54  rank : 0  train.loss : 7.562439918518066  train.ips : 97683.93595342067 imgs/s train.total_time : 0.00016379356384277344
TCAPPDLL 2025-11-24 09:01:06.886716 - Epoch: 0 Iteration: 55  rank : 0  train.loss : 7.034365177154541  train.ips : 104044.7503875969 imgs/s train.total_time : 0.0001537799835205078
TCAPPDLL 2025-11-24 09:01:06.955358 - Epoch: 0 Iteration: 56  rank : 0  train.loss : 7.265434265136719  train.ips : 96420.7816091954 imgs/s train.total_time : 0.0001659393310546875
TCAPPDLL 2025-11-24 09:01:07.568742 - Epoch: 0 Iteration: 57  rank : 0  train.loss : 7.401050567626953  train.ips : 85707.36143039592 imgs/s train.total_time : 0.00018668174743652344
TCAPPDLL 2025-11-24 09:01:07.748406 - Epoch: 0 Iteration: 58  rank : 0  train.loss : 7.058852672576904  train.ips : 86258.17994858611 imgs/s train.total_time : 0.00018548965454101562
TCAPPDLL 2025-11-24 09:01:07.813761 - Epoch: 0 Iteration: 59  rank : 0  train.loss : 7.554532051086426  train.ips : 93466.3844011142 imgs/s train.total_time : 0.00017118453979492188
TCAPPDLL 2025-11-24 09:01:07.880906 - Epoch: 0 Iteration: 60  rank : 0  train.loss : 7.359869480133057  train.ips : 102144.38964992389 imgs/s train.total_time : 0.00015664100646972656
TCAPPDLL 2025-11-24 09:01:08.247124 - Epoch: 0 Iteration: 61  rank : 0  train.loss : 7.1783366203308105  train.ips : 72315.58620689655 imgs/s train.total_time : 0.00022125244140625
TCAPPDLL 2025-11-24 09:01:08.575654 - Epoch: 0 Iteration: 62  rank : 0  train.loss : 7.161121845245361  train.ips : 53303.30738681493 imgs/s train.total_time : 0.0003001689910888672
TCAPPDLL 2025-11-24 09:01:08.647049 - Epoch: 0 Iteration: 63  rank : 0  train.loss : 7.328096389770508  train.ips : 99126.83013293945 imgs/s train.total_time : 0.0001614093780517578
TCAPPDLL 2025-11-24 09:01:08.722343 - Epoch: 0 Iteration: 64  rank : 0  train.loss : 7.235197067260742  train.ips : 93596.7419804742 imgs/s train.total_time : 0.0001709461212158203
TCAPPDLL 2025-11-24 09:01:09.018784 - Epoch: 0 Iteration: 65  rank : 0  train.loss : 7.4689178466796875  train.ips : 97826.33236151603 imgs/s train.total_time : 0.00016355514526367188
TCAPPDLL 2025-11-24 09:01:09.291372 - Epoch: 0 Iteration: 66  rank : 0  train.loss : 7.83824348449707  train.ips : 105186.30721003134 imgs/s train.total_time : 0.00015211105346679688
TCAPPDLL 2025-11-24 09:01:09.361808 - Epoch: 0 Iteration: 67  rank : 0  train.loss : 7.168389320373535  train.ips : 105517.0817610063 imgs/s train.total_time : 0.00015163421630859375
TCAPPDLL 2025-11-24 09:01:09.431408 - Epoch: 0 Iteration: 68  rank : 0  train.loss : 7.361462593078613  train.ips : 102927.7055214724 imgs/s train.total_time : 0.00015544891357421875
TCAPPDLL 2025-11-24 09:01:10.065100 - Epoch: 0 Iteration: 69  rank : 0  train.loss : 7.197315216064453  train.ips : 98256.0234260615 imgs/s train.total_time : 0.0001628398895263672
TCAPPDLL 2025-11-24 09:01:10.367885 - Epoch: 0 Iteration: 70  rank : 0  train.loss : 7.79440975189209  train.ips : 64965.01839303001 imgs/s train.total_time : 0.00024628639221191406
TCAPPDLL 2025-11-24 09:01:10.449460 - Epoch: 0 Iteration: 71  rank : 0  train.loss : 7.294289588928223  train.ips : 102300.09756097561 imgs/s train.total_time : 0.000156402587890625
TCAPPDLL 2025-11-24 09:01:10.526900 - Epoch: 0 Iteration: 72  rank : 0  train.loss : 7.0309882164001465  train.ips : 96978.12716763005 imgs/s train.total_time : 0.00016498565673828125
TCAPPDLL 2025-11-24 09:01:10.734568 - Epoch: 0 Iteration: 73  rank : 0  train.loss : 7.232595920562744  train.ips : 90687.65405405406 imgs/s train.total_time : 0.00017642974853515625
TCAPPDLL 2025-11-24 09:01:11.013673 - Epoch: 0 Iteration: 74  rank : 0  train.loss : 7.522314071655273  train.ips : 92309.30398899587 imgs/s train.total_time : 0.00017333030700683594
TCAPPDLL 2025-11-24 09:01:11.079595 - Epoch: 0 Iteration: 75  rank : 0  train.loss : 7.210473537445068  train.ips : 84096.32080200501 imgs/s train.total_time : 0.00019025802612304688
TCAPPDLL 2025-11-24 09:01:11.154144 - Epoch: 0 Iteration: 76  rank : 0  train.loss : 7.221329689025879  train.ips : 67786.73131313131 imgs/s train.total_time : 0.00023603439331054688
TCAPPDLL 2025-11-24 09:01:11.480734 - Epoch: 0 Iteration: 77  rank : 0  train.loss : 7.530457496643066  train.ips : 67446.09447236182 imgs/s train.total_time : 0.0002372264862060547
TCAPPDLL 2025-11-24 09:01:11.668422 - Epoch: 0 Iteration: 78  rank : 0  train.loss : 7.291480541229248  train.ips : 94786.53107344633 imgs/s train.total_time : 0.00016880035400390625
TCAPPDLL 2025-11-24 09:01:11.740464 - Epoch: 0 Iteration: 79  rank : 0  train.loss : 7.236642360687256  train.ips : 99568.04747774481 imgs/s train.total_time : 0.00016069412231445312
TCAPPDLL 2025-11-24 09:01:11.807321 - Epoch: 0 Iteration: 80  rank : 0  train.loss : 6.989254951477051  train.ips : 96420.7816091954 imgs/s train.total_time : 0.0001659393310546875
TCAPPDLL 2025-11-24 09:01:12.825826 - Epoch: 0 Iteration: 81  rank : 0  train.loss : 7.458620071411133  train.ips : 73423.2647702407 imgs/s train.total_time : 0.00021791458129882812
TCAPPDLL 2025-11-24 09:01:12.893067 - Epoch: 0 Iteration: 82  rank : 0  train.loss : 7.471866130828857  train.ips : 103403.48844375963 imgs/s train.total_time : 0.00015473365783691406
TCAPPDLL 2025-11-24 09:01:12.958880 - Epoch: 0 Iteration: 83  rank : 0  train.loss : 7.206262588500977  train.ips : 120051.63506261181 imgs/s train.total_time : 0.00013327598571777344
TCAPPDLL 2025-11-24 09:01:13.025744 - Epoch: 0 Iteration: 84  rank : 0  train.loss : 7.09766960144043  train.ips : 100764.06006006006 imgs/s train.total_time : 0.00015878677368164062
TCAPPDLL 2025-11-24 09:01:13.496515 - Epoch: 0 Iteration: 85  rank : 0  train.loss : 7.671657562255859  train.ips : 82748.29099876696 imgs/s train.total_time : 0.0001933574676513672
TCAPPDLL 2025-11-24 09:01:13.584048 - Epoch: 0 Iteration: 86  rank : 0  train.loss : 7.430215835571289  train.ips : 89121.9973439575 imgs/s train.total_time : 0.00017952919006347656
TCAPPDLL 2025-11-24 09:01:13.660920 - Epoch: 0 Iteration: 87  rank : 0  train.loss : 7.45338249206543  train.ips : 96144.50429799427 imgs/s train.total_time : 0.00016641616821289062
TCAPPDLL 2025-11-24 09:01:13.732919 - Epoch: 0 Iteration: 88  rank : 0  train.loss : 7.4524054527282715  train.ips : 100915.58496240602 imgs/s train.total_time : 0.00015854835510253906
TCAPPDLL 2025-11-24 09:01:14.257770 - Epoch: 0 Iteration: 89  rank : 0  train.loss : 7.553964614868164  train.ips : 81640.95377128954 imgs/s train.total_time : 0.00019598007202148438
TCAPPDLL 2025-11-24 09:01:14.328233 - Epoch: 0 Iteration: 90  rank : 0  train.loss : 7.246472358703613  train.ips : 94519.52676056339 imgs/s train.total_time : 0.00016927719116210938
TCAPPDLL 2025-11-24 09:01:14.396976 - Epoch: 0 Iteration: 91  rank : 0  train.loss : 6.903122425079346  train.ips : 70418.5351521511 imgs/s train.total_time : 0.00022721290588378906
TCAPPDLL 2025-11-24 09:01:14.465636 - Epoch: 0 Iteration: 92  rank : 0  train.loss : 7.265868186950684  train.ips : 85380.23409669212 imgs/s train.total_time : 0.00018739700317382812
TCAPPDLL 2025-11-24 09:01:14.918510 - Epoch: 0 Iteration: 93  rank : 0  train.loss : 7.669782638549805  train.ips : 81147.35671100362 imgs/s train.total_time : 0.0001971721649169922
TCAPPDLL 2025-11-24 09:01:15.048664 - Epoch: 0 Iteration: 94  rank : 0  train.loss : 7.334517955780029  train.ips : 97969.14452554744 imgs/s train.total_time : 0.0001633167266845703
TCAPPDLL 2025-11-24 09:01:15.116036 - Epoch: 0 Iteration: 95  rank : 0  train.loss : 7.340698719024658  train.ips : 107892.06430868167 imgs/s train.total_time : 0.00014829635620117188
TCAPPDLL 2025-11-24 09:01:15.180802 - Epoch: 0 Iteration: 96  rank : 0  train.loss : 7.246700286865234  train.ips : 96282.44476327117 imgs/s train.total_time : 0.00016617774963378906
TCAPPDLL 2025-11-24 09:01:15.959931 - Epoch: 0 Iteration: 97  rank : 0  train.loss : 7.606645584106445  train.ips : 92948.56509695291 imgs/s train.total_time : 0.00017213821411132812
TCAPPDLL 2025-11-24 09:01:16.081703 - Epoch: 0 Iteration: 98  rank : 0  train.loss : 7.393056869506836  train.ips : 87838.8272251309 imgs/s train.total_time : 0.00018215179443359375
TCAPPDLL 2025-11-24 09:01:16.159011 - Epoch: 0 Iteration: 99  rank : 0  train.loss : 7.176393032073975  train.ips : 99273.4674556213 imgs/s train.total_time : 0.00016117095947265625
TCAPPDLL 2025-11-24 09:01:16.227956 - Epoch: 0 Iteration: 100  rank : 0  train.loss : 7.765105247497559  train.ips : 134486.7014028056 imgs/s train.total_time : 0.00011897087097167969
