/root/miniconda3/envs/wyc_mmlab2/lib/python3.9/site-packages/torch/utils/cpp_extension.py:28: UserWarning: pkg_resources is deprecated as an API. See https://setuptools.pypa.io/en/latest/pkg_resources.html. The pkg_resources package is slated for removal as early as 2025-11-30. Refrain from using this package or pin to Setuptools<81.
  from pkg_resources import packaging  # type: ignore[attr-defined]
06/30 09:48:00 - mmengine - INFO - 
------------------------------------------------------------
System environment:
    sys.platform: linux
    Python: 3.9.23 (main, Jun  5 2025, 13:40:20) [GCC 11.2.0]
    CUDA available: True
    MUSA available: False
    numpy_random_seed: 1440933686
    GPU 0: NVIDIA GeForce RTX 4090
    CUDA_HOME: /usr/local/cuda
    NVCC: Cuda compilation tools, release 12.9, V12.9.86
    GCC: gcc (Ubuntu 11.4.0-1ubuntu1~22.04) 11.4.0
    PyTorch: 2.1.0+cu121
    PyTorch compiling details: PyTorch built with:
  - GCC 9.3
  - C++ Version: 201703
  - Intel(R) oneAPI Math Kernel Library Version 2023.1-Product Build 20230303 for Intel(R) 64 architecture applications
  - Intel(R) MKL-DNN v3.1.1 (Git Hash 64f6bcbcbab628e96f33a62c3e975f8535a7bde4)
  - OpenMP 201511 (a.k.a. OpenMP 4.5)
  - LAPACK is enabled (usually provided by MKL)
  - NNPACK is enabled
  - CPU capability usage: AVX512
  - CUDA Runtime 12.1
  - NVCC architecture flags: -gencode;arch=compute_50,code=sm_50;-gencode;arch=compute_60,code=sm_60;-gencode;arch=compute_70,code=sm_70;-gencode;arch=compute_75,code=sm_75;-gencode;arch=compute_80,code=sm_80;-gencode;arch=compute_86,code=sm_86;-gencode;arch=compute_90,code=sm_90
  - CuDNN 8.9.2
  - Magma 2.6.1
  - Build settings: BLAS_INFO=mkl, BUILD_TYPE=Release, CUDA_VERSION=12.1, CUDNN_VERSION=8.9.2, CXX_COMPILER=/opt/rh/devtoolset-9/root/usr/bin/c++, CXX_FLAGS= -D_GLIBCXX_USE_CXX11_ABI=0 -fabi-version=11 -fvisibility-inlines-hidden -DUSE_PTHREADPOOL -DNDEBUG -DUSE_KINETO -DLIBKINETO_NOROCTRACER -DUSE_FBGEMM -DUSE_QNNPACK -DUSE_PYTORCH_QNNPACK -DUSE_XNNPACK -DSYMBOLICATE_MOBILE_DEBUG_HANDLE -O2 -fPIC -Wall -Wextra -Werror=return-type -Werror=non-virtual-dtor -Werror=bool-operation -Wnarrowing -Wno-missing-field-initializers -Wno-type-limits -Wno-array-bounds -Wno-unknown-pragmas -Wno-unused-parameter -Wno-unused-function -Wno-unused-result -Wno-strict-overflow -Wno-strict-aliasing -Wno-stringop-overflow -Wno-psabi -Wno-error=pedantic -Wno-error=old-style-cast -Wno-invalid-partial-specialization -Wno-unused-private-field -Wno-aligned-allocation-unavailable -Wno-missing-braces -fdiagnostics-color=always -faligned-new -Wno-unused-but-set-variable -Wno-maybe-uninitialized -fno-math-errno -fno-trapping-math -Werror=format -Werror=cast-function-type -Wno-stringop-overflow, LAPACK_INFO=mkl, PERF_WITH_AVX=1, PERF_WITH_AVX2=1, PERF_WITH_AVX512=1, TORCH_DISABLE_GPU_ASSERTS=ON, TORCH_VERSION=2.1.0, USE_CUDA=ON, USE_CUDNN=ON, USE_EXCEPTION_PTR=1, USE_GFLAGS=OFF, USE_GLOG=OFF, USE_MKL=ON, USE_MKLDNN=ON, USE_MPI=OFF, USE_NCCL=1, USE_NNPACK=ON, USE_OPENMP=ON, USE_ROCM=OFF, 

    TorchVision: 0.16.0+cu121
    OpenCV: 4.11.0
    MMEngine: 0.10.4

Runtime environment:
    cudnn_benchmark: False
    mp_cfg: {'mp_start_method': 'fork', 'opencv_num_threads': 0}
    dist_cfg: {'backend': 'nccl'}
    seed: 1440933686
    Distributed launcher: none
    Distributed training: False
    GPU number: 1
------------------------------------------------------------

06/30 09:48:00 - mmengine - INFO - Config:
auto_scale_lr = dict(base_batch_size=16, enable=False)
backend_args = None
custom_hooks = []
data_root = '/home/01/wyc/datasets/coco/'
dataset_type = 'CocoPanopticDataset'
default_hooks = dict(
    checkpoint=dict(interval=1, type='CheckpointHook'),
    logger=dict(interval=50, type='LoggerHook'),
    param_scheduler=dict(type='ParamSchedulerHook'),
    sampler_seed=dict(type='DistSamplerSeedHook'),
    timer=dict(type='IterTimerHook'),
    visualization=dict(type='DetVisualizationHook'))
default_scope = 'mmdet'
env_cfg = dict(
    cudnn_benchmark=False,
    dist_cfg=dict(backend='nccl'),
    mp_cfg=dict(mp_start_method='fork', opencv_num_threads=0))
launcher = 'none'
load_from = None
log_level = 'INFO'
log_processor = dict(by_epoch=True, type='LogProcessor', window_size=50)
model = dict(
    backbone=dict(
        depth=50,
        frozen_stages=1,
        init_cfg=dict(checkpoint='torchvision://resnet50', type='Pretrained'),
        norm_cfg=dict(requires_grad=True, type='BN'),
        norm_eval=True,
        num_stages=4,
        out_indices=(
            0,
            1,
            2,
            3,
        ),
        style='pytorch',
        type='ResNet'),
    data_preprocessor=dict(
        bgr_to_rgb=True,
        mask_pad_value=0,
        mean=[
            123.675,
            116.28,
            103.53,
        ],
        pad_mask=True,
        pad_seg=True,
        pad_size_divisor=32,
        seg_pad_value=255,
        std=[
            58.395,
            57.12,
            57.375,
        ],
        type='DetDataPreprocessor'),
    neck=dict(
        in_channels=[
            256,
            512,
            1024,
            2048,
        ],
        num_outs=5,
        out_channels=256,
        type='FPN'),
    panoptic_fusion_head=dict(
        num_stuff_classes=53,
        num_things_classes=80,
        type='HeuristicFusionHead'),
    roi_head=dict(
        bbox_head=dict(
            bbox_coder=dict(
                target_means=[
                    0.0,
                    0.0,
                    0.0,
                    0.0,
                ],
                target_stds=[
                    0.1,
                    0.1,
                    0.2,
                    0.2,
                ],
                type='DeltaXYWHBBoxCoder'),
            fc_out_channels=1024,
            in_channels=256,
            loss_bbox=dict(loss_weight=1.0, type='L1Loss'),
            loss_cls=dict(
                loss_weight=1.0, type='CrossEntropyLoss', use_sigmoid=False),
            num_classes=80,
            reg_class_agnostic=False,
            roi_feat_size=7,
            type='Shared2FCBBoxHead'),
        bbox_roi_extractor=dict(
            featmap_strides=[
                4,
                8,
                16,
                32,
            ],
            out_channels=256,
            roi_layer=dict(output_size=7, sampling_ratio=0, type='RoIAlign'),
            type='SingleRoIExtractor'),
        mask_head=dict(
            conv_out_channels=256,
            in_channels=256,
            loss_mask=dict(
                loss_weight=1.0, type='CrossEntropyLoss', use_mask=True),
            num_classes=80,
            num_convs=4,
            type='FCNMaskHead'),
        mask_roi_extractor=dict(
            featmap_strides=[
                4,
                8,
                16,
                32,
            ],
            out_channels=256,
            roi_layer=dict(output_size=14, sampling_ratio=0, type='RoIAlign'),
            type='SingleRoIExtractor'),
        type='StandardRoIHead'),
    rpn_head=dict(
        anchor_generator=dict(
            ratios=[
                0.5,
                1.0,
                2.0,
            ],
            scales=[
                8,
            ],
            strides=[
                4,
                8,
                16,
                32,
                64,
            ],
            type='AnchorGenerator'),
        bbox_coder=dict(
            target_means=[
                0.0,
                0.0,
                0.0,
                0.0,
            ],
            target_stds=[
                1.0,
                1.0,
                1.0,
                1.0,
            ],
            type='DeltaXYWHBBoxCoder'),
        feat_channels=256,
        in_channels=256,
        loss_bbox=dict(loss_weight=1.0, type='L1Loss'),
        loss_cls=dict(
            loss_weight=1.0, type='CrossEntropyLoss', use_sigmoid=True),
        type='RPNHead'),
    semantic_head=dict(
        conv_cfg=None,
        end_level=4,
        in_channels=256,
        inner_channels=128,
        loss_seg=dict(
            ignore_index=255, loss_weight=0.5, type='CrossEntropyLoss'),
        norm_cfg=dict(num_groups=32, requires_grad=True, type='GN'),
        num_stuff_classes=53,
        num_things_classes=80,
        start_level=0,
        type='PanopticFPNHead'),
    test_cfg=dict(
        panoptic=dict(mask_overlap=0.5, stuff_area_limit=4096),
        rcnn=dict(
            mask_thr_binary=0.5,
            max_per_img=100,
            nms=dict(class_agnostic=True, iou_threshold=0.5, type='nms'),
            score_thr=0.6),
        rpn=dict(
            max_per_img=1000,
            min_bbox_size=0,
            nms=dict(iou_threshold=0.7, type='nms'),
            nms_pre=1000)),
    train_cfg=dict(
        rcnn=dict(
            assigner=dict(
                ignore_iof_thr=-1,
                match_low_quality=True,
                min_pos_iou=0.5,
                neg_iou_thr=0.5,
                pos_iou_thr=0.5,
                type='MaxIoUAssigner'),
            debug=False,
            mask_size=28,
            pos_weight=-1,
            sampler=dict(
                add_gt_as_proposals=True,
                neg_pos_ub=-1,
                num=512,
                pos_fraction=0.25,
                type='RandomSampler')),
        rpn=dict(
            allowed_border=-1,
            assigner=dict(
                ignore_iof_thr=-1,
                match_low_quality=True,
                min_pos_iou=0.3,
                neg_iou_thr=0.3,
                pos_iou_thr=0.7,
                type='MaxIoUAssigner'),
            debug=False,
            pos_weight=-1,
            sampler=dict(
                add_gt_as_proposals=False,
                neg_pos_ub=-1,
                num=256,
                pos_fraction=0.5,
                type='RandomSampler')),
        rpn_proposal=dict(
            max_per_img=1000,
            min_bbox_size=0,
            nms=dict(iou_threshold=0.7, type='nms'),
            nms_pre=2000)),
    type='PanopticFPN')
optim_wrapper = dict(
    loss_scale='dynamic',
    optimizer=dict(lr=0.001, momentum=0.9, type='SGD', weight_decay=0.0001),
    type='AmpOptimWrapper')
param_scheduler = [
    dict(
        begin=0, by_epoch=False, end=500, start_factor=0.001, type='LinearLR'),
    dict(
        begin=0,
        by_epoch=True,
        end=12,
        gamma=0.1,
        milestones=[
            8,
            11,
        ],
        type='MultiStepLR'),
]
resume = False
test_cfg = dict(type='TestLoop')
test_dataloader = dict(
    batch_size=1,
    dataset=dict(
        ann_file='annotations/panoptic_val2017.json',
        backend_args=None,
        data_prefix=dict(
            img='images/val2017/', seg='annotations/panoptic_val2017/'),
        data_root='/home/01/wyc/datasets/coco/',
        pipeline=[
            dict(backend_args=None, type='LoadImageFromFile'),
            dict(keep_ratio=True, scale=(
                1333,
                800,
            ), type='Resize'),
            dict(backend_args=None, type='LoadPanopticAnnotations'),
            dict(
                meta_keys=(
                    'img_id',
                    'img_path',
                    'ori_shape',
                    'img_shape',
                    'scale_factor',
                ),
                type='PackDetInputs'),
        ],
        test_mode=True,
        type='CocoPanopticDataset'),
    drop_last=False,
    num_workers=2,
    persistent_workers=True,
    sampler=dict(shuffle=False, type='DefaultSampler'))
test_evaluator = dict(
    ann_file='/home/01/wyc/datasets/coco/annotations/panoptic_val2017.json',
    backend_args=None,
    seg_prefix='/home/01/wyc/datasets/coco/annotations/panoptic_val2017/',
    type='CocoPanopticMetric')
test_pipeline = [
    dict(backend_args=None, type='LoadImageFromFile'),
    dict(keep_ratio=True, scale=(
        1333,
        800,
    ), type='Resize'),
    dict(backend_args=None, type='LoadPanopticAnnotations'),
    dict(
        meta_keys=(
            'img_id',
            'img_path',
            'ori_shape',
            'img_shape',
            'scale_factor',
        ),
        type='PackDetInputs'),
]
train_cfg = dict(max_epochs=12, type='EpochBasedTrainLoop', val_interval=1)
train_dataloader = dict(
    batch_sampler=dict(type='AspectRatioBatchSampler'),
    batch_size=2,
    dataset=dict(
        ann_file='annotations/panoptic_train2017.json',
        backend_args=None,
        data_prefix=dict(
            img='images/train2017/', seg='annotations/panoptic_train2017/'),
        data_root='/home/01/wyc/datasets/coco/',
        filter_cfg=dict(filter_empty_gt=True, min_size=32),
        pipeline=[
            dict(backend_args=None, type='LoadImageFromFile'),
            dict(backend_args=None, type='LoadPanopticAnnotations'),
            dict(keep_ratio=True, scale=(
                1333,
                800,
            ), type='Resize'),
            dict(prob=0.5, type='RandomFlip'),
            dict(type='PackDetInputs'),
        ],
        type='CocoPanopticDataset'),
    num_workers=2,
    persistent_workers=True,
    sampler=dict(shuffle=True, type='DefaultSampler'))
train_pipeline = [
    dict(backend_args=None, type='LoadImageFromFile'),
    dict(backend_args=None, type='LoadPanopticAnnotations'),
    dict(keep_ratio=True, scale=(
        1333,
        800,
    ), type='Resize'),
    dict(prob=0.5, type='RandomFlip'),
    dict(type='PackDetInputs'),
]
val_cfg = dict(type='ValLoop')
val_dataloader = dict(
    batch_size=1,
    dataset=dict(
        ann_file='annotations/panoptic_val2017.json',
        backend_args=None,
        data_prefix=dict(
            img='images/val2017/', seg='annotations/panoptic_val2017/'),
        data_root='/home/01/wyc/datasets/coco/',
        pipeline=[
            dict(backend_args=None, type='LoadImageFromFile'),
            dict(keep_ratio=True, scale=(
                1333,
                800,
            ), type='Resize'),
            dict(backend_args=None, type='LoadPanopticAnnotations'),
            dict(
                meta_keys=(
                    'img_id',
                    'img_path',
                    'ori_shape',
                    'img_shape',
                    'scale_factor',
                ),
                type='PackDetInputs'),
        ],
        test_mode=True,
        type='CocoPanopticDataset'),
    drop_last=False,
    num_workers=2,
    persistent_workers=True,
    sampler=dict(shuffle=False, type='DefaultSampler'))
val_evaluator = dict(
    ann_file='/home/01/wyc/datasets/coco/annotations/panoptic_val2017.json',
    backend_args=None,
    seg_prefix='/home/01/wyc/datasets/coco/annotations/panoptic_val2017/',
    type='CocoPanopticMetric')
vis_backends = [
    dict(type='LocalVisBackend'),
]
visualizer = dict(
    name='visualizer',
    type='DetLocalVisualizer',
    vis_backends=[
        dict(type='LocalVisBackend'),
    ])
work_dir = './work_dirs/panoptic-fpn_r50_fpn_1x_coco'

/root/miniconda3/envs/wyc_mmlab2/lib/python3.9/site-packages/mmdet/models/losses/cross_entropy_loss.py:240: UserWarning: Default ``avg_non_ignore`` is False, if you would like to ignore the certain label and average loss over non-ignore labels, which is the same with PyTorch official cross_entropy, set ``avg_non_ignore=True``.
  warnings.warn(
06/30 09:48:01 - mmengine - INFO - Distributed training is not used, all SyncBatchNorm (SyncBN) layers in the model will be automatically reverted to BatchNormXd layers if they are used.
06/30 09:48:01 - mmengine - INFO - Hooks will be executed in the following order:
before_run:
(VERY_HIGH   ) RuntimeInfoHook                    
(BELOW_NORMAL) LoggerHook                         
 -------------------- 
before_train:
(VERY_HIGH   ) RuntimeInfoHook                    
(NORMAL      ) IterTimerHook                      
(VERY_LOW    ) CheckpointHook                     
 -------------------- 
before_train_epoch:
(VERY_HIGH   ) RuntimeInfoHook                    
(NORMAL      ) IterTimerHook                      
(NORMAL      ) DistSamplerSeedHook                
 -------------------- 
before_train_iter:
(VERY_HIGH   ) RuntimeInfoHook                    
(NORMAL      ) IterTimerHook                      
 -------------------- 
after_train_iter:
(VERY_HIGH   ) RuntimeInfoHook                    
(NORMAL      ) IterTimerHook                      
(BELOW_NORMAL) LoggerHook                         
(LOW         ) ParamSchedulerHook                 
(VERY_LOW    ) CheckpointHook                     
 -------------------- 
after_train_epoch:
(NORMAL      ) IterTimerHook                      
(LOW         ) ParamSchedulerHook                 
(VERY_LOW    ) CheckpointHook                     
 -------------------- 
before_val:
(VERY_HIGH   ) RuntimeInfoHook                    
 -------------------- 
before_val_epoch:
(NORMAL      ) IterTimerHook                      
 -------------------- 
before_val_iter:
(NORMAL      ) IterTimerHook                      
 -------------------- 
after_val_iter:
(NORMAL      ) IterTimerHook                      
(NORMAL      ) DetVisualizationHook               
(BELOW_NORMAL) LoggerHook                         
 -------------------- 
after_val_epoch:
(VERY_HIGH   ) RuntimeInfoHook                    
(NORMAL      ) IterTimerHook                      
(BELOW_NORMAL) LoggerHook                         
(LOW         ) ParamSchedulerHook                 
(VERY_LOW    ) CheckpointHook                     
 -------------------- 
after_val:
(VERY_HIGH   ) RuntimeInfoHook                    
 -------------------- 
after_train:
(VERY_HIGH   ) RuntimeInfoHook                    
(VERY_LOW    ) CheckpointHook                     
 -------------------- 
before_test:
(VERY_HIGH   ) RuntimeInfoHook                    
 -------------------- 
before_test_epoch:
(NORMAL      ) IterTimerHook                      
 -------------------- 
before_test_iter:
(NORMAL      ) IterTimerHook                      
 -------------------- 
after_test_iter:
(NORMAL      ) IterTimerHook                      
(NORMAL      ) DetVisualizationHook               
(BELOW_NORMAL) LoggerHook                         
 -------------------- 
after_test_epoch:
(VERY_HIGH   ) RuntimeInfoHook                    
(NORMAL      ) IterTimerHook                      
(BELOW_NORMAL) LoggerHook                         
 -------------------- 
after_test:
(VERY_HIGH   ) RuntimeInfoHook                    
 -------------------- 
after_run:
(BELOW_NORMAL) LoggerHook                         
 -------------------- 
loading annotations into memory...
Done (t=5.41s)
creating index...
index created!
loading annotations into memory...
Done (t=0.14s)
creating index...
index created!
loading annotations into memory...
Done (t=0.10s)
creating index...
index created!
06/30 09:48:32 - mmengine - INFO - load model from: torchvision://resnet50
06/30 09:48:32 - mmengine - INFO - Loads checkpoint by torchvision backend from path: torchvision://resnet50
06/30 09:48:32 - mmengine - WARNING - The model and loaded state dict do not match exactly

unexpected key in source state_dict: fc.weight, fc.bias

06/30 09:48:32 - mmengine - WARNING - "FileClient" will be deprecated in future. Please use io functions in https://mmengine.readthedocs.io/en/latest/api/fileio.html#file-io
06/30 09:48:32 - mmengine - WARNING - "HardDiskBackend" is the alias of "LocalBackend" and the former will be deprecated in future.
06/30 09:48:32 - mmengine - INFO - Checkpoints will be saved to /home/01/wyc/mmdetection/work_dirs/panoptic-fpn_r50_fpn_1x_coco.
TCAPPDLL 2025-06-30 09:48:34.653680 - Epoch: 0 Iteration: 0  rank : 0  train.loss : 7.481574058532715  train.ips : 0.9618978239957766 imgs/s train.total_time : 2.0792229175567627 
TCAPPDLL 2025-06-30 09:48:35.182469 - Epoch: 0 Iteration: 1  rank : 0  train.loss : 7.551383018493652  train.ips : 3.783287631692885 imgs/s train.total_time : 0.5286407470703125 
TCAPPDLL 2025-06-30 09:48:35.375380 - Epoch: 0 Iteration: 2  rank : 0  train.loss : 7.3219990730285645  train.ips : 10.374275442525757 imgs/s train.total_time : 0.19278454780578613 
TCAPPDLL 2025-06-30 09:48:35.977973 - Epoch: 0 Iteration: 3  rank : 0  train.loss : 7.043130397796631  train.ips : 3.3196008061755613 imgs/s train.total_time : 0.6024820804595947 
TCAPPDLL 2025-06-30 09:48:36.574246 - Epoch: 0 Iteration: 4  rank : 0  train.loss : 7.499993801116943  train.ips : 3.3547454129541054 imgs/s train.total_time : 0.5961704254150391 
TCAPPDLL 2025-06-30 09:48:36.789349 - Epoch: 0 Iteration: 5  rank : 0  train.loss : 7.431687831878662  train.ips : 9.303299060310687 imgs/s train.total_time : 0.21497750282287598 
TCAPPDLL 2025-06-30 09:48:37.013820 - Epoch: 0 Iteration: 6  rank : 0  train.loss : 7.342788219451904  train.ips : 8.914576954917061 imgs/s train.total_time : 0.2243516445159912 
TCAPPDLL 2025-06-30 09:48:37.230204 - Epoch: 0 Iteration: 7  rank : 0  train.loss : 7.380309581756592  train.ips : 9.24784364912776 imgs/s train.total_time : 0.21626663208007812 
TCAPPDLL 2025-06-30 09:48:37.455734 - Epoch: 0 Iteration: 8  rank : 0  train.loss : 7.335596561431885  train.ips : 8.872730811254478 imgs/s train.total_time : 0.22540974617004395 
TCAPPDLL 2025-06-30 09:48:38.029371 - Epoch: 0 Iteration: 9  rank : 0  train.loss : 7.504990577697754  train.ips : 3.4872182013942874 imgs/s train.total_time : 0.5735230445861816 
TCAPPDLL 2025-06-30 09:48:38.210926 - Epoch: 0 Iteration: 10  rank : 0  train.loss : 7.000400543212891  train.ips : 11.022442736857597 imgs/s train.total_time : 0.18144798278808594 
TCAPPDLL 2025-06-30 09:48:38.832441 - Epoch: 0 Iteration: 11  rank : 0  train.loss : 7.47836971282959  train.ips : 3.218593743765098 imgs/s train.total_time : 0.6213893890380859 
TCAPPDLL 2025-06-30 09:48:39.255904 - Epoch: 0 Iteration: 12  rank : 0  train.loss : 7.528225421905518  train.ips : 4.725686140963738 imgs/s train.total_time : 0.4232189655303955 
TCAPPDLL 2025-06-30 09:48:39.480377 - Epoch: 0 Iteration: 13  rank : 0  train.loss : 6.543267250061035  train.ips : 8.914728533884247 imgs/s train.total_time : 0.22434782981872559 
TCAPPDLL 2025-06-30 09:48:39.637898 - Epoch: 0 Iteration: 14  rank : 0  train.loss : 7.369936466217041  train.ips : 12.705295761421896 imgs/s train.total_time : 0.15741467475891113 
TCAPPDLL 2025-06-30 09:48:39.803871 - Epoch: 0 Iteration: 15  rank : 0  train.loss : 6.148499965667725  train.ips : 12.05750039168225 imgs/s train.total_time : 0.16587185859680176 
TCAPPDLL 2025-06-30 09:48:39.942975 - Epoch: 0 Iteration: 16  rank : 0  train.loss : 6.882449150085449  train.ips : 14.389803672667702 imgs/s train.total_time : 0.13898730278015137 
TCAPPDLL 2025-06-30 09:48:40.142298 - Epoch: 0 Iteration: 17  rank : 0  train.loss : 6.034460067749023  train.ips : 10.039576137508767 imgs/s train.total_time : 0.19921159744262695 
TCAPPDLL 2025-06-30 09:48:40.314179 - Epoch: 0 Iteration: 18  rank : 0  train.loss : 6.297835826873779  train.ips : 11.643017749179718 imgs/s train.total_time : 0.17177677154541016 
TCAPPDLL 2025-06-30 09:48:40.653410 - Epoch: 0 Iteration: 19  rank : 0  train.loss : 6.851449966430664  train.ips : 5.897838670509218 imgs/s train.total_time : 0.3391072750091553 
TCAPPDLL 2025-06-30 09:48:41.188360 - Epoch: 0 Iteration: 20  rank : 0  train.loss : 6.364910125732422  train.ips : 3.73978877163887 imgs/s train.total_time : 0.5347895622253418 
TCAPPDLL 2025-06-30 09:48:41.366264 - Epoch: 0 Iteration: 21  rank : 0  train.loss : 6.154150009155273  train.ips : 11.24942737752316 imgs/s train.total_time : 0.17778682708740234 
TCAPPDLL 2025-06-30 09:48:41.988513 - Epoch: 0 Iteration: 22  rank : 0  train.loss : 5.850534915924072  train.ips : 3.2147552241734525 imgs/s train.total_time : 0.62213134765625 
TCAPPDLL 2025-06-30 09:48:42.164423 - Epoch: 0 Iteration: 23  rank : 0  train.loss : 5.503298759460449  train.ips : 11.377283972049824 imgs/s train.total_time : 0.17578887939453125 
TCAPPDLL 2025-06-30 09:48:42.306660 - Epoch: 0 Iteration: 24  rank : 0  train.loss : 5.562469959259033  train.ips : 14.074231661034922 imgs/s train.total_time : 0.1421036720275879 
TCAPPDLL 2025-06-30 09:48:42.866937 - Epoch: 0 Iteration: 25  rank : 0  train.loss : 5.155203819274902  train.ips : 3.5703603257355887 imgs/s train.total_time : 0.5601675510406494 
TCAPPDLL 2025-06-30 09:48:43.047513 - Epoch: 0 Iteration: 26  rank : 0  train.loss : 5.861665725708008  train.ips : 11.08204318618676 imgs/s train.total_time : 0.18047213554382324 
TCAPPDLL 2025-06-30 09:48:43.194558 - Epoch: 0 Iteration: 27  rank : 0  train.loss : 4.612963676452637  train.ips : 13.612323549982069 imgs/s train.total_time : 0.146925687789917 
TCAPPDLL 2025-06-30 09:48:43.384469 - Epoch: 0 Iteration: 28  rank : 0  train.loss : 4.657367706298828  train.ips : 10.538108051747054 imgs/s train.total_time : 0.1897873878479004 
TCAPPDLL 2025-06-30 09:48:43.533476 - Epoch: 0 Iteration: 29  rank : 0  train.loss : 4.742767333984375  train.ips : 13.433572850391784 imgs/s train.total_time : 0.1488807201385498 
TCAPPDLL 2025-06-30 09:48:43.679163 - Epoch: 0 Iteration: 30  rank : 0  train.loss : 4.896559715270996  train.ips : 13.741453985519117 imgs/s train.total_time : 0.14554500579833984 
TCAPPDLL 2025-06-30 09:48:43.937485 - Epoch: 0 Iteration: 31  rank : 0  train.loss : 4.963011741638184  train.ips : 7.746271661301552 imgs/s train.total_time : 0.25818872451782227 
TCAPPDLL 2025-06-30 09:48:44.074753 - Epoch: 0 Iteration: 32  rank : 0  train.loss : 3.6702775955200195  train.ips : 14.584571517985987 imgs/s train.total_time : 0.1371312141418457 
TCAPPDLL 2025-06-30 09:48:44.785681 - Epoch: 0 Iteration: 33  rank : 0  train.loss : 3.971496105194092  train.ips : 2.813712398925178 imgs/s train.total_time : 0.7108047008514404 
TCAPPDLL 2025-06-30 09:48:45.149481 - Epoch: 0 Iteration: 34  rank : 0  train.loss : 2.8333323001861572  train.ips : 5.499262491428511 imgs/s train.total_time : 0.36368513107299805 
TCAPPDLL 2025-06-30 09:48:45.292768 - Epoch: 0 Iteration: 35  rank : 0  train.loss : 3.796818733215332  train.ips : 13.97016317326876 imgs/s train.total_time : 0.14316225051879883 
TCAPPDLL 2025-06-30 09:48:45.423564 - Epoch: 0 Iteration: 36  rank : 0  train.loss : 3.5079243183135986  train.ips : 15.305723721422446 imgs/s train.total_time : 0.13067007064819336 
TCAPPDLL 2025-06-30 09:48:45.868048 - Epoch: 0 Iteration: 37  rank : 0  train.loss : 3.494250774383545  train.ips : 4.500845322824253 imgs/s train.total_time : 0.44436097145080566 
TCAPPDLL 2025-06-30 09:48:46.058942 - Epoch: 0 Iteration: 38  rank : 0  train.loss : 3.754812002182007  train.ips : 10.482916508896961 imgs/s train.total_time : 0.19078660011291504 
TCAPPDLL 2025-06-30 09:48:46.216945 - Epoch: 0 Iteration: 39  rank : 0  train.loss : 3.1494438648223877  train.ips : 12.669431548041576 imgs/s train.total_time : 0.15786027908325195 
TCAPPDLL 2025-06-30 09:48:46.742451 - Epoch: 0 Iteration: 40  rank : 0  train.loss : 3.4735629558563232  train.ips : 3.806713906794909 imgs/s train.total_time : 0.5253875255584717 
TCAPPDLL 2025-06-30 09:48:47.189460 - Epoch: 0 Iteration: 41  rank : 0  train.loss : 3.0160346031188965  train.ips : 4.475361155955139 imgs/s train.total_time : 0.44689130783081055 
TCAPPDLL 2025-06-30 09:48:47.403948 - Epoch: 0 Iteration: 42  rank : 0  train.loss : 3.323925018310547  train.ips : 9.329943299232793 imgs/s train.total_time : 0.21436357498168945 
TCAPPDLL 2025-06-30 09:48:47.533258 - Epoch: 0 Iteration: 43  rank : 0  train.loss : 3.481832981109619  train.ips : 15.480706805074972 imgs/s train.total_time : 0.12919306755065918 
TCAPPDLL 2025-06-30 09:48:47.722560 - Epoch: 0 Iteration: 44  rank : 0  train.loss : 3.8598008155822754  train.ips : 10.571668017224974 imgs/s train.total_time : 0.18918490409851074 
TCAPPDLL 2025-06-30 09:48:47.857245 - Epoch: 0 Iteration: 45  rank : 0  train.loss : 3.110643148422241  train.ips : 14.862245404164245 imgs/s train.total_time : 0.1345691680908203 
TCAPPDLL 2025-06-30 09:48:48.043008 - Epoch: 0 Iteration: 46  rank : 0  train.loss : 3.5318422317504883  train.ips : 10.775970351529633 imgs/s train.total_time : 0.18559813499450684 
TCAPPDLL 2025-06-30 09:48:48.180504 - Epoch: 0 Iteration: 47  rank : 0  train.loss : 3.758880138397217  train.ips : 14.558930062150393 imgs/s train.total_time : 0.13737273216247559 
TCAPPDLL 2025-06-30 09:48:48.342048 - Epoch: 0 Iteration: 48  rank : 0  train.loss : 3.559269428253174  train.ips : 12.389023777876236 imgs/s train.total_time : 0.16143321990966797 
TCAPPDLL 2025-06-30 09:48:48.513669 - Epoch: 0 Iteration: 49  rank : 0  train.loss : 3.991575241088867  train.ips : 11.661096491776798 imgs/s train.total_time : 0.1715104579925537 
06/30 09:48:48 - mmengine - INFO - Epoch(train)  [1][   50/58633]  lr: 9.9098e-05  eta: 2 days, 14:16:23  time: 0.3186  data_time: 0.0572  memory: 2616  loss: 5.3928  loss_rpn_cls: 0.6816  loss_rpn_bbox: 0.1084  loss_cls: 2.1761  acc: 97.4609  loss_bbox: 0.0265  loss_mask: 0.8098  loss_seg: 1.5903
TCAPPDLL 2025-06-30 09:48:48.737430 - Epoch: 0 Iteration: 50  rank : 0  train.loss : 3.459550142288208  train.ips : 8.94223042802975 imgs/s train.total_time : 0.22365784645080566 
TCAPPDLL 2025-06-30 09:48:48.860629 - Epoch: 0 Iteration: 51  rank : 0  train.loss : 3.8156769275665283  train.ips : 16.248867814154938 imgs/s train.total_time : 0.12308549880981445 
TCAPPDLL 2025-06-30 09:48:49.102622 - Epoch: 0 Iteration: 52  rank : 0  train.loss : 3.661986827850342  train.ips : 8.26854052306458 imgs/s train.total_time : 0.2418806552886963 
TCAPPDLL 2025-06-30 09:48:49.241218 - Epoch: 0 Iteration: 53  rank : 0  train.loss : 3.603846311569214  train.ips : 14.442101493688495 imgs/s train.total_time : 0.13848400115966797 
TCAPPDLL 2025-06-30 09:48:49.374224 - Epoch: 0 Iteration: 54  rank : 0  train.loss : 3.2254762649536133  train.ips : 15.050231980680836 imgs/s train.total_time : 0.1328883171081543 
TCAPPDLL 2025-06-30 09:48:49.523428 - Epoch: 0 Iteration: 55  rank : 0  train.loss : 3.372689723968506  train.ips : 13.415483621278344 imgs/s train.total_time : 0.14908146858215332 
TCAPPDLL 2025-06-30 09:48:49.717012 - Epoch: 0 Iteration: 56  rank : 0  train.loss : 3.584315776824951  train.ips : 10.337965855636359 imgs/s train.total_time : 0.19346165657043457 
TCAPPDLL 2025-06-30 09:48:49.930340 - Epoch: 0 Iteration: 57  rank : 0  train.loss : 3.3123064041137695  train.ips : 9.380292525830836 imgs/s train.total_time : 0.2132129669189453 
TCAPPDLL 2025-06-30 09:48:50.152396 - Epoch: 0 Iteration: 58  rank : 0  train.loss : 4.005739212036133  train.ips : 9.01144288654655 imgs/s train.total_time : 0.2219400405883789 
TCAPPDLL 2025-06-30 09:48:50.303721 - Epoch: 0 Iteration: 59  rank : 0  train.loss : 3.2909955978393555  train.ips : 13.226882620713361 imgs/s train.total_time : 0.15120720863342285 
TCAPPDLL 2025-06-30 09:48:50.817084 - Epoch: 0 Iteration: 60  rank : 0  train.loss : 3.348771095275879  train.ips : 3.8967899337435785 imgs/s train.total_time : 0.5132429599761963 
TCAPPDLL 2025-06-30 09:48:51.096827 - Epoch: 0 Iteration: 61  rank : 0  train.loss : 4.255984306335449  train.ips : 7.15403600637915 imgs/s train.total_time : 0.27956247329711914 
TCAPPDLL 2025-06-30 09:48:51.261114 - Epoch: 0 Iteration: 62  rank : 0  train.loss : 3.0656561851501465  train.ips : 12.183464919160407 imgs/s train.total_time : 0.16415691375732422 
TCAPPDLL 2025-06-30 09:48:51.427174 - Epoch: 0 Iteration: 63  rank : 0  train.loss : 2.875950813293457  train.ips : 12.052234056156351 imgs/s train.total_time : 0.16594433784484863 
TCAPPDLL 2025-06-30 09:48:51.552294 - Epoch: 0 Iteration: 64  rank : 0  train.loss : 3.1176767349243164  train.ips : 15.998443754899025 imgs/s train.total_time : 0.12501215934753418 
TCAPPDLL 2025-06-30 09:48:51.732266 - Epoch: 0 Iteration: 65  rank : 0  train.loss : 3.687228202819824  train.ips : 11.11926629826052 imgs/s train.total_time : 0.17986798286437988 
TCAPPDLL 2025-06-30 09:48:51.850719 - Epoch: 0 Iteration: 66  rank : 0  train.loss : 3.051645517349243  train.ips : 16.901032967520052 imgs/s train.total_time : 0.11833596229553223 
TCAPPDLL 2025-06-30 09:48:52.000414 - Epoch: 0 Iteration: 67  rank : 0  train.loss : 3.6898674964904785  train.ips : 13.371751751049674 imgs/s train.total_time : 0.14956903457641602 
TCAPPDLL 2025-06-30 09:48:52.540406 - Epoch: 0 Iteration: 68  rank : 0  train.loss : 2.925743818283081  train.ips : 3.7047295474047797 imgs/s train.total_time : 0.5398504734039307 
TCAPPDLL 2025-06-30 09:48:52.687408 - Epoch: 0 Iteration: 69  rank : 0  train.loss : 3.5905075073242188  train.ips : 13.617096431209266 imgs/s train.total_time : 0.14687418937683105 
TCAPPDLL 2025-06-30 09:48:52.831235 - Epoch: 0 Iteration: 70  rank : 0  train.loss : 3.3495936393737793  train.ips : 13.91676427161272 imgs/s train.total_time : 0.14371156692504883 
TCAPPDLL 2025-06-30 09:48:53.029121 - Epoch: 0 Iteration: 71  rank : 0  train.loss : 3.6009323596954346  train.ips : 10.112738981734978 imgs/s train.total_time : 0.197770357131958 
TCAPPDLL 2025-06-30 09:48:53.231714 - Epoch: 0 Iteration: 72  rank : 0  train.loss : 3.619961977005005  train.ips : 9.877922065687896 imgs/s train.total_time : 0.20247173309326172 
TCAPPDLL 2025-06-30 09:48:53.410370 - Epoch: 0 Iteration: 73  rank : 0  train.loss : 2.7521018981933594  train.ips : 11.202166556718543 imgs/s train.total_time : 0.17853689193725586 
TCAPPDLL 2025-06-30 09:48:53.838410 - Epoch: 0 Iteration: 74  rank : 0  train.loss : 3.6283085346221924  train.ips : 4.6737670684879 imgs/s train.total_time : 0.4279203414916992 
TCAPPDLL 2025-06-30 09:48:53.985700 - Epoch: 0 Iteration: 75  rank : 0  train.loss : 2.771663188934326  train.ips : 13.589984188288966 imgs/s train.total_time : 0.14716720581054688 
TCAPPDLL 2025-06-30 09:48:54.286719 - Epoch: 0 Iteration: 76  rank : 0  train.loss : 3.2488505840301514  train.ips : 6.6473273151435235 imgs/s train.total_time : 0.300872802734375 
TCAPPDLL 2025-06-30 09:48:54.440597 - Epoch: 0 Iteration: 77  rank : 0  train.loss : 3.7008309364318848  train.ips : 13.01225122931112 imgs/s train.total_time : 0.1537013053894043 
TCAPPDLL 2025-06-30 09:48:54.637838 - Epoch: 0 Iteration: 78  rank : 0  train.loss : 3.3515875339508057  train.ips : 10.147910683567334 imgs/s train.total_time : 0.19708490371704102 
TCAPPDLL 2025-06-30 09:48:54.772484 - Epoch: 0 Iteration: 79  rank : 0  train.loss : 2.797243118286133  train.ips : 14.868514993282357 imgs/s train.total_time : 0.13451242446899414 
TCAPPDLL 2025-06-30 09:48:54.905418 - Epoch: 0 Iteration: 80  rank : 0  train.loss : 3.1891989707946777  train.ips : 15.05898572839063 imgs/s train.total_time : 0.1328110694885254 
TCAPPDLL 2025-06-30 09:48:55.055891 - Epoch: 0 Iteration: 81  rank : 0  train.loss : 2.610412120819092  train.ips : 13.301927751728032 imgs/s train.total_time : 0.15035414695739746 
TCAPPDLL 2025-06-30 09:48:55.292667 - Epoch: 0 Iteration: 82  rank : 0  train.loss : 3.5502662658691406  train.ips : 8.45124865503109 imgs/s train.total_time : 0.23665142059326172 
TCAPPDLL 2025-06-30 09:48:55.488218 - Epoch: 0 Iteration: 83  rank : 0  train.loss : 3.0043702125549316  train.ips : 10.234315657197236 imgs/s train.total_time : 0.1954209804534912 
TCAPPDLL 2025-06-30 09:48:55.677283 - Epoch: 0 Iteration: 84  rank : 0  train.loss : 3.530050277709961  train.ips : 10.587866739872647 imgs/s train.total_time : 0.18889546394348145 
TCAPPDLL 2025-06-30 09:48:55.845729 - Epoch: 0 Iteration: 85  rank : 0  train.loss : 3.0711567401885986  train.ips : 11.885113231927097 imgs/s train.total_time : 0.16827774047851562 
TCAPPDLL 2025-06-30 09:48:55.987461 - Epoch: 0 Iteration: 86  rank : 0  train.loss : 3.089414596557617  train.ips : 14.122758755374779 imgs/s train.total_time : 0.1416153907775879 
TCAPPDLL 2025-06-30 09:48:56.177386 - Epoch: 0 Iteration: 87  rank : 0  train.loss : 3.7355449199676514  train.ips : 10.536678498845673 imgs/s train.total_time : 0.18981313705444336 
TCAPPDLL 2025-06-30 09:48:56.368753 - Epoch: 0 Iteration: 88  rank : 0  train.loss : 3.3961539268493652  train.ips : 10.457420390741092 imgs/s train.total_time : 0.1912517547607422 
TCAPPDLL 2025-06-30 09:48:56.866024 - Epoch: 0 Iteration: 89  rank : 0  train.loss : 3.5922412872314453  train.ips : 4.0229350142624485 imgs/s train.total_time : 0.4971494674682617 
TCAPPDLL 2025-06-30 09:48:57.012794 - Epoch: 0 Iteration: 90  rank : 0  train.loss : 3.2698984146118164  train.ips : 13.63783982389798 imgs/s train.total_time : 0.1466507911682129 
TCAPPDLL 2025-06-30 09:48:57.154175 - Epoch: 0 Iteration: 91  rank : 0  train.loss : 3.035381317138672  train.ips : 14.159852267471498 imgs/s train.total_time : 0.14124441146850586 
TCAPPDLL 2025-06-30 09:48:57.308419 - Epoch: 0 Iteration: 92  rank : 0  train.loss : 2.593737840652466  train.ips : 12.979694779563879 imgs/s train.total_time : 0.15408682823181152 
TCAPPDLL 2025-06-30 09:48:57.438460 - Epoch: 0 Iteration: 93  rank : 0  train.loss : 2.6326637268066406  train.ips : 15.40737693175181 imgs/s train.total_time : 0.1298079490661621 
TCAPPDLL 2025-06-30 09:48:57.597678 - Epoch: 0 Iteration: 94  rank : 0  train.loss : 3.0814714431762695  train.ips : 12.572326101422602 imgs/s train.total_time : 0.15907955169677734 
TCAPPDLL 2025-06-30 09:48:57.730889 - Epoch: 0 Iteration: 95  rank : 0  train.loss : 2.218597412109375  train.ips : 15.029630664817661 imgs/s train.total_time : 0.1330704689025879 
TCAPPDLL 2025-06-30 09:48:57.894724 - Epoch: 0 Iteration: 96  rank : 0  train.loss : 2.750223159790039  train.ips : 12.221539411899256 imgs/s train.total_time : 0.16364550590515137 
TCAPPDLL 2025-06-30 09:48:58.042074 - Epoch: 0 Iteration: 97  rank : 0  train.loss : 2.737175703048706  train.ips : 13.584394301056811 imgs/s train.total_time : 0.14722776412963867 
TCAPPDLL 2025-06-30 09:48:58.190943 - Epoch: 0 Iteration: 98  rank : 0  train.loss : 3.326230525970459  train.ips : 13.445436768712934 imgs/s train.total_time : 0.14874935150146484 
TCAPPDLL 2025-06-30 09:48:58.372597 - Epoch: 0 Iteration: 99  rank : 0  train.loss : 3.1314849853515625  train.ips : 11.017173356868554 imgs/s train.total_time : 0.1815347671508789 
06/30 09:48:58 - mmengine - INFO - Epoch(train)  [1][  100/58633]  lr: 1.9920e-04  eta: 2 days, 2:23:09  time: 0.1970  data_time: 0.0455  memory: 2640  loss: 3.2662  loss_rpn_cls: 0.5614  loss_rpn_bbox: 0.1049  loss_cls: 0.3426  acc: 94.5312  loss_bbox: 0.0644  loss_mask: 0.8212  loss_seg: 1.3717
