--------------+----------------------------------------------
 Host IP      | 10.244.54.23
 PyTorch      | 2.4.0a0+git4451b0e
 Torch-SDAA   | 20250711.14.48.dev0+gitef35a85
--------------+----------------------------------------------
 SDAA Driver  | 2.1.0 (N/A)
 SDAA Runtime | 2.1.0 (/opt/tecoai/lib64/libsdaart.so)
 SDPTI        | 1.4.0b0 (/opt/tecoai/lib64/libsdpti.so)
 TecoDNN      | 2.2.0b0 (/opt/tecoai/lib64/libtecodnn.so)
 TecoBLAS     | 2.2.0b0 (/opt/tecoai/lib64/libtecoblas.so)
 CustomDNN    | 2.2.0b0 (/opt/tecoai/lib64/libtecocustom.so)
 TecoRAND     | 2.0.1 (/opt/tecoai/lib64/libtecorand.so)
 TCCL         | 1.23.0 (/opt/tecoai/lib64/libtccl.so)
--------------+----------------------------------------------
/data/bigc-data/wyc/wyc_mmlab5/lib/python3.10/site-packages/torch/distributed/launch.py:208: FutureWarning: The module torch.distributed.launch is deprecated
and will be removed in future. Use torchrun.
Note that --use-env is set by default in torchrun.
If your script expects `--local-rank` argument to be set, please
change it to read from `os.environ['LOCAL_RANK']` instead. See 
https://pytorch.org/docs/stable/distributed.html#launch-utility for 
further instructions

  main()
--------------+----------------------------------------------
 Host IP      | 10.244.54.23
 PyTorch      | 2.4.0a0+git4451b0e
 Torch-SDAA   | 20250711.14.48.dev0+gitef35a85
--------------+----------------------------------------------
 SDAA Driver  | 2.1.0 (N/A)
 SDAA Runtime | 2.1.0 (/opt/tecoai/lib64/libsdaart.so)
 SDPTI        | 1.4.0b0 (/opt/tecoai/lib64/libsdpti.so)
 TecoDNN      | 2.2.0b0 (/opt/tecoai/lib64/libtecodnn.so)
 TecoBLAS     | 2.2.0b0 (/opt/tecoai/lib64/libtecoblas.so)
 CustomDNN    | 2.2.0b0 (/opt/tecoai/lib64/libtecocustom.so)
 TecoRAND     | 2.0.1 (/opt/tecoai/lib64/libtecorand.so)
 TCCL         | 1.23.0 (/opt/tecoai/lib64/libtccl.so)
--------------+----------------------------------------------
/data/bigc-data/wyc/wyc_mmlab5/lib/python3.10/site-packages/mmengine/optim/optimizer/zero_optimizer.py:11: DeprecationWarning: `TorchScript` support for functional optimizers is deprecated and will be removed in a future PyTorch release. Consider using the `torch.compile` optimizer instead.
  from torch.distributed.optim import \
/data/bigc-data/wyc/wyc_mmlab5/lib/python3.10/site-packages/mmengine/utils/dl_utils/setup_env.py:46: UserWarning: Setting OMP_NUM_THREADS environment variable for each process to be 1 in default, to avoid your system being overloaded, please further tune the variable for optimal performance in your application as needed.
  warnings.warn(
/data/bigc-data/wyc/wyc_mmlab5/lib/python3.10/site-packages/mmengine/utils/dl_utils/setup_env.py:56: UserWarning: Setting MKL_NUM_THREADS environment variable for each process to be 1 in default, to avoid your system being overloaded, please further tune the variable for optimal performance in your application as needed.
  warnings.warn(
07/17 00:58:52 - mmengine - INFO - 
------------------------------------------------------------
System environment:
    sys.platform: linux
    Python: 3.10.16 (main, Dec 11 2024, 16:24:50) [GCC 11.2.0]
    CUDA available: False
    MUSA available: False
    numpy_random_seed: 69375448
    GCC: gcc (Ubuntu 11.4.0-1ubuntu1~22.04) 11.4.0
    PyTorch: 2.4.0a0+git4451b0e
    PyTorch compiling details: PyTorch built with:
  - GCC 11.5
  - C++ Version: 201703
  - Intel(R) oneAPI Math Kernel Library Version 2025.0-Product Build 20241009 for Intel(R) 64 architecture applications
  - Intel(R) MKL-DNN v3.4.2 (Git Hash 1137e04ec0b5251ca2b4400a4fd3c667ce843d67)
  - OpenMP 201511 (a.k.a. OpenMP 4.5)
  - LAPACK is enabled (usually provided by MKL)
  - NNPACK is enabled
  - CPU capability usage: AVX512
  - Build settings: BLAS_INFO=mkl, BUILD_TYPE=Release, CXX_COMPILER=/usr/bin/g++, CXX_FLAGS= -D_GLIBCXX_USE_CXX11_ABI=1 -fvisibility-inlines-hidden -DUSE_PTHREADPOOL -DNDEBUG -DUSE_KINETO -DLIBKINETO_NOCUPTI -DLIBKINETO_NOROCTRACER -DUSE_FBGEMM -DUSE_PYTORCH_QNNPACK -DUSE_XNNPACK -DSYMBOLICATE_MOBILE_DEBUG_HANDLE -O2 -fPIC -Wall -Wextra -Werror=return-type -Werror=non-virtual-dtor -Werror=range-loop-construct -Werror=bool-operation -Wnarrowing -Wno-missing-field-initializers -Wno-type-limits -Wno-array-bounds -Wno-unknown-pragmas -Wno-unused-parameter -Wno-unused-function -Wno-unused-result -Wno-strict-overflow -Wno-strict-aliasing -Wno-stringop-overflow -Wsuggest-override -Wno-psabi -Wno-error=pedantic -Wno-error=old-style-cast -Wno-missing-braces -fdiagnostics-color=always -faligned-new -Wno-unused-but-set-variable -Wno-maybe-uninitialized -fno-math-errno -fno-trapping-math -Werror=format -Wno-stringop-overflow, FORCE_FALLBACK_CUDA_MPI=1, LAPACK_INFO=mkl, PERF_WITH_AVX=1, PERF_WITH_AVX2=1, PERF_WITH_AVX512=1, TORCH_VERSION=2.4.0, USE_CUDA=OFF, USE_CUDNN=OFF, USE_CUSPARSELT=OFF, USE_EXCEPTION_PTR=1, USE_GFLAGS=OFF, USE_GLOG=OFF, USE_GLOO=ON, USE_MKL=ON, USE_MKLDNN=1, USE_MPI=ON, USE_NCCL=OFF, USE_NNPACK=ON, USE_OPENMP=ON, USE_ROCM=OFF, USE_ROCM_KERNEL_ASSERT=OFF, 

    TorchVision: 0.15.1a0+42759b1
    OpenCV: 4.11.0
    MMEngine: 0.10.4

Runtime environment:
    cudnn_benchmark: False
    mp_cfg: {'mp_start_method': 'fork', 'opencv_num_threads': 0}
    dist_cfg: {'backend': 'tccl'}
    seed: 69375448
    Distributed launcher: pytorch
    Distributed training: True
    GPU number: 1
------------------------------------------------------------

07/17 00:58:52 - mmengine - INFO - Config:
auto_scale_lr = dict(base_batch_size=16, enable=False)
backend_args = None
custom_hooks = []
data_root = '/data/teco-data/coco/'
dataset_type = 'CocoPanopticDataset'
default_hooks = dict(
    checkpoint=dict(interval=1, type='CheckpointHook'),
    logger=dict(interval=50, type='LoggerHook'),
    param_scheduler=dict(type='ParamSchedulerHook'),
    sampler_seed=dict(type='DistSamplerSeedHook'),
    timer=dict(type='IterTimerHook'),
    visualization=dict(type='DetVisualizationHook'))
default_scope = 'mmdet'
env_cfg = dict(
    cudnn_benchmark=False,
    dist_cfg=dict(backend='nccl'),
    mp_cfg=dict(mp_start_method='fork', opencv_num_threads=0))
launcher = 'pytorch'
load_from = None
log_level = 'INFO'
log_processor = dict(by_epoch=True, type='LogProcessor', window_size=50)
model = dict(
    backbone=dict(
        depth=50,
        frozen_stages=1,
        init_cfg=dict(checkpoint='torchvision://resnet50', type='Pretrained'),
        norm_cfg=dict(requires_grad=True, type='BN'),
        norm_eval=True,
        num_stages=4,
        out_indices=(
            0,
            1,
            2,
            3,
        ),
        style='pytorch',
        type='ResNet'),
    data_preprocessor=dict(
        bgr_to_rgb=True,
        mask_pad_value=0,
        mean=[
            123.675,
            116.28,
            103.53,
        ],
        pad_mask=True,
        pad_seg=True,
        pad_size_divisor=32,
        seg_pad_value=255,
        std=[
            58.395,
            57.12,
            57.375,
        ],
        type='DetDataPreprocessor'),
    neck=dict(
        in_channels=[
            256,
            512,
            1024,
            2048,
        ],
        num_outs=5,
        out_channels=256,
        type='FPN'),
    panoptic_fusion_head=dict(
        num_stuff_classes=53,
        num_things_classes=80,
        type='HeuristicFusionHead'),
    roi_head=dict(
        bbox_head=dict(
            bbox_coder=dict(
                target_means=[
                    0.0,
                    0.0,
                    0.0,
                    0.0,
                ],
                target_stds=[
                    0.1,
                    0.1,
                    0.2,
                    0.2,
                ],
                type='DeltaXYWHBBoxCoder'),
            fc_out_channels=1024,
            in_channels=256,
            loss_bbox=dict(loss_weight=1.0, type='L1Loss'),
            loss_cls=dict(
                loss_weight=1.0, type='CrossEntropyLoss', use_sigmoid=False),
            num_classes=80,
            reg_class_agnostic=False,
            roi_feat_size=7,
            type='Shared2FCBBoxHead'),
        bbox_roi_extractor=dict(
            featmap_strides=[
                4,
                8,
                16,
                32,
            ],
            out_channels=256,
            roi_layer=dict(output_size=7, sampling_ratio=0, type='RoIAlign'),
            type='SingleRoIExtractor'),
        mask_head=dict(
            conv_out_channels=256,
            in_channels=256,
            loss_mask=dict(
                loss_weight=1.0, type='CrossEntropyLoss', use_mask=True),
            num_classes=80,
            num_convs=4,
            type='FCNMaskHead'),
        mask_roi_extractor=dict(
            featmap_strides=[
                4,
                8,
                16,
                32,
            ],
            out_channels=256,
            roi_layer=dict(output_size=14, sampling_ratio=0, type='RoIAlign'),
            type='SingleRoIExtractor'),
        type='StandardRoIHead'),
    rpn_head=dict(
        anchor_generator=dict(
            ratios=[
                0.5,
                1.0,
                2.0,
            ],
            scales=[
                8,
            ],
            strides=[
                4,
                8,
                16,
                32,
                64,
            ],
            type='AnchorGenerator'),
        bbox_coder=dict(
            target_means=[
                0.0,
                0.0,
                0.0,
                0.0,
            ],
            target_stds=[
                1.0,
                1.0,
                1.0,
                1.0,
            ],
            type='DeltaXYWHBBoxCoder'),
        feat_channels=256,
        in_channels=256,
        loss_bbox=dict(loss_weight=1.0, type='L1Loss'),
        loss_cls=dict(
            loss_weight=1.0, type='CrossEntropyLoss', use_sigmoid=True),
        type='RPNHead'),
    semantic_head=dict(
        conv_cfg=None,
        end_level=4,
        in_channels=256,
        inner_channels=128,
        loss_seg=dict(
            ignore_index=255, loss_weight=0.5, type='CrossEntropyLoss'),
        norm_cfg=dict(num_groups=32, requires_grad=True, type='GN'),
        num_stuff_classes=53,
        num_things_classes=80,
        start_level=0,
        type='PanopticFPNHead'),
    test_cfg=dict(
        panoptic=dict(mask_overlap=0.5, stuff_area_limit=4096),
        rcnn=dict(
            mask_thr_binary=0.5,
            max_per_img=100,
            nms=dict(class_agnostic=True, iou_threshold=0.5, type='nms'),
            score_thr=0.6),
        rpn=dict(
            max_per_img=1000,
            min_bbox_size=0,
            nms=dict(iou_threshold=0.7, type='nms'),
            nms_pre=1000)),
    train_cfg=dict(
        rcnn=dict(
            assigner=dict(
                ignore_iof_thr=-1,
                match_low_quality=True,
                min_pos_iou=0.5,
                neg_iou_thr=0.5,
                pos_iou_thr=0.5,
                type='MaxIoUAssigner'),
            debug=False,
            mask_size=28,
            pos_weight=-1,
            sampler=dict(
                add_gt_as_proposals=True,
                neg_pos_ub=-1,
                num=512,
                pos_fraction=0.25,
                type='RandomSampler')),
        rpn=dict(
            allowed_border=-1,
            assigner=dict(
                ignore_iof_thr=-1,
                match_low_quality=True,
                min_pos_iou=0.3,
                neg_iou_thr=0.3,
                pos_iou_thr=0.7,
                type='MaxIoUAssigner'),
            debug=False,
            pos_weight=-1,
            sampler=dict(
                add_gt_as_proposals=False,
                neg_pos_ub=-1,
                num=256,
                pos_fraction=0.5,
                type='RandomSampler')),
        rpn_proposal=dict(
            max_per_img=1000,
            min_bbox_size=0,
            nms=dict(iou_threshold=0.7, type='nms'),
            nms_pre=2000)),
    type='PanopticFPN')
optim_wrapper = dict(
    optimizer=dict(lr=0.01, momentum=0.9, type='SGD', weight_decay=0.0001),
    type='OptimWrapper')
param_scheduler = [
    dict(
        begin=0, by_epoch=False, end=500, start_factor=0.001, type='LinearLR'),
    dict(
        begin=0,
        by_epoch=True,
        end=12,
        gamma=0.1,
        milestones=[
            8,
            11,
        ],
        type='MultiStepLR'),
]
resume = False
test_cfg = dict(type='TestLoop')
test_dataloader = dict(
    batch_size=1,
    dataset=dict(
        ann_file='annotations/panoptic_val2017.json',
        backend_args=None,
        data_prefix=dict(img='val2017/', seg='annotations/panoptic_val2017/'),
        data_root='/data/teco-data/coco/',
        pipeline=[
            dict(backend_args=None, type='LoadImageFromFile'),
            dict(keep_ratio=True, scale=(
                1333,
                800,
            ), type='Resize'),
            dict(backend_args=None, type='LoadPanopticAnnotations'),
            dict(
                meta_keys=(
                    'img_id',
                    'img_path',
                    'ori_shape',
                    'img_shape',
                    'scale_factor',
                ),
                type='PackDetInputs'),
        ],
        test_mode=True,
        type='CocoPanopticDataset'),
    drop_last=False,
    num_workers=2,
    persistent_workers=True,
    sampler=dict(shuffle=False, type='DefaultSampler'))
test_evaluator = dict(
    ann_file='/data/teco-data/coco/annotations/panoptic_val2017.json',
    backend_args=None,
    seg_prefix='/data/teco-data/coco/annotations/panoptic_val2017/',
    type='CocoPanopticMetric')
test_pipeline = [
    dict(backend_args=None, type='LoadImageFromFile'),
    dict(keep_ratio=True, scale=(
        1333,
        800,
    ), type='Resize'),
    dict(backend_args=None, type='LoadPanopticAnnotations'),
    dict(
        meta_keys=(
            'img_id',
            'img_path',
            'ori_shape',
            'img_shape',
            'scale_factor',
        ),
        type='PackDetInputs'),
]
train_cfg = dict(max_epochs=12, type='EpochBasedTrainLoop', val_interval=1)
train_dataloader = dict(
    batch_sampler=dict(type='AspectRatioBatchSampler'),
    batch_size=2,
    dataset=dict(
        ann_file='annotations/panoptic_train2017.json',
        backend_args=None,
        data_prefix=dict(
            img='train2017/', seg='annotations/panoptic_train2017/'),
        data_root='/data/teco-data/coco/',
        filter_cfg=dict(filter_empty_gt=True, min_size=32),
        pipeline=[
            dict(backend_args=None, type='LoadImageFromFile'),
            dict(backend_args=None, type='LoadPanopticAnnotations'),
            dict(keep_ratio=True, scale=(
                1333,
                800,
            ), type='Resize'),
            dict(prob=0.5, type='RandomFlip'),
            dict(type='PackDetInputs'),
        ],
        type='CocoPanopticDataset'),
    num_workers=2,
    persistent_workers=True,
    sampler=dict(shuffle=True, type='DefaultSampler'))
train_pipeline = [
    dict(backend_args=None, type='LoadImageFromFile'),
    dict(backend_args=None, type='LoadPanopticAnnotations'),
    dict(keep_ratio=True, scale=(
        1333,
        800,
    ), type='Resize'),
    dict(prob=0.5, type='RandomFlip'),
    dict(type='PackDetInputs'),
]
val_cfg = dict(type='ValLoop')
val_dataloader = dict(
    batch_size=1,
    dataset=dict(
        ann_file='annotations/panoptic_val2017.json',
        backend_args=None,
        data_prefix=dict(img='val2017/', seg='annotations/panoptic_val2017/'),
        data_root='/data/teco-data/coco/',
        pipeline=[
            dict(backend_args=None, type='LoadImageFromFile'),
            dict(keep_ratio=True, scale=(
                1333,
                800,
            ), type='Resize'),
            dict(backend_args=None, type='LoadPanopticAnnotations'),
            dict(
                meta_keys=(
                    'img_id',
                    'img_path',
                    'ori_shape',
                    'img_shape',
                    'scale_factor',
                ),
                type='PackDetInputs'),
        ],
        test_mode=True,
        type='CocoPanopticDataset'),
    drop_last=False,
    num_workers=2,
    persistent_workers=True,
    sampler=dict(shuffle=False, type='DefaultSampler'))
val_evaluator = dict(
    ann_file='/data/teco-data/coco/annotations/panoptic_val2017.json',
    backend_args=None,
    seg_prefix='/data/teco-data/coco/annotations/panoptic_val2017/',
    type='CocoPanopticMetric')
vis_backends = [
    dict(type='LocalVisBackend'),
]
visualizer = dict(
    name='visualizer',
    type='DetLocalVisualizer',
    vis_backends=[
        dict(type='LocalVisBackend'),
    ])
work_dir = './work_dirs/panoptic-fpn_r50_fpn_1x_coco'

/data/bigc-data/wyc/CO-DETR/mmdet/models/losses/cross_entropy_loss.py:240: UserWarning: Default ``avg_non_ignore`` is False, if you would like to ignore the certain label and average loss over non-ignore labels, which is the same with PyTorch official cross_entropy, set ``avg_non_ignore=True``.
  warnings.warn(
07/17 00:59:02 - mmengine - INFO - Hooks will be executed in the following order:
before_run:
(VERY_HIGH   ) RuntimeInfoHook                    
(BELOW_NORMAL) LoggerHook                         
 -------------------- 
before_train:
(VERY_HIGH   ) RuntimeInfoHook                    
(NORMAL      ) IterTimerHook                      
(VERY_LOW    ) CheckpointHook                     
 -------------------- 
before_train_epoch:
(VERY_HIGH   ) RuntimeInfoHook                    
(NORMAL      ) IterTimerHook                      
(NORMAL      ) DistSamplerSeedHook                
 -------------------- 
before_train_iter:
(VERY_HIGH   ) RuntimeInfoHook                    
(NORMAL      ) IterTimerHook                      
 -------------------- 
after_train_iter:
(VERY_HIGH   ) RuntimeInfoHook                    
(NORMAL      ) IterTimerHook                      
(BELOW_NORMAL) LoggerHook                         
(LOW         ) ParamSchedulerHook                 
(VERY_LOW    ) CheckpointHook                     
 -------------------- 
after_train_epoch:
(NORMAL      ) IterTimerHook                      
(LOW         ) ParamSchedulerHook                 
(VERY_LOW    ) CheckpointHook                     
 -------------------- 
before_val:
(VERY_HIGH   ) RuntimeInfoHook                    
 -------------------- 
before_val_epoch:
(NORMAL      ) IterTimerHook                      
 -------------------- 
before_val_iter:
(NORMAL      ) IterTimerHook                      
 -------------------- 
after_val_iter:
(NORMAL      ) IterTimerHook                      
(NORMAL      ) DetVisualizationHook               
(BELOW_NORMAL) LoggerHook                         
 -------------------- 
after_val_epoch:
(VERY_HIGH   ) RuntimeInfoHook                    
(NORMAL      ) IterTimerHook                      
(BELOW_NORMAL) LoggerHook                         
(LOW         ) ParamSchedulerHook                 
(VERY_LOW    ) CheckpointHook                     
 -------------------- 
after_val:
(VERY_HIGH   ) RuntimeInfoHook                    
 -------------------- 
after_train:
(VERY_HIGH   ) RuntimeInfoHook                    
(VERY_LOW    ) CheckpointHook                     
 -------------------- 
before_test:
(VERY_HIGH   ) RuntimeInfoHook                    
 -------------------- 
before_test_epoch:
(NORMAL      ) IterTimerHook                      
 -------------------- 
before_test_iter:
(NORMAL      ) IterTimerHook                      
 -------------------- 
after_test_iter:
(NORMAL      ) IterTimerHook                      
(NORMAL      ) DetVisualizationHook               
(BELOW_NORMAL) LoggerHook                         
 -------------------- 
after_test_epoch:
(VERY_HIGH   ) RuntimeInfoHook                    
(NORMAL      ) IterTimerHook                      
(BELOW_NORMAL) LoggerHook                         
 -------------------- 
after_test:
(VERY_HIGH   ) RuntimeInfoHook                    
 -------------------- 
after_run:
(BELOW_NORMAL) LoggerHook                         
 -------------------- 
loading annotations into memory...
Done (t=7.54s)
creating index...
index created!
loading annotations into memory...
Done (t=0.19s)
creating index...
index created!
loading annotations into memory...
Done (t=0.16s)
creating index...
index created!
07/17 00:59:26 - mmengine - INFO - load model from: torchvision://resnet50
07/17 00:59:26 - mmengine - INFO - Loads checkpoint by torchvision backend from path: torchvision://resnet50
07/17 00:59:27 - mmengine - WARNING - The model and loaded state dict do not match exactly

unexpected key in source state_dict: fc.weight, fc.bias

07/17 00:59:28 - mmengine - WARNING - "FileClient" will be deprecated in future. Please use io functions in https://mmengine.readthedocs.io/en/latest/api/fileio.html#file-io
07/17 00:59:28 - mmengine - WARNING - "HardDiskBackend" is the alias of "LocalBackend" and the former will be deprecated in future.
07/17 00:59:28 - mmengine - INFO - Checkpoints will be saved to /data/bigc-data/wyc/PanopticFPN/run_scripts/work_dirs/panoptic-fpn_r50_fpn_1x_coco.
TCAPPDLL 2025-07-17 00:59:37.498493 - Epoch: 0 Iteration: 0  rank : 0  train.loss : 7.485891342163086  train.ips : 0.2196713020114572 imgs/s train.total_time : 9.104511976242065 
TCAPPDLL 2025-07-17 00:59:45.698789 - Epoch: 0 Iteration: 1  rank : 0  train.loss : 7.57553768157959  train.ips : 0.24391091232643033 imgs/s train.total_time : 8.19971513748169 
TCAPPDLL 2025-07-17 00:59:53.920854 - Epoch: 0 Iteration: 2  rank : 0  train.loss : 7.4041290283203125  train.ips : 0.24325944964595672 imgs/s train.total_time : 8.22167444229126 
TCAPPDLL 2025-07-17 01:00:03.204781 - Epoch: 0 Iteration: 3  rank : 0  train.loss : 8.121947288513184  train.ips : 0.21543808102653275 imgs/s train.total_time : 9.283409833908081 
TCAPPDLL 2025-07-17 01:00:12.038879 - Epoch: 0 Iteration: 4  rank : 0  train.loss : 7.900308609008789  train.ips : 0.22640685277501296 imgs/s train.total_time : 8.833654880523682 
TCAPPDLL 2025-07-17 01:00:20.115236 - Epoch: 0 Iteration: 5  rank : 0  train.loss : 7.966723918914795  train.ips : 0.24764849145676107 imgs/s train.total_time : 8.075962781906128 
TCAPPDLL 2025-07-17 01:00:29.421226 - Epoch: 0 Iteration: 6  rank : 0  train.loss : 7.668900966644287  train.ips : 0.21492530093638432 imgs/s train.total_time : 9.305558681488037 
TCAPPDLL 2025-07-17 01:00:38.117182 - Epoch: 0 Iteration: 7  rank : 0  train.loss : 6.829235553741455  train.ips : 0.23000369986286873 imgs/s train.total_time : 8.695512294769287 
TCAPPDLL 2025-07-17 01:00:46.683555 - Epoch: 0 Iteration: 8  rank : 0  train.loss : 7.621896743774414  train.ips : 0.23348416853818998 imgs/s train.total_time : 8.56589126586914 
TCAPPDLL 2025-07-17 01:00:54.517485 - Epoch: 0 Iteration: 9  rank : 0  train.loss : 7.4478759765625  train.ips : 0.2553151184414367 imgs/s train.total_time : 7.833456993103027 
TCAPPDLL 2025-07-17 01:01:02.765274 - Epoch: 0 Iteration: 10  rank : 0  train.loss : 7.479761123657227  train.ips : 0.24250105110862474 imgs/s train.total_time : 8.247386932373047 
TCAPPDLL 2025-07-17 01:01:11.341229 - Epoch: 0 Iteration: 11  rank : 0  train.loss : 7.059488296508789  train.ips : 0.23321967339490576 imgs/s train.total_time : 8.575605869293213 
TCAPPDLL 2025-07-17 01:01:19.677949 - Epoch: 0 Iteration: 12  rank : 0  train.loss : 7.373237609863281  train.ips : 0.2399141336677321 imgs/s train.total_time : 8.336315870285034 
TCAPPDLL 2025-07-17 01:01:28.032680 - Epoch: 0 Iteration: 13  rank : 0  train.loss : 7.331352710723877  train.ips : 0.23939721706922276 imgs/s train.total_time : 8.354315996170044 
TCAPPDLL 2025-07-17 01:01:36.644109 - Epoch: 0 Iteration: 14  rank : 0  train.loss : 7.122097969055176  train.ips : 0.23226432666335223 imgs/s train.total_time : 8.610878944396973 
TCAPPDLL 2025-07-17 01:01:46.173139 - Epoch: 0 Iteration: 15  rank : 0  train.loss : 7.256840229034424  train.ips : 0.20989419777185983 imgs/s train.total_time : 9.528610229492188 
TCAPPDLL 2025-07-17 01:01:54.649160 - Epoch: 0 Iteration: 16  rank : 0  train.loss : 6.2231292724609375  train.ips : 0.23597330004291825 imgs/s train.total_time : 8.475535154342651 
TCAPPDLL 2025-07-17 01:02:03.374940 - Epoch: 0 Iteration: 17  rank : 0  train.loss : 6.864240646362305  train.ips : 0.2292171435657143 imgs/s train.total_time : 8.725350856781006 
TCAPPDLL 2025-07-17 01:02:12.272592 - Epoch: 0 Iteration: 18  rank : 0  train.loss : 6.8751373291015625  train.ips : 0.2247898549411971 imgs/s train.total_time : 8.897198677062988 
TCAPPDLL 2025-07-17 01:02:22.019415 - Epoch: 0 Iteration: 19  rank : 0  train.loss : 6.590631484985352  train.ips : 0.2052072632724287 imgs/s train.total_time : 9.746243715286255 
TCAPPDLL 2025-07-17 01:02:30.068681 - Epoch: 0 Iteration: 20  rank : 0  train.loss : 6.768807888031006  train.ips : 0.2484825755336871 imgs/s train.total_time : 8.048854112625122 
TCAPPDLL 2025-07-17 01:02:39.106959 - Epoch: 0 Iteration: 21  rank : 0  train.loss : 6.6280107498168945  train.ips : 0.22129265642315266 imgs/s train.total_time : 9.037805557250977 
TCAPPDLL 2025-07-17 01:02:49.003185 - Epoch: 0 Iteration: 22  rank : 0  train.loss : 6.324536323547363  train.ips : 0.2021089362899204 imgs/s train.total_time : 9.895653486251831 
TCAPPDLL 2025-07-17 01:02:58.044160 - Epoch: 0 Iteration: 23  rank : 0  train.loss : 6.080667972564697  train.ips : 0.22122615546488028 imgs/s train.total_time : 9.040522336959839 
TCAPPDLL 2025-07-17 01:03:06.414852 - Epoch: 0 Iteration: 24  rank : 0  train.loss : 6.018547058105469  train.ips : 0.23894050271511647 imgs/s train.total_time : 8.37028455734253 
TCAPPDLL 2025-07-17 01:03:15.233992 - Epoch: 0 Iteration: 25  rank : 0  train.loss : 4.746078968048096  train.ips : 0.2267891946079559 imgs/s train.total_time : 8.818762302398682 
TCAPPDLL 2025-07-17 01:03:24.941644 - Epoch: 0 Iteration: 26  rank : 0  train.loss : 5.386547565460205  train.ips : 0.20603095953241535 imgs/s train.total_time : 9.707278966903687 
TCAPPDLL 2025-07-17 01:03:34.492070 - Epoch: 0 Iteration: 27  rank : 0  train.loss : 5.252556800842285  train.ips : 0.2094217582323648 imgs/s train.total_time : 9.550106048583984 
TCAPPDLL 2025-07-17 01:03:44.381912 - Epoch: 0 Iteration: 28  rank : 0  train.loss : 5.549598693847656  train.ips : 0.20223459296487742 imgs/s train.total_time : 9.88950490951538 
TCAPPDLL 2025-07-17 01:03:55.012420 - Epoch: 0 Iteration: 29  rank : 0  train.loss : 5.749014854431152  train.ips : 0.18814604772000587 imgs/s train.total_time : 10.630039930343628 
TCAPPDLL 2025-07-17 01:04:04.708950 - Epoch: 0 Iteration: 30  rank : 0  train.loss : 4.54682731628418  train.ips : 0.20626762233355472 imgs/s train.total_time : 9.696141242980957 
TCAPPDLL 2025-07-17 01:04:14.964036 - Epoch: 0 Iteration: 31  rank : 0  train.loss : 5.373293399810791  train.ips : 0.19503566966635114 imgs/s train.total_time : 10.254534482955933 
TCAPPDLL 2025-07-17 01:04:25.251579 - Epoch: 0 Iteration: 32  rank : 0  train.loss : 4.845245838165283  train.ips : 0.1944218598510041 imgs/s train.total_time : 10.286909103393555 
TCAPPDLL 2025-07-17 01:04:35.421591 - Epoch: 0 Iteration: 33  rank : 0  train.loss : 4.193855285644531  train.ips : 0.19666745964078625 imgs/s train.total_time : 10.169450521469116 
TCAPPDLL 2025-07-17 01:04:45.751336 - Epoch: 0 Iteration: 34  rank : 0  train.loss : 5.076858997344971  train.ips : 0.19362295871321988 imgs/s train.total_time : 10.32935357093811 
TCAPPDLL 2025-07-17 01:04:55.889639 - Epoch: 0 Iteration: 35  rank : 0  train.loss : 4.381688117980957  train.ips : 0.1972816103522348 imgs/s train.total_time : 10.137792348861694 
TCAPPDLL 2025-07-17 01:05:06.539024 - Epoch: 0 Iteration: 36  rank : 0  train.loss : 4.595715522766113  train.ips : 0.18781471741822112 imgs/s train.total_time : 10.648792743682861 
TCAPPDLL 2025-07-17 01:05:17.003410 - Epoch: 0 Iteration: 37  rank : 0  train.loss : 4.396785259246826  train.ips : 0.19113538768779947 imgs/s train.total_time : 10.463787078857422 
TCAPPDLL 2025-07-17 01:05:27.396167 - Epoch: 0 Iteration: 38  rank : 0  train.loss : 4.096920013427734  train.ips : 0.19245338694902253 imgs/s train.total_time : 10.39212679862976 
TCAPPDLL 2025-07-17 01:05:37.442395 - Epoch: 0 Iteration: 39  rank : 0  train.loss : 4.235087871551514  train.ips : 0.1990899108223488 imgs/s train.total_time : 10.0457124710083 
TCAPPDLL 2025-07-17 01:05:47.230926 - Epoch: 0 Iteration: 40  rank : 0  train.loss : 3.994309902191162  train.ips : 0.2043289409773547 imgs/s train.total_time : 9.788138628005981 
TCAPPDLL 2025-07-17 01:05:58.496137 - Epoch: 0 Iteration: 41  rank : 0  train.loss : 2.987004041671753  train.ips : 0.17754645075806183 imgs/s train.total_time : 11.264657735824585 
TCAPPDLL 2025-07-17 01:06:08.614820 - Epoch: 0 Iteration: 42  rank : 0  train.loss : 3.855734348297119  train.ips : 0.19766477456656278 imgs/s train.total_time : 10.118140697479248 
TCAPPDLL 2025-07-17 01:06:18.687000 - Epoch: 0 Iteration: 43  rank : 0  train.loss : 3.4965152740478516  train.ips : 0.19857494220309085 imgs/s train.total_time : 10.07176423072815 
TCAPPDLL 2025-07-17 01:06:29.537066 - Epoch: 0 Iteration: 44  rank : 0  train.loss : 3.516352653503418  train.ips : 0.18433878221371316 imgs/s train.total_time : 10.849588871002197 
TCAPPDLL 2025-07-17 01:06:39.458594 - Epoch: 0 Iteration: 45  rank : 0  train.loss : 2.777707576751709  train.ips : 0.20159079851325787 imgs/s train.total_time : 9.921087741851807 
TCAPPDLL 2025-07-17 01:06:50.409348 - Epoch: 0 Iteration: 46  rank : 0  train.loss : 3.9505815505981445  train.ips : 0.18264360107014252 imgs/s train.total_time : 10.950287818908691 
TCAPPDLL 2025-07-17 01:07:01.022487 - Epoch: 0 Iteration: 47  rank : 0  train.loss : 3.403348445892334  train.ips : 0.18845252555932399 imgs/s train.total_time : 10.612752437591553 
TCAPPDLL 2025-07-17 01:07:11.015789 - Epoch: 0 Iteration: 48  rank : 0  train.loss : 3.6426241397857666  train.ips : 0.2001414106059863 imgs/s train.total_time : 9.992934465408325 
TCAPPDLL 2025-07-17 01:07:21.887091 - Epoch: 0 Iteration: 49  rank : 0  train.loss : 3.979142189025879  train.ips : 0.18397929334613464 imgs/s train.total_time : 10.87078857421875 
07/17 01:07:21 - mmengine - INFO - Epoch(train)  [1][   50/58633]  lr: 9.9098e-04  eta: 77 days, 2:35:39  time: 9.4694  data_time: 0.1558  memory: 4311  loss: 5.7210  loss_rpn_cls: 0.6627  loss_rpn_bbox: 0.1071  loss_cls: 2.5923  acc: 97.8516  loss_bbox: 0.0230  loss_mask: 0.7105  loss_seg: 1.6255
TCAPPDLL 2025-07-17 01:07:31.763736 - Epoch: 0 Iteration: 50  rank : 0  train.loss : 3.4230294227600098  train.ips : 0.20250647084155593 imgs/s train.total_time : 9.876227617263794 
TCAPPDLL 2025-07-17 01:07:42.351123 - Epoch: 0 Iteration: 51  rank : 0  train.loss : 3.4821524620056152  train.ips : 0.18891435089202638 imgs/s train.total_time : 10.586808204650879 
TCAPPDLL 2025-07-17 01:07:52.041555 - Epoch: 0 Iteration: 52  rank : 0  train.loss : 3.344911575317383  train.ips : 0.206399576562148 imgs/s train.total_time : 9.689942359924316 
TCAPPDLL 2025-07-17 01:08:02.289672 - Epoch: 0 Iteration: 53  rank : 0  train.loss : 3.409046173095703  train.ips : 0.195165808535233 imgs/s train.total_time : 10.2476966381073 
TCAPPDLL 2025-07-17 01:08:12.171231 - Epoch: 0 Iteration: 54  rank : 0  train.loss : 3.0961833000183105  train.ips : 0.2024072996274967 imgs/s train.total_time : 9.88106656074524 
TCAPPDLL 2025-07-17 01:08:22.173530 - Epoch: 0 Iteration: 55  rank : 0  train.loss : 3.124779462814331  train.ips : 0.19996361440884666 imgs/s train.total_time : 10.001819610595703 
TCAPPDLL 2025-07-17 01:08:31.098560 - Epoch: 0 Iteration: 56  rank : 0  train.loss : 3.2846364974975586  train.ips : 0.22410059239428118 imgs/s train.total_time : 8.924563646316528 
TCAPPDLL 2025-07-17 01:08:41.465532 - Epoch: 0 Iteration: 57  rank : 0  train.loss : 2.9771974086761475  train.ips : 0.19292955683695737 imgs/s train.total_time : 10.366477966308594 
TCAPPDLL 2025-07-17 01:08:51.609014 - Epoch: 0 Iteration: 58  rank : 0  train.loss : 3.493631601333618  train.ips : 0.19718187628415731 imgs/s train.total_time : 10.142920017242432 
TCAPPDLL 2025-07-17 01:09:01.864718 - Epoch: 0 Iteration: 59  rank : 0  train.loss : 3.8057940006256104  train.ips : 0.19502448800424782 imgs/s train.total_time : 10.255122423171997 
TCAPPDLL 2025-07-17 01:09:12.269753 - Epoch: 0 Iteration: 60  rank : 0  train.loss : 3.6967077255249023  train.ips : 0.19222224964345333 imgs/s train.total_time : 10.404622793197632 
TCAPPDLL 2025-07-17 01:09:22.499593 - Epoch: 0 Iteration: 61  rank : 0  train.loss : 3.351208209991455  train.ips : 0.19551252954995685 imgs/s train.total_time : 10.229523420333862 
TCAPPDLL 2025-07-17 01:09:32.599400 - Epoch: 0 Iteration: 62  rank : 0  train.loss : 3.546262502670288  train.ips : 0.19802994317722153 imgs/s train.total_time : 10.099482774734497 
TCAPPDLL 2025-07-17 01:09:42.898570 - Epoch: 0 Iteration: 63  rank : 0  train.loss : 3.393526792526245  train.ips : 0.194198016272605 imgs/s train.total_time : 10.298766374588013 
TCAPPDLL 2025-07-17 01:09:53.334802 - Epoch: 0 Iteration: 64  rank : 0  train.loss : 2.9048237800598145  train.ips : 0.1916472659197062 imgs/s train.total_time : 10.4358389377594 
TCAPPDLL 2025-07-17 01:10:03.249859 - Epoch: 0 Iteration: 65  rank : 0  train.loss : 2.7617135047912598  train.ips : 0.2017210745057663 imgs/s train.total_time : 9.914680480957031 
TCAPPDLL 2025-07-17 01:10:13.358787 - Epoch: 0 Iteration: 66  rank : 0  train.loss : 3.3274641036987305  train.ips : 0.1978537630329491 imgs/s train.total_time : 10.108475923538208 
TCAPPDLL 2025-07-17 01:10:23.873840 - Epoch: 0 Iteration: 67  rank : 0  train.loss : 3.156588077545166  train.ips : 0.19021096740254323 imgs/s train.total_time : 10.514640808105469 
TCAPPDLL 2025-07-17 01:10:34.358504 - Epoch: 0 Iteration: 68  rank : 0  train.loss : 3.224301338195801  train.ips : 0.19076307887668065 imgs/s train.total_time : 10.484209060668945 
TCAPPDLL 2025-07-17 01:10:43.774693 - Epoch: 0 Iteration: 69  rank : 0  train.loss : 2.797156572341919  train.ips : 0.2124119663944464 imgs/s train.total_time : 9.4156653881073 
TCAPPDLL 2025-07-17 01:10:55.426176 - Epoch: 0 Iteration: 70  rank : 0  train.loss : 3.7353203296661377  train.ips : 0.17165791499165847 imgs/s train.total_time : 11.651079416275024 
TCAPPDLL 2025-07-17 01:11:05.485084 - Epoch: 0 Iteration: 71  rank : 0  train.loss : 2.913388729095459  train.ips : 0.19883851924584414 imgs/s train.total_time : 10.05841326713562 
TCAPPDLL 2025-07-17 01:11:16.027224 - Epoch: 0 Iteration: 72  rank : 0  train.loss : 2.751709222793579  train.ips : 0.18972491496753457 imgs/s train.total_time : 10.5415780544281 
TCAPPDLL 2025-07-17 01:11:27.062856 - Epoch: 0 Iteration: 73  rank : 0  train.loss : 3.6306538581848145  train.ips : 0.18123818231969918 imgs/s train.total_time : 11.035202264785767 
TCAPPDLL 2025-07-17 01:11:37.979756 - Epoch: 0 Iteration: 74  rank : 0  train.loss : 2.4640896320343018  train.ips : 0.18321109916704617 imgs/s train.total_time : 10.916369199752808 
TCAPPDLL 2025-07-17 01:11:48.767627 - Epoch: 0 Iteration: 75  rank : 0  train.loss : 3.748692512512207  train.ips : 0.18540390035187498 imgs/s train.total_time : 10.787259578704834 
TCAPPDLL 2025-07-17 01:11:59.306190 - Epoch: 0 Iteration: 76  rank : 0  train.loss : 3.1808176040649414  train.ips : 0.18978865777311368 imgs/s train.total_time : 10.538037538528442 
TCAPPDLL 2025-07-17 01:12:10.468074 - Epoch: 0 Iteration: 77  rank : 0  train.loss : 3.315255641937256  train.ips : 0.17918783340421932 imgs/s train.total_time : 11.161472082138062 
TCAPPDLL 2025-07-17 01:12:20.938150 - Epoch: 0 Iteration: 78  rank : 0  train.loss : 3.2639122009277344  train.ips : 0.1910276002578549 imgs/s train.total_time : 10.469691276550293 
TCAPPDLL 2025-07-17 01:12:32.142653 - Epoch: 0 Iteration: 79  rank : 0  train.loss : 3.5334858894348145  train.ips : 0.17850712509512295 imgs/s train.total_time : 11.204034566879272 
TCAPPDLL 2025-07-17 01:12:42.362595 - Epoch: 0 Iteration: 80  rank : 0  train.loss : 3.0210461616516113  train.ips : 0.1957045087302661 imgs/s train.total_time : 10.219488620758057 
TCAPPDLL 2025-07-17 01:12:52.349696 - Epoch: 0 Iteration: 81  rank : 0  train.loss : 3.089717388153076  train.ips : 0.20026744796187135 imgs/s train.total_time : 9.986645460128784 
TCAPPDLL 2025-07-17 01:13:02.694304 - Epoch: 0 Iteration: 82  rank : 0  train.loss : 3.3514068126678467  train.ips : 0.1933449712976822 imgs/s train.total_time : 10.344204902648926 
TCAPPDLL 2025-07-17 01:13:13.146014 - Epoch: 0 Iteration: 83  rank : 0  train.loss : 3.111612319946289  train.ips : 0.19136472901793802 imgs/s train.total_time : 10.451246738433838 
TCAPPDLL 2025-07-17 01:13:23.893792 - Epoch: 0 Iteration: 84  rank : 0  train.loss : 3.248291015625  train.ips : 0.18609428084631888 imgs/s train.total_time : 10.747240543365479 
TCAPPDLL 2025-07-17 01:13:34.508436 - Epoch: 0 Iteration: 85  rank : 0  train.loss : 3.257720947265625  train.ips : 0.1884293068997348 imgs/s train.total_time : 10.614060163497925 
TCAPPDLL 2025-07-17 01:13:44.727188 - Epoch: 0 Iteration: 86  rank : 0  train.loss : 3.4092557430267334  train.ips : 0.19572675557418004 imgs/s train.total_time : 10.218327045440674 
TCAPPDLL 2025-07-17 01:13:55.278740 - Epoch: 0 Iteration: 87  rank : 0  train.loss : 3.2582216262817383  train.ips : 0.1895520593503504 imgs/s train.total_time : 10.551191091537476 
TCAPPDLL 2025-07-17 01:14:06.527047 - Epoch: 0 Iteration: 88  rank : 0  train.loss : 3.3041439056396484  train.ips : 0.17781216379790107 imgs/s train.total_time : 11.247824430465698 
TCAPPDLL 2025-07-17 01:14:15.924225 - Epoch: 0 Iteration: 89  rank : 0  train.loss : 3.0698962211608887  train.ips : 0.21283926537919914 imgs/s train.total_time : 9.396762371063232 
TCAPPDLL 2025-07-17 01:14:26.055334 - Epoch: 0 Iteration: 90  rank : 0  train.loss : 3.133110284805298  train.ips : 0.19741825386843953 imgs/s train.total_time : 10.130775451660156 
TCAPPDLL 2025-07-17 01:14:36.523077 - Epoch: 0 Iteration: 91  rank : 0  train.loss : 2.382969379425049  train.ips : 0.19106920527030347 imgs/s train.total_time : 10.467411518096924 
TCAPPDLL 2025-07-17 01:14:47.051837 - Epoch: 0 Iteration: 92  rank : 0  train.loss : 3.4918642044067383  train.ips : 0.18996362306294684 imgs/s train.total_time : 10.528331518173218 
TCAPPDLL 2025-07-17 01:14:57.030424 - Epoch: 0 Iteration: 93  rank : 0  train.loss : 3.2705769538879395  train.ips : 0.20043934323836848 imgs/s train.total_time : 9.978080987930298 
TCAPPDLL 2025-07-17 01:15:07.155834 - Epoch: 0 Iteration: 94  rank : 0  train.loss : 2.9298415184020996  train.ips : 0.19753066418921952 imgs/s train.total_time : 10.125010251998901 
TCAPPDLL 2025-07-17 01:15:17.497312 - Epoch: 0 Iteration: 95  rank : 0  train.loss : 3.2672312259674072  train.ips : 0.19340362527586494 imgs/s train.total_time : 10.341067790985107 
TCAPPDLL 2025-07-17 01:15:29.380907 - Epoch: 0 Iteration: 96  rank : 0  train.loss : 3.967924118041992  train.ips : 0.16830517575942305 imgs/s train.total_time : 11.88317584991455 
TCAPPDLL 2025-07-17 01:15:40.156276 - Epoch: 0 Iteration: 97  rank : 0  train.loss : 2.9132137298583984  train.ips : 0.18561511040001671 imgs/s train.total_time : 10.77498483657837 
TCAPPDLL 2025-07-17 01:15:50.281259 - Epoch: 0 Iteration: 98  rank : 0  train.loss : 3.6201460361480713  train.ips : 0.19753848342038008 imgs/s train.total_time : 10.124609470367432 
TCAPPDLL 2025-07-17 01:16:01.287509 - Epoch: 0 Iteration: 99  rank : 0  train.loss : 3.2309842109680176  train.ips : 0.18172027408917799 imgs/s train.total_time : 11.005926609039307 
07/17 01:16:01 - mmengine - INFO - Epoch(train)  [1][  100/58633]  lr: 1.9920e-03  eta: 80 days, 20:10:24  time: 10.3875  data_time: 0.1323  memory: 4350  loss: 3.2494  loss_rpn_cls: 0.5463  loss_rpn_bbox: 0.1109  loss_cls: 0.1856  acc: 98.0469  loss_bbox: 0.0110  loss_mask: 0.7101  loss_seg: 1.6853
