--------------+------------------------------------------------
 Host IP      | 10.244.32.76
 PyTorch      | 2.4.0a0+git4451b0e
 Torch-SDAA   | 20250616.14.30.dev0+git35328dc
--------------+------------------------------------------------
 SDAA Driver  | 2.1.0 (N/A)
 SDAA Runtime | 2.1.0 (/opt/tecoai/lib64/libsdaart.so)
 SDPTI        | 1.4.0b0 (/opt/tecoai/lib64/libsdpti.so)
 TecoDNN      | 2.2.0b0 (/opt/tecoai/lib64/libtecodnn.so)
 TecoBLAS     | 2.2.0b0 (/opt/tecoai/lib64/libtecoblas.so)
 CustomDNN    | 1.20.0a0 (/opt/tecoai/lib64/libtecodnn_ext.so)
 TecoRAND     | 2.0.1 (/opt/tecoai/lib64/libtecorand.so)
 TCCL         | 1.23.0 (/opt/tecoai/lib64/libtccl.so)
--------------+------------------------------------------------
/data/bigc-data/zym/train-zym1/lib/python3.10/site-packages/torch/distributed/launch.py:208: FutureWarning: The module torch.distributed.launch is deprecated
and will be removed in future. Use torchrun.
Note that --use-env is set by default in torchrun.
If your script expects `--local-rank` argument to be set, please
change it to read from `os.environ['LOCAL_RANK']` instead. See 
https://pytorch.org/docs/stable/distributed.html#launch-utility for 
further instructions

  main()
--------------+------------------------------------------------
 Host IP      | 10.244.32.76
 PyTorch      | 2.4.0a0+git4451b0e
 Torch-SDAA   | 20250616.14.30.dev0+git35328dc
--------------+------------------------------------------------
 SDAA Driver  | 2.1.0 (N/A)
 SDAA Runtime | 2.1.0 (/opt/tecoai/lib64/libsdaart.so)
 SDPTI        | 1.4.0b0 (/opt/tecoai/lib64/libsdpti.so)
 TecoDNN      | 2.2.0b0 (/opt/tecoai/lib64/libtecodnn.so)
 TecoBLAS     | 2.2.0b0 (/opt/tecoai/lib64/libtecoblas.so)
 CustomDNN    | 1.20.0a0 (/opt/tecoai/lib64/libtecodnn_ext.so)
 TecoRAND     | 2.0.1 (/opt/tecoai/lib64/libtecorand.so)
 TCCL         | 1.23.0 (/opt/tecoai/lib64/libtccl.so)
--------------+------------------------------------------------
The installed version of bitsandbytes was compiled without GPU support. 8-bit optimizers and GPU quantization are unavailable.
/data/bigc-data/zym/train-zym1/lib/python3.10/site-packages/mmengine-0.10.4-py3.10.egg/mmengine/optim/optimizer/zero_optimizer.py:11: DeprecationWarning: `TorchScript` support for functional optimizers is deprecated and will be removed in a future PyTorch release. Consider using the `torch.compile` optimizer instead.
  from torch.distributed.optim import \
/data/bigc-data/zym/train-zym1/lib/python3.10/site-packages/mmengine-0.10.4-py3.10.egg/mmengine/utils/dl_utils/setup_env.py:46: UserWarning: Setting OMP_NUM_THREADS environment variable for each process to be 1 in default, to avoid your system being overloaded, please further tune the variable for optimal performance in your application as needed.
  warnings.warn(
/data/bigc-data/zym/train-zym1/lib/python3.10/site-packages/mmengine-0.10.4-py3.10.egg/mmengine/utils/dl_utils/setup_env.py:56: UserWarning: Setting MKL_NUM_THREADS environment variable for each process to be 1 in default, to avoid your system being overloaded, please further tune the variable for optimal performance in your application as needed.
  warnings.warn(
06/20 03:25:43 - mmengine - INFO - 
------------------------------------------------------------
System environment:
    sys.platform: linux
    Python: 3.10.16 (main, Dec 11 2024, 16:24:50) [GCC 11.2.0]
    CUDA available: False
    MUSA available: False
    numpy_random_seed: 0
    GCC: gcc (Ubuntu 11.4.0-1ubuntu1~22.04) 11.4.0
    PyTorch: 2.4.0a0+git4451b0e
    PyTorch compiling details: PyTorch built with:
  - GCC 11.5
  - C++ Version: 201703
  - Intel(R) oneAPI Math Kernel Library Version 2025.0-Product Build 20241009 for Intel(R) 64 architecture applications
  - Intel(R) MKL-DNN v3.4.2 (Git Hash 1137e04ec0b5251ca2b4400a4fd3c667ce843d67)
  - OpenMP 201511 (a.k.a. OpenMP 4.5)
  - LAPACK is enabled (usually provided by MKL)
  - NNPACK is enabled
  - CPU capability usage: AVX512
  - Build settings: BLAS_INFO=mkl, BUILD_TYPE=Release, CXX_COMPILER=/usr/bin/g++, CXX_FLAGS= -D_GLIBCXX_USE_CXX11_ABI=1 -fvisibility-inlines-hidden -DUSE_PTHREADPOOL -DNDEBUG -DUSE_KINETO -DLIBKINETO_NOCUPTI -DLIBKINETO_NOROCTRACER -DUSE_FBGEMM -DUSE_PYTORCH_QNNPACK -DUSE_XNNPACK -DSYMBOLICATE_MOBILE_DEBUG_HANDLE -O2 -fPIC -Wall -Wextra -Werror=return-type -Werror=non-virtual-dtor -Werror=range-loop-construct -Werror=bool-operation -Wnarrowing -Wno-missing-field-initializers -Wno-type-limits -Wno-array-bounds -Wno-unknown-pragmas -Wno-unused-parameter -Wno-unused-function -Wno-unused-result -Wno-strict-overflow -Wno-strict-aliasing -Wno-stringop-overflow -Wsuggest-override -Wno-psabi -Wno-error=pedantic -Wno-error=old-style-cast -Wno-missing-braces -fdiagnostics-color=always -faligned-new -Wno-unused-but-set-variable -Wno-maybe-uninitialized -fno-math-errno -fno-trapping-math -Werror=format -Wno-stringop-overflow, FORCE_FALLBACK_CUDA_MPI=1, LAPACK_INFO=mkl, PERF_WITH_AVX=1, PERF_WITH_AVX2=1, PERF_WITH_AVX512=1, TORCH_VERSION=2.4.0, USE_CUDA=OFF, USE_CUDNN=OFF, USE_CUSPARSELT=OFF, USE_EXCEPTION_PTR=1, USE_GFLAGS=OFF, USE_GLOG=OFF, USE_GLOO=ON, USE_MKL=ON, USE_MKLDNN=1, USE_MPI=ON, USE_NCCL=OFF, USE_NNPACK=ON, USE_OPENMP=ON, USE_ROCM=OFF, USE_ROCM_KERNEL_ASSERT=OFF, 

    TorchVision: 0.15.1a0+42759b1
    OpenCV: 4.11.0
    MMEngine: 0.10.4

Runtime environment:
    cudnn_benchmark: False
    mp_cfg: {'mp_start_method': 'fork', 'opencv_num_threads': 0}
    dist_cfg: {'backend': 'tccl'}
    seed: 0
    deterministic: False
    diff_rank_seed: True
    Distributed launcher: pytorch
    Distributed training: True
    GPU number: 1
------------------------------------------------------------

06/20 03:25:44 - mmengine - INFO - Config:
auto_scale_lr = dict(base_batch_size=2048)
data_preprocessor = dict(
    mean=[
        123.675,
        116.28,
        103.53,
    ],
    second_mean=[
        -31.875,
        -31.875,
        -31.875,
    ],
    second_std=[
        318.75,
        318.75,
        318.75,
    ],
    std=[
        58.395,
        57.12,
        57.375,
    ],
    to_rgb=True,
    type='TwoNormDataPreprocessor')
data_root = 'data/teco-data/imagenet/'
dataset_type = 'ImageNet'
default_hooks = dict(
    checkpoint=dict(interval=10, max_keep_ckpts=3, type='CheckpointHook'),
    logger=dict(interval=100, type='LoggerHook'),
    param_scheduler=dict(type='ParamSchedulerHook'),
    sampler_seed=dict(type='DistSamplerSeedHook'),
    timer=dict(type='IterTimerHook'),
    visualization=dict(enable=False, type='VisualizationHook'))
default_scope = 'mmpretrain'
env_cfg = dict(
    cudnn_benchmark=False,
    dist_cfg=dict(backend='nccl'),
    mp_cfg=dict(mp_start_method='fork', opencv_num_threads=0))
find_unused_parameters = True
launcher = 'pytorch'
load_from = None
log_level = 'INFO'
model = dict(
    backbone=dict(
        arch='b',
        bias='qv_bias',
        layer_scale_init_value=0.1,
        patch_size=16,
        type='CAEPretrainViT'),
    base_momentum=0.0,
    head=dict(loss=dict(lambd=2, type='CAELoss'), type='CAEHead'),
    neck=dict(
        decoder_depth=4,
        embed_dims=768,
        layer_scale_init_value=0.1,
        mlp_ratio=4,
        num_heads=12,
        regressor_depth=4,
        type='CAENeck'),
    target_generator=dict(
        init_cfg=dict(
            checkpoint=
            'https://download.openmmlab.com/mmselfsup/1.x/target_generator_ckpt/dalle_encoder.pth',
            type='Pretrained'),
        type='DALL-E'),
    type='CAE')
optim_wrapper = dict(
    clip_grad=dict(max_norm=3.0),
    loss_scale='dynamic',
    optimizer=dict(
        betas=(
            0.9,
            0.999,
        ), lr=0.0015, type='AdamW', weight_decay=0.05),
    paramwise_cfg=dict(
        bias_decay_mult=0.0, flat_decay_mult=0.0, norm_decay_mult=0.0),
    type='AmpOptimWrapper')
param_scheduler = [
    dict(
        begin=0,
        by_epoch=True,
        convert_to_iter_based=True,
        end=10,
        start_factor=0.0001,
        type='LinearLR'),
    dict(
        T_max=290,
        begin=10,
        by_epoch=True,
        convert_to_iter_based=True,
        end=300,
        eta_min=1e-05,
        type='CosineAnnealingLR'),
]
randomness = dict(deterministic=False, diff_rank_seed=True, seed=0)
resume = False
train_cfg = dict(max_epochs=300, type='EpochBasedTrainLoop')
train_dataloader = dict(
    batch_size=50,
    collate_fn=dict(type='default_collate'),
    dataset=dict(
        ann_file='train_list.txt',
        data_prefix=dict(img_path=''),
        data_root='/data/teco-data/imagenet',
        pipeline=[
            dict(type='LoadImageFromFile'),
            dict(prob=0.5, type='RandomFlip'),
            dict(
                interpolation='bicubic',
                scale=(
                    0.08,
                    1.0,
                ),
                second_interpolation='lanczos',
                second_size=112,
                size=224,
                type='RandomResizedCropAndInterpolationWithTwoPic'),
            dict(
                input_size=(
                    14,
                    14,
                ),
                max_num_patches=None,
                min_num_patches=16,
                num_masking_patches=75,
                type='BEiTMaskGenerator'),
            dict(type='PackInputs'),
        ],
        type='ImageNet'),
    num_workers=8,
    persistent_workers=True,
    pin_memory=True,
    sampler=dict(shuffle=True, type='DefaultSampler'))
train_pipeline = [
    dict(type='LoadImageFromFile'),
    dict(prob=0.5, type='RandomFlip'),
    dict(
        interpolation='bicubic',
        scale=(
            0.08,
            1.0,
        ),
        second_interpolation='lanczos',
        second_size=112,
        size=224,
        type='RandomResizedCropAndInterpolationWithTwoPic'),
    dict(
        input_size=(
            14,
            14,
        ),
        max_num_patches=None,
        min_num_patches=16,
        num_masking_patches=75,
        type='BEiTMaskGenerator'),
    dict(type='PackInputs'),
]
vis_backends = [
    dict(type='LocalVisBackend'),
]
visualizer = dict(
    type='UniversalVisualizer', vis_backends=[
        dict(type='LocalVisBackend'),
    ])
work_dir = './work_dirs/cae_beit-base-p16_8xb256-amp-coslr-300e_in1k'

06/20 03:25:51 - mmengine - INFO - Hooks will be executed in the following order:
before_run:
(VERY_HIGH   ) RuntimeInfoHook                    
(BELOW_NORMAL) LoggerHook                         
 -------------------- 
before_train:
(VERY_HIGH   ) RuntimeInfoHook                    
(NORMAL      ) IterTimerHook                      
(VERY_LOW    ) CheckpointHook                     
 -------------------- 
before_train_epoch:
(VERY_HIGH   ) RuntimeInfoHook                    
(NORMAL      ) IterTimerHook                      
(NORMAL      ) DistSamplerSeedHook                
 -------------------- 
before_train_iter:
(VERY_HIGH   ) RuntimeInfoHook                    
(NORMAL      ) IterTimerHook                      
 -------------------- 
after_train_iter:
(VERY_HIGH   ) RuntimeInfoHook                    
(NORMAL      ) IterTimerHook                      
(BELOW_NORMAL) LoggerHook                         
(LOW         ) ParamSchedulerHook                 
(VERY_LOW    ) CheckpointHook                     
 -------------------- 
after_train_epoch:
(NORMAL      ) IterTimerHook                      
(LOW         ) ParamSchedulerHook                 
(VERY_LOW    ) CheckpointHook                     
 -------------------- 
before_val:
(VERY_HIGH   ) RuntimeInfoHook                    
 -------------------- 
before_val_epoch:
(NORMAL      ) IterTimerHook                      
 -------------------- 
before_val_iter:
(NORMAL      ) IterTimerHook                      
 -------------------- 
after_val_iter:
(NORMAL      ) IterTimerHook                      
(NORMAL      ) VisualizationHook                  
(BELOW_NORMAL) LoggerHook                         
 -------------------- 
after_val_epoch:
(VERY_HIGH   ) RuntimeInfoHook                    
(NORMAL      ) IterTimerHook                      
(BELOW_NORMAL) LoggerHook                         
(LOW         ) ParamSchedulerHook                 
(VERY_LOW    ) CheckpointHook                     
 -------------------- 
after_val:
(VERY_HIGH   ) RuntimeInfoHook                    
 -------------------- 
after_train:
(VERY_HIGH   ) RuntimeInfoHook                    
(VERY_LOW    ) CheckpointHook                     
 -------------------- 
before_test:
(VERY_HIGH   ) RuntimeInfoHook                    
 -------------------- 
before_test_epoch:
(NORMAL      ) IterTimerHook                      
 -------------------- 
before_test_iter:
(NORMAL      ) IterTimerHook                      
 -------------------- 
after_test_iter:
(NORMAL      ) IterTimerHook                      
(NORMAL      ) VisualizationHook                  
(BELOW_NORMAL) LoggerHook                         
 -------------------- 
after_test_epoch:
(VERY_HIGH   ) RuntimeInfoHook                    
(NORMAL      ) IterTimerHook                      
(BELOW_NORMAL) LoggerHook                         
 -------------------- 
after_test:
(VERY_HIGH   ) RuntimeInfoHook                    
 -------------------- 
after_run:
(BELOW_NORMAL) LoggerHook                         
 -------------------- 
06/20 03:25:59 - mmengine - WARNING - backbone.pos_embed is skipped since its requires_grad=False
06/20 03:25:59 - mmengine - INFO - paramwise_options -- backbone.patch_embed.projection.bias:weight_decay=0.0
06/20 03:25:59 - mmengine - INFO - paramwise_options -- backbone.layers.0.gamma_1:weight_decay=0.0
06/20 03:25:59 - mmengine - INFO - paramwise_options -- backbone.layers.0.gamma_2:weight_decay=0.0
06/20 03:25:59 - mmengine - INFO - paramwise_options -- backbone.layers.0.ln1.weight:weight_decay=0.0
06/20 03:25:59 - mmengine - INFO - paramwise_options -- backbone.layers.0.ln1.bias:weight_decay=0.0
06/20 03:25:59 - mmengine - INFO - paramwise_options -- backbone.layers.0.attn.q_bias:weight_decay=0.0
06/20 03:25:59 - mmengine - INFO - paramwise_options -- backbone.layers.0.attn.v_bias:weight_decay=0.0
06/20 03:25:59 - mmengine - INFO - paramwise_options -- backbone.layers.0.attn.proj.bias:weight_decay=0.0
06/20 03:25:59 - mmengine - INFO - paramwise_options -- backbone.layers.0.ln2.weight:weight_decay=0.0
06/20 03:25:59 - mmengine - INFO - paramwise_options -- backbone.layers.0.ln2.bias:weight_decay=0.0
06/20 03:25:59 - mmengine - INFO - paramwise_options -- backbone.layers.0.ffn.layers.0.0.bias:weight_decay=0.0
06/20 03:25:59 - mmengine - INFO - paramwise_options -- backbone.layers.0.ffn.layers.1.bias:weight_decay=0.0
06/20 03:25:59 - mmengine - INFO - paramwise_options -- backbone.layers.1.gamma_1:weight_decay=0.0
06/20 03:25:59 - mmengine - INFO - paramwise_options -- backbone.layers.1.gamma_2:weight_decay=0.0
06/20 03:25:59 - mmengine - INFO - paramwise_options -- backbone.layers.1.ln1.weight:weight_decay=0.0
06/20 03:25:59 - mmengine - INFO - paramwise_options -- backbone.layers.1.ln1.bias:weight_decay=0.0
06/20 03:25:59 - mmengine - INFO - paramwise_options -- backbone.layers.1.attn.q_bias:weight_decay=0.0
06/20 03:25:59 - mmengine - INFO - paramwise_options -- backbone.layers.1.attn.v_bias:weight_decay=0.0
06/20 03:25:59 - mmengine - INFO - paramwise_options -- backbone.layers.1.attn.proj.bias:weight_decay=0.0
06/20 03:25:59 - mmengine - INFO - paramwise_options -- backbone.layers.1.ln2.weight:weight_decay=0.0
06/20 03:25:59 - mmengine - INFO - paramwise_options -- backbone.layers.1.ln2.bias:weight_decay=0.0
06/20 03:25:59 - mmengine - INFO - paramwise_options -- backbone.layers.1.ffn.layers.0.0.bias:weight_decay=0.0
06/20 03:25:59 - mmengine - INFO - paramwise_options -- backbone.layers.1.ffn.layers.1.bias:weight_decay=0.0
06/20 03:25:59 - mmengine - INFO - paramwise_options -- backbone.layers.2.gamma_1:weight_decay=0.0
06/20 03:25:59 - mmengine - INFO - paramwise_options -- backbone.layers.2.gamma_2:weight_decay=0.0
06/20 03:25:59 - mmengine - INFO - paramwise_options -- backbone.layers.2.ln1.weight:weight_decay=0.0
06/20 03:25:59 - mmengine - INFO - paramwise_options -- backbone.layers.2.ln1.bias:weight_decay=0.0
06/20 03:25:59 - mmengine - INFO - paramwise_options -- backbone.layers.2.attn.q_bias:weight_decay=0.0
06/20 03:25:59 - mmengine - INFO - paramwise_options -- backbone.layers.2.attn.v_bias:weight_decay=0.0
06/20 03:25:59 - mmengine - INFO - paramwise_options -- backbone.layers.2.attn.proj.bias:weight_decay=0.0
06/20 03:25:59 - mmengine - INFO - paramwise_options -- backbone.layers.2.ln2.weight:weight_decay=0.0
06/20 03:25:59 - mmengine - INFO - paramwise_options -- backbone.layers.2.ln2.bias:weight_decay=0.0
06/20 03:25:59 - mmengine - INFO - paramwise_options -- backbone.layers.2.ffn.layers.0.0.bias:weight_decay=0.0
06/20 03:25:59 - mmengine - INFO - paramwise_options -- backbone.layers.2.ffn.layers.1.bias:weight_decay=0.0
06/20 03:25:59 - mmengine - INFO - paramwise_options -- backbone.layers.3.gamma_1:weight_decay=0.0
06/20 03:25:59 - mmengine - INFO - paramwise_options -- backbone.layers.3.gamma_2:weight_decay=0.0
06/20 03:25:59 - mmengine - INFO - paramwise_options -- backbone.layers.3.ln1.weight:weight_decay=0.0
06/20 03:25:59 - mmengine - INFO - paramwise_options -- backbone.layers.3.ln1.bias:weight_decay=0.0
06/20 03:25:59 - mmengine - INFO - paramwise_options -- backbone.layers.3.attn.q_bias:weight_decay=0.0
06/20 03:25:59 - mmengine - INFO - paramwise_options -- backbone.layers.3.attn.v_bias:weight_decay=0.0
06/20 03:25:59 - mmengine - INFO - paramwise_options -- backbone.layers.3.attn.proj.bias:weight_decay=0.0
06/20 03:25:59 - mmengine - INFO - paramwise_options -- backbone.layers.3.ln2.weight:weight_decay=0.0
06/20 03:25:59 - mmengine - INFO - paramwise_options -- backbone.layers.3.ln2.bias:weight_decay=0.0
06/20 03:25:59 - mmengine - INFO - paramwise_options -- backbone.layers.3.ffn.layers.0.0.bias:weight_decay=0.0
06/20 03:25:59 - mmengine - INFO - paramwise_options -- backbone.layers.3.ffn.layers.1.bias:weight_decay=0.0
06/20 03:25:59 - mmengine - INFO - paramwise_options -- backbone.layers.4.gamma_1:weight_decay=0.0
06/20 03:25:59 - mmengine - INFO - paramwise_options -- backbone.layers.4.gamma_2:weight_decay=0.0
06/20 03:25:59 - mmengine - INFO - paramwise_options -- backbone.layers.4.ln1.weight:weight_decay=0.0
06/20 03:25:59 - mmengine - INFO - paramwise_options -- backbone.layers.4.ln1.bias:weight_decay=0.0
06/20 03:25:59 - mmengine - INFO - paramwise_options -- backbone.layers.4.attn.q_bias:weight_decay=0.0
06/20 03:25:59 - mmengine - INFO - paramwise_options -- backbone.layers.4.attn.v_bias:weight_decay=0.0
06/20 03:25:59 - mmengine - INFO - paramwise_options -- backbone.layers.4.attn.proj.bias:weight_decay=0.0
06/20 03:25:59 - mmengine - INFO - paramwise_options -- backbone.layers.4.ln2.weight:weight_decay=0.0
06/20 03:25:59 - mmengine - INFO - paramwise_options -- backbone.layers.4.ln2.bias:weight_decay=0.0
06/20 03:25:59 - mmengine - INFO - paramwise_options -- backbone.layers.4.ffn.layers.0.0.bias:weight_decay=0.0
06/20 03:25:59 - mmengine - INFO - paramwise_options -- backbone.layers.4.ffn.layers.1.bias:weight_decay=0.0
06/20 03:25:59 - mmengine - INFO - paramwise_options -- backbone.layers.5.gamma_1:weight_decay=0.0
06/20 03:25:59 - mmengine - INFO - paramwise_options -- backbone.layers.5.gamma_2:weight_decay=0.0
06/20 03:25:59 - mmengine - INFO - paramwise_options -- backbone.layers.5.ln1.weight:weight_decay=0.0
06/20 03:25:59 - mmengine - INFO - paramwise_options -- backbone.layers.5.ln1.bias:weight_decay=0.0
06/20 03:25:59 - mmengine - INFO - paramwise_options -- backbone.layers.5.attn.q_bias:weight_decay=0.0
06/20 03:25:59 - mmengine - INFO - paramwise_options -- backbone.layers.5.attn.v_bias:weight_decay=0.0
06/20 03:25:59 - mmengine - INFO - paramwise_options -- backbone.layers.5.attn.proj.bias:weight_decay=0.0
06/20 03:25:59 - mmengine - INFO - paramwise_options -- backbone.layers.5.ln2.weight:weight_decay=0.0
06/20 03:25:59 - mmengine - INFO - paramwise_options -- backbone.layers.5.ln2.bias:weight_decay=0.0
06/20 03:25:59 - mmengine - INFO - paramwise_options -- backbone.layers.5.ffn.layers.0.0.bias:weight_decay=0.0
06/20 03:25:59 - mmengine - INFO - paramwise_options -- backbone.layers.5.ffn.layers.1.bias:weight_decay=0.0
06/20 03:25:59 - mmengine - INFO - paramwise_options -- backbone.layers.6.gamma_1:weight_decay=0.0
06/20 03:25:59 - mmengine - INFO - paramwise_options -- backbone.layers.6.gamma_2:weight_decay=0.0
06/20 03:25:59 - mmengine - INFO - paramwise_options -- backbone.layers.6.ln1.weight:weight_decay=0.0
06/20 03:25:59 - mmengine - INFO - paramwise_options -- backbone.layers.6.ln1.bias:weight_decay=0.0
06/20 03:25:59 - mmengine - INFO - paramwise_options -- backbone.layers.6.attn.q_bias:weight_decay=0.0
06/20 03:25:59 - mmengine - INFO - paramwise_options -- backbone.layers.6.attn.v_bias:weight_decay=0.0
06/20 03:25:59 - mmengine - INFO - paramwise_options -- backbone.layers.6.attn.proj.bias:weight_decay=0.0
06/20 03:25:59 - mmengine - INFO - paramwise_options -- backbone.layers.6.ln2.weight:weight_decay=0.0
06/20 03:25:59 - mmengine - INFO - paramwise_options -- backbone.layers.6.ln2.bias:weight_decay=0.0
06/20 03:25:59 - mmengine - INFO - paramwise_options -- backbone.layers.6.ffn.layers.0.0.bias:weight_decay=0.0
06/20 03:25:59 - mmengine - INFO - paramwise_options -- backbone.layers.6.ffn.layers.1.bias:weight_decay=0.0
06/20 03:25:59 - mmengine - INFO - paramwise_options -- backbone.layers.7.gamma_1:weight_decay=0.0
06/20 03:25:59 - mmengine - INFO - paramwise_options -- backbone.layers.7.gamma_2:weight_decay=0.0
06/20 03:25:59 - mmengine - INFO - paramwise_options -- backbone.layers.7.ln1.weight:weight_decay=0.0
06/20 03:25:59 - mmengine - INFO - paramwise_options -- backbone.layers.7.ln1.bias:weight_decay=0.0
06/20 03:25:59 - mmengine - INFO - paramwise_options -- backbone.layers.7.attn.q_bias:weight_decay=0.0
06/20 03:25:59 - mmengine - INFO - paramwise_options -- backbone.layers.7.attn.v_bias:weight_decay=0.0
06/20 03:25:59 - mmengine - INFO - paramwise_options -- backbone.layers.7.attn.proj.bias:weight_decay=0.0
06/20 03:25:59 - mmengine - INFO - paramwise_options -- backbone.layers.7.ln2.weight:weight_decay=0.0
06/20 03:25:59 - mmengine - INFO - paramwise_options -- backbone.layers.7.ln2.bias:weight_decay=0.0
06/20 03:25:59 - mmengine - INFO - paramwise_options -- backbone.layers.7.ffn.layers.0.0.bias:weight_decay=0.0
06/20 03:25:59 - mmengine - INFO - paramwise_options -- backbone.layers.7.ffn.layers.1.bias:weight_decay=0.0
06/20 03:25:59 - mmengine - INFO - paramwise_options -- backbone.layers.8.gamma_1:weight_decay=0.0
06/20 03:25:59 - mmengine - INFO - paramwise_options -- backbone.layers.8.gamma_2:weight_decay=0.0
06/20 03:25:59 - mmengine - INFO - paramwise_options -- backbone.layers.8.ln1.weight:weight_decay=0.0
06/20 03:25:59 - mmengine - INFO - paramwise_options -- backbone.layers.8.ln1.bias:weight_decay=0.0
06/20 03:25:59 - mmengine - INFO - paramwise_options -- backbone.layers.8.attn.q_bias:weight_decay=0.0
06/20 03:25:59 - mmengine - INFO - paramwise_options -- backbone.layers.8.attn.v_bias:weight_decay=0.0
06/20 03:25:59 - mmengine - INFO - paramwise_options -- backbone.layers.8.attn.proj.bias:weight_decay=0.0
06/20 03:25:59 - mmengine - INFO - paramwise_options -- backbone.layers.8.ln2.weight:weight_decay=0.0
06/20 03:25:59 - mmengine - INFO - paramwise_options -- backbone.layers.8.ln2.bias:weight_decay=0.0
06/20 03:25:59 - mmengine - INFO - paramwise_options -- backbone.layers.8.ffn.layers.0.0.bias:weight_decay=0.0
06/20 03:25:59 - mmengine - INFO - paramwise_options -- backbone.layers.8.ffn.layers.1.bias:weight_decay=0.0
06/20 03:25:59 - mmengine - INFO - paramwise_options -- backbone.layers.9.gamma_1:weight_decay=0.0
06/20 03:25:59 - mmengine - INFO - paramwise_options -- backbone.layers.9.gamma_2:weight_decay=0.0
06/20 03:25:59 - mmengine - INFO - paramwise_options -- backbone.layers.9.ln1.weight:weight_decay=0.0
06/20 03:25:59 - mmengine - INFO - paramwise_options -- backbone.layers.9.ln1.bias:weight_decay=0.0
06/20 03:25:59 - mmengine - INFO - paramwise_options -- backbone.layers.9.attn.q_bias:weight_decay=0.0
06/20 03:25:59 - mmengine - INFO - paramwise_options -- backbone.layers.9.attn.v_bias:weight_decay=0.0
06/20 03:25:59 - mmengine - INFO - paramwise_options -- backbone.layers.9.attn.proj.bias:weight_decay=0.0
06/20 03:25:59 - mmengine - INFO - paramwise_options -- backbone.layers.9.ln2.weight:weight_decay=0.0
06/20 03:25:59 - mmengine - INFO - paramwise_options -- backbone.layers.9.ln2.bias:weight_decay=0.0
06/20 03:25:59 - mmengine - INFO - paramwise_options -- backbone.layers.9.ffn.layers.0.0.bias:weight_decay=0.0
06/20 03:25:59 - mmengine - INFO - paramwise_options -- backbone.layers.9.ffn.layers.1.bias:weight_decay=0.0
06/20 03:25:59 - mmengine - INFO - paramwise_options -- backbone.layers.10.gamma_1:weight_decay=0.0
06/20 03:25:59 - mmengine - INFO - paramwise_options -- backbone.layers.10.gamma_2:weight_decay=0.0
06/20 03:25:59 - mmengine - INFO - paramwise_options -- backbone.layers.10.ln1.weight:weight_decay=0.0
06/20 03:25:59 - mmengine - INFO - paramwise_options -- backbone.layers.10.ln1.bias:weight_decay=0.0
06/20 03:25:59 - mmengine - INFO - paramwise_options -- backbone.layers.10.attn.q_bias:weight_decay=0.0
06/20 03:25:59 - mmengine - INFO - paramwise_options -- backbone.layers.10.attn.v_bias:weight_decay=0.0
06/20 03:25:59 - mmengine - INFO - paramwise_options -- backbone.layers.10.attn.proj.bias:weight_decay=0.0
06/20 03:25:59 - mmengine - INFO - paramwise_options -- backbone.layers.10.ln2.weight:weight_decay=0.0
06/20 03:25:59 - mmengine - INFO - paramwise_options -- backbone.layers.10.ln2.bias:weight_decay=0.0
06/20 03:25:59 - mmengine - INFO - paramwise_options -- backbone.layers.10.ffn.layers.0.0.bias:weight_decay=0.0
06/20 03:25:59 - mmengine - INFO - paramwise_options -- backbone.layers.10.ffn.layers.1.bias:weight_decay=0.0
06/20 03:25:59 - mmengine - INFO - paramwise_options -- backbone.layers.11.gamma_1:weight_decay=0.0
06/20 03:25:59 - mmengine - INFO - paramwise_options -- backbone.layers.11.gamma_2:weight_decay=0.0
06/20 03:25:59 - mmengine - INFO - paramwise_options -- backbone.layers.11.ln1.weight:weight_decay=0.0
06/20 03:25:59 - mmengine - INFO - paramwise_options -- backbone.layers.11.ln1.bias:weight_decay=0.0
06/20 03:25:59 - mmengine - INFO - paramwise_options -- backbone.layers.11.attn.q_bias:weight_decay=0.0
06/20 03:25:59 - mmengine - INFO - paramwise_options -- backbone.layers.11.attn.v_bias:weight_decay=0.0
06/20 03:25:59 - mmengine - INFO - paramwise_options -- backbone.layers.11.attn.proj.bias:weight_decay=0.0
06/20 03:25:59 - mmengine - INFO - paramwise_options -- backbone.layers.11.ln2.weight:weight_decay=0.0
06/20 03:25:59 - mmengine - INFO - paramwise_options -- backbone.layers.11.ln2.bias:weight_decay=0.0
06/20 03:25:59 - mmengine - INFO - paramwise_options -- backbone.layers.11.ffn.layers.0.0.bias:weight_decay=0.0
06/20 03:25:59 - mmengine - INFO - paramwise_options -- backbone.layers.11.ffn.layers.1.bias:weight_decay=0.0
06/20 03:25:59 - mmengine - INFO - paramwise_options -- backbone.ln1.weight:weight_decay=0.0
06/20 03:25:59 - mmengine - INFO - paramwise_options -- backbone.ln1.bias:weight_decay=0.0
06/20 03:25:59 - mmengine - INFO - paramwise_options -- neck.regressors.0.gamma_1_cross:weight_decay=0.0
06/20 03:25:59 - mmengine - INFO - paramwise_options -- neck.regressors.0.gamma_2_cross:weight_decay=0.0
06/20 03:25:59 - mmengine - INFO - paramwise_options -- neck.regressors.0.norm1_q_cross.weight:weight_decay=0.0
06/20 03:25:59 - mmengine - INFO - paramwise_options -- neck.regressors.0.norm1_q_cross.bias:weight_decay=0.0
06/20 03:25:59 - mmengine - INFO - paramwise_options -- neck.regressors.0.norm1_k_cross.weight:weight_decay=0.0
06/20 03:25:59 - mmengine - INFO - paramwise_options -- neck.regressors.0.norm1_k_cross.bias:weight_decay=0.0
06/20 03:25:59 - mmengine - INFO - paramwise_options -- neck.regressors.0.norm1_v_cross.weight:weight_decay=0.0
06/20 03:25:59 - mmengine - INFO - paramwise_options -- neck.regressors.0.norm1_v_cross.bias:weight_decay=0.0
06/20 03:25:59 - mmengine - INFO - paramwise_options -- neck.regressors.0.norm2_cross.weight:weight_decay=0.0
06/20 03:25:59 - mmengine - INFO - paramwise_options -- neck.regressors.0.norm2_cross.bias:weight_decay=0.0
06/20 03:25:59 - mmengine - INFO - paramwise_options -- neck.regressors.0.cross_attn.q_bias:weight_decay=0.0
06/20 03:25:59 - mmengine - INFO - paramwise_options -- neck.regressors.0.cross_attn.v_bias:weight_decay=0.0
06/20 03:25:59 - mmengine - INFO - paramwise_options -- neck.regressors.0.cross_attn.proj.bias:weight_decay=0.0
06/20 03:25:59 - mmengine - INFO - paramwise_options -- neck.regressors.0.ffn.layers.0.0.bias:weight_decay=0.0
06/20 03:25:59 - mmengine - INFO - paramwise_options -- neck.regressors.0.ffn.layers.1.bias:weight_decay=0.0
06/20 03:25:59 - mmengine - INFO - paramwise_options -- neck.regressors.1.gamma_1_cross:weight_decay=0.0
06/20 03:25:59 - mmengine - INFO - paramwise_options -- neck.regressors.1.gamma_2_cross:weight_decay=0.0
06/20 03:25:59 - mmengine - INFO - paramwise_options -- neck.regressors.1.norm1_q_cross.weight:weight_decay=0.0
06/20 03:25:59 - mmengine - INFO - paramwise_options -- neck.regressors.1.norm1_q_cross.bias:weight_decay=0.0
06/20 03:25:59 - mmengine - INFO - paramwise_options -- neck.regressors.1.norm1_k_cross.weight:weight_decay=0.0
06/20 03:25:59 - mmengine - INFO - paramwise_options -- neck.regressors.1.norm1_k_cross.bias:weight_decay=0.0
06/20 03:25:59 - mmengine - INFO - paramwise_options -- neck.regressors.1.norm1_v_cross.weight:weight_decay=0.0
06/20 03:25:59 - mmengine - INFO - paramwise_options -- neck.regressors.1.norm1_v_cross.bias:weight_decay=0.0
06/20 03:25:59 - mmengine - INFO - paramwise_options -- neck.regressors.1.norm2_cross.weight:weight_decay=0.0
06/20 03:25:59 - mmengine - INFO - paramwise_options -- neck.regressors.1.norm2_cross.bias:weight_decay=0.0
06/20 03:25:59 - mmengine - INFO - paramwise_options -- neck.regressors.1.cross_attn.q_bias:weight_decay=0.0
06/20 03:25:59 - mmengine - INFO - paramwise_options -- neck.regressors.1.cross_attn.v_bias:weight_decay=0.0
06/20 03:25:59 - mmengine - INFO - paramwise_options -- neck.regressors.1.cross_attn.proj.bias:weight_decay=0.0
06/20 03:25:59 - mmengine - INFO - paramwise_options -- neck.regressors.1.ffn.layers.0.0.bias:weight_decay=0.0
06/20 03:25:59 - mmengine - INFO - paramwise_options -- neck.regressors.1.ffn.layers.1.bias:weight_decay=0.0
06/20 03:25:59 - mmengine - INFO - paramwise_options -- neck.regressors.2.gamma_1_cross:weight_decay=0.0
06/20 03:25:59 - mmengine - INFO - paramwise_options -- neck.regressors.2.gamma_2_cross:weight_decay=0.0
06/20 03:25:59 - mmengine - INFO - paramwise_options -- neck.regressors.2.norm1_q_cross.weight:weight_decay=0.0
06/20 03:25:59 - mmengine - INFO - paramwise_options -- neck.regressors.2.norm1_q_cross.bias:weight_decay=0.0
06/20 03:25:59 - mmengine - INFO - paramwise_options -- neck.regressors.2.norm1_k_cross.weight:weight_decay=0.0
06/20 03:25:59 - mmengine - INFO - paramwise_options -- neck.regressors.2.norm1_k_cross.bias:weight_decay=0.0
06/20 03:25:59 - mmengine - INFO - paramwise_options -- neck.regressors.2.norm1_v_cross.weight:weight_decay=0.0
06/20 03:25:59 - mmengine - INFO - paramwise_options -- neck.regressors.2.norm1_v_cross.bias:weight_decay=0.0
06/20 03:25:59 - mmengine - INFO - paramwise_options -- neck.regressors.2.norm2_cross.weight:weight_decay=0.0
06/20 03:25:59 - mmengine - INFO - paramwise_options -- neck.regressors.2.norm2_cross.bias:weight_decay=0.0
06/20 03:25:59 - mmengine - INFO - paramwise_options -- neck.regressors.2.cross_attn.q_bias:weight_decay=0.0
06/20 03:25:59 - mmengine - INFO - paramwise_options -- neck.regressors.2.cross_attn.v_bias:weight_decay=0.0
06/20 03:25:59 - mmengine - INFO - paramwise_options -- neck.regressors.2.cross_attn.proj.bias:weight_decay=0.0
06/20 03:25:59 - mmengine - INFO - paramwise_options -- neck.regressors.2.ffn.layers.0.0.bias:weight_decay=0.0
06/20 03:25:59 - mmengine - INFO - paramwise_options -- neck.regressors.2.ffn.layers.1.bias:weight_decay=0.0
06/20 03:25:59 - mmengine - INFO - paramwise_options -- neck.regressors.3.gamma_1_cross:weight_decay=0.0
06/20 03:25:59 - mmengine - INFO - paramwise_options -- neck.regressors.3.gamma_2_cross:weight_decay=0.0
06/20 03:25:59 - mmengine - INFO - paramwise_options -- neck.regressors.3.norm1_q_cross.weight:weight_decay=0.0
06/20 03:25:59 - mmengine - INFO - paramwise_options -- neck.regressors.3.norm1_q_cross.bias:weight_decay=0.0
06/20 03:25:59 - mmengine - INFO - paramwise_options -- neck.regressors.3.norm1_k_cross.weight:weight_decay=0.0
06/20 03:25:59 - mmengine - INFO - paramwise_options -- neck.regressors.3.norm1_k_cross.bias:weight_decay=0.0
06/20 03:25:59 - mmengine - INFO - paramwise_options -- neck.regressors.3.norm1_v_cross.weight:weight_decay=0.0
06/20 03:25:59 - mmengine - INFO - paramwise_options -- neck.regressors.3.norm1_v_cross.bias:weight_decay=0.0
06/20 03:25:59 - mmengine - INFO - paramwise_options -- neck.regressors.3.norm2_cross.weight:weight_decay=0.0
06/20 03:25:59 - mmengine - INFO - paramwise_options -- neck.regressors.3.norm2_cross.bias:weight_decay=0.0
06/20 03:25:59 - mmengine - INFO - paramwise_options -- neck.regressors.3.cross_attn.q_bias:weight_decay=0.0
06/20 03:25:59 - mmengine - INFO - paramwise_options -- neck.regressors.3.cross_attn.v_bias:weight_decay=0.0
06/20 03:25:59 - mmengine - INFO - paramwise_options -- neck.regressors.3.cross_attn.proj.bias:weight_decay=0.0
06/20 03:25:59 - mmengine - INFO - paramwise_options -- neck.regressors.3.ffn.layers.0.0.bias:weight_decay=0.0
06/20 03:25:59 - mmengine - INFO - paramwise_options -- neck.regressors.3.ffn.layers.1.bias:weight_decay=0.0
06/20 03:25:59 - mmengine - INFO - paramwise_options -- neck.decoders.0.gamma_1:weight_decay=0.0
06/20 03:25:59 - mmengine - INFO - paramwise_options -- neck.decoders.0.gamma_2:weight_decay=0.0
06/20 03:25:59 - mmengine - INFO - paramwise_options -- neck.decoders.0.ln1.weight:weight_decay=0.0
06/20 03:25:59 - mmengine - INFO - paramwise_options -- neck.decoders.0.ln1.bias:weight_decay=0.0
06/20 03:25:59 - mmengine - INFO - paramwise_options -- neck.decoders.0.attn.q_bias:weight_decay=0.0
06/20 03:25:59 - mmengine - INFO - paramwise_options -- neck.decoders.0.attn.v_bias:weight_decay=0.0
06/20 03:25:59 - mmengine - INFO - paramwise_options -- neck.decoders.0.attn.proj.bias:weight_decay=0.0
06/20 03:25:59 - mmengine - INFO - paramwise_options -- neck.decoders.0.ln2.weight:weight_decay=0.0
06/20 03:25:59 - mmengine - INFO - paramwise_options -- neck.decoders.0.ln2.bias:weight_decay=0.0
06/20 03:25:59 - mmengine - INFO - paramwise_options -- neck.decoders.0.ffn.layers.0.0.bias:weight_decay=0.0
06/20 03:25:59 - mmengine - INFO - paramwise_options -- neck.decoders.0.ffn.layers.1.bias:weight_decay=0.0
06/20 03:25:59 - mmengine - INFO - paramwise_options -- neck.decoders.1.gamma_1:weight_decay=0.0
06/20 03:25:59 - mmengine - INFO - paramwise_options -- neck.decoders.1.gamma_2:weight_decay=0.0
06/20 03:25:59 - mmengine - INFO - paramwise_options -- neck.decoders.1.ln1.weight:weight_decay=0.0
06/20 03:25:59 - mmengine - INFO - paramwise_options -- neck.decoders.1.ln1.bias:weight_decay=0.0
06/20 03:25:59 - mmengine - INFO - paramwise_options -- neck.decoders.1.attn.q_bias:weight_decay=0.0
06/20 03:25:59 - mmengine - INFO - paramwise_options -- neck.decoders.1.attn.v_bias:weight_decay=0.0
06/20 03:25:59 - mmengine - INFO - paramwise_options -- neck.decoders.1.attn.proj.bias:weight_decay=0.0
06/20 03:25:59 - mmengine - INFO - paramwise_options -- neck.decoders.1.ln2.weight:weight_decay=0.0
06/20 03:25:59 - mmengine - INFO - paramwise_options -- neck.decoders.1.ln2.bias:weight_decay=0.0
06/20 03:25:59 - mmengine - INFO - paramwise_options -- neck.decoders.1.ffn.layers.0.0.bias:weight_decay=0.0
06/20 03:25:59 - mmengine - INFO - paramwise_options -- neck.decoders.1.ffn.layers.1.bias:weight_decay=0.0
06/20 03:25:59 - mmengine - INFO - paramwise_options -- neck.decoders.2.gamma_1:weight_decay=0.0
06/20 03:25:59 - mmengine - INFO - paramwise_options -- neck.decoders.2.gamma_2:weight_decay=0.0
06/20 03:25:59 - mmengine - INFO - paramwise_options -- neck.decoders.2.ln1.weight:weight_decay=0.0
06/20 03:25:59 - mmengine - INFO - paramwise_options -- neck.decoders.2.ln1.bias:weight_decay=0.0
06/20 03:25:59 - mmengine - INFO - paramwise_options -- neck.decoders.2.attn.q_bias:weight_decay=0.0
06/20 03:25:59 - mmengine - INFO - paramwise_options -- neck.decoders.2.attn.v_bias:weight_decay=0.0
06/20 03:25:59 - mmengine - INFO - paramwise_options -- neck.decoders.2.attn.proj.bias:weight_decay=0.0
06/20 03:25:59 - mmengine - INFO - paramwise_options -- neck.decoders.2.ln2.weight:weight_decay=0.0
06/20 03:25:59 - mmengine - INFO - paramwise_options -- neck.decoders.2.ln2.bias:weight_decay=0.0
06/20 03:25:59 - mmengine - INFO - paramwise_options -- neck.decoders.2.ffn.layers.0.0.bias:weight_decay=0.0
06/20 03:25:59 - mmengine - INFO - paramwise_options -- neck.decoders.2.ffn.layers.1.bias:weight_decay=0.0
06/20 03:25:59 - mmengine - INFO - paramwise_options -- neck.decoders.3.gamma_1:weight_decay=0.0
06/20 03:25:59 - mmengine - INFO - paramwise_options -- neck.decoders.3.gamma_2:weight_decay=0.0
06/20 03:25:59 - mmengine - INFO - paramwise_options -- neck.decoders.3.ln1.weight:weight_decay=0.0
06/20 03:25:59 - mmengine - INFO - paramwise_options -- neck.decoders.3.ln1.bias:weight_decay=0.0
06/20 03:25:59 - mmengine - INFO - paramwise_options -- neck.decoders.3.attn.q_bias:weight_decay=0.0
06/20 03:25:59 - mmengine - INFO - paramwise_options -- neck.decoders.3.attn.v_bias:weight_decay=0.0
06/20 03:25:59 - mmengine - INFO - paramwise_options -- neck.decoders.3.attn.proj.bias:weight_decay=0.0
06/20 03:25:59 - mmengine - INFO - paramwise_options -- neck.decoders.3.ln2.weight:weight_decay=0.0
06/20 03:25:59 - mmengine - INFO - paramwise_options -- neck.decoders.3.ln2.bias:weight_decay=0.0
06/20 03:25:59 - mmengine - INFO - paramwise_options -- neck.decoders.3.ffn.layers.0.0.bias:weight_decay=0.0
06/20 03:25:59 - mmengine - INFO - paramwise_options -- neck.decoders.3.ffn.layers.1.bias:weight_decay=0.0
06/20 03:25:59 - mmengine - INFO - paramwise_options -- neck.norm_regressor.weight:weight_decay=0.0
06/20 03:25:59 - mmengine - INFO - paramwise_options -- neck.norm_regressor.bias:weight_decay=0.0
06/20 03:25:59 - mmengine - INFO - paramwise_options -- neck.norm_decoder.weight:weight_decay=0.0
06/20 03:25:59 - mmengine - INFO - paramwise_options -- neck.norm_decoder.bias:weight_decay=0.0
06/20 03:25:59 - mmengine - INFO - paramwise_options -- neck.head.bias:weight_decay=0.0
06/20 03:25:59 - mmengine - INFO - paramwise_options -- target_generator.blocks.input.b:weight_decay=0.0
06/20 03:25:59 - mmengine - INFO - paramwise_options -- target_generator.blocks.group_1.block_1.res_path.conv_1.b:weight_decay=0.0
06/20 03:25:59 - mmengine - INFO - paramwise_options -- target_generator.blocks.group_1.block_1.res_path.conv_2.b:weight_decay=0.0
06/20 03:25:59 - mmengine - INFO - paramwise_options -- target_generator.blocks.group_1.block_1.res_path.conv_3.b:weight_decay=0.0
06/20 03:25:59 - mmengine - INFO - paramwise_options -- target_generator.blocks.group_1.block_1.res_path.conv_4.b:weight_decay=0.0
06/20 03:25:59 - mmengine - INFO - paramwise_options -- target_generator.blocks.group_1.block_2.res_path.conv_1.b:weight_decay=0.0
06/20 03:25:59 - mmengine - INFO - paramwise_options -- target_generator.blocks.group_1.block_2.res_path.conv_2.b:weight_decay=0.0
06/20 03:25:59 - mmengine - INFO - paramwise_options -- target_generator.blocks.group_1.block_2.res_path.conv_3.b:weight_decay=0.0
06/20 03:25:59 - mmengine - INFO - paramwise_options -- target_generator.blocks.group_1.block_2.res_path.conv_4.b:weight_decay=0.0
06/20 03:25:59 - mmengine - INFO - paramwise_options -- target_generator.blocks.group_2.block_1.id_path.b:weight_decay=0.0
06/20 03:25:59 - mmengine - INFO - paramwise_options -- target_generator.blocks.group_2.block_1.res_path.conv_1.b:weight_decay=0.0
06/20 03:25:59 - mmengine - INFO - paramwise_options -- target_generator.blocks.group_2.block_1.res_path.conv_2.b:weight_decay=0.0
06/20 03:25:59 - mmengine - INFO - paramwise_options -- target_generator.blocks.group_2.block_1.res_path.conv_3.b:weight_decay=0.0
06/20 03:25:59 - mmengine - INFO - paramwise_options -- target_generator.blocks.group_2.block_1.res_path.conv_4.b:weight_decay=0.0
06/20 03:25:59 - mmengine - INFO - paramwise_options -- target_generator.blocks.group_2.block_2.res_path.conv_1.b:weight_decay=0.0
06/20 03:25:59 - mmengine - INFO - paramwise_options -- target_generator.blocks.group_2.block_2.res_path.conv_2.b:weight_decay=0.0
06/20 03:25:59 - mmengine - INFO - paramwise_options -- target_generator.blocks.group_2.block_2.res_path.conv_3.b:weight_decay=0.0
06/20 03:25:59 - mmengine - INFO - paramwise_options -- target_generator.blocks.group_2.block_2.res_path.conv_4.b:weight_decay=0.0
06/20 03:25:59 - mmengine - INFO - paramwise_options -- target_generator.blocks.group_3.block_1.id_path.b:weight_decay=0.0
06/20 03:25:59 - mmengine - INFO - paramwise_options -- target_generator.blocks.group_3.block_1.res_path.conv_1.b:weight_decay=0.0
06/20 03:25:59 - mmengine - INFO - paramwise_options -- target_generator.blocks.group_3.block_1.res_path.conv_2.b:weight_decay=0.0
06/20 03:25:59 - mmengine - INFO - paramwise_options -- target_generator.blocks.group_3.block_1.res_path.conv_3.b:weight_decay=0.0
06/20 03:25:59 - mmengine - INFO - paramwise_options -- target_generator.blocks.group_3.block_1.res_path.conv_4.b:weight_decay=0.0
06/20 03:25:59 - mmengine - INFO - paramwise_options -- target_generator.blocks.group_3.block_2.res_path.conv_1.b:weight_decay=0.0
06/20 03:25:59 - mmengine - INFO - paramwise_options -- target_generator.blocks.group_3.block_2.res_path.conv_2.b:weight_decay=0.0
06/20 03:25:59 - mmengine - INFO - paramwise_options -- target_generator.blocks.group_3.block_2.res_path.conv_3.b:weight_decay=0.0
06/20 03:25:59 - mmengine - INFO - paramwise_options -- target_generator.blocks.group_3.block_2.res_path.conv_4.b:weight_decay=0.0
06/20 03:25:59 - mmengine - INFO - paramwise_options -- target_generator.blocks.group_4.block_1.id_path.b:weight_decay=0.0
06/20 03:25:59 - mmengine - INFO - paramwise_options -- target_generator.blocks.group_4.block_1.res_path.conv_1.b:weight_decay=0.0
06/20 03:25:59 - mmengine - INFO - paramwise_options -- target_generator.blocks.group_4.block_1.res_path.conv_2.b:weight_decay=0.0
06/20 03:25:59 - mmengine - INFO - paramwise_options -- target_generator.blocks.group_4.block_1.res_path.conv_3.b:weight_decay=0.0
06/20 03:25:59 - mmengine - INFO - paramwise_options -- target_generator.blocks.group_4.block_1.res_path.conv_4.b:weight_decay=0.0
06/20 03:25:59 - mmengine - INFO - paramwise_options -- target_generator.blocks.group_4.block_2.res_path.conv_1.b:weight_decay=0.0
06/20 03:25:59 - mmengine - INFO - paramwise_options -- target_generator.blocks.group_4.block_2.res_path.conv_2.b:weight_decay=0.0
06/20 03:25:59 - mmengine - INFO - paramwise_options -- target_generator.blocks.group_4.block_2.res_path.conv_3.b:weight_decay=0.0
06/20 03:25:59 - mmengine - INFO - paramwise_options -- target_generator.blocks.group_4.block_2.res_path.conv_4.b:weight_decay=0.0
06/20 03:25:59 - mmengine - INFO - paramwise_options -- target_generator.blocks.output.conv.b:weight_decay=0.0
06/20 03:25:59 - mmengine - WARNING - teacher.pos_embed is skipped since its requires_grad=False
06/20 03:25:59 - mmengine - INFO - paramwise_options -- teacher.patch_embed.projection.bias:weight_decay=0.0
06/20 03:25:59 - mmengine - INFO - paramwise_options -- teacher.layers.0.gamma_1:weight_decay=0.0
06/20 03:25:59 - mmengine - INFO - paramwise_options -- teacher.layers.0.gamma_2:weight_decay=0.0
06/20 03:25:59 - mmengine - INFO - paramwise_options -- teacher.layers.0.ln1.weight:weight_decay=0.0
06/20 03:25:59 - mmengine - INFO - paramwise_options -- teacher.layers.0.ln1.bias:weight_decay=0.0
06/20 03:25:59 - mmengine - INFO - paramwise_options -- teacher.layers.0.attn.q_bias:weight_decay=0.0
06/20 03:25:59 - mmengine - INFO - paramwise_options -- teacher.layers.0.attn.v_bias:weight_decay=0.0
06/20 03:25:59 - mmengine - INFO - paramwise_options -- teacher.layers.0.attn.proj.bias:weight_decay=0.0
06/20 03:25:59 - mmengine - INFO - paramwise_options -- teacher.layers.0.ln2.weight:weight_decay=0.0
06/20 03:25:59 - mmengine - INFO - paramwise_options -- teacher.layers.0.ln2.bias:weight_decay=0.0
06/20 03:25:59 - mmengine - INFO - paramwise_options -- teacher.layers.0.ffn.layers.0.0.bias:weight_decay=0.0
06/20 03:25:59 - mmengine - INFO - paramwise_options -- teacher.layers.0.ffn.layers.1.bias:weight_decay=0.0
06/20 03:25:59 - mmengine - INFO - paramwise_options -- teacher.layers.1.gamma_1:weight_decay=0.0
06/20 03:25:59 - mmengine - INFO - paramwise_options -- teacher.layers.1.gamma_2:weight_decay=0.0
06/20 03:25:59 - mmengine - INFO - paramwise_options -- teacher.layers.1.ln1.weight:weight_decay=0.0
06/20 03:25:59 - mmengine - INFO - paramwise_options -- teacher.layers.1.ln1.bias:weight_decay=0.0
06/20 03:25:59 - mmengine - INFO - paramwise_options -- teacher.layers.1.attn.q_bias:weight_decay=0.0
06/20 03:25:59 - mmengine - INFO - paramwise_options -- teacher.layers.1.attn.v_bias:weight_decay=0.0
06/20 03:25:59 - mmengine - INFO - paramwise_options -- teacher.layers.1.attn.proj.bias:weight_decay=0.0
06/20 03:25:59 - mmengine - INFO - paramwise_options -- teacher.layers.1.ln2.weight:weight_decay=0.0
06/20 03:25:59 - mmengine - INFO - paramwise_options -- teacher.layers.1.ln2.bias:weight_decay=0.0
06/20 03:25:59 - mmengine - INFO - paramwise_options -- teacher.layers.1.ffn.layers.0.0.bias:weight_decay=0.0
06/20 03:25:59 - mmengine - INFO - paramwise_options -- teacher.layers.1.ffn.layers.1.bias:weight_decay=0.0
06/20 03:25:59 - mmengine - INFO - paramwise_options -- teacher.layers.2.gamma_1:weight_decay=0.0
06/20 03:25:59 - mmengine - INFO - paramwise_options -- teacher.layers.2.gamma_2:weight_decay=0.0
06/20 03:25:59 - mmengine - INFO - paramwise_options -- teacher.layers.2.ln1.weight:weight_decay=0.0
06/20 03:25:59 - mmengine - INFO - paramwise_options -- teacher.layers.2.ln1.bias:weight_decay=0.0
06/20 03:25:59 - mmengine - INFO - paramwise_options -- teacher.layers.2.attn.q_bias:weight_decay=0.0
06/20 03:25:59 - mmengine - INFO - paramwise_options -- teacher.layers.2.attn.v_bias:weight_decay=0.0
06/20 03:25:59 - mmengine - INFO - paramwise_options -- teacher.layers.2.attn.proj.bias:weight_decay=0.0
06/20 03:25:59 - mmengine - INFO - paramwise_options -- teacher.layers.2.ln2.weight:weight_decay=0.0
06/20 03:25:59 - mmengine - INFO - paramwise_options -- teacher.layers.2.ln2.bias:weight_decay=0.0
06/20 03:25:59 - mmengine - INFO - paramwise_options -- teacher.layers.2.ffn.layers.0.0.bias:weight_decay=0.0
06/20 03:25:59 - mmengine - INFO - paramwise_options -- teacher.layers.2.ffn.layers.1.bias:weight_decay=0.0
06/20 03:25:59 - mmengine - INFO - paramwise_options -- teacher.layers.3.gamma_1:weight_decay=0.0
06/20 03:25:59 - mmengine - INFO - paramwise_options -- teacher.layers.3.gamma_2:weight_decay=0.0
06/20 03:25:59 - mmengine - INFO - paramwise_options -- teacher.layers.3.ln1.weight:weight_decay=0.0
06/20 03:25:59 - mmengine - INFO - paramwise_options -- teacher.layers.3.ln1.bias:weight_decay=0.0
06/20 03:25:59 - mmengine - INFO - paramwise_options -- teacher.layers.3.attn.q_bias:weight_decay=0.0
06/20 03:25:59 - mmengine - INFO - paramwise_options -- teacher.layers.3.attn.v_bias:weight_decay=0.0
06/20 03:25:59 - mmengine - INFO - paramwise_options -- teacher.layers.3.attn.proj.bias:weight_decay=0.0
06/20 03:25:59 - mmengine - INFO - paramwise_options -- teacher.layers.3.ln2.weight:weight_decay=0.0
06/20 03:25:59 - mmengine - INFO - paramwise_options -- teacher.layers.3.ln2.bias:weight_decay=0.0
06/20 03:25:59 - mmengine - INFO - paramwise_options -- teacher.layers.3.ffn.layers.0.0.bias:weight_decay=0.0
06/20 03:25:59 - mmengine - INFO - paramwise_options -- teacher.layers.3.ffn.layers.1.bias:weight_decay=0.0
06/20 03:25:59 - mmengine - INFO - paramwise_options -- teacher.layers.4.gamma_1:weight_decay=0.0
06/20 03:25:59 - mmengine - INFO - paramwise_options -- teacher.layers.4.gamma_2:weight_decay=0.0
06/20 03:25:59 - mmengine - INFO - paramwise_options -- teacher.layers.4.ln1.weight:weight_decay=0.0
06/20 03:25:59 - mmengine - INFO - paramwise_options -- teacher.layers.4.ln1.bias:weight_decay=0.0
06/20 03:25:59 - mmengine - INFO - paramwise_options -- teacher.layers.4.attn.q_bias:weight_decay=0.0
06/20 03:25:59 - mmengine - INFO - paramwise_options -- teacher.layers.4.attn.v_bias:weight_decay=0.0
06/20 03:25:59 - mmengine - INFO - paramwise_options -- teacher.layers.4.attn.proj.bias:weight_decay=0.0
06/20 03:25:59 - mmengine - INFO - paramwise_options -- teacher.layers.4.ln2.weight:weight_decay=0.0
06/20 03:25:59 - mmengine - INFO - paramwise_options -- teacher.layers.4.ln2.bias:weight_decay=0.0
06/20 03:25:59 - mmengine - INFO - paramwise_options -- teacher.layers.4.ffn.layers.0.0.bias:weight_decay=0.0
06/20 03:25:59 - mmengine - INFO - paramwise_options -- teacher.layers.4.ffn.layers.1.bias:weight_decay=0.0
06/20 03:25:59 - mmengine - INFO - paramwise_options -- teacher.layers.5.gamma_1:weight_decay=0.0
06/20 03:25:59 - mmengine - INFO - paramwise_options -- teacher.layers.5.gamma_2:weight_decay=0.0
06/20 03:25:59 - mmengine - INFO - paramwise_options -- teacher.layers.5.ln1.weight:weight_decay=0.0
06/20 03:25:59 - mmengine - INFO - paramwise_options -- teacher.layers.5.ln1.bias:weight_decay=0.0
06/20 03:25:59 - mmengine - INFO - paramwise_options -- teacher.layers.5.attn.q_bias:weight_decay=0.0
06/20 03:25:59 - mmengine - INFO - paramwise_options -- teacher.layers.5.attn.v_bias:weight_decay=0.0
06/20 03:25:59 - mmengine - INFO - paramwise_options -- teacher.layers.5.attn.proj.bias:weight_decay=0.0
06/20 03:25:59 - mmengine - INFO - paramwise_options -- teacher.layers.5.ln2.weight:weight_decay=0.0
06/20 03:25:59 - mmengine - INFO - paramwise_options -- teacher.layers.5.ln2.bias:weight_decay=0.0
06/20 03:25:59 - mmengine - INFO - paramwise_options -- teacher.layers.5.ffn.layers.0.0.bias:weight_decay=0.0
06/20 03:25:59 - mmengine - INFO - paramwise_options -- teacher.layers.5.ffn.layers.1.bias:weight_decay=0.0
06/20 03:25:59 - mmengine - INFO - paramwise_options -- teacher.layers.6.gamma_1:weight_decay=0.0
06/20 03:25:59 - mmengine - INFO - paramwise_options -- teacher.layers.6.gamma_2:weight_decay=0.0
06/20 03:25:59 - mmengine - INFO - paramwise_options -- teacher.layers.6.ln1.weight:weight_decay=0.0
06/20 03:25:59 - mmengine - INFO - paramwise_options -- teacher.layers.6.ln1.bias:weight_decay=0.0
06/20 03:25:59 - mmengine - INFO - paramwise_options -- teacher.layers.6.attn.q_bias:weight_decay=0.0
06/20 03:25:59 - mmengine - INFO - paramwise_options -- teacher.layers.6.attn.v_bias:weight_decay=0.0
06/20 03:25:59 - mmengine - INFO - paramwise_options -- teacher.layers.6.attn.proj.bias:weight_decay=0.0
06/20 03:25:59 - mmengine - INFO - paramwise_options -- teacher.layers.6.ln2.weight:weight_decay=0.0
06/20 03:25:59 - mmengine - INFO - paramwise_options -- teacher.layers.6.ln2.bias:weight_decay=0.0
06/20 03:25:59 - mmengine - INFO - paramwise_options -- teacher.layers.6.ffn.layers.0.0.bias:weight_decay=0.0
06/20 03:25:59 - mmengine - INFO - paramwise_options -- teacher.layers.6.ffn.layers.1.bias:weight_decay=0.0
06/20 03:25:59 - mmengine - INFO - paramwise_options -- teacher.layers.7.gamma_1:weight_decay=0.0
06/20 03:25:59 - mmengine - INFO - paramwise_options -- teacher.layers.7.gamma_2:weight_decay=0.0
06/20 03:25:59 - mmengine - INFO - paramwise_options -- teacher.layers.7.ln1.weight:weight_decay=0.0
06/20 03:25:59 - mmengine - INFO - paramwise_options -- teacher.layers.7.ln1.bias:weight_decay=0.0
06/20 03:25:59 - mmengine - INFO - paramwise_options -- teacher.layers.7.attn.q_bias:weight_decay=0.0
06/20 03:25:59 - mmengine - INFO - paramwise_options -- teacher.layers.7.attn.v_bias:weight_decay=0.0
06/20 03:25:59 - mmengine - INFO - paramwise_options -- teacher.layers.7.attn.proj.bias:weight_decay=0.0
06/20 03:25:59 - mmengine - INFO - paramwise_options -- teacher.layers.7.ln2.weight:weight_decay=0.0
06/20 03:25:59 - mmengine - INFO - paramwise_options -- teacher.layers.7.ln2.bias:weight_decay=0.0
06/20 03:25:59 - mmengine - INFO - paramwise_options -- teacher.layers.7.ffn.layers.0.0.bias:weight_decay=0.0
06/20 03:25:59 - mmengine - INFO - paramwise_options -- teacher.layers.7.ffn.layers.1.bias:weight_decay=0.0
06/20 03:25:59 - mmengine - INFO - paramwise_options -- teacher.layers.8.gamma_1:weight_decay=0.0
06/20 03:25:59 - mmengine - INFO - paramwise_options -- teacher.layers.8.gamma_2:weight_decay=0.0
06/20 03:25:59 - mmengine - INFO - paramwise_options -- teacher.layers.8.ln1.weight:weight_decay=0.0
06/20 03:25:59 - mmengine - INFO - paramwise_options -- teacher.layers.8.ln1.bias:weight_decay=0.0
06/20 03:25:59 - mmengine - INFO - paramwise_options -- teacher.layers.8.attn.q_bias:weight_decay=0.0
06/20 03:25:59 - mmengine - INFO - paramwise_options -- teacher.layers.8.attn.v_bias:weight_decay=0.0
06/20 03:25:59 - mmengine - INFO - paramwise_options -- teacher.layers.8.attn.proj.bias:weight_decay=0.0
06/20 03:25:59 - mmengine - INFO - paramwise_options -- teacher.layers.8.ln2.weight:weight_decay=0.0
06/20 03:25:59 - mmengine - INFO - paramwise_options -- teacher.layers.8.ln2.bias:weight_decay=0.0
06/20 03:25:59 - mmengine - INFO - paramwise_options -- teacher.layers.8.ffn.layers.0.0.bias:weight_decay=0.0
06/20 03:25:59 - mmengine - INFO - paramwise_options -- teacher.layers.8.ffn.layers.1.bias:weight_decay=0.0
06/20 03:25:59 - mmengine - INFO - paramwise_options -- teacher.layers.9.gamma_1:weight_decay=0.0
06/20 03:25:59 - mmengine - INFO - paramwise_options -- teacher.layers.9.gamma_2:weight_decay=0.0
06/20 03:25:59 - mmengine - INFO - paramwise_options -- teacher.layers.9.ln1.weight:weight_decay=0.0
06/20 03:25:59 - mmengine - INFO - paramwise_options -- teacher.layers.9.ln1.bias:weight_decay=0.0
06/20 03:25:59 - mmengine - INFO - paramwise_options -- teacher.layers.9.attn.q_bias:weight_decay=0.0
06/20 03:25:59 - mmengine - INFO - paramwise_options -- teacher.layers.9.attn.v_bias:weight_decay=0.0
06/20 03:25:59 - mmengine - INFO - paramwise_options -- teacher.layers.9.attn.proj.bias:weight_decay=0.0
06/20 03:25:59 - mmengine - INFO - paramwise_options -- teacher.layers.9.ln2.weight:weight_decay=0.0
06/20 03:25:59 - mmengine - INFO - paramwise_options -- teacher.layers.9.ln2.bias:weight_decay=0.0
06/20 03:25:59 - mmengine - INFO - paramwise_options -- teacher.layers.9.ffn.layers.0.0.bias:weight_decay=0.0
06/20 03:25:59 - mmengine - INFO - paramwise_options -- teacher.layers.9.ffn.layers.1.bias:weight_decay=0.0
06/20 03:25:59 - mmengine - INFO - paramwise_options -- teacher.layers.10.gamma_1:weight_decay=0.0
06/20 03:25:59 - mmengine - INFO - paramwise_options -- teacher.layers.10.gamma_2:weight_decay=0.0
06/20 03:25:59 - mmengine - INFO - paramwise_options -- teacher.layers.10.ln1.weight:weight_decay=0.0
06/20 03:25:59 - mmengine - INFO - paramwise_options -- teacher.layers.10.ln1.bias:weight_decay=0.0
06/20 03:25:59 - mmengine - INFO - paramwise_options -- teacher.layers.10.attn.q_bias:weight_decay=0.0
06/20 03:25:59 - mmengine - INFO - paramwise_options -- teacher.layers.10.attn.v_bias:weight_decay=0.0
06/20 03:25:59 - mmengine - INFO - paramwise_options -- teacher.layers.10.attn.proj.bias:weight_decay=0.0
06/20 03:25:59 - mmengine - INFO - paramwise_options -- teacher.layers.10.ln2.weight:weight_decay=0.0
06/20 03:25:59 - mmengine - INFO - paramwise_options -- teacher.layers.10.ln2.bias:weight_decay=0.0
06/20 03:25:59 - mmengine - INFO - paramwise_options -- teacher.layers.10.ffn.layers.0.0.bias:weight_decay=0.0
06/20 03:25:59 - mmengine - INFO - paramwise_options -- teacher.layers.10.ffn.layers.1.bias:weight_decay=0.0
06/20 03:25:59 - mmengine - INFO - paramwise_options -- teacher.layers.11.gamma_1:weight_decay=0.0
06/20 03:25:59 - mmengine - INFO - paramwise_options -- teacher.layers.11.gamma_2:weight_decay=0.0
06/20 03:25:59 - mmengine - INFO - paramwise_options -- teacher.layers.11.ln1.weight:weight_decay=0.0
06/20 03:25:59 - mmengine - INFO - paramwise_options -- teacher.layers.11.ln1.bias:weight_decay=0.0
06/20 03:25:59 - mmengine - INFO - paramwise_options -- teacher.layers.11.attn.q_bias:weight_decay=0.0
06/20 03:25:59 - mmengine - INFO - paramwise_options -- teacher.layers.11.attn.v_bias:weight_decay=0.0
06/20 03:25:59 - mmengine - INFO - paramwise_options -- teacher.layers.11.attn.proj.bias:weight_decay=0.0
06/20 03:25:59 - mmengine - INFO - paramwise_options -- teacher.layers.11.ln2.weight:weight_decay=0.0
06/20 03:25:59 - mmengine - INFO - paramwise_options -- teacher.layers.11.ln2.bias:weight_decay=0.0
06/20 03:25:59 - mmengine - INFO - paramwise_options -- teacher.layers.11.ffn.layers.0.0.bias:weight_decay=0.0
06/20 03:25:59 - mmengine - INFO - paramwise_options -- teacher.layers.11.ffn.layers.1.bias:weight_decay=0.0
06/20 03:25:59 - mmengine - INFO - paramwise_options -- teacher.ln1.weight:weight_decay=0.0
06/20 03:25:59 - mmengine - INFO - paramwise_options -- teacher.ln1.bias:weight_decay=0.0
06/20 03:26:01 - mmengine - INFO - load model from: https://download.openmmlab.com/mmselfsup/1.x/target_generator_ckpt/dalle_encoder.pth
06/20 03:26:01 - mmengine - INFO - Loads checkpoint by http backend from path: https://download.openmmlab.com/mmselfsup/1.x/target_generator_ckpt/dalle_encoder.pth
06/20 03:26:03 - mmengine - WARNING - "FileClient" will be deprecated in future. Please use io functions in https://mmengine.readthedocs.io/en/latest/api/fileio.html#file-io
06/20 03:26:03 - mmengine - WARNING - "HardDiskBackend" is the alias of "LocalBackend" and the former will be deprecated in future.
06/20 03:26:03 - mmengine - INFO - Checkpoints will be saved to /data/bigc-data/zym/CAE/run_scripts/work_dirs/cae_beit-base-p16_8xb256-amp-coslr-300e_in1k.
TCAPPDLL 2025-06-20 03:26:06.745854 - Epoch: 0 Iteration: 0  rank : 0  train.loss : 13.081504821777344  train.ips : 17.620931578100947 imgs/s train.total_time : 2.8375344276428223 
TCAPPDLL 2025-06-20 03:26:08.149604 - Epoch: 0 Iteration: 1  rank : 0  train.loss : 13.076211929321289  train.ips : 35.622781912140574 imgs/s train.total_time : 1.4035961627960205 
TCAPPDLL 2025-06-20 03:26:09.557248 - Epoch: 0 Iteration: 2  rank : 0  train.loss : 13.067179679870605  train.ips : 35.52402008579352 imgs/s train.total_time : 1.4074983596801758 
TCAPPDLL 2025-06-20 03:26:10.969839 - Epoch: 0 Iteration: 3  rank : 0  train.loss : 13.039119720458984  train.ips : 35.39974420179194 imgs/s train.total_time : 1.4124395847320557 
TCAPPDLL 2025-06-20 03:26:12.395499 - Epoch: 0 Iteration: 4  rank : 0  train.loss : 13.04892635345459  train.ips : 35.0763000580883 imgs/s train.total_time : 1.4254639148712158 
TCAPPDLL 2025-06-20 03:26:13.810883 - Epoch: 0 Iteration: 5  rank : 0  train.loss : 13.04891300201416  train.ips : 35.33093947205891 imgs/s train.total_time : 1.4151902198791504 
TCAPPDLL 2025-06-20 03:26:15.223397 - Epoch: 0 Iteration: 6  rank : 0  train.loss : 13.060761451721191  train.ips : 35.4011604391924 imgs/s train.total_time : 1.4123830795288086 
TCAPPDLL 2025-06-20 03:26:16.631942 - Epoch: 0 Iteration: 7  rank : 0  train.loss : 13.048694610595703  train.ips : 35.500982088792746 imgs/s train.total_time : 1.4084117412567139 
TCAPPDLL 2025-06-20 03:26:18.047991 - Epoch: 0 Iteration: 8  rank : 0  train.loss : 13.007640838623047  train.ips : 35.31304420158734 imgs/s train.total_time : 1.415907382965088 
TCAPPDLL 2025-06-20 03:26:19.472429 - Epoch: 0 Iteration: 9  rank : 0  train.loss : 13.042941093444824  train.ips : 35.105435055718516 imgs/s train.total_time : 1.4242808818817139 
TCAPPDLL 2025-06-20 03:26:20.887878 - Epoch: 0 Iteration: 10  rank : 0  train.loss : 13.000757217407227  train.ips : 35.328439707972734 imgs/s train.total_time : 1.415290355682373 
TCAPPDLL 2025-06-20 03:26:22.296479 - Epoch: 0 Iteration: 11  rank : 0  train.loss : 13.039398193359375  train.ips : 35.49949175251013 imgs/s train.total_time : 1.408470869064331 
TCAPPDLL 2025-06-20 03:26:23.710186 - Epoch: 0 Iteration: 12  rank : 0  train.loss : 13.026830673217773  train.ips : 35.37147306025904 imgs/s train.total_time : 1.4135684967041016 
TCAPPDLL 2025-06-20 03:26:25.118526 - Epoch: 0 Iteration: 13  rank : 0  train.loss : 13.017949104309082  train.ips : 35.50606700018844 imgs/s train.total_time : 1.408210039138794 
TCAPPDLL 2025-06-20 03:26:26.533762 - Epoch: 0 Iteration: 14  rank : 0  train.loss : 12.997061729431152  train.ips : 35.33356460510738 imgs/s train.total_time : 1.4150850772857666 
TCAPPDLL 2025-06-20 03:26:27.974857 - Epoch: 0 Iteration: 15  rank : 0  train.loss : 13.025190353393555  train.ips : 34.702168753168806 imgs/s train.total_time : 1.4408321380615234 
TCAPPDLL 2025-06-20 03:26:29.406272 - Epoch: 0 Iteration: 16  rank : 0  train.loss : 12.996225357055664  train.ips : 34.93700383512862 imgs/s train.total_time : 1.4311473369598389 
TCAPPDLL 2025-06-20 03:26:30.840847 - Epoch: 0 Iteration: 17  rank : 0  train.loss : 13.024245262145996  train.ips : 34.85970194704834 imgs/s train.total_time : 1.4343209266662598 
TCAPPDLL 2025-06-20 03:26:32.268099 - Epoch: 0 Iteration: 18  rank : 0  train.loss : 13.011920928955078  train.ips : 35.03784464540412 imgs/s train.total_time : 1.4270284175872803 
TCAPPDLL 2025-06-20 03:26:33.698978 - Epoch: 0 Iteration: 19  rank : 0  train.loss : 13.023602485656738  train.ips : 34.94816481273174 imgs/s train.total_time : 1.4306902885437012 
TCAPPDLL 2025-06-20 03:26:35.122577 - Epoch: 0 Iteration: 20  rank : 0  train.loss : 13.021389961242676  train.ips : 35.12704449036145 imgs/s train.total_time : 1.4234046936035156 
TCAPPDLL 2025-06-20 03:26:36.540066 - Epoch: 0 Iteration: 21  rank : 0  train.loss : 13.023429870605469  train.ips : 35.27840584788455 imgs/s train.total_time : 1.417297601699829 
TCAPPDLL 2025-06-20 03:26:37.965104 - Epoch: 0 Iteration: 22  rank : 0  train.loss : 12.98562240600586  train.ips : 35.09216505809951 imgs/s train.total_time : 1.4248194694519043 
TCAPPDLL 2025-06-20 03:26:39.387525 - Epoch: 0 Iteration: 23  rank : 0  train.loss : 13.024574279785156  train.ips : 35.156641072520024 imgs/s train.total_time : 1.4222064018249512 
TCAPPDLL 2025-06-20 03:26:40.833925 - Epoch: 0 Iteration: 24  rank : 0  train.loss : 13.018787384033203  train.ips : 34.572985338127154 imgs/s train.total_time : 1.4462158679962158 
TCAPPDLL 2025-06-20 03:26:42.294720 - Epoch: 0 Iteration: 25  rank : 0  train.loss : 12.971334457397461  train.ips : 34.233191284864475 imgs/s train.total_time : 1.4605708122253418 
TCAPPDLL 2025-06-20 03:26:43.743503 - Epoch: 0 Iteration: 26  rank : 0  train.loss : 12.993831634521484  train.ips : 34.51850910600414 imgs/s train.total_time : 1.448498249053955 
TCAPPDLL 2025-06-20 03:26:45.171283 - Epoch: 0 Iteration: 27  rank : 0  train.loss : 12.980450630187988  train.ips : 35.025122900544716 imgs/s train.total_time : 1.427546739578247 
TCAPPDLL 2025-06-20 03:26:46.591685 - Epoch: 0 Iteration: 28  rank : 0  train.loss : 12.994599342346191  train.ips : 35.2060284736867 imgs/s train.total_time : 1.4202113151550293 
TCAPPDLL 2025-06-20 03:26:48.017112 - Epoch: 0 Iteration: 29  rank : 0  train.loss : 12.980559349060059  train.ips : 35.08229103377024 imgs/s train.total_time : 1.4252204895019531 
TCAPPDLL 2025-06-20 03:26:49.454872 - Epoch: 0 Iteration: 30  rank : 0  train.loss : 13.003690719604492  train.ips : 34.78082619123159 imgs/s train.total_time : 1.4375736713409424 
TCAPPDLL 2025-06-20 03:26:50.879869 - Epoch: 0 Iteration: 31  rank : 0  train.loss : 12.961986541748047  train.ips : 35.09272291258195 imgs/s train.total_time : 1.4247968196868896 
TCAPPDLL 2025-06-20 03:26:52.338906 - Epoch: 0 Iteration: 32  rank : 0  train.loss : 12.947952270507812  train.ips : 34.27374747684565 imgs/s train.total_time : 1.4588425159454346 
TCAPPDLL 2025-06-20 03:26:53.784195 - Epoch: 0 Iteration: 33  rank : 0  train.loss : 12.964818954467773  train.ips : 34.60094734058113 imgs/s train.total_time : 1.44504714012146 
TCAPPDLL 2025-06-20 03:26:55.213281 - Epoch: 0 Iteration: 34  rank : 0  train.loss : 12.969719886779785  train.ips : 34.992500601103224 imgs/s train.total_time : 1.428877592086792 
TCAPPDLL 2025-06-20 03:26:56.641623 - Epoch: 0 Iteration: 35  rank : 0  train.loss : 12.941475868225098  train.ips : 35.01160374411695 imgs/s train.total_time : 1.4280979633331299 
TCAPPDLL 2025-06-20 03:26:58.065214 - Epoch: 0 Iteration: 36  rank : 0  train.loss : 12.950733184814453  train.ips : 35.12836249708541 imgs/s train.total_time : 1.4233512878417969 
TCAPPDLL 2025-06-20 03:26:59.494079 - Epoch: 0 Iteration: 37  rank : 0  train.loss : 12.98475170135498  train.ips : 34.997253991058244 imgs/s train.total_time : 1.4286835193634033 
TCAPPDLL 2025-06-20 03:27:00.918036 - Epoch: 0 Iteration: 38  rank : 0  train.loss : 12.942108154296875  train.ips : 35.119103240000655 imgs/s train.total_time : 1.4237265586853027 
TCAPPDLL 2025-06-20 03:27:02.345022 - Epoch: 0 Iteration: 39  rank : 0  train.loss : 12.949552536010742  train.ips : 35.04429096851924 imgs/s train.total_time : 1.4267659187316895 
TCAPPDLL 2025-06-20 03:27:03.794469 - Epoch: 0 Iteration: 40  rank : 0  train.loss : 12.944746971130371  train.ips : 34.50080849754029 imgs/s train.total_time : 1.4492413997650146 
TCAPPDLL 2025-06-20 03:27:05.221613 - Epoch: 0 Iteration: 41  rank : 0  train.loss : 12.953084945678711  train.ips : 35.04209508802916 imgs/s train.total_time : 1.4268553256988525 
TCAPPDLL 2025-06-20 03:27:06.670814 - Epoch: 0 Iteration: 42  rank : 0  train.loss : 12.937211990356445  train.ips : 34.50721201112773 imgs/s train.total_time : 1.448972463607788 
TCAPPDLL 2025-06-20 03:27:08.091648 - Epoch: 0 Iteration: 43  rank : 0  train.loss : 12.90299129486084  train.ips : 35.19543462540054 imgs/s train.total_time : 1.4206387996673584 
TCAPPDLL 2025-06-20 03:27:09.518249 - Epoch: 0 Iteration: 44  rank : 0  train.loss : 12.956438064575195  train.ips : 35.05339363127506 imgs/s train.total_time : 1.4263954162597656 
TCAPPDLL 2025-06-20 03:27:10.938784 - Epoch: 0 Iteration: 45  rank : 0  train.loss : 12.924869537353516  train.ips : 35.203439984583454 imgs/s train.total_time : 1.4203157424926758 
TCAPPDLL 2025-06-20 03:27:12.365515 - Epoch: 0 Iteration: 46  rank : 0  train.loss : 12.91751480102539  train.ips : 35.05055806070978 imgs/s train.total_time : 1.4265108108520508 
TCAPPDLL 2025-06-20 03:27:13.789769 - Epoch: 0 Iteration: 47  rank : 0  train.loss : 12.903345108032227  train.ips : 35.11113618734761 imgs/s train.total_time : 1.4240496158599854 
TCAPPDLL 2025-06-20 03:27:15.208910 - Epoch: 0 Iteration: 48  rank : 0  train.loss : 12.943610191345215  train.ips : 35.23700756826654 imgs/s train.total_time : 1.4189627170562744 
TCAPPDLL 2025-06-20 03:27:16.626760 - Epoch: 0 Iteration: 49  rank : 0  train.loss : 12.90168285369873  train.ips : 35.2692927295529 imgs/s train.total_time : 1.417663812637329 
TCAPPDLL 2025-06-20 03:27:18.046594 - Epoch: 0 Iteration: 50  rank : 0  train.loss : 12.885698318481445  train.ips : 35.219911158881175 imgs/s train.total_time : 1.4196515083312988 
TCAPPDLL 2025-06-20 03:27:19.468268 - Epoch: 0 Iteration: 51  rank : 0  train.loss : 12.88049602508545  train.ips : 35.17571149754811 imgs/s train.total_time : 1.4214353561401367 
TCAPPDLL 2025-06-20 03:27:20.889202 - Epoch: 0 Iteration: 52  rank : 0  train.loss : 12.890774726867676  train.ips : 35.19345009596526 imgs/s train.total_time : 1.4207189083099365 
TCAPPDLL 2025-06-20 03:27:22.320812 - Epoch: 0 Iteration: 53  rank : 0  train.loss : 12.894152641296387  train.ips : 34.93064928155844 imgs/s train.total_time : 1.4314076900482178 
TCAPPDLL 2025-06-20 03:27:23.746759 - Epoch: 0 Iteration: 54  rank : 0  train.loss : 12.920736312866211  train.ips : 35.06907371011767 imgs/s train.total_time : 1.425757646560669 
TCAPPDLL 2025-06-20 03:27:25.162238 - Epoch: 0 Iteration: 55  rank : 0  train.loss : 12.896306037902832  train.ips : 35.32821950761388 imgs/s train.total_time : 1.4152991771697998 
TCAPPDLL 2025-06-20 03:27:26.591862 - Epoch: 0 Iteration: 56  rank : 0  train.loss : 12.878625869750977  train.ips : 34.97864489174502 imgs/s train.total_time : 1.429443597793579 
TCAPPDLL 2025-06-20 03:27:28.017955 - Epoch: 0 Iteration: 57  rank : 0  train.loss : 12.853523254394531  train.ips : 35.06543233698097 imgs/s train.total_time : 1.425905704498291 
TCAPPDLL 2025-06-20 03:27:29.451803 - Epoch: 0 Iteration: 58  rank : 0  train.loss : 12.838863372802734  train.ips : 34.87704197597633 imgs/s train.total_time : 1.433607816696167 
TCAPPDLL 2025-06-20 03:27:30.885329 - Epoch: 0 Iteration: 59  rank : 0  train.loss : 12.896788597106934  train.ips : 34.884253221694074 imgs/s train.total_time : 1.4333114624023438 
TCAPPDLL 2025-06-20 03:27:32.302127 - Epoch: 0 Iteration: 60  rank : 0  train.loss : 12.833847045898438  train.ips : 35.295422480157654 imgs/s train.total_time : 1.416614294052124 
TCAPPDLL 2025-06-20 03:27:33.721834 - Epoch: 0 Iteration: 61  rank : 0  train.loss : 12.87289810180664  train.ips : 35.22321789229934 imgs/s train.total_time : 1.419518232345581 
TCAPPDLL 2025-06-20 03:27:35.150627 - Epoch: 0 Iteration: 62  rank : 0  train.loss : 12.862678527832031  train.ips : 34.99893608943191 imgs/s train.total_time : 1.428614854812622 
TCAPPDLL 2025-06-20 03:27:36.586486 - Epoch: 0 Iteration: 63  rank : 0  train.loss : 12.824651718139648  train.ips : 34.82713243846656 imgs/s train.total_time : 1.4356622695922852 
TCAPPDLL 2025-06-20 03:27:38.014288 - Epoch: 0 Iteration: 64  rank : 0  train.loss : 12.852151870727539  train.ips : 35.02332130290672 imgs/s train.total_time : 1.4276201725006104 
TCAPPDLL 2025-06-20 03:27:39.439640 - Epoch: 0 Iteration: 65  rank : 0  train.loss : 12.85395622253418  train.ips : 35.083429609205275 imgs/s train.total_time : 1.4251742362976074 
TCAPPDLL 2025-06-20 03:27:40.884057 - Epoch: 0 Iteration: 66  rank : 0  train.loss : 12.833455085754395  train.ips : 34.62045965440489 imgs/s train.total_time : 1.444232702255249 
TCAPPDLL 2025-06-20 03:27:42.306819 - Epoch: 0 Iteration: 67  rank : 0  train.loss : 12.763755798339844  train.ips : 35.147567183635324 imgs/s train.total_time : 1.4225735664367676 
TCAPPDLL 2025-06-20 03:27:43.729567 - Epoch: 0 Iteration: 68  rank : 0  train.loss : 12.813566207885742  train.ips : 35.14783226330439 imgs/s train.total_time : 1.422562837600708 
TCAPPDLL 2025-06-20 03:27:45.172963 - Epoch: 0 Iteration: 69  rank : 0  train.loss : 12.791961669921875  train.ips : 34.64572236464615 imgs/s train.total_time : 1.4431796073913574 
TCAPPDLL 2025-06-20 03:27:46.601252 - Epoch: 0 Iteration: 70  rank : 0  train.loss : 12.793907165527344  train.ips : 35.01184924125623 imgs/s train.total_time : 1.4280879497528076 
TCAPPDLL 2025-06-20 03:27:48.030412 - Epoch: 0 Iteration: 71  rank : 0  train.loss : 12.7978515625  train.ips : 34.99033455810093 imgs/s train.total_time : 1.4289660453796387 
TCAPPDLL 2025-06-20 03:27:49.459322 - Epoch: 0 Iteration: 72  rank : 0  train.loss : 12.802058219909668  train.ips : 34.996313721799304 imgs/s train.total_time : 1.4287219047546387 
TCAPPDLL 2025-06-20 03:27:50.884610 - Epoch: 0 Iteration: 73  rank : 0  train.loss : 12.788352966308594  train.ips : 35.08520217783512 imgs/s train.total_time : 1.4251022338867188 
TCAPPDLL 2025-06-20 03:27:52.305105 - Epoch: 0 Iteration: 74  rank : 0  train.loss : 12.784857749938965  train.ips : 35.20348725951063 imgs/s train.total_time : 1.420313835144043 
TCAPPDLL 2025-06-20 03:27:53.734015 - Epoch: 0 Iteration: 75  rank : 0  train.loss : 12.750619888305664  train.ips : 34.996237801641286 imgs/s train.total_time : 1.428725004196167 
TCAPPDLL 2025-06-20 03:27:55.159694 - Epoch: 0 Iteration: 76  rank : 0  train.loss : 12.79232406616211  train.ips : 35.07531447164131 imgs/s train.total_time : 1.4255039691925049 
TCAPPDLL 2025-06-20 03:27:56.578994 - Epoch: 0 Iteration: 77  rank : 0  train.loss : 12.731109619140625  train.ips : 35.23299383643701 imgs/s train.total_time : 1.4191243648529053 
TCAPPDLL 2025-06-20 03:27:58.018527 - Epoch: 0 Iteration: 78  rank : 0  train.loss : 12.768780708312988  train.ips : 34.738003006101984 imgs/s train.total_time : 1.4393458366394043 
TCAPPDLL 2025-06-20 03:27:59.444603 - Epoch: 0 Iteration: 79  rank : 0  train.loss : 12.743013381958008  train.ips : 35.066124198319756 imgs/s train.total_time : 1.425877571105957 
TCAPPDLL 2025-06-20 03:28:00.869378 - Epoch: 0 Iteration: 80  rank : 0  train.loss : 12.785078048706055  train.ips : 35.0978207623792 imgs/s train.total_time : 1.4245898723602295 
TCAPPDLL 2025-06-20 03:28:02.299434 - Epoch: 0 Iteration: 81  rank : 0  train.loss : 12.761632919311523  train.ips : 34.96826905440782 imgs/s train.total_time : 1.4298677444458008 
TCAPPDLL 2025-06-20 03:28:03.731732 - Epoch: 0 Iteration: 82  rank : 0  train.loss : 12.732303619384766  train.ips : 34.91344772860116 imgs/s train.total_time : 1.4321129322052002 
TCAPPDLL 2025-06-20 03:28:05.157556 - Epoch: 0 Iteration: 83  rank : 0  train.loss : 12.732695579528809  train.ips : 35.07195333443709 imgs/s train.total_time : 1.42564058303833 
TCAPPDLL 2025-06-20 03:28:06.585072 - Epoch: 0 Iteration: 84  rank : 0  train.loss : 12.695917129516602  train.ips : 35.03114321871613 imgs/s train.total_time : 1.4273014068603516 
TCAPPDLL 2025-06-20 03:28:08.011670 - Epoch: 0 Iteration: 85  rank : 0  train.loss : 12.69900894165039  train.ips : 35.05331746325978 imgs/s train.total_time : 1.426398515701294 
TCAPPDLL 2025-06-20 03:28:09.445768 - Epoch: 0 Iteration: 86  rank : 0  train.loss : 12.687833786010742  train.ips : 34.869839508937886 imgs/s train.total_time : 1.4339039325714111 
TCAPPDLL 2025-06-20 03:28:10.898459 - Epoch: 0 Iteration: 87  rank : 0  train.loss : 12.679180145263672  train.ips : 34.4235240896319 imgs/s train.total_time : 1.4524950981140137 
TCAPPDLL 2025-06-20 03:28:12.323002 - Epoch: 0 Iteration: 88  rank : 0  train.loss : 12.70073127746582  train.ips : 35.10378383662407 imgs/s train.total_time : 1.4243478775024414 
TCAPPDLL 2025-06-20 03:28:13.756462 - Epoch: 0 Iteration: 89  rank : 0  train.loss : 12.684528350830078  train.ips : 34.88526291800645 imgs/s train.total_time : 1.43326997756958 
TCAPPDLL 2025-06-20 03:28:15.173271 - Epoch: 0 Iteration: 90  rank : 0  train.loss : 12.665306091308594  train.ips : 35.29535713720703 imgs/s train.total_time : 1.4166169166564941 
TCAPPDLL 2025-06-20 03:28:16.594231 - Epoch: 0 Iteration: 91  rank : 0  train.loss : 12.682528495788574  train.ips : 35.19249334923509 imgs/s train.total_time : 1.420757532119751 
TCAPPDLL 2025-06-20 03:28:18.012574 - Epoch: 0 Iteration: 92  rank : 0  train.loss : 12.667818069458008  train.ips : 35.25734483185298 imgs/s train.total_time : 1.4181442260742188 
TCAPPDLL 2025-06-20 03:28:19.435037 - Epoch: 0 Iteration: 93  rank : 0  train.loss : 12.6465482711792  train.ips : 35.15477288259811 imgs/s train.total_time : 1.4222819805145264 
TCAPPDLL 2025-06-20 03:28:20.865092 - Epoch: 0 Iteration: 94  rank : 0  train.loss : 12.621843338012695  train.ips : 34.96797169283572 imgs/s train.total_time : 1.429879903793335 
TCAPPDLL 2025-06-20 03:28:22.295970 - Epoch: 0 Iteration: 95  rank : 0  train.loss : 12.650671005249023  train.ips : 34.94806580558785 imgs/s train.total_time : 1.430694341659546 
TCAPPDLL 2025-06-20 03:28:23.718806 - Epoch: 0 Iteration: 96  rank : 0  train.loss : 12.628799438476562  train.ips : 35.1456292781926 imgs/s train.total_time : 1.422652006149292 
TCAPPDLL 2025-06-20 03:28:25.147802 - Epoch: 0 Iteration: 97  rank : 0  train.loss : 12.614058494567871  train.ips : 34.99400706403873 imgs/s train.total_time : 1.4288160800933838 
TCAPPDLL 2025-06-20 03:28:26.564497 - Epoch: 0 Iteration: 98  rank : 0  train.loss : 12.616508483886719  train.ips : 35.29798886738024 imgs/s train.total_time : 1.4165112972259521 
TCAPPDLL 2025-06-20 03:28:27.992100 - Epoch: 0 Iteration: 99  rank : 0  train.loss : 12.608086585998535  train.ips : 35.02879686223523 imgs/s train.total_time : 1.4273970127105713 
