# SDAA loss log | 2025-07-16 13:19:30.146461
1	4.701481
2	5.434320
3	16.792486
4	24.412895
5	6.132906
6	9.501268
7	6.329617
8	7.115026
9	10.756888
10	3.985705
11	8.574367
12	8.707213
13	10.083010
14	8.331336
15	8.602879
16	5.575334
17	6.950092
18	8.572853
19	5.126211
20	4.203671
21	3.551677
22	3.869339
23	3.431636
24	9.652610
25	5.944090
26	4.240874
27	3.678180
28	5.121557
29	4.779214
30	4.677404
31	4.510755
32	4.358803
33	4.297580
34	3.673875
35	3.118563
36	2.915849
37	6.342838
38	7.006456
39	3.925894
40	3.987003
41	5.428763
42	2.678163
43	11.684023
44	11.849185
45	3.875245
46	5.167003
47	3.675844
48	4.149763
49	4.249318
50	4.371374
51	3.553906
52	4.045522
53	5.279706
54	3.682355
55	3.020538
56	2.767887
57	4.344146
58	8.004685
59	2.534905
60	3.264520
61	3.162357
62	3.492405
63	2.973941
64	3.287778
65	3.222108
66	3.786487
67	2.744059
68	2.670183
69	2.910465
70	4.112309
71	4.331488
72	3.168240
73	5.087325
74	3.272215
75	3.423145
76	4.908020
77	4.118970
78	4.521125
79	3.826091
80	5.151567
81	3.610863
82	3.492137
83	3.388916
84	3.629087
85	3.842661
86	9.960239
87	6.002941
88	2.820900
89	3.346523
90	3.362993
91	2.782109
92	3.880171
93	3.806585
94	2.786247
95	3.053427
96	4.958409
97	4.158955
98	2.839838
99	4.584813
100	2.948271
