2025/07/24 11:36:13 - mmengine - INFO - 
------------------------------------------------------------
System environment:
    sys.platform: linux
    Python: 3.10.16 (main, Dec 11 2024, 16:24:50) [GCC 11.2.0]
    CUDA available: True
    MUSA available: False
    numpy_random_seed: 1249093093
    GPU 0: /dev/tcaicard4
    GPU 1: /dev/tcaicard5
    GPU 2: /dev/tcaicard6
    GPU 3: /dev/tcaicard7
    CUDA_HOME: None
    GCC: gcc (Ubuntu 11.4.0-1ubuntu1~22.04) 11.4.0
    PyTorch: 2.4.0a0+git4451b0e
    PyTorch compiling details: PyTorch built with:
  - GCC 11.5
  - C++ Version: 201703
  - Intel(R) oneAPI Math Kernel Library Version 2025.0-Product Build 20241009 for Intel(R) 64 architecture applications
  - Intel(R) MKL-DNN v3.4.2 (Git Hash 1137e04ec0b5251ca2b4400a4fd3c667ce843d67)
  - OpenMP 201511 (a.k.a. OpenMP 4.5)
  - LAPACK is enabled (usually provided by MKL)
  - NNPACK is enabled
  - CPU capability usage: AVX512
  - Build settings: BLAS_INFO=mkl, BUILD_TYPE=Release, CXX_COMPILER=/usr/bin/g++, CXX_FLAGS= -D_GLIBCXX_USE_CXX11_ABI=1 -fvisibility-inlines-hidden -DUSE_PTHREADPOOL -DNDEBUG -DUSE_KINETO -DLIBKINETO_NOCUPTI -DLIBKINETO_NOROCTRACER -DUSE_FBGEMM -DUSE_PYTORCH_QNNPACK -DUSE_XNNPACK -DSYMBOLICATE_MOBILE_DEBUG_HANDLE -O2 -fPIC -Wall -Wextra -Werror=return-type -Werror=non-virtual-dtor -Werror=range-loop-construct -Werror=bool-operation -Wnarrowing -Wno-missing-field-initializers -Wno-type-limits -Wno-array-bounds -Wno-unknown-pragmas -Wno-unused-parameter -Wno-unused-function -Wno-unused-result -Wno-strict-overflow -Wno-strict-aliasing -Wno-stringop-overflow -Wsuggest-override -Wno-psabi -Wno-error=pedantic -Wno-error=old-style-cast -Wno-missing-braces -fdiagnostics-color=always -faligned-new -Wno-unused-but-set-variable -Wno-maybe-uninitialized -fno-math-errno -fno-trapping-math -Werror=format -Wno-stringop-overflow, FORCE_FALLBACK_CUDA_MPI=1, LAPACK_INFO=mkl, PERF_WITH_AVX=1, PERF_WITH_AVX2=1, PERF_WITH_AVX512=1, TORCH_VERSION=2.4.0, USE_CUDA=OFF, USE_CUDNN=OFF, USE_CUSPARSELT=OFF, USE_EXCEPTION_PTR=1, USE_GFLAGS=OFF, USE_GLOG=OFF, USE_GLOO=ON, USE_MKL=ON, USE_MKLDNN=1, USE_MPI=ON, USE_NCCL=OFF, USE_NNPACK=ON, USE_OPENMP=ON, USE_ROCM=OFF, USE_ROCM_KERNEL_ASSERT=OFF, 

    TorchVision: 0.15.1a0+42759b1
    OpenCV: 4.12.0
    MMEngine: 0.10.4

Runtime environment:
    cudnn_benchmark: True
    mp_cfg: {'mp_start_method': 'fork', 'opencv_num_threads': 0}
    dist_cfg: {'backend': 'nccl'}
    seed: 1249093093
    Distributed launcher: pytorch
    Distributed training: True
    GPU number: 4
------------------------------------------------------------

2025/07/24 11:36:14 - mmengine - INFO - Config:
backbone_norm_cfg = dict(eps=1e-06, requires_grad=True, type='LN')
crop_size = (
    512,
    512,
)
data_preprocessor = dict(
    bgr_to_rgb=True,
    mean=[
        123.675,
        116.28,
        103.53,
    ],
    pad_val=0,
    seg_pad_val=255,
    size=(
        512,
        512,
    ),
    std=[
        58.395,
        57.12,
        57.375,
    ],
    type='SegDataPreProcessor')
data_root = '/data/suda-data/lf/ADEChallengeData2016'
dataset_type = 'ADE20KDataset'
default_hooks = dict(
    checkpoint=dict(by_epoch=False, interval=16000, type='CheckpointHook'),
    logger=dict(interval=50, log_metric_by_epoch=False, type='LoggerHook'),
    param_scheduler=dict(type='ParamSchedulerHook'),
    sampler_seed=dict(type='DistSamplerSeedHook'),
    timer=dict(type='IterTimerHook'),
    visualization=dict(type='SegVisualizationHook'))
default_scope = 'mmseg'
env_cfg = dict(
    cudnn_benchmark=True,
    dist_cfg=dict(backend='nccl'),
    mp_cfg=dict(mp_start_method='fork', opencv_num_threads=0))
img_ratios = [
    0.5,
    0.75,
    1.0,
    1.25,
    1.5,
    1.75,
]
launcher = 'pytorch'
load_from = None
log_level = 'INFO'
log_processor = dict(by_epoch=False)
model = dict(
    auxiliary_head=[
        dict(
            act_cfg=dict(type='ReLU'),
            align_corners=False,
            channels=256,
            concat_input=False,
            dropout_ratio=0,
            in_channels=256,
            in_index=0,
            kernel_size=1,
            loss_decode=dict(
                loss_weight=0.4, type='CrossEntropyLoss', use_sigmoid=False),
            norm_cfg=dict(requires_grad=True, type='SyncBN'),
            num_classes=150,
            num_convs=0,
            type='FCNHead'),
        dict(
            act_cfg=dict(type='ReLU'),
            align_corners=False,
            channels=256,
            concat_input=False,
            dropout_ratio=0,
            in_channels=256,
            in_index=1,
            kernel_size=1,
            loss_decode=dict(
                loss_weight=0.4, type='CrossEntropyLoss', use_sigmoid=False),
            norm_cfg=dict(requires_grad=True, type='SyncBN'),
            num_classes=150,
            num_convs=0,
            type='FCNHead'),
        dict(
            act_cfg=dict(type='ReLU'),
            align_corners=False,
            channels=256,
            concat_input=False,
            dropout_ratio=0,
            in_channels=256,
            in_index=2,
            kernel_size=1,
            loss_decode=dict(
                loss_weight=0.4, type='CrossEntropyLoss', use_sigmoid=False),
            norm_cfg=dict(requires_grad=True, type='SyncBN'),
            num_classes=150,
            num_convs=0,
            type='FCNHead'),
        dict(
            act_cfg=dict(type='ReLU'),
            align_corners=False,
            channels=256,
            concat_input=False,
            dropout_ratio=0,
            in_channels=256,
            in_index=3,
            kernel_size=1,
            loss_decode=dict(
                loss_weight=0.4, type='CrossEntropyLoss', use_sigmoid=False),
            norm_cfg=dict(requires_grad=True, type='SyncBN'),
            num_classes=150,
            num_convs=0,
            type='FCNHead'),
    ],
    backbone=dict(
        drop_rate=0.0,
        embed_dims=1024,
        img_size=(
            512,
            512,
        ),
        in_channels=3,
        init_cfg=dict(
            checkpoint='pretrain/vit_large_p16.pth', type='Pretrained'),
        interpolate_mode='bilinear',
        norm_cfg=dict(eps=1e-06, requires_grad=True, type='LN'),
        num_heads=16,
        num_layers=24,
        out_indices=(
            5,
            11,
            17,
            23,
        ),
        patch_size=16,
        type='VisionTransformer',
        with_cls_token=False),
    data_preprocessor=dict(
        bgr_to_rgb=True,
        mean=[
            123.675,
            116.28,
            103.53,
        ],
        pad_val=0,
        seg_pad_val=255,
        size=(
            512,
            512,
        ),
        std=[
            58.395,
            57.12,
            57.375,
        ],
        type='SegDataPreProcessor'),
    decode_head=dict(
        align_corners=False,
        channels=512,
        dropout_ratio=0,
        in_channels=(
            256,
            256,
            256,
            256,
        ),
        in_index=(
            0,
            1,
            2,
            3,
        ),
        loss_decode=dict(
            loss_weight=1.0, type='CrossEntropyLoss', use_sigmoid=False),
        mla_channels=128,
        norm_cfg=dict(requires_grad=True, type='SyncBN'),
        num_classes=150,
        type='SETRMLAHead'),
    neck=dict(
        act_cfg=dict(type='ReLU'),
        in_channels=[
            1024,
            1024,
            1024,
            1024,
        ],
        norm_cfg=dict(requires_grad=True, type='SyncBN'),
        out_channels=256,
        type='MLANeck'),
    pretrained=None,
    test_cfg=dict(crop_size=(
        512,
        512,
    ), mode='slide', stride=(
        341,
        341,
    )),
    train_cfg=dict(),
    type='EncoderDecoder')
norm_cfg = dict(requires_grad=True, type='SyncBN')
optim_wrapper = dict(
    clip_grad=None,
    loss_scale='dynamic',
    optimizer=dict(lr=0.001, momentum=0.9, type='SGD', weight_decay=0.0),
    paramwise_cfg=dict(custom_keys=dict(head=dict(lr_mult=10.0))),
    type='AmpOptimWrapper')
optimizer = dict(lr=0.001, momentum=0.9, type='SGD', weight_decay=0.0)
param_scheduler = [
    dict(
        begin=0,
        by_epoch=False,
        end=160000,
        eta_min=0.0001,
        power=0.9,
        type='PolyLR'),
]
resume = False
test_cfg = dict(type='TestLoop')
test_dataloader = dict(
    batch_size=1,
    dataset=dict(
        data_prefix=dict(
            img_path='images/validation',
            seg_map_path='annotations/validation'),
        data_root='/data/suda-data/lf/ADEChallengeData2016',
        pipeline=[
            dict(type='LoadImageFromFile'),
            dict(keep_ratio=True, scale=(
                2048,
                512,
            ), type='Resize'),
            dict(reduce_zero_label=True, type='LoadAnnotations'),
            dict(type='PackSegInputs'),
        ],
        type='ADE20KDataset'),
    num_workers=4,
    persistent_workers=True,
    sampler=dict(shuffle=False, type='DefaultSampler'))
test_evaluator = dict(
    iou_metrics=[
        'mIoU',
    ], type='IoUMetric')
test_pipeline = [
    dict(type='LoadImageFromFile'),
    dict(keep_ratio=True, scale=(
        2048,
        512,
    ), type='Resize'),
    dict(reduce_zero_label=True, type='LoadAnnotations'),
    dict(type='PackSegInputs'),
]
train_cfg = dict(
    max_iters=160000, type='IterBasedTrainLoop', val_interval=16000)
train_dataloader = dict(
    batch_size=2,
    dataset=dict(
        data_prefix=dict(
            img_path='images/training', seg_map_path='annotations/training'),
        data_root='/data/suda-data/lf/ADEChallengeData2016',
        pipeline=[
            dict(type='LoadImageFromFile'),
            dict(reduce_zero_label=True, type='LoadAnnotations'),
            dict(
                keep_ratio=True,
                ratio_range=(
                    0.5,
                    2.0,
                ),
                scale=(
                    2048,
                    512,
                ),
                type='RandomResize'),
            dict(
                cat_max_ratio=0.75, crop_size=(
                    512,
                    512,
                ), type='RandomCrop'),
            dict(prob=0.5, type='RandomFlip'),
            dict(type='PhotoMetricDistortion'),
            dict(type='PackSegInputs'),
        ],
        type='ADE20KDataset'),
    num_workers=4,
    persistent_workers=True,
    sampler=dict(shuffle=True, type='InfiniteSampler'))
train_pipeline = [
    dict(type='LoadImageFromFile'),
    dict(reduce_zero_label=True, type='LoadAnnotations'),
    dict(
        keep_ratio=True,
        ratio_range=(
            0.5,
            2.0,
        ),
        scale=(
            2048,
            512,
        ),
        type='RandomResize'),
    dict(cat_max_ratio=0.75, crop_size=(
        512,
        512,
    ), type='RandomCrop'),
    dict(prob=0.5, type='RandomFlip'),
    dict(type='PhotoMetricDistortion'),
    dict(type='PackSegInputs'),
]
tta_model = dict(type='SegTTAModel')
tta_pipeline = [
    dict(backend_args=None, type='LoadImageFromFile'),
    dict(
        transforms=[
            [
                dict(keep_ratio=True, scale_factor=0.5, type='Resize'),
                dict(keep_ratio=True, scale_factor=0.75, type='Resize'),
                dict(keep_ratio=True, scale_factor=1.0, type='Resize'),
                dict(keep_ratio=True, scale_factor=1.25, type='Resize'),
                dict(keep_ratio=True, scale_factor=1.5, type='Resize'),
                dict(keep_ratio=True, scale_factor=1.75, type='Resize'),
            ],
            [
                dict(direction='horizontal', prob=0.0, type='RandomFlip'),
                dict(direction='horizontal', prob=1.0, type='RandomFlip'),
            ],
            [
                dict(type='LoadAnnotations'),
            ],
            [
                dict(type='PackSegInputs'),
            ],
        ],
        type='TestTimeAug'),
]
val_cfg = dict(type='ValLoop')
val_dataloader = dict(
    batch_size=1,
    dataset=dict(
        data_prefix=dict(
            img_path='images/validation',
            seg_map_path='annotations/validation'),
        data_root='/data/suda-data/lf/ADEChallengeData2016',
        pipeline=[
            dict(type='LoadImageFromFile'),
            dict(keep_ratio=True, scale=(
                2048,
                512,
            ), type='Resize'),
            dict(reduce_zero_label=True, type='LoadAnnotations'),
            dict(type='PackSegInputs'),
        ],
        type='ADE20KDataset'),
    num_workers=4,
    persistent_workers=True,
    sampler=dict(shuffle=False, type='DefaultSampler'))
val_evaluator = dict(
    iou_metrics=[
        'mIoU',
    ], type='IoUMetric')
vis_backends = [
    dict(type='LocalVisBackend'),
]
visualizer = dict(
    name='visualizer',
    type='SegLocalVisualizer',
    vis_backends=[
        dict(type='LocalVisBackend'),
    ])
work_dir = './work_dirs/setr_vit-l_mla_8xb2-160k_ade20k-512x512'

2025/07/24 11:36:19 - mmengine - INFO - Hooks will be executed in the following order:
before_run:
(VERY_HIGH   ) RuntimeInfoHook                    
(BELOW_NORMAL) LoggerHook                         
 -------------------- 
before_train:
(VERY_HIGH   ) RuntimeInfoHook                    
(NORMAL      ) IterTimerHook                      
(VERY_LOW    ) CheckpointHook                     
 -------------------- 
before_train_epoch:
(VERY_HIGH   ) RuntimeInfoHook                    
(NORMAL      ) IterTimerHook                      
(NORMAL      ) DistSamplerSeedHook                
 -------------------- 
before_train_iter:
(VERY_HIGH   ) RuntimeInfoHook                    
(NORMAL      ) IterTimerHook                      
 -------------------- 
after_train_iter:
(VERY_HIGH   ) RuntimeInfoHook                    
(NORMAL      ) IterTimerHook                      
(BELOW_NORMAL) LoggerHook                         
(LOW         ) ParamSchedulerHook                 
(VERY_LOW    ) CheckpointHook                     
 -------------------- 
after_train_epoch:
(NORMAL      ) IterTimerHook                      
(LOW         ) ParamSchedulerHook                 
(VERY_LOW    ) CheckpointHook                     
 -------------------- 
before_val:
(VERY_HIGH   ) RuntimeInfoHook                    
 -------------------- 
before_val_epoch:
(NORMAL      ) IterTimerHook                      
 -------------------- 
before_val_iter:
(NORMAL      ) IterTimerHook                      
 -------------------- 
after_val_iter:
(NORMAL      ) IterTimerHook                      
(NORMAL      ) SegVisualizationHook               
(BELOW_NORMAL) LoggerHook                         
 -------------------- 
after_val_epoch:
(VERY_HIGH   ) RuntimeInfoHook                    
(NORMAL      ) IterTimerHook                      
(BELOW_NORMAL) LoggerHook                         
(LOW         ) ParamSchedulerHook                 
(VERY_LOW    ) CheckpointHook                     
 -------------------- 
after_val:
(VERY_HIGH   ) RuntimeInfoHook                    
 -------------------- 
after_train:
(VERY_HIGH   ) RuntimeInfoHook                    
(VERY_LOW    ) CheckpointHook                     
 -------------------- 
before_test:
(VERY_HIGH   ) RuntimeInfoHook                    
 -------------------- 
before_test_epoch:
(NORMAL      ) IterTimerHook                      
 -------------------- 
before_test_iter:
(NORMAL      ) IterTimerHook                      
 -------------------- 
after_test_iter:
(NORMAL      ) IterTimerHook                      
(NORMAL      ) SegVisualizationHook               
(BELOW_NORMAL) LoggerHook                         
 -------------------- 
after_test_epoch:
(VERY_HIGH   ) RuntimeInfoHook                    
(NORMAL      ) IterTimerHook                      
(BELOW_NORMAL) LoggerHook                         
 -------------------- 
after_test:
(VERY_HIGH   ) RuntimeInfoHook                    
 -------------------- 
after_run:
(BELOW_NORMAL) LoggerHook                         
 -------------------- 
2025/07/24 11:36:22 - mmengine - INFO - paramwise_options -- decode_head.conv_seg.weight:lr=0.01
2025/07/24 11:36:22 - mmengine - INFO - paramwise_options -- decode_head.conv_seg.weight:weight_decay=0.0
2025/07/24 11:36:22 - mmengine - INFO - paramwise_options -- decode_head.conv_seg.weight:lr_mult=10.0
2025/07/24 11:36:22 - mmengine - INFO - paramwise_options -- decode_head.conv_seg.bias:lr=0.01
2025/07/24 11:36:22 - mmengine - INFO - paramwise_options -- decode_head.conv_seg.bias:weight_decay=0.0
2025/07/24 11:36:22 - mmengine - INFO - paramwise_options -- decode_head.conv_seg.bias:lr_mult=10.0
2025/07/24 11:36:22 - mmengine - INFO - paramwise_options -- decode_head.up_convs.0.0.conv.weight:lr=0.01
2025/07/24 11:36:22 - mmengine - INFO - paramwise_options -- decode_head.up_convs.0.0.conv.weight:weight_decay=0.0
2025/07/24 11:36:22 - mmengine - INFO - paramwise_options -- decode_head.up_convs.0.0.conv.weight:lr_mult=10.0
2025/07/24 11:36:22 - mmengine - INFO - paramwise_options -- decode_head.up_convs.0.0.bn.weight:lr=0.01
2025/07/24 11:36:22 - mmengine - INFO - paramwise_options -- decode_head.up_convs.0.0.bn.weight:weight_decay=0.0
2025/07/24 11:36:22 - mmengine - INFO - paramwise_options -- decode_head.up_convs.0.0.bn.weight:lr_mult=10.0
2025/07/24 11:36:22 - mmengine - INFO - paramwise_options -- decode_head.up_convs.0.0.bn.bias:lr=0.01
2025/07/24 11:36:22 - mmengine - INFO - paramwise_options -- decode_head.up_convs.0.0.bn.bias:weight_decay=0.0
2025/07/24 11:36:22 - mmengine - INFO - paramwise_options -- decode_head.up_convs.0.0.bn.bias:lr_mult=10.0
2025/07/24 11:36:22 - mmengine - INFO - paramwise_options -- decode_head.up_convs.0.1.conv.weight:lr=0.01
2025/07/24 11:36:22 - mmengine - INFO - paramwise_options -- decode_head.up_convs.0.1.conv.weight:weight_decay=0.0
2025/07/24 11:36:22 - mmengine - INFO - paramwise_options -- decode_head.up_convs.0.1.conv.weight:lr_mult=10.0
2025/07/24 11:36:22 - mmengine - INFO - paramwise_options -- decode_head.up_convs.0.1.bn.weight:lr=0.01
2025/07/24 11:36:22 - mmengine - INFO - paramwise_options -- decode_head.up_convs.0.1.bn.weight:weight_decay=0.0
2025/07/24 11:36:22 - mmengine - INFO - paramwise_options -- decode_head.up_convs.0.1.bn.weight:lr_mult=10.0
2025/07/24 11:36:22 - mmengine - INFO - paramwise_options -- decode_head.up_convs.0.1.bn.bias:lr=0.01
2025/07/24 11:36:22 - mmengine - INFO - paramwise_options -- decode_head.up_convs.0.1.bn.bias:weight_decay=0.0
2025/07/24 11:36:22 - mmengine - INFO - paramwise_options -- decode_head.up_convs.0.1.bn.bias:lr_mult=10.0
2025/07/24 11:36:22 - mmengine - INFO - paramwise_options -- decode_head.up_convs.1.0.conv.weight:lr=0.01
2025/07/24 11:36:22 - mmengine - INFO - paramwise_options -- decode_head.up_convs.1.0.conv.weight:weight_decay=0.0
2025/07/24 11:36:22 - mmengine - INFO - paramwise_options -- decode_head.up_convs.1.0.conv.weight:lr_mult=10.0
2025/07/24 11:36:22 - mmengine - INFO - paramwise_options -- decode_head.up_convs.1.0.bn.weight:lr=0.01
2025/07/24 11:36:22 - mmengine - INFO - paramwise_options -- decode_head.up_convs.1.0.bn.weight:weight_decay=0.0
2025/07/24 11:36:22 - mmengine - INFO - paramwise_options -- decode_head.up_convs.1.0.bn.weight:lr_mult=10.0
2025/07/24 11:36:22 - mmengine - INFO - paramwise_options -- decode_head.up_convs.1.0.bn.bias:lr=0.01
2025/07/24 11:36:22 - mmengine - INFO - paramwise_options -- decode_head.up_convs.1.0.bn.bias:weight_decay=0.0
2025/07/24 11:36:22 - mmengine - INFO - paramwise_options -- decode_head.up_convs.1.0.bn.bias:lr_mult=10.0
2025/07/24 11:36:22 - mmengine - INFO - paramwise_options -- decode_head.up_convs.1.1.conv.weight:lr=0.01
2025/07/24 11:36:22 - mmengine - INFO - paramwise_options -- decode_head.up_convs.1.1.conv.weight:weight_decay=0.0
2025/07/24 11:36:22 - mmengine - INFO - paramwise_options -- decode_head.up_convs.1.1.conv.weight:lr_mult=10.0
2025/07/24 11:36:22 - mmengine - INFO - paramwise_options -- decode_head.up_convs.1.1.bn.weight:lr=0.01
2025/07/24 11:36:22 - mmengine - INFO - paramwise_options -- decode_head.up_convs.1.1.bn.weight:weight_decay=0.0
2025/07/24 11:36:22 - mmengine - INFO - paramwise_options -- decode_head.up_convs.1.1.bn.weight:lr_mult=10.0
2025/07/24 11:36:22 - mmengine - INFO - paramwise_options -- decode_head.up_convs.1.1.bn.bias:lr=0.01
2025/07/24 11:36:22 - mmengine - INFO - paramwise_options -- decode_head.up_convs.1.1.bn.bias:weight_decay=0.0
2025/07/24 11:36:22 - mmengine - INFO - paramwise_options -- decode_head.up_convs.1.1.bn.bias:lr_mult=10.0
2025/07/24 11:36:22 - mmengine - INFO - paramwise_options -- decode_head.up_convs.2.0.conv.weight:lr=0.01
2025/07/24 11:36:22 - mmengine - INFO - paramwise_options -- decode_head.up_convs.2.0.conv.weight:weight_decay=0.0
2025/07/24 11:36:22 - mmengine - INFO - paramwise_options -- decode_head.up_convs.2.0.conv.weight:lr_mult=10.0
2025/07/24 11:36:22 - mmengine - INFO - paramwise_options -- decode_head.up_convs.2.0.bn.weight:lr=0.01
2025/07/24 11:36:22 - mmengine - INFO - paramwise_options -- decode_head.up_convs.2.0.bn.weight:weight_decay=0.0
2025/07/24 11:36:22 - mmengine - INFO - paramwise_options -- decode_head.up_convs.2.0.bn.weight:lr_mult=10.0
2025/07/24 11:36:22 - mmengine - INFO - paramwise_options -- decode_head.up_convs.2.0.bn.bias:lr=0.01
2025/07/24 11:36:22 - mmengine - INFO - paramwise_options -- decode_head.up_convs.2.0.bn.bias:weight_decay=0.0
2025/07/24 11:36:22 - mmengine - INFO - paramwise_options -- decode_head.up_convs.2.0.bn.bias:lr_mult=10.0
2025/07/24 11:36:22 - mmengine - INFO - paramwise_options -- decode_head.up_convs.2.1.conv.weight:lr=0.01
2025/07/24 11:36:22 - mmengine - INFO - paramwise_options -- decode_head.up_convs.2.1.conv.weight:weight_decay=0.0
2025/07/24 11:36:22 - mmengine - INFO - paramwise_options -- decode_head.up_convs.2.1.conv.weight:lr_mult=10.0
2025/07/24 11:36:22 - mmengine - INFO - paramwise_options -- decode_head.up_convs.2.1.bn.weight:lr=0.01
2025/07/24 11:36:22 - mmengine - INFO - paramwise_options -- decode_head.up_convs.2.1.bn.weight:weight_decay=0.0
2025/07/24 11:36:22 - mmengine - INFO - paramwise_options -- decode_head.up_convs.2.1.bn.weight:lr_mult=10.0
2025/07/24 11:36:22 - mmengine - INFO - paramwise_options -- decode_head.up_convs.2.1.bn.bias:lr=0.01
2025/07/24 11:36:22 - mmengine - INFO - paramwise_options -- decode_head.up_convs.2.1.bn.bias:weight_decay=0.0
2025/07/24 11:36:22 - mmengine - INFO - paramwise_options -- decode_head.up_convs.2.1.bn.bias:lr_mult=10.0
2025/07/24 11:36:22 - mmengine - INFO - paramwise_options -- decode_head.up_convs.3.0.conv.weight:lr=0.01
2025/07/24 11:36:22 - mmengine - INFO - paramwise_options -- decode_head.up_convs.3.0.conv.weight:weight_decay=0.0
2025/07/24 11:36:22 - mmengine - INFO - paramwise_options -- decode_head.up_convs.3.0.conv.weight:lr_mult=10.0
2025/07/24 11:36:22 - mmengine - INFO - paramwise_options -- decode_head.up_convs.3.0.bn.weight:lr=0.01
2025/07/24 11:36:22 - mmengine - INFO - paramwise_options -- decode_head.up_convs.3.0.bn.weight:weight_decay=0.0
2025/07/24 11:36:22 - mmengine - INFO - paramwise_options -- decode_head.up_convs.3.0.bn.weight:lr_mult=10.0
2025/07/24 11:36:22 - mmengine - INFO - paramwise_options -- decode_head.up_convs.3.0.bn.bias:lr=0.01
2025/07/24 11:36:22 - mmengine - INFO - paramwise_options -- decode_head.up_convs.3.0.bn.bias:weight_decay=0.0
2025/07/24 11:36:22 - mmengine - INFO - paramwise_options -- decode_head.up_convs.3.0.bn.bias:lr_mult=10.0
2025/07/24 11:36:22 - mmengine - INFO - paramwise_options -- decode_head.up_convs.3.1.conv.weight:lr=0.01
2025/07/24 11:36:22 - mmengine - INFO - paramwise_options -- decode_head.up_convs.3.1.conv.weight:weight_decay=0.0
2025/07/24 11:36:22 - mmengine - INFO - paramwise_options -- decode_head.up_convs.3.1.conv.weight:lr_mult=10.0
2025/07/24 11:36:22 - mmengine - INFO - paramwise_options -- decode_head.up_convs.3.1.bn.weight:lr=0.01
2025/07/24 11:36:22 - mmengine - INFO - paramwise_options -- decode_head.up_convs.3.1.bn.weight:weight_decay=0.0
2025/07/24 11:36:22 - mmengine - INFO - paramwise_options -- decode_head.up_convs.3.1.bn.weight:lr_mult=10.0
2025/07/24 11:36:22 - mmengine - INFO - paramwise_options -- decode_head.up_convs.3.1.bn.bias:lr=0.01
2025/07/24 11:36:22 - mmengine - INFO - paramwise_options -- decode_head.up_convs.3.1.bn.bias:weight_decay=0.0
2025/07/24 11:36:22 - mmengine - INFO - paramwise_options -- decode_head.up_convs.3.1.bn.bias:lr_mult=10.0
2025/07/24 11:36:22 - mmengine - INFO - paramwise_options -- auxiliary_head.0.conv_seg.weight:lr=0.01
2025/07/24 11:36:22 - mmengine - INFO - paramwise_options -- auxiliary_head.0.conv_seg.weight:weight_decay=0.0
2025/07/24 11:36:22 - mmengine - INFO - paramwise_options -- auxiliary_head.0.conv_seg.weight:lr_mult=10.0
2025/07/24 11:36:22 - mmengine - INFO - paramwise_options -- auxiliary_head.0.conv_seg.bias:lr=0.01
2025/07/24 11:36:22 - mmengine - INFO - paramwise_options -- auxiliary_head.0.conv_seg.bias:weight_decay=0.0
2025/07/24 11:36:22 - mmengine - INFO - paramwise_options -- auxiliary_head.0.conv_seg.bias:lr_mult=10.0
2025/07/24 11:36:22 - mmengine - INFO - paramwise_options -- auxiliary_head.1.conv_seg.weight:lr=0.01
2025/07/24 11:36:22 - mmengine - INFO - paramwise_options -- auxiliary_head.1.conv_seg.weight:weight_decay=0.0
2025/07/24 11:36:22 - mmengine - INFO - paramwise_options -- auxiliary_head.1.conv_seg.weight:lr_mult=10.0
2025/07/24 11:36:22 - mmengine - INFO - paramwise_options -- auxiliary_head.1.conv_seg.bias:lr=0.01
2025/07/24 11:36:22 - mmengine - INFO - paramwise_options -- auxiliary_head.1.conv_seg.bias:weight_decay=0.0
2025/07/24 11:36:22 - mmengine - INFO - paramwise_options -- auxiliary_head.1.conv_seg.bias:lr_mult=10.0
2025/07/24 11:36:22 - mmengine - INFO - paramwise_options -- auxiliary_head.2.conv_seg.weight:lr=0.01
2025/07/24 11:36:22 - mmengine - INFO - paramwise_options -- auxiliary_head.2.conv_seg.weight:weight_decay=0.0
2025/07/24 11:36:22 - mmengine - INFO - paramwise_options -- auxiliary_head.2.conv_seg.weight:lr_mult=10.0
2025/07/24 11:36:22 - mmengine - INFO - paramwise_options -- auxiliary_head.2.conv_seg.bias:lr=0.01
2025/07/24 11:36:22 - mmengine - INFO - paramwise_options -- auxiliary_head.2.conv_seg.bias:weight_decay=0.0
2025/07/24 11:36:22 - mmengine - INFO - paramwise_options -- auxiliary_head.2.conv_seg.bias:lr_mult=10.0
2025/07/24 11:36:22 - mmengine - INFO - paramwise_options -- auxiliary_head.3.conv_seg.weight:lr=0.01
2025/07/24 11:36:22 - mmengine - INFO - paramwise_options -- auxiliary_head.3.conv_seg.weight:weight_decay=0.0
2025/07/24 11:36:22 - mmengine - INFO - paramwise_options -- auxiliary_head.3.conv_seg.weight:lr_mult=10.0
2025/07/24 11:36:22 - mmengine - INFO - paramwise_options -- auxiliary_head.3.conv_seg.bias:lr=0.01
2025/07/24 11:36:22 - mmengine - INFO - paramwise_options -- auxiliary_head.3.conv_seg.bias:weight_decay=0.0
2025/07/24 11:36:22 - mmengine - INFO - paramwise_options -- auxiliary_head.3.conv_seg.bias:lr_mult=10.0
2025/07/24 11:36:22 - mmengine - WARNING - The prefix is not set in metric class IoUMetric.
