Training with a single process on 1 device (cuda).
Model convnext_base created, param count:88591464
Data processing configuration for current model + dataset:
	input_size: (3, 224, 224)
	interpolation: bicubic
	mean: (0.485, 0.456, 0.406)
	std: (0.229, 0.224, 0.225)
	crop_pct: 0.875
	crop_mode: center
Created SGD (sgd) optimizer: lr: 0.4, momentum: 0.9, dampening: 0, weight_decay: 2e-05, nesterov: True, maximize: False, foreach: None, differentiable: False, fused: None
Using native Torch AMP. Training in mixed precision.
Scheduled epochs: 1 (epochs + cooldown_epochs). Warmup within epochs when warmup_prefix=False. LR stepped per epoch.
TCAPPDLL 2025-11-27 00:20:16.295562 - Epoch: 0 Iteration: 0  rank : 0  train.loss : 7.180951118469238  train.ips : 130816.49902534112 imgs/s train.total_time : 0.00012230873107910156
TCAPPDLL 2025-11-27 00:20:16.364811 - Epoch: 0 Iteration: 1  rank : 0  train.loss : 7.271222114562988  train.ips : 148143.1876379691 imgs/s train.total_time : 0.00010800361633300781
TCAPPDLL 2025-11-27 00:20:16.410835 - Epoch: 0 Iteration: 2  rank : 0  train.loss : 7.139052391052246  train.ips : 159403.47743467934 imgs/s train.total_time : 0.00010037422180175781
TCAPPDLL 2025-11-27 00:20:16.462252 - Epoch: 0 Iteration: 3  rank : 0  train.loss : 7.158054828643799  train.ips : 136677.93075356414 imgs/s train.total_time : 0.00011706352233886719
TCAPPDLL 2025-11-27 00:20:16.513425 - Epoch: 0 Iteration: 4  rank : 0  train.loss : 7.298232078552246  train.ips : 116711.06782608696 imgs/s train.total_time : 0.00013709068298339844
TCAPPDLL 2025-11-27 00:20:16.566349 - Epoch: 0 Iteration: 5  rank : 0  train.loss : 7.128641128540039  train.ips : 129055.5076923077 imgs/s train.total_time : 0.0001239776611328125
TCAPPDLL 2025-11-27 00:20:16.619902 - Epoch: 0 Iteration: 6  rank : 0  train.loss : 7.1900315284729  train.ips : 124506.24118738405 imgs/s train.total_time : 0.0001285076141357422
TCAPPDLL 2025-11-27 00:20:16.714836 - Epoch: 0 Iteration: 7  rank : 0  train.loss : 7.114194393157959  train.ips : 102770.08269525268 imgs/s train.total_time : 0.0001556873321533203
TCAPPDLL 2025-11-27 00:20:16.769982 - Epoch: 0 Iteration: 8  rank : 0  train.loss : 7.200873374938965  train.ips : 110376.42105263157 imgs/s train.total_time : 0.00014495849609375
TCAPPDLL 2025-11-27 00:20:17.535420 - Epoch: 0 Iteration: 9  rank : 0  train.loss : 6.989072799682617  train.ips : 49747.119347664935 imgs/s train.total_time : 0.0003216266632080078
TCAPPDLL 2025-11-27 00:20:17.612791 - Epoch: 0 Iteration: 10  rank : 0  train.loss : 6.716343879699707  train.ips : 90321.48586810229 imgs/s train.total_time : 0.00017714500427246094
TCAPPDLL 2025-11-27 00:20:17.701610 - Epoch: 0 Iteration: 11  rank : 0  train.loss : 7.234006881713867  train.ips : 86037.00512820513 imgs/s train.total_time : 0.00018596649169921875
TCAPPDLL 2025-11-27 00:20:17.756749 - Epoch: 0 Iteration: 12  rank : 0  train.loss : 7.186946868896484  train.ips : 122016.11636363636 imgs/s train.total_time : 0.00013113021850585938
TCAPPDLL 2025-11-27 00:20:18.620517 - Epoch: 0 Iteration: 13  rank : 0  train.loss : 7.142368316650391  train.ips : 112034.83138564274 imgs/s train.total_time : 0.00014281272888183594
TCAPPDLL 2025-11-27 00:20:18.672311 - Epoch: 0 Iteration: 14  rank : 0  train.loss : 7.130746841430664  train.ips : 126144.48120300751 imgs/s train.total_time : 0.00012683868408203125
TCAPPDLL 2025-11-27 00:20:18.730664 - Epoch: 0 Iteration: 15  rank : 0  train.loss : 6.913191318511963  train.ips : 128070.35114503816 imgs/s train.total_time : 0.00012493133544921875
TCAPPDLL 2025-11-27 00:20:18.781594 - Epoch: 0 Iteration: 16  rank : 0  train.loss : 7.043820381164551  train.ips : 134217.728 imgs/s train.total_time : 0.00011920928955078125
TCAPPDLL 2025-11-27 00:20:19.651623 - Epoch: 0 Iteration: 17  rank : 0  train.loss : 7.099766731262207  train.ips : 75915.00452488688 imgs/s train.total_time : 0.00021076202392578125
TCAPPDLL 2025-11-27 00:20:19.726925 - Epoch: 0 Iteration: 18  rank : 0  train.loss : 7.118953227996826  train.ips : 100915.58496240602 imgs/s train.total_time : 0.00015854835510253906
TCAPPDLL 2025-11-27 00:20:19.955672 - Epoch: 0 Iteration: 19  rank : 0  train.loss : 7.294332981109619  train.ips : 83468.73631840796 imgs/s train.total_time : 0.00019168853759765625
TCAPPDLL 2025-11-27 00:20:20.023740 - Epoch: 0 Iteration: 20  rank : 0  train.loss : 7.046246528625488  train.ips : 139519.46777546778 imgs/s train.total_time : 0.00011467933654785156
TCAPPDLL 2025-11-27 00:20:20.974112 - Epoch: 0 Iteration: 21  rank : 0  train.loss : 7.151635646820068  train.ips : 92056.05486968449 imgs/s train.total_time : 0.00017380714416503906
TCAPPDLL 2025-11-27 00:20:21.028544 - Epoch: 0 Iteration: 22  rank : 0  train.loss : 6.9833598136901855  train.ips : 122910.00732600733 imgs/s train.total_time : 0.00013017654418945312
TCAPPDLL 2025-11-27 00:20:21.118563 - Epoch: 0 Iteration: 23  rank : 0  train.loss : 7.056735992431641  train.ips : 101372.90634441088 imgs/s train.total_time : 0.00015783309936523438
TCAPPDLL 2025-11-27 00:20:21.171794 - Epoch: 0 Iteration: 24  rank : 0  train.loss : 7.207884311676025  train.ips : 109834.47463175123 imgs/s train.total_time : 0.0001456737518310547
TCAPPDLL 2025-11-27 00:20:21.997830 - Epoch: 0 Iteration: 25  rank : 0  train.loss : 7.220844745635986  train.ips : 80177.85424133811 imgs/s train.total_time : 0.0001995563507080078
TCAPPDLL 2025-11-27 00:20:22.272635 - Epoch: 0 Iteration: 26  rank : 0  train.loss : 7.065603733062744  train.ips : 105683.25039370079 imgs/s train.total_time : 0.0001513957977294922
TCAPPDLL 2025-11-27 00:20:22.326347 - Epoch: 0 Iteration: 27  rank : 0  train.loss : 7.1317243576049805  train.ips : 113743.83728813559 imgs/s train.total_time : 0.00014066696166992188
TCAPPDLL 2025-11-27 00:20:22.377569 - Epoch: 0 Iteration: 28  rank : 0  train.loss : 6.908971786499023  train.ips : 126144.48120300751 imgs/s train.total_time : 0.00012683868408203125
TCAPPDLL 2025-11-27 00:20:23.062962 - Epoch: 0 Iteration: 29  rank : 0  train.loss : 7.104422092437744  train.ips : 120482.70017953322 imgs/s train.total_time : 0.0001327991485595703
TCAPPDLL 2025-11-27 00:20:23.567953 - Epoch: 0 Iteration: 30  rank : 0  train.loss : 7.300926208496094  train.ips : 75318.59034792369 imgs/s train.total_time : 0.0002124309539794922
TCAPPDLL 2025-11-27 00:20:23.629792 - Epoch: 0 Iteration: 31  rank : 0  train.loss : 7.232678413391113  train.ips : 50840.048484848485 imgs/s train.total_time : 0.0003147125244140625
TCAPPDLL 2025-11-27 00:20:23.682108 - Epoch: 0 Iteration: 32  rank : 0  train.loss : 7.015478134155273  train.ips : 190650.18181818182 imgs/s train.total_time : 8.392333984375e-05
TCAPPDLL 2025-11-27 00:20:24.365936 - Epoch: 0 Iteration: 33  rank : 0  train.loss : 7.132049560546875  train.ips : 105849.94321766561 imgs/s train.total_time : 0.00015115737915039062
TCAPPDLL 2025-11-27 00:20:24.511895 - Epoch: 0 Iteration: 34  rank : 0  train.loss : 7.3689351081848145  train.ips : 81147.35671100362 imgs/s train.total_time : 0.0001971721649169922
TCAPPDLL 2025-11-27 00:20:24.579903 - Epoch: 0 Iteration: 35  rank : 0  train.loss : 7.099254608154297  train.ips : 108240.10322580645 imgs/s train.total_time : 0.00014781951904296875
TCAPPDLL 2025-11-27 00:20:24.647746 - Epoch: 0 Iteration: 36  rank : 0  train.loss : 7.0492448806762695  train.ips : 114520.2457337884 imgs/s train.total_time : 0.00013971328735351562
TCAPPDLL 2025-11-27 00:20:25.179221 - Epoch: 0 Iteration: 37  rank : 0  train.loss : 7.362544059753418  train.ips : 80273.76076555024 imgs/s train.total_time : 0.00019931793212890625
TCAPPDLL 2025-11-27 00:20:25.460778 - Epoch: 0 Iteration: 38  rank : 0  train.loss : 7.287580490112305  train.ips : 78951.60470588235 imgs/s train.total_time : 0.00020265579223632812
TCAPPDLL 2025-11-27 00:20:25.535160 - Epoch: 0 Iteration: 39  rank : 0  train.loss : 7.067243576049805  train.ips : 107892.06430868167 imgs/s train.total_time : 0.00014829635620117188
TCAPPDLL 2025-11-27 00:20:25.602583 - Epoch: 0 Iteration: 40  rank : 0  train.loss : 7.0889387130737305  train.ips : 108240.10322580645 imgs/s train.total_time : 0.00014781951904296875
TCAPPDLL 2025-11-27 00:20:26.211893 - Epoch: 0 Iteration: 41  rank : 0  train.loss : 6.940252304077148  train.ips : 108766.39222042139 imgs/s train.total_time : 0.00014710426330566406
TCAPPDLL 2025-11-27 00:20:26.605213 - Epoch: 0 Iteration: 42  rank : 0  train.loss : 7.144039154052734  train.ips : 63731.11490978158 imgs/s train.total_time : 0.0002510547637939453
TCAPPDLL 2025-11-27 00:20:26.690470 - Epoch: 0 Iteration: 43  rank : 0  train.loss : 7.215694904327393  train.ips : 106522.00634920635 imgs/s train.total_time : 0.00015020370483398438
TCAPPDLL 2025-11-27 00:20:26.757921 - Epoch: 0 Iteration: 44  rank : 0  train.loss : 7.159237861633301  train.ips : 113359.56756756757 imgs/s train.total_time : 0.000141143798828125
TCAPPDLL 2025-11-27 00:20:27.706357 - Epoch: 0 Iteration: 45  rank : 0  train.loss : 6.915027141571045  train.ips : 94254.02247191011 imgs/s train.total_time : 0.0001697540283203125
TCAPPDLL 2025-11-27 00:20:27.759898 - Epoch: 0 Iteration: 46  rank : 0  train.loss : 6.657788276672363  train.ips : 106017.16271721959 imgs/s train.total_time : 0.00015091896057128906
TCAPPDLL 2025-11-27 00:20:27.811205 - Epoch: 0 Iteration: 47  rank : 0  train.loss : 7.3644938468933105  train.ips : 136123.45638945233 imgs/s train.total_time : 0.00011754035949707031
TCAPPDLL 2025-11-27 00:20:27.864439 - Epoch: 0 Iteration: 48  rank : 0  train.loss : 7.214767932891846  train.ips : 131072.0 imgs/s train.total_time : 0.0001220703125
TCAPPDLL 2025-11-27 00:20:28.895629 - Epoch: 0 Iteration: 49  rank : 0  train.loss : 7.105837345123291  train.ips : 100612.98950524737 imgs/s train.total_time : 0.0001590251922607422
TCAPPDLL 2025-11-27 00:20:28.948296 - Epoch: 0 Iteration: 50  rank : 0  train.loss : 7.256518363952637  train.ips : 130308.47378640776 imgs/s train.total_time : 0.0001227855682373047
TCAPPDLL 2025-11-27 00:20:28.999931 - Epoch: 0 Iteration: 51  rank : 0  train.loss : 6.97068452835083  train.ips : 134217.728 imgs/s train.total_time : 0.00011920928955078125
TCAPPDLL 2025-11-27 00:20:29.050238 - Epoch: 0 Iteration: 52  rank : 0  train.loss : 7.209921836853027  train.ips : 126859.85633270322 imgs/s train.total_time : 0.00012612342834472656
TCAPPDLL 2025-11-27 00:20:29.744388 - Epoch: 0 Iteration: 53  rank : 0  train.loss : 7.125826835632324  train.ips : 75318.59034792369 imgs/s train.total_time : 0.0002124309539794922
TCAPPDLL 2025-11-27 00:20:29.819452 - Epoch: 0 Iteration: 54  rank : 0  train.loss : 7.015759468078613  train.ips : 58355.53391304348 imgs/s train.total_time : 0.0002741813659667969
TCAPPDLL 2025-11-27 00:20:29.879557 - Epoch: 0 Iteration: 55  rank : 0  train.loss : 7.026737689971924  train.ips : 79044.59835100117 imgs/s train.total_time : 0.00020241737365722656
TCAPPDLL 2025-11-27 00:20:29.934376 - Epoch: 0 Iteration: 56  rank : 0  train.loss : 6.906723499298096  train.ips : 115704.93793103448 imgs/s train.total_time : 0.00013828277587890625
TCAPPDLL 2025-11-27 00:20:30.626679 - Epoch: 0 Iteration: 57  rank : 0  train.loss : 7.091655731201172  train.ips : 68829.6041025641 imgs/s train.total_time : 0.00023245811462402344
TCAPPDLL 2025-11-27 00:20:30.679066 - Epoch: 0 Iteration: 58  rank : 0  train.loss : 7.100736618041992  train.ips : 125907.81238273921 imgs/s train.total_time : 0.0001270771026611328
TCAPPDLL 2025-11-27 00:20:30.737069 - Epoch: 0 Iteration: 59  rank : 0  train.loss : 7.006313800811768  train.ips : 125907.81238273921 imgs/s train.total_time : 0.0001270771026611328
TCAPPDLL 2025-11-27 00:20:30.791952 - Epoch: 0 Iteration: 60  rank : 0  train.loss : 6.874628067016602  train.ips : 131072.0 imgs/s train.total_time : 0.0001220703125
TCAPPDLL 2025-11-27 00:20:31.423225 - Epoch: 0 Iteration: 61  rank : 0  train.loss : 6.826170921325684  train.ips : 85816.96163682865 imgs/s train.total_time : 0.00018644332885742188
TCAPPDLL 2025-11-27 00:20:31.491720 - Epoch: 0 Iteration: 62  rank : 0  train.loss : 7.042013645172119  train.ips : 106691.35771065184 imgs/s train.total_time : 0.0001499652862548828
TCAPPDLL 2025-11-27 00:20:31.561297 - Epoch: 0 Iteration: 63  rank : 0  train.loss : 7.17044734954834  train.ips : 111848.10666666667 imgs/s train.total_time : 0.0001430511474609375
TCAPPDLL 2025-11-27 00:20:31.615240 - Epoch: 0 Iteration: 64  rank : 0  train.loss : 6.951077938079834  train.ips : 142179.7966101695 imgs/s train.total_time : 0.0001125335693359375
TCAPPDLL 2025-11-27 00:20:32.460709 - Epoch: 0 Iteration: 65  rank : 0  train.loss : 6.879964351654053  train.ips : 71165.28525980913 imgs/s train.total_time : 0.00022482872009277344
TCAPPDLL 2025-11-27 00:20:32.533156 - Epoch: 0 Iteration: 66  rank : 0  train.loss : 6.960745811462402  train.ips : 127583.39163498099 imgs/s train.total_time : 0.00012540817260742188
TCAPPDLL 2025-11-27 00:20:32.601656 - Epoch: 0 Iteration: 67  rank : 0  train.loss : 7.0448102951049805  train.ips : 115307.3264604811 imgs/s train.total_time : 0.00013875961303710938
TCAPPDLL 2025-11-27 00:20:32.662304 - Epoch: 0 Iteration: 68  rank : 0  train.loss : 7.1119537353515625  train.ips : 95869.80571428571 imgs/s train.total_time : 0.00016689300537109375
TCAPPDLL 2025-11-27 00:20:33.555443 - Epoch: 0 Iteration: 69  rank : 0  train.loss : 7.064867973327637  train.ips : 125907.81238273921 imgs/s train.total_time : 0.0001270771026611328
TCAPPDLL 2025-11-27 00:20:33.613712 - Epoch: 0 Iteration: 70  rank : 0  train.loss : 6.920690536499023  train.ips : 126859.85633270322 imgs/s train.total_time : 0.00012612342834472656
TCAPPDLL 2025-11-27 00:20:33.677358 - Epoch: 0 Iteration: 71  rank : 0  train.loss : 7.131822109222412  train.ips : 125672.02996254682 imgs/s train.total_time : 0.00012731552124023438
TCAPPDLL 2025-11-27 00:20:33.732361 - Epoch: 0 Iteration: 72  rank : 0  train.loss : 6.991771221160889  train.ips : 127826.40761904762 imgs/s train.total_time : 0.0001251697540283203
TCAPPDLL 2025-11-27 00:20:34.459717 - Epoch: 0 Iteration: 73  rank : 0  train.loss : 7.2505083084106445  train.ips : 92056.05486968449 imgs/s train.total_time : 0.00017380714416503906
TCAPPDLL 2025-11-27 00:20:34.531212 - Epoch: 0 Iteration: 74  rank : 0  train.loss : 7.213808059692383  train.ips : 115704.93793103448 imgs/s train.total_time : 0.00013828277587890625
TCAPPDLL 2025-11-27 00:20:34.595745 - Epoch: 0 Iteration: 75  rank : 0  train.loss : 7.1783881187438965  train.ips : 92309.30398899587 imgs/s train.total_time : 0.00017333030700683594
TCAPPDLL 2025-11-27 00:20:34.659871 - Epoch: 0 Iteration: 76  rank : 0  train.loss : 7.0988569259643555  train.ips : 100915.58496240602 imgs/s train.total_time : 0.00015854835510253906
TCAPPDLL 2025-11-27 00:20:35.392136 - Epoch: 0 Iteration: 77  rank : 0  train.loss : 7.03153657913208  train.ips : 104368.3732503888 imgs/s train.total_time : 0.0001533031463623047
TCAPPDLL 2025-11-27 00:20:35.456021 - Epoch: 0 Iteration: 78  rank : 0  train.loss : 7.276150226593018  train.ips : 95596.67236467237 imgs/s train.total_time : 0.00016736984252929688
TCAPPDLL 2025-11-27 00:20:35.517562 - Epoch: 0 Iteration: 79  rank : 0  train.loss : 7.47340202331543  train.ips : 119410.79003558718 imgs/s train.total_time : 0.00013399124145507812
TCAPPDLL 2025-11-27 00:20:35.580852 - Epoch: 0 Iteration: 80  rank : 0  train.loss : 7.149937629699707  train.ips : 95869.80571428571 imgs/s train.total_time : 0.00016689300537109375
TCAPPDLL 2025-11-27 00:20:36.221296 - Epoch: 0 Iteration: 81  rank : 0  train.loss : 7.045169830322266  train.ips : 109120.10406504065 imgs/s train.total_time : 0.00014662742614746094
TCAPPDLL 2025-11-27 00:20:36.274528 - Epoch: 0 Iteration: 82  rank : 0  train.loss : 6.911675453186035  train.ips : 76087.14739229025 imgs/s train.total_time : 0.00021028518676757812
TCAPPDLL 2025-11-27 00:20:36.335742 - Epoch: 0 Iteration: 83  rank : 0  train.loss : 7.028526782989502  train.ips : 120482.70017953322 imgs/s train.total_time : 0.0001327991485595703
TCAPPDLL 2025-11-27 00:20:36.394720 - Epoch: 0 Iteration: 84  rank : 0  train.loss : 7.438797950744629  train.ips : 74565.40444444444 imgs/s train.total_time : 0.00021457672119140625
TCAPPDLL 2025-11-27 00:20:37.126590 - Epoch: 0 Iteration: 85  rank : 0  train.loss : 7.159897804260254  train.ips : 119410.79003558718 imgs/s train.total_time : 0.00013399124145507812
TCAPPDLL 2025-11-27 00:20:37.185862 - Epoch: 0 Iteration: 86  rank : 0  train.loss : 7.219944477081299  train.ips : 118357.78483245149 imgs/s train.total_time : 0.00013518333435058594
TCAPPDLL 2025-11-27 00:20:37.245607 - Epoch: 0 Iteration: 87  rank : 0  train.loss : 7.115278244018555  train.ips : 68200.06504065041 imgs/s train.total_time : 0.0002346038818359375
TCAPPDLL 2025-11-27 00:20:37.308148 - Epoch: 0 Iteration: 88  rank : 0  train.loss : 7.162646293640137  train.ips : 89597.94926568758 imgs/s train.total_time : 0.0001785755157470703
TCAPPDLL 2025-11-27 00:20:37.827996 - Epoch: 0 Iteration: 89  rank : 0  train.loss : 7.002823829650879  train.ips : 113359.56756756757 imgs/s train.total_time : 0.000141143798828125
TCAPPDLL 2025-11-27 00:20:37.887215 - Epoch: 0 Iteration: 90  rank : 0  train.loss : 6.999327659606934  train.ips : 123817.0922509225 imgs/s train.total_time : 0.00012922286987304688
TCAPPDLL 2025-11-27 00:20:37.949435 - Epoch: 0 Iteration: 91  rank : 0  train.loss : 7.150876045227051  train.ips : 85271.7458703939 imgs/s train.total_time : 0.0001876354217529297
TCAPPDLL 2025-11-27 00:20:38.006831 - Epoch: 0 Iteration: 92  rank : 0  train.loss : 7.111325740814209  train.ips : 114716.00683760684 imgs/s train.total_time : 0.00013947486877441406
TCAPPDLL 2025-11-27 00:20:38.645580 - Epoch: 0 Iteration: 93  rank : 0  train.loss : 7.193799018859863  train.ips : 66576.25396825396 imgs/s train.total_time : 0.000240325927734375
TCAPPDLL 2025-11-27 00:20:38.700696 - Epoch: 0 Iteration: 94  rank : 0  train.loss : 6.862617492675781  train.ips : 108590.39482200648 imgs/s train.total_time : 0.00014734268188476562
TCAPPDLL 2025-11-27 00:20:38.756553 - Epoch: 0 Iteration: 95  rank : 0  train.loss : 6.931324005126953  train.ips : 110923.74214876033 imgs/s train.total_time : 0.0001442432403564453
TCAPPDLL 2025-11-27 00:20:38.812000 - Epoch: 0 Iteration: 96  rank : 0  train.loss : 7.089339256286621  train.ips : 106861.24840764332 imgs/s train.total_time : 0.00014972686767578125
TCAPPDLL 2025-11-27 00:20:39.393935 - Epoch: 0 Iteration: 97  rank : 0  train.loss : 7.065430164337158  train.ips : 80273.76076555024 imgs/s train.total_time : 0.00019931793212890625
TCAPPDLL 2025-11-27 00:20:39.465661 - Epoch: 0 Iteration: 98  rank : 0  train.loss : 7.1982645988464355  train.ips : 96006.95851216023 imgs/s train.total_time : 0.0001666545867919922
TCAPPDLL 2025-11-27 00:20:39.532693 - Epoch: 0 Iteration: 99  rank : 0  train.loss : 7.293710231781006  train.ips : 99864.38095238095 imgs/s train.total_time : 0.00016021728515625
TCAPPDLL 2025-11-27 00:20:39.597632 - Epoch: 0 Iteration: 100  rank : 0  train.loss : 7.008315563201904  train.ips : 104694.01560062403 imgs/s train.total_time : 0.00015282630920410156
TCAPPDLL 2025-11-27 00:20:40.227238 - Epoch: 0 Iteration: 101  rank : 0  train.loss : 6.772509574890137  train.ips : 70939.60253699789 imgs/s train.total_time : 0.00022554397583007812
TCAPPDLL 2025-11-27 00:20:40.296817 - Epoch: 0 Iteration: 102  rank : 0  train.loss : 7.22048282623291  train.ips : 98256.0234260615 imgs/s train.total_time : 0.0001628398895263672
TCAPPDLL 2025-11-27 00:20:40.360480 - Epoch: 0 Iteration: 103  rank : 0  train.loss : 7.354578971862793  train.ips : 109297.82410423453 imgs/s train.total_time : 0.00014638900756835938
TCAPPDLL 2025-11-27 00:20:40.418380 - Epoch: 0 Iteration: 104  rank : 0  train.loss : 7.241141319274902  train.ips : 108942.96103896105 imgs/s train.total_time : 0.0001468658447265625
TCAPPDLL 2025-11-27 00:20:40.887579 - Epoch: 0 Iteration: 105  rank : 0  train.loss : 6.962823390960693  train.ips : 91804.19151846785 imgs/s train.total_time : 0.0001742839813232422
TCAPPDLL 2025-11-27 00:20:40.946659 - Epoch: 0 Iteration: 106  rank : 0  train.loss : 7.235400676727295  train.ips : 83261.61786600496 imgs/s train.total_time : 0.00019216537475585938
TCAPPDLL 2025-11-27 00:20:41.002509 - Epoch: 0 Iteration: 107  rank : 0  train.loss : 7.063470840454102  train.ips : 117323.18881118881 imgs/s train.total_time : 0.00013637542724609375
TCAPPDLL 2025-11-27 00:20:41.057390 - Epoch: 0 Iteration: 108  rank : 0  train.loss : 6.95718240737915  train.ips : 101989.15501519757 imgs/s train.total_time : 0.00015687942504882812
TCAPPDLL 2025-11-27 00:20:41.993272 - Epoch: 0 Iteration: 109  rank : 0  train.loss : 7.100937843322754  train.ips : 70197.55648535564 imgs/s train.total_time : 0.00022792816162109375
TCAPPDLL 2025-11-27 00:20:42.074405 - Epoch: 0 Iteration: 110  rank : 0  train.loss : 7.0408501625061035  train.ips : 95733.04422253923 imgs/s train.total_time : 0.0001671314239501953
TCAPPDLL 2025-11-27 00:20:42.140042 - Epoch: 0 Iteration: 111  rank : 0  train.loss : 6.962490081787109  train.ips : 87267.70351105332 imgs/s train.total_time : 0.00018334388732910156
TCAPPDLL 2025-11-27 00:20:42.199458 - Epoch: 0 Iteration: 112  rank : 0  train.loss : 7.088131904602051  train.ips : 96838.18759018759 imgs/s train.total_time : 0.0001652240753173828
TCAPPDLL 2025-11-27 00:20:42.793615 - Epoch: 0 Iteration: 113  rank : 0  train.loss : 7.057629108428955  train.ips : 51033.35665399239 imgs/s train.total_time : 0.0003135204315185547
TCAPPDLL 2025-11-27 00:20:42.847724 - Epoch: 0 Iteration: 114  rank : 0  train.loss : 7.137581825256348  train.ips : 110740.699669967 imgs/s train.total_time : 0.00014448165893554688
TCAPPDLL 2025-11-27 00:20:42.899936 - Epoch: 0 Iteration: 115  rank : 0  train.loss : 7.0384321212768555  train.ips : 102456.28091603053 imgs/s train.total_time : 0.00015616416931152344
TCAPPDLL 2025-11-27 00:20:42.954247 - Epoch: 0 Iteration: 116  rank : 0  train.loss : 7.133401870727539  train.ips : 113936.95076400679 imgs/s train.total_time : 0.0001404285430908203
TCAPPDLL 2025-11-27 00:20:43.628174 - Epoch: 0 Iteration: 117  rank : 0  train.loss : 7.113393306732178  train.ips : 105021.69640062598 imgs/s train.total_time : 0.00015234947204589844
TCAPPDLL 2025-11-27 00:20:43.692058 - Epoch: 0 Iteration: 118  rank : 0  train.loss : 6.95548677444458  train.ips : 116105.30103806229 imgs/s train.total_time : 0.00013780593872070312
TCAPPDLL 2025-11-27 00:20:43.748709 - Epoch: 0 Iteration: 119  rank : 0  train.loss : 7.397782802581787  train.ips : 120699.39568345324 imgs/s train.total_time : 0.00013256072998046875
TCAPPDLL 2025-11-27 00:20:43.799742 - Epoch: 0 Iteration: 120  rank : 0  train.loss : 7.111350059509277  train.ips : 130561.99221789883 imgs/s train.total_time : 0.00012254714965820312
TCAPPDLL 2025-11-27 00:20:44.788332 - Epoch: 0 Iteration: 121  rank : 0  train.loss : 7.084789276123047  train.ips : 81740.39464068209 imgs/s train.total_time : 0.0001957416534423828
TCAPPDLL 2025-11-27 00:20:44.844366 - Epoch: 0 Iteration: 122  rank : 0  train.loss : 7.109042644500732  train.ips : 34450.135523613964 imgs/s train.total_time : 0.00046443939208984375
TCAPPDLL 2025-11-27 00:20:44.903840 - Epoch: 0 Iteration: 123  rank : 0  train.loss : 6.960982322692871  train.ips : 111107.39072847682 imgs/s train.total_time : 0.00014400482177734375
TCAPPDLL 2025-11-27 00:20:44.956051 - Epoch: 0 Iteration: 124  rank : 0  train.loss : 7.468635082244873  train.ips : 114325.15161839864 imgs/s train.total_time : 0.0001399517059326172
TCAPPDLL 2025-11-27 00:20:45.502457 - Epoch: 0 Iteration: 125  rank : 0  train.loss : 6.904135704040527  train.ips : 131328.50097847357 imgs/s train.total_time : 0.00012183189392089844
TCAPPDLL 2025-11-27 00:20:45.576873 - Epoch: 0 Iteration: 126  rank : 0  train.loss : 7.250546455383301  train.ips : 106522.00634920635 imgs/s train.total_time : 0.00015020370483398438
TCAPPDLL 2025-11-27 00:20:45.630329 - Epoch: 0 Iteration: 127  rank : 0  train.loss : 7.085354804992676  train.ips : 110376.42105263157 imgs/s train.total_time : 0.00014495849609375
TCAPPDLL 2025-11-27 00:20:45.681161 - Epoch: 0 Iteration: 128  rank : 0  train.loss : 7.134860038757324  train.ips : 133152.50793650793 imgs/s train.total_time : 0.0001201629638671875
TCAPPDLL 2025-11-27 00:20:46.374268 - Epoch: 0 Iteration: 129  rank : 0  train.loss : 7.128680229187012  train.ips : 122910.00732600733 imgs/s train.total_time : 0.00013017654418945312
TCAPPDLL 2025-11-27 00:20:46.425893 - Epoch: 0 Iteration: 130  rank : 0  train.loss : 6.868879795074463  train.ips : 128070.35114503816 imgs/s train.total_time : 0.00012493133544921875
TCAPPDLL 2025-11-27 00:20:46.482364 - Epoch: 0 Iteration: 131  rank : 0  train.loss : 7.013040542602539  train.ips : 95460.68847795164 imgs/s train.total_time : 0.00016760826110839844
TCAPPDLL 2025-11-27 00:20:46.541205 - Epoch: 0 Iteration: 132  rank : 0  train.loss : 7.049886703491211  train.ips : 94652.84062059238 imgs/s train.total_time : 0.0001690387725830078
TCAPPDLL 2025-11-27 00:20:47.156511 - Epoch: 0 Iteration: 133  rank : 0  train.loss : 7.146609306335449  train.ips : 107718.88282504013 imgs/s train.total_time : 0.00014853477478027344
TCAPPDLL 2025-11-27 00:20:47.208003 - Epoch: 0 Iteration: 134  rank : 0  train.loss : 7.1903076171875  train.ips : 122685.30895795247 imgs/s train.total_time : 0.0001304149627685547
TCAPPDLL 2025-11-27 00:20:47.260135 - Epoch: 0 Iteration: 135  rank : 0  train.loss : 6.988271236419678  train.ips : 126144.48120300751 imgs/s train.total_time : 0.00012683868408203125
TCAPPDLL 2025-11-27 00:20:47.310696 - Epoch: 0 Iteration: 136  rank : 0  train.loss : 6.79654598236084  train.ips : 130055.93798449612 imgs/s train.total_time : 0.00012302398681640625
TCAPPDLL 2025-11-27 00:20:48.132732 - Epoch: 0 Iteration: 137  rank : 0  train.loss : 7.162592887878418  train.ips : 114325.15161839864 imgs/s train.total_time : 0.0001399517059326172
TCAPPDLL 2025-11-27 00:20:48.188506 - Epoch: 0 Iteration: 138  rank : 0  train.loss : 6.880939483642578  train.ips : 137236.94069529654 imgs/s train.total_time : 0.00011658668518066406
TCAPPDLL 2025-11-27 00:20:48.245555 - Epoch: 0 Iteration: 139  rank : 0  train.loss : 7.181164741516113  train.ips : 118987.3475177305 imgs/s train.total_time : 0.00013446807861328125
TCAPPDLL 2025-11-27 00:20:48.300160 - Epoch: 0 Iteration: 140  rank : 0  train.loss : 7.06380558013916  train.ips : 126620.49811320755 imgs/s train.total_time : 0.00012636184692382812
TCAPPDLL 2025-11-27 00:20:49.030091 - Epoch: 0 Iteration: 141  rank : 0  train.loss : 7.160225868225098  train.ips : 120482.70017953322 imgs/s train.total_time : 0.0001327991485595703
TCAPPDLL 2025-11-27 00:20:49.083276 - Epoch: 0 Iteration: 142  rank : 0  train.loss : 7.276797771453857  train.ips : 101989.15501519757 imgs/s train.total_time : 0.00015687942504882812
TCAPPDLL 2025-11-27 00:20:49.137313 - Epoch: 0 Iteration: 143  rank : 0  train.loss : 7.1028523445129395  train.ips : 82443.32186732187 imgs/s train.total_time : 0.00019407272338867188
TCAPPDLL 2025-11-27 00:20:49.189742 - Epoch: 0 Iteration: 144  rank : 0  train.loss : 7.256018161773682  train.ips : 104206.3105590062 imgs/s train.total_time : 0.00015354156494140625
TCAPPDLL 2025-11-27 00:20:49.993540 - Epoch: 0 Iteration: 145  rank : 0  train.loss : 6.86245059967041  train.ips : 128807.80038387715 imgs/s train.total_time : 0.00012421607971191406
TCAPPDLL 2025-11-27 00:20:50.049269 - Epoch: 0 Iteration: 146  rank : 0  train.loss : 7.434545516967773  train.ips : 104206.3105590062 imgs/s train.total_time : 0.00015354156494140625
TCAPPDLL 2025-11-27 00:20:50.105577 - Epoch: 0 Iteration: 147  rank : 0  train.loss : 7.005988597869873  train.ips : 134486.7014028056 imgs/s train.total_time : 0.00011897087097167969
TCAPPDLL 2025-11-27 00:20:50.162245 - Epoch: 0 Iteration: 148  rank : 0  train.loss : 7.216449737548828  train.ips : 134486.7014028056 imgs/s train.total_time : 0.00011897087097167969
TCAPPDLL 2025-11-27 00:20:51.444386 - Epoch: 0 Iteration: 149  rank : 0  train.loss : 7.112540245056152  train.ips : 125203.10447761194 imgs/s train.total_time : 0.0001277923583984375
TCAPPDLL 2025-11-27 00:20:51.495967 - Epoch: 0 Iteration: 150  rank : 0  train.loss : 6.940673351287842  train.ips : 130561.99221789883 imgs/s train.total_time : 0.00012254714965820312
TCAPPDLL 2025-11-27 00:20:51.547130 - Epoch: 0 Iteration: 151  rank : 0  train.loss : 6.9153876304626465  train.ips : 112598.76510067114 imgs/s train.total_time : 0.00014209747314453125
TCAPPDLL 2025-11-27 00:20:51.604193 - Epoch: 0 Iteration: 152  rank : 0  train.loss : 7.19593620300293  train.ips : 103563.06172839506 imgs/s train.total_time : 0.0001544952392578125
TCAPPDLL 2025-11-27 00:20:52.342380 - Epoch: 0 Iteration: 153  rank : 0  train.loss : 7.174527645111084  train.ips : 123817.0922509225 imgs/s train.total_time : 0.00012922286987304688
TCAPPDLL 2025-11-27 00:20:52.403594 - Epoch: 0 Iteration: 154  rank : 0  train.loss : 7.041831016540527  train.ips : 114325.15161839864 imgs/s train.total_time : 0.0001399517059326172
TCAPPDLL 2025-11-27 00:20:52.459599 - Epoch: 0 Iteration: 155  rank : 0  train.loss : 7.308444976806641  train.ips : 128070.35114503816 imgs/s train.total_time : 0.00012493133544921875
TCAPPDLL 2025-11-27 00:20:52.518107 - Epoch: 0 Iteration: 156  rank : 0  train.loss : 6.899889945983887  train.ips : 126144.48120300751 imgs/s train.total_time : 0.00012683868408203125
TCAPPDLL 2025-11-27 00:20:53.193083 - Epoch: 0 Iteration: 157  rank : 0  train.loss : 6.995819568634033  train.ips : 74482.64594894562 imgs/s train.total_time : 0.0002148151397705078
TCAPPDLL 2025-11-27 00:20:53.256313 - Epoch: 0 Iteration: 158  rank : 0  train.loss : 7.10556697845459  train.ips : 102612.94189602447 imgs/s train.total_time : 0.00015592575073242188
TCAPPDLL 2025-11-27 00:20:53.311273 - Epoch: 0 Iteration: 159  rank : 0  train.loss : 7.363827228546143  train.ips : 119198.69271758437 imgs/s train.total_time : 0.0001342296600341797
TCAPPDLL 2025-11-27 00:20:53.371880 - Epoch: 0 Iteration: 160  rank : 0  train.loss : 7.16905403137207  train.ips : 107031.68102073365 imgs/s train.total_time : 0.0001494884490966797
TCAPPDLL 2025-11-27 00:20:54.315240 - Epoch: 0 Iteration: 161  rank : 0  train.loss : 7.083684921264648  train.ips : 91804.19151846785 imgs/s train.total_time : 0.0001742839813232422
TCAPPDLL 2025-11-27 00:20:54.378081 - Epoch: 0 Iteration: 162  rank : 0  train.loss : 7.164073944091797  train.ips : 109834.47463175123 imgs/s train.total_time : 0.0001456737518310547
TCAPPDLL 2025-11-27 00:20:54.436917 - Epoch: 0 Iteration: 163  rank : 0  train.loss : 7.469669342041016  train.ips : 117734.84912280702 imgs/s train.total_time : 0.00013589859008789062
TCAPPDLL 2025-11-27 00:20:54.503486 - Epoch: 0 Iteration: 164  rank : 0  train.loss : 6.978992462158203  train.ips : 126382.04143126176 imgs/s train.total_time : 0.0001266002655029297
TCAPPDLL 2025-11-27 00:20:55.178853 - Epoch: 0 Iteration: 165  rank : 0  train.loss : 6.964693546295166  train.ips : 69113.14521112255 imgs/s train.total_time : 0.0002315044403076172
TCAPPDLL 2025-11-27 00:20:55.242230 - Epoch: 0 Iteration: 166  rank : 0  train.loss : 7.2754106521606445  train.ips : 104368.3732503888 imgs/s train.total_time : 0.0001533031463623047
TCAPPDLL 2025-11-27 00:20:55.296512 - Epoch: 0 Iteration: 167  rank : 0  train.loss : 7.041116714477539  train.ips : 126144.48120300751 imgs/s train.total_time : 0.00012683868408203125
TCAPPDLL 2025-11-27 00:20:55.352210 - Epoch: 0 Iteration: 168  rank : 0  train.loss : 7.110875129699707  train.ips : 124737.66542750929 imgs/s train.total_time : 0.00012826919555664062
TCAPPDLL 2025-11-27 00:20:56.105443 - Epoch: 0 Iteration: 169  rank : 0  train.loss : 7.116534233093262  train.ips : 65987.08357915438 imgs/s train.total_time : 0.00024247169494628906
TCAPPDLL 2025-11-27 00:20:56.166725 - Epoch: 0 Iteration: 170  rank : 0  train.loss : 7.2657012939453125  train.ips : 93990.0056022409 imgs/s train.total_time : 0.00017023086547851562
TCAPPDLL 2025-11-27 00:20:56.221307 - Epoch: 0 Iteration: 171  rank : 0  train.loss : 7.002804756164551  train.ips : 97400.3831640058 imgs/s train.total_time : 0.00016427040100097656
TCAPPDLL 2025-11-27 00:20:56.272143 - Epoch: 0 Iteration: 172  rank : 0  train.loss : 7.018405914306641  train.ips : 100312.20328849029 imgs/s train.total_time : 0.0001595020294189453
TCAPPDLL 2025-11-27 00:20:57.179296 - Epoch: 0 Iteration: 173  rank : 0  train.loss : 7.006470203399658  train.ips : 79701.73871733967 imgs/s train.total_time : 0.00020074844360351562
TCAPPDLL 2025-11-27 00:20:57.235385 - Epoch: 0 Iteration: 174  rank : 0  train.loss : 7.153436660766602  train.ips : 125437.12897196262 imgs/s train.total_time : 0.00012755393981933594
TCAPPDLL 2025-11-27 00:20:57.289873 - Epoch: 0 Iteration: 175  rank : 0  train.loss : 6.730380058288574  train.ips : 124506.24118738405 imgs/s train.total_time : 0.0001285076141357422
TCAPPDLL 2025-11-27 00:20:57.345295 - Epoch: 0 Iteration: 176  rank : 0  train.loss : 7.169122219085693  train.ips : 112598.76510067114 imgs/s train.total_time : 0.00014209747314453125
TCAPPDLL 2025-11-27 00:20:57.966167 - Epoch: 0 Iteration: 177  rank : 0  train.loss : 7.181857109069824  train.ips : 109655.00653594772 imgs/s train.total_time : 0.00014591217041015625
TCAPPDLL 2025-11-27 00:20:58.019561 - Epoch: 0 Iteration: 178  rank : 0  train.loss : 7.271340370178223  train.ips : 96282.44476327117 imgs/s train.total_time : 0.00016617774963378906
TCAPPDLL 2025-11-27 00:20:58.072384 - Epoch: 0 Iteration: 179  rank : 0  train.loss : 7.113319396972656  train.ips : 93466.3844011142 imgs/s train.total_time : 0.00017118453979492188
TCAPPDLL 2025-11-27 00:20:58.124338 - Epoch: 0 Iteration: 180  rank : 0  train.loss : 7.107998847961426  train.ips : 136400.13008130083 imgs/s train.total_time : 0.00011730194091796875
TCAPPDLL 2025-11-27 00:20:58.714461 - Epoch: 0 Iteration: 181  rank : 0  train.loss : 7.164921760559082  train.ips : 115505.79001721171 imgs/s train.total_time : 0.0001385211944580078
TCAPPDLL 2025-11-27 00:20:58.780747 - Epoch: 0 Iteration: 182  rank : 0  train.loss : 7.004166603088379  train.ips : 63852.3920076118 imgs/s train.total_time : 0.0002505779266357422
TCAPPDLL 2025-11-27 00:20:58.837722 - Epoch: 0 Iteration: 183  rank : 0  train.loss : 6.936269760131836  train.ips : 121135.13357400722 imgs/s train.total_time : 0.00013208389282226562
TCAPPDLL 2025-11-27 00:20:58.890963 - Epoch: 0 Iteration: 184  rank : 0  train.loss : 6.968094825744629  train.ips : 118987.3475177305 imgs/s train.total_time : 0.00013446807861328125
TCAPPDLL 2025-11-27 00:20:59.892936 - Epoch: 0 Iteration: 185  rank : 0  train.loss : 6.941400527954102  train.ips : 82342.16441717792 imgs/s train.total_time : 0.00019431114196777344
TCAPPDLL 2025-11-27 00:20:59.954144 - Epoch: 0 Iteration: 186  rank : 0  train.loss : 7.107656955718994  train.ips : 72471.77537796977 imgs/s train.total_time : 0.00022077560424804688
TCAPPDLL 2025-11-27 00:21:00.012084 - Epoch: 0 Iteration: 187  rank : 0  train.loss : 6.990442276000977  train.ips : 108414.96607431342 imgs/s train.total_time : 0.0001475811004638672
TCAPPDLL 2025-11-27 00:21:00.071246 - Epoch: 0 Iteration: 188  rank : 0  train.loss : 6.935805797576904  train.ips : 115307.3264604811 imgs/s train.total_time : 0.00013875961303710938
TCAPPDLL 2025-11-27 00:21:01.324500 - Epoch: 0 Iteration: 189  rank : 0  train.loss : 7.168432235717773  train.ips : 97259.2231884058 imgs/s train.total_time : 0.00016450881958007812
TCAPPDLL 2025-11-27 00:21:01.378087 - Epoch: 0 Iteration: 190  rank : 0  train.loss : 7.273983001708984  train.ips : 120699.39568345324 imgs/s train.total_time : 0.00013256072998046875
TCAPPDLL 2025-11-27 00:21:01.431907 - Epoch: 0 Iteration: 191  rank : 0  train.loss : 7.010968208312988  train.ips : 125672.02996254682 imgs/s train.total_time : 0.00012731552124023438
TCAPPDLL 2025-11-27 00:21:01.488983 - Epoch: 0 Iteration: 192  rank : 0  train.loss : 7.156852722167969  train.ips : 103085.81259600614 imgs/s train.total_time : 0.0001552104949951172
TCAPPDLL 2025-11-27 00:21:02.059609 - Epoch: 0 Iteration: 193  rank : 0  train.loss : 7.118983268737793  train.ips : 98400.09384164223 imgs/s train.total_time : 0.00016260147094726562
TCAPPDLL 2025-11-27 00:21:02.123076 - Epoch: 0 Iteration: 194  rank : 0  train.loss : 6.937099933624268  train.ips : 114130.72108843537 imgs/s train.total_time : 0.00014019012451171875
TCAPPDLL 2025-11-27 00:21:02.178080 - Epoch: 0 Iteration: 195  rank : 0  train.loss : 6.947967529296875  train.ips : 113168.40472175379 imgs/s train.total_time : 0.00014138221740722656
TCAPPDLL 2025-11-27 00:21:02.234396 - Epoch: 0 Iteration: 196  rank : 0  train.loss : 7.165158271789551  train.ips : 125437.12897196262 imgs/s train.total_time : 0.00012755393981933594
TCAPPDLL 2025-11-27 00:21:03.288099 - Epoch: 0 Iteration: 197  rank : 0  train.loss : 7.0019330978393555  train.ips : 76346.83048919226 imgs/s train.total_time : 0.00020956993103027344
TCAPPDLL 2025-11-27 00:21:03.361983 - Epoch: 0 Iteration: 198  rank : 0  train.loss : 7.139629364013672  train.ips : 97683.93595342067 imgs/s train.total_time : 0.00016379356384277344
TCAPPDLL 2025-11-27 00:21:03.428951 - Epoch: 0 Iteration: 199  rank : 0  train.loss : 7.197492599487305  train.ips : 110740.699669967 imgs/s train.total_time : 0.00014448165893554688
TCAPPDLL 2025-11-27 00:21:03.493682 - Epoch: 0 Iteration: 200  rank : 0  train.loss : 7.038403034210205  train.ips : 103085.81259600614 imgs/s train.total_time : 0.0001552104949951172
TCAPPDLL 2025-11-27 00:21:03.922191 - Epoch: 0 Iteration: 201  rank : 0  train.loss : 6.944207191467285  train.ips : 124045.95933456562 imgs/s train.total_time : 0.0001289844512939453
TCAPPDLL 2025-11-27 00:21:03.978230 - Epoch: 0 Iteration: 202  rank : 0  train.loss : 7.084003925323486  train.ips : 105186.30721003134 imgs/s train.total_time : 0.00015211105346679688
TCAPPDLL 2025-11-27 00:21:04.030096 - Epoch: 0 Iteration: 203  rank : 0  train.loss : 7.314863204956055  train.ips : 124969.95158286778 imgs/s train.total_time : 0.00012803077697753906
TCAPPDLL 2025-11-27 00:21:04.127151 - Epoch: 0 Iteration: 204  rank : 0  train.loss : 6.971076965332031  train.ips : 138084.08230452676 imgs/s train.total_time : 0.00011587142944335938
TCAPPDLL 2025-11-27 00:21:04.656480 - Epoch: 0 Iteration: 205  rank : 0  train.loss : 6.95187520980835  train.ips : 77492.91454965358 imgs/s train.total_time : 0.00020647048950195312
TCAPPDLL 2025-11-27 00:21:04.802647 - Epoch: 0 Iteration: 206  rank : 0  train.loss : 7.225788116455078  train.ips : 123589.06813996317 imgs/s train.total_time : 0.00012946128845214844
TCAPPDLL 2025-11-27 00:21:04.854723 - Epoch: 0 Iteration: 207  rank : 0  train.loss : 7.117494106292725  train.ips : 107718.88282504013 imgs/s train.total_time : 0.00014853477478027344
TCAPPDLL 2025-11-27 00:21:04.917948 - Epoch: 0 Iteration: 208  rank : 0  train.loss : 6.927799224853516  train.ips : 116711.06782608696 imgs/s train.total_time : 0.00013709068298339844
TCAPPDLL 2025-11-27 00:21:05.715547 - Epoch: 0 Iteration: 209  rank : 0  train.loss : 7.005249977111816  train.ips : 65664.25048923679 imgs/s train.total_time : 0.00024366378784179688
TCAPPDLL 2025-11-27 00:21:05.804963 - Epoch: 0 Iteration: 210  rank : 0  train.loss : 6.961681365966797  train.ips : 98112.37426900584 imgs/s train.total_time : 0.00016307830810546875
TCAPPDLL 2025-11-27 00:21:05.860035 - Epoch: 0 Iteration: 211  rank : 0  train.loss : 7.20836877822876  train.ips : 116711.06782608696 imgs/s train.total_time : 0.00013709068298339844
TCAPPDLL 2025-11-27 00:21:05.912290 - Epoch: 0 Iteration: 212  rank : 0  train.loss : 6.883115768432617  train.ips : 117118.43630017452 imgs/s train.total_time : 0.0001366138458251953
TCAPPDLL 2025-11-27 00:21:06.475554 - Epoch: 0 Iteration: 213  rank : 0  train.loss : 7.355226516723633  train.ips : 81245.598062954 imgs/s train.total_time : 0.00019693374633789062
TCAPPDLL 2025-11-27 00:21:06.558653 - Epoch: 0 Iteration: 214  rank : 0  train.loss : 7.049663543701172  train.ips : 93466.3844011142 imgs/s train.total_time : 0.00017118453979492188
TCAPPDLL 2025-11-27 00:21:06.622120 - Epoch: 0 Iteration: 215  rank : 0  train.loss : 6.821767807006836  train.ips : 118566.89752650177 imgs/s train.total_time : 0.00013494491577148438
TCAPPDLL 2025-11-27 00:21:06.680293 - Epoch: 0 Iteration: 216  rank : 0  train.loss : 7.020612716674805  train.ips : 109297.82410423453 imgs/s train.total_time : 0.00014638900756835938
TCAPPDLL 2025-11-27 00:21:07.208196 - Epoch: 0 Iteration: 217  rank : 0  train.loss : 7.097015380859375  train.ips : 107374.1824 imgs/s train.total_time : 0.00014901161193847656
TCAPPDLL 2025-11-27 00:21:07.524677 - Epoch: 0 Iteration: 218  rank : 0  train.loss : 7.355910301208496  train.ips : 86258.17994858611 imgs/s train.total_time : 0.00018548965454101562
TCAPPDLL 2025-11-27 00:21:07.598287 - Epoch: 0 Iteration: 219  rank : 0  train.loss : 6.844186782836914  train.ips : 101680.09696969697 imgs/s train.total_time : 0.00015735626220703125
TCAPPDLL 2025-11-27 00:21:07.667555 - Epoch: 0 Iteration: 220  rank : 0  train.loss : 7.04250431060791  train.ips : 93990.0056022409 imgs/s train.total_time : 0.00017023086547851562
TCAPPDLL 2025-11-27 00:21:07.995937 - Epoch: 0 Iteration: 221  rank : 0  train.loss : 7.063798904418945  train.ips : 123361.88235294117 imgs/s train.total_time : 0.00012969970703125
TCAPPDLL 2025-11-27 00:21:08.176774 - Epoch: 0 Iteration: 222  rank : 0  train.loss : 7.277670860290527  train.ips : 80177.85424133811 imgs/s train.total_time : 0.0001995563507080078
TCAPPDLL 2025-11-27 00:21:08.234846 - Epoch: 0 Iteration: 223  rank : 0  train.loss : 7.0502777099609375  train.ips : 126859.85633270322 imgs/s train.total_time : 0.00012612342834472656
TCAPPDLL 2025-11-27 00:21:08.291054 - Epoch: 0 Iteration: 224  rank : 0  train.loss : 7.0187273025512695  train.ips : 120699.39568345324 imgs/s train.total_time : 0.00013256072998046875
TCAPPDLL 2025-11-27 00:21:08.972640 - Epoch: 0 Iteration: 225  rank : 0  train.loss : 7.273047924041748  train.ips : 64589.85948026949 imgs/s train.total_time : 0.00024771690368652344
TCAPPDLL 2025-11-27 00:21:09.030641 - Epoch: 0 Iteration: 226  rank : 0  train.loss : 6.894115447998047  train.ips : 91056.80325644504 imgs/s train.total_time : 0.00017571449279785156
TCAPPDLL 2025-11-27 00:21:09.083531 - Epoch: 0 Iteration: 227  rank : 0  train.loss : 7.12608528137207  train.ips : 92436.45179063361 imgs/s train.total_time : 0.00017309188842773438
TCAPPDLL 2025-11-27 00:21:09.135207 - Epoch: 0 Iteration: 228  rank : 0  train.loss : 7.234845161437988  train.ips : 116306.52339688041 imgs/s train.total_time : 0.00013756752014160156
TCAPPDLL 2025-11-27 00:21:09.830793 - Epoch: 0 Iteration: 229  rank : 0  train.loss : 6.901498794555664  train.ips : 108240.10322580645 imgs/s train.total_time : 0.00014781951904296875
TCAPPDLL 2025-11-27 00:21:09.891509 - Epoch: 0 Iteration: 230  rank : 0  train.loss : 7.105484962463379  train.ips : 90443.2129380054 imgs/s train.total_time : 0.00017690658569335938
TCAPPDLL 2025-11-27 00:21:09.957508 - Epoch: 0 Iteration: 231  rank : 0  train.loss : 7.057183265686035  train.ips : 119837.25714285714 imgs/s train.total_time : 0.000133514404296875
TCAPPDLL 2025-11-27 00:21:10.016929 - Epoch: 0 Iteration: 232  rank : 0  train.loss : 7.141501426696777  train.ips : 101526.26928895613 imgs/s train.total_time : 0.0001575946807861328
TCAPPDLL 2025-11-27 00:21:10.657668 - Epoch: 0 Iteration: 233  rank : 0  train.loss : 7.307088851928711  train.ips : 117734.84912280702 imgs/s train.total_time : 0.00013589859008789062
TCAPPDLL 2025-11-27 00:21:10.721567 - Epoch: 0 Iteration: 234  rank : 0  train.loss : 7.094834327697754  train.ips : 116914.39721254355 imgs/s train.total_time : 0.00013685226440429688
TCAPPDLL 2025-11-27 00:21:10.779700 - Epoch: 0 Iteration: 235  rank : 0  train.loss : 7.321621417999268  train.ips : 122910.00732600733 imgs/s train.total_time : 0.00013017654418945312
TCAPPDLL 2025-11-27 00:21:10.837827 - Epoch: 0 Iteration: 236  rank : 0  train.loss : 7.198315620422363  train.ips : 111662.00332778702 imgs/s train.total_time : 0.00014328956604003906
TCAPPDLL 2025-11-27 00:21:11.855466 - Epoch: 0 Iteration: 237  rank : 0  train.loss : 7.029571056365967  train.ips : 75488.03599550057 imgs/s train.total_time : 0.00021195411682128906
TCAPPDLL 2025-11-27 00:21:11.931547 - Epoch: 0 Iteration: 238  rank : 0  train.loss : 7.130410194396973  train.ips : 79701.73871733967 imgs/s train.total_time : 0.00020074844360351562
TCAPPDLL 2025-11-27 00:21:11.996427 - Epoch: 0 Iteration: 239  rank : 0  train.loss : 7.295026779174805  train.ips : 100013.21013412817 imgs/s train.total_time : 0.00015997886657714844
TCAPPDLL 2025-11-27 00:21:12.060368 - Epoch: 0 Iteration: 240  rank : 0  train.loss : 7.003365993499756  train.ips : 109834.47463175123 imgs/s train.total_time : 0.0001456737518310547
TCAPPDLL 2025-11-27 00:21:12.670055 - Epoch: 0 Iteration: 241  rank : 0  train.loss : 7.228299617767334  train.ips : 117734.84912280702 imgs/s train.total_time : 0.00013589859008789062
TCAPPDLL 2025-11-27 00:21:12.726990 - Epoch: 0 Iteration: 242  rank : 0  train.loss : 7.120387077331543  train.ips : 112410.15745393635 imgs/s train.total_time : 0.0001423358917236328
TCAPPDLL 2025-11-27 00:21:12.788136 - Epoch: 0 Iteration: 243  rank : 0  train.loss : 7.005607604980469  train.ips : 120916.87207207207 imgs/s train.total_time : 0.0001323223114013672
TCAPPDLL 2025-11-27 00:21:12.838878 - Epoch: 0 Iteration: 244  rank : 0  train.loss : 7.190859317779541  train.ips : 120916.87207207207 imgs/s train.total_time : 0.0001323223114013672
TCAPPDLL 2025-11-27 00:21:13.347648 - Epoch: 0 Iteration: 245  rank : 0  train.loss : 7.267946243286133  train.ips : 77225.39010356732 imgs/s train.total_time : 0.0002071857452392578
TCAPPDLL 2025-11-27 00:21:13.412889 - Epoch: 0 Iteration: 246  rank : 0  train.loss : 6.865416526794434  train.ips : 93727.46368715084 imgs/s train.total_time : 0.00017070770263671875
TCAPPDLL 2025-11-27 00:21:13.467959 - Epoch: 0 Iteration: 247  rank : 0  train.loss : 7.300046920776367  train.ips : 128070.35114503816 imgs/s train.total_time : 0.00012493133544921875
TCAPPDLL 2025-11-27 00:21:13.522069 - Epoch: 0 Iteration: 248  rank : 0  train.loss : 7.216833114624023  train.ips : 106017.16271721959 imgs/s train.total_time : 0.00015091896057128906
TCAPPDLL 2025-11-27 00:21:14.052549 - Epoch: 0 Iteration: 249  rank : 0  train.loss : 7.004344940185547  train.ips : 100013.21013412817 imgs/s train.total_time : 0.00015997886657714844
TCAPPDLL 2025-11-27 00:21:14.111471 - Epoch: 0 Iteration: 250  rank : 0  train.loss : 7.051358699798584  train.ips : 89837.83668005354 imgs/s train.total_time : 0.0001780986785888672
TCAPPDLL 2025-11-27 00:21:14.166623 - Epoch: 0 Iteration: 251  rank : 0  train.loss : 6.996665954589844  train.ips : 125672.02996254682 imgs/s train.total_time : 0.00012731552124023438
TCAPPDLL 2025-11-27 00:21:14.220617 - Epoch: 0 Iteration: 252  rank : 0  train.loss : 7.235202789306641  train.ips : 95055.04815864023 imgs/s train.total_time : 0.00016832351684570312
TCAPPDLL 2025-11-27 00:21:15.082736 - Epoch: 0 Iteration: 253  rank : 0  train.loss : 7.021660804748535  train.ips : 63191.02071563088 imgs/s train.total_time : 0.0002532005310058594
TCAPPDLL 2025-11-27 00:21:15.158531 - Epoch: 0 Iteration: 254  rank : 0  train.loss : 7.04273796081543  train.ips : 65728.56415279138 imgs/s train.total_time : 0.0002434253692626953
TCAPPDLL 2025-11-27 00:21:15.252581 - Epoch: 0 Iteration: 255  rank : 0  train.loss : 7.225540637969971  train.ips : 37786.52252252252 imgs/s train.total_time : 0.000423431396484375
TCAPPDLL 2025-11-27 00:21:15.327507 - Epoch: 0 Iteration: 256  rank : 0  train.loss : 7.168704032897949  train.ips : 79231.24439197166 imgs/s train.total_time : 0.00020194053649902344
TCAPPDLL 2025-11-27 00:21:16.140937 - Epoch: 0 Iteration: 257  rank : 0  train.loss : 7.188169002532959  train.ips : 94519.52676056339 imgs/s train.total_time : 0.00016927719116210938
TCAPPDLL 2025-11-27 00:21:16.243204 - Epoch: 0 Iteration: 258  rank : 0  train.loss : 7.012292861938477  train.ips : 64035.17557251908 imgs/s train.total_time : 0.0002498626708984375
TCAPPDLL 2025-11-27 00:21:16.299761 - Epoch: 0 Iteration: 259  rank : 0  train.loss : 6.96422004699707  train.ips : 102927.7055214724 imgs/s train.total_time : 0.00015544891357421875
TCAPPDLL 2025-11-27 00:21:16.354340 - Epoch: 0 Iteration: 260  rank : 0  train.loss : 6.8411054611206055  train.ips : 114130.72108843537 imgs/s train.total_time : 0.00014019012451171875
TCAPPDLL 2025-11-27 00:21:16.887929 - Epoch: 0 Iteration: 261  rank : 0  train.loss : 7.3886613845825195  train.ips : 101372.90634441088 imgs/s train.total_time : 0.00015783309936523438
TCAPPDLL 2025-11-27 00:21:16.961468 - Epoch: 0 Iteration: 262  rank : 0  train.loss : 7.111119270324707  train.ips : 69977.96037539103 imgs/s train.total_time : 0.00022864341735839844
TCAPPDLL 2025-11-27 00:21:17.021242 - Epoch: 0 Iteration: 263  rank : 0  train.loss : 7.086302280426025  train.ips : 73183.05779716467 imgs/s train.total_time : 0.0002186298370361328
TCAPPDLL 2025-11-27 00:21:17.081606 - Epoch: 0 Iteration: 264  rank : 0  train.loss : 7.090176105499268  train.ips : 103563.06172839506 imgs/s train.total_time : 0.0001544952392578125
TCAPPDLL 2025-11-27 00:21:17.825892 - Epoch: 0 Iteration: 265  rank : 0  train.loss : 7.1857991218566895  train.ips : 98112.37426900584 imgs/s train.total_time : 0.00016307830810546875
TCAPPDLL 2025-11-27 00:21:17.879534 - Epoch: 0 Iteration: 266  rank : 0  train.loss : 7.083186149597168  train.ips : 92309.30398899587 imgs/s train.total_time : 0.00017333030700683594
TCAPPDLL 2025-11-27 00:21:17.937025 - Epoch: 0 Iteration: 267  rank : 0  train.loss : 7.177995681762695  train.ips : 64965.01839303001 imgs/s train.total_time : 0.00024628639221191406
TCAPPDLL 2025-11-27 00:21:18.455828 - Epoch: 0 Iteration: 268  rank : 0  train.loss : 7.207248687744141  train.ips : 68900.27104722793 imgs/s train.total_time : 0.00023221969604492188
TCAPPDLL 2025-11-27 00:21:18.698775 - Epoch: 0 Iteration: 269  rank : 0  train.loss : 6.9593000411987305  train.ips : 75403.2179775281 imgs/s train.total_time : 0.00021219253540039062
TCAPPDLL 2025-11-27 00:21:18.763324 - Epoch: 0 Iteration: 270  rank : 0  train.loss : 7.170231342315674  train.ips : 79512.8720379147 imgs/s train.total_time : 0.00020122528076171875
TCAPPDLL 2025-11-27 00:21:18.830153 - Epoch: 0 Iteration: 271  rank : 0  train.loss : 7.0413618087768555  train.ips : 92436.45179063361 imgs/s train.total_time : 0.00017309188842773438
TCAPPDLL 2025-11-27 00:21:19.334162 - Epoch: 0 Iteration: 272  rank : 0  train.loss : 6.861783504486084  train.ips : 93990.0056022409 imgs/s train.total_time : 0.00017023086547851562
TCAPPDLL 2025-11-27 00:21:19.493969 - Epoch: 0 Iteration: 273  rank : 0  train.loss : 7.052679538726807  train.ips : 51306.47094801223 imgs/s train.total_time : 0.00031185150146484375
TCAPPDLL 2025-11-27 00:21:19.562423 - Epoch: 0 Iteration: 274  rank : 0  train.loss : 7.2091522216796875  train.ips : 97118.47178002894 imgs/s train.total_time : 0.0001647472381591797
TCAPPDLL 2025-11-27 00:21:19.625810 - Epoch: 0 Iteration: 275  rank : 0  train.loss : 6.884326457977295  train.ips : 101372.90634441088 imgs/s train.total_time : 0.00015783309936523438
TCAPPDLL 2025-11-27 00:21:20.373332 - Epoch: 0 Iteration: 276  rank : 0  train.loss : 7.173261642456055  train.ips : 106353.19175911252 imgs/s train.total_time : 0.00015044212341308594
TCAPPDLL 2025-11-27 00:21:20.425939 - Epoch: 0 Iteration: 277  rank : 0  train.loss : 7.299707889556885  train.ips : 125907.81238273921 imgs/s train.total_time : 0.0001270771026611328
TCAPPDLL 2025-11-27 00:21:20.483612 - Epoch: 0 Iteration: 278  rank : 0  train.loss : 7.193386077880859  train.ips : 105351.43485086343 imgs/s train.total_time : 0.0001518726348876953
TCAPPDLL 2025-11-27 00:21:20.535789 - Epoch: 0 Iteration: 279  rank : 0  train.loss : 7.298506736755371  train.ips : 99715.99405646359 imgs/s train.total_time : 0.00016045570373535156
TCAPPDLL 2025-11-27 00:21:21.595767 - Epoch: 0 Iteration: 280  rank : 0  train.loss : 6.7944865226745605  train.ips : 71316.5398512221 imgs/s train.total_time : 0.0002243518829345703
TCAPPDLL 2025-11-27 00:21:21.662187 - Epoch: 0 Iteration: 281  rank : 0  train.loss : 7.010455131530762  train.ips : 109120.10406504065 imgs/s train.total_time : 0.00014662742614746094
TCAPPDLL 2025-11-27 00:21:21.719028 - Epoch: 0 Iteration: 282  rank : 0  train.loss : 6.998274803161621  train.ips : 112788.00672268908 imgs/s train.total_time : 0.0001418590545654297
TCAPPDLL 2025-11-27 00:21:21.772592 - Epoch: 0 Iteration: 283  rank : 0  train.loss : 7.025707721710205  train.ips : 131072.0 imgs/s train.total_time : 0.0001220703125
TCAPPDLL 2025-11-27 00:21:22.560336 - Epoch: 0 Iteration: 284  rank : 0  train.loss : 7.063745975494385  train.ips : 62137.83703703704 imgs/s train.total_time : 0.0002574920654296875
TCAPPDLL 2025-11-27 00:21:22.629471 - Epoch: 0 Iteration: 285  rank : 0  train.loss : 7.003805160522461  train.ips : 105849.94321766561 imgs/s train.total_time : 0.00015115737915039062
TCAPPDLL 2025-11-27 00:21:22.688028 - Epoch: 0 Iteration: 286  rank : 0  train.loss : 7.244787216186523  train.ips : 119198.69271758437 imgs/s train.total_time : 0.0001342296600341797
TCAPPDLL 2025-11-27 00:21:22.741465 - Epoch: 0 Iteration: 287  rank : 0  train.loss : 6.995482444763184  train.ips : 122685.30895795247 imgs/s train.total_time : 0.0001304149627685547
TCAPPDLL 2025-11-27 00:21:23.668648 - Epoch: 0 Iteration: 288  rank : 0  train.loss : 6.881689071655273  train.ips : 55924.05333333334 imgs/s train.total_time : 0.000286102294921875
TCAPPDLL 2025-11-27 00:21:23.726854 - Epoch: 0 Iteration: 289  rank : 0  train.loss : 7.194379806518555  train.ips : 112034.83138564274 imgs/s train.total_time : 0.00014281272888183594
TCAPPDLL 2025-11-27 00:21:23.779318 - Epoch: 0 Iteration: 290  rank : 0  train.loss : 7.263899803161621  train.ips : 133682.99601593625 imgs/s train.total_time : 0.00011968612670898438
TCAPPDLL 2025-11-27 00:21:23.836491 - Epoch: 0 Iteration: 291  rank : 0  train.loss : 7.2618536949157715  train.ips : 119623.64349376113 imgs/s train.total_time : 0.00013375282287597656
TCAPPDLL 2025-11-27 00:21:24.789523 - Epoch: 0 Iteration: 292  rank : 0  train.loss : 7.043004035949707  train.ips : 104044.7503875969 imgs/s train.total_time : 0.0001537799835205078
TCAPPDLL 2025-11-27 00:21:24.844617 - Epoch: 0 Iteration: 293  rank : 0  train.loss : 7.1123151779174805  train.ips : 117528.6584938704 imgs/s train.total_time : 0.0001361370086669922
TCAPPDLL 2025-11-27 00:21:24.899963 - Epoch: 0 Iteration: 294  rank : 0  train.loss : 7.332362174987793  train.ips : 116508.44444444444 imgs/s train.total_time : 0.0001373291015625
TCAPPDLL 2025-11-27 00:21:24.954660 - Epoch: 0 Iteration: 295  rank : 0  train.loss : 7.166275501251221  train.ips : 128315.2275334608 imgs/s train.total_time : 0.0001246929168701172
TCAPPDLL 2025-11-27 00:21:25.924454 - Epoch: 0 Iteration: 296  rank : 0  train.loss : 7.043542861938477  train.ips : 99715.99405646359 imgs/s train.total_time : 0.00016045570373535156
TCAPPDLL 2025-11-27 00:21:25.978536 - Epoch: 0 Iteration: 297  rank : 0  train.loss : 6.879792213439941  train.ips : 106184.91139240506 imgs/s train.total_time : 0.0001506805419921875
TCAPPDLL 2025-11-27 00:21:26.031052 - Epoch: 0 Iteration: 298  rank : 0  train.loss : 6.801924705505371  train.ips : 122910.00732600733 imgs/s train.total_time : 0.00013017654418945312
TCAPPDLL 2025-11-27 00:21:26.082505 - Epoch: 0 Iteration: 299  rank : 0  train.loss : 7.12858772277832  train.ips : 123361.88235294117 imgs/s train.total_time : 0.00012969970703125
TCAPPDLL 2025-11-27 00:21:27.328799 - Epoch: 0 Iteration: 300  rank : 0  train.loss : 7.045439720153809  train.ips : 112788.00672268908 imgs/s train.total_time : 0.0001418590545654297
TCAPPDLL 2025-11-27 00:21:27.380495 - Epoch: 0 Iteration: 301  rank : 0  train.loss : 7.114706993103027  train.ips : 129553.79150579151 imgs/s train.total_time : 0.00012350082397460938
TCAPPDLL 2025-11-27 00:21:27.431520 - Epoch: 0 Iteration: 302  rank : 0  train.loss : 7.225090980529785  train.ips : 122461.4306569343 imgs/s train.total_time : 0.00013065338134765625
